Java HotSpot(TM) 64-Bit Server VM (25.131-b11) for bsd-amd64 JRE (1.8.0_131-b11), built on Mar 15 2017 01:32:22 by "java_re" with gcc 4.2.1 (Based on Apple Inc. build 5658) (LLVM build 2336.11.00)
Memory: 4k page, physical 16777216k(1186520k free)

/proc/meminfo:

CommandLine flags: -XX:CMSInitiatingOccupancyFraction=50 -XX:CMSMaxAbortablePrecleanTime=6000 -XX:+CMSParallelRemarkEnabled -XX:+CMSScavengeBeforeRemark -XX:ConcGCThreads=4 -XX:GCLogFileSize=20971520 -XX:InitialHeapSize=536870912 -XX:MaxHeapSize=536870912 -XX:MaxTenuringThreshold=8 -XX:NewRatio=3 -XX:NumberOfGCLogFiles=9 -XX:OldPLABSize=16 -XX:-OmitStackTraceInFastThrow -XX:OnOutOfMemoryError=/Users/johannes.braun/dev/solr-6.3.0/bin/oom_solr.sh 8983 /Users/johannes.braun/dev/solr-6.3.0/server/logs -XX:ParallelGCThreads=4 -XX:+ParallelRefProcEnabled -XX:PretenureSizeThreshold=67108864 -XX:+PrintGC -XX:+PrintGCApplicationStoppedTime -XX:+PrintGCDateStamps -XX:+PrintGCDetails -XX:+PrintGCTimeStamps -XX:+PrintHeapAtGC -XX:+PrintTenuringDistribution -XX:SurvivorRatio=4 -XX:TargetSurvivorRatio=90 -XX:ThreadStackSize=256 -XX:+UseCMSInitiatingOccupancyOnly -XX:+UseCompressedClassPointers -XX:+UseCompressedOops -XX:+UseConcMarkSweepGC -XX:+UseGCLogFileRotation -XX:+UseParNewGC 
2017-06-08T16:38:43.894-0100: 0.133: Total time for which application threads were stopped: 0.0000618 seconds, Stopping threads took: 0.0000082 seconds
2017-06-08T16:38:43.958-0100: 0.197: Total time for which application threads were stopped: 0.0000798 seconds, Stopping threads took: 0.0000086 seconds
2017-06-08T16:38:44.288-0100: 0.527: Total time for which application threads were stopped: 0.0001813 seconds, Stopping threads took: 0.0000123 seconds
2017-06-08T16:38:44.339-0100: 0.578: Total time for which application threads were stopped: 0.0001581 seconds, Stopping threads took: 0.0000115 seconds
2017-06-08T16:38:44.353-0100: 0.591: Total time for which application threads were stopped: 0.0001276 seconds, Stopping threads took: 0.0000108 seconds
2017-06-08T16:38:44.469-0100: 0.708: Total time for which application threads were stopped: 0.0001617 seconds, Stopping threads took: 0.0000103 seconds
2017-06-08T16:38:44.830-0100: 1.069: Total time for which application threads were stopped: 0.0002783 seconds, Stopping threads took: 0.0000151 seconds
2017-06-08T16:38:44.833-0100: 1.072: Total time for which application threads were stopped: 0.0001896 seconds, Stopping threads took: 0.0000122 seconds
2017-06-08T16:38:44.837-0100: 1.076: Total time for which application threads were stopped: 0.0001769 seconds, Stopping threads took: 0.0000095 seconds
2017-06-08T16:38:44.856-0100: 1.095: Total time for which application threads were stopped: 0.0001807 seconds, Stopping threads took: 0.0000098 seconds
2017-06-08T16:38:44.929-0100: 1.168: Total time for which application threads were stopped: 0.0001985 seconds, Stopping threads took: 0.0000105 seconds
2017-06-08T16:38:45.270-0100: 1.509: Total time for which application threads were stopped: 0.0004452 seconds, Stopping threads took: 0.0002331 seconds
{Heap before GC invocations=0 (full 0):
 par new generation   total 109248K, used 87424K [0x00000007a0000000, 0x00000007a8000000, 0x00000007a8000000)
  eden space 87424K, 100% used [0x00000007a0000000, 0x00000007a5560000, 0x00000007a5560000)
  from space 21824K,   0% used [0x00000007a5560000, 0x00000007a5560000, 0x00000007a6ab0000)
  to   space 21824K,   0% used [0x00000007a6ab0000, 0x00000007a6ab0000, 0x00000007a8000000)
 concurrent mark-sweep generation total 393216K, used 0K [0x00000007a8000000, 0x00000007c0000000, 0x00000007c0000000)
 Metaspace       used 19044K, capacity 19392K, committed 19584K, reserved 1067008K
  class space    used 2201K, capacity 2334K, committed 2432K, reserved 1048576K
2017-06-08T16:38:45.295-0100: 1.534: [GC (Allocation Failure) 2017-06-08T16:38:45.295-0100: 1.534: [ParNew
Desired survivor size 20112992 bytes, new threshold 8 (max 8)
- age   1:   11683096 bytes,   11683096 total
: 87424K->11516K(109248K), 0.0095314 secs] 87424K->11516K(502464K), 0.0096158 secs] [Times: user=0.03 sys=0.01, real=0.01 secs] 
Heap after GC invocations=1 (full 0):
 par new generation   total 109248K, used 11516K [0x00000007a0000000, 0x00000007a8000000, 0x00000007a8000000)
  eden space 87424K,   0% used [0x00000007a0000000, 0x00000007a0000000, 0x00000007a5560000)
  from space 21824K,  52% used [0x00000007a6ab0000, 0x00000007a75ef178, 0x00000007a8000000)
  to   space 21824K,   0% used [0x00000007a5560000, 0x00000007a5560000, 0x00000007a6ab0000)
 concurrent mark-sweep generation total 393216K, used 0K [0x00000007a8000000, 0x00000007c0000000, 0x00000007c0000000)
 Metaspace       used 19044K, capacity 19392K, committed 19584K, reserved 1067008K
  class space    used 2201K, capacity 2334K, committed 2432K, reserved 1048576K
}
2017-06-08T16:38:45.305-0100: 1.543: Total time for which application threads were stopped: 0.0101152 seconds, Stopping threads took: 0.0003518 seconds
2017-06-08T16:38:45.585-0100: 1.824: Total time for which application threads were stopped: 0.0001358 seconds, Stopping threads took: 0.0000279 seconds
2017-06-08T16:38:45.608-0100: 1.847: Total time for which application threads were stopped: 0.0000660 seconds, Stopping threads took: 0.0000200 seconds
2017-06-08T16:38:45.610-0100: 1.848: Total time for which application threads were stopped: 0.0002078 seconds, Stopping threads took: 0.0000074 seconds
2017-06-08T16:38:45.638-0100: 1.877: Total time for which application threads were stopped: 0.0005032 seconds, Stopping threads took: 0.0000255 seconds
{Heap before GC invocations=1 (full 0):
 par new generation   total 109248K, used 98940K [0x00000007a0000000, 0x00000007a8000000, 0x00000007a8000000)
  eden space 87424K, 100% used [0x00000007a0000000, 0x00000007a5560000, 0x00000007a5560000)
  from space 21824K,  52% used [0x00000007a6ab0000, 0x00000007a75ef178, 0x00000007a8000000)
  to   space 21824K,   0% used [0x00000007a5560000, 0x00000007a5560000, 0x00000007a6ab0000)
 concurrent mark-sweep generation total 393216K, used 0K [0x00000007a8000000, 0x00000007c0000000, 0x00000007c0000000)
 Metaspace       used 21278K, capacity 21646K, committed 21884K, reserved 1069056K
  class space    used 2492K, capacity 2641K, committed 2684K, reserved 1048576K
2017-06-08T16:38:45.657-0100: 1.895: [GC (Allocation Failure) 2017-06-08T16:38:45.657-0100: 1.895: [ParNew
Desired survivor size 20112992 bytes, new threshold 8 (max 8)
- age   1:    3448184 bytes,    3448184 total
- age   2:    5958704 bytes,    9406888 total
: 98940K->13070K(109248K), 0.0079137 secs] 98940K->13070K(502464K), 0.0079835 secs] [Times: user=0.03 sys=0.00, real=0.01 secs] 
Heap after GC invocations=2 (full 0):
 par new generation   total 109248K, used 13070K [0x00000007a0000000, 0x00000007a8000000, 0x00000007a8000000)
  eden space 87424K,   0% used [0x00000007a0000000, 0x00000007a0000000, 0x00000007a5560000)
  from space 21824K,  59% used [0x00000007a5560000, 0x00000007a6223978, 0x00000007a6ab0000)
  to   space 21824K,   0% used [0x00000007a6ab0000, 0x00000007a6ab0000, 0x00000007a8000000)
 concurrent mark-sweep generation total 393216K, used 0K [0x00000007a8000000, 0x00000007c0000000, 0x00000007c0000000)
 Metaspace       used 21278K, capacity 21646K, committed 21884K, reserved 1069056K
  class space    used 2492K, capacity 2641K, committed 2684K, reserved 1048576K
}
2017-06-08T16:38:45.665-0100: 1.903: Total time for which application threads were stopped: 0.0081544 seconds, Stopping threads took: 0.0000374 seconds
2017-06-08T16:38:45.665-0100: 1.904: [GC (CMS Initial Mark) [1 CMS-initial-mark: 0K(393216K)] 14822K(502464K), 0.0023422 secs] [Times: user=0.01 sys=0.00, real=0.00 secs] 
2017-06-08T16:38:45.667-0100: 1.906: Total time for which application threads were stopped: 0.0024617 seconds, Stopping threads took: 0.0000491 seconds
2017-06-08T16:38:45.667-0100: 1.906: [CMS-concurrent-mark-start]
2017-06-08T16:38:45.668-0100: 1.907: [CMS-concurrent-mark: 0.001/0.001 secs] [Times: user=0.00 sys=0.00, real=0.00 secs] 
2017-06-08T16:38:45.668-0100: 1.907: [CMS-concurrent-preclean-start]
2017-06-08T16:38:45.669-0100: 1.908: [CMS-concurrent-preclean: 0.001/0.001 secs] [Times: user=0.00 sys=0.00, real=0.00 secs] 
2017-06-08T16:38:45.669-0100: 1.908: [GC (CMS Final Remark) [YG occupancy: 14822 K (109248 K)]{Heap before GC invocations=2 (full 1):
 par new generation   total 109248K, used 14822K [0x00000007a0000000, 0x00000007a8000000, 0x00000007a8000000)
  eden space 87424K,   2% used [0x00000007a0000000, 0x00000007a01b5f48, 0x00000007a5560000)
  from space 21824K,  59% used [0x00000007a5560000, 0x00000007a6223978, 0x00000007a6ab0000)
  to   space 21824K,   0% used [0x00000007a6ab0000, 0x00000007a6ab0000, 0x00000007a8000000)
 concurrent mark-sweep generation total 393216K, used 0K [0x00000007a8000000, 0x00000007c0000000, 0x00000007c0000000)
 Metaspace       used 21280K, capacity 21646K, committed 21884K, reserved 1069056K
  class space    used 2492K, capacity 2641K, committed 2684K, reserved 1048576K
2017-06-08T16:38:45.669-0100: 1.908: [GC (CMS Final Remark) 2017-06-08T16:38:45.669-0100: 1.908: [ParNew
Desired survivor size 20112992 bytes, new threshold 8 (max 8)
- age   1:     141720 bytes,     141720 total
- age   2:     941544 bytes,    1083264 total
- age   3:    5957216 bytes,    7040480 total
: 14822K->10624K(109248K), 0.0051447 secs] 14822K->10624K(502464K), 0.0051862 secs] [Times: user=0.02 sys=0.01, real=0.01 secs] 
Heap after GC invocations=3 (full 1):
 par new generation   total 109248K, used 10624K [0x00000007a0000000, 0x00000007a8000000, 0x00000007a8000000)
  eden space 87424K,   0% used [0x00000007a0000000, 0x00000007a0000000, 0x00000007a5560000)
  from space 21824K,  48% used [0x00000007a6ab0000, 0x00000007a75100c0, 0x00000007a8000000)
  to   space 21824K,   0% used [0x00000007a5560000, 0x00000007a5560000, 0x00000007a6ab0000)
 concurrent mark-sweep generation total 393216K, used 0K [0x00000007a8000000, 0x00000007c0000000, 0x00000007c0000000)
 Metaspace       used 21280K, capacity 21646K, committed 21884K, reserved 1069056K
  class space    used 2492K, capacity 2641K, committed 2684K, reserved 1048576K
}
2017-06-08T16:38:45.674-0100: 1.913: [Rescan (parallel) , 0.0016253 secs]2017-06-08T16:38:45.676-0100: 1.915: [weak refs processing, 0.0009686 secs]2017-06-08T16:38:45.677-0100: 1.916: [class unloading, 0.0025487 secs]2017-06-08T16:38:45.680-0100: 1.918: [scrub symbol table, 0.0018188 secs]2017-06-08T16:38:45.681-0100: 1.920: [scrub string table, 0.0002326 secs][1 CMS-remark: 0K(393216K)] 10624K(502464K), 0.0131117 secs] [Times: user=0.04 sys=0.01, real=0.02 secs] 
2017-06-08T16:38:45.682-0100: 1.921: Total time for which application threads were stopped: 0.0133262 seconds, Stopping threads took: 0.0001279 seconds
2017-06-08T16:38:45.682-0100: 1.921: [CMS-concurrent-sweep-start]
2017-06-08T16:38:45.682-0100: 1.921: [CMS-concurrent-sweep: 0.000/0.000 secs] [Times: user=0.00 sys=0.00, real=0.00 secs] 
2017-06-08T16:38:45.682-0100: 1.921: [CMS-concurrent-reset-start]
2017-06-08T16:38:45.686-0100: 1.925: Total time for which application threads were stopped: 0.0003087 seconds, Stopping threads took: 0.0000339 seconds
2017-06-08T16:38:45.686-0100: 1.925: [CMS-concurrent-reset: 0.003/0.004 secs] [Times: user=0.01 sys=0.00, real=0.00 secs] 
{Heap before GC invocations=3 (full 1):
 par new generation   total 109248K, used 98048K [0x00000007a0000000, 0x00000007a8000000, 0x00000007a8000000)
  eden space 87424K, 100% used [0x00000007a0000000, 0x00000007a5560000, 0x00000007a5560000)
  from space 21824K,  48% used [0x00000007a6ab0000, 0x00000007a75100c0, 0x00000007a8000000)
  to   space 21824K,   0% used [0x00000007a5560000, 0x00000007a5560000, 0x00000007a6ab0000)
 concurrent mark-sweep generation total 393216K, used 0K [0x00000007a8000000, 0x00000007c0000000, 0x00000007c0000000)
 Metaspace       used 22766K, capacity 23110K, committed 23420K, reserved 1069056K
  class space    used 2695K, capacity 2853K, committed 2940K, reserved 1048576K
2017-06-08T16:38:45.839-0100: 2.077: [GC (Allocation Failure) 2017-06-08T16:38:45.839-0100: 2.077: [ParNew
Desired survivor size 20112992 bytes, new threshold 8 (max 8)
- age   1:    2507808 bytes,    2507808 total
- age   2:        296 bytes,    2508104 total
- age   3:     923208 bytes,    3431312 total
- age   4:    5956512 bytes,    9387824 total
: 98048K->11425K(109248K), 0.0069781 secs] 98048K->11425K(502464K), 0.0070442 secs] [Times: user=0.02 sys=0.00, real=0.01 secs] 
Heap after GC invocations=4 (full 1):
 par new generation   total 109248K, used 11425K [0x00000007a0000000, 0x00000007a8000000, 0x00000007a8000000)
  eden space 87424K,   0% used [0x00000007a0000000, 0x00000007a0000000, 0x00000007a5560000)
  from space 21824K,  52% used [0x00000007a5560000, 0x00000007a60886a8, 0x00000007a6ab0000)
  to   space 21824K,   0% used [0x00000007a6ab0000, 0x00000007a6ab0000, 0x00000007a8000000)
 concurrent mark-sweep generation total 393216K, used 0K [0x00000007a8000000, 0x00000007c0000000, 0x00000007c0000000)
 Metaspace       used 22766K, capacity 23110K, committed 23420K, reserved 1069056K
  class space    used 2695K, capacity 2853K, committed 2940K, reserved 1048576K
}
2017-06-08T16:38:45.846-0100: 2.085: Total time for which application threads were stopped: 0.0072958 seconds, Stopping threads took: 0.0000783 seconds
{Heap before GC invocations=4 (full 1):
 par new generation   total 109248K, used 98849K [0x00000007a0000000, 0x00000007a8000000, 0x00000007a8000000)
  eden space 87424K, 100% used [0x00000007a0000000, 0x00000007a5560000, 0x00000007a5560000)
  from space 21824K,  52% used [0x00000007a5560000, 0x00000007a60886a8, 0x00000007a6ab0000)
  to   space 21824K,   0% used [0x00000007a6ab0000, 0x00000007a6ab0000, 0x00000007a8000000)
 concurrent mark-sweep generation total 393216K, used 0K [0x00000007a8000000, 0x00000007c0000000, 0x00000007c0000000)
 Metaspace       used 23374K, capacity 23710K, committed 23932K, reserved 1071104K
  class space    used 2773K, capacity 2921K, committed 2940K, reserved 1048576K
2017-06-08T16:38:45.922-0100: 2.161: [GC (Allocation Failure) 2017-06-08T16:38:45.922-0100: 2.161: [ParNew
Desired survivor size 20112992 bytes, new threshold 8 (max 8)
- age   1:     994912 bytes,     994912 total
- age   2:    1386632 bytes,    2381544 total
- age   3:        296 bytes,    2381840 total
- age   4:     922728 bytes,    3304568 total
- age   5:    5956288 bytes,    9260856 total
: 98849K->15274K(109248K), 0.0058654 secs] 98849K->15274K(502464K), 0.0059124 secs] [Times: user=0.02 sys=0.00, real=0.00 secs] 
Heap after GC invocations=5 (full 1):
 par new generation   total 109248K, used 15274K [0x00000007a0000000, 0x00000007a8000000, 0x00000007a8000000)
  eden space 87424K,   0% used [0x00000007a0000000, 0x00000007a0000000, 0x00000007a5560000)
  from space 21824K,  69% used [0x00000007a6ab0000, 0x00000007a799ab80, 0x00000007a8000000)
  to   space 21824K,   0% used [0x00000007a5560000, 0x00000007a5560000, 0x00000007a6ab0000)
 concurrent mark-sweep generation total 393216K, used 0K [0x00000007a8000000, 0x00000007c0000000, 0x00000007c0000000)
 Metaspace       used 23374K, capacity 23710K, committed 23932K, reserved 1071104K
  class space    used 2773K, capacity 2921K, committed 2940K, reserved 1048576K
}
2017-06-08T16:38:45.928-0100: 2.167: Total time for which application threads were stopped: 0.0060878 seconds, Stopping threads took: 0.0000182 seconds
2017-06-08T16:38:45.935-0100: 2.174: Total time for which application threads were stopped: 0.0003999 seconds, Stopping threads took: 0.0001332 seconds
2017-06-08T16:38:46.039-0100: 2.277: Total time for which application threads were stopped: 0.0003362 seconds, Stopping threads took: 0.0000149 seconds
2017-06-08T16:38:46.142-0100: 2.381: Total time for which application threads were stopped: 0.0001257 seconds, Stopping threads took: 0.0000175 seconds
{Heap before GC invocations=5 (full 1):
 par new generation   total 109248K, used 102698K [0x00000007a0000000, 0x00000007a8000000, 0x00000007a8000000)
  eden space 87424K, 100% used [0x00000007a0000000, 0x00000007a5560000, 0x00000007a5560000)
  from space 21824K,  69% used [0x00000007a6ab0000, 0x00000007a799ab80, 0x00000007a8000000)
  to   space 21824K,   0% used [0x00000007a5560000, 0x00000007a5560000, 0x00000007a6ab0000)
 concurrent mark-sweep generation total 393216K, used 0K [0x00000007a8000000, 0x00000007c0000000, 0x00000007c0000000)
 Metaspace       used 24587K, capacity 24936K, committed 25084K, reserved 1071104K
  class space    used 2892K, capacity 3054K, committed 3068K, reserved 1048576K
2017-06-08T16:38:46.204-0100: 2.443: [GC (Allocation Failure) 2017-06-08T16:38:46.204-0100: 2.443: [ParNew
Desired survivor size 20112992 bytes, new threshold 8 (max 8)
- age   1:    2349472 bytes,    2349472 total
- age   2:     219488 bytes,    2568960 total
- age   3:    1091440 bytes,    3660400 total
- age   4:        296 bytes,    3660696 total
- age   5:     905256 bytes,    4565952 total
- age   6:    5953128 bytes,   10519080 total
: 102698K->12510K(109248K), 0.0075103 secs] 102698K->12510K(502464K), 0.0075744 secs] [Times: user=0.05 sys=0.00, real=0.01 secs] 
Heap after GC invocations=6 (full 1):
 par new generation   total 109248K, used 12510K [0x00000007a0000000, 0x00000007a8000000, 0x00000007a8000000)
  eden space 87424K,   0% used [0x00000007a0000000, 0x00000007a0000000, 0x00000007a5560000)
  from space 21824K,  57% used [0x00000007a5560000, 0x00000007a6197b60, 0x00000007a6ab0000)
  to   space 21824K,   0% used [0x00000007a6ab0000, 0x00000007a6ab0000, 0x00000007a8000000)
 concurrent mark-sweep generation total 393216K, used 0K [0x00000007a8000000, 0x00000007c0000000, 0x00000007c0000000)
 Metaspace       used 24587K, capacity 24936K, committed 25084K, reserved 1071104K
  class space    used 2892K, capacity 3054K, committed 3068K, reserved 1048576K
}
2017-06-08T16:38:46.211-0100: 2.450: Total time for which application threads were stopped: 0.0077527 seconds, Stopping threads took: 0.0000409 seconds
2017-06-08T16:38:46.274-0100: 2.512: Total time for which application threads were stopped: 0.0003849 seconds, Stopping threads took: 0.0000289 seconds
2017-06-08T16:38:46.285-0100: 2.524: Total time for which application threads were stopped: 0.0003877 seconds, Stopping threads took: 0.0000640 seconds
{Heap before GC invocations=6 (full 1):
 par new generation   total 109248K, used 99934K [0x00000007a0000000, 0x00000007a8000000, 0x00000007a8000000)
  eden space 87424K, 100% used [0x00000007a0000000, 0x00000007a5560000, 0x00000007a5560000)
  from space 21824K,  57% used [0x00000007a5560000, 0x00000007a6197b60, 0x00000007a6ab0000)
  to   space 21824K,   0% used [0x00000007a6ab0000, 0x00000007a6ab0000, 0x00000007a8000000)
 concurrent mark-sweep generation total 393216K, used 0K [0x00000007a8000000, 0x00000007c0000000, 0x00000007c0000000)
 Metaspace       used 27640K, capacity 28060K, committed 28412K, reserved 1075200K
  class space    used 3285K, capacity 3456K, committed 3580K, reserved 1048576K
2017-06-08T16:38:46.561-0100: 2.799: [GC (Allocation Failure) 2017-06-08T16:38:46.561-0100: 2.799: [ParNew
Desired survivor size 20112992 bytes, new threshold 8 (max 8)
- age   1:    4533488 bytes,    4533488 total
- age   2:     782136 bytes,    5315624 total
- age   3:     210256 bytes,    5525880 total
- age   4:     455728 bytes,    5981608 total
- age   5:        296 bytes,    5981904 total
- age   6:     900848 bytes,    6882752 total
- age   7:    5955064 bytes,   12837816 total
: 99934K->17493K(109248K), 0.0074866 secs] 99934K->17493K(502464K), 0.0075386 secs] [Times: user=0.02 sys=0.00, real=0.00 secs] 
Heap after GC invocations=7 (full 1):
 par new generation   total 109248K, used 17493K [0x00000007a0000000, 0x00000007a8000000, 0x00000007a8000000)
  eden space 87424K,   0% used [0x00000007a0000000, 0x00000007a0000000, 0x00000007a5560000)
  from space 21824K,  80% used [0x00000007a6ab0000, 0x00000007a7bc5700, 0x00000007a8000000)
  to   space 21824K,   0% used [0x00000007a5560000, 0x00000007a5560000, 0x00000007a6ab0000)
 concurrent mark-sweep generation total 393216K, used 0K [0x00000007a8000000, 0x00000007c0000000, 0x00000007c0000000)
 Metaspace       used 27640K, capacity 28060K, committed 28412K, reserved 1075200K
  class space    used 3285K, capacity 3456K, committed 3580K, reserved 1048576K
}
2017-06-08T16:38:46.568-0100: 2.807: Total time for which application threads were stopped: 0.0077246 seconds, Stopping threads took: 0.0000251 seconds
2017-06-08T16:38:46.670-0100: 2.908: Total time for which application threads were stopped: 0.0004207 seconds, Stopping threads took: 0.0000136 seconds
2017-06-08T16:38:46.684-0100: 2.922: Total time for which application threads were stopped: 0.0004176 seconds, Stopping threads took: 0.0000328 seconds
2017-06-08T16:38:46.715-0100: 2.954: Total time for which application threads were stopped: 0.0005548 seconds, Stopping threads took: 0.0000207 seconds
2017-06-08T16:38:47.719-0100: 3.958: Total time for which application threads were stopped: 0.0001612 seconds, Stopping threads took: 0.0000279 seconds
2017-06-08T16:38:47.857-0100: 4.096: Total time for which application threads were stopped: 0.0005026 seconds, Stopping threads took: 0.0000269 seconds
2017-06-08T16:38:50.867-0100: 7.106: Total time for which application threads were stopped: 0.0001173 seconds, Stopping threads took: 0.0000286 seconds
2017-06-08T16:39:02.237-0100: 18.475: Total time for which application threads were stopped: 0.0001308 seconds, Stopping threads took: 0.0000610 seconds
2017-06-08T16:39:02.237-0100: 18.476: Total time for which application threads were stopped: 0.0000822 seconds, Stopping threads took: 0.0000118 seconds
2017-06-08T16:39:02.238-0100: 18.477: Total time for which application threads were stopped: 0.0001096 seconds, Stopping threads took: 0.0000286 seconds
2017-06-08T16:39:02.239-0100: 18.477: Total time for which application threads were stopped: 0.0001083 seconds, Stopping threads took: 0.0000191 seconds
2017-06-08T16:39:02.244-0100: 18.482: Total time for which application threads were stopped: 0.0000867 seconds, Stopping threads took: 0.0000195 seconds
2017-06-08T16:39:02.244-0100: 18.483: Total time for which application threads were stopped: 0.0001212 seconds, Stopping threads took: 0.0000432 seconds
2017-06-08T16:39:02.248-0100: 18.487: Total time for which application threads were stopped: 0.0001200 seconds, Stopping threads took: 0.0000328 seconds
2017-06-08T16:39:02.249-0100: 18.487: Total time for which application threads were stopped: 0.0001050 seconds, Stopping threads took: 0.0000291 seconds
2017-06-08T16:39:02.249-0100: 18.488: Total time for which application threads were stopped: 0.0001009 seconds, Stopping threads took: 0.0000277 seconds
2017-06-08T16:39:02.249-0100: 18.488: Total time for which application threads were stopped: 0.0000942 seconds, Stopping threads took: 0.0000239 seconds
2017-06-08T16:39:02.254-0100: 18.492: Total time for which application threads were stopped: 0.0001192 seconds, Stopping threads took: 0.0000328 seconds
2017-06-08T16:39:02.254-0100: 18.493: Total time for which application threads were stopped: 0.0000895 seconds, Stopping threads took: 0.0000269 seconds
2017-06-08T16:39:02.255-0100: 18.493: Total time for which application threads were stopped: 0.0001298 seconds, Stopping threads took: 0.0000635 seconds
2017-06-08T16:39:02.257-0100: 18.495: Total time for which application threads were stopped: 0.0001173 seconds, Stopping threads took: 0.0000330 seconds
2017-06-08T16:39:02.257-0100: 18.496: Total time for which application threads were stopped: 0.0001089 seconds, Stopping threads took: 0.0000321 seconds
2017-06-08T16:39:02.258-0100: 18.496: Total time for which application threads were stopped: 0.0001909 seconds, Stopping threads took: 0.0000310 seconds
2017-06-08T16:39:02.262-0100: 18.501: Total time for which application threads were stopped: 0.0000961 seconds, Stopping threads took: 0.0000328 seconds
2017-06-08T16:39:02.265-0100: 18.504: Total time for which application threads were stopped: 0.0001153 seconds, Stopping threads took: 0.0000216 seconds
2017-06-08T16:39:02.270-0100: 18.509: Total time for which application threads were stopped: 0.0000746 seconds, Stopping threads took: 0.0000223 seconds
2017-06-08T16:39:02.272-0100: 18.511: Total time for which application threads were stopped: 0.0000470 seconds, Stopping threads took: 0.0000078 seconds
2017-06-08T16:39:02.276-0100: 18.514: Total time for which application threads were stopped: 0.0003694 seconds, Stopping threads took: 0.0000068 seconds
2017-06-08T16:39:02.279-0100: 18.517: Total time for which application threads were stopped: 0.0000747 seconds, Stopping threads took: 0.0000245 seconds
2017-06-08T16:39:02.280-0100: 18.518: Total time for which application threads were stopped: 0.0000660 seconds, Stopping threads took: 0.0000243 seconds
2017-06-08T16:39:02.280-0100: 18.519: Total time for which application threads were stopped: 0.0000970 seconds, Stopping threads took: 0.0000260 seconds
2017-06-08T16:39:02.281-0100: 18.520: Total time for which application threads were stopped: 0.0000842 seconds, Stopping threads took: 0.0000503 seconds
2017-06-08T16:39:02.282-0100: 18.521: Total time for which application threads were stopped: 0.0000566 seconds, Stopping threads took: 0.0000073 seconds
2017-06-08T16:39:02.287-0100: 18.525: Total time for which application threads were stopped: 0.0000638 seconds, Stopping threads took: 0.0000077 seconds
2017-06-08T16:39:02.287-0100: 18.526: Total time for which application threads were stopped: 0.0000933 seconds, Stopping threads took: 0.0000479 seconds
2017-06-08T16:39:02.395-0100: 18.634: Total time for which application threads were stopped: 0.0000639 seconds, Stopping threads took: 0.0000133 seconds
2017-06-08T16:39:02.395-0100: 18.634: Total time for which application threads were stopped: 0.0000800 seconds, Stopping threads took: 0.0000294 seconds
2017-06-08T16:39:02.395-0100: 18.634: Total time for which application threads were stopped: 0.0000774 seconds, Stopping threads took: 0.0000205 seconds
2017-06-08T16:39:02.396-0100: 18.634: Total time for which application threads were stopped: 0.0000585 seconds, Stopping threads took: 0.0000252 seconds
2017-06-08T16:39:02.396-0100: 18.634: Total time for which application threads were stopped: 0.0000602 seconds, Stopping threads took: 0.0000292 seconds
2017-06-08T16:39:02.396-0100: 18.634: Total time for which application threads were stopped: 0.0000395 seconds, Stopping threads took: 0.0000164 seconds
2017-06-08T16:39:02.396-0100: 18.634: Total time for which application threads were stopped: 0.0000386 seconds, Stopping threads took: 0.0000134 seconds
2017-06-08T16:39:02.396-0100: 18.634: Total time for which application threads were stopped: 0.0000398 seconds, Stopping threads took: 0.0000136 seconds
2017-06-08T16:39:02.396-0100: 18.634: Total time for which application threads were stopped: 0.0000276 seconds, Stopping threads took: 0.0000062 seconds
2017-06-08T16:39:02.396-0100: 18.635: Total time for which application threads were stopped: 0.0000252 seconds, Stopping threads took: 0.0000048 seconds
2017-06-08T16:39:02.396-0100: 18.635: Total time for which application threads were stopped: 0.0000241 seconds, Stopping threads took: 0.0000046 seconds
2017-06-08T16:39:02.396-0100: 18.635: Total time for which application threads were stopped: 0.0000241 seconds, Stopping threads took: 0.0000044 seconds
2017-06-08T16:39:02.396-0100: 18.635: Total time for which application threads were stopped: 0.0000315 seconds, Stopping threads took: 0.0000057 seconds
2017-06-08T16:39:02.396-0100: 18.635: Total time for which application threads were stopped: 0.0000253 seconds, Stopping threads took: 0.0000045 seconds
2017-06-08T16:39:02.409-0100: 18.648: Total time for which application threads were stopped: 0.0000813 seconds, Stopping threads took: 0.0000238 seconds
2017-06-08T16:39:02.441-0100: 18.679: Total time for which application threads were stopped: 0.0001229 seconds, Stopping threads took: 0.0000162 seconds
2017-06-08T16:39:02.457-0100: 18.695: Total time for which application threads were stopped: 0.0001063 seconds, Stopping threads took: 0.0000465 seconds
2017-06-08T16:39:02.457-0100: 18.696: Total time for which application threads were stopped: 0.0001256 seconds, Stopping threads took: 0.0000642 seconds
2017-06-08T16:39:02.457-0100: 18.696: Total time for which application threads were stopped: 0.0000785 seconds, Stopping threads took: 0.0000291 seconds
2017-06-08T16:39:02.458-0100: 18.696: Total time for which application threads were stopped: 0.0001206 seconds, Stopping threads took: 0.0000613 seconds
2017-06-08T16:39:02.458-0100: 18.696: Total time for which application threads were stopped: 0.0000569 seconds, Stopping threads took: 0.0000247 seconds
2017-06-08T16:39:02.458-0100: 18.696: Total time for which application threads were stopped: 0.0001021 seconds, Stopping threads took: 0.0000320 seconds
2017-06-08T16:39:02.459-0100: 18.697: Total time for which application threads were stopped: 0.0001658 seconds, Stopping threads took: 0.0000868 seconds
2017-06-08T16:39:02.460-0100: 18.698: Total time for which application threads were stopped: 0.0002101 seconds, Stopping threads took: 0.0000336 seconds
2017-06-08T16:39:02.461-0100: 18.699: Total time for which application threads were stopped: 0.0001085 seconds, Stopping threads took: 0.0000368 seconds
2017-06-08T16:39:02.462-0100: 18.700: Total time for which application threads were stopped: 0.0001162 seconds, Stopping threads took: 0.0000385 seconds
2017-06-08T16:39:02.462-0100: 18.700: Total time for which application threads were stopped: 0.0002349 seconds, Stopping threads took: 0.0000275 seconds
2017-06-08T16:39:02.468-0100: 18.707: Total time for which application threads were stopped: 0.0001235 seconds, Stopping threads took: 0.0000480 seconds
2017-06-08T16:39:02.469-0100: 18.708: Total time for which application threads were stopped: 0.0001175 seconds, Stopping threads took: 0.0000662 seconds
2017-06-08T16:39:02.473-0100: 18.712: Total time for which application threads were stopped: 0.0001409 seconds, Stopping threads took: 0.0000650 seconds
2017-06-08T16:39:02.478-0100: 18.716: Total time for which application threads were stopped: 0.0000939 seconds, Stopping threads took: 0.0000400 seconds
2017-06-08T16:39:02.478-0100: 18.716: Total time for which application threads were stopped: 0.0000698 seconds, Stopping threads took: 0.0000231 seconds
2017-06-08T16:39:02.478-0100: 18.716: Total time for which application threads were stopped: 0.0000693 seconds, Stopping threads took: 0.0000329 seconds
2017-06-08T16:39:02.478-0100: 18.717: Total time for which application threads were stopped: 0.0000886 seconds, Stopping threads took: 0.0000546 seconds
2017-06-08T16:39:02.478-0100: 18.717: Total time for which application threads were stopped: 0.0000456 seconds, Stopping threads took: 0.0000175 seconds
2017-06-08T16:39:02.478-0100: 18.717: Total time for which application threads were stopped: 0.0000815 seconds, Stopping threads took: 0.0000452 seconds
2017-06-08T16:39:02.478-0100: 18.717: Total time for which application threads were stopped: 0.0000677 seconds, Stopping threads took: 0.0000265 seconds
2017-06-08T16:39:02.478-0100: 18.717: Total time for which application threads were stopped: 0.0000566 seconds, Stopping threads took: 0.0000200 seconds
2017-06-08T16:39:02.479-0100: 18.717: Total time for which application threads were stopped: 0.0000924 seconds, Stopping threads took: 0.0000232 seconds
2017-06-08T16:39:02.479-0100: 18.718: Total time for which application threads were stopped: 0.0000929 seconds, Stopping threads took: 0.0000236 seconds
2017-06-08T16:39:02.480-0100: 18.718: Total time for which application threads were stopped: 0.0000756 seconds, Stopping threads took: 0.0000290 seconds
2017-06-08T16:39:02.480-0100: 18.718: Total time for which application threads were stopped: 0.0000521 seconds, Stopping threads took: 0.0000178 seconds
2017-06-08T16:39:02.480-0100: 18.718: Total time for which application threads were stopped: 0.0001708 seconds, Stopping threads took: 0.0000271 seconds
2017-06-08T16:39:02.980-0100: 19.218: Total time for which application threads were stopped: 0.0004101 seconds, Stopping threads took: 0.0000144 seconds
2017-06-08T16:39:02.981-0100: 19.219: Total time for which application threads were stopped: 0.0000907 seconds, Stopping threads took: 0.0000297 seconds
2017-06-08T16:39:02.981-0100: 19.219: Total time for which application threads were stopped: 0.0001004 seconds, Stopping threads took: 0.0000474 seconds
2017-06-08T16:39:02.981-0100: 19.220: Total time for which application threads were stopped: 0.0000664 seconds, Stopping threads took: 0.0000280 seconds
2017-06-08T16:39:02.981-0100: 19.220: Total time for which application threads were stopped: 0.0001410 seconds, Stopping threads took: 0.0000996 seconds
2017-06-08T16:39:02.988-0100: 19.227: Total time for which application threads were stopped: 0.0000889 seconds, Stopping threads took: 0.0000191 seconds
2017-06-08T16:39:02.989-0100: 19.227: Total time for which application threads were stopped: 0.0000827 seconds, Stopping threads took: 0.0000253 seconds
2017-06-08T16:39:02.989-0100: 19.227: Total time for which application threads were stopped: 0.0001402 seconds, Stopping threads took: 0.0000635 seconds
2017-06-08T16:39:02.993-0100: 19.231: Total time for which application threads were stopped: 0.0000671 seconds, Stopping threads took: 0.0000180 seconds
2017-06-08T16:39:02.993-0100: 19.232: Total time for which application threads were stopped: 0.0000442 seconds, Stopping threads took: 0.0000137 seconds
2017-06-08T16:39:02.993-0100: 19.232: Total time for which application threads were stopped: 0.0000575 seconds, Stopping threads took: 0.0000278 seconds
2017-06-08T16:39:02.993-0100: 19.232: Total time for which application threads were stopped: 0.0000473 seconds, Stopping threads took: 0.0000177 seconds
2017-06-08T16:39:02.993-0100: 19.232: Total time for which application threads were stopped: 0.0000611 seconds, Stopping threads took: 0.0000320 seconds
2017-06-08T16:39:02.994-0100: 19.232: Total time for which application threads were stopped: 0.0000361 seconds, Stopping threads took: 0.0000069 seconds
2017-06-08T16:39:02.994-0100: 19.232: Total time for which application threads were stopped: 0.0000467 seconds, Stopping threads took: 0.0000170 seconds
2017-06-08T16:39:02.994-0100: 19.232: Total time for which application threads were stopped: 0.0000546 seconds, Stopping threads took: 0.0000254 seconds
2017-06-08T16:39:02.994-0100: 19.233: Total time for which application threads were stopped: 0.0000346 seconds, Stopping threads took: 0.0000108 seconds
2017-06-08T16:39:02.994-0100: 19.233: Total time for which application threads were stopped: 0.0000462 seconds, Stopping threads took: 0.0000166 seconds
2017-06-08T16:39:02.994-0100: 19.233: Total time for which application threads were stopped: 0.0000373 seconds, Stopping threads took: 0.0000134 seconds
2017-06-08T16:39:02.994-0100: 19.233: Total time for which application threads were stopped: 0.0000451 seconds, Stopping threads took: 0.0000226 seconds
2017-06-08T16:39:02.994-0100: 19.233: Total time for which application threads were stopped: 0.0000538 seconds, Stopping threads took: 0.0000246 seconds
2017-06-08T16:39:02.995-0100: 19.233: Total time for which application threads were stopped: 0.0000474 seconds, Stopping threads took: 0.0000177 seconds
2017-06-08T16:39:02.995-0100: 19.233: Total time for which application threads were stopped: 0.0000406 seconds, Stopping threads took: 0.0000161 seconds
2017-06-08T16:39:02.998-0100: 19.237: Total time for which application threads were stopped: 0.0000796 seconds, Stopping threads took: 0.0000162 seconds
2017-06-08T16:39:02.999-0100: 19.237: Total time for which application threads were stopped: 0.0000596 seconds, Stopping threads took: 0.0000238 seconds
2017-06-08T16:39:03.004-0100: 19.243: Total time for which application threads were stopped: 0.0001055 seconds, Stopping threads took: 0.0000326 seconds
2017-06-08T16:39:03.004-0100: 19.243: Total time for which application threads were stopped: 0.0000821 seconds, Stopping threads took: 0.0000280 seconds
2017-06-08T16:39:05.199-0100: 21.437: Total time for which application threads were stopped: 0.0001611 seconds, Stopping threads took: 0.0000289 seconds
2017-06-08T16:39:05.199-0100: 21.437: Total time for which application threads were stopped: 0.0001237 seconds, Stopping threads took: 0.0000366 seconds
2017-06-08T16:39:05.199-0100: 21.438: Total time for which application threads were stopped: 0.0001128 seconds, Stopping threads took: 0.0000316 seconds
2017-06-08T16:39:05.200-0100: 21.438: Total time for which application threads were stopped: 0.0001203 seconds, Stopping threads took: 0.0000311 seconds
2017-06-08T16:39:05.202-0100: 21.441: Total time for which application threads were stopped: 0.0001181 seconds, Stopping threads took: 0.0000206 seconds
2017-06-08T16:39:05.205-0100: 21.443: Total time for which application threads were stopped: 0.0001250 seconds, Stopping threads took: 0.0000345 seconds
2017-06-08T16:39:05.205-0100: 21.443: Total time for which application threads were stopped: 0.0000965 seconds, Stopping threads took: 0.0000254 seconds
2017-06-08T16:39:05.205-0100: 21.444: Total time for which application threads were stopped: 0.0000834 seconds, Stopping threads took: 0.0000212 seconds
2017-06-08T16:39:05.211-0100: 21.449: Total time for which application threads were stopped: 0.0001313 seconds, Stopping threads took: 0.0000360 seconds
2017-06-08T16:39:05.211-0100: 21.450: Total time for which application threads were stopped: 0.0002264 seconds, Stopping threads took: 0.0001395 seconds
2017-06-08T16:39:05.214-0100: 21.453: Total time for which application threads were stopped: 0.0001296 seconds, Stopping threads took: 0.0000387 seconds
2017-06-08T16:39:05.214-0100: 21.453: Total time for which application threads were stopped: 0.0000948 seconds, Stopping threads took: 0.0000267 seconds
2017-06-08T16:39:07.358-0100: 23.597: Total time for which application threads were stopped: 0.0001188 seconds, Stopping threads took: 0.0000341 seconds
2017-06-08T16:39:07.358-0100: 23.597: Total time for which application threads were stopped: 0.0000968 seconds, Stopping threads took: 0.0000217 seconds
2017-06-08T16:39:07.366-0100: 23.605: Total time for which application threads were stopped: 0.0001773 seconds, Stopping threads took: 0.0000761 seconds
2017-06-08T16:39:07.366-0100: 23.605: Total time for which application threads were stopped: 0.0001274 seconds, Stopping threads took: 0.0000624 seconds
2017-06-08T16:39:08.367-0100: 24.605: Total time for which application threads were stopped: 0.0001333 seconds, Stopping threads took: 0.0000287 seconds
2017-06-08T16:39:09.367-0100: 25.606: Total time for which application threads were stopped: 0.0001320 seconds, Stopping threads took: 0.0000233 seconds
2017-06-08T16:40:05.212-0100: 81.450: Total time for which application threads were stopped: 0.0000995 seconds, Stopping threads took: 0.0000226 seconds
2017-06-08T16:40:07.371-0100: 83.609: Total time for which application threads were stopped: 0.0001360 seconds, Stopping threads took: 0.0000313 seconds
2017-06-08T16:40:10.376-0100: 86.614: Total time for which application threads were stopped: 0.0001126 seconds, Stopping threads took: 0.0000259 seconds
2017-06-08T16:40:15.393-0100: 91.630: Total time for which application threads were stopped: 0.0000983 seconds, Stopping threads took: 0.0000260 seconds
2017-06-08T16:48:00.676-0100: 556.909: Total time for which application threads were stopped: 0.0001967 seconds, Stopping threads took: 0.0000528 seconds
2017-06-08T16:48:05.700-0100: 561.933: Total time for which application threads were stopped: 0.0001261 seconds, Stopping threads took: 0.0000307 seconds
2017-06-08T16:50:00.988-0100: 677.219: Total time for which application threads were stopped: 0.0001319 seconds, Stopping threads took: 0.0000320 seconds
2017-06-08T16:50:06.013-0100: 682.245: Total time for which application threads were stopped: 0.0001341 seconds, Stopping threads took: 0.0000313 seconds
2017-06-08T16:51:01.128-0100: 737.359: Total time for which application threads were stopped: 0.0001362 seconds, Stopping threads took: 0.0000308 seconds
2017-06-08T17:13:51.909-0100: 2108.125: Total time for which application threads were stopped: 0.0001484 seconds, Stopping threads took: 0.0000359 seconds
2017-06-08T18:21:21.290-0100: 2791.207: Total time for which application threads were stopped: 0.0001353 seconds, Stopping threads took: 0.0000364 seconds
2017-06-08T18:32:04.420-0100: 3434.331: Total time for which application threads were stopped: 0.0001471 seconds, Stopping threads took: 0.0000402 seconds
2017-06-08T18:58:45.529-0100: 5034.862: Total time for which application threads were stopped: 0.0001221 seconds, Stopping threads took: 0.0000280 seconds
2017-06-08T18:59:15.761-0100: 5065.094: Total time for which application threads were stopped: 0.0001202 seconds, Stopping threads took: 0.0000220 seconds
2017-06-08T19:01:15.639-0100: 5184.971: Total time for which application threads were stopped: 0.0000838 seconds, Stopping threads took: 0.0000222 seconds
2017-06-08T19:03:36.487-0100: 5325.818: Total time for which application threads were stopped: 0.0001232 seconds, Stopping threads took: 0.0000546 seconds
2017-06-08T19:08:11.515-0100: 5600.845: Total time for which application threads were stopped: 0.0002243 seconds, Stopping threads took: 0.0001176 seconds
2017-06-08T19:15:22.208-0100: 6031.535: Total time for which application threads were stopped: 0.0002428 seconds, Stopping threads took: 0.0000551 seconds
2017-06-08T19:21:52.715-0100: 6422.039: Total time for which application threads were stopped: 0.0001944 seconds, Stopping threads took: 0.0000512 seconds
2017-06-08T19:23:22.397-0100: 6511.721: Total time for which application threads were stopped: 0.0000972 seconds, Stopping threads took: 0.0000211 seconds
2017-06-08T19:26:52.957-0100: 6722.279: Total time for which application threads were stopped: 0.0002717 seconds, Stopping threads took: 0.0000383 seconds
2017-06-08T19:27:23.172-0100: 6752.494: Total time for which application threads were stopped: 0.0001879 seconds, Stopping threads took: 0.0000237 seconds
2017-06-08T19:32:52.622-0100: 7081.943: Total time for which application threads were stopped: 0.0000929 seconds, Stopping threads took: 0.0000230 seconds
2017-06-08T19:36:23.122-0100: 7292.441: Total time for which application threads were stopped: 0.0000876 seconds, Stopping threads took: 0.0000227 seconds
2017-06-08T19:36:53.359-0100: 7322.678: Total time for which application threads were stopped: 0.0002206 seconds, Stopping threads took: 0.0000675 seconds
2017-06-08T19:43:23.152-0100: 7712.468: Total time for which application threads were stopped: 0.0008105 seconds, Stopping threads took: 0.0002539 seconds
2017-06-09T15:13:02.801-0100: 18734.804: Total time for which application threads were stopped: 0.0005744 seconds, Stopping threads took: 0.0001708 seconds
2017-06-09T15:13:02.855-0100: 18734.859: Total time for which application threads were stopped: 0.0052071 seconds, Stopping threads took: 0.0000192 seconds
2017-06-09T15:13:02.856-0100: 18734.859: Total time for which application threads were stopped: 0.0002062 seconds, Stopping threads took: 0.0000860 seconds
2017-06-09T15:13:02.856-0100: 18734.860: Total time for which application threads were stopped: 0.0001167 seconds, Stopping threads took: 0.0000399 seconds
2017-06-09T15:13:02.856-0100: 18734.860: Total time for which application threads were stopped: 0.0000897 seconds, Stopping threads took: 0.0000226 seconds
2017-06-09T15:13:02.856-0100: 18734.860: Total time for which application threads were stopped: 0.0001982 seconds, Stopping threads took: 0.0001058 seconds
2017-06-09T15:13:02.856-0100: 18734.860: Total time for which application threads were stopped: 0.0001605 seconds, Stopping threads took: 0.0000674 seconds
2017-06-09T15:13:02.865-0100: 18734.869: Total time for which application threads were stopped: 0.0001529 seconds, Stopping threads took: 0.0000381 seconds
2017-06-09T15:13:02.865-0100: 18734.869: Total time for which application threads were stopped: 0.0001212 seconds, Stopping threads took: 0.0000348 seconds
2017-06-09T15:13:03.865-0100: 18735.869: Total time for which application threads were stopped: 0.0000833 seconds, Stopping threads took: 0.0000189 seconds
2017-06-09T15:13:14.885-0100: 18746.889: Total time for which application threads were stopped: 0.0001638 seconds, Stopping threads took: 0.0000632 seconds
2017-06-09T15:13:14.985-0100: 18746.989: Total time for which application threads were stopped: 0.0000924 seconds, Stopping threads took: 0.0000167 seconds
2017-06-09T15:13:14.985-0100: 18746.989: Total time for which application threads were stopped: 0.0000625 seconds, Stopping threads took: 0.0000152 seconds
2017-06-09T15:13:14.991-0100: 18746.995: Total time for which application threads were stopped: 0.0001384 seconds, Stopping threads took: 0.0000387 seconds
2017-06-09T15:13:14.991-0100: 18746.995: Total time for which application threads were stopped: 0.0001019 seconds, Stopping threads took: 0.0000491 seconds
2017-06-09T15:13:15.003-0100: 18747.007: Total time for which application threads were stopped: 0.0018089 seconds, Stopping threads took: 0.0017262 seconds
2017-06-09T15:13:15.003-0100: 18747.007: Total time for which application threads were stopped: 0.0001774 seconds, Stopping threads took: 0.0001196 seconds
2017-06-09T15:13:15.010-0100: 18747.014: Total time for which application threads were stopped: 0.0001443 seconds, Stopping threads took: 0.0000622 seconds
2017-06-09T15:13:15.010-0100: 18747.014: Total time for which application threads were stopped: 0.0000758 seconds, Stopping threads took: 0.0000306 seconds
2017-06-09T15:13:18.944-0100: 18750.947: Total time for which application threads were stopped: 0.0001415 seconds, Stopping threads took: 0.0000217 seconds
2017-06-09T15:13:18.944-0100: 18750.948: Total time for which application threads were stopped: 0.0000899 seconds, Stopping threads took: 0.0000083 seconds
2017-06-09T15:13:18.949-0100: 18750.953: Total time for which application threads were stopped: 0.0001485 seconds, Stopping threads took: 0.0000377 seconds
2017-06-09T15:13:18.950-0100: 18750.953: Total time for which application threads were stopped: 0.0001059 seconds, Stopping threads took: 0.0000144 seconds
2017-06-09T15:13:18.958-0100: 18750.961: Total time for which application threads were stopped: 0.0001699 seconds, Stopping threads took: 0.0000340 seconds
2017-06-09T15:13:18.959-0100: 18750.962: Total time for which application threads were stopped: 0.0001348 seconds, Stopping threads took: 0.0000428 seconds
2017-06-09T15:13:18.963-0100: 18750.967: Total time for which application threads were stopped: 0.0002378 seconds, Stopping threads took: 0.0000363 seconds
2017-06-09T15:13:18.964-0100: 18750.967: Total time for which application threads were stopped: 0.0001683 seconds, Stopping threads took: 0.0000226 seconds
2017-06-09T15:13:18.964-0100: 18750.968: Total time for which application threads were stopped: 0.0001871 seconds, Stopping threads took: 0.0000267 seconds
2017-06-09T15:13:19.964-0100: 18751.968: Total time for which application threads were stopped: 0.0000959 seconds, Stopping threads took: 0.0000215 seconds
2017-06-09T15:13:20.560-0100: 18752.564: Total time for which application threads were stopped: 0.0001402 seconds, Stopping threads took: 0.0000212 seconds
2017-06-09T15:13:20.560-0100: 18752.564: Total time for which application threads were stopped: 0.0001052 seconds, Stopping threads took: 0.0000244 seconds
2017-06-09T15:13:20.569-0100: 18752.573: Total time for which application threads were stopped: 0.0001337 seconds, Stopping threads took: 0.0000226 seconds
2017-06-09T15:13:20.569-0100: 18752.573: Total time for which application threads were stopped: 0.0000971 seconds, Stopping threads took: 0.0000149 seconds
2017-06-09T15:13:21.570-0100: 18753.574: Total time for which application threads were stopped: 0.0001076 seconds, Stopping threads took: 0.0000218 seconds
2017-06-09T15:13:40.373-0100: 18772.377: Total time for which application threads were stopped: 0.0007210 seconds, Stopping threads took: 0.0006086 seconds
2017-06-09T15:13:40.374-0100: 18772.377: Total time for which application threads were stopped: 0.0001139 seconds, Stopping threads took: 0.0000348 seconds
2017-06-09T15:13:40.381-0100: 18772.385: Total time for which application threads were stopped: 0.0002510 seconds, Stopping threads took: 0.0000675 seconds
2017-06-09T15:13:40.382-0100: 18772.385: Total time for which application threads were stopped: 0.0001285 seconds, Stopping threads took: 0.0000279 seconds
2017-06-09T15:13:40.394-0100: 18772.397: Total time for which application threads were stopped: 0.0007140 seconds, Stopping threads took: 0.0000231 seconds
2017-06-09T15:13:41.397-0100: 18773.400: Total time for which application threads were stopped: 0.0001145 seconds, Stopping threads took: 0.0000245 seconds
2017-06-09T15:13:53.423-0100: 18785.426: Total time for which application threads were stopped: 0.0001628 seconds, Stopping threads took: 0.0000330 seconds
2017-06-09T15:14:18.960-0100: 18810.963: Total time for which application threads were stopped: 0.0001249 seconds, Stopping threads took: 0.0000277 seconds
2017-06-09T15:14:40.388-0100: 18832.391: Total time for which application threads were stopped: 0.0001430 seconds, Stopping threads took: 0.0000311 seconds
2017-06-09T15:14:51.470-0100: 18843.473: Total time for which application threads were stopped: 0.0001665 seconds, Stopping threads took: 0.0000449 seconds
2017-06-09T15:14:51.470-0100: 18843.473: Total time for which application threads were stopped: 0.0000823 seconds, Stopping threads took: 0.0000244 seconds
2017-06-09T15:14:51.478-0100: 18843.481: Total time for which application threads were stopped: 0.0001385 seconds, Stopping threads took: 0.0000229 seconds
2017-06-09T15:14:51.478-0100: 18843.482: Total time for which application threads were stopped: 0.0001165 seconds, Stopping threads took: 0.0000325 seconds
2017-06-09T15:15:40.080-0100: 18892.083: Total time for which application threads were stopped: 0.0001659 seconds, Stopping threads took: 0.0000489 seconds
2017-06-09T15:15:40.080-0100: 18892.083: Total time for which application threads were stopped: 0.0001124 seconds, Stopping threads took: 0.0000288 seconds
2017-06-09T15:15:40.088-0100: 18892.090: Total time for which application threads were stopped: 0.0001645 seconds, Stopping threads took: 0.0000397 seconds
2017-06-09T15:15:40.088-0100: 18892.090: Total time for which application threads were stopped: 0.0000593 seconds, Stopping threads took: 0.0000080 seconds
2017-06-09T15:16:40.090-0100: 18952.093: Total time for which application threads were stopped: 0.0000925 seconds, Stopping threads took: 0.0000191 seconds
2017-06-09T15:17:20.156-0100: 18992.158: Total time for which application threads were stopped: 0.0001391 seconds, Stopping threads took: 0.0000306 seconds
2017-06-09T15:18:01.507-0100: 19033.509: Total time for which application threads were stopped: 0.0002014 seconds, Stopping threads took: 0.0000397 seconds
2017-06-09T15:18:01.508-0100: 19033.509: Total time for which application threads were stopped: 0.0001113 seconds, Stopping threads took: 0.0000138 seconds
2017-06-09T15:18:01.517-0100: 19033.518: Total time for which application threads were stopped: 0.0002108 seconds, Stopping threads took: 0.0000855 seconds
2017-06-09T15:18:01.517-0100: 19033.519: Total time for which application threads were stopped: 0.0001600 seconds, Stopping threads took: 0.0000588 seconds
2017-06-09T15:18:01.570-0100: 19033.571: Total time for which application threads were stopped: 0.0001530 seconds, Stopping threads took: 0.0000371 seconds
2017-06-09T15:18:01.570-0100: 19033.572: Total time for which application threads were stopped: 0.0000990 seconds, Stopping threads took: 0.0000111 seconds
2017-06-09T15:18:01.580-0100: 19033.582: Total time for which application threads were stopped: 0.0020018 seconds, Stopping threads took: 0.0018467 seconds
2017-06-09T15:18:01.580-0100: 19033.582: Total time for which application threads were stopped: 0.0001285 seconds, Stopping threads took: 0.0000341 seconds
2017-06-09T15:18:01.582-0100: 19033.584: Total time for which application threads were stopped: 0.0003692 seconds, Stopping threads took: 0.0000464 seconds
{Heap before GC invocations=7 (full 1):
 par new generation   total 109248K, used 104917K [0x00000007a0000000, 0x00000007a8000000, 0x00000007a8000000)
  eden space 87424K, 100% used [0x00000007a0000000, 0x00000007a5560000, 0x00000007a5560000)
  from space 21824K,  80% used [0x00000007a6ab0000, 0x00000007a7bc5700, 0x00000007a8000000)
  to   space 21824K,   0% used [0x00000007a5560000, 0x00000007a5560000, 0x00000007a6ab0000)
 concurrent mark-sweep generation total 393216K, used 0K [0x00000007a8000000, 0x00000007c0000000, 0x00000007c0000000)
 Metaspace       used 32445K, capacity 32962K, committed 33276K, reserved 1079296K
  class space    used 3802K, capacity 3989K, committed 4092K, reserved 1048576K
2017-06-09T15:18:03.305-0100: 19035.307: [GC (Allocation Failure) 2017-06-09T15:18:03.305-0100: 19035.307: [ParNew
Desired survivor size 20112992 bytes, new threshold 8 (max 8)
- age   1:   10164552 bytes,   10164552 total
- age   2:    1762680 bytes,   11927232 total
- age   3:     762192 bytes,   12689424 total
- age   4:     209008 bytes,   12898432 total
- age   5:     451328 bytes,   13349760 total
- age   6:        296 bytes,   13350056 total
- age   7:     883880 bytes,   14233936 total
- age   8:    5816656 bytes,   20050592 total
: 104917K->21824K(109248K), 0.0586170 secs] 104917K->21911K(502464K), 0.0587078 secs] [Times: user=0.06 sys=0.13, real=0.06 secs] 
Heap after GC invocations=8 (full 1):
 par new generation   total 109248K, used 21824K [0x00000007a0000000, 0x00000007a8000000, 0x00000007a8000000)
  eden space 87424K,   0% used [0x00000007a0000000, 0x00000007a0000000, 0x00000007a5560000)
  from space 21824K, 100% used [0x00000007a5560000, 0x00000007a6ab0000, 0x00000007a6ab0000)
  to   space 21824K,   0% used [0x00000007a6ab0000, 0x00000007a6ab0000, 0x00000007a8000000)
 concurrent mark-sweep generation total 393216K, used 87K [0x00000007a8000000, 0x00000007c0000000, 0x00000007c0000000)
 Metaspace       used 32445K, capacity 32962K, committed 33276K, reserved 1079296K
  class space    used 3802K, capacity 3989K, committed 4092K, reserved 1048576K
}
2017-06-09T15:18:03.364-0100: 19035.365: Total time for which application threads were stopped: 0.0589221 seconds, Stopping threads took: 0.0000164 seconds
2017-06-09T15:18:03.365-0100: 19035.367: Total time for which application threads were stopped: 0.0002425 seconds, Stopping threads took: 0.0000755 seconds
{Heap before GC invocations=8 (full 1):
 par new generation   total 109248K, used 109248K [0x00000007a0000000, 0x00000007a8000000, 0x00000007a8000000)
  eden space 87424K, 100% used [0x00000007a0000000, 0x00000007a5560000, 0x00000007a5560000)
  from space 21824K, 100% used [0x00000007a5560000, 0x00000007a6ab0000, 0x00000007a6ab0000)
  to   space 21824K,   0% used [0x00000007a6ab0000, 0x00000007a6ab0000, 0x00000007a8000000)
 concurrent mark-sweep generation total 393216K, used 87K [0x00000007a8000000, 0x00000007c0000000, 0x00000007c0000000)
 Metaspace       used 32499K, capacity 33096K, committed 33532K, reserved 1079296K
  class space    used 3802K, capacity 3990K, committed 4092K, reserved 1048576K
2017-06-09T15:18:03.533-0100: 19035.535: [GC (Allocation Failure) 2017-06-09T15:18:03.533-0100: 19035.535: [ParNew
Desired survivor size 20112992 bytes, new threshold 8 (max 8)
- age   1:     459592 bytes,     459592 total
- age   2:    6447040 bytes,    6906632 total
- age   3:    1708152 bytes,    8614784 total
- age   4:     744256 bytes,    9359040 total
- age   5:     197168 bytes,    9556208 total
- age   6:     380264 bytes,    9936472 total
- age   7:        296 bytes,    9936768 total
- age   8:     862408 bytes,   10799176 total
: 109248K->20508K(109248K), 0.0295209 secs] 109335K->26852K(502464K), 0.0295804 secs] [Times: user=0.09 sys=0.02, real=0.03 secs] 
Heap after GC invocations=9 (full 1):
 par new generation   total 109248K, used 20508K [0x00000007a0000000, 0x00000007a8000000, 0x00000007a8000000)
  eden space 87424K,   0% used [0x00000007a0000000, 0x00000007a0000000, 0x00000007a5560000)
  from space 21824K,  93% used [0x00000007a6ab0000, 0x00000007a7eb71c0, 0x00000007a8000000)
  to   space 21824K,   0% used [0x00000007a5560000, 0x00000007a5560000, 0x00000007a6ab0000)
 concurrent mark-sweep generation total 393216K, used 6343K [0x00000007a8000000, 0x00000007c0000000, 0x00000007c0000000)
 Metaspace       used 32499K, capacity 33096K, committed 33532K, reserved 1079296K
  class space    used 3802K, capacity 3990K, committed 4092K, reserved 1048576K
}
2017-06-09T15:18:03.563-0100: 19035.565: Total time for which application threads were stopped: 0.0298390 seconds, Stopping threads took: 0.0000216 seconds
2017-06-09T15:18:03.566-0100: 19035.567: Total time for which application threads were stopped: 0.0001223 seconds, Stopping threads took: 0.0000460 seconds
2017-06-09T15:18:03.728-0100: 19035.730: Total time for which application threads were stopped: 0.0001845 seconds, Stopping threads took: 0.0000521 seconds
2017-06-09T15:18:03.765-0100: 19035.767: Total time for which application threads were stopped: 0.0001836 seconds, Stopping threads took: 0.0001032 seconds
2017-06-09T15:18:03.765-0100: 19035.767: Total time for which application threads were stopped: 0.0000704 seconds, Stopping threads took: 0.0000209 seconds
2017-06-09T15:18:03.766-0100: 19035.767: Total time for which application threads were stopped: 0.0000892 seconds, Stopping threads took: 0.0000464 seconds
2017-06-09T15:18:03.766-0100: 19035.768: Total time for which application threads were stopped: 0.0000792 seconds, Stopping threads took: 0.0000371 seconds
2017-06-09T15:18:03.766-0100: 19035.768: Total time for which application threads were stopped: 0.0000544 seconds, Stopping threads took: 0.0000174 seconds
2017-06-09T15:18:04.791-0100: 19036.793: Total time for which application threads were stopped: 0.0001203 seconds, Stopping threads took: 0.0000428 seconds
2017-06-09T15:18:04.797-0100: 19036.799: Total time for which application threads were stopped: 0.0000992 seconds, Stopping threads took: 0.0000170 seconds
2017-06-09T15:18:04.797-0100: 19036.799: Total time for which application threads were stopped: 0.0001705 seconds, Stopping threads took: 0.0000846 seconds
2017-06-09T15:18:04.803-0100: 19036.805: Total time for which application threads were stopped: 0.0001122 seconds, Stopping threads took: 0.0000292 seconds
2017-06-09T15:18:04.803-0100: 19036.805: Total time for which application threads were stopped: 0.0000690 seconds, Stopping threads took: 0.0000089 seconds
2017-06-09T15:19:04.805-0100: 19096.806: Total time for which application threads were stopped: 0.0001517 seconds, Stopping threads took: 0.0000306 seconds
2017-06-09T15:19:34.871-0100: 19126.872: Total time for which application threads were stopped: 0.0001054 seconds, Stopping threads took: 0.0000225 seconds
2017-06-09T15:23:15.373-0100: 19347.373: Total time for which application threads were stopped: 0.0001104 seconds, Stopping threads took: 0.0000244 seconds
2017-06-09T15:27:37.037-0100: 19609.035: Total time for which application threads were stopped: 0.0003204 seconds, Stopping threads took: 0.0002313 seconds
2017-06-09T15:27:38.041-0100: 19610.039: Total time for which application threads were stopped: 0.0001003 seconds, Stopping threads took: 0.0000185 seconds
2017-06-09T15:27:48.899-0100: 19620.897: Total time for which application threads were stopped: 0.0001884 seconds, Stopping threads took: 0.0000175 seconds
2017-06-09T15:27:49.013-0100: 19621.011: Total time for which application threads were stopped: 0.0001772 seconds, Stopping threads took: 0.0000147 seconds
2017-06-09T15:27:50.013-0100: 19622.011: Total time for which application threads were stopped: 0.0001646 seconds, Stopping threads took: 0.0000289 seconds
2017-06-09T15:27:51.017-0100: 19623.015: Total time for which application threads were stopped: 0.0003471 seconds, Stopping threads took: 0.0001910 seconds
2017-06-09T15:27:52.021-0100: 19624.019: Total time for which application threads were stopped: 0.0001383 seconds, Stopping threads took: 0.0000164 seconds
2017-06-09T15:27:53.025-0100: 19625.023: Total time for which application threads were stopped: 0.0001344 seconds, Stopping threads took: 0.0000291 seconds
{Heap before GC invocations=9 (full 1):
 par new generation   total 109248K, used 107932K [0x00000007a0000000, 0x00000007a8000000, 0x00000007a8000000)
  eden space 87424K, 100% used [0x00000007a0000000, 0x00000007a5560000, 0x00000007a5560000)
  from space 21824K,  93% used [0x00000007a6ab0000, 0x00000007a7eb71c0, 0x00000007a8000000)
  to   space 21824K,   0% used [0x00000007a5560000, 0x00000007a5560000, 0x00000007a6ab0000)
 concurrent mark-sweep generation total 393216K, used 6343K [0x00000007a8000000, 0x00000007c0000000, 0x00000007c0000000)
 Metaspace       used 34036K, capacity 34574K, committed 34812K, reserved 1079296K
  class space    used 3850K, capacity 4027K, committed 4092K, reserved 1048576K
2017-06-09T15:27:53.207-0100: 19625.205: [GC (Allocation Failure) 2017-06-09T15:27:53.207-0100: 19625.205: [ParNew
Desired survivor size 20112992 bytes, new threshold 8 (max 8)
- age   1:    7628712 bytes,    7628712 total
- age   2:     418424 bytes,    8047136 total
- age   3:    5924520 bytes,   13971656 total
- age   4:    1702960 bytes,   15674616 total
- age   5:     744224 bytes,   16418840 total
- age   6:     197120 bytes,   16615960 total
- age   7:     380144 bytes,   16996104 total
- age   8:        296 bytes,   16996400 total
: 107932K->19549K(109248K), 0.0178386 secs] 114276K->26747K(502464K), 0.0179139 secs] [Times: user=0.07 sys=0.00, real=0.02 secs] 
Heap after GC invocations=10 (full 1):
 par new generation   total 109248K, used 19549K [0x00000007a0000000, 0x00000007a8000000, 0x00000007a8000000)
  eden space 87424K,   0% used [0x00000007a0000000, 0x00000007a0000000, 0x00000007a5560000)
  from space 21824K,  89% used [0x00000007a5560000, 0x00000007a68776c0, 0x00000007a6ab0000)
  to   space 21824K,   0% used [0x00000007a6ab0000, 0x00000007a6ab0000, 0x00000007a8000000)
 concurrent mark-sweep generation total 393216K, used 7198K [0x00000007a8000000, 0x00000007c0000000, 0x00000007c0000000)
 Metaspace       used 34036K, capacity 34574K, committed 34812K, reserved 1079296K
  class space    used 3850K, capacity 4027K, committed 4092K, reserved 1048576K
}
2017-06-09T15:27:53.225-0100: 19625.223: Total time for which application threads were stopped: 0.0180988 seconds, Stopping threads took: 0.0000173 seconds
2017-06-09T15:27:53.226-0100: 19625.224: Total time for which application threads were stopped: 0.0001475 seconds, Stopping threads took: 0.0000634 seconds
2017-06-09T15:27:54.226-0100: 19626.224: Total time for which application threads were stopped: 0.0001325 seconds, Stopping threads took: 0.0000172 seconds
2017-06-09T15:27:55.227-0100: 19627.225: Total time for which application threads were stopped: 0.0001084 seconds, Stopping threads took: 0.0000179 seconds
2017-06-09T15:27:56.231-0100: 19628.229: Total time for which application threads were stopped: 0.0000878 seconds, Stopping threads took: 0.0000198 seconds
2017-06-09T15:28:32.330-0100: 19664.327: Total time for which application threads were stopped: 0.0001168 seconds, Stopping threads took: 0.0000370 seconds
2017-06-09T15:28:33.331-0100: 19665.329: Total time for which application threads were stopped: 0.0000955 seconds, Stopping threads took: 0.0000224 seconds
{Heap before GC invocations=10 (full 1):
 par new generation   total 109248K, used 106973K [0x00000007a0000000, 0x00000007a8000000, 0x00000007a8000000)
  eden space 87424K, 100% used [0x00000007a0000000, 0x00000007a5560000, 0x00000007a5560000)
  from space 21824K,  89% used [0x00000007a5560000, 0x00000007a68776c0, 0x00000007a6ab0000)
  to   space 21824K,   0% used [0x00000007a6ab0000, 0x00000007a6ab0000, 0x00000007a8000000)
 concurrent mark-sweep generation total 393216K, used 7198K [0x00000007a8000000, 0x00000007c0000000, 0x00000007c0000000)
 Metaspace       used 34098K, capacity 34638K, committed 34812K, reserved 1079296K
  class space    used 3853K, capacity 4027K, committed 4092K, reserved 1048576K
2017-06-09T15:28:34.198-0100: 19666.196: [GC (Allocation Failure) 2017-06-09T15:28:34.198-0100: 19666.196: [ParNew
Desired survivor size 20112992 bytes, new threshold 8 (max 8)
- age   1:     842592 bytes,     842592 total
- age   2:    6581768 bytes,    7424360 total
- age   3:     418328 bytes,    7842688 total
- age   4:    5869448 bytes,   13712136 total
- age   5:    1702944 bytes,   15415080 total
- age   6:     744016 bytes,   16159096 total
- age   7:     189016 bytes,   16348112 total
- age   8:     374544 bytes,   16722656 total
: 106973K->21824K(109248K), 0.0127089 secs] 114171K->29022K(502464K), 0.0127870 secs] [Times: user=0.04 sys=0.00, real=0.02 secs] 
Heap after GC invocations=11 (full 1):
 par new generation   total 109248K, used 21824K [0x00000007a0000000, 0x00000007a8000000, 0x00000007a8000000)
  eden space 87424K,   0% used [0x00000007a0000000, 0x00000007a0000000, 0x00000007a5560000)
  from space 21824K, 100% used [0x00000007a6ab0000, 0x00000007a8000000, 0x00000007a8000000)
  to   space 21824K,   0% used [0x00000007a5560000, 0x00000007a5560000, 0x00000007a6ab0000)
 concurrent mark-sweep generation total 393216K, used 7198K [0x00000007a8000000, 0x00000007c0000000, 0x00000007c0000000)
 Metaspace       used 34098K, capacity 34638K, committed 34812K, reserved 1079296K
  class space    used 3853K, capacity 4027K, committed 4092K, reserved 1048576K
}
2017-06-09T15:28:34.211-0100: 19666.209: Total time for which application threads were stopped: 0.0129939 seconds, Stopping threads took: 0.0000178 seconds
2017-06-09T15:28:35.213-0100: 19667.211: Total time for which application threads were stopped: 0.0001017 seconds, Stopping threads took: 0.0000216 seconds
2017-06-09T15:28:36.218-0100: 19668.215: Total time for which application threads were stopped: 0.0001144 seconds, Stopping threads took: 0.0000230 seconds
2017-06-09T15:28:37.221-0100: 19669.219: Total time for which application threads were stopped: 0.0001345 seconds, Stopping threads took: 0.0000279 seconds
2017-06-09T15:38:22.072-0100: 20254.066: Total time for which application threads were stopped: 0.0002098 seconds, Stopping threads took: 0.0000388 seconds
2017-06-09T15:38:22.073-0100: 20254.067: Total time for which application threads were stopped: 0.0001152 seconds, Stopping threads took: 0.0000116 seconds
2017-06-09T15:38:22.081-0100: 20254.075: Total time for which application threads were stopped: 0.0001000 seconds, Stopping threads took: 0.0000170 seconds
2017-06-09T15:38:22.082-0100: 20254.076: Total time for which application threads were stopped: 0.0000664 seconds, Stopping threads took: 0.0000119 seconds
{Heap before GC invocations=11 (full 1):
 par new generation   total 109248K, used 109248K [0x00000007a0000000, 0x00000007a8000000, 0x00000007a8000000)
  eden space 87424K, 100% used [0x00000007a0000000, 0x00000007a5560000, 0x00000007a5560000)
  from space 21824K, 100% used [0x00000007a6ab0000, 0x00000007a8000000, 0x00000007a8000000)
  to   space 21824K,   0% used [0x00000007a5560000, 0x00000007a5560000, 0x00000007a6ab0000)
 concurrent mark-sweep generation total 393216K, used 7198K [0x00000007a8000000, 0x00000007c0000000, 0x00000007c0000000)
 Metaspace       used 34124K, capacity 34638K, committed 34812K, reserved 1079296K
  class space    used 3853K, capacity 4027K, committed 4092K, reserved 1048576K
2017-06-09T15:38:23.164-0100: 20255.158: [GC (Allocation Failure) 2017-06-09T15:38:23.164-0100: 20255.158: [ParNew
Desired survivor size 20112992 bytes, new threshold 8 (max 8)
- age   1:    1637448 bytes,    1637448 total
- age   2:     107240 bytes,    1744688 total
- age   3:    6570904 bytes,    8315592 total
- age   4:     418328 bytes,    8733920 total
- age   5:    5857776 bytes,   14591696 total
- age   6:    1702944 bytes,   16294640 total
- age   7:     744016 bytes,   17038656 total
- age   8:     189016 bytes,   17227672 total
: 109248K->19630K(109248K), 0.0124022 secs] 116446K->27203K(502464K), 0.0124651 secs] [Times: user=0.05 sys=0.01, real=0.01 secs] 
Heap after GC invocations=12 (full 1):
 par new generation   total 109248K, used 19630K [0x00000007a0000000, 0x00000007a8000000, 0x00000007a8000000)
  eden space 87424K,   0% used [0x00000007a0000000, 0x00000007a0000000, 0x00000007a5560000)
  from space 21824K,  89% used [0x00000007a5560000, 0x00000007a688ba20, 0x00000007a6ab0000)
  to   space 21824K,   0% used [0x00000007a6ab0000, 0x00000007a6ab0000, 0x00000007a8000000)
 concurrent mark-sweep generation total 393216K, used 7572K [0x00000007a8000000, 0x00000007c0000000, 0x00000007c0000000)
 Metaspace       used 34124K, capacity 34638K, committed 34812K, reserved 1079296K
  class space    used 3853K, capacity 4027K, committed 4092K, reserved 1048576K
}
2017-06-09T15:38:23.177-0100: 20255.171: Total time for which application threads were stopped: 0.0126917 seconds, Stopping threads took: 0.0000198 seconds
2017-06-09T15:38:23.177-0100: 20255.171: Total time for which application threads were stopped: 0.0001213 seconds, Stopping threads took: 0.0000207 seconds
{Heap before GC invocations=12 (full 1):
 par new generation   total 109248K, used 107054K [0x00000007a0000000, 0x00000007a8000000, 0x00000007a8000000)
  eden space 87424K, 100% used [0x00000007a0000000, 0x00000007a5560000, 0x00000007a5560000)
  from space 21824K,  89% used [0x00000007a5560000, 0x00000007a688ba20, 0x00000007a6ab0000)
  to   space 21824K,   0% used [0x00000007a6ab0000, 0x00000007a6ab0000, 0x00000007a8000000)
 concurrent mark-sweep generation total 393216K, used 7572K [0x00000007a8000000, 0x00000007c0000000, 0x00000007c0000000)
 Metaspace       used 34157K, capacity 34726K, committed 35068K, reserved 1081344K
  class space    used 3855K, capacity 4031K, committed 4092K, reserved 1048576K
2017-06-09T15:38:23.223-0100: 20255.217: [GC (Allocation Failure) 2017-06-09T15:38:23.224-0100: 20255.217: [ParNew
Desired survivor size 20112992 bytes, new threshold 8 (max 8)
- age   1:     826168 bytes,     826168 total
- age   2:    1423912 bytes,    2250080 total
- age   3:     107240 bytes,    2357320 total
- age   4:    6568968 bytes,    8926288 total
- age   5:     418328 bytes,    9344616 total
- age   6:    5857776 bytes,   15202392 total
- age   7:    1702944 bytes,   16905336 total
- age   8:     744016 bytes,   17649352 total
: 107054K->21824K(109248K), 0.0114660 secs] 114627K->29584K(502464K), 0.0115418 secs] [Times: user=0.05 sys=0.00, real=0.01 secs] 
Heap after GC invocations=13 (full 1):
 par new generation   total 109248K, used 21824K [0x00000007a0000000, 0x00000007a8000000, 0x00000007a8000000)
  eden space 87424K,   0% used [0x00000007a0000000, 0x00000007a0000000, 0x00000007a5560000)
  from space 21824K, 100% used [0x00000007a6ab0000, 0x00000007a8000000, 0x00000007a8000000)
  to   space 21824K,   0% used [0x00000007a5560000, 0x00000007a5560000, 0x00000007a6ab0000)
 concurrent mark-sweep generation total 393216K, used 7760K [0x00000007a8000000, 0x00000007c0000000, 0x00000007c0000000)
 Metaspace       used 34157K, capacity 34726K, committed 35068K, reserved 1081344K
  class space    used 3855K, capacity 4031K, committed 4092K, reserved 1048576K
}
2017-06-09T15:38:23.235-0100: 20255.229: Total time for which application threads were stopped: 0.0117630 seconds, Stopping threads took: 0.0000179 seconds
2017-06-09T15:38:23.235-0100: 20255.229: Total time for which application threads were stopped: 0.0002463 seconds, Stopping threads took: 0.0000779 seconds
{Heap before GC invocations=13 (full 1):
 par new generation   total 109248K, used 109248K [0x00000007a0000000, 0x00000007a8000000, 0x00000007a8000000)
  eden space 87424K, 100% used [0x00000007a0000000, 0x00000007a5560000, 0x00000007a5560000)
  from space 21824K, 100% used [0x00000007a6ab0000, 0x00000007a8000000, 0x00000007a8000000)
  to   space 21824K,   0% used [0x00000007a5560000, 0x00000007a5560000, 0x00000007a6ab0000)
 concurrent mark-sweep generation total 393216K, used 7760K [0x00000007a8000000, 0x00000007c0000000, 0x00000007c0000000)
 Metaspace       used 34175K, capacity 34726K, committed 35068K, reserved 1081344K
  class space    used 3855K, capacity 4031K, committed 4092K, reserved 1048576K
2017-06-09T15:38:23.357-0100: 20255.351: [GC (Allocation Failure) 2017-06-09T15:38:23.357-0100: 20255.351: [ParNew
Desired survivor size 20112992 bytes, new threshold 8 (max 8)
- age   1:     959008 bytes,     959008 total
- age   2:     183896 bytes,    1142904 total
- age   3:    1414168 bytes,    2557072 total
- age   4:     107240 bytes,    2664312 total
- age   5:    6568968 bytes,    9233280 total
- age   6:     418328 bytes,    9651608 total
- age   7:    5857776 bytes,   15509384 total
- age   8:    1702784 bytes,   17212168 total
: 109248K->21824K(109248K), 0.0132030 secs] 117008K->30315K(502464K), 0.0132768 secs] [Times: user=0.07 sys=0.01, real=0.02 secs] 
Heap after GC invocations=14 (full 1):
 par new generation   total 109248K, used 21824K [0x00000007a0000000, 0x00000007a8000000, 0x00000007a8000000)
  eden space 87424K,   0% used [0x00000007a0000000, 0x00000007a0000000, 0x00000007a5560000)
  from space 21824K, 100% used [0x00000007a5560000, 0x00000007a6ab0000, 0x00000007a6ab0000)
  to   space 21824K,   0% used [0x00000007a6ab0000, 0x00000007a6ab0000, 0x00000007a8000000)
 concurrent mark-sweep generation total 393216K, used 8491K [0x00000007a8000000, 0x00000007c0000000, 0x00000007c0000000)
 Metaspace       used 34175K, capacity 34726K, committed 35068K, reserved 1081344K
  class space    used 3855K, capacity 4031K, committed 4092K, reserved 1048576K
}
2017-06-09T15:38:23.370-0100: 20255.364: Total time for which application threads were stopped: 0.0135360 seconds, Stopping threads took: 0.0000227 seconds
2017-06-09T15:38:23.411-0100: 20255.405: Total time for which application threads were stopped: 0.0001500 seconds, Stopping threads took: 0.0000456 seconds
2017-06-09T15:38:23.600-0100: 20255.594: Total time for which application threads were stopped: 0.0002526 seconds, Stopping threads took: 0.0000627 seconds
2017-06-09T15:38:23.621-0100: 20255.615: Total time for which application threads were stopped: 0.0001370 seconds, Stopping threads took: 0.0000265 seconds
2017-06-09T15:38:24.626-0100: 20256.620: Total time for which application threads were stopped: 0.0001225 seconds, Stopping threads took: 0.0000247 seconds
2017-06-09T15:38:24.647-0100: 20256.641: Total time for which application threads were stopped: 0.0001882 seconds, Stopping threads took: 0.0000633 seconds
2017-06-09T15:38:24.654-0100: 20256.648: Total time for which application threads were stopped: 0.0001551 seconds, Stopping threads took: 0.0000310 seconds
2017-06-09T15:38:24.654-0100: 20256.648: Total time for which application threads were stopped: 0.0001045 seconds, Stopping threads took: 0.0000319 seconds
2017-06-09T15:38:24.661-0100: 20256.655: Total time for which application threads were stopped: 0.0001131 seconds, Stopping threads took: 0.0000242 seconds
2017-06-09T15:38:24.662-0100: 20256.656: Total time for which application threads were stopped: 0.0000924 seconds, Stopping threads took: 0.0000121 seconds
2017-06-09T15:38:26.840-0100: 20258.834: Total time for which application threads were stopped: 0.0001548 seconds, Stopping threads took: 0.0000471 seconds
2017-06-09T15:38:26.840-0100: 20258.834: Total time for which application threads were stopped: 0.0001428 seconds, Stopping threads took: 0.0000513 seconds
2017-06-09T15:38:26.840-0100: 20258.834: Total time for which application threads were stopped: 0.0001368 seconds, Stopping threads took: 0.0000486 seconds
2017-06-09T15:38:26.840-0100: 20258.834: Total time for which application threads were stopped: 0.0001013 seconds, Stopping threads took: 0.0000283 seconds
2017-06-09T15:38:26.841-0100: 20258.835: Total time for which application threads were stopped: 0.0002736 seconds, Stopping threads took: 0.0000444 seconds
2017-06-09T15:38:26.843-0100: 20258.836: Total time for which application threads were stopped: 0.0002302 seconds, Stopping threads took: 0.0000951 seconds
2017-06-09T15:38:26.844-0100: 20258.838: Total time for which application threads were stopped: 0.0002864 seconds, Stopping threads took: 0.0000707 seconds
2017-06-09T15:38:26.845-0100: 20258.839: Total time for which application threads were stopped: 0.0002098 seconds, Stopping threads took: 0.0000484 seconds
2017-06-09T15:38:26.845-0100: 20258.839: Total time for which application threads were stopped: 0.0001748 seconds, Stopping threads took: 0.0000396 seconds
2017-06-09T15:38:26.846-0100: 20258.840: Total time for which application threads were stopped: 0.0001693 seconds, Stopping threads took: 0.0000601 seconds
2017-06-09T15:38:26.846-0100: 20258.840: Total time for which application threads were stopped: 0.0001428 seconds, Stopping threads took: 0.0000408 seconds
2017-06-09T15:38:26.846-0100: 20258.840: Total time for which application threads were stopped: 0.0001236 seconds, Stopping threads took: 0.0000231 seconds
2017-06-09T15:38:26.846-0100: 20258.840: Total time for which application threads were stopped: 0.0001245 seconds, Stopping threads took: 0.0000275 seconds
2017-06-09T15:38:26.846-0100: 20258.840: Total time for which application threads were stopped: 0.0001194 seconds, Stopping threads took: 0.0000257 seconds
2017-06-09T15:38:26.847-0100: 20258.841: Total time for which application threads were stopped: 0.0001200 seconds, Stopping threads took: 0.0000266 seconds
2017-06-09T15:38:26.847-0100: 20258.841: Total time for which application threads were stopped: 0.0001332 seconds, Stopping threads took: 0.0000466 seconds
2017-06-09T15:38:26.847-0100: 20258.841: Total time for which application threads were stopped: 0.0001063 seconds, Stopping threads took: 0.0000360 seconds
2017-06-09T15:38:26.851-0100: 20258.844: Total time for which application threads were stopped: 0.0001887 seconds, Stopping threads took: 0.0000548 seconds
2017-06-09T15:38:26.851-0100: 20258.845: Total time for which application threads were stopped: 0.0001188 seconds, Stopping threads took: 0.0000205 seconds
2017-06-09T15:38:26.853-0100: 20258.847: Total time for which application threads were stopped: 0.0001411 seconds, Stopping threads took: 0.0000195 seconds
2017-06-09T15:38:26.853-0100: 20258.847: Total time for which application threads were stopped: 0.0001534 seconds, Stopping threads took: 0.0000300 seconds
2017-06-09T15:38:26.853-0100: 20258.847: Total time for which application threads were stopped: 0.0001259 seconds, Stopping threads took: 0.0000271 seconds
2017-06-09T15:38:26.854-0100: 20258.848: Total time for which application threads were stopped: 0.0002139 seconds, Stopping threads took: 0.0000670 seconds
2017-06-09T15:38:26.859-0100: 20258.853: Total time for which application threads were stopped: 0.0001485 seconds, Stopping threads took: 0.0000363 seconds
2017-06-09T15:38:26.859-0100: 20258.853: Total time for which application threads were stopped: 0.0001121 seconds, Stopping threads took: 0.0000183 seconds
2017-06-09T15:38:26.865-0100: 20258.859: Total time for which application threads were stopped: 0.0001124 seconds, Stopping threads took: 0.0000241 seconds
2017-06-09T15:38:26.865-0100: 20258.859: Total time for which application threads were stopped: 0.0000508 seconds, Stopping threads took: 0.0000088 seconds
2017-06-09T15:38:28.342-0100: 20260.336: Total time for which application threads were stopped: 0.0001828 seconds, Stopping threads took: 0.0000364 seconds
2017-06-09T15:38:28.345-0100: 20260.339: Total time for which application threads were stopped: 0.0002122 seconds, Stopping threads took: 0.0000497 seconds
2017-06-09T15:38:28.346-0100: 20260.340: Total time for which application threads were stopped: 0.0001282 seconds, Stopping threads took: 0.0000332 seconds
2017-06-09T15:38:28.356-0100: 20260.349: Total time for which application threads were stopped: 0.0002492 seconds, Stopping threads took: 0.0000383 seconds
2017-06-09T15:38:28.357-0100: 20260.350: Total time for which application threads were stopped: 0.0002231 seconds, Stopping threads took: 0.0000184 seconds
2017-06-09T15:38:28.357-0100: 20260.351: Total time for which application threads were stopped: 0.0001524 seconds, Stopping threads took: 0.0000101 seconds
2017-06-09T15:38:46.573-0100: 20278.567: Total time for which application threads were stopped: 0.0005226 seconds, Stopping threads took: 0.0000140 seconds
2017-06-09T15:38:47.575-0100: 20279.569: Total time for which application threads were stopped: 0.0001491 seconds, Stopping threads took: 0.0000255 seconds
2017-06-09T15:38:47.595-0100: 20279.589: Total time for which application threads were stopped: 0.0001076 seconds, Stopping threads took: 0.0000218 seconds
2017-06-09T15:38:47.597-0100: 20279.591: Total time for which application threads were stopped: 0.0000801 seconds, Stopping threads took: 0.0000116 seconds
2017-06-09T15:38:47.597-0100: 20279.591: Total time for which application threads were stopped: 0.0000506 seconds, Stopping threads took: 0.0000072 seconds
2017-06-09T15:38:47.597-0100: 20279.591: Total time for which application threads were stopped: 0.0000446 seconds, Stopping threads took: 0.0000070 seconds
2017-06-09T15:38:47.597-0100: 20279.591: Total time for which application threads were stopped: 0.0000431 seconds, Stopping threads took: 0.0000071 seconds
2017-06-09T15:38:47.598-0100: 20279.591: Total time for which application threads were stopped: 0.0000561 seconds, Stopping threads took: 0.0000091 seconds
2017-06-09T15:39:01.595-0100: 20293.589: Total time for which application threads were stopped: 0.0000958 seconds, Stopping threads took: 0.0000208 seconds
2017-06-09T15:39:01.596-0100: 20293.589: Total time for which application threads were stopped: 0.0000628 seconds, Stopping threads took: 0.0000095 seconds
2017-06-09T15:39:01.596-0100: 20293.589: Total time for which application threads were stopped: 0.0000437 seconds, Stopping threads took: 0.0000071 seconds
2017-06-09T15:39:01.596-0100: 20293.590: Total time for which application threads were stopped: 0.0000583 seconds, Stopping threads took: 0.0000118 seconds
2017-06-09T15:39:01.596-0100: 20293.590: Total time for which application threads were stopped: 0.0000475 seconds, Stopping threads took: 0.0000076 seconds
2017-06-09T15:39:01.596-0100: 20293.590: Total time for which application threads were stopped: 0.0000451 seconds, Stopping threads took: 0.0000074 seconds
2017-06-09T15:39:01.596-0100: 20293.590: Total time for which application threads were stopped: 0.0000423 seconds, Stopping threads took: 0.0000070 seconds
2017-06-09T15:39:01.596-0100: 20293.590: Total time for which application threads were stopped: 0.0000609 seconds, Stopping threads took: 0.0000114 seconds
2017-06-09T15:39:01.596-0100: 20293.590: Total time for which application threads were stopped: 0.0000671 seconds, Stopping threads took: 0.0000085 seconds
2017-06-09T15:39:01.610-0100: 20293.604: Total time for which application threads were stopped: 0.0000820 seconds, Stopping threads took: 0.0000147 seconds
2017-06-09T15:39:01.610-0100: 20293.604: Total time for which application threads were stopped: 0.0000767 seconds, Stopping threads took: 0.0000121 seconds
2017-06-09T15:39:01.611-0100: 20293.604: Total time for which application threads were stopped: 0.0000449 seconds, Stopping threads took: 0.0000069 seconds
2017-06-09T15:39:01.611-0100: 20293.604: Total time for which application threads were stopped: 0.0000527 seconds, Stopping threads took: 0.0000087 seconds
2017-06-09T15:39:17.648-0100: 20309.642: Total time for which application threads were stopped: 0.0001166 seconds, Stopping threads took: 0.0000297 seconds
2017-06-09T15:39:27.678-0100: 20319.672: Total time for which application threads were stopped: 0.0000866 seconds, Stopping threads took: 0.0000205 seconds
2017-06-09T15:39:28.358-0100: 20320.352: Total time for which application threads were stopped: 0.0000701 seconds, Stopping threads took: 0.0000169 seconds
2017-06-09T15:40:06.317-0100: 20358.311: Total time for which application threads were stopped: 0.0006403 seconds, Stopping threads took: 0.0000169 seconds
2017-06-09T15:40:06.344-0100: 20358.337: Total time for which application threads were stopped: 0.0006669 seconds, Stopping threads took: 0.0000173 seconds
2017-06-09T15:40:06.352-0100: 20358.346: Total time for which application threads were stopped: 0.0007541 seconds, Stopping threads took: 0.0000166 seconds
2017-06-09T15:40:06.354-0100: 20358.347: Total time for which application threads were stopped: 0.0007696 seconds, Stopping threads took: 0.0000514 seconds
2017-06-09T15:40:06.355-0100: 20358.349: Total time for which application threads were stopped: 0.0008212 seconds, Stopping threads took: 0.0000119 seconds
2017-06-09T15:40:06.485-0100: 20358.478: Total time for which application threads were stopped: 0.0002306 seconds, Stopping threads took: 0.0000475 seconds
2017-06-09T15:40:06.590-0100: 20358.584: Total time for which application threads were stopped: 0.0002147 seconds, Stopping threads took: 0.0000316 seconds
{Heap before GC invocations=14 (full 1):
 par new generation   total 109248K, used 109248K [0x00000007a0000000, 0x00000007a8000000, 0x00000007a8000000)
  eden space 87424K, 100% used [0x00000007a0000000, 0x00000007a5560000, 0x00000007a5560000)
  from space 21824K, 100% used [0x00000007a5560000, 0x00000007a6ab0000, 0x00000007a6ab0000)
  to   space 21824K,   0% used [0x00000007a6ab0000, 0x00000007a6ab0000, 0x00000007a8000000)
 concurrent mark-sweep generation total 393216K, used 8491K [0x00000007a8000000, 0x00000007c0000000, 0x00000007c0000000)
 Metaspace       used 35895K, capacity 36466K, committed 36732K, reserved 1081344K
  class space    used 4005K, capacity 4197K, committed 4220K, reserved 1048576K
2017-06-09T15:40:06.821-0100: 20358.815: [GC (Allocation Failure) 2017-06-09T15:40:06.821-0100: 20358.815: [ParNew
Desired survivor size 20112992 bytes, new threshold 8 (max 8)
- age   1:    5548464 bytes,    5548464 total
- age   2:     147040 bytes,    5695504 total
- age   3:     183480 bytes,    5878984 total
- age   4:     735152 bytes,    6614136 total
- age   5:      58120 bytes,    6672256 total
- age   6:    8558712 bytes,   15230968 total
- age   7:     418328 bytes,   15649296 total
- age   8:    5759568 bytes,   21408864 total
: 109248K->21824K(109248K), 0.0142261 secs] 117739K->33512K(502464K), 0.0142769 secs] [Times: user=0.06 sys=0.00, real=0.01 secs] 
Heap after GC invocations=15 (full 1):
 par new generation   total 109248K, used 21824K [0x00000007a0000000, 0x00000007a8000000, 0x00000007a8000000)
  eden space 87424K,   0% used [0x00000007a0000000, 0x00000007a0000000, 0x00000007a5560000)
  from space 21824K, 100% used [0x00000007a6ab0000, 0x00000007a8000000, 0x00000007a8000000)
  to   space 21824K,   0% used [0x00000007a5560000, 0x00000007a5560000, 0x00000007a6ab0000)
 concurrent mark-sweep generation total 393216K, used 11688K [0x00000007a8000000, 0x00000007c0000000, 0x00000007c0000000)
 Metaspace       used 35895K, capacity 36466K, committed 36732K, reserved 1081344K
  class space    used 4005K, capacity 4197K, committed 4220K, reserved 1048576K
}
2017-06-09T15:40:06.836-0100: 20358.829: Total time for which application threads were stopped: 0.0145266 seconds, Stopping threads took: 0.0000191 seconds
2017-06-09T15:40:06.836-0100: 20358.829: [GC (CMS Initial Mark) [1 CMS-initial-mark: 11688K(393216K)] 33547K(502464K), 0.0028317 secs] [Times: user=0.02 sys=0.00, real=0.00 secs] 
2017-06-09T15:40:06.839-0100: 20358.832: Total time for which application threads were stopped: 0.0030668 seconds, Stopping threads took: 0.0001196 seconds
2017-06-09T15:40:06.839-0100: 20358.832: [CMS-concurrent-mark-start]
2017-06-09T15:40:06.845-0100: 20358.838: Total time for which application threads were stopped: 0.0001635 seconds, Stopping threads took: 0.0000219 seconds
2017-06-09T15:40:06.852-0100: 20358.846: [CMS-concurrent-mark: 0.012/0.014 secs] [Times: user=0.07 sys=0.00, real=0.02 secs] 
2017-06-09T15:40:06.853-0100: 20358.846: [CMS-concurrent-preclean-start]
2017-06-09T15:40:06.854-0100: 20358.847: [CMS-concurrent-preclean: 0.001/0.001 secs] [Times: user=0.01 sys=0.00, real=0.00 secs] 
2017-06-09T15:40:06.854-0100: 20358.847: [CMS-concurrent-abortable-preclean-start]
2017-06-09T15:40:07.193-0100: 20359.186: [CMS-concurrent-abortable-preclean: 0.135/0.339 secs] [Times: user=1.46 sys=0.03, real=0.34 secs] 
2017-06-09T15:40:07.193-0100: 20359.186: [GC (CMS Final Remark) [YG occupancy: 91191 K (109248 K)]{Heap before GC invocations=15 (full 2):
 par new generation   total 109248K, used 91191K [0x00000007a0000000, 0x00000007a8000000, 0x00000007a8000000)
  eden space 87424K,  79% used [0x00000007a0000000, 0x00000007a43bdf18, 0x00000007a5560000)
  from space 21824K, 100% used [0x00000007a6ab0000, 0x00000007a8000000, 0x00000007a8000000)
  to   space 21824K,   0% used [0x00000007a5560000, 0x00000007a5560000, 0x00000007a6ab0000)
 concurrent mark-sweep generation total 393216K, used 11688K [0x00000007a8000000, 0x00000007c0000000, 0x00000007c0000000)
 Metaspace       used 35900K, capacity 36466K, committed 36732K, reserved 1081344K
  class space    used 4005K, capacity 4197K, committed 4220K, reserved 1048576K
2017-06-09T15:40:07.193-0100: 20359.186: [GC (CMS Final Remark) 2017-06-09T15:40:07.193-0100: 20359.186: [ParNew
Desired survivor size 20112992 bytes, new threshold 8 (max 8)
- age   1:    5285240 bytes,    5285240 total
- age   2:    3709360 bytes,    8994600 total
- age   3:     147040 bytes,    9141640 total
- age   4:     183368 bytes,    9325008 total
- age   5:     699840 bytes,   10024848 total
- age   6:      58048 bytes,   10082896 total
- age   7:    8542232 bytes,   18625128 total
- age   8:     100712 bytes,   18725840 total
: 91191K->21824K(109248K), 0.0188432 secs] 102880K->42637K(502464K), 0.0188971 secs] [Times: user=0.06 sys=0.01, real=0.02 secs] 
Heap after GC invocations=16 (full 2):
 par new generation   total 109248K, used 21824K [0x00000007a0000000, 0x00000007a8000000, 0x00000007a8000000)
  eden space 87424K,   0% used [0x00000007a0000000, 0x00000007a0000000, 0x00000007a5560000)
  from space 21824K, 100% used [0x00000007a5560000, 0x00000007a6ab0000, 0x00000007a6ab0000)
  to   space 21824K,   0% used [0x00000007a6ab0000, 0x00000007a6ab0000, 0x00000007a8000000)
 concurrent mark-sweep generation total 393216K, used 20813K [0x00000007a8000000, 0x00000007c0000000, 0x00000007c0000000)
 Metaspace       used 35900K, capacity 36466K, committed 36732K, reserved 1081344K
  class space    used 4005K, capacity 4197K, committed 4220K, reserved 1048576K
}
2017-06-09T15:40:07.212-0100: 20359.205: [Rescan (parallel) , 0.0036268 secs]2017-06-09T15:40:07.216-0100: 20359.209: [weak refs processing, 0.0012021 secs]2017-06-09T15:40:07.217-0100: 20359.210: [class unloading, 0.0186773 secs]2017-06-09T15:40:07.236-0100: 20359.229: [scrub symbol table, 0.0048971 secs]2017-06-09T15:40:07.240-0100: 20359.234: [scrub string table, 0.0004818 secs][1 CMS-remark: 20813K(393216K)] 42637K(502464K), 0.0500948 secs] [Times: user=0.09 sys=0.02, real=0.05 secs] 
2017-06-09T15:40:07.243-0100: 20359.236: Total time for which application threads were stopped: 0.0502759 seconds, Stopping threads took: 0.0000325 seconds
2017-06-09T15:40:07.243-0100: 20359.236: [CMS-concurrent-sweep-start]
2017-06-09T15:40:07.254-0100: 20359.247: [CMS-concurrent-sweep: 0.011/0.011 secs] [Times: user=0.05 sys=0.00, real=0.01 secs] 
2017-06-09T15:40:07.254-0100: 20359.247: [CMS-concurrent-reset-start]
2017-06-09T15:40:07.258-0100: 20359.251: [CMS-concurrent-reset: 0.004/0.004 secs] [Times: user=0.02 sys=0.00, real=0.00 secs] 
{Heap before GC invocations=16 (full 2):
 par new generation   total 109248K, used 109248K [0x00000007a0000000, 0x00000007a8000000, 0x00000007a8000000)
  eden space 87424K, 100% used [0x00000007a0000000, 0x00000007a5560000, 0x00000007a5560000)
  from space 21824K, 100% used [0x00000007a5560000, 0x00000007a6ab0000, 0x00000007a6ab0000)
  to   space 21824K,   0% used [0x00000007a6ab0000, 0x00000007a6ab0000, 0x00000007a8000000)
 concurrent mark-sweep generation total 393216K, used 20093K [0x00000007a8000000, 0x00000007c0000000, 0x00000007c0000000)
 Metaspace       used 35834K, capacity 36358K, committed 36732K, reserved 1081344K
  class space    used 3990K, capacity 4169K, committed 4220K, reserved 1048576K
2017-06-09T15:40:07.631-0100: 20359.624: [GC (Allocation Failure) 2017-06-09T15:40:07.631-0100: 20359.624: [ParNew
Desired survivor size 20112992 bytes, new threshold 8 (max 8)
- age   1:    6833136 bytes,    6833136 total
- age   2:    2473160 bytes,    9306296 total
- age   3:    3375648 bytes,   12681944 total
- age   4:     134864 bytes,   12816808 total
- age   5:     167344 bytes,   12984152 total
- age   6:     507552 bytes,   13491704 total
- age   7:      18280 bytes,   13509984 total
- age   8:    9407096 bytes,   22917080 total
: 109248K->21824K(109248K), 0.0082299 secs] 129341K->45369K(502464K), 0.0082935 secs] [Times: user=0.03 sys=0.00, real=0.00 secs] 
Heap after GC invocations=17 (full 2):
 par new generation   total 109248K, used 21824K [0x00000007a0000000, 0x00000007a8000000, 0x00000007a8000000)
  eden space 87424K,   0% used [0x00000007a0000000, 0x00000007a0000000, 0x00000007a5560000)
  from space 21824K, 100% used [0x00000007a6ab0000, 0x00000007a8000000, 0x00000007a8000000)
  to   space 21824K,   0% used [0x00000007a5560000, 0x00000007a5560000, 0x00000007a6ab0000)
 concurrent mark-sweep generation total 393216K, used 23545K [0x00000007a8000000, 0x00000007c0000000, 0x00000007c0000000)
 Metaspace       used 35834K, capacity 36358K, committed 36732K, reserved 1081344K
  class space    used 3990K, capacity 4169K, committed 4220K, reserved 1048576K
}
2017-06-09T15:40:07.639-0100: 20359.632: Total time for which application threads were stopped: 0.0086853 seconds, Stopping threads took: 0.0000452 seconds
2017-06-09T15:40:08.244-0100: 20360.238: Total time for which application threads were stopped: 0.0002462 seconds, Stopping threads took: 0.0000383 seconds
{Heap before GC invocations=17 (full 2):
 par new generation   total 109248K, used 109248K [0x00000007a0000000, 0x00000007a8000000, 0x00000007a8000000)
  eden space 87424K, 100% used [0x00000007a0000000, 0x00000007a5560000, 0x00000007a5560000)
  from space 21824K, 100% used [0x00000007a6ab0000, 0x00000007a8000000, 0x00000007a8000000)
  to   space 21824K,   0% used [0x00000007a5560000, 0x00000007a5560000, 0x00000007a6ab0000)
 concurrent mark-sweep generation total 393216K, used 23545K [0x00000007a8000000, 0x00000007c0000000, 0x00000007c0000000)
 Metaspace       used 36137K, capacity 36616K, committed 36988K, reserved 1081344K
  class space    used 4011K, capacity 4170K, committed 4220K, reserved 1048576K
2017-06-09T15:40:08.249-0100: 20360.242: [GC (Allocation Failure) 2017-06-09T15:40:08.249-0100: 20360.242: [ParNew
Desired survivor size 20112992 bytes, new threshold 8 (max 8)
- age   1:    8149040 bytes,    8149040 total
- age   2:    3744704 bytes,   11893744 total
- age   3:    2183520 bytes,   14077264 total
- age   4:    3061008 bytes,   17138272 total
- age   5:     134192 bytes,   17272464 total
- age   6:     167344 bytes,   17439808 total
- age   7:     481432 bytes,   17921240 total
- age   8:      15480 bytes,   17936720 total
: 109248K->21824K(109248K), 0.0125173 secs] 132793K->54704K(502464K), 0.0125850 secs] [Times: user=0.06 sys=0.01, real=0.02 secs] 
Heap after GC invocations=18 (full 2):
 par new generation   total 109248K, used 21824K [0x00000007a0000000, 0x00000007a8000000, 0x00000007a8000000)
  eden space 87424K,   0% used [0x00000007a0000000, 0x00000007a0000000, 0x00000007a5560000)
  from space 21824K, 100% used [0x00000007a5560000, 0x00000007a6ab0000, 0x00000007a6ab0000)
  to   space 21824K,   0% used [0x00000007a6ab0000, 0x00000007a6ab0000, 0x00000007a8000000)
 concurrent mark-sweep generation total 393216K, used 32880K [0x00000007a8000000, 0x00000007c0000000, 0x00000007c0000000)
 Metaspace       used 36137K, capacity 36616K, committed 36988K, reserved 1081344K
  class space    used 4011K, capacity 4170K, committed 4220K, reserved 1048576K
}
2017-06-09T15:40:08.262-0100: 20360.255: Total time for which application threads were stopped: 0.0127646 seconds, Stopping threads took: 0.0000204 seconds
2017-06-09T15:40:08.406-0100: 20360.399: Total time for which application threads were stopped: 0.0003076 seconds, Stopping threads took: 0.0000407 seconds
{Heap before GC invocations=18 (full 2):
 par new generation   total 109248K, used 109248K [0x00000007a0000000, 0x00000007a8000000, 0x00000007a8000000)
  eden space 87424K, 100% used [0x00000007a0000000, 0x00000007a5560000, 0x00000007a5560000)
  from space 21824K, 100% used [0x00000007a5560000, 0x00000007a6ab0000, 0x00000007a6ab0000)
  to   space 21824K,   0% used [0x00000007a6ab0000, 0x00000007a6ab0000, 0x00000007a8000000)
 concurrent mark-sweep generation total 393216K, used 32880K [0x00000007a8000000, 0x00000007c0000000, 0x00000007c0000000)
 Metaspace       used 36183K, capacity 36744K, committed 36988K, reserved 1081344K
  class space    used 4013K, capacity 4170K, committed 4220K, reserved 1048576K
2017-06-09T15:40:08.469-0100: 20360.463: [GC (Allocation Failure) 2017-06-09T15:40:08.470-0100: 20360.463: [ParNew
Desired survivor size 20112992 bytes, new threshold 8 (max 8)
- age   1:      61216 bytes,      61216 total
- age   2:    6953928 bytes,    7015144 total
- age   3:    3613600 bytes,   10628744 total
- age   4:    2183488 bytes,   12812232 total
- age   5:    3060576 bytes,   15872808 total
- age   6:     134192 bytes,   16007000 total
- age   7:     167344 bytes,   16174344 total
- age   8:     481432 bytes,   16655776 total
: 109248K->21824K(109248K), 0.0072930 secs] 142128K->55392K(502464K), 0.0073616 secs] [Times: user=0.04 sys=0.00, real=0.01 secs] 
Heap after GC invocations=19 (full 2):
 par new generation   total 109248K, used 21824K [0x00000007a0000000, 0x00000007a8000000, 0x00000007a8000000)
  eden space 87424K,   0% used [0x00000007a0000000, 0x00000007a0000000, 0x00000007a5560000)
  from space 21824K, 100% used [0x00000007a6ab0000, 0x00000007a8000000, 0x00000007a8000000)
  to   space 21824K,   0% used [0x00000007a5560000, 0x00000007a5560000, 0x00000007a6ab0000)
 concurrent mark-sweep generation total 393216K, used 33568K [0x00000007a8000000, 0x00000007c0000000, 0x00000007c0000000)
 Metaspace       used 36183K, capacity 36744K, committed 36988K, reserved 1081344K
  class space    used 4013K, capacity 4170K, committed 4220K, reserved 1048576K
}
2017-06-09T15:40:08.477-0100: 20360.470: Total time for which application threads were stopped: 0.0076189 seconds, Stopping threads took: 0.0000343 seconds
2017-06-09T15:40:09.481-0100: 20361.475: Total time for which application threads were stopped: 0.0001669 seconds, Stopping threads took: 0.0000252 seconds
2017-06-09T15:40:12.034-0100: 20364.028: Total time for which application threads were stopped: 0.0002320 seconds, Stopping threads took: 0.0000547 seconds
2017-06-09T15:40:12.035-0100: 20364.028: Total time for which application threads were stopped: 0.0001093 seconds, Stopping threads took: 0.0000111 seconds
2017-06-09T15:40:12.044-0100: 20364.037: Total time for which application threads were stopped: 0.0001359 seconds, Stopping threads took: 0.0000255 seconds
2017-06-09T15:40:12.045-0100: 20364.038: Total time for which application threads were stopped: 0.0001105 seconds, Stopping threads took: 0.0000199 seconds
2017-06-09T15:40:14.053-0100: 20366.047: Total time for which application threads were stopped: 0.0001165 seconds, Stopping threads took: 0.0000243 seconds
2017-06-09T15:40:54.931-0100: 20406.924: Total time for which application threads were stopped: 0.0001770 seconds, Stopping threads took: 0.0000423 seconds
2017-06-09T15:40:54.931-0100: 20406.924: Total time for which application threads were stopped: 0.0000967 seconds, Stopping threads took: 0.0000263 seconds
2017-06-09T15:40:54.931-0100: 20406.924: Total time for which application threads were stopped: 0.0001101 seconds, Stopping threads took: 0.0000273 seconds
2017-06-09T15:40:54.931-0100: 20406.924: Total time for which application threads were stopped: 0.0001002 seconds, Stopping threads took: 0.0000227 seconds
2017-06-09T15:40:54.932-0100: 20406.925: Total time for which application threads were stopped: 0.0000813 seconds, Stopping threads took: 0.0000265 seconds
2017-06-09T15:40:54.932-0100: 20406.925: Total time for which application threads were stopped: 0.0001171 seconds, Stopping threads took: 0.0000233 seconds
2017-06-09T15:40:54.932-0100: 20406.925: Total time for which application threads were stopped: 0.0001113 seconds, Stopping threads took: 0.0000293 seconds
2017-06-09T15:40:54.933-0100: 20406.925: Total time for which application threads were stopped: 0.0001037 seconds, Stopping threads took: 0.0000418 seconds
2017-06-09T15:40:54.933-0100: 20406.926: Total time for which application threads were stopped: 0.0001287 seconds, Stopping threads took: 0.0000453 seconds
2017-06-09T15:40:54.933-0100: 20406.926: Total time for which application threads were stopped: 0.0001156 seconds, Stopping threads took: 0.0000133 seconds
2017-06-09T15:40:54.934-0100: 20406.927: Total time for which application threads were stopped: 0.0001317 seconds, Stopping threads took: 0.0000265 seconds
2017-06-09T15:40:54.934-0100: 20406.927: Total time for which application threads were stopped: 0.0001060 seconds, Stopping threads took: 0.0000133 seconds
2017-06-09T15:40:54.935-0100: 20406.928: Total time for which application threads were stopped: 0.0001383 seconds, Stopping threads took: 0.0000167 seconds
2017-06-09T15:40:54.936-0100: 20406.929: Total time for which application threads were stopped: 0.0001889 seconds, Stopping threads took: 0.0000451 seconds
2017-06-09T15:40:54.937-0100: 20406.929: Total time for which application threads were stopped: 0.0001551 seconds, Stopping threads took: 0.0000309 seconds
2017-06-09T15:40:54.939-0100: 20406.932: Total time for which application threads were stopped: 0.0002058 seconds, Stopping threads took: 0.0000223 seconds
2017-06-09T15:40:54.944-0100: 20406.937: Total time for which application threads were stopped: 0.0001735 seconds, Stopping threads took: 0.0000273 seconds
2017-06-09T15:40:54.945-0100: 20406.938: Total time for which application threads were stopped: 0.0001204 seconds, Stopping threads took: 0.0000132 seconds
2017-06-09T15:40:54.954-0100: 20406.947: Total time for which application threads were stopped: 0.0001289 seconds, Stopping threads took: 0.0000254 seconds
2017-06-09T15:40:54.954-0100: 20406.947: Total time for which application threads were stopped: 0.0000717 seconds, Stopping threads took: 0.0000081 seconds
2017-06-09T15:41:11.627-0100: 20423.620: Total time for which application threads were stopped: 0.0002162 seconds, Stopping threads took: 0.0000418 seconds
2017-06-09T15:41:11.627-0100: 20423.620: Total time for which application threads were stopped: 0.0001139 seconds, Stopping threads took: 0.0000274 seconds
2017-06-09T15:41:11.643-0100: 20423.636: Total time for which application threads were stopped: 0.0001412 seconds, Stopping threads took: 0.0000217 seconds
2017-06-09T15:41:11.643-0100: 20423.636: Total time for which application threads were stopped: 0.0000910 seconds, Stopping threads took: 0.0000347 seconds
2017-06-09T15:41:37.090-0100: 20449.082: Total time for which application threads were stopped: 0.0001985 seconds, Stopping threads took: 0.0000442 seconds
2017-06-09T15:41:37.090-0100: 20449.083: Total time for which application threads were stopped: 0.0001403 seconds, Stopping threads took: 0.0000263 seconds
2017-06-09T15:41:37.101-0100: 20449.094: Total time for which application threads were stopped: 0.0001352 seconds, Stopping threads took: 0.0000257 seconds
2017-06-09T15:41:37.101-0100: 20449.094: Total time for which application threads were stopped: 0.0000663 seconds, Stopping threads took: 0.0000083 seconds
2017-06-09T15:42:27.217-0100: 20499.209: Total time for which application threads were stopped: 0.0001424 seconds, Stopping threads took: 0.0000298 seconds
2017-06-09T15:42:34.243-0100: 20506.235: Total time for which application threads were stopped: 0.0000886 seconds, Stopping threads took: 0.0000207 seconds
2017-06-09T15:42:37.107-0100: 20509.099: Total time for which application threads were stopped: 0.0001455 seconds, Stopping threads took: 0.0000268 seconds
2017-06-09T15:52:28.500-0100: 21100.488: Total time for which application threads were stopped: 0.0002167 seconds, Stopping threads took: 0.0000362 seconds
2017-06-09T15:52:28.500-0100: 21100.488: Total time for which application threads were stopped: 0.0001749 seconds, Stopping threads took: 0.0000110 seconds
2017-06-09T15:52:28.511-0100: 21100.499: Total time for which application threads were stopped: 0.0001174 seconds, Stopping threads took: 0.0000261 seconds
2017-06-09T15:52:28.511-0100: 21100.499: Total time for which application threads were stopped: 0.0000659 seconds, Stopping threads took: 0.0000095 seconds
2017-06-09T15:52:28.547-0100: 21100.536: Total time for which application threads were stopped: 0.0001758 seconds, Stopping threads took: 0.0000239 seconds
2017-06-09T15:52:28.547-0100: 21100.536: Total time for which application threads were stopped: 0.0001001 seconds, Stopping threads took: 0.0000104 seconds
2017-06-09T15:52:28.559-0100: 21100.548: Total time for which application threads were stopped: 0.0001082 seconds, Stopping threads took: 0.0000219 seconds
2017-06-09T15:52:28.560-0100: 21100.548: Total time for which application threads were stopped: 0.0001722 seconds, Stopping threads took: 0.0000957 seconds
2017-06-09T15:52:29.711-0100: 21101.699: Total time for which application threads were stopped: 0.0001705 seconds, Stopping threads took: 0.0000349 seconds
2017-06-09T15:52:29.711-0100: 21101.699: Total time for which application threads were stopped: 0.0001153 seconds, Stopping threads took: 0.0000240 seconds
2017-06-09T15:52:29.725-0100: 21101.713: Total time for which application threads were stopped: 0.0001165 seconds, Stopping threads took: 0.0000332 seconds
2017-06-09T15:52:29.725-0100: 21101.713: Total time for which application threads were stopped: 0.0000633 seconds, Stopping threads took: 0.0000106 seconds
{Heap before GC invocations=19 (full 2):
 par new generation   total 109248K, used 109248K [0x00000007a0000000, 0x00000007a8000000, 0x00000007a8000000)
  eden space 87424K, 100% used [0x00000007a0000000, 0x00000007a5560000, 0x00000007a5560000)
  from space 21824K, 100% used [0x00000007a6ab0000, 0x00000007a8000000, 0x00000007a8000000)
  to   space 21824K,   0% used [0x00000007a5560000, 0x00000007a5560000, 0x00000007a6ab0000)
 concurrent mark-sweep generation total 393216K, used 33568K [0x00000007a8000000, 0x00000007c0000000, 0x00000007c0000000)
 Metaspace       used 36246K, capacity 36840K, committed 37372K, reserved 1083392K
  class space    used 4017K, capacity 4202K, committed 4348K, reserved 1048576K
2017-06-09T15:52:30.474-0100: 21102.463: [GC (Allocation Failure) 2017-06-09T15:52:30.474-0100: 21102.463: [ParNew
Desired survivor size 20112992 bytes, new threshold 8 (max 8)
- age   1:    1128296 bytes,    1128296 total
- age   2:       1272 bytes,    1129568 total
- age   3:    5967000 bytes,    7096568 total
- age   4:    2926912 bytes,   10023480 total
- age   5:    1828216 bytes,   11851696 total
- age   6:    2774760 bytes,   14626456 total
- age   7:     134192 bytes,   14760648 total
- age   8:     167344 bytes,   14927992 total
: 109248K->20836K(109248K), 0.0063721 secs] 142816K->54872K(502464K), 0.0064577 secs] [Times: user=0.03 sys=0.00, real=0.01 secs] 
Heap after GC invocations=20 (full 2):
 par new generation   total 109248K, used 20836K [0x00000007a0000000, 0x00000007a8000000, 0x00000007a8000000)
  eden space 87424K,   0% used [0x00000007a0000000, 0x00000007a0000000, 0x00000007a5560000)
  from space 21824K,  95% used [0x00000007a5560000, 0x00000007a69b93c0, 0x00000007a6ab0000)
  to   space 21824K,   0% used [0x00000007a6ab0000, 0x00000007a6ab0000, 0x00000007a8000000)
 concurrent mark-sweep generation total 393216K, used 34035K [0x00000007a8000000, 0x00000007c0000000, 0x00000007c0000000)
 Metaspace       used 36246K, capacity 36840K, committed 37372K, reserved 1083392K
  class space    used 4017K, capacity 4202K, committed 4348K, reserved 1048576K
}
2017-06-09T15:52:30.481-0100: 21102.469: Total time for which application threads were stopped: 0.0066981 seconds, Stopping threads took: 0.0000318 seconds
2017-06-09T15:52:30.481-0100: 21102.470: Total time for which application threads were stopped: 0.0002006 seconds, Stopping threads took: 0.0000746 seconds
{Heap before GC invocations=20 (full 2):
 par new generation   total 109248K, used 108260K [0x00000007a0000000, 0x00000007a8000000, 0x00000007a8000000)
  eden space 87424K, 100% used [0x00000007a0000000, 0x00000007a5560000, 0x00000007a5560000)
  from space 21824K,  95% used [0x00000007a5560000, 0x00000007a69b93c0, 0x00000007a6ab0000)
  to   space 21824K,   0% used [0x00000007a6ab0000, 0x00000007a6ab0000, 0x00000007a8000000)
 concurrent mark-sweep generation total 393216K, used 34035K [0x00000007a8000000, 0x00000007c0000000, 0x00000007c0000000)
 Metaspace       used 36272K, capacity 36852K, committed 37372K, reserved 1083392K
  class space    used 4018K, capacity 4204K, committed 4348K, reserved 1048576K
2017-06-09T15:52:30.528-0100: 21102.517: [GC (Allocation Failure) 2017-06-09T15:52:30.528-0100: 21102.517: [ParNew
Desired survivor size 20112992 bytes, new threshold 8 (max 8)
- age   1:     860064 bytes,     860064 total
- age   2:     799608 bytes,    1659672 total
- age   3:       1272 bytes,    1660944 total
- age   4:    5965024 bytes,    7625968 total
- age   5:    2926912 bytes,   10552880 total
- age   6:    1828216 bytes,   12381096 total
- age   7:    2737984 bytes,   15119080 total
- age   8:     124264 bytes,   15243344 total
: 108260K->18160K(109248K), 0.0061353 secs] 142296K->52361K(502464K), 0.0062122 secs] [Times: user=0.02 sys=0.00, real=0.01 secs] 
Heap after GC invocations=21 (full 2):
 par new generation   total 109248K, used 18160K [0x00000007a0000000, 0x00000007a8000000, 0x00000007a8000000)
  eden space 87424K,   0% used [0x00000007a0000000, 0x00000007a0000000, 0x00000007a5560000)
  from space 21824K,  83% used [0x00000007a6ab0000, 0x00000007a7c6c260, 0x00000007a8000000)
  to   space 21824K,   0% used [0x00000007a5560000, 0x00000007a5560000, 0x00000007a6ab0000)
 concurrent mark-sweep generation total 393216K, used 34201K [0x00000007a8000000, 0x00000007c0000000, 0x00000007c0000000)
 Metaspace       used 36272K, capacity 36852K, committed 37372K, reserved 1083392K
  class space    used 4018K, capacity 4204K, committed 4348K, reserved 1048576K
}
2017-06-09T15:52:30.534-0100: 21102.523: Total time for which application threads were stopped: 0.0064482 seconds, Stopping threads took: 0.0000213 seconds
2017-06-09T15:52:30.535-0100: 21102.523: Total time for which application threads were stopped: 0.0001933 seconds, Stopping threads took: 0.0000562 seconds
{Heap before GC invocations=21 (full 2):
 par new generation   total 109248K, used 105584K [0x00000007a0000000, 0x00000007a8000000, 0x00000007a8000000)
  eden space 87424K, 100% used [0x00000007a0000000, 0x00000007a5560000, 0x00000007a5560000)
  from space 21824K,  83% used [0x00000007a6ab0000, 0x00000007a7c6c260, 0x00000007a8000000)
  to   space 21824K,   0% used [0x00000007a5560000, 0x00000007a5560000, 0x00000007a6ab0000)
 concurrent mark-sweep generation total 393216K, used 34201K [0x00000007a8000000, 0x00000007c0000000, 0x00000007c0000000)
 Metaspace       used 36294K, capacity 36922K, committed 37372K, reserved 1083392K
  class space    used 4019K, capacity 4205K, committed 4348K, reserved 1048576K
2017-06-09T15:52:30.599-0100: 21102.587: [GC (Allocation Failure) 2017-06-09T15:52:30.599-0100: 21102.587: [ParNew
Desired survivor size 20112992 bytes, new threshold 8 (max 8)
- age   1:     397472 bytes,     397472 total
- age   2:     807456 bytes,    1204928 total
- age   3:     789864 bytes,    1994792 total
- age   4:       1272 bytes,    1996064 total
- age   5:    5965024 bytes,    7961088 total
- age   6:    2926912 bytes,   10888000 total
- age   7:    1828216 bytes,   12716216 total
- age   8:    2738064 bytes,   15454280 total
: 105584K->21824K(109248K), 0.0053753 secs] 139785K->56148K(502464K), 0.0054293 secs] [Times: user=0.03 sys=0.00, real=0.01 secs] 
Heap after GC invocations=22 (full 2):
 par new generation   total 109248K, used 21824K [0x00000007a0000000, 0x00000007a8000000, 0x00000007a8000000)
  eden space 87424K,   0% used [0x00000007a0000000, 0x00000007a0000000, 0x00000007a5560000)
  from space 21824K, 100% used [0x00000007a5560000, 0x00000007a6ab0000, 0x00000007a6ab0000)
  to   space 21824K,   0% used [0x00000007a6ab0000, 0x00000007a6ab0000, 0x00000007a8000000)
 concurrent mark-sweep generation total 393216K, used 34324K [0x00000007a8000000, 0x00000007c0000000, 0x00000007c0000000)
 Metaspace       used 36294K, capacity 36922K, committed 37372K, reserved 1083392K
  class space    used 4019K, capacity 4205K, committed 4348K, reserved 1048576K
}
2017-06-09T15:52:30.604-0100: 21102.593: Total time for which application threads were stopped: 0.0056513 seconds, Stopping threads took: 0.0000308 seconds
2017-06-09T15:52:30.651-0100: 21102.639: Total time for which application threads were stopped: 0.0007611 seconds, Stopping threads took: 0.0000159 seconds
{Heap before GC invocations=22 (full 2):
 par new generation   total 109248K, used 109248K [0x00000007a0000000, 0x00000007a8000000, 0x00000007a8000000)
  eden space 87424K, 100% used [0x00000007a0000000, 0x00000007a5560000, 0x00000007a5560000)
  from space 21824K, 100% used [0x00000007a5560000, 0x00000007a6ab0000, 0x00000007a6ab0000)
  to   space 21824K,   0% used [0x00000007a6ab0000, 0x00000007a6ab0000, 0x00000007a8000000)
 concurrent mark-sweep generation total 393216K, used 34324K [0x00000007a8000000, 0x00000007c0000000, 0x00000007c0000000)
 Metaspace       used 36781K, capacity 37338K, committed 37628K, reserved 1083392K
  class space    used 4053K, capacity 4237K, committed 4348K, reserved 1048576K
2017-06-09T15:52:31.062-0100: 21103.050: [GC (Allocation Failure) 2017-06-09T15:52:31.062-0100: 21103.050: [ParNew
Desired survivor size 20112992 bytes, new threshold 8 (max 8)
- age   1:    1315376 bytes,    1315376 total
- age   2:     352192 bytes,    1667568 total
- age   3:     807296 bytes,    2474864 total
- age   4:     789840 bytes,    3264704 total
- age   5:       1272 bytes,    3265976 total
- age   6:    5964984 bytes,    9230960 total
- age   7:    2926912 bytes,   12157872 total
- age   8:    1828216 bytes,   13986088 total
: 109248K->17910K(109248K), 0.0073574 secs] 143572K->54925K(502464K), 0.0074345 secs] [Times: user=0.03 sys=0.01, real=0.00 secs] 
Heap after GC invocations=23 (full 2):
 par new generation   total 109248K, used 17910K [0x00000007a0000000, 0x00000007a8000000, 0x00000007a8000000)
  eden space 87424K,   0% used [0x00000007a0000000, 0x00000007a0000000, 0x00000007a5560000)
  from space 21824K,  82% used [0x00000007a6ab0000, 0x00000007a7c2d880, 0x00000007a8000000)
  to   space 21824K,   0% used [0x00000007a5560000, 0x00000007a5560000, 0x00000007a6ab0000)
 concurrent mark-sweep generation total 393216K, used 37014K [0x00000007a8000000, 0x00000007c0000000, 0x00000007c0000000)
 Metaspace       used 36781K, capacity 37338K, committed 37628K, reserved 1083392K
  class space    used 4053K, capacity 4237K, committed 4348K, reserved 1048576K
}
2017-06-09T15:52:31.069-0100: 21103.058: Total time for which application threads were stopped: 0.0076804 seconds, Stopping threads took: 0.0000202 seconds
{Heap before GC invocations=23 (full 2):
 par new generation   total 109248K, used 105334K [0x00000007a0000000, 0x00000007a8000000, 0x00000007a8000000)
  eden space 87424K, 100% used [0x00000007a0000000, 0x00000007a5560000, 0x00000007a5560000)
  from space 21824K,  82% used [0x00000007a6ab0000, 0x00000007a7c2d880, 0x00000007a8000000)
  to   space 21824K,   0% used [0x00000007a5560000, 0x00000007a5560000, 0x00000007a6ab0000)
 concurrent mark-sweep generation total 393216K, used 37014K [0x00000007a8000000, 0x00000007c0000000, 0x00000007c0000000)
 Metaspace       used 36817K, capacity 37472K, committed 37884K, reserved 1083392K
  class space    used 4055K, capacity 4238K, committed 4348K, reserved 1048576K
2017-06-09T15:52:31.293-0100: 21103.281: [GC (Allocation Failure) 2017-06-09T15:52:31.293-0100: 21103.281: [ParNew
Desired survivor size 20112992 bytes, new threshold 8 (max 8)
- age   1:    1534048 bytes,    1534048 total
- age   2:     490248 bytes,    2024296 total
- age   3:     144936 bytes,    2169232 total
- age   4:     168000 bytes,    2337232 total
- age   5:     789840 bytes,    3127072 total
- age   6:       1272 bytes,    3128344 total
- age   7:    5964984 bytes,    9093328 total
- age   8:    2926912 bytes,   12020240 total
: 105334K->14721K(109248K), 0.0056500 secs] 142349K->53521K(502464K), 0.0057056 secs] [Times: user=0.02 sys=0.00, real=0.00 secs] 
Heap after GC invocations=24 (full 2):
 par new generation   total 109248K, used 14721K [0x00000007a0000000, 0x00000007a8000000, 0x00000007a8000000)
  eden space 87424K,   0% used [0x00000007a0000000, 0x00000007a0000000, 0x00000007a5560000)
  from space 21824K,  67% used [0x00000007a5560000, 0x00000007a63c0500, 0x00000007a6ab0000)
  to   space 21824K,   0% used [0x00000007a6ab0000, 0x00000007a6ab0000, 0x00000007a8000000)
 concurrent mark-sweep generation total 393216K, used 38800K [0x00000007a8000000, 0x00000007c0000000, 0x00000007c0000000)
 Metaspace       used 36817K, capacity 37472K, committed 37884K, reserved 1083392K
  class space    used 4055K, capacity 4238K, committed 4348K, reserved 1048576K
}
2017-06-09T15:52:31.298-0100: 21103.287: Total time for which application threads were stopped: 0.0059517 seconds, Stopping threads took: 0.0000219 seconds
2017-06-09T15:52:31.489-0100: 21103.478: Total time for which application threads were stopped: 0.0001606 seconds, Stopping threads took: 0.0000478 seconds
2017-06-09T15:52:31.722-0100: 21103.711: Total time for which application threads were stopped: 0.0002080 seconds, Stopping threads took: 0.0000686 seconds
2017-06-09T15:52:31.730-0100: 21103.719: Total time for which application threads were stopped: 0.0001132 seconds, Stopping threads took: 0.0000170 seconds
2017-06-09T15:52:31.730-0100: 21103.719: Total time for which application threads were stopped: 0.0001142 seconds, Stopping threads took: 0.0000135 seconds
2017-06-09T15:52:31.739-0100: 21103.727: Total time for which application threads were stopped: 0.0001918 seconds, Stopping threads took: 0.0000377 seconds
2017-06-09T15:52:31.739-0100: 21103.727: Total time for which application threads were stopped: 0.0000701 seconds, Stopping threads took: 0.0000117 seconds
2017-06-09T15:52:32.744-0100: 21104.732: Total time for which application threads were stopped: 0.0001567 seconds, Stopping threads took: 0.0000333 seconds
2017-06-09T15:52:32.764-0100: 21104.752: Total time for which application threads were stopped: 0.0001341 seconds, Stopping threads took: 0.0000320 seconds
2017-06-09T15:52:32.764-0100: 21104.752: Total time for which application threads were stopped: 0.0001445 seconds, Stopping threads took: 0.0000390 seconds
2017-06-09T15:52:32.764-0100: 21104.752: Total time for which application threads were stopped: 0.0001004 seconds, Stopping threads took: 0.0000272 seconds
2017-06-09T15:52:32.764-0100: 21104.753: Total time for which application threads were stopped: 0.0001039 seconds, Stopping threads took: 0.0000402 seconds
2017-06-09T15:52:32.764-0100: 21104.753: Total time for which application threads were stopped: 0.0001741 seconds, Stopping threads took: 0.0000321 seconds
2017-06-09T15:52:32.771-0100: 21104.759: Total time for which application threads were stopped: 0.0001945 seconds, Stopping threads took: 0.0000747 seconds
2017-06-09T15:52:32.771-0100: 21104.760: Total time for which application threads were stopped: 0.0001589 seconds, Stopping threads took: 0.0000681 seconds
2017-06-09T15:52:32.780-0100: 21104.768: Total time for which application threads were stopped: 0.0001072 seconds, Stopping threads took: 0.0000201 seconds
2017-06-09T15:52:32.780-0100: 21104.768: Total time for which application threads were stopped: 0.0000633 seconds, Stopping threads took: 0.0000106 seconds
2017-06-09T15:52:33.780-0100: 21105.768: Total time for which application threads were stopped: 0.0001029 seconds, Stopping threads took: 0.0000235 seconds
2017-06-09T15:52:37.816-0100: 21109.804: Total time for which application threads were stopped: 0.0001677 seconds, Stopping threads took: 0.0000550 seconds
2017-06-09T15:52:37.816-0100: 21109.805: Total time for which application threads were stopped: 0.0001435 seconds, Stopping threads took: 0.0000335 seconds
2017-06-09T15:52:37.817-0100: 21109.805: Total time for which application threads were stopped: 0.0000970 seconds, Stopping threads took: 0.0000241 seconds
2017-06-09T15:52:37.817-0100: 21109.806: Total time for which application threads were stopped: 0.0000811 seconds, Stopping threads took: 0.0000214 seconds
2017-06-09T15:52:37.817-0100: 21109.806: Total time for which application threads were stopped: 0.0001236 seconds, Stopping threads took: 0.0000580 seconds
2017-06-09T15:52:37.818-0100: 21109.806: Total time for which application threads were stopped: 0.0000840 seconds, Stopping threads took: 0.0000244 seconds
2017-06-09T15:52:37.818-0100: 21109.806: Total time for which application threads were stopped: 0.0000827 seconds, Stopping threads took: 0.0000268 seconds
2017-06-09T15:52:37.818-0100: 21109.806: Total time for which application threads were stopped: 0.0000911 seconds, Stopping threads took: 0.0000450 seconds
2017-06-09T15:52:37.818-0100: 21109.806: Total time for which application threads were stopped: 0.0000764 seconds, Stopping threads took: 0.0000220 seconds
2017-06-09T15:52:37.818-0100: 21109.806: Total time for which application threads were stopped: 0.0000652 seconds, Stopping threads took: 0.0000195 seconds
2017-06-09T15:52:37.819-0100: 21109.807: Total time for which application threads were stopped: 0.0000961 seconds, Stopping threads took: 0.0000443 seconds
2017-06-09T15:52:37.819-0100: 21109.807: Total time for which application threads were stopped: 0.0000991 seconds, Stopping threads took: 0.0000417 seconds
2017-06-09T15:52:37.823-0100: 21109.812: Total time for which application threads were stopped: 0.0001359 seconds, Stopping threads took: 0.0000304 seconds
2017-06-09T15:52:37.823-0100: 21109.812: Total time for which application threads were stopped: 0.0001001 seconds, Stopping threads took: 0.0000115 seconds
2017-06-09T15:52:37.830-0100: 21109.819: Total time for which application threads were stopped: 0.0001261 seconds, Stopping threads took: 0.0000348 seconds
2017-06-09T15:52:37.831-0100: 21109.819: Total time for which application threads were stopped: 0.0000634 seconds, Stopping threads took: 0.0000093 seconds
2017-06-09T15:52:43.312-0100: 21115.300: Total time for which application threads were stopped: 0.0001542 seconds, Stopping threads took: 0.0000228 seconds
2017-06-09T15:52:43.312-0100: 21115.301: Total time for which application threads were stopped: 0.0001529 seconds, Stopping threads took: 0.0000731 seconds
2017-06-09T15:52:43.312-0100: 21115.301: Total time for which application threads were stopped: 0.0001377 seconds, Stopping threads took: 0.0000595 seconds
2017-06-09T15:52:43.313-0100: 21115.301: Total time for which application threads were stopped: 0.0001483 seconds, Stopping threads took: 0.0000714 seconds
2017-06-09T15:52:43.313-0100: 21115.301: Total time for which application threads were stopped: 0.0000793 seconds, Stopping threads took: 0.0000229 seconds
2017-06-09T15:52:43.322-0100: 21115.310: Total time for which application threads were stopped: 0.0002357 seconds, Stopping threads took: 0.0000714 seconds
2017-06-09T15:52:43.322-0100: 21115.311: Total time for which application threads were stopped: 0.0001208 seconds, Stopping threads took: 0.0000111 seconds
2017-06-09T15:52:43.324-0100: 21115.312: Total time for which application threads were stopped: 0.0002259 seconds, Stopping threads took: 0.0000236 seconds
2017-06-09T15:52:43.324-0100: 21115.312: Total time for which application threads were stopped: 0.0002158 seconds, Stopping threads took: 0.0000107 seconds
2017-06-09T15:52:43.324-0100: 21115.313: Total time for which application threads were stopped: 0.0002076 seconds, Stopping threads took: 0.0000105 seconds
2017-06-09T15:52:43.335-0100: 21115.323: Total time for which application threads were stopped: 0.0002613 seconds, Stopping threads took: 0.0000403 seconds
2017-06-09T15:52:43.335-0100: 21115.323: Total time for which application threads were stopped: 0.0000854 seconds, Stopping threads took: 0.0000108 seconds
2017-06-09T15:52:44.854-0100: 21116.843: Total time for which application threads were stopped: 0.0001579 seconds, Stopping threads took: 0.0000420 seconds
2017-06-09T15:52:44.854-0100: 21116.843: Total time for which application threads were stopped: 0.0001225 seconds, Stopping threads took: 0.0000143 seconds
2017-06-09T15:52:44.862-0100: 21116.851: Total time for which application threads were stopped: 0.0001010 seconds, Stopping threads took: 0.0000206 seconds
2017-06-09T15:52:44.862-0100: 21116.851: Total time for which application threads were stopped: 0.0000713 seconds, Stopping threads took: 0.0000089 seconds
2017-06-09T15:52:54.894-0100: 21126.882: Total time for which application threads were stopped: 0.0001565 seconds, Stopping threads took: 0.0000321 seconds
2017-06-09T15:52:59.544-0100: 21131.532: Total time for which application threads were stopped: 0.0000996 seconds, Stopping threads took: 0.0000196 seconds
2017-06-09T15:52:59.544-0100: 21131.532: Total time for which application threads were stopped: 0.0000589 seconds, Stopping threads took: 0.0000071 seconds
2017-06-09T15:52:59.544-0100: 21131.532: Total time for which application threads were stopped: 0.0000452 seconds, Stopping threads took: 0.0000056 seconds
2017-06-09T15:52:59.545-0100: 21131.533: Total time for which application threads were stopped: 0.0001061 seconds, Stopping threads took: 0.0000138 seconds
2017-06-09T15:52:59.545-0100: 21131.533: Total time for which application threads were stopped: 0.0000932 seconds, Stopping threads took: 0.0000096 seconds
2017-06-09T15:52:59.545-0100: 21131.533: Total time for which application threads were stopped: 0.0000721 seconds, Stopping threads took: 0.0000095 seconds
2017-06-09T15:52:59.545-0100: 21131.534: Total time for which application threads were stopped: 0.0000579 seconds, Stopping threads took: 0.0000090 seconds
2017-06-09T15:52:59.546-0100: 21131.534: Total time for which application threads were stopped: 0.0000487 seconds, Stopping threads took: 0.0000062 seconds
2017-06-09T15:52:59.546-0100: 21131.534: Total time for which application threads were stopped: 0.0000449 seconds, Stopping threads took: 0.0000063 seconds
2017-06-09T15:52:59.546-0100: 21131.534: Total time for which application threads were stopped: 0.0000775 seconds, Stopping threads took: 0.0000084 seconds
2017-06-09T15:53:00.546-0100: 21132.534: Total time for which application threads were stopped: 0.0000960 seconds, Stopping threads took: 0.0000211 seconds
2017-06-09T15:53:00.553-0100: 21132.541: Total time for which application threads were stopped: 0.0001127 seconds, Stopping threads took: 0.0000201 seconds
2017-06-09T15:53:00.554-0100: 21132.543: Total time for which application threads were stopped: 0.0001032 seconds, Stopping threads took: 0.0000302 seconds
2017-06-09T15:53:00.555-0100: 21132.543: Total time for which application threads were stopped: 0.0000613 seconds, Stopping threads took: 0.0000100 seconds
2017-06-09T15:53:00.555-0100: 21132.543: Total time for which application threads were stopped: 0.0000849 seconds, Stopping threads took: 0.0000152 seconds
2017-06-09T15:53:00.555-0100: 21132.543: Total time for which application threads were stopped: 0.0000477 seconds, Stopping threads took: 0.0000080 seconds
2017-06-09T15:53:14.553-0100: 21146.541: Total time for which application threads were stopped: 0.0000820 seconds, Stopping threads took: 0.0000163 seconds
2017-06-09T15:53:14.554-0100: 21146.542: Total time for which application threads were stopped: 0.0000987 seconds, Stopping threads took: 0.0000154 seconds
2017-06-09T15:53:14.557-0100: 21146.545: Total time for which application threads were stopped: 0.0001319 seconds, Stopping threads took: 0.0000387 seconds
2017-06-09T15:53:14.558-0100: 21146.546: Total time for which application threads were stopped: 0.0001166 seconds, Stopping threads took: 0.0000336 seconds
2017-06-09T15:53:14.558-0100: 21146.547: Total time for which application threads were stopped: 0.0000731 seconds, Stopping threads took: 0.0000120 seconds
2017-06-09T15:53:14.558-0100: 21146.547: Total time for which application threads were stopped: 0.0000809 seconds, Stopping threads took: 0.0000208 seconds
2017-06-09T15:53:14.559-0100: 21146.547: Total time for which application threads were stopped: 0.0000726 seconds, Stopping threads took: 0.0000105 seconds
2017-06-09T15:53:16.066-0100: 21148.054: Total time for which application threads were stopped: 0.0004657 seconds, Stopping threads took: 0.0000376 seconds
2017-06-09T15:53:16.067-0100: 21148.055: Total time for which application threads were stopped: 0.0001413 seconds, Stopping threads took: 0.0000419 seconds
2017-06-09T15:53:16.076-0100: 21148.064: Total time for which application threads were stopped: 0.0001267 seconds, Stopping threads took: 0.0000365 seconds
2017-06-09T15:53:16.076-0100: 21148.064: Total time for which application threads were stopped: 0.0000995 seconds, Stopping threads took: 0.0000157 seconds
2017-06-09T15:53:16.113-0100: 21148.101: Total time for which application threads were stopped: 0.0003270 seconds, Stopping threads took: 0.0000237 seconds
2017-06-09T15:53:16.113-0100: 21148.101: Total time for which application threads were stopped: 0.0001283 seconds, Stopping threads took: 0.0000145 seconds
2017-06-09T15:53:16.123-0100: 21148.111: Total time for which application threads were stopped: 0.0001751 seconds, Stopping threads took: 0.0000235 seconds
2017-06-09T15:53:16.123-0100: 21148.111: Total time for which application threads were stopped: 0.0000631 seconds, Stopping threads took: 0.0000084 seconds
2017-06-09T15:53:17.107-0100: 21149.096: Total time for which application threads were stopped: 0.0001391 seconds, Stopping threads took: 0.0000316 seconds
2017-06-09T15:53:17.108-0100: 21149.096: Total time for which application threads were stopped: 0.0000881 seconds, Stopping threads took: 0.0000102 seconds
2017-06-09T15:53:17.115-0100: 21149.104: Total time for which application threads were stopped: 0.0001227 seconds, Stopping threads took: 0.0000248 seconds
2017-06-09T15:53:17.116-0100: 21149.104: Total time for which application threads were stopped: 0.0000607 seconds, Stopping threads took: 0.0000083 seconds
2017-06-09T15:53:17.879-0100: 21149.867: Total time for which application threads were stopped: 0.0001479 seconds, Stopping threads took: 0.0000277 seconds
{Heap before GC invocations=24 (full 2):
 par new generation   total 109248K, used 102119K [0x00000007a0000000, 0x00000007a8000000, 0x00000007a8000000)
  eden space 87424K,  99% used [0x00000007a0000000, 0x00000007a55598d0, 0x00000007a5560000)
  from space 21824K,  67% used [0x00000007a5560000, 0x00000007a63c0500, 0x00000007a6ab0000)
  to   space 21824K,   0% used [0x00000007a6ab0000, 0x00000007a6ab0000, 0x00000007a8000000)
 concurrent mark-sweep generation total 393216K, used 38800K [0x00000007a8000000, 0x00000007c0000000, 0x00000007c0000000)
 Metaspace       used 36897K, capacity 37518K, committed 37884K, reserved 1083392K
  class space    used 4063K, capacity 4245K, committed 4348K, reserved 1048576K
2017-06-09T15:53:17.910-0100: 21149.899: [GC (Allocation Failure) 2017-06-09T15:53:17.910-0100: 21149.899: [ParNew
Desired survivor size 20112992 bytes, new threshold 8 (max 8)
- age   1:    1816536 bytes,    1816536 total
- age   2:    1139912 bytes,    2956448 total
- age   3:      27760 bytes,    2984208 total
- age   4:     144936 bytes,    3129144 total
- age   5:     166520 bytes,    3295664 total
- age   6:     700896 bytes,    3996560 total
- age   7:       1272 bytes,    3997832 total
- age   8:    5964936 bytes,    9962768 total
: 102119K->15966K(109248K), 0.0074244 secs] 140920K->57628K(502464K), 0.0075048 secs] [Times: user=0.03 sys=0.01, real=0.00 secs] 
Heap after GC invocations=25 (full 2):
 par new generation   total 109248K, used 15966K [0x00000007a0000000, 0x00000007a8000000, 0x00000007a8000000)
  eden space 87424K,   0% used [0x00000007a0000000, 0x00000007a0000000, 0x00000007a5560000)
  from space 21824K,  73% used [0x00000007a6ab0000, 0x00000007a7a47860, 0x00000007a8000000)
  to   space 21824K,   0% used [0x00000007a5560000, 0x00000007a5560000, 0x00000007a6ab0000)
 concurrent mark-sweep generation total 393216K, used 41662K [0x00000007a8000000, 0x00000007c0000000, 0x00000007c0000000)
 Metaspace       used 36897K, capacity 37518K, committed 37884K, reserved 1083392K
  class space    used 4063K, capacity 4245K, committed 4348K, reserved 1048576K
}
2017-06-09T15:53:17.918-0100: 21149.906: Total time for which application threads were stopped: 0.0077163 seconds, Stopping threads took: 0.0000221 seconds
2017-06-09T15:53:17.918-0100: 21149.906: Total time for which application threads were stopped: 0.0001688 seconds, Stopping threads took: 0.0000874 seconds
2017-06-09T15:53:17.919-0100: 21149.907: Total time for which application threads were stopped: 0.0001754 seconds, Stopping threads took: 0.0000721 seconds
{Heap before GC invocations=25 (full 2):
 par new generation   total 109248K, used 103358K [0x00000007a0000000, 0x00000007a8000000, 0x00000007a8000000)
  eden space 87424K,  99% used [0x00000007a0000000, 0x00000007a5558390, 0x00000007a5560000)
  from space 21824K,  73% used [0x00000007a6ab0000, 0x00000007a7a47860, 0x00000007a8000000)
  to   space 21824K,   0% used [0x00000007a5560000, 0x00000007a5560000, 0x00000007a6ab0000)
 concurrent mark-sweep generation total 393216K, used 41662K [0x00000007a8000000, 0x00000007c0000000, 0x00000007c0000000)
 Metaspace       used 36910K, capacity 37530K, committed 37884K, reserved 1083392K
  class space    used 4064K, capacity 4247K, committed 4348K, reserved 1048576K
2017-06-09T15:53:17.954-0100: 21149.943: [GC (Allocation Failure) 2017-06-09T15:53:17.954-0100: 21149.943: [ParNew
Desired survivor size 20112992 bytes, new threshold 8 (max 8)
- age   1:     818120 bytes,     818120 total
- age   2:    1471104 bytes,    2289224 total
- age   3:    1139912 bytes,    3429136 total
- age   4:      27760 bytes,    3456896 total
- age   5:     144936 bytes,    3601832 total
- age   6:     166520 bytes,    3768352 total
- age   7:     700896 bytes,    4469248 total
- age   8:       1272 bytes,    4470520 total
: 103358K->7639K(109248K), 0.0062313 secs] 145021K->55136K(502464K), 0.0063041 secs] [Times: user=0.01 sys=0.00, real=0.01 secs] 
Heap after GC invocations=26 (full 2):
 par new generation   total 109248K, used 7639K [0x00000007a0000000, 0x00000007a8000000, 0x00000007a8000000)
  eden space 87424K,   0% used [0x00000007a0000000, 0x00000007a0000000, 0x00000007a5560000)
  from space 21824K,  35% used [0x00000007a5560000, 0x00000007a5cd5fe0, 0x00000007a6ab0000)
  to   space 21824K,   0% used [0x00000007a6ab0000, 0x00000007a6ab0000, 0x00000007a8000000)
 concurrent mark-sweep generation total 393216K, used 47496K [0x00000007a8000000, 0x00000007c0000000, 0x00000007c0000000)
 Metaspace       used 36910K, capacity 37530K, committed 37884K, reserved 1083392K
  class space    used 4064K, capacity 4247K, committed 4348K, reserved 1048576K
}
2017-06-09T15:53:17.961-0100: 21149.949: Total time for which application threads were stopped: 0.0065500 seconds, Stopping threads took: 0.0000962 seconds
2017-06-09T15:53:17.961-0100: 21149.949: Total time for which application threads were stopped: 0.0001979 seconds, Stopping threads took: 0.0000731 seconds
{Heap before GC invocations=26 (full 2):
 par new generation   total 109248K, used 95063K [0x00000007a0000000, 0x00000007a8000000, 0x00000007a8000000)
  eden space 87424K, 100% used [0x00000007a0000000, 0x00000007a5560000, 0x00000007a5560000)
  from space 21824K,  35% used [0x00000007a5560000, 0x00000007a5cd5fe0, 0x00000007a6ab0000)
  to   space 21824K,   0% used [0x00000007a6ab0000, 0x00000007a6ab0000, 0x00000007a8000000)
 concurrent mark-sweep generation total 393216K, used 47496K [0x00000007a8000000, 0x00000007c0000000, 0x00000007c0000000)
 Metaspace       used 36925K, capacity 37542K, committed 37884K, reserved 1083392K
  class space    used 4065K, capacity 4249K, committed 4348K, reserved 1048576K
2017-06-09T15:53:18.029-0100: 21150.017: [GC (Allocation Failure) 2017-06-09T15:53:18.029-0100: 21150.017: [ParNew
Desired survivor size 20112992 bytes, new threshold 8 (max 8)
- age   1:    1037376 bytes,    1037376 total
- age   2:     798008 bytes,    1835384 total
- age   3:    1461360 bytes,    3296744 total
- age   4:    1139912 bytes,    4436656 total
- age   5:      27760 bytes,    4464416 total
- age   6:     144832 bytes,    4609248 total
- age   7:     166520 bytes,    4775768 total
- age   8:     700896 bytes,    5476664 total
: 95063K->6502K(109248K), 0.0050579 secs] 142560K->54000K(502464K), 0.0051231 secs] [Times: user=0.02 sys=0.00, real=0.01 secs] 
Heap after GC invocations=27 (full 2):
 par new generation   total 109248K, used 6502K [0x00000007a0000000, 0x00000007a8000000, 0x00000007a8000000)
  eden space 87424K,   0% used [0x00000007a0000000, 0x00000007a0000000, 0x00000007a5560000)
  from space 21824K,  29% used [0x00000007a6ab0000, 0x00000007a7109be8, 0x00000007a8000000)
  to   space 21824K,   0% used [0x00000007a5560000, 0x00000007a5560000, 0x00000007a6ab0000)
 concurrent mark-sweep generation total 393216K, used 47497K [0x00000007a8000000, 0x00000007c0000000, 0x00000007c0000000)
 Metaspace       used 36925K, capacity 37542K, committed 37884K, reserved 1083392K
  class space    used 4065K, capacity 4249K, committed 4348K, reserved 1048576K
}
2017-06-09T15:53:18.034-0100: 21150.022: Total time for which application threads were stopped: 0.0053934 seconds, Stopping threads took: 0.0000276 seconds
2017-06-09T15:53:18.058-0100: 21150.046: Total time for which application threads were stopped: 0.0001323 seconds, Stopping threads took: 0.0000197 seconds
{Heap before GC invocations=27 (full 2):
 par new generation   total 109248K, used 93926K [0x00000007a0000000, 0x00000007a8000000, 0x00000007a8000000)
  eden space 87424K, 100% used [0x00000007a0000000, 0x00000007a5560000, 0x00000007a5560000)
  from space 21824K,  29% used [0x00000007a6ab0000, 0x00000007a7109be8, 0x00000007a8000000)
  to   space 21824K,   0% used [0x00000007a5560000, 0x00000007a5560000, 0x00000007a6ab0000)
 concurrent mark-sweep generation total 393216K, used 47497K [0x00000007a8000000, 0x00000007c0000000, 0x00000007c0000000)
 Metaspace       used 36927K, capacity 37542K, committed 37884K, reserved 1083392K
  class space    used 4065K, capacity 4249K, committed 4348K, reserved 1048576K
2017-06-09T15:53:18.249-0100: 21150.238: [GC (Allocation Failure) 2017-06-09T15:53:18.249-0100: 21150.238: [ParNew
Desired survivor size 20112992 bytes, new threshold 8 (max 8)
- age   1:    1006360 bytes,    1006360 total
- age   2:     472240 bytes,    1478600 total
- age   3:     798008 bytes,    2276608 total
- age   4:    1461336 bytes,    3737944 total
- age   5:    1139872 bytes,    4877816 total
- age   6:      27760 bytes,    4905576 total
- age   7:     144832 bytes,    5050408 total
- age   8:     166520 bytes,    5216928 total
: 93926K->6903K(109248K), 0.0057378 secs] 141424K->55089K(502464K), 0.0058020 secs] [Times: user=0.01 sys=0.01, real=0.01 secs] 
Heap after GC invocations=28 (full 2):
 par new generation   total 109248K, used 6903K [0x00000007a0000000, 0x00000007a8000000, 0x00000007a8000000)
  eden space 87424K,   0% used [0x00000007a0000000, 0x00000007a0000000, 0x00000007a5560000)
  from space 21824K,  31% used [0x00000007a5560000, 0x00000007a5c1dea0, 0x00000007a6ab0000)
  to   space 21824K,   0% used [0x00000007a6ab0000, 0x00000007a6ab0000, 0x00000007a8000000)
 concurrent mark-sweep generation total 393216K, used 48186K [0x00000007a8000000, 0x00000007c0000000, 0x00000007c0000000)
 Metaspace       used 36927K, capacity 37542K, committed 37884K, reserved 1083392K
  class space    used 4065K, capacity 4249K, committed 4348K, reserved 1048576K
}
2017-06-09T15:53:18.255-0100: 21150.243: Total time for which application threads were stopped: 0.0060099 seconds, Stopping threads took: 0.0000184 seconds
{Heap before GC invocations=28 (full 2):
 par new generation   total 109248K, used 94327K [0x00000007a0000000, 0x00000007a8000000, 0x00000007a8000000)
  eden space 87424K, 100% used [0x00000007a0000000, 0x00000007a5560000, 0x00000007a5560000)
  from space 21824K,  31% used [0x00000007a5560000, 0x00000007a5c1dea0, 0x00000007a6ab0000)
  to   space 21824K,   0% used [0x00000007a6ab0000, 0x00000007a6ab0000, 0x00000007a8000000)
 concurrent mark-sweep generation total 393216K, used 48186K [0x00000007a8000000, 0x00000007c0000000, 0x00000007c0000000)
 Metaspace       used 36929K, capacity 37542K, committed 37884K, reserved 1083392K
  class space    used 4065K, capacity 4249K, committed 4348K, reserved 1048576K
2017-06-09T15:53:18.409-0100: 21150.398: [GC (Allocation Failure) 2017-06-09T15:53:18.409-0100: 21150.398: [ParNew
Desired survivor size 20112992 bytes, new threshold 8 (max 8)
- age   1:    1429744 bytes,    1429744 total
- age   2:     561600 bytes,    1991344 total
- age   3:     132288 bytes,    2123632 total
- age   4:     158720 bytes,    2282352 total
- age   5:    1461336 bytes,    3743688 total
- age   6:    1139872 bytes,    4883560 total
- age   7:      27760 bytes,    4911320 total
- age   8:     144832 bytes,    5056152 total
: 94327K->6887K(109248K), 0.0100348 secs] 142513K->55238K(502464K), 0.0101105 secs] [Times: user=0.06 sys=0.00, real=0.02 secs] 
Heap after GC invocations=29 (full 2):
 par new generation   total 109248K, used 6887K [0x00000007a0000000, 0x00000007a8000000, 0x00000007a8000000)
  eden space 87424K,   0% used [0x00000007a0000000, 0x00000007a0000000, 0x00000007a5560000)
  from space 21824K,  31% used [0x00000007a6ab0000, 0x00000007a7169dd8, 0x00000007a8000000)
  to   space 21824K,   0% used [0x00000007a5560000, 0x00000007a5560000, 0x00000007a6ab0000)
 concurrent mark-sweep generation total 393216K, used 48351K [0x00000007a8000000, 0x00000007c0000000, 0x00000007c0000000)
 Metaspace       used 36929K, capacity 37542K, committed 37884K, reserved 1083392K
  class space    used 4065K, capacity 4249K, committed 4348K, reserved 1048576K
}
2017-06-09T15:53:18.420-0100: 21150.408: Total time for which application threads were stopped: 0.0103866 seconds, Stopping threads took: 0.0000250 seconds
2017-06-09T15:53:18.577-0100: 21150.565: Total time for which application threads were stopped: 0.0002069 seconds, Stopping threads took: 0.0000443 seconds
2017-06-09T15:53:18.589-0100: 21150.577: Total time for which application threads were stopped: 0.0002989 seconds, Stopping threads took: 0.0000828 seconds
2017-06-09T15:53:18.593-0100: 21150.581: Total time for which application threads were stopped: 0.0001553 seconds, Stopping threads took: 0.0000246 seconds
2017-06-09T15:53:18.595-0100: 21150.583: Total time for which application threads were stopped: 0.0001346 seconds, Stopping threads took: 0.0000228 seconds
2017-06-09T15:53:18.596-0100: 21150.584: Total time for which application threads were stopped: 0.0000998 seconds, Stopping threads took: 0.0000144 seconds
2017-06-09T15:53:18.598-0100: 21150.586: Total time for which application threads were stopped: 0.0001481 seconds, Stopping threads took: 0.0000388 seconds
2017-06-09T15:53:18.598-0100: 21150.587: Total time for which application threads were stopped: 0.0001042 seconds, Stopping threads took: 0.0000221 seconds
2017-06-09T15:53:19.618-0100: 21151.606: Total time for which application threads were stopped: 0.0001597 seconds, Stopping threads took: 0.0000199 seconds
2017-06-09T15:53:19.619-0100: 21151.607: Total time for which application threads were stopped: 0.0001286 seconds, Stopping threads took: 0.0000322 seconds
2017-06-09T15:53:19.619-0100: 21151.607: Total time for which application threads were stopped: 0.0000970 seconds, Stopping threads took: 0.0000112 seconds
2017-06-09T15:53:19.619-0100: 21151.607: Total time for which application threads were stopped: 0.0000957 seconds, Stopping threads took: 0.0000298 seconds
2017-06-09T15:53:19.619-0100: 21151.607: Total time for which application threads were stopped: 0.0000716 seconds, Stopping threads took: 0.0000075 seconds
2017-06-09T15:53:19.619-0100: 21151.607: Total time for which application threads were stopped: 0.0000892 seconds, Stopping threads took: 0.0000364 seconds
2017-06-09T15:53:19.619-0100: 21151.608: Total time for which application threads were stopped: 0.0000715 seconds, Stopping threads took: 0.0000181 seconds
2017-06-09T15:53:19.620-0100: 21151.608: Total time for which application threads were stopped: 0.0001315 seconds, Stopping threads took: 0.0000829 seconds
2017-06-09T15:53:19.620-0100: 21151.608: Total time for which application threads were stopped: 0.0001366 seconds, Stopping threads took: 0.0000717 seconds
2017-06-09T15:53:19.620-0100: 21151.608: Total time for which application threads were stopped: 0.0001165 seconds, Stopping threads took: 0.0000480 seconds
2017-06-09T15:53:19.621-0100: 21151.609: Total time for which application threads were stopped: 0.0000756 seconds, Stopping threads took: 0.0000128 seconds
2017-06-09T15:53:19.621-0100: 21151.609: Total time for which application threads were stopped: 0.0000638 seconds, Stopping threads took: 0.0000079 seconds
2017-06-09T15:53:19.626-0100: 21151.615: Total time for which application threads were stopped: 0.0001745 seconds, Stopping threads took: 0.0000338 seconds
2017-06-09T15:53:19.627-0100: 21151.615: Total time for which application threads were stopped: 0.0001206 seconds, Stopping threads took: 0.0000293 seconds
2017-06-09T15:53:19.627-0100: 21151.615: Total time for which application threads were stopped: 0.0001010 seconds, Stopping threads took: 0.0000248 seconds
2017-06-09T15:53:19.627-0100: 21151.615: Total time for which application threads were stopped: 0.0000965 seconds, Stopping threads took: 0.0000281 seconds
2017-06-09T15:53:19.634-0100: 21151.622: Total time for which application threads were stopped: 0.0001344 seconds, Stopping threads took: 0.0000370 seconds
2017-06-09T15:53:19.634-0100: 21151.622: Total time for which application threads were stopped: 0.0000745 seconds, Stopping threads took: 0.0000250 seconds
2017-06-09T15:53:20.639-0100: 21152.627: Total time for which application threads were stopped: 0.0001390 seconds, Stopping threads took: 0.0000287 seconds
2017-06-09T15:53:27.891-0100: 21159.879: Total time for which application threads were stopped: 0.0001656 seconds, Stopping threads took: 0.0000279 seconds
{Heap before GC invocations=29 (full 2):
 par new generation   total 109248K, used 94311K [0x00000007a0000000, 0x00000007a8000000, 0x00000007a8000000)
  eden space 87424K, 100% used [0x00000007a0000000, 0x00000007a5560000, 0x00000007a5560000)
  from space 21824K,  31% used [0x00000007a6ab0000, 0x00000007a7169dd8, 0x00000007a8000000)
  to   space 21824K,   0% used [0x00000007a5560000, 0x00000007a5560000, 0x00000007a6ab0000)
 concurrent mark-sweep generation total 393216K, used 48351K [0x00000007a8000000, 0x00000007c0000000, 0x00000007c0000000)
 Metaspace       used 36938K, capacity 37546K, committed 37884K, reserved 1083392K
  class space    used 4065K, capacity 4249K, committed 4348K, reserved 1048576K
2017-06-09T15:53:28.065-0100: 21160.054: [GC (Allocation Failure) 2017-06-09T15:53:28.066-0100: 21160.054: [ParNew
Desired survivor size 20112992 bytes, new threshold 8 (max 8)
- age   1:    4354824 bytes,    4354824 total
- age   2:    1137400 bytes,    5492224 total
- age   3:        760 bytes,    5492984 total
- age   4:     132288 bytes,    5625272 total
- age   5:     157240 bytes,    5782512 total
- age   6:    1426616 bytes,    7209128 total
- age   7:    1139872 bytes,    8349000 total
- age   8:      27760 bytes,    8376760 total
: 94311K->9813K(109248K), 0.0060687 secs] 142662K->58309K(502464K), 0.0064258 secs] [Times: user=0.03 sys=0.00, real=0.01 secs] 
Heap after GC invocations=30 (full 2):
 par new generation   total 109248K, used 9813K [0x00000007a0000000, 0x00000007a8000000, 0x00000007a8000000)
  eden space 87424K,   0% used [0x00000007a0000000, 0x00000007a0000000, 0x00000007a5560000)
  from space 21824K,  44% used [0x00000007a5560000, 0x00000007a5ef5598, 0x00000007a6ab0000)
  to   space 21824K,   0% used [0x00000007a6ab0000, 0x00000007a6ab0000, 0x00000007a8000000)
 concurrent mark-sweep generation total 393216K, used 48495K [0x00000007a8000000, 0x00000007c0000000, 0x00000007c0000000)
 Metaspace       used 36938K, capacity 37546K, committed 37884K, reserved 1083392K
  class space    used 4065K, capacity 4249K, committed 4348K, reserved 1048576K
}
2017-06-09T15:53:28.072-0100: 21160.060: Total time for which application threads were stopped: 0.0067306 seconds, Stopping threads took: 0.0000225 seconds
2017-06-09T15:53:28.072-0100: 21160.060: Total time for which application threads were stopped: 0.0002426 seconds, Stopping threads took: 0.0000684 seconds
{Heap before GC invocations=30 (full 2):
 par new generation   total 109248K, used 97237K [0x00000007a0000000, 0x00000007a8000000, 0x00000007a8000000)
  eden space 87424K, 100% used [0x00000007a0000000, 0x00000007a5560000, 0x00000007a5560000)
  from space 21824K,  44% used [0x00000007a5560000, 0x00000007a5ef5598, 0x00000007a6ab0000)
  to   space 21824K,   0% used [0x00000007a6ab0000, 0x00000007a6ab0000, 0x00000007a8000000)
 concurrent mark-sweep generation total 393216K, used 48495K [0x00000007a8000000, 0x00000007c0000000, 0x00000007c0000000)
 Metaspace       used 36945K, capacity 37554K, committed 37884K, reserved 1083392K
  class space    used 4065K, capacity 4249K, committed 4348K, reserved 1048576K
2017-06-09T15:53:28.372-0100: 21160.360: [GC (Allocation Failure) 2017-06-09T15:53:28.372-0100: 21160.360: [ParNew
Desired survivor size 20112992 bytes, new threshold 8 (max 8)
- age   1:    8048672 bytes,    8048672 total
- age   2:    2815080 bytes,   10863752 total
- age   3:    1137400 bytes,   12001152 total
- age   4:        760 bytes,   12001912 total
- age   5:     132288 bytes,   12134200 total
- age   6:     157304 bytes,   12291504 total
- age   7:    1414304 bytes,   13705808 total
- age   8:    1139872 bytes,   14845680 total
: 97237K->16966K(109248K), 0.0069361 secs] 145733K->65489K(502464K), 0.0070219 secs] [Times: user=0.03 sys=0.01, real=0.00 secs] 
Heap after GC invocations=31 (full 2):
 par new generation   total 109248K, used 16966K [0x00000007a0000000, 0x00000007a8000000, 0x00000007a8000000)
  eden space 87424K,   0% used [0x00000007a0000000, 0x00000007a0000000, 0x00000007a5560000)
  from space 21824K,  77% used [0x00000007a6ab0000, 0x00000007a7b41860, 0x00000007a8000000)
  to   space 21824K,   0% used [0x00000007a5560000, 0x00000007a5560000, 0x00000007a6ab0000)
 concurrent mark-sweep generation total 393216K, used 48523K [0x00000007a8000000, 0x00000007c0000000, 0x00000007c0000000)
 Metaspace       used 36945K, capacity 37554K, committed 37884K, reserved 1083392K
  class space    used 4065K, capacity 4249K, committed 4348K, reserved 1048576K
}
2017-06-09T15:53:28.379-0100: 21160.367: Total time for which application threads were stopped: 0.0072576 seconds, Stopping threads took: 0.0000245 seconds
{Heap before GC invocations=31 (full 2):
 par new generation   total 109248K, used 104390K [0x00000007a0000000, 0x00000007a8000000, 0x00000007a8000000)
  eden space 87424K, 100% used [0x00000007a0000000, 0x00000007a5560000, 0x00000007a5560000)
  from space 21824K,  77% used [0x00000007a6ab0000, 0x00000007a7b41860, 0x00000007a8000000)
  to   space 21824K,   0% used [0x00000007a5560000, 0x00000007a5560000, 0x00000007a6ab0000)
 concurrent mark-sweep generation total 393216K, used 48523K [0x00000007a8000000, 0x00000007c0000000, 0x00000007c0000000)
 Metaspace       used 36988K, capacity 37618K, committed 37884K, reserved 1083392K
  class space    used 4065K, capacity 4249K, committed 4348K, reserved 1048576K
2017-06-09T15:53:28.690-0100: 21160.678: [GC (Allocation Failure) 2017-06-09T15:53:28.690-0100: 21160.678: [ParNew
Desired survivor size 20112992 bytes, new threshold 8 (max 8)
- age   1:    8461560 bytes,    8461560 total
- age   2:    4372064 bytes,   12833624 total
- age   3:    2813848 bytes,   15647472 total
- age   4:    1137400 bytes,   16784872 total
- age   5:        760 bytes,   16785632 total
- age   6:     132288 bytes,   16917920 total
- age   7:     157240 bytes,   17075160 total
- age   8:    1414304 bytes,   18489464 total
: 104390K->21824K(109248K), 0.0090287 secs] 152913K->72895K(502464K), 0.0090882 secs] [Times: user=0.04 sys=0.00, real=0.00 secs] 
Heap after GC invocations=32 (full 2):
 par new generation   total 109248K, used 21824K [0x00000007a0000000, 0x00000007a8000000, 0x00000007a8000000)
  eden space 87424K,   0% used [0x00000007a0000000, 0x00000007a0000000, 0x00000007a5560000)
  from space 21824K, 100% used [0x00000007a5560000, 0x00000007a6ab0000, 0x00000007a6ab0000)
  to   space 21824K,   0% used [0x00000007a6ab0000, 0x00000007a6ab0000, 0x00000007a8000000)
 concurrent mark-sweep generation total 393216K, used 51071K [0x00000007a8000000, 0x00000007c0000000, 0x00000007c0000000)
 Metaspace       used 36988K, capacity 37618K, committed 37884K, reserved 1083392K
  class space    used 4065K, capacity 4249K, committed 4348K, reserved 1048576K
}
2017-06-09T15:53:28.699-0100: 21160.687: Total time for which application threads were stopped: 0.0093009 seconds, Stopping threads took: 0.0000196 seconds
{Heap before GC invocations=32 (full 2):
 par new generation   total 109248K, used 109248K [0x00000007a0000000, 0x00000007a8000000, 0x00000007a8000000)
  eden space 87424K, 100% used [0x00000007a0000000, 0x00000007a5560000, 0x00000007a5560000)
  from space 21824K, 100% used [0x00000007a5560000, 0x00000007a6ab0000, 0x00000007a6ab0000)
  to   space 21824K,   0% used [0x00000007a6ab0000, 0x00000007a6ab0000, 0x00000007a8000000)
 concurrent mark-sweep generation total 393216K, used 51071K [0x00000007a8000000, 0x00000007c0000000, 0x00000007c0000000)
 Metaspace       used 36994K, capacity 37618K, committed 37884K, reserved 1083392K
  class space    used 4065K, capacity 4249K, committed 4348K, reserved 1048576K
2017-06-09T15:53:29.155-0100: 21161.143: [GC (Allocation Failure) 2017-06-09T15:53:29.155-0100: 21161.143: [ParNew
Desired survivor size 20112992 bytes, new threshold 8 (max 8)
- age   1:    8155808 bytes,    8155808 total
- age   2:    4576496 bytes,   12732304 total
- age   3:    3550024 bytes,   16282328 total
- age   4:    2429640 bytes,   18711968 total
- age   5:    1137400 bytes,   19849368 total
- age   6:        760 bytes,   19850128 total
- age   7:     132288 bytes,   19982416 total
- age   8:     157240 bytes,   20139656 total
: 109248K->21824K(109248K), 0.0107543 secs] 160319K->75485K(502464K), 0.0108236 secs] [Times: user=0.06 sys=0.00, real=0.01 secs] 
Heap after GC invocations=33 (full 2):
 par new generation   total 109248K, used 21824K [0x00000007a0000000, 0x00000007a8000000, 0x00000007a8000000)
  eden space 87424K,   0% used [0x00000007a0000000, 0x00000007a0000000, 0x00000007a5560000)
  from space 21824K, 100% used [0x00000007a6ab0000, 0x00000007a8000000, 0x00000007a8000000)
  to   space 21824K,   0% used [0x00000007a5560000, 0x00000007a5560000, 0x00000007a6ab0000)
 concurrent mark-sweep generation total 393216K, used 53661K [0x00000007a8000000, 0x00000007c0000000, 0x00000007c0000000)
 Metaspace       used 36994K, capacity 37618K, committed 37884K, reserved 1083392K
  class space    used 4065K, capacity 4249K, committed 4348K, reserved 1048576K
}
2017-06-09T15:53:29.165-0100: 21161.154: Total time for which application threads were stopped: 0.0111217 seconds, Stopping threads took: 0.0000280 seconds
{Heap before GC invocations=33 (full 2):
 par new generation   total 109248K, used 109248K [0x00000007a0000000, 0x00000007a8000000, 0x00000007a8000000)
  eden space 87424K, 100% used [0x00000007a0000000, 0x00000007a5560000, 0x00000007a5560000)
  from space 21824K, 100% used [0x00000007a6ab0000, 0x00000007a8000000, 0x00000007a8000000)
  to   space 21824K,   0% used [0x00000007a5560000, 0x00000007a5560000, 0x00000007a6ab0000)
 concurrent mark-sweep generation total 393216K, used 53661K [0x00000007a8000000, 0x00000007c0000000, 0x00000007c0000000)
 Metaspace       used 36994K, capacity 37618K, committed 37884K, reserved 1083392K
  class space    used 4065K, capacity 4249K, committed 4348K, reserved 1048576K
2017-06-09T15:53:29.282-0100: 21161.270: [GC (Allocation Failure) 2017-06-09T15:53:29.282-0100: 21161.270: [ParNew
Desired survivor size 20112992 bytes, new threshold 8 (max 8)
- age   1:      67824 bytes,      67824 total
- age   2:    6716384 bytes,    6784208 total
- age   3:    4380496 bytes,   11164704 total
- age   4:    3495424 bytes,   14660128 total
- age   5:    2399232 bytes,   17059360 total
- age   6:    1137400 bytes,   18196760 total
- age   7:        760 bytes,   18197520 total
- age   8:     132288 bytes,   18329808 total
: 109248K->21824K(109248K), 0.0079375 secs] 162909K->77282K(502464K), 0.0079919 secs] [Times: user=0.04 sys=0.01, real=0.01 secs] 
Heap after GC invocations=34 (full 2):
 par new generation   total 109248K, used 21824K [0x00000007a0000000, 0x00000007a8000000, 0x00000007a8000000)
  eden space 87424K,   0% used [0x00000007a0000000, 0x00000007a0000000, 0x00000007a5560000)
  from space 21824K, 100% used [0x00000007a5560000, 0x00000007a6ab0000, 0x00000007a6ab0000)
  to   space 21824K,   0% used [0x00000007a6ab0000, 0x00000007a6ab0000, 0x00000007a8000000)
 concurrent mark-sweep generation total 393216K, used 55458K [0x00000007a8000000, 0x00000007c0000000, 0x00000007c0000000)
 Metaspace       used 36994K, capacity 37618K, committed 37884K, reserved 1083392K
  class space    used 4065K, capacity 4249K, committed 4348K, reserved 1048576K
}
2017-06-09T15:53:29.290-0100: 21161.278: Total time for which application threads were stopped: 0.0082037 seconds, Stopping threads took: 0.0000243 seconds
2017-06-09T15:53:29.373-0100: 21161.361: Total time for which application threads were stopped: 0.0001932 seconds, Stopping threads took: 0.0000345 seconds
2017-06-09T15:53:29.373-0100: 21161.361: Total time for which application threads were stopped: 0.0001102 seconds, Stopping threads took: 0.0000270 seconds
2017-06-09T15:53:30.376-0100: 21162.364: Total time for which application threads were stopped: 0.0001128 seconds, Stopping threads took: 0.0000246 seconds
2017-06-09T15:53:34.271-0100: 21166.259: Total time for which application threads were stopped: 0.0001354 seconds, Stopping threads took: 0.0000241 seconds
2017-06-09T15:53:34.275-0100: 21166.263: Total time for which application threads were stopped: 0.0001712 seconds, Stopping threads took: 0.0000217 seconds
2017-06-09T15:53:34.275-0100: 21166.263: Total time for which application threads were stopped: 0.0001212 seconds, Stopping threads took: 0.0000155 seconds
2017-06-09T15:53:34.275-0100: 21166.263: Total time for which application threads were stopped: 0.0001214 seconds, Stopping threads took: 0.0000116 seconds
2017-06-09T15:53:34.275-0100: 21166.263: Total time for which application threads were stopped: 0.0001086 seconds, Stopping threads took: 0.0000097 seconds
2017-06-09T15:53:34.275-0100: 21166.263: Total time for which application threads were stopped: 0.0001010 seconds, Stopping threads took: 0.0000097 seconds
2017-06-09T15:53:34.276-0100: 21166.264: Total time for which application threads were stopped: 0.0001627 seconds, Stopping threads took: 0.0000540 seconds
2017-06-09T15:53:34.276-0100: 21166.264: Total time for which application threads were stopped: 0.0001411 seconds, Stopping threads took: 0.0000289 seconds
2017-06-09T15:53:34.276-0100: 21166.264: Total time for which application threads were stopped: 0.0001558 seconds, Stopping threads took: 0.0000759 seconds
2017-06-09T15:53:34.277-0100: 21166.265: Total time for which application threads were stopped: 0.0002543 seconds, Stopping threads took: 0.0000637 seconds
2017-06-09T15:53:34.286-0100: 21166.274: Total time for which application threads were stopped: 0.0001615 seconds, Stopping threads took: 0.0000239 seconds
2017-06-09T15:53:34.287-0100: 21166.275: Total time for which application threads were stopped: 0.0001459 seconds, Stopping threads took: 0.0000128 seconds
2017-06-09T15:53:34.298-0100: 21166.286: Total time for which application threads were stopped: 0.0001039 seconds, Stopping threads took: 0.0000239 seconds
2017-06-09T15:53:34.298-0100: 21166.286: Total time for which application threads were stopped: 0.0000608 seconds, Stopping threads took: 0.0000107 seconds
2017-06-09T15:53:35.807-0100: 21167.795: Total time for which application threads were stopped: 0.0001342 seconds, Stopping threads took: 0.0000346 seconds
2017-06-09T15:53:35.807-0100: 21167.795: Total time for which application threads were stopped: 0.0000859 seconds, Stopping threads took: 0.0000132 seconds
2017-06-09T15:53:35.808-0100: 21167.796: Total time for which application threads were stopped: 0.0000861 seconds, Stopping threads took: 0.0000207 seconds
2017-06-09T15:53:35.808-0100: 21167.796: Total time for which application threads were stopped: 0.0000658 seconds, Stopping threads took: 0.0000172 seconds
2017-06-09T15:53:35.808-0100: 21167.796: Total time for which application threads were stopped: 0.0000787 seconds, Stopping threads took: 0.0000175 seconds
2017-06-09T15:53:35.810-0100: 21167.798: Total time for which application threads were stopped: 0.0001305 seconds, Stopping threads took: 0.0000418 seconds
2017-06-09T15:53:35.810-0100: 21167.798: Total time for which application threads were stopped: 0.0000887 seconds, Stopping threads took: 0.0000187 seconds
2017-06-09T15:53:35.814-0100: 21167.802: Total time for which application threads were stopped: 0.0001147 seconds, Stopping threads took: 0.0000186 seconds
2017-06-09T15:53:35.814-0100: 21167.802: Total time for which application threads were stopped: 0.0000593 seconds, Stopping threads took: 0.0000068 seconds
2017-06-09T15:53:35.820-0100: 21167.808: Total time for which application threads were stopped: 0.0001260 seconds, Stopping threads took: 0.0000260 seconds
2017-06-09T15:53:35.820-0100: 21167.808: Total time for which application threads were stopped: 0.0000600 seconds, Stopping threads took: 0.0000079 seconds
2017-06-09T15:53:36.822-0100: 21168.810: Total time for which application threads were stopped: 0.0001393 seconds, Stopping threads took: 0.0000285 seconds
2017-06-09T15:53:46.248-0100: 21178.236: Total time for which application threads were stopped: 0.0002739 seconds, Stopping threads took: 0.0001573 seconds
2017-06-09T15:53:46.249-0100: 21178.237: Total time for which application threads were stopped: 0.0001370 seconds, Stopping threads took: 0.0000292 seconds
2017-06-09T15:53:46.251-0100: 21178.239: Total time for which application threads were stopped: 0.0001573 seconds, Stopping threads took: 0.0000435 seconds
2017-06-09T15:53:46.251-0100: 21178.239: Total time for which application threads were stopped: 0.0000808 seconds, Stopping threads took: 0.0000086 seconds
2017-06-09T15:53:46.258-0100: 21178.246: Total time for which application threads were stopped: 0.0001581 seconds, Stopping threads took: 0.0000260 seconds
2017-06-09T15:53:46.258-0100: 21178.246: Total time for which application threads were stopped: 0.0001018 seconds, Stopping threads took: 0.0000093 seconds
2017-06-09T15:53:46.262-0100: 21178.250: Total time for which application threads were stopped: 0.0002624 seconds, Stopping threads took: 0.0000831 seconds
2017-06-09T15:53:46.262-0100: 21178.250: Total time for which application threads were stopped: 0.0000945 seconds, Stopping threads took: 0.0000168 seconds
2017-06-09T15:53:47.263-0100: 21179.251: Total time for which application threads were stopped: 0.0001035 seconds, Stopping threads took: 0.0000242 seconds
2017-06-09T15:53:47.341-0100: 21179.329: Total time for which application threads were stopped: 0.0002099 seconds, Stopping threads took: 0.0000496 seconds
2017-06-09T15:53:47.341-0100: 21179.329: Total time for which application threads were stopped: 0.0001190 seconds, Stopping threads took: 0.0000122 seconds
2017-06-09T15:53:47.351-0100: 21179.339: Total time for which application threads were stopped: 0.0002441 seconds, Stopping threads took: 0.0000266 seconds
2017-06-09T15:53:47.351-0100: 21179.339: Total time for which application threads were stopped: 0.0001682 seconds, Stopping threads took: 0.0000129 seconds
2017-06-09T15:53:47.351-0100: 21179.339: Total time for which application threads were stopped: 0.0001359 seconds, Stopping threads took: 0.0000088 seconds
2017-06-09T15:53:56.753-0100: 21188.741: Total time for which application threads were stopped: 0.0001895 seconds, Stopping threads took: 0.0000239 seconds
2017-06-09T15:53:56.753-0100: 21188.741: Total time for which application threads were stopped: 0.0001182 seconds, Stopping threads took: 0.0000127 seconds
2017-06-09T15:53:56.761-0100: 21188.749: Total time for which application threads were stopped: 0.0001286 seconds, Stopping threads took: 0.0000373 seconds
2017-06-09T15:53:56.761-0100: 21188.749: Total time for which application threads were stopped: 0.0000705 seconds, Stopping threads took: 0.0000117 seconds
2017-06-09T15:54:46.261-0100: 21238.248: Total time for which application threads were stopped: 0.0001465 seconds, Stopping threads took: 0.0000326 seconds
2017-06-09T15:54:56.767-0100: 21248.755: Total time for which application threads were stopped: 0.0001528 seconds, Stopping threads took: 0.0000308 seconds
2017-06-09T16:02:45.335-0100: 21717.319: Total time for which application threads were stopped: 0.0001208 seconds, Stopping threads took: 0.0000257 seconds
2017-06-09T16:03:47.479-0100: 21779.463: Total time for which application threads were stopped: 0.0002270 seconds, Stopping threads took: 0.0000807 seconds
2017-06-09T16:18:10.758-0100: 22642.735: Total time for which application threads were stopped: 0.0002360 seconds, Stopping threads took: 0.0000381 seconds
2017-06-09T16:18:10.758-0100: 22642.735: Total time for which application threads were stopped: 0.0001485 seconds, Stopping threads took: 0.0000296 seconds
2017-06-09T16:18:10.768-0100: 22642.745: Total time for which application threads were stopped: 0.0001032 seconds, Stopping threads took: 0.0000209 seconds
2017-06-09T16:18:10.768-0100: 22642.746: Total time for which application threads were stopped: 0.0000795 seconds, Stopping threads took: 0.0000126 seconds
2017-06-09T16:19:10.773-0100: 22702.750: Total time for which application threads were stopped: 0.0001116 seconds, Stopping threads took: 0.0000250 seconds
2017-06-09T16:21:32.726-0100: 22844.702: Total time for which application threads were stopped: 0.0001365 seconds, Stopping threads took: 0.0000154 seconds
2017-06-09T16:21:32.726-0100: 22844.702: Total time for which application threads were stopped: 0.0000818 seconds, Stopping threads took: 0.0000091 seconds
2017-06-09T16:21:32.730-0100: 22844.705: Total time for which application threads were stopped: 0.0001492 seconds, Stopping threads took: 0.0000287 seconds
2017-06-09T16:21:32.730-0100: 22844.706: Total time for which application threads were stopped: 0.0001574 seconds, Stopping threads took: 0.0000832 seconds
2017-06-09T16:21:32.737-0100: 22844.713: Total time for which application threads were stopped: 0.0002888 seconds, Stopping threads took: 0.0000205 seconds
2017-06-09T16:21:33.741-0100: 22845.717: Total time for which application threads were stopped: 0.0001205 seconds, Stopping threads took: 0.0000202 seconds
{Heap before GC invocations=34 (full 2):
 par new generation   total 109248K, used 109248K [0x00000007a0000000, 0x00000007a8000000, 0x00000007a8000000)
  eden space 87424K, 100% used [0x00000007a0000000, 0x00000007a5560000, 0x00000007a5560000)
  from space 21824K, 100% used [0x00000007a5560000, 0x00000007a6ab0000, 0x00000007a6ab0000)
  to   space 21824K,   0% used [0x00000007a6ab0000, 0x00000007a6ab0000, 0x00000007a8000000)
 concurrent mark-sweep generation total 393216K, used 55458K [0x00000007a8000000, 0x00000007c0000000, 0x00000007c0000000)
 Metaspace       used 37143K, capacity 37838K, committed 38140K, reserved 1083392K
  class space    used 4073K, capacity 4291K, committed 4348K, reserved 1048576K
2017-06-09T16:21:34.358-0100: 22846.333: [GC (Allocation Failure) 2017-06-09T16:21:34.363-0100: 22846.339: [ParNew
Desired survivor size 20112992 bytes, new threshold 8 (max 8)
- age   1:     831296 bytes,     831296 total
- age   2:        552 bytes,     831848 total
- age   3:    5619480 bytes,    6451328 total
- age   4:    3836928 bytes,   10288256 total
- age   5:    2999032 bytes,   13287288 total
- age   6:    2189512 bytes,   15476800 total
- age   7:    1137400 bytes,   16614200 total
- age   8:        760 bytes,   16614960 total
: 109248K->21824K(109248K), 0.0072504 secs] 164706K->78052K(502464K), 0.0130674 secs] [Times: user=0.02 sys=0.00, real=0.02 secs] 
Heap after GC invocations=35 (full 2):
 par new generation   total 109248K, used 21824K [0x00000007a0000000, 0x00000007a8000000, 0x00000007a8000000)
  eden space 87424K,   0% used [0x00000007a0000000, 0x00000007a0000000, 0x00000007a5560000)
  from space 21824K, 100% used [0x00000007a6ab0000, 0x00000007a8000000, 0x00000007a8000000)
  to   space 21824K,   0% used [0x00000007a5560000, 0x00000007a5560000, 0x00000007a6ab0000)
 concurrent mark-sweep generation total 393216K, used 56228K [0x00000007a8000000, 0x00000007c0000000, 0x00000007c0000000)
 Metaspace       used 37143K, capacity 37838K, committed 38140K, reserved 1083392K
  class space    used 4073K, capacity 4291K, committed 4348K, reserved 1048576K
}
2017-06-09T16:21:34.371-0100: 22846.347: Total time for which application threads were stopped: 0.0132800 seconds, Stopping threads took: 0.0000159 seconds
2017-06-09T16:21:34.410-0100: 22846.386: Total time for which application threads were stopped: 0.0001045 seconds, Stopping threads took: 0.0000154 seconds
2017-06-09T16:21:35.412-0100: 22847.388: Total time for which application threads were stopped: 0.0000926 seconds, Stopping threads took: 0.0000224 seconds
2017-06-09T16:21:36.415-0100: 22848.390: Total time for which application threads were stopped: 0.0001001 seconds, Stopping threads took: 0.0000176 seconds
2017-06-09T16:21:37.416-0100: 22849.392: Total time for which application threads were stopped: 0.0000784 seconds, Stopping threads took: 0.0000168 seconds
2017-06-09T16:22:18.631-0100: 22890.607: Total time for which application threads were stopped: 0.0001429 seconds, Stopping threads took: 0.0000201 seconds
2017-06-09T16:22:18.631-0100: 22890.607: Total time for which application threads were stopped: 0.0000680 seconds, Stopping threads took: 0.0000091 seconds
2017-06-09T16:22:18.632-0100: 22890.608: Total time for which application threads were stopped: 0.0000589 seconds, Stopping threads took: 0.0000074 seconds
2017-06-09T16:22:18.633-0100: 22890.608: Total time for which application threads were stopped: 0.0000532 seconds, Stopping threads took: 0.0000063 seconds
2017-06-09T16:22:18.633-0100: 22890.608: Total time for which application threads were stopped: 0.0000431 seconds, Stopping threads took: 0.0000058 seconds
2017-06-09T16:22:18.633-0100: 22890.608: Total time for which application threads were stopped: 0.0000419 seconds, Stopping threads took: 0.0000055 seconds
2017-06-09T16:22:18.633-0100: 22890.608: Total time for which application threads were stopped: 0.0000414 seconds, Stopping threads took: 0.0000056 seconds
2017-06-09T16:22:18.633-0100: 22890.608: Total time for which application threads were stopped: 0.0000635 seconds, Stopping threads took: 0.0000055 seconds
2017-06-09T16:22:18.633-0100: 22890.609: Total time for which application threads were stopped: 0.0000437 seconds, Stopping threads took: 0.0000058 seconds
2017-06-09T16:22:18.633-0100: 22890.609: Total time for which application threads were stopped: 0.0000507 seconds, Stopping threads took: 0.0000081 seconds
2017-06-09T16:22:18.634-0100: 22890.609: Total time for which application threads were stopped: 0.0000589 seconds, Stopping threads took: 0.0000088 seconds
{Heap before GC invocations=35 (full 2):
 par new generation   total 109248K, used 109248K [0x00000007a0000000, 0x00000007a8000000, 0x00000007a8000000)
  eden space 87424K, 100% used [0x00000007a0000000, 0x00000007a5560000, 0x00000007a5560000)
  from space 21824K, 100% used [0x00000007a6ab0000, 0x00000007a8000000, 0x00000007a8000000)
  to   space 21824K,   0% used [0x00000007a5560000, 0x00000007a5560000, 0x00000007a6ab0000)
 concurrent mark-sweep generation total 393216K, used 56228K [0x00000007a8000000, 0x00000007c0000000, 0x00000007c0000000)
 Metaspace       used 37155K, capacity 37838K, committed 38140K, reserved 1083392K
  class space    used 4073K, capacity 4291K, committed 4348K, reserved 1048576K
2017-06-09T16:22:18.671-0100: 22890.646: [GC (Allocation Failure) 2017-06-09T16:22:18.671-0100: 22890.646: [ParNew
Desired survivor size 20112992 bytes, new threshold 8 (max 8)
- age   1:    2872456 bytes,    2872456 total
- age   2:     454688 bytes,    3327144 total
- age   3:        552 bytes,    3327696 total
- age   4:    5560600 bytes,    8888296 total
- age   5:    3762552 bytes,   12650848 total
- age   6:    2932776 bytes,   15583624 total
- age   7:    2127144 bytes,   17710768 total
- age   8:    1137400 bytes,   18848168 total
: 109248K->21824K(109248K), 0.0063360 secs] 165476K->78430K(502464K), 0.0064043 secs] [Times: user=0.02 sys=0.01, real=0.00 secs] 
Heap after GC invocations=36 (full 2):
 par new generation   total 109248K, used 21824K [0x00000007a0000000, 0x00000007a8000000, 0x00000007a8000000)
  eden space 87424K,   0% used [0x00000007a0000000, 0x00000007a0000000, 0x00000007a5560000)
  from space 21824K, 100% used [0x00000007a5560000, 0x00000007a6ab0000, 0x00000007a6ab0000)
  to   space 21824K,   0% used [0x00000007a6ab0000, 0x00000007a6ab0000, 0x00000007a8000000)
 concurrent mark-sweep generation total 393216K, used 56606K [0x00000007a8000000, 0x00000007c0000000, 0x00000007c0000000)
 Metaspace       used 37155K, capacity 37838K, committed 38140K, reserved 1083392K
  class space    used 4073K, capacity 4291K, committed 4348K, reserved 1048576K
}
2017-06-09T16:22:18.677-0100: 22890.653: Total time for which application threads were stopped: 0.0065948 seconds, Stopping threads took: 0.0000170 seconds
{Heap before GC invocations=36 (full 2):
 par new generation   total 109248K, used 109248K [0x00000007a0000000, 0x00000007a8000000, 0x00000007a8000000)
  eden space 87424K, 100% used [0x00000007a0000000, 0x00000007a5560000, 0x00000007a5560000)
  from space 21824K, 100% used [0x00000007a5560000, 0x00000007a6ab0000, 0x00000007a6ab0000)
  to   space 21824K,   0% used [0x00000007a6ab0000, 0x00000007a6ab0000, 0x00000007a8000000)
 concurrent mark-sweep generation total 393216K, used 56606K [0x00000007a8000000, 0x00000007c0000000, 0x00000007c0000000)
 Metaspace       used 37155K, capacity 37838K, committed 38140K, reserved 1083392K
  class space    used 4073K, capacity 4291K, committed 4348K, reserved 1048576K
2017-06-09T16:22:18.904-0100: 22890.879: [GC (Allocation Failure) 2017-06-09T16:22:18.904-0100: 22890.879: [ParNew
Desired survivor size 20112992 bytes, new threshold 7 (max 8)
- age   1:    6329376 bytes,    6329376 total
- age   2:    1918880 bytes,    8248256 total
- age   3:     389752 bytes,    8638008 total
- age   4:        552 bytes,    8638560 total
- age   5:    5374248 bytes,   14012808 total
- age   6:    3543128 bytes,   17555936 total
- age   7:    2721984 bytes,   20277920 total
- age   8:    2013448 bytes,   22291368 total
: 109248K->21824K(109248K), 0.0100078 secs] 165854K->82273K(502464K), 0.0100811 secs] [Times: user=0.03 sys=0.01, real=0.01 secs] 
Heap after GC invocations=37 (full 2):
 par new generation   total 109248K, used 21824K [0x00000007a0000000, 0x00000007a8000000, 0x00000007a8000000)
  eden space 87424K,   0% used [0x00000007a0000000, 0x00000007a0000000, 0x00000007a5560000)
  from space 21824K, 100% used [0x00000007a6ab0000, 0x00000007a8000000, 0x00000007a8000000)
  to   space 21824K,   0% used [0x00000007a5560000, 0x00000007a5560000, 0x00000007a6ab0000)
 concurrent mark-sweep generation total 393216K, used 60449K [0x00000007a8000000, 0x00000007c0000000, 0x00000007c0000000)
 Metaspace       used 37155K, capacity 37838K, committed 38140K, reserved 1083392K
  class space    used 4073K, capacity 4291K, committed 4348K, reserved 1048576K
}
2017-06-09T16:22:18.914-0100: 22890.890: Total time for which application threads were stopped: 0.0102783 seconds, Stopping threads took: 0.0000179 seconds
2017-06-09T16:22:19.046-0100: 22891.021: Total time for which application threads were stopped: 0.0001410 seconds, Stopping threads took: 0.0000167 seconds
{Heap before GC invocations=37 (full 2):
 par new generation   total 109248K, used 109248K [0x00000007a0000000, 0x00000007a8000000, 0x00000007a8000000)
  eden space 87424K, 100% used [0x00000007a0000000, 0x00000007a5560000, 0x00000007a5560000)
  from space 21824K, 100% used [0x00000007a6ab0000, 0x00000007a8000000, 0x00000007a8000000)
  to   space 21824K,   0% used [0x00000007a5560000, 0x00000007a5560000, 0x00000007a6ab0000)
 concurrent mark-sweep generation total 393216K, used 60449K [0x00000007a8000000, 0x00000007c0000000, 0x00000007c0000000)
 Metaspace       used 37155K, capacity 37838K, committed 38140K, reserved 1083392K
  class space    used 4073K, capacity 4291K, committed 4348K, reserved 1048576K
2017-06-09T16:22:19.145-0100: 22891.120: [GC (Allocation Failure) 2017-06-09T16:22:19.145-0100: 22891.120: [ParNew
Desired survivor size 20112992 bytes, new threshold 7 (max 8)
- age   1:    8039800 bytes,    8039800 total
- age   2:    3206048 bytes,   11245848 total
- age   3:    1755952 bytes,   13001800 total
- age   4:     326584 bytes,   13328384 total
- age   5:        496 bytes,   13328880 total
- age   6:    4573416 bytes,   17902296 total
- age   7:    3164384 bytes,   21066680 total
: 109248K->21824K(109248K), 0.0096114 secs] 169697K->90667K(502464K), 0.0096825 secs] [Times: user=0.03 sys=0.01, real=0.01 secs] 
Heap after GC invocations=38 (full 2):
 par new generation   total 109248K, used 21824K [0x00000007a0000000, 0x00000007a8000000, 0x00000007a8000000)
  eden space 87424K,   0% used [0x00000007a0000000, 0x00000007a0000000, 0x00000007a5560000)
  from space 21824K, 100% used [0x00000007a5560000, 0x00000007a6ab0000, 0x00000007a6ab0000)
  to   space 21824K,   0% used [0x00000007a6ab0000, 0x00000007a6ab0000, 0x00000007a8000000)
 concurrent mark-sweep generation total 393216K, used 68843K [0x00000007a8000000, 0x00000007c0000000, 0x00000007c0000000)
 Metaspace       used 37155K, capacity 37838K, committed 38140K, reserved 1083392K
  class space    used 4073K, capacity 4291K, committed 4348K, reserved 1048576K
}
2017-06-09T16:22:19.155-0100: 22891.130: Total time for which application threads were stopped: 0.0098658 seconds, Stopping threads took: 0.0000182 seconds
{Heap before GC invocations=38 (full 2):
 par new generation   total 109248K, used 109248K [0x00000007a0000000, 0x00000007a8000000, 0x00000007a8000000)
  eden space 87424K, 100% used [0x00000007a0000000, 0x00000007a5560000, 0x00000007a5560000)
  from space 21824K, 100% used [0x00000007a5560000, 0x00000007a6ab0000, 0x00000007a6ab0000)
  to   space 21824K,   0% used [0x00000007a6ab0000, 0x00000007a6ab0000, 0x00000007a8000000)
 concurrent mark-sweep generation total 393216K, used 68843K [0x00000007a8000000, 0x00000007c0000000, 0x00000007c0000000)
 Metaspace       used 37157K, capacity 37838K, committed 38140K, reserved 1083392K
  class space    used 4073K, capacity 4291K, committed 4348K, reserved 1048576K
2017-06-09T16:22:19.394-0100: 22891.370: [GC (Allocation Failure) 2017-06-09T16:22:19.394-0100: 22891.370: [ParNew
Desired survivor size 20112992 bytes, new threshold 8 (max 8)
- age   1:    6070664 bytes,    6070664 total
- age   2:    3310224 bytes,    9380888 total
- age   3:    2848224 bytes,   12229112 total
- age   4:    1600840 bytes,   13829952 total
- age   5:     308592 bytes,   14138544 total
- age   6:        496 bytes,   14139040 total
- age   7:    4569368 bytes,   18708408 total
: 109248K->21824K(109248K), 0.0086424 secs] 178091K->99837K(502464K), 0.0087049 secs] [Times: user=0.02 sys=0.01, real=0.01 secs] 
Heap after GC invocations=39 (full 2):
 par new generation   total 109248K, used 21824K [0x00000007a0000000, 0x00000007a8000000, 0x00000007a8000000)
  eden space 87424K,   0% used [0x00000007a0000000, 0x00000007a0000000, 0x00000007a5560000)
  from space 21824K, 100% used [0x00000007a6ab0000, 0x00000007a8000000, 0x00000007a8000000)
  to   space 21824K,   0% used [0x00000007a5560000, 0x00000007a5560000, 0x00000007a6ab0000)
 concurrent mark-sweep generation total 393216K, used 78013K [0x00000007a8000000, 0x00000007c0000000, 0x00000007c0000000)
 Metaspace       used 37157K, capacity 37838K, committed 38140K, reserved 1083392K
  class space    used 4073K, capacity 4291K, committed 4348K, reserved 1048576K
}
2017-06-09T16:22:19.403-0100: 22891.378: Total time for which application threads were stopped: 0.0089170 seconds, Stopping threads took: 0.0000421 seconds
{Heap before GC invocations=39 (full 2):
 par new generation   total 109248K, used 109248K [0x00000007a0000000, 0x00000007a8000000, 0x00000007a8000000)
  eden space 87424K, 100% used [0x00000007a0000000, 0x00000007a5560000, 0x00000007a5560000)
  from space 21824K, 100% used [0x00000007a6ab0000, 0x00000007a8000000, 0x00000007a8000000)
  to   space 21824K,   0% used [0x00000007a5560000, 0x00000007a5560000, 0x00000007a6ab0000)
 concurrent mark-sweep generation total 393216K, used 78013K [0x00000007a8000000, 0x00000007c0000000, 0x00000007c0000000)
 Metaspace       used 37160K, capacity 37842K, committed 38140K, reserved 1083392K
  class space    used 4073K, capacity 4291K, committed 4348K, reserved 1048576K
2017-06-09T16:22:19.680-0100: 22891.655: [GC (Allocation Failure) 2017-06-09T16:22:19.680-0100: 22891.655: [ParNew
Desired survivor size 20112992 bytes, new threshold 8 (max 8)
- age   1:    7686232 bytes,    7686232 total
- age   2:    3418072 bytes,   11104304 total
- age   3:    3010528 bytes,   14114832 total
- age   4:    2821848 bytes,   16936680 total
- age   5:    1562024 bytes,   18498704 total
- age   6:     300920 bytes,   18799624 total
- age   7:        264 bytes,   18799888 total
- age   8:    3391816 bytes,   22191704 total
: 109248K->21824K(109248K), 0.0099379 secs] 187261K->108119K(502464K), 0.0100082 secs] [Times: user=0.03 sys=0.00, real=0.01 secs] 
Heap after GC invocations=40 (full 2):
 par new generation   total 109248K, used 21824K [0x00000007a0000000, 0x00000007a8000000, 0x00000007a8000000)
  eden space 87424K,   0% used [0x00000007a0000000, 0x00000007a0000000, 0x00000007a5560000)
  from space 21824K, 100% used [0x00000007a5560000, 0x00000007a6ab0000, 0x00000007a6ab0000)
  to   space 21824K,   0% used [0x00000007a6ab0000, 0x00000007a6ab0000, 0x00000007a8000000)
 concurrent mark-sweep generation total 393216K, used 86295K [0x00000007a8000000, 0x00000007c0000000, 0x00000007c0000000)
 Metaspace       used 37160K, capacity 37842K, committed 38140K, reserved 1083392K
  class space    used 4073K, capacity 4291K, committed 4348K, reserved 1048576K
}
2017-06-09T16:22:19.690-0100: 22891.665: Total time for which application threads were stopped: 0.0101768 seconds, Stopping threads took: 0.0000190 seconds
{Heap before GC invocations=40 (full 2):
 par new generation   total 109248K, used 109248K [0x00000007a0000000, 0x00000007a8000000, 0x00000007a8000000)
  eden space 87424K, 100% used [0x00000007a0000000, 0x00000007a5560000, 0x00000007a5560000)
  from space 21824K, 100% used [0x00000007a5560000, 0x00000007a6ab0000, 0x00000007a6ab0000)
  to   space 21824K,   0% used [0x00000007a6ab0000, 0x00000007a6ab0000, 0x00000007a8000000)
 concurrent mark-sweep generation total 393216K, used 86295K [0x00000007a8000000, 0x00000007c0000000, 0x00000007c0000000)
 Metaspace       used 37161K, capacity 37842K, committed 38140K, reserved 1083392K
  class space    used 4074K, capacity 4291K, committed 4348K, reserved 1048576K
2017-06-09T16:22:19.961-0100: 22891.936: [GC (Allocation Failure) 2017-06-09T16:22:19.961-0100: 22891.936: [ParNew
Desired survivor size 20112992 bytes, new threshold 7 (max 8)
- age   1:    5028248 bytes,    5028248 total
- age   2:    4265920 bytes,    9294168 total
- age   3:    3416704 bytes,   12710872 total
- age   4:    3003280 bytes,   15714152 total
- age   5:    2821432 bytes,   18535584 total
- age   6:    1548584 bytes,   20084168 total
- age   7:     300864 bytes,   20385032 total
- age   8:        264 bytes,   20385296 total
: 109248K->21824K(109248K), 0.0125841 secs] 195543K->121359K(502464K), 0.0126469 secs] [Times: user=0.06 sys=0.01, real=0.01 secs] 
Heap after GC invocations=41 (full 2):
 par new generation   total 109248K, used 21824K [0x00000007a0000000, 0x00000007a8000000, 0x00000007a8000000)
  eden space 87424K,   0% used [0x00000007a0000000, 0x00000007a0000000, 0x00000007a5560000)
  from space 21824K, 100% used [0x00000007a6ab0000, 0x00000007a8000000, 0x00000007a8000000)
  to   space 21824K,   0% used [0x00000007a5560000, 0x00000007a5560000, 0x00000007a6ab0000)
 concurrent mark-sweep generation total 393216K, used 99535K [0x00000007a8000000, 0x00000007c0000000, 0x00000007c0000000)
 Metaspace       used 37161K, capacity 37842K, committed 38140K, reserved 1083392K
  class space    used 4074K, capacity 4291K, committed 4348K, reserved 1048576K
}
2017-06-09T16:22:19.973-0100: 22891.949: Total time for which application threads were stopped: 0.0128343 seconds, Stopping threads took: 0.0000210 seconds
{Heap before GC invocations=41 (full 2):
 par new generation   total 109248K, used 109248K [0x00000007a0000000, 0x00000007a8000000, 0x00000007a8000000)
  eden space 87424K, 100% used [0x00000007a0000000, 0x00000007a5560000, 0x00000007a5560000)
  from space 21824K, 100% used [0x00000007a6ab0000, 0x00000007a8000000, 0x00000007a8000000)
  to   space 21824K,   0% used [0x00000007a5560000, 0x00000007a5560000, 0x00000007a6ab0000)
 concurrent mark-sweep generation total 393216K, used 99535K [0x00000007a8000000, 0x00000007c0000000, 0x00000007c0000000)
 Metaspace       used 37162K, capacity 37842K, committed 38140K, reserved 1083392K
  class space    used 4074K, capacity 4291K, committed 4348K, reserved 1048576K
2017-06-09T16:22:20.254-0100: 22892.229: [GC (Allocation Failure) 2017-06-09T16:22:20.254-0100: 22892.229: [ParNew
Desired survivor size 20112992 bytes, new threshold 6 (max 8)
- age   1:    9348144 bytes,    9348144 total
- age   2:    1567440 bytes,   10915584 total
- age   3:    2628664 bytes,   13544248 total
- age   4:    2586872 bytes,   16131120 total
- age   5:    2503672 bytes,   18634792 total
- age   6:    2398552 bytes,   21033344 total
- age   7:    1235864 bytes,   22269208 total
: 109248K->21824K(109248K), 0.0120641 secs] 208783K->130741K(502464K), 0.0121370 secs] [Times: user=0.03 sys=0.01, real=0.01 secs] 
Heap after GC invocations=42 (full 2):
 par new generation   total 109248K, used 21824K [0x00000007a0000000, 0x00000007a8000000, 0x00000007a8000000)
  eden space 87424K,   0% used [0x00000007a0000000, 0x00000007a0000000, 0x00000007a5560000)
  from space 21824K, 100% used [0x00000007a5560000, 0x00000007a6ab0000, 0x00000007a6ab0000)
  to   space 21824K,   0% used [0x00000007a6ab0000, 0x00000007a6ab0000, 0x00000007a8000000)
 concurrent mark-sweep generation total 393216K, used 108917K [0x00000007a8000000, 0x00000007c0000000, 0x00000007c0000000)
 Metaspace       used 37162K, capacity 37842K, committed 38140K, reserved 1083392K
  class space    used 4074K, capacity 4291K, committed 4348K, reserved 1048576K
}
2017-06-09T16:22:20.266-0100: 22892.241: Total time for which application threads were stopped: 0.0123216 seconds, Stopping threads took: 0.0000182 seconds
{Heap before GC invocations=42 (full 2):
 par new generation   total 109248K, used 109070K [0x00000007a0000000, 0x00000007a8000000, 0x00000007a8000000)
  eden space 87424K,  99% used [0x00000007a0000000, 0x00000007a5533808, 0x00000007a5560000)
  from space 21824K, 100% used [0x00000007a5560000, 0x00000007a6ab0000, 0x00000007a6ab0000)
  to   space 21824K,   0% used [0x00000007a6ab0000, 0x00000007a6ab0000, 0x00000007a8000000)
 concurrent mark-sweep generation total 393216K, used 108917K [0x00000007a8000000, 0x00000007c0000000, 0x00000007c0000000)
 Metaspace       used 37162K, capacity 37842K, committed 38140K, reserved 1083392K
  class space    used 4074K, capacity 4291K, committed 4348K, reserved 1048576K
2017-06-09T16:22:20.520-0100: 22892.495: [GC (Allocation Failure) 2017-06-09T16:22:20.520-0100: 22892.495: [ParNew
Desired survivor size 20112992 bytes, new threshold 5 (max 8)
- age   1:   14303816 bytes,   14303816 total
- age   2:    1764136 bytes,   16067952 total
- age   3:    1409296 bytes,   17477248 total
- age   4:    1920200 bytes,   19397448 total
- age   5:     861072 bytes,   20258520 total
- age   6:     663696 bytes,   20922216 total
: 109070K->21824K(109248K), 0.0128884 secs] 217987K->141843K(502464K), 0.0129533 secs] [Times: user=0.05 sys=0.00, real=0.01 secs] 
Heap after GC invocations=43 (full 2):
 par new generation   total 109248K, used 21824K [0x00000007a0000000, 0x00000007a8000000, 0x00000007a8000000)
  eden space 87424K,   0% used [0x00000007a0000000, 0x00000007a0000000, 0x00000007a5560000)
  from space 21824K, 100% used [0x00000007a6ab0000, 0x00000007a8000000, 0x00000007a8000000)
  to   space 21824K,   0% used [0x00000007a5560000, 0x00000007a5560000, 0x00000007a6ab0000)
 concurrent mark-sweep generation total 393216K, used 120019K [0x00000007a8000000, 0x00000007c0000000, 0x00000007c0000000)
 Metaspace       used 37162K, capacity 37842K, committed 38140K, reserved 1083392K
  class space    used 4074K, capacity 4291K, committed 4348K, reserved 1048576K
}
2017-06-09T16:22:20.533-0100: 22892.508: Total time for which application threads were stopped: 0.0131503 seconds, Stopping threads took: 0.0000183 seconds
{Heap before GC invocations=43 (full 2):
 par new generation   total 109248K, used 109248K [0x00000007a0000000, 0x00000007a8000000, 0x00000007a8000000)
  eden space 87424K, 100% used [0x00000007a0000000, 0x00000007a5560000, 0x00000007a5560000)
  from space 21824K, 100% used [0x00000007a6ab0000, 0x00000007a8000000, 0x00000007a8000000)
  to   space 21824K,   0% used [0x00000007a5560000, 0x00000007a5560000, 0x00000007a6ab0000)
 concurrent mark-sweep generation total 393216K, used 120019K [0x00000007a8000000, 0x00000007c0000000, 0x00000007c0000000)
 Metaspace       used 37162K, capacity 37842K, committed 38140K, reserved 1083392K
  class space    used 4074K, capacity 4291K, committed 4348K, reserved 1048576K
2017-06-09T16:22:20.817-0100: 22892.793: [GC (Allocation Failure) 2017-06-09T16:22:20.817-0100: 22892.793: [ParNew
Desired survivor size 20112992 bytes, new threshold 4 (max 8)
- age   1:   11210512 bytes,   11210512 total
- age   2:    6578016 bytes,   17788528 total
- age   3:    1446472 bytes,   19235000 total
- age   4:    1154608 bytes,   20389608 total
- age   5:    1671176 bytes,   22060784 total
: 109248K->21824K(109248K), 0.0107264 secs] 229267K->148862K(502464K), 0.0108018 secs] [Times: user=0.04 sys=0.00, real=0.01 secs] 
Heap after GC invocations=44 (full 2):
 par new generation   total 109248K, used 21824K [0x00000007a0000000, 0x00000007a8000000, 0x00000007a8000000)
  eden space 87424K,   0% used [0x00000007a0000000, 0x00000007a0000000, 0x00000007a5560000)
  from space 21824K, 100% used [0x00000007a5560000, 0x00000007a6ab0000, 0x00000007a6ab0000)
  to   space 21824K,   0% used [0x00000007a6ab0000, 0x00000007a6ab0000, 0x00000007a8000000)
 concurrent mark-sweep generation total 393216K, used 127038K [0x00000007a8000000, 0x00000007c0000000, 0x00000007c0000000)
 Metaspace       used 37162K, capacity 37842K, committed 38140K, reserved 1083392K
  class space    used 4074K, capacity 4291K, committed 4348K, reserved 1048576K
}
2017-06-09T16:22:20.828-0100: 22892.803: Total time for which application threads were stopped: 0.0109930 seconds, Stopping threads took: 0.0000211 seconds
{Heap before GC invocations=44 (full 2):
 par new generation   total 109248K, used 108714K [0x00000007a0000000, 0x00000007a8000000, 0x00000007a8000000)
  eden space 87424K,  99% used [0x00000007a0000000, 0x00000007a54da900, 0x00000007a5560000)
  from space 21824K, 100% used [0x00000007a5560000, 0x00000007a6ab0000, 0x00000007a6ab0000)
  to   space 21824K,   0% used [0x00000007a6ab0000, 0x00000007a6ab0000, 0x00000007a8000000)
 concurrent mark-sweep generation total 393216K, used 127038K [0x00000007a8000000, 0x00000007c0000000, 0x00000007c0000000)
 Metaspace       used 37162K, capacity 37842K, committed 38140K, reserved 1083392K
  class space    used 4074K, capacity 4291K, committed 4348K, reserved 1048576K
2017-06-09T16:22:21.101-0100: 22893.077: [GC (Allocation Failure) 2017-06-09T16:22:21.101-0100: 22893.077: [ParNew
Desired survivor size 20112992 bytes, new threshold 8 (max 8)
- age   1:    9796136 bytes,    9796136 total
- age   2:    5424480 bytes,   15220616 total
- age   3:    2500696 bytes,   17721312 total
- age   4:    1421208 bytes,   19142520 total
: 108714K->21824K(109248K), 0.0112874 secs] 235752K->159686K(502464K), 0.0113484 secs] [Times: user=0.03 sys=0.01, real=0.01 secs] 
Heap after GC invocations=45 (full 2):
 par new generation   total 109248K, used 21824K [0x00000007a0000000, 0x00000007a8000000, 0x00000007a8000000)
  eden space 87424K,   0% used [0x00000007a0000000, 0x00000007a0000000, 0x00000007a5560000)
  from space 21824K, 100% used [0x00000007a6ab0000, 0x00000007a8000000, 0x00000007a8000000)
  to   space 21824K,   0% used [0x00000007a5560000, 0x00000007a5560000, 0x00000007a6ab0000)
 concurrent mark-sweep generation total 393216K, used 137862K [0x00000007a8000000, 0x00000007c0000000, 0x00000007c0000000)
 Metaspace       used 37162K, capacity 37842K, committed 38140K, reserved 1083392K
  class space    used 4074K, capacity 4291K, committed 4348K, reserved 1048576K
}
2017-06-09T16:22:21.113-0100: 22893.088: Total time for which application threads were stopped: 0.0115369 seconds, Stopping threads took: 0.0000200 seconds
{Heap before GC invocations=45 (full 2):
 par new generation   total 109248K, used 109248K [0x00000007a0000000, 0x00000007a8000000, 0x00000007a8000000)
  eden space 87424K, 100% used [0x00000007a0000000, 0x00000007a5560000, 0x00000007a5560000)
  from space 21824K, 100% used [0x00000007a6ab0000, 0x00000007a8000000, 0x00000007a8000000)
  to   space 21824K,   0% used [0x00000007a5560000, 0x00000007a5560000, 0x00000007a6ab0000)
 concurrent mark-sweep generation total 393216K, used 137862K [0x00000007a8000000, 0x00000007c0000000, 0x00000007c0000000)
 Metaspace       used 37162K, capacity 37842K, committed 38140K, reserved 1083392K
  class space    used 4074K, capacity 4291K, committed 4348K, reserved 1048576K
2017-06-09T16:22:21.405-0100: 22893.380: [GC (Allocation Failure) 2017-06-09T16:22:21.405-0100: 22893.380: [ParNew
Desired survivor size 20112992 bytes, new threshold 4 (max 8)
- age   1:   10045112 bytes,   10045112 total
- age   2:    4962904 bytes,   15008016 total
- age   3:    3728800 bytes,   18736816 total
- age   4:    2208976 bytes,   20945792 total
- age   5:    1142064 bytes,   22087856 total
: 109248K->21824K(109248K), 0.0112352 secs] 247110K->169780K(502464K), 0.0113266 secs] [Times: user=0.03 sys=0.01, real=0.01 secs] 
Heap after GC invocations=46 (full 2):
 par new generation   total 109248K, used 21824K [0x00000007a0000000, 0x00000007a8000000, 0x00000007a8000000)
  eden space 87424K,   0% used [0x00000007a0000000, 0x00000007a0000000, 0x00000007a5560000)
  from space 21824K, 100% used [0x00000007a5560000, 0x00000007a6ab0000, 0x00000007a6ab0000)
  to   space 21824K,   0% used [0x00000007a6ab0000, 0x00000007a6ab0000, 0x00000007a8000000)
 concurrent mark-sweep generation total 393216K, used 147956K [0x00000007a8000000, 0x00000007c0000000, 0x00000007c0000000)
 Metaspace       used 37162K, capacity 37842K, committed 38140K, reserved 1083392K
  class space    used 4074K, capacity 4291K, committed 4348K, reserved 1048576K
}
2017-06-09T16:22:21.416-0100: 22893.392: Total time for which application threads were stopped: 0.0115180 seconds, Stopping threads took: 0.0000244 seconds
{Heap before GC invocations=46 (full 2):
 par new generation   total 109248K, used 109248K [0x00000007a0000000, 0x00000007a8000000, 0x00000007a8000000)
  eden space 87424K, 100% used [0x00000007a0000000, 0x00000007a5560000, 0x00000007a5560000)
  from space 21824K, 100% used [0x00000007a5560000, 0x00000007a6ab0000, 0x00000007a6ab0000)
  to   space 21824K,   0% used [0x00000007a6ab0000, 0x00000007a6ab0000, 0x00000007a8000000)
 concurrent mark-sweep generation total 393216K, used 147956K [0x00000007a8000000, 0x00000007c0000000, 0x00000007c0000000)
 Metaspace       used 37162K, capacity 37842K, committed 38140K, reserved 1083392K
  class space    used 4074K, capacity 4291K, committed 4348K, reserved 1048576K
2017-06-09T16:22:21.685-0100: 22893.661: [GC (Allocation Failure) 2017-06-09T16:22:21.685-0100: 22893.661: [ParNew
Desired survivor size 20112992 bytes, new threshold 8 (max 8)
- age   1:    9880192 bytes,    9880192 total
- age   2:    1194904 bytes,   11075096 total
- age   3:    3644448 bytes,   14719544 total
- age   4:    3701424 bytes,   18420968 total
: 109248K->21824K(109248K), 0.0132642 secs] 257204K->185677K(502464K), 0.0133211 secs] [Times: user=0.04 sys=0.01, real=0.01 secs] 
Heap after GC invocations=47 (full 2):
 par new generation   total 109248K, used 21824K [0x00000007a0000000, 0x00000007a8000000, 0x00000007a8000000)
  eden space 87424K,   0% used [0x00000007a0000000, 0x00000007a0000000, 0x00000007a5560000)
  from space 21824K, 100% used [0x00000007a6ab0000, 0x00000007a8000000, 0x00000007a8000000)
  to   space 21824K,   0% used [0x00000007a5560000, 0x00000007a5560000, 0x00000007a6ab0000)
 concurrent mark-sweep generation total 393216K, used 163853K [0x00000007a8000000, 0x00000007c0000000, 0x00000007c0000000)
 Metaspace       used 37162K, capacity 37842K, committed 38140K, reserved 1083392K
  class space    used 4074K, capacity 4291K, committed 4348K, reserved 1048576K
}
2017-06-09T16:22:21.699-0100: 22893.674: Total time for which application threads were stopped: 0.0134941 seconds, Stopping threads took: 0.0000179 seconds
{Heap before GC invocations=47 (full 2):
 par new generation   total 109248K, used 109248K [0x00000007a0000000, 0x00000007a8000000, 0x00000007a8000000)
  eden space 87424K, 100% used [0x00000007a0000000, 0x00000007a5560000, 0x00000007a5560000)
  from space 21824K, 100% used [0x00000007a6ab0000, 0x00000007a8000000, 0x00000007a8000000)
  to   space 21824K,   0% used [0x00000007a5560000, 0x00000007a5560000, 0x00000007a6ab0000)
 concurrent mark-sweep generation total 393216K, used 163853K [0x00000007a8000000, 0x00000007c0000000, 0x00000007c0000000)
 Metaspace       used 37162K, capacity 37842K, committed 38140K, reserved 1083392K
  class space    used 4074K, capacity 4291K, committed 4348K, reserved 1048576K
2017-06-09T16:22:21.978-0100: 22893.953: [GC (Allocation Failure) 2017-06-09T16:22:21.978-0100: 22893.953: [ParNew
Desired survivor size 20112992 bytes, new threshold 5 (max 8)
- age   1:    7934496 bytes,    7934496 total
- age   2:    6459456 bytes,   14393952 total
- age   3:    1103112 bytes,   15497064 total
- age   4:    2650592 bytes,   18147656 total
- age   5:    3635808 bytes,   21783464 total
: 109248K->21824K(109248K), 0.0112924 secs] 273101K->195255K(502464K), 0.0113670 secs] [Times: user=0.03 sys=0.00, real=0.01 secs] 
Heap after GC invocations=48 (full 2):
 par new generation   total 109248K, used 21824K [0x00000007a0000000, 0x00000007a8000000, 0x00000007a8000000)
  eden space 87424K,   0% used [0x00000007a0000000, 0x00000007a0000000, 0x00000007a5560000)
  from space 21824K, 100% used [0x00000007a5560000, 0x00000007a6ab0000, 0x00000007a6ab0000)
  to   space 21824K,   0% used [0x00000007a6ab0000, 0x00000007a6ab0000, 0x00000007a8000000)
 concurrent mark-sweep generation total 393216K, used 173431K [0x00000007a8000000, 0x00000007c0000000, 0x00000007c0000000)
 Metaspace       used 37162K, capacity 37842K, committed 38140K, reserved 1083392K
  class space    used 4074K, capacity 4291K, committed 4348K, reserved 1048576K
}
2017-06-09T16:22:21.989-0100: 22893.964: Total time for which application threads were stopped: 0.0115399 seconds, Stopping threads took: 0.0000192 seconds
2017-06-09T16:22:22.254-0100: 22894.230: Total time for which application threads were stopped: 0.0000943 seconds, Stopping threads took: 0.0000176 seconds
2017-06-09T16:22:22.254-0100: 22894.230: Total time for which application threads were stopped: 0.0000526 seconds, Stopping threads took: 0.0000077 seconds
2017-06-09T16:22:22.254-0100: 22894.230: Total time for which application threads were stopped: 0.0000375 seconds, Stopping threads took: 0.0000051 seconds
{Heap before GC invocations=48 (full 2):
 par new generation   total 109248K, used 109248K [0x00000007a0000000, 0x00000007a8000000, 0x00000007a8000000)
  eden space 87424K, 100% used [0x00000007a0000000, 0x00000007a5560000, 0x00000007a5560000)
  from space 21824K, 100% used [0x00000007a5560000, 0x00000007a6ab0000, 0x00000007a6ab0000)
  to   space 21824K,   0% used [0x00000007a6ab0000, 0x00000007a6ab0000, 0x00000007a8000000)
 concurrent mark-sweep generation total 393216K, used 173431K [0x00000007a8000000, 0x00000007c0000000, 0x00000007c0000000)
 Metaspace       used 37177K, capacity 37842K, committed 38140K, reserved 1083392K
  class space    used 4074K, capacity 4291K, committed 4348K, reserved 1048576K
2017-06-09T16:22:22.369-0100: 22894.345: [GC (Allocation Failure) 2017-06-09T16:22:22.369-0100: 22894.345: [ParNew
Desired survivor size 20112992 bytes, new threshold 5 (max 8)
- age   1:    6418656 bytes,    6418656 total
- age   2:    6134008 bytes,   12552664 total
- age   3:    4739992 bytes,   17292656 total
- age   4:    1043248 bytes,   18335904 total
- age   5:    2577176 bytes,   20913080 total
: 109248K->21824K(109248K), 0.0144236 secs] 282679K->207722K(502464K), 0.0144803 secs] [Times: user=0.07 sys=0.01, real=0.02 secs] 
Heap after GC invocations=49 (full 2):
 par new generation   total 109248K, used 21824K [0x00000007a0000000, 0x00000007a8000000, 0x00000007a8000000)
  eden space 87424K,   0% used [0x00000007a0000000, 0x00000007a0000000, 0x00000007a5560000)
  from space 21824K, 100% used [0x00000007a6ab0000, 0x00000007a8000000, 0x00000007a8000000)
  to   space 21824K,   0% used [0x00000007a5560000, 0x00000007a5560000, 0x00000007a6ab0000)
 concurrent mark-sweep generation total 393216K, used 185898K [0x00000007a8000000, 0x00000007c0000000, 0x00000007c0000000)
 Metaspace       used 37177K, capacity 37842K, committed 38140K, reserved 1083392K
  class space    used 4074K, capacity 4291K, committed 4348K, reserved 1048576K
}
2017-06-09T16:22:22.384-0100: 22894.359: Total time for which application threads were stopped: 0.0147345 seconds, Stopping threads took: 0.0000188 seconds
{Heap before GC invocations=49 (full 2):
 par new generation   total 109248K, used 109248K [0x00000007a0000000, 0x00000007a8000000, 0x00000007a8000000)
  eden space 87424K, 100% used [0x00000007a0000000, 0x00000007a5560000, 0x00000007a5560000)
  from space 21824K, 100% used [0x00000007a6ab0000, 0x00000007a8000000, 0x00000007a8000000)
  to   space 21824K,   0% used [0x00000007a5560000, 0x00000007a5560000, 0x00000007a6ab0000)
 concurrent mark-sweep generation total 393216K, used 185898K [0x00000007a8000000, 0x00000007c0000000, 0x00000007c0000000)
 Metaspace       used 37179K, capacity 37842K, committed 38140K, reserved 1083392K
  class space    used 4074K, capacity 4291K, committed 4348K, reserved 1048576K
2017-06-09T16:22:22.941-0100: 22894.916: [GC (Allocation Failure) 2017-06-09T16:22:22.941-0100: 22894.916: [ParNew
Desired survivor size 20112992 bytes, new threshold 8 (max 8)
- age   1:     124456 bytes,     124456 total
- age   2:    4761200 bytes,    4885656 total
- age   3:    5179432 bytes,   10065088 total
- age   4:    4644248 bytes,   14709336 total
- age   5:     949456 bytes,   15658792 total
: 109248K->21824K(109248K), 0.0091840 secs] 295146K->212827K(502464K), 0.0092415 secs] [Times: user=0.04 sys=0.00, real=0.01 secs] 
Heap after GC invocations=50 (full 2):
 par new generation   total 109248K, used 21824K [0x00000007a0000000, 0x00000007a8000000, 0x00000007a8000000)
  eden space 87424K,   0% used [0x00000007a0000000, 0x00000007a0000000, 0x00000007a5560000)
  from space 21824K, 100% used [0x00000007a5560000, 0x00000007a6ab0000, 0x00000007a6ab0000)
  to   space 21824K,   0% used [0x00000007a6ab0000, 0x00000007a6ab0000, 0x00000007a8000000)
 concurrent mark-sweep generation total 393216K, used 191003K [0x00000007a8000000, 0x00000007c0000000, 0x00000007c0000000)
 Metaspace       used 37179K, capacity 37842K, committed 38140K, reserved 1083392K
  class space    used 4074K, capacity 4291K, committed 4348K, reserved 1048576K
}
2017-06-09T16:22:22.950-0100: 22894.925: Total time for which application threads were stopped: 0.0094672 seconds, Stopping threads took: 0.0000383 seconds
{Heap before GC invocations=50 (full 2):
 par new generation   total 109248K, used 109248K [0x00000007a0000000, 0x00000007a8000000, 0x00000007a8000000)
  eden space 87424K, 100% used [0x00000007a0000000, 0x00000007a5560000, 0x00000007a5560000)
  from space 21824K, 100% used [0x00000007a5560000, 0x00000007a6ab0000, 0x00000007a6ab0000)
  to   space 21824K,   0% used [0x00000007a6ab0000, 0x00000007a6ab0000, 0x00000007a8000000)
 concurrent mark-sweep generation total 393216K, used 191003K [0x00000007a8000000, 0x00000007c0000000, 0x00000007c0000000)
 Metaspace       used 37179K, capacity 37842K, committed 38140K, reserved 1083392K
  class space    used 4074K, capacity 4291K, committed 4348K, reserved 1048576K
2017-06-09T16:22:23.016-0100: 22894.991: [GC (Allocation Failure) 2017-06-09T16:22:23.016-0100: 22894.991: [ParNew
Desired survivor size 20112992 bytes, new threshold 8 (max 8)
- age   1:      42192 bytes,      42192 total
- age   2:      89968 bytes,     132160 total
- age   3:    4761200 bytes,    4893360 total
- age   4:    5179432 bytes,   10072792 total
- age   5:    4644248 bytes,   14717040 total
- age   6:     949456 bytes,   15666496 total
: 109248K->21824K(109248K), 0.0073867 secs] 300251K->212827K(502464K), 0.0074579 secs] [Times: user=0.03 sys=0.01, real=0.01 secs] 
Heap after GC invocations=51 (full 2):
 par new generation   total 109248K, used 21824K [0x00000007a0000000, 0x00000007a8000000, 0x00000007a8000000)
  eden space 87424K,   0% used [0x00000007a0000000, 0x00000007a0000000, 0x00000007a5560000)
  from space 21824K, 100% used [0x00000007a6ab0000, 0x00000007a8000000, 0x00000007a8000000)
  to   space 21824K,   0% used [0x00000007a5560000, 0x00000007a5560000, 0x00000007a6ab0000)
 concurrent mark-sweep generation total 393216K, used 191003K [0x00000007a8000000, 0x00000007c0000000, 0x00000007c0000000)
 Metaspace       used 37179K, capacity 37842K, committed 38140K, reserved 1083392K
  class space    used 4074K, capacity 4291K, committed 4348K, reserved 1048576K
}
2017-06-09T16:22:23.023-0100: 22894.998: Total time for which application threads were stopped: 0.0076553 seconds, Stopping threads took: 0.0000252 seconds
2017-06-09T16:22:23.039-0100: 22895.014: Total time for which application threads were stopped: 0.0001170 seconds, Stopping threads took: 0.0000159 seconds
{Heap before GC invocations=51 (full 2):
 par new generation   total 109248K, used 109248K [0x00000007a0000000, 0x00000007a8000000, 0x00000007a8000000)
  eden space 87424K, 100% used [0x00000007a0000000, 0x00000007a5560000, 0x00000007a5560000)
  from space 21824K, 100% used [0x00000007a6ab0000, 0x00000007a8000000, 0x00000007a8000000)
  to   space 21824K,   0% used [0x00000007a5560000, 0x00000007a5560000, 0x00000007a6ab0000)
 concurrent mark-sweep generation total 393216K, used 191003K [0x00000007a8000000, 0x00000007c0000000, 0x00000007c0000000)
 Metaspace       used 37179K, capacity 37842K, committed 38140K, reserved 1083392K
  class space    used 4074K, capacity 4291K, committed 4348K, reserved 1048576K
2017-06-09T16:22:23.104-0100: 22895.079: [GC (Allocation Failure) 2017-06-09T16:22:23.104-0100: 22895.079: [ParNew
Desired survivor size 20112992 bytes, new threshold 8 (max 8)
- age   1:      69176 bytes,      69176 total
- age   2:        520 bytes,      69696 total
- age   3:      54856 bytes,     124552 total
- age   4:    4761200 bytes,    4885752 total
- age   5:    5179432 bytes,   10065184 total
- age   6:    4644248 bytes,   14709432 total
- age   7:     949456 bytes,   15658888 total
: 109248K->20647K(109248K), 0.0060868 secs] 300251K->211651K(502464K), 0.0061350 secs] [Times: user=0.02 sys=0.00, real=0.01 secs] 
Heap after GC invocations=52 (full 2):
 par new generation   total 109248K, used 20647K [0x00000007a0000000, 0x00000007a8000000, 0x00000007a8000000)
  eden space 87424K,   0% used [0x00000007a0000000, 0x00000007a0000000, 0x00000007a5560000)
  from space 21824K,  94% used [0x00000007a5560000, 0x00000007a6989e50, 0x00000007a6ab0000)
  to   space 21824K,   0% used [0x00000007a6ab0000, 0x00000007a6ab0000, 0x00000007a8000000)
 concurrent mark-sweep generation total 393216K, used 191003K [0x00000007a8000000, 0x00000007c0000000, 0x00000007c0000000)
 Metaspace       used 37179K, capacity 37842K, committed 38140K, reserved 1083392K
  class space    used 4074K, capacity 4291K, committed 4348K, reserved 1048576K
}
2017-06-09T16:22:23.110-0100: 22895.085: Total time for which application threads were stopped: 0.0063162 seconds, Stopping threads took: 0.0000187 seconds
{Heap before GC invocations=52 (full 2):
 par new generation   total 109248K, used 108071K [0x00000007a0000000, 0x00000007a8000000, 0x00000007a8000000)
  eden space 87424K, 100% used [0x00000007a0000000, 0x00000007a5560000, 0x00000007a5560000)
  from space 21824K,  94% used [0x00000007a5560000, 0x00000007a6989e50, 0x00000007a6ab0000)
  to   space 21824K,   0% used [0x00000007a6ab0000, 0x00000007a6ab0000, 0x00000007a8000000)
 concurrent mark-sweep generation total 393216K, used 191003K [0x00000007a8000000, 0x00000007c0000000, 0x00000007c0000000)
 Metaspace       used 37179K, capacity 37842K, committed 38140K, reserved 1083392K
  class space    used 4074K, capacity 4291K, committed 4348K, reserved 1048576K
2017-06-09T16:22:23.168-0100: 22895.143: [GC (Allocation Failure) 2017-06-09T16:22:23.168-0100: 22895.143: [ParNew
Desired survivor size 20112992 bytes, new threshold 8 (max 8)
- age   1:      56600 bytes,      56600 total
- age   2:      36304 bytes,      92904 total
- age   3:        520 bytes,      93424 total
- age   4:      54856 bytes,     148280 total
- age   5:    4761176 bytes,    4909456 total
- age   6:    5326368 bytes,   10235824 total
- age   7:    4644248 bytes,   14880072 total
- age   8:     949456 bytes,   15829528 total
: 108071K->18250K(109248K), 0.0058372 secs] 299075K->209253K(502464K), 0.0058938 secs] [Times: user=0.02 sys=0.00, real=0.01 secs] 
Heap after GC invocations=53 (full 2):
 par new generation   total 109248K, used 18250K [0x00000007a0000000, 0x00000007a8000000, 0x00000007a8000000)
  eden space 87424K,   0% used [0x00000007a0000000, 0x00000007a0000000, 0x00000007a5560000)
  from space 21824K,  83% used [0x00000007a6ab0000, 0x00000007a7c82930, 0x00000007a8000000)
  to   space 21824K,   0% used [0x00000007a5560000, 0x00000007a5560000, 0x00000007a6ab0000)
 concurrent mark-sweep generation total 393216K, used 191003K [0x00000007a8000000, 0x00000007c0000000, 0x00000007c0000000)
 Metaspace       used 37179K, capacity 37842K, committed 38140K, reserved 1083392K
  class space    used 4074K, capacity 4291K, committed 4348K, reserved 1048576K
}
2017-06-09T16:22:23.174-0100: 22895.149: Total time for which application threads were stopped: 0.0060682 seconds, Stopping threads took: 0.0000203 seconds
{Heap before GC invocations=53 (full 2):
 par new generation   total 109248K, used 105674K [0x00000007a0000000, 0x00000007a8000000, 0x00000007a8000000)
  eden space 87424K, 100% used [0x00000007a0000000, 0x00000007a5560000, 0x00000007a5560000)
  from space 21824K,  83% used [0x00000007a6ab0000, 0x00000007a7c82930, 0x00000007a8000000)
  to   space 21824K,   0% used [0x00000007a5560000, 0x00000007a5560000, 0x00000007a6ab0000)
 concurrent mark-sweep generation total 393216K, used 191003K [0x00000007a8000000, 0x00000007c0000000, 0x00000007c0000000)
 Metaspace       used 37179K, capacity 37842K, committed 38140K, reserved 1083392K
  class space    used 4074K, capacity 4291K, committed 4348K, reserved 1048576K
2017-06-09T16:22:23.259-0100: 22895.234: [GC (Allocation Failure) 2017-06-09T16:22:23.259-0100: 22895.234: [ParNew
Desired survivor size 20112992 bytes, new threshold 8 (max 8)
- age   1:      78440 bytes,      78440 total
- age   2:        128 bytes,      78568 total
- age   3:        808 bytes,      79376 total
- age   4:        520 bytes,      79896 total
- age   5:      54856 bytes,     134752 total
- age   6:    4761176 bytes,    4895928 total
- age   7:    5212216 bytes,   10108144 total
- age   8:    4775384 bytes,   14883528 total
: 105674K->21372K(109248K), 0.0075349 secs] 296677K->213312K(502464K), 0.0075908 secs] [Times: user=0.03 sys=0.00, real=0.01 secs] 
Heap after GC invocations=54 (full 2):
 par new generation   total 109248K, used 21372K [0x00000007a0000000, 0x00000007a8000000, 0x00000007a8000000)
  eden space 87424K,   0% used [0x00000007a0000000, 0x00000007a0000000, 0x00000007a5560000)
  from space 21824K,  97% used [0x00000007a5560000, 0x00000007a6a3f370, 0x00000007a6ab0000)
  to   space 21824K,   0% used [0x00000007a6ab0000, 0x00000007a6ab0000, 0x00000007a8000000)
 concurrent mark-sweep generation total 393216K, used 191939K [0x00000007a8000000, 0x00000007c0000000, 0x00000007c0000000)
 Metaspace       used 37179K, capacity 37842K, committed 38140K, reserved 1083392K
  class space    used 4074K, capacity 4291K, committed 4348K, reserved 1048576K
}
2017-06-09T16:22:23.266-0100: 22895.242: Total time for which application threads were stopped: 0.0077757 seconds, Stopping threads took: 0.0000206 seconds
{Heap before GC invocations=54 (full 2):
 par new generation   total 109248K, used 108796K [0x00000007a0000000, 0x00000007a8000000, 0x00000007a8000000)
  eden space 87424K, 100% used [0x00000007a0000000, 0x00000007a5560000, 0x00000007a5560000)
  from space 21824K,  97% used [0x00000007a5560000, 0x00000007a6a3f370, 0x00000007a6ab0000)
  to   space 21824K,   0% used [0x00000007a6ab0000, 0x00000007a6ab0000, 0x00000007a8000000)
 concurrent mark-sweep generation total 393216K, used 191939K [0x00000007a8000000, 0x00000007c0000000, 0x00000007c0000000)
 Metaspace       used 37179K, capacity 37842K, committed 38140K, reserved 1083392K
  class space    used 4074K, capacity 4291K, committed 4348K, reserved 1048576K
2017-06-09T16:22:23.378-0100: 22895.354: [GC (Allocation Failure) 2017-06-09T16:22:23.378-0100: 22895.354: [ParNew
Desired survivor size 20112992 bytes, new threshold 8 (max 8)
- age   1:      59784 bytes,      59784 total
- age   2:        224 bytes,      60008 total
- age   3:        128 bytes,      60136 total
- age   4:        808 bytes,      60944 total
- age   5:        520 bytes,      61464 total
- age   6:      54856 bytes,     116320 total
- age   7:    4761176 bytes,    4877496 total
- age   8:    5179456 bytes,   10056952 total
: 108796K->13593K(109248K), 0.0098679 secs] 300736K->210077K(502464K), 0.0099305 secs] [Times: user=0.03 sys=0.00, real=0.01 secs] 
Heap after GC invocations=55 (full 2):
 par new generation   total 109248K, used 13593K [0x00000007a0000000, 0x00000007a8000000, 0x00000007a8000000)
  eden space 87424K,   0% used [0x00000007a0000000, 0x00000007a0000000, 0x00000007a5560000)
  from space 21824K,  62% used [0x00000007a6ab0000, 0x00000007a77f6480, 0x00000007a8000000)
  to   space 21824K,   0% used [0x00000007a5560000, 0x00000007a5560000, 0x00000007a6ab0000)
 concurrent mark-sweep generation total 393216K, used 196484K [0x00000007a8000000, 0x00000007c0000000, 0x00000007c0000000)
 Metaspace       used 37179K, capacity 37842K, committed 38140K, reserved 1083392K
  class space    used 4074K, capacity 4291K, committed 4348K, reserved 1048576K
}
2017-06-09T16:22:23.388-0100: 22895.364: Total time for which application threads were stopped: 0.0101251 seconds, Stopping threads took: 0.0000281 seconds
2017-06-09T16:22:23.470-0100: 22895.446: Total time for which application threads were stopped: 0.0001729 seconds, Stopping threads took: 0.0000324 seconds
2017-06-09T16:22:23.471-0100: 22895.446: Total time for which application threads were stopped: 0.0000735 seconds, Stopping threads took: 0.0000124 seconds
2017-06-09T16:22:23.471-0100: 22895.446: Total time for which application threads were stopped: 0.0000694 seconds, Stopping threads took: 0.0000089 seconds
2017-06-09T16:22:23.512-0100: 22895.487: Total time for which application threads were stopped: 0.0001994 seconds, Stopping threads took: 0.0000217 seconds
2017-06-09T16:22:23.518-0100: 22895.494: Total time for which application threads were stopped: 0.0001236 seconds, Stopping threads took: 0.0000216 seconds
2017-06-09T16:22:23.519-0100: 22895.494: Total time for which application threads were stopped: 0.0001321 seconds, Stopping threads took: 0.0000212 seconds
2017-06-09T16:22:23.520-0100: 22895.495: Total time for which application threads were stopped: 0.0001187 seconds, Stopping threads took: 0.0000326 seconds
2017-06-09T16:22:23.520-0100: 22895.496: Total time for which application threads were stopped: 0.0001555 seconds, Stopping threads took: 0.0000305 seconds
2017-06-09T16:22:23.521-0100: 22895.496: Total time for which application threads were stopped: 0.0002223 seconds, Stopping threads took: 0.0000341 seconds
2017-06-09T16:22:24.521-0100: 22896.496: Total time for which application threads were stopped: 0.0001109 seconds, Stopping threads took: 0.0000268 seconds
2017-06-09T16:22:25.880-0100: 22897.855: Total time for which application threads were stopped: 0.0001322 seconds, Stopping threads took: 0.0000286 seconds
2017-06-09T16:22:31.078-0100: 22903.054: Total time for which application threads were stopped: 0.0001055 seconds, Stopping threads took: 0.0000176 seconds
2017-06-09T16:22:31.079-0100: 22903.054: Total time for which application threads were stopped: 0.0001183 seconds, Stopping threads took: 0.0000159 seconds
2017-06-09T16:22:31.084-0100: 22903.060: Total time for which application threads were stopped: 0.0001047 seconds, Stopping threads took: 0.0000174 seconds
2017-06-09T16:22:31.701-0100: 22903.676: Total time for which application threads were stopped: 0.0001132 seconds, Stopping threads took: 0.0000161 seconds
2017-06-09T16:22:31.928-0100: 22903.903: Total time for which application threads were stopped: 0.0002013 seconds, Stopping threads took: 0.0000170 seconds
2017-06-09T16:22:32.011-0100: 22903.986: Total time for which application threads were stopped: 0.0001016 seconds, Stopping threads took: 0.0000176 seconds
{Heap before GC invocations=55 (full 2):
 par new generation   total 109248K, used 101001K [0x00000007a0000000, 0x00000007a8000000, 0x00000007a8000000)
  eden space 87424K,  99% used [0x00000007a0000000, 0x00000007a555c018, 0x00000007a5560000)
  from space 21824K,  62% used [0x00000007a6ab0000, 0x00000007a77f6480, 0x00000007a8000000)
  to   space 21824K,   0% used [0x00000007a5560000, 0x00000007a5560000, 0x00000007a6ab0000)
 concurrent mark-sweep generation total 393216K, used 196484K [0x00000007a8000000, 0x00000007c0000000, 0x00000007c0000000)
 Metaspace       used 37205K, capacity 37908K, committed 38140K, reserved 1083392K
  class space    used 4075K, capacity 4292K, committed 4348K, reserved 1048576K
2017-06-09T16:22:32.035-0100: 22904.011: [GC (Allocation Failure) 2017-06-09T16:22:32.035-0100: 22904.011: [ParNew
Desired survivor size 20112992 bytes, new threshold 8 (max 8)
- age   1:    1064896 bytes,    1064896 total
- age   6:        392 bytes,    1065288 total
- age   7:       6896 bytes,    1072184 total
- age   8:    3621528 bytes,    4693712 total
: 101001K->5862K(109248K), 0.0092563 secs] 297485K->207391K(502464K), 0.0093097 secs] [Times: user=0.04 sys=0.00, real=0.01 secs] 
Heap after GC invocations=56 (full 2):
 par new generation   total 109248K, used 5862K [0x00000007a0000000, 0x00000007a8000000, 0x00000007a8000000)
  eden space 87424K,   0% used [0x00000007a0000000, 0x00000007a0000000, 0x00000007a5560000)
  from space 21824K,  26% used [0x00000007a5560000, 0x00000007a5b199c8, 0x00000007a6ab0000)
  to   space 21824K,   0% used [0x00000007a6ab0000, 0x00000007a6ab0000, 0x00000007a8000000)
 concurrent mark-sweep generation total 393216K, used 201528K [0x00000007a8000000, 0x00000007c0000000, 0x00000007c0000000)
 Metaspace       used 37205K, capacity 37908K, committed 38140K, reserved 1083392K
  class space    used 4075K, capacity 4292K, committed 4348K, reserved 1048576K
}
2017-06-09T16:22:32.045-0100: 22904.020: Total time for which application threads were stopped: 0.0095193 seconds, Stopping threads took: 0.0000172 seconds
2017-06-09T16:22:32.045-0100: 22904.020: [GC (CMS Initial Mark) [1 CMS-initial-mark: 201528K(393216K)] 207477K(502464K), 0.0013683 secs] [Times: user=0.00 sys=0.00, real=0.00 secs] 
2017-06-09T16:22:32.046-0100: 22904.022: Total time for which application threads were stopped: 0.0015652 seconds, Stopping threads took: 0.0000716 seconds
2017-06-09T16:22:32.046-0100: 22904.022: [CMS-concurrent-mark-start]
2017-06-09T16:22:32.062-0100: 22904.037: [CMS-concurrent-mark: 0.015/0.015 secs] [Times: user=0.08 sys=0.01, real=0.02 secs] 
2017-06-09T16:22:32.062-0100: 22904.037: [CMS-concurrent-preclean-start]
2017-06-09T16:22:32.063-0100: 22904.039: [CMS-concurrent-preclean: 0.001/0.001 secs] [Times: user=0.01 sys=0.00, real=0.00 secs] 
2017-06-09T16:22:32.063-0100: 22904.039: [CMS-concurrent-abortable-preclean-start]
2017-06-09T16:22:33.051-0100: 22905.026: Total time for which application threads were stopped: 0.0001193 seconds, Stopping threads took: 0.0000236 seconds
2017-06-09T16:22:34.054-0100: 22906.030: Total time for which application threads were stopped: 0.0001855 seconds, Stopping threads took: 0.0000737 seconds
2017-06-09T16:22:34.170-0100: 22906.146: [CMS-concurrent-abortable-preclean: 0.431/2.107 secs] [Times: user=1.29 sys=0.09, real=2.11 secs] 
2017-06-09T16:22:34.170-0100: 22906.146: [GC (CMS Final Remark) [YG occupancy: 52647 K (109248 K)]{Heap before GC invocations=56 (full 3):
 par new generation   total 109248K, used 52647K [0x00000007a0000000, 0x00000007a8000000, 0x00000007a8000000)
  eden space 87424K,  53% used [0x00000007a0000000, 0x00000007a2db02f0, 0x00000007a5560000)
  from space 21824K,  26% used [0x00000007a5560000, 0x00000007a5b199c8, 0x00000007a6ab0000)
  to   space 21824K,   0% used [0x00000007a6ab0000, 0x00000007a6ab0000, 0x00000007a8000000)
 concurrent mark-sweep generation total 393216K, used 201528K [0x00000007a8000000, 0x00000007c0000000, 0x00000007c0000000)
 Metaspace       used 37206K, capacity 37908K, committed 38140K, reserved 1083392K
  class space    used 4075K, capacity 4292K, committed 4348K, reserved 1048576K
2017-06-09T16:22:34.170-0100: 22906.146: [GC (CMS Final Remark) 2017-06-09T16:22:34.171-0100: 22906.146: [ParNew
Desired survivor size 20112992 bytes, new threshold 8 (max 8)
- age   1:     880904 bytes,     880904 total
- age   2:     360296 bytes,    1241200 total
- age   7:        392 bytes,    1241592 total
- age   8:       6896 bytes,    1248488 total
: 52647K->3117K(109248K), 0.0066514 secs] 254175K->208193K(502464K), 0.0067162 secs] [Times: user=0.02 sys=0.00, real=0.00 secs] 
Heap after GC invocations=57 (full 3):
 par new generation   total 109248K, used 3117K [0x00000007a0000000, 0x00000007a8000000, 0x00000007a8000000)
  eden space 87424K,   0% used [0x00000007a0000000, 0x00000007a0000000, 0x00000007a5560000)
  from space 21824K,  14% used [0x00000007a6ab0000, 0x00000007a6dbb6c8, 0x00000007a8000000)
  to   space 21824K,   0% used [0x00000007a5560000, 0x00000007a5560000, 0x00000007a6ab0000)
 concurrent mark-sweep generation total 393216K, used 205076K [0x00000007a8000000, 0x00000007c0000000, 0x00000007c0000000)
 Metaspace       used 37206K, capacity 37908K, committed 38140K, reserved 1083392K
  class space    used 4075K, capacity 4292K, committed 4348K, reserved 1048576K
}
2017-06-09T16:22:34.177-0100: 22906.153: [Rescan (parallel) , 0.0017958 secs]2017-06-09T16:22:34.179-0100: 22906.154: [weak refs processing, 0.0093023 secs]2017-06-09T16:22:34.188-0100: 22906.164: [class unloading, 0.0154139 secs]2017-06-09T16:22:34.204-0100: 22906.179: [scrub symbol table, 0.0054449 secs]2017-06-09T16:22:34.209-0100: 22906.185: [scrub string table, 0.0004561 secs][1 CMS-remark: 205076K(393216K)] 208193K(502464K), 0.0400882 secs] [Times: user=0.05 sys=0.00, real=0.04 secs] 
2017-06-09T16:22:34.211-0100: 22906.186: Total time for which application threads were stopped: 0.0402406 seconds, Stopping threads took: 0.0000270 seconds
2017-06-09T16:22:34.211-0100: 22906.186: [CMS-concurrent-sweep-start]
2017-06-09T16:22:34.211-0100: 22906.186: Total time for which application threads were stopped: 0.0001147 seconds, Stopping threads took: 0.0000245 seconds
2017-06-09T16:22:34.211-0100: 22906.186: Total time for which application threads were stopped: 0.0000703 seconds, Stopping threads took: 0.0000102 seconds
2017-06-09T16:22:34.211-0100: 22906.187: Total time for which application threads were stopped: 0.0000886 seconds, Stopping threads took: 0.0000224 seconds
2017-06-09T16:22:34.211-0100: 22906.187: Total time for which application threads were stopped: 0.0000760 seconds, Stopping threads took: 0.0000207 seconds
2017-06-09T16:22:34.212-0100: 22906.187: Total time for which application threads were stopped: 0.0000691 seconds, Stopping threads took: 0.0000263 seconds
2017-06-09T16:22:34.212-0100: 22906.187: Total time for which application threads were stopped: 0.0000672 seconds, Stopping threads took: 0.0000218 seconds
2017-06-09T16:22:34.212-0100: 22906.187: Total time for which application threads were stopped: 0.0000705 seconds, Stopping threads took: 0.0000196 seconds
2017-06-09T16:22:34.212-0100: 22906.187: Total time for which application threads were stopped: 0.0000853 seconds, Stopping threads took: 0.0000298 seconds
2017-06-09T16:22:34.212-0100: 22906.187: Total time for which application threads were stopped: 0.0000833 seconds, Stopping threads took: 0.0000195 seconds
2017-06-09T16:22:34.212-0100: 22906.188: Total time for which application threads were stopped: 0.0000608 seconds, Stopping threads took: 0.0000104 seconds
2017-06-09T16:22:34.212-0100: 22906.188: Total time for which application threads were stopped: 0.0000752 seconds, Stopping threads took: 0.0000196 seconds
2017-06-09T16:22:34.213-0100: 22906.188: Total time for which application threads were stopped: 0.0000714 seconds, Stopping threads took: 0.0000210 seconds
2017-06-09T16:22:34.213-0100: 22906.188: Total time for which application threads were stopped: 0.0000906 seconds, Stopping threads took: 0.0000513 seconds
2017-06-09T16:22:34.213-0100: 22906.188: Total time for which application threads were stopped: 0.0000690 seconds, Stopping threads took: 0.0000089 seconds
2017-06-09T16:22:34.213-0100: 22906.188: Total time for which application threads were stopped: 0.0000427 seconds, Stopping threads took: 0.0000072 seconds
2017-06-09T16:22:34.213-0100: 22906.188: Total time for which application threads were stopped: 0.0000466 seconds, Stopping threads took: 0.0000083 seconds
2017-06-09T16:22:34.213-0100: 22906.188: Total time for which application threads were stopped: 0.0000378 seconds, Stopping threads took: 0.0000065 seconds
2017-06-09T16:22:34.213-0100: 22906.189: Total time for which application threads were stopped: 0.0000468 seconds, Stopping threads took: 0.0000084 seconds
2017-06-09T16:22:34.213-0100: 22906.189: Total time for which application threads were stopped: 0.0000369 seconds, Stopping threads took: 0.0000062 seconds
2017-06-09T16:22:34.213-0100: 22906.189: Total time for which application threads were stopped: 0.0000468 seconds, Stopping threads took: 0.0000082 seconds
2017-06-09T16:22:34.213-0100: 22906.189: Total time for which application threads were stopped: 0.0000360 seconds, Stopping threads took: 0.0000058 seconds
2017-06-09T16:22:34.214-0100: 22906.189: Total time for which application threads were stopped: 0.0000667 seconds, Stopping threads took: 0.0000146 seconds
2017-06-09T16:22:34.214-0100: 22906.189: Total time for which application threads were stopped: 0.0000373 seconds, Stopping threads took: 0.0000065 seconds
2017-06-09T16:22:34.214-0100: 22906.189: Total time for which application threads were stopped: 0.0000385 seconds, Stopping threads took: 0.0000066 seconds
2017-06-09T16:22:34.214-0100: 22906.189: Total time for which application threads were stopped: 0.0000366 seconds, Stopping threads took: 0.0000066 seconds
2017-06-09T16:22:34.214-0100: 22906.189: Total time for which application threads were stopped: 0.0000434 seconds, Stopping threads took: 0.0000073 seconds
2017-06-09T16:22:34.214-0100: 22906.189: Total time for which application threads were stopped: 0.0000365 seconds, Stopping threads took: 0.0000063 seconds
2017-06-09T16:22:34.214-0100: 22906.189: Total time for which application threads were stopped: 0.0000355 seconds, Stopping threads took: 0.0000064 seconds
2017-06-09T16:22:34.214-0100: 22906.189: Total time for which application threads were stopped: 0.0000350 seconds, Stopping threads took: 0.0000060 seconds
2017-06-09T16:22:34.214-0100: 22906.189: Total time for which application threads were stopped: 0.0000351 seconds, Stopping threads took: 0.0000062 seconds
2017-06-09T16:22:34.214-0100: 22906.190: Total time for which application threads were stopped: 0.0000351 seconds, Stopping threads took: 0.0000061 seconds
2017-06-09T16:22:34.214-0100: 22906.190: Total time for which application threads were stopped: 0.0000348 seconds, Stopping threads took: 0.0000064 seconds
2017-06-09T16:22:34.214-0100: 22906.190: Total time for which application threads were stopped: 0.0000968 seconds, Stopping threads took: 0.0000063 seconds
2017-06-09T16:22:34.214-0100: 22906.190: Total time for which application threads were stopped: 0.0000370 seconds, Stopping threads took: 0.0000065 seconds
2017-06-09T16:22:34.215-0100: 22906.190: Total time for which application threads were stopped: 0.0000355 seconds, Stopping threads took: 0.0000062 seconds
2017-06-09T16:22:34.215-0100: 22906.190: Total time for which application threads were stopped: 0.0000379 seconds, Stopping threads took: 0.0000068 seconds
2017-06-09T16:22:34.215-0100: 22906.190: Total time for which application threads were stopped: 0.0000933 seconds, Stopping threads took: 0.0000060 seconds
2017-06-09T16:22:34.253-0100: 22906.228: [CMS-concurrent-sweep: 0.039/0.042 secs] [Times: user=0.05 sys=0.01, real=0.04 secs] 
2017-06-09T16:22:34.253-0100: 22906.228: [CMS-concurrent-reset-start]
2017-06-09T16:22:34.253-0100: 22906.228: [CMS-concurrent-reset: 0.000/0.000 secs] [Times: user=0.00 sys=0.00, real=0.00 secs] 
2017-06-09T16:22:35.216-0100: 22907.191: Total time for which application threads were stopped: 0.0002657 seconds, Stopping threads took: 0.0000186 seconds
2017-06-09T16:22:36.216-0100: 22908.191: Total time for which application threads were stopped: 0.0001126 seconds, Stopping threads took: 0.0000236 seconds
2017-06-09T16:32:04.083-0100: 23476.053: Total time for which application threads were stopped: 0.0008500 seconds, Stopping threads took: 0.0000152 seconds
2017-06-09T16:32:05.083-0100: 23477.054: Total time for which application threads were stopped: 0.0000988 seconds, Stopping threads took: 0.0000189 seconds
2017-06-09T16:32:41.183-0100: 23513.153: Total time for which application threads were stopped: 0.0001815 seconds, Stopping threads took: 0.0000327 seconds
2017-06-09T16:32:58.225-0100: 23530.195: Total time for which application threads were stopped: 0.0001198 seconds, Stopping threads took: 0.0000260 seconds
2017-06-09T16:32:59.799-0100: 23531.770: Total time for which application threads were stopped: 0.0008443 seconds, Stopping threads took: 0.0000147 seconds
2017-06-09T16:32:59.801-0100: 23531.771: Total time for which application threads were stopped: 0.0001037 seconds, Stopping threads took: 0.0000362 seconds
2017-06-09T16:33:00.801-0100: 23532.771: Total time for which application threads were stopped: 0.0001264 seconds, Stopping threads took: 0.0000327 seconds
2017-06-09T16:34:12.997-0100: 23604.967: Total time for which application threads were stopped: 0.0001721 seconds, Stopping threads took: 0.0000544 seconds
2017-06-09T16:34:15.977-0100: 23607.947: Total time for which application threads were stopped: 0.0001043 seconds, Stopping threads took: 0.0000181 seconds
2017-06-09T16:34:15.977-0100: 23607.947: Total time for which application threads were stopped: 0.0000653 seconds, Stopping threads took: 0.0000089 seconds
2017-06-09T16:34:15.977-0100: 23607.947: Total time for which application threads were stopped: 0.0000482 seconds, Stopping threads took: 0.0000067 seconds
2017-06-09T16:34:15.978-0100: 23607.947: Total time for which application threads were stopped: 0.0000821 seconds, Stopping threads took: 0.0000115 seconds
2017-06-09T16:34:15.978-0100: 23607.948: Total time for which application threads were stopped: 0.0000935 seconds, Stopping threads took: 0.0000087 seconds
2017-06-09T16:34:15.978-0100: 23607.948: Total time for which application threads were stopped: 0.0000513 seconds, Stopping threads took: 0.0000066 seconds
2017-06-09T16:34:15.978-0100: 23607.948: Total time for which application threads were stopped: 0.0000477 seconds, Stopping threads took: 0.0000064 seconds
2017-06-09T16:34:15.978-0100: 23607.948: Total time for which application threads were stopped: 0.0000547 seconds, Stopping threads took: 0.0000130 seconds
2017-06-09T16:34:15.978-0100: 23607.948: Total time for which application threads were stopped: 0.0000802 seconds, Stopping threads took: 0.0000207 seconds
2017-06-09T16:34:36.024-0100: 23627.993: Total time for which application threads were stopped: 0.0001162 seconds, Stopping threads took: 0.0000247 seconds
2017-06-09T16:34:47.051-0100: 23639.020: Total time for which application threads were stopped: 0.0000931 seconds, Stopping threads took: 0.0000199 seconds
2017-06-09T16:35:00.090-0100: 23652.059: Total time for which application threads were stopped: 0.0001374 seconds, Stopping threads took: 0.0000258 seconds
2017-06-09T16:35:29.371-0100: 23681.341: Total time for which application threads were stopped: 0.0001245 seconds, Stopping threads took: 0.0000194 seconds
2017-06-09T16:35:30.376-0100: 23682.345: Total time for which application threads were stopped: 0.0001366 seconds, Stopping threads took: 0.0000431 seconds
2017-06-09T16:35:58.441-0100: 23710.410: Total time for which application threads were stopped: 0.0001312 seconds, Stopping threads took: 0.0000262 seconds
2017-06-09T16:36:05.461-0100: 23717.430: Total time for which application threads were stopped: 0.0001160 seconds, Stopping threads took: 0.0000264 seconds
2017-06-09T16:36:11.480-0100: 23723.449: Total time for which application threads were stopped: 0.0058782 seconds, Stopping threads took: 0.0000229 seconds
2017-06-09T16:36:31.582-0100: 23743.551: Total time for which application threads were stopped: 0.0007570 seconds, Stopping threads took: 0.0000149 seconds
2017-06-09T16:36:31.582-0100: 23743.551: Total time for which application threads were stopped: 0.0000798 seconds, Stopping threads took: 0.0000105 seconds
2017-06-09T16:36:32.583-0100: 23744.552: Total time for which application threads were stopped: 0.0001220 seconds, Stopping threads took: 0.0000300 seconds
2017-06-09T16:36:45.605-0100: 23757.573: Total time for which application threads were stopped: 0.0001646 seconds, Stopping threads took: 0.0000329 seconds
2017-06-09T16:38:25.837-0100: 23857.805: Total time for which application threads were stopped: 0.0001264 seconds, Stopping threads took: 0.0000225 seconds
2017-06-09T16:38:35.866-0100: 23867.833: Total time for which application threads were stopped: 0.0000908 seconds, Stopping threads took: 0.0000206 seconds
2017-06-09T16:38:39.797-0100: 23871.765: Total time for which application threads were stopped: 0.0001205 seconds, Stopping threads took: 0.0000309 seconds
2017-06-09T16:38:39.797-0100: 23871.765: Total time for which application threads were stopped: 0.0000776 seconds, Stopping threads took: 0.0000207 seconds
2017-06-09T16:38:40.801-0100: 23872.769: Total time for which application threads were stopped: 0.0001071 seconds, Stopping threads took: 0.0000252 seconds
2017-06-09T16:38:57.711-0100: 23889.679: Total time for which application threads were stopped: 0.0001159 seconds, Stopping threads took: 0.0000296 seconds
2017-06-09T16:38:57.712-0100: 23889.679: Total time for which application threads were stopped: 0.0000880 seconds, Stopping threads took: 0.0000303 seconds
2017-06-09T16:38:58.713-0100: 23890.680: Total time for which application threads were stopped: 0.0001622 seconds, Stopping threads took: 0.0000340 seconds
2017-06-09T16:40:43.060-0100: 23995.027: Total time for which application threads were stopped: 0.0001993 seconds, Stopping threads took: 0.0000885 seconds
2017-06-09T16:40:43.061-0100: 23995.027: Total time for which application threads were stopped: 0.0001856 seconds, Stopping threads took: 0.0000461 seconds
2017-06-09T16:40:44.063-0100: 23996.030: Total time for which application threads were stopped: 0.0002170 seconds, Stopping threads took: 0.0000371 seconds
2017-06-09T16:43:12.429-0100: 24144.395: Total time for which application threads were stopped: 0.0001150 seconds, Stopping threads took: 0.0000239 seconds
2017-06-09T16:43:51.206-0100: 24183.171: Total time for which application threads were stopped: 0.0001559 seconds, Stopping threads took: 0.0000359 seconds
2017-06-09T16:45:11.411-0100: 24263.376: Total time for which application threads were stopped: 0.0001350 seconds, Stopping threads took: 0.0000224 seconds
2017-06-09T16:47:01.629-0100: 24373.593: Total time for which application threads were stopped: 0.0001673 seconds, Stopping threads took: 0.0000364 seconds
2017-06-09T16:47:11.087-0100: 24383.050: Total time for which application threads were stopped: 0.0001112 seconds, Stopping threads took: 0.0000167 seconds
2017-06-09T16:47:11.102-0100: 24383.065: Total time for which application threads were stopped: 0.0001526 seconds, Stopping threads took: 0.0000389 seconds
2017-06-09T16:47:11.102-0100: 24383.066: Total time for which application threads were stopped: 0.0001229 seconds, Stopping threads took: 0.0000351 seconds
2017-06-09T16:47:11.103-0100: 24383.066: Total time for which application threads were stopped: 0.0000941 seconds, Stopping threads took: 0.0000113 seconds
2017-06-09T16:47:11.103-0100: 24383.066: Total time for which application threads were stopped: 0.0001014 seconds, Stopping threads took: 0.0000123 seconds
2017-06-09T16:47:11.103-0100: 24383.067: Total time for which application threads were stopped: 0.0000883 seconds, Stopping threads took: 0.0000122 seconds
2017-06-09T16:47:11.103-0100: 24383.067: Total time for which application threads were stopped: 0.0000763 seconds, Stopping threads took: 0.0000096 seconds
2017-06-09T16:47:11.104-0100: 24383.068: Total time for which application threads were stopped: 0.0000683 seconds, Stopping threads took: 0.0000103 seconds
2017-06-09T16:47:11.113-0100: 24383.077: Total time for which application threads were stopped: 0.0002314 seconds, Stopping threads took: 0.0000226 seconds
{Heap before GC invocations=57 (full 3):
 par new generation   total 109248K, used 90541K [0x00000007a0000000, 0x00000007a8000000, 0x00000007a8000000)
  eden space 87424K, 100% used [0x00000007a0000000, 0x00000007a5560000, 0x00000007a5560000)
  from space 21824K,  14% used [0x00000007a6ab0000, 0x00000007a6dbb6c8, 0x00000007a8000000)
  to   space 21824K,   0% used [0x00000007a5560000, 0x00000007a5560000, 0x00000007a6ab0000)
 concurrent mark-sweep generation total 393216K, used 38296K [0x00000007a8000000, 0x00000007c0000000, 0x00000007c0000000)
 Metaspace       used 37321K, capacity 37804K, committed 38396K, reserved 1083392K
  class space    used 4069K, capacity 4240K, committed 4348K, reserved 1048576K
2017-06-09T16:47:11.605-0100: 24383.569: [GC (Allocation Failure) 2017-06-09T16:47:11.606-0100: 24383.569: [ParNew
Desired survivor size 20112992 bytes, new threshold 8 (max 8)
- age   1:    1251184 bytes,    1251184 total
- age   2:     181392 bytes,    1432576 total
- age   3:     337288 bytes,    1769864 total
- age   8:        392 bytes,    1770256 total
: 90541K->2113K(109248K), 0.0042947 secs] 128837K->40416K(502464K), 0.0043598 secs] [Times: user=0.02 sys=0.00, real=0.01 secs] 
Heap after GC invocations=58 (full 3):
 par new generation   total 109248K, used 2113K [0x00000007a0000000, 0x00000007a8000000, 0x00000007a8000000)
  eden space 87424K,   0% used [0x00000007a0000000, 0x00000007a0000000, 0x00000007a5560000)
  from space 21824K,   9% used [0x00000007a5560000, 0x00000007a57707f8, 0x00000007a6ab0000)
  to   space 21824K,   0% used [0x00000007a6ab0000, 0x00000007a6ab0000, 0x00000007a8000000)
 concurrent mark-sweep generation total 393216K, used 38302K [0x00000007a8000000, 0x00000007c0000000, 0x00000007c0000000)
 Metaspace       used 37321K, capacity 37804K, committed 38396K, reserved 1083392K
  class space    used 4069K, capacity 4240K, committed 4348K, reserved 1048576K
}
2017-06-09T16:47:11.610-0100: 24383.573: Total time for which application threads were stopped: 0.0046221 seconds, Stopping threads took: 0.0000207 seconds
2017-06-09T16:47:12.614-0100: 24384.577: Total time for which application threads were stopped: 0.0002465 seconds, Stopping threads took: 0.0000430 seconds
{Heap before GC invocations=58 (full 3):
 par new generation   total 109248K, used 89537K [0x00000007a0000000, 0x00000007a8000000, 0x00000007a8000000)
  eden space 87424K, 100% used [0x00000007a0000000, 0x00000007a5560000, 0x00000007a5560000)
  from space 21824K,   9% used [0x00000007a5560000, 0x00000007a57707f8, 0x00000007a6ab0000)
  to   space 21824K,   0% used [0x00000007a6ab0000, 0x00000007a6ab0000, 0x00000007a8000000)
 concurrent mark-sweep generation total 393216K, used 38302K [0x00000007a8000000, 0x00000007c0000000, 0x00000007c0000000)
 Metaspace       used 37349K, capacity 37868K, committed 38396K, reserved 1083392K
  class space    used 4069K, capacity 4240K, committed 4348K, reserved 1048576K
2017-06-09T16:47:12.647-0100: 24384.611: [GC (Allocation Failure) 2017-06-09T16:47:12.647-0100: 24384.611: [ParNew
Desired survivor size 20112992 bytes, new threshold 8 (max 8)
- age   1:     827160 bytes,     827160 total
- age   2:     436608 bytes,    1263768 total
- age   3:     179928 bytes,    1443696 total
- age   4:     336832 bytes,    1780528 total
: 89537K->2493K(109248K), 0.0033870 secs] 127840K->40796K(502464K), 0.0034665 secs] [Times: user=0.02 sys=0.00, real=0.01 secs] 
Heap after GC invocations=59 (full 3):
 par new generation   total 109248K, used 2493K [0x00000007a0000000, 0x00000007a8000000, 0x00000007a8000000)
  eden space 87424K,   0% used [0x00000007a0000000, 0x00000007a0000000, 0x00000007a5560000)
  from space 21824K,  11% used [0x00000007a6ab0000, 0x00000007a6d1f4d0, 0x00000007a8000000)
  to   space 21824K,   0% used [0x00000007a5560000, 0x00000007a5560000, 0x00000007a6ab0000)
 concurrent mark-sweep generation total 393216K, used 38303K [0x00000007a8000000, 0x00000007c0000000, 0x00000007c0000000)
 Metaspace       used 37349K, capacity 37868K, committed 38396K, reserved 1083392K
  class space    used 4069K, capacity 4240K, committed 4348K, reserved 1048576K
}
2017-06-09T16:47:12.651-0100: 24384.614: Total time for which application threads were stopped: 0.0036643 seconds, Stopping threads took: 0.0000345 seconds
2017-06-09T16:47:13.652-0100: 24385.615: Total time for which application threads were stopped: 0.0001551 seconds, Stopping threads took: 0.0000226 seconds
{Heap before GC invocations=59 (full 3):
 par new generation   total 109248K, used 89917K [0x00000007a0000000, 0x00000007a8000000, 0x00000007a8000000)
  eden space 87424K, 100% used [0x00000007a0000000, 0x00000007a5560000, 0x00000007a5560000)
  from space 21824K,  11% used [0x00000007a6ab0000, 0x00000007a6d1f4d0, 0x00000007a8000000)
  to   space 21824K,   0% used [0x00000007a5560000, 0x00000007a5560000, 0x00000007a6ab0000)
 concurrent mark-sweep generation total 393216K, used 38303K [0x00000007a8000000, 0x00000007c0000000, 0x00000007c0000000)
 Metaspace       used 37362K, capacity 37868K, committed 38396K, reserved 1083392K
  class space    used 4070K, capacity 4240K, committed 4348K, reserved 1048576K
2017-06-09T16:47:13.762-0100: 24385.726: [GC (Allocation Failure) 2017-06-09T16:47:13.762-0100: 24385.726: [ParNew
Desired survivor size 20112992 bytes, new threshold 8 (max 8)
- age   1:     911384 bytes,     911384 total
- age   2:     163360 bytes,    1074744 total
- age   3:     344816 bytes,    1419560 total
- age   4:     173064 bytes,    1592624 total
- age   5:     310824 bytes,    1903448 total
: 89917K->2366K(109248K), 0.0036785 secs] 128220K->40669K(502464K), 0.0037478 secs] [Times: user=0.01 sys=0.00, real=0.00 secs] 
Heap after GC invocations=60 (full 3):
 par new generation   total 109248K, used 2366K [0x00000007a0000000, 0x00000007a8000000, 0x00000007a8000000)
  eden space 87424K,   0% used [0x00000007a0000000, 0x00000007a0000000, 0x00000007a5560000)
  from space 21824K,  10% used [0x00000007a5560000, 0x00000007a57af9e0, 0x00000007a6ab0000)
  to   space 21824K,   0% used [0x00000007a6ab0000, 0x00000007a6ab0000, 0x00000007a8000000)
 concurrent mark-sweep generation total 393216K, used 38303K [0x00000007a8000000, 0x00000007c0000000, 0x00000007c0000000)
 Metaspace       used 37362K, capacity 37868K, committed 38396K, reserved 1083392K
  class space    used 4070K, capacity 4240K, committed 4348K, reserved 1048576K
}
2017-06-09T16:47:13.766-0100: 24385.729: Total time for which application threads were stopped: 0.0039681 seconds, Stopping threads took: 0.0000257 seconds
{Heap before GC invocations=60 (full 3):
 par new generation   total 109248K, used 89790K [0x00000007a0000000, 0x00000007a8000000, 0x00000007a8000000)
  eden space 87424K, 100% used [0x00000007a0000000, 0x00000007a5560000, 0x00000007a5560000)
  from space 21824K,  10% used [0x00000007a5560000, 0x00000007a57af9e0, 0x00000007a6ab0000)
  to   space 21824K,   0% used [0x00000007a6ab0000, 0x00000007a6ab0000, 0x00000007a8000000)
 concurrent mark-sweep generation total 393216K, used 38303K [0x00000007a8000000, 0x00000007c0000000, 0x00000007c0000000)
 Metaspace       used 37362K, capacity 37868K, committed 38396K, reserved 1083392K
  class space    used 4070K, capacity 4240K, committed 4348K, reserved 1048576K
2017-06-09T16:47:14.734-0100: 24386.698: [GC (Allocation Failure) 2017-06-09T16:47:14.735-0100: 24386.698: [ParNew
Desired survivor size 20112992 bytes, new threshold 8 (max 8)
- age   1:     803984 bytes,     803984 total
- age   2:     179992 bytes,     983976 total
- age   3:     149496 bytes,    1133472 total
- age   4:     342232 bytes,    1475704 total
- age   5:     149984 bytes,    1625688 total
- age   6:     307032 bytes,    1932720 total
: 89790K->2547K(109248K), 0.0032926 secs] 128093K->40851K(502464K), 0.0033566 secs] [Times: user=0.01 sys=0.00, real=0.00 secs] 
Heap after GC invocations=61 (full 3):
 par new generation   total 109248K, used 2547K [0x00000007a0000000, 0x00000007a8000000, 0x00000007a8000000)
  eden space 87424K,   0% used [0x00000007a0000000, 0x00000007a0000000, 0x00000007a5560000)
  from space 21824K,  11% used [0x00000007a6ab0000, 0x00000007a6d2cfe0, 0x00000007a8000000)
  to   space 21824K,   0% used [0x00000007a5560000, 0x00000007a5560000, 0x00000007a6ab0000)
 concurrent mark-sweep generation total 393216K, used 38303K [0x00000007a8000000, 0x00000007c0000000, 0x00000007c0000000)
 Metaspace       used 37362K, capacity 37868K, committed 38396K, reserved 1083392K
  class space    used 4070K, capacity 4240K, committed 4348K, reserved 1048576K
}
2017-06-09T16:47:14.738-0100: 24386.701: Total time for which application threads were stopped: 0.0035411 seconds, Stopping threads took: 0.0000167 seconds
2017-06-09T16:47:15.310-0100: 24387.273: Total time for which application threads were stopped: 0.0001166 seconds, Stopping threads took: 0.0000162 seconds
{Heap before GC invocations=61 (full 3):
 par new generation   total 109248K, used 89971K [0x00000007a0000000, 0x00000007a8000000, 0x00000007a8000000)
  eden space 87424K, 100% used [0x00000007a0000000, 0x00000007a5560000, 0x00000007a5560000)
  from space 21824K,  11% used [0x00000007a6ab0000, 0x00000007a6d2cfe0, 0x00000007a8000000)
  to   space 21824K,   0% used [0x00000007a5560000, 0x00000007a5560000, 0x00000007a6ab0000)
 concurrent mark-sweep generation total 393216K, used 38303K [0x00000007a8000000, 0x00000007c0000000, 0x00000007c0000000)
 Metaspace       used 37432K, capacity 37932K, committed 38396K, reserved 1083392K
  class space    used 4071K, capacity 4240K, committed 4348K, reserved 1048576K
2017-06-09T16:47:15.715-0100: 24387.679: [GC (Allocation Failure) 2017-06-09T16:47:15.715-0100: 24387.679: [ParNew
Desired survivor size 20112992 bytes, new threshold 8 (max 8)
- age   1:     880080 bytes,     880080 total
- age   2:      92168 bytes,     972248 total
- age   3:     126248 bytes,    1098496 total
- age   4:     148112 bytes,    1246608 total
- age   5:     341008 bytes,    1587616 total
- age   6:     125544 bytes,    1713160 total
- age   7:     302736 bytes,    2015896 total
: 89971K->2572K(109248K), 0.0032498 secs] 128275K->40875K(502464K), 0.0033015 secs] [Times: user=0.01 sys=0.00, real=0.00 secs] 
Heap after GC invocations=62 (full 3):
 par new generation   total 109248K, used 2572K [0x00000007a0000000, 0x00000007a8000000, 0x00000007a8000000)
  eden space 87424K,   0% used [0x00000007a0000000, 0x00000007a0000000, 0x00000007a5560000)
  from space 21824K,  11% used [0x00000007a5560000, 0x00000007a57e31d8, 0x00000007a6ab0000)
  to   space 21824K,   0% used [0x00000007a6ab0000, 0x00000007a6ab0000, 0x00000007a8000000)
 concurrent mark-sweep generation total 393216K, used 38303K [0x00000007a8000000, 0x00000007c0000000, 0x00000007c0000000)
 Metaspace       used 37432K, capacity 37932K, committed 38396K, reserved 1083392K
  class space    used 4071K, capacity 4240K, committed 4348K, reserved 1048576K
}
2017-06-09T16:47:15.718-0100: 24387.682: Total time for which application threads were stopped: 0.0034665 seconds, Stopping threads took: 0.0000161 seconds
2017-06-09T16:47:16.719-0100: 24388.683: Total time for which application threads were stopped: 0.0001203 seconds, Stopping threads took: 0.0000258 seconds
{Heap before GC invocations=62 (full 3):
 par new generation   total 109248K, used 89996K [0x00000007a0000000, 0x00000007a8000000, 0x00000007a8000000)
  eden space 87424K, 100% used [0x00000007a0000000, 0x00000007a5560000, 0x00000007a5560000)
  from space 21824K,  11% used [0x00000007a5560000, 0x00000007a57e31d8, 0x00000007a6ab0000)
  to   space 21824K,   0% used [0x00000007a6ab0000, 0x00000007a6ab0000, 0x00000007a8000000)
 concurrent mark-sweep generation total 393216K, used 38303K [0x00000007a8000000, 0x00000007c0000000, 0x00000007c0000000)
 Metaspace       used 37432K, capacity 37932K, committed 38396K, reserved 1083392K
  class space    used 4071K, capacity 4240K, committed 4348K, reserved 1048576K
2017-06-09T16:47:16.870-0100: 24388.834: [GC (Allocation Failure) 2017-06-09T16:47:16.870-0100: 24388.834: [ParNew
Desired survivor size 20112992 bytes, new threshold 8 (max 8)
- age   1:     778160 bytes,     778160 total
- age   2:     127328 bytes,     905488 total
- age   3:      90800 bytes,     996288 total
- age   4:     126248 bytes,    1122536 total
- age   5:     148112 bytes,    1270648 total
- age   6:     331216 bytes,    1601864 total
- age   7:     119624 bytes,    1721488 total
- age   8:     299544 bytes,    2021032 total
: 89996K->2623K(109248K), 0.0036453 secs] 128299K->40926K(502464K), 0.0037317 secs] [Times: user=0.02 sys=0.00, real=0.00 secs] 
Heap after GC invocations=63 (full 3):
 par new generation   total 109248K, used 2623K [0x00000007a0000000, 0x00000007a8000000, 0x00000007a8000000)
  eden space 87424K,   0% used [0x00000007a0000000, 0x00000007a0000000, 0x00000007a5560000)
  from space 21824K,  12% used [0x00000007a6ab0000, 0x00000007a6d3fda8, 0x00000007a8000000)
  to   space 21824K,   0% used [0x00000007a5560000, 0x00000007a5560000, 0x00000007a6ab0000)
 concurrent mark-sweep generation total 393216K, used 38303K [0x00000007a8000000, 0x00000007c0000000, 0x00000007c0000000)
 Metaspace       used 37432K, capacity 37932K, committed 38396K, reserved 1083392K
  class space    used 4071K, capacity 4240K, committed 4348K, reserved 1048576K
}
2017-06-09T16:47:16.874-0100: 24388.838: Total time for which application threads were stopped: 0.0039510 seconds, Stopping threads took: 0.0000220 seconds
2017-06-09T16:59:15.930-0100: 25107.887: Total time for which application threads were stopped: 0.0001217 seconds, Stopping threads took: 0.0000193 seconds
2017-06-09T16:59:15.930-0100: 25107.887: Total time for which application threads were stopped: 0.0000943 seconds, Stopping threads took: 0.0000153 seconds
2017-06-09T16:59:15.930-0100: 25107.887: Total time for which application threads were stopped: 0.0000547 seconds, Stopping threads took: 0.0000082 seconds
2017-06-09T16:59:15.930-0100: 25107.887: Total time for which application threads were stopped: 0.0000446 seconds, Stopping threads took: 0.0000059 seconds
2017-06-09T16:59:15.930-0100: 25107.887: Total time for which application threads were stopped: 0.0000558 seconds, Stopping threads took: 0.0000083 seconds
2017-06-09T16:59:15.930-0100: 25107.887: Total time for which application threads were stopped: 0.0000468 seconds, Stopping threads took: 0.0000061 seconds
2017-06-09T16:59:15.930-0100: 25107.888: Total time for which application threads were stopped: 0.0000571 seconds, Stopping threads took: 0.0000085 seconds
2017-06-09T16:59:15.930-0100: 25107.888: Total time for which application threads were stopped: 0.0000470 seconds, Stopping threads took: 0.0000064 seconds
2017-06-09T16:59:15.930-0100: 25107.888: Total time for which application threads were stopped: 0.0000556 seconds, Stopping threads took: 0.0000081 seconds
2017-06-09T16:59:15.931-0100: 25107.888: Total time for which application threads were stopped: 0.0000459 seconds, Stopping threads took: 0.0000062 seconds
2017-06-09T17:00:30.355-0100: 25182.312: Total time for which application threads were stopped: 0.0001035 seconds, Stopping threads took: 0.0000207 seconds
2017-06-09T17:01:17.589-0100: 25229.546: Total time for which application threads were stopped: 0.0001698 seconds, Stopping threads took: 0.0000215 seconds
2017-06-09T17:01:18.594-0100: 25230.551: Total time for which application threads were stopped: 0.0001000 seconds, Stopping threads took: 0.0000229 seconds
2017-06-09T17:02:37.860-0100: 25309.816: Total time for which application threads were stopped: 0.0001280 seconds, Stopping threads took: 0.0000157 seconds
2017-06-09T17:02:38.864-0100: 25310.819: Total time for which application threads were stopped: 0.0001370 seconds, Stopping threads took: 0.0000312 seconds
2017-06-09T17:05:32.352-0100: 25484.306: Total time for which application threads were stopped: 0.0001049 seconds, Stopping threads took: 0.0000161 seconds
2017-06-09T17:05:33.353-0100: 25485.308: Total time for which application threads were stopped: 0.0001394 seconds, Stopping threads took: 0.0000252 seconds
2017-06-09T17:06:19.497-0100: 25531.451: Total time for which application threads were stopped: 0.0001297 seconds, Stopping threads took: 0.0000245 seconds
2017-06-09T17:07:09.616-0100: 25581.570: Total time for which application threads were stopped: 0.0001229 seconds, Stopping threads took: 0.0000244 seconds
{Heap before GC invocations=63 (full 3):
 par new generation   total 109248K, used 90047K [0x00000007a0000000, 0x00000007a8000000, 0x00000007a8000000)
  eden space 87424K, 100% used [0x00000007a0000000, 0x00000007a5560000, 0x00000007a5560000)
  from space 21824K,  12% used [0x00000007a6ab0000, 0x00000007a6d3fda8, 0x00000007a8000000)
  to   space 21824K,   0% used [0x00000007a5560000, 0x00000007a5560000, 0x00000007a6ab0000)
 concurrent mark-sweep generation total 393216K, used 38303K [0x00000007a8000000, 0x00000007c0000000, 0x00000007c0000000)
 Metaspace       used 37466K, capacity 37996K, committed 38396K, reserved 1083392K
  class space    used 4076K, capacity 4240K, committed 4348K, reserved 1048576K
2017-06-09T17:08:06.868-0100: 25638.821: [GC (Allocation Failure) 2017-06-09T17:08:06.868-0100: 25638.821: [ParNew
Desired survivor size 20112992 bytes, new threshold 8 (max 8)
- age   1:     924248 bytes,     924248 total
- age   2:     107120 bytes,    1031368 total
- age   3:     111400 bytes,    1142768 total
- age   4:      89984 bytes,    1232752 total
- age   5:     125544 bytes,    1358296 total
- age   6:     147224 bytes,    1505520 total
- age   7:     321368 bytes,    1826888 total
- age   8:     113696 bytes,    1940584 total
: 90047K->2201K(109248K), 0.0042857 secs] 128350K->40795K(502464K), 0.0043397 secs] [Times: user=0.01 sys=0.00, real=0.01 secs] 
Heap after GC invocations=64 (full 3):
 par new generation   total 109248K, used 2201K [0x00000007a0000000, 0x00000007a8000000, 0x00000007a8000000)
  eden space 87424K,   0% used [0x00000007a0000000, 0x00000007a0000000, 0x00000007a5560000)
  from space 21824K,  10% used [0x00000007a5560000, 0x00000007a57867a0, 0x00000007a6ab0000)
  to   space 21824K,   0% used [0x00000007a6ab0000, 0x00000007a6ab0000, 0x00000007a8000000)
 concurrent mark-sweep generation total 393216K, used 38593K [0x00000007a8000000, 0x00000007c0000000, 0x00000007c0000000)
 Metaspace       used 37466K, capacity 37996K, committed 38396K, reserved 1083392K
  class space    used 4076K, capacity 4240K, committed 4348K, reserved 1048576K
}
2017-06-09T17:08:06.872-0100: 25638.825: Total time for which application threads were stopped: 0.0048181 seconds, Stopping threads took: 0.0000175 seconds
2017-06-09T17:08:06.882-0100: 25638.835: Total time for which application threads were stopped: 0.0001167 seconds, Stopping threads took: 0.0000200 seconds
2017-06-09T17:08:06.902-0100: 25638.855: Total time for which application threads were stopped: 0.0001042 seconds, Stopping threads took: 0.0000162 seconds
2017-06-09T17:08:06.908-0100: 25638.861: Total time for which application threads were stopped: 0.0001139 seconds, Stopping threads took: 0.0000209 seconds
2017-06-09T17:08:06.908-0100: 25638.861: Total time for which application threads were stopped: 0.0000708 seconds, Stopping threads took: 0.0000088 seconds
2017-06-09T17:08:06.908-0100: 25638.861: Total time for which application threads were stopped: 0.0000496 seconds, Stopping threads took: 0.0000063 seconds
2017-06-09T17:08:06.908-0100: 25638.861: Total time for which application threads were stopped: 0.0000456 seconds, Stopping threads took: 0.0000064 seconds
2017-06-09T17:08:06.908-0100: 25638.861: Total time for which application threads were stopped: 0.0000748 seconds, Stopping threads took: 0.0000076 seconds
2017-06-09T17:08:06.908-0100: 25638.861: Total time for which application threads were stopped: 0.0000934 seconds, Stopping threads took: 0.0000099 seconds
2017-06-09T17:08:06.908-0100: 25638.861: Total time for which application threads were stopped: 0.0001781 seconds, Stopping threads took: 0.0000067 seconds
{Heap before GC invocations=64 (full 3):
 par new generation   total 109248K, used 89625K [0x00000007a0000000, 0x00000007a8000000, 0x00000007a8000000)
  eden space 87424K, 100% used [0x00000007a0000000, 0x00000007a5560000, 0x00000007a5560000)
  from space 21824K,  10% used [0x00000007a5560000, 0x00000007a57867a0, 0x00000007a6ab0000)
  to   space 21824K,   0% used [0x00000007a6ab0000, 0x00000007a6ab0000, 0x00000007a8000000)
 concurrent mark-sweep generation total 393216K, used 38593K [0x00000007a8000000, 0x00000007c0000000, 0x00000007c0000000)
 Metaspace       used 37470K, capacity 37996K, committed 38396K, reserved 1083392K
  class space    used 4076K, capacity 4240K, committed 4348K, reserved 1048576K
2017-06-09T17:08:07.464-0100: 25639.417: [GC (Allocation Failure) 2017-06-09T17:08:07.464-0100: 25639.417: [ParNew
Desired survivor size 20112992 bytes, new threshold 8 (max 8)
- age   1:     588680 bytes,     588680 total
- age   2:     289664 bytes,     878344 total
- age   3:      89576 bytes,     967920 total
- age   4:     109512 bytes,    1077432 total
- age   5:      89432 bytes,    1166864 total
- age   6:     123080 bytes,    1289944 total
- age   7:     146840 bytes,    1436784 total
- age   8:     309496 bytes,    1746280 total
: 89625K->2499K(109248K), 0.0035344 secs] 128219K->41195K(502464K), 0.0036029 secs] [Times: user=0.01 sys=0.00, real=0.00 secs] 
Heap after GC invocations=65 (full 3):
 par new generation   total 109248K, used 2499K [0x00000007a0000000, 0x00000007a8000000, 0x00000007a8000000)
  eden space 87424K,   0% used [0x00000007a0000000, 0x00000007a0000000, 0x00000007a5560000)
  from space 21824K,  11% used [0x00000007a6ab0000, 0x00000007a6d20c00, 0x00000007a8000000)
  to   space 21824K,   0% used [0x00000007a5560000, 0x00000007a5560000, 0x00000007a6ab0000)
 concurrent mark-sweep generation total 393216K, used 38696K [0x00000007a8000000, 0x00000007c0000000, 0x00000007c0000000)
 Metaspace       used 37470K, capacity 37996K, committed 38396K, reserved 1083392K
  class space    used 4076K, capacity 4240K, committed 4348K, reserved 1048576K
}
2017-06-09T17:08:07.467-0100: 25639.420: Total time for which application threads were stopped: 0.0037961 seconds, Stopping threads took: 0.0000165 seconds
{Heap before GC invocations=65 (full 3):
 par new generation   total 109248K, used 89923K [0x00000007a0000000, 0x00000007a8000000, 0x00000007a8000000)
  eden space 87424K, 100% used [0x00000007a0000000, 0x00000007a5560000, 0x00000007a5560000)
  from space 21824K,  11% used [0x00000007a6ab0000, 0x00000007a6d20c00, 0x00000007a8000000)
  to   space 21824K,   0% used [0x00000007a5560000, 0x00000007a5560000, 0x00000007a6ab0000)
 concurrent mark-sweep generation total 393216K, used 38696K [0x00000007a8000000, 0x00000007c0000000, 0x00000007c0000000)
 Metaspace       used 37473K, capacity 37996K, committed 38396K, reserved 1083392K
  class space    used 4077K, capacity 4240K, committed 4348K, reserved 1048576K
2017-06-09T17:08:08.265-0100: 25640.218: [GC (Allocation Failure) 2017-06-09T17:08:08.265-0100: 25640.218: [ParNew
Desired survivor size 20112992 bytes, new threshold 8 (max 8)
- age   1:     716080 bytes,     716080 total
- age   2:     109736 bytes,     825816 total
- age   3:     190928 bytes,    1016744 total
- age   4:      75464 bytes,    1092208 total
- age   5:      96816 bytes,    1189024 total
- age   6:      88920 bytes,    1277944 total
- age   7:     122440 bytes,    1400384 total
- age   8:     146168 bytes,    1546552 total
: 89923K->2112K(109248K), 0.0037071 secs] 128619K->41101K(502464K), 0.0037657 secs] [Times: user=0.01 sys=0.00, real=0.00 secs] 
Heap after GC invocations=66 (full 3):
 par new generation   total 109248K, used 2112K [0x00000007a0000000, 0x00000007a8000000, 0x00000007a8000000)
  eden space 87424K,   0% used [0x00000007a0000000, 0x00000007a0000000, 0x00000007a5560000)
  from space 21824K,   9% used [0x00000007a5560000, 0x00000007a5770000, 0x00000007a6ab0000)
  to   space 21824K,   0% used [0x00000007a6ab0000, 0x00000007a6ab0000, 0x00000007a8000000)
 concurrent mark-sweep generation total 393216K, used 38989K [0x00000007a8000000, 0x00000007c0000000, 0x00000007c0000000)
 Metaspace       used 37473K, capacity 37996K, committed 38396K, reserved 1083392K
  class space    used 4077K, capacity 4240K, committed 4348K, reserved 1048576K
}
2017-06-09T17:08:08.269-0100: 25640.222: Total time for which application threads were stopped: 0.0039479 seconds, Stopping threads took: 0.0000163 seconds
{Heap before GC invocations=66 (full 3):
 par new generation   total 109248K, used 89536K [0x00000007a0000000, 0x00000007a8000000, 0x00000007a8000000)
  eden space 87424K, 100% used [0x00000007a0000000, 0x00000007a5560000, 0x00000007a5560000)
  from space 21824K,   9% used [0x00000007a5560000, 0x00000007a5770000, 0x00000007a6ab0000)
  to   space 21824K,   0% used [0x00000007a6ab0000, 0x00000007a6ab0000, 0x00000007a8000000)
 concurrent mark-sweep generation total 393216K, used 38989K [0x00000007a8000000, 0x00000007c0000000, 0x00000007c0000000)
 Metaspace       used 37474K, capacity 37996K, committed 38396K, reserved 1083392K
  class space    used 4077K, capacity 4240K, committed 4348K, reserved 1048576K
2017-06-09T17:08:09.089-0100: 25641.042: [GC (Allocation Failure) 2017-06-09T17:08:09.089-0100: 25641.042: [ParNew
Desired survivor size 20112992 bytes, new threshold 8 (max 8)
- age   1:     755744 bytes,     755744 total
- age   2:     106032 bytes,     861776 total
- age   3:      79248 bytes,     941024 total
- age   4:     156400 bytes,    1097424 total
- age   5:      64008 bytes,    1161432 total
- age   6:      94776 bytes,    1256208 total
- age   7:      88288 bytes,    1344496 total
- age   8:     112896 bytes,    1457392 total
: 89536K->1660K(109248K), 0.0037249 secs] 128525K->40761K(502464K), 0.0037946 secs] [Times: user=0.01 sys=0.01, real=0.01 secs] 
Heap after GC invocations=67 (full 3):
 par new generation   total 109248K, used 1660K [0x00000007a0000000, 0x00000007a8000000, 0x00000007a8000000)
  eden space 87424K,   0% used [0x00000007a0000000, 0x00000007a0000000, 0x00000007a5560000)
  from space 21824K,   7% used [0x00000007a6ab0000, 0x00000007a6c4f2c0, 0x00000007a8000000)
  to   space 21824K,   0% used [0x00000007a5560000, 0x00000007a5560000, 0x00000007a6ab0000)
 concurrent mark-sweep generation total 393216K, used 39100K [0x00000007a8000000, 0x00000007c0000000, 0x00000007c0000000)
 Metaspace       used 37474K, capacity 37996K, committed 38396K, reserved 1083392K
  class space    used 4077K, capacity 4240K, committed 4348K, reserved 1048576K
}
2017-06-09T17:08:09.093-0100: 25641.045: Total time for which application threads were stopped: 0.0039954 seconds, Stopping threads took: 0.0000181 seconds
{Heap before GC invocations=67 (full 3):
 par new generation   total 109248K, used 89084K [0x00000007a0000000, 0x00000007a8000000, 0x00000007a8000000)
  eden space 87424K, 100% used [0x00000007a0000000, 0x00000007a5560000, 0x00000007a5560000)
  from space 21824K,   7% used [0x00000007a6ab0000, 0x00000007a6c4f2c0, 0x00000007a8000000)
  to   space 21824K,   0% used [0x00000007a5560000, 0x00000007a5560000, 0x00000007a6ab0000)
 concurrent mark-sweep generation total 393216K, used 39100K [0x00000007a8000000, 0x00000007c0000000, 0x00000007c0000000)
 Metaspace       used 37474K, capacity 37996K, committed 38396K, reserved 1083392K
  class space    used 4077K, capacity 4240K, committed 4348K, reserved 1048576K
2017-06-09T17:08:09.955-0100: 25641.908: [GC (Allocation Failure) 2017-06-09T17:08:09.955-0100: 25641.908: [ParNew
Desired survivor size 20112992 bytes, new threshold 8 (max 8)
- age   1:     711224 bytes,     711224 total
- age   2:     148064 bytes,     859288 total
- age   3:      93384 bytes,     952672 total
- age   4:      78048 bytes,    1030720 total
- age   5:     145552 bytes,    1176272 total
- age   6:      61944 bytes,    1238216 total
- age   7:      94104 bytes,    1332320 total
- age   8:      82712 bytes,    1415032 total
: 89084K->2231K(109248K), 0.0031671 secs] 128185K->41398K(502464K), 0.0032336 secs] [Times: user=0.01 sys=0.00, real=0.00 secs] 
Heap after GC invocations=68 (full 3):
 par new generation   total 109248K, used 2231K [0x00000007a0000000, 0x00000007a8000000, 0x00000007a8000000)
  eden space 87424K,   0% used [0x00000007a0000000, 0x00000007a0000000, 0x00000007a5560000)
  from space 21824K,  10% used [0x00000007a5560000, 0x00000007a578dd38, 0x00000007a6ab0000)
  to   space 21824K,   0% used [0x00000007a6ab0000, 0x00000007a6ab0000, 0x00000007a8000000)
 concurrent mark-sweep generation total 393216K, used 39167K [0x00000007a8000000, 0x00000007c0000000, 0x00000007c0000000)
 Metaspace       used 37474K, capacity 37996K, committed 38396K, reserved 1083392K
  class space    used 4077K, capacity 4240K, committed 4348K, reserved 1048576K
}
2017-06-09T17:08:09.958-0100: 25641.911: Total time for which application threads were stopped: 0.0034087 seconds, Stopping threads took: 0.0000166 seconds
2017-06-09T17:08:10.527-0100: 25642.480: Total time for which application threads were stopped: 0.0001233 seconds, Stopping threads took: 0.0000176 seconds
{Heap before GC invocations=68 (full 3):
 par new generation   total 109248K, used 89655K [0x00000007a0000000, 0x00000007a8000000, 0x00000007a8000000)
  eden space 87424K, 100% used [0x00000007a0000000, 0x00000007a5560000, 0x00000007a5560000)
  from space 21824K,  10% used [0x00000007a5560000, 0x00000007a578dd38, 0x00000007a6ab0000)
  to   space 21824K,   0% used [0x00000007a6ab0000, 0x00000007a6ab0000, 0x00000007a8000000)
 concurrent mark-sweep generation total 393216K, used 39167K [0x00000007a8000000, 0x00000007c0000000, 0x00000007c0000000)
 Metaspace       used 37474K, capacity 37996K, committed 38396K, reserved 1083392K
  class space    used 4077K, capacity 4240K, committed 4348K, reserved 1048576K
2017-06-09T17:08:10.809-0100: 25642.762: [GC (Allocation Failure) 2017-06-09T17:08:10.810-0100: 25642.762: [ParNew
Desired survivor size 20112992 bytes, new threshold 8 (max 8)
- age   1:     751280 bytes,     751280 total
- age   2:      76624 bytes,     827904 total
- age   3:     111032 bytes,     938936 total
- age   4:      92176 bytes,    1031112 total
- age   5:      78048 bytes,    1109160 total
- age   6:     134416 bytes,    1243576 total
- age   7:      61152 bytes,    1304728 total
- age   8:      83288 bytes,    1388016 total
: 89655K->1660K(109248K), 0.0038822 secs] 128822K->40876K(502464K), 0.0039423 secs] [Times: user=0.01 sys=0.00, real=0.01 secs] 
Heap after GC invocations=69 (full 3):
 par new generation   total 109248K, used 1660K [0x00000007a0000000, 0x00000007a8000000, 0x00000007a8000000)
  eden space 87424K,   0% used [0x00000007a0000000, 0x00000007a0000000, 0x00000007a5560000)
  from space 21824K,   7% used [0x00000007a6ab0000, 0x00000007a6c4f230, 0x00000007a8000000)
  to   space 21824K,   0% used [0x00000007a5560000, 0x00000007a5560000, 0x00000007a6ab0000)
 concurrent mark-sweep generation total 393216K, used 39216K [0x00000007a8000000, 0x00000007c0000000, 0x00000007c0000000)
 Metaspace       used 37474K, capacity 37996K, committed 38396K, reserved 1083392K
  class space    used 4077K, capacity 4240K, committed 4348K, reserved 1048576K
}
2017-06-09T17:08:10.813-0100: 25642.766: Total time for which application threads were stopped: 0.0041146 seconds, Stopping threads took: 0.0000192 seconds
{Heap before GC invocations=69 (full 3):
 par new generation   total 109248K, used 89084K [0x00000007a0000000, 0x00000007a8000000, 0x00000007a8000000)
  eden space 87424K, 100% used [0x00000007a0000000, 0x00000007a5560000, 0x00000007a5560000)
  from space 21824K,   7% used [0x00000007a6ab0000, 0x00000007a6c4f230, 0x00000007a8000000)
  to   space 21824K,   0% used [0x00000007a5560000, 0x00000007a5560000, 0x00000007a6ab0000)
 concurrent mark-sweep generation total 393216K, used 39216K [0x00000007a8000000, 0x00000007c0000000, 0x00000007c0000000)
 Metaspace       used 37474K, capacity 37996K, committed 38396K, reserved 1083392K
  class space    used 4077K, capacity 4240K, committed 4348K, reserved 1048576K
2017-06-09T17:08:11.675-0100: 25643.628: [GC (Allocation Failure) 2017-06-09T17:08:11.675-0100: 25643.628: [ParNew
Desired survivor size 20112992 bytes, new threshold 8 (max 8)
- age   1:     704272 bytes,     704272 total
- age   2:     104688 bytes,     808960 total
- age   3:      75432 bytes,     884392 total
- age   4:      99080 bytes,     983472 total
- age   5:      92176 bytes,    1075648 total
- age   6:      78048 bytes,    1153696 total
- age   7:     122392 bytes,    1276088 total
- age   8:      60480 bytes,    1336568 total
: 89084K->1774K(109248K), 0.0035242 secs] 128300K->41047K(502464K), 0.0035932 secs] [Times: user=0.01 sys=0.01, real=0.00 secs] 
Heap after GC invocations=70 (full 3):
 par new generation   total 109248K, used 1774K [0x00000007a0000000, 0x00000007a8000000, 0x00000007a8000000)
  eden space 87424K,   0% used [0x00000007a0000000, 0x00000007a0000000, 0x00000007a5560000)
  from space 21824K,   8% used [0x00000007a5560000, 0x00000007a571b820, 0x00000007a6ab0000)
  to   space 21824K,   0% used [0x00000007a6ab0000, 0x00000007a6ab0000, 0x00000007a8000000)
 concurrent mark-sweep generation total 393216K, used 39273K [0x00000007a8000000, 0x00000007c0000000, 0x00000007c0000000)
 Metaspace       used 37474K, capacity 37996K, committed 38396K, reserved 1083392K
  class space    used 4077K, capacity 4240K, committed 4348K, reserved 1048576K
}
2017-06-09T17:08:11.678-0100: 25643.631: Total time for which application threads were stopped: 0.0037642 seconds, Stopping threads took: 0.0000193 seconds
{Heap before GC invocations=70 (full 3):
 par new generation   total 109248K, used 89198K [0x00000007a0000000, 0x00000007a8000000, 0x00000007a8000000)
  eden space 87424K, 100% used [0x00000007a0000000, 0x00000007a5560000, 0x00000007a5560000)
  from space 21824K,   8% used [0x00000007a5560000, 0x00000007a571b820, 0x00000007a6ab0000)
  to   space 21824K,   0% used [0x00000007a6ab0000, 0x00000007a6ab0000, 0x00000007a8000000)
 concurrent mark-sweep generation total 393216K, used 39273K [0x00000007a8000000, 0x00000007c0000000, 0x00000007c0000000)
 Metaspace       used 37474K, capacity 37996K, committed 38396K, reserved 1083392K
  class space    used 4077K, capacity 4240K, committed 4348K, reserved 1048576K
2017-06-09T17:08:12.545-0100: 25644.498: [GC (Allocation Failure) 2017-06-09T17:08:12.545-0100: 25644.498: [ParNew
Desired survivor size 20112992 bytes, new threshold 8 (max 8)
- age   1:     693904 bytes,     693904 total
- age   2:     104664 bytes,     798568 total
- age   3:      79472 bytes,     878040 total
- age   4:      74176 bytes,     952216 total
- age   5:      97248 bytes,    1049464 total
- age   6:      90880 bytes,    1140344 total
- age   7:      77040 bytes,    1217384 total
- age   8:     117424 bytes,    1334808 total
: 89198K->1570K(109248K), 0.0037530 secs] 128471K->40896K(502464K), 0.0038107 secs] [Times: user=0.02 sys=0.00, real=0.00 secs] 
Heap after GC invocations=71 (full 3):
 par new generation   total 109248K, used 1570K [0x00000007a0000000, 0x00000007a8000000, 0x00000007a8000000)
  eden space 87424K,   0% used [0x00000007a0000000, 0x00000007a0000000, 0x00000007a5560000)
  from space 21824K,   7% used [0x00000007a6ab0000, 0x00000007a6c38900, 0x00000007a8000000)
  to   space 21824K,   0% used [0x00000007a5560000, 0x00000007a5560000, 0x00000007a6ab0000)
 concurrent mark-sweep generation total 393216K, used 39326K [0x00000007a8000000, 0x00000007c0000000, 0x00000007c0000000)
 Metaspace       used 37474K, capacity 37996K, committed 38396K, reserved 1083392K
  class space    used 4077K, capacity 4240K, committed 4348K, reserved 1048576K
}
2017-06-09T17:08:12.549-0100: 25644.502: Total time for which application threads were stopped: 0.0040035 seconds, Stopping threads took: 0.0000222 seconds
{Heap before GC invocations=71 (full 3):
 par new generation   total 109248K, used 88994K [0x00000007a0000000, 0x00000007a8000000, 0x00000007a8000000)
  eden space 87424K, 100% used [0x00000007a0000000, 0x00000007a5560000, 0x00000007a5560000)
  from space 21824K,   7% used [0x00000007a6ab0000, 0x00000007a6c38900, 0x00000007a8000000)
  to   space 21824K,   0% used [0x00000007a5560000, 0x00000007a5560000, 0x00000007a6ab0000)
 concurrent mark-sweep generation total 393216K, used 39326K [0x00000007a8000000, 0x00000007c0000000, 0x00000007c0000000)
 Metaspace       used 37474K, capacity 37996K, committed 38396K, reserved 1083392K
  class space    used 4077K, capacity 4240K, committed 4348K, reserved 1048576K
2017-06-09T17:09:29.095-0100: 25721.047: [GC (Allocation Failure) 2017-06-09T17:09:29.095-0100: 25721.047: [ParNew
Desired survivor size 20112992 bytes, new threshold 8 (max 8)
- age   1:     651376 bytes,     651376 total
- age   2:     106136 bytes,     757512 total
- age   3:      90240 bytes,     847752 total
- age   4:      77744 bytes,     925496 total
- age   5:      72712 bytes,     998208 total
- age   6:      96360 bytes,    1094568 total
- age   7:      89552 bytes,    1184120 total
- age   8:      76104 bytes,    1260224 total
: 88994K->2054K(109248K), 0.0028024 secs] 128320K->41497K(502464K), 0.0028669 secs] [Times: user=0.01 sys=0.00, real=0.00 secs] 
Heap after GC invocations=72 (full 3):
 par new generation   total 109248K, used 2054K [0x00000007a0000000, 0x00000007a8000000, 0x00000007a8000000)
  eden space 87424K,   0% used [0x00000007a0000000, 0x00000007a0000000, 0x00000007a5560000)
  from space 21824K,   9% used [0x00000007a5560000, 0x00000007a5761990, 0x00000007a6ab0000)
  to   space 21824K,   0% used [0x00000007a6ab0000, 0x00000007a6ab0000, 0x00000007a8000000)
 concurrent mark-sweep generation total 393216K, used 39443K [0x00000007a8000000, 0x00000007c0000000, 0x00000007c0000000)
 Metaspace       used 37474K, capacity 37996K, committed 38396K, reserved 1083392K
  class space    used 4077K, capacity 4240K, committed 4348K, reserved 1048576K
}
2017-06-09T17:09:29.098-0100: 25721.050: Total time for which application threads were stopped: 0.0030804 seconds, Stopping threads took: 0.0000143 seconds
{Heap before GC invocations=72 (full 3):
 par new generation   total 109248K, used 89478K [0x00000007a0000000, 0x00000007a8000000, 0x00000007a8000000)
  eden space 87424K, 100% used [0x00000007a0000000, 0x00000007a5560000, 0x00000007a5560000)
  from space 21824K,   9% used [0x00000007a5560000, 0x00000007a5761990, 0x00000007a6ab0000)
  to   space 21824K,   0% used [0x00000007a6ab0000, 0x00000007a6ab0000, 0x00000007a8000000)
 concurrent mark-sweep generation total 393216K, used 39443K [0x00000007a8000000, 0x00000007c0000000, 0x00000007c0000000)
 Metaspace       used 37476K, capacity 37996K, committed 38396K, reserved 1083392K
  class space    used 4077K, capacity 4240K, committed 4348K, reserved 1048576K
2017-06-09T17:09:29.630-0100: 25721.582: [GC (Allocation Failure) 2017-06-09T17:09:29.630-0100: 25721.582: [ParNew
Desired survivor size 20112992 bytes, new threshold 8 (max 8)
- age   1:     541616 bytes,     541616 total
- age   2:     199680 bytes,     741296 total
- age   3:      56856 bytes,     798152 total
- age   4:      89424 bytes,     887576 total
- age   5:      76232 bytes,     963808 total
- age   6:      71848 bytes,    1035656 total
- age   7:      95352 bytes,    1131008 total
- age   8:      88544 bytes,    1219552 total
: 89478K->1502K(109248K), 0.0032004 secs] 128921K->41022K(502464K), 0.0032497 secs] [Times: user=0.01 sys=0.00, real=0.00 secs] 
Heap after GC invocations=73 (full 3):
 par new generation   total 109248K, used 1502K [0x00000007a0000000, 0x00000007a8000000, 0x00000007a8000000)
  eden space 87424K,   0% used [0x00000007a0000000, 0x00000007a0000000, 0x00000007a5560000)
  from space 21824K,   6% used [0x00000007a6ab0000, 0x00000007a6c27b90, 0x00000007a8000000)
  to   space 21824K,   0% used [0x00000007a5560000, 0x00000007a5560000, 0x00000007a6ab0000)
 concurrent mark-sweep generation total 393216K, used 39519K [0x00000007a8000000, 0x00000007c0000000, 0x00000007c0000000)
 Metaspace       used 37476K, capacity 37996K, committed 38396K, reserved 1083392K
  class space    used 4077K, capacity 4240K, committed 4348K, reserved 1048576K
}
2017-06-09T17:09:29.633-0100: 25721.585: Total time for which application threads were stopped: 0.0034077 seconds, Stopping threads took: 0.0000156 seconds
{Heap before GC invocations=73 (full 3):
 par new generation   total 109248K, used 88926K [0x00000007a0000000, 0x00000007a8000000, 0x00000007a8000000)
  eden space 87424K, 100% used [0x00000007a0000000, 0x00000007a5560000, 0x00000007a5560000)
  from space 21824K,   6% used [0x00000007a6ab0000, 0x00000007a6c27b90, 0x00000007a8000000)
  to   space 21824K,   0% used [0x00000007a5560000, 0x00000007a5560000, 0x00000007a6ab0000)
 concurrent mark-sweep generation total 393216K, used 39519K [0x00000007a8000000, 0x00000007c0000000, 0x00000007c0000000)
 Metaspace       used 37480K, capacity 37996K, committed 38396K, reserved 1083392K
  class space    used 4078K, capacity 4240K, committed 4348K, reserved 1048576K
2017-06-09T17:09:30.420-0100: 25722.373: [GC (Allocation Failure) 2017-06-09T17:09:30.420-0100: 25722.373: [ParNew
Desired survivor size 20112992 bytes, new threshold 8 (max 8)
- age   1:     542288 bytes,     542288 total
- age   2:     117936 bytes,     660224 total
- age   3:     109496 bytes,     769720 total
- age   4:      54696 bytes,     824416 total
- age   5:      76624 bytes,     901040 total
- age   6:      75104 bytes,     976144 total
- age   7:      71056 bytes,    1047200 total
- age   8:      94776 bytes,    1141976 total
: 88926K->1826K(109248K), 0.0034893 secs] 128446K->41434K(502464K), 0.0035625 secs] [Times: user=0.01 sys=0.00, real=0.00 secs] 
Heap after GC invocations=74 (full 3):
 par new generation   total 109248K, used 1826K [0x00000007a0000000, 0x00000007a8000000, 0x00000007a8000000)
  eden space 87424K,   0% used [0x00000007a0000000, 0x00000007a0000000, 0x00000007a5560000)
  from space 21824K,   8% used [0x00000007a5560000, 0x00000007a57288f0, 0x00000007a6ab0000)
  to   space 21824K,   0% used [0x00000007a6ab0000, 0x00000007a6ab0000, 0x00000007a8000000)
 concurrent mark-sweep generation total 393216K, used 39608K [0x00000007a8000000, 0x00000007c0000000, 0x00000007c0000000)
 Metaspace       used 37480K, capacity 37996K, committed 38396K, reserved 1083392K
  class space    used 4078K, capacity 4240K, committed 4348K, reserved 1048576K
}
2017-06-09T17:09:30.424-0100: 25722.376: Total time for which application threads were stopped: 0.0037469 seconds, Stopping threads took: 0.0000163 seconds
{Heap before GC invocations=74 (full 3):
 par new generation   total 109248K, used 89250K [0x00000007a0000000, 0x00000007a8000000, 0x00000007a8000000)
  eden space 87424K, 100% used [0x00000007a0000000, 0x00000007a5560000, 0x00000007a5560000)
  from space 21824K,   8% used [0x00000007a5560000, 0x00000007a57288f0, 0x00000007a6ab0000)
  to   space 21824K,   0% used [0x00000007a6ab0000, 0x00000007a6ab0000, 0x00000007a8000000)
 concurrent mark-sweep generation total 393216K, used 39608K [0x00000007a8000000, 0x00000007c0000000, 0x00000007c0000000)
 Metaspace       used 37480K, capacity 37996K, committed 38396K, reserved 1083392K
  class space    used 4078K, capacity 4240K, committed 4348K, reserved 1048576K
2017-06-09T17:09:31.238-0100: 25723.190: [GC (Allocation Failure) 2017-06-09T17:09:31.238-0100: 25723.190: [ParNew
Desired survivor size 20112992 bytes, new threshold 8 (max 8)
- age   1:     642288 bytes,     642288 total
- age   2:      81048 bytes,     723336 total
- age   3:      80752 bytes,     804088 total
- age   4:      57840 bytes,     861928 total
- age   5:      52960 bytes,     914888 total
- age   6:      52304 bytes,     967192 total
- age   7:      74552 bytes,    1041744 total
- age   8:      70504 bytes,    1112248 total
: 89250K->1349K(109248K), 0.0030221 secs] 128858K->41052K(502464K), 0.0030727 secs] [Times: user=0.01 sys=0.00, real=0.01 secs] 
Heap after GC invocations=75 (full 3):
 par new generation   total 109248K, used 1349K [0x00000007a0000000, 0x00000007a8000000, 0x00000007a8000000)
  eden space 87424K,   0% used [0x00000007a0000000, 0x00000007a0000000, 0x00000007a5560000)
  from space 21824K,   6% used [0x00000007a6ab0000, 0x00000007a6c014e0, 0x00000007a8000000)
  to   space 21824K,   0% used [0x00000007a5560000, 0x00000007a5560000, 0x00000007a6ab0000)
 concurrent mark-sweep generation total 393216K, used 39703K [0x00000007a8000000, 0x00000007c0000000, 0x00000007c0000000)
 Metaspace       used 37480K, capacity 37996K, committed 38396K, reserved 1083392K
  class space    used 4078K, capacity 4240K, committed 4348K, reserved 1048576K
}
2017-06-09T17:09:31.241-0100: 25723.193: Total time for which application threads were stopped: 0.0032287 seconds, Stopping threads took: 0.0000143 seconds
{Heap before GC invocations=75 (full 3):
 par new generation   total 109248K, used 88773K [0x00000007a0000000, 0x00000007a8000000, 0x00000007a8000000)
  eden space 87424K, 100% used [0x00000007a0000000, 0x00000007a5560000, 0x00000007a5560000)
  from space 21824K,   6% used [0x00000007a6ab0000, 0x00000007a6c014e0, 0x00000007a8000000)
  to   space 21824K,   0% used [0x00000007a5560000, 0x00000007a5560000, 0x00000007a6ab0000)
 concurrent mark-sweep generation total 393216K, used 39703K [0x00000007a8000000, 0x00000007c0000000, 0x00000007c0000000)
 Metaspace       used 37480K, capacity 37996K, committed 38396K, reserved 1083392K
  class space    used 4078K, capacity 4240K, committed 4348K, reserved 1048576K
2017-06-09T17:09:32.121-0100: 25724.073: [GC (Allocation Failure) 2017-06-09T17:09:32.121-0100: 25724.073: [ParNew
Desired survivor size 20112992 bytes, new threshold 8 (max 8)
- age   1:     649880 bytes,     649880 total
- age   2:      72584 bytes,     722464 total
- age   3:      43872 bytes,     766336 total
- age   4:      50704 bytes,     817040 total
- age   5:      44216 bytes,     861256 total
- age   6:      52336 bytes,     913592 total
- age   7:      51488 bytes,     965080 total
- age   8:      72944 bytes,    1038024 total
: 88773K->1424K(109248K), 0.0036497 secs] 128476K->41198K(502464K), 0.0037134 secs] [Times: user=0.01 sys=0.00, real=0.00 secs] 
Heap after GC invocations=76 (full 3):
 par new generation   total 109248K, used 1424K [0x00000007a0000000, 0x00000007a8000000, 0x00000007a8000000)
  eden space 87424K,   0% used [0x00000007a0000000, 0x00000007a0000000, 0x00000007a5560000)
  from space 21824K,   6% used [0x00000007a5560000, 0x00000007a56c4160, 0x00000007a6ab0000)
  to   space 21824K,   0% used [0x00000007a6ab0000, 0x00000007a6ab0000, 0x00000007a8000000)
 concurrent mark-sweep generation total 393216K, used 39774K [0x00000007a8000000, 0x00000007c0000000, 0x00000007c0000000)
 Metaspace       used 37480K, capacity 37996K, committed 38396K, reserved 1083392K
  class space    used 4078K, capacity 4240K, committed 4348K, reserved 1048576K
}
2017-06-09T17:09:32.124-0100: 25724.077: Total time for which application threads were stopped: 0.0038800 seconds, Stopping threads took: 0.0000169 seconds
{Heap before GC invocations=76 (full 3):
 par new generation   total 109248K, used 88848K [0x00000007a0000000, 0x00000007a8000000, 0x00000007a8000000)
  eden space 87424K, 100% used [0x00000007a0000000, 0x00000007a5560000, 0x00000007a5560000)
  from space 21824K,   6% used [0x00000007a5560000, 0x00000007a56c4160, 0x00000007a6ab0000)
  to   space 21824K,   0% used [0x00000007a6ab0000, 0x00000007a6ab0000, 0x00000007a8000000)
 concurrent mark-sweep generation total 393216K, used 39774K [0x00000007a8000000, 0x00000007c0000000, 0x00000007c0000000)
 Metaspace       used 37481K, capacity 37996K, committed 38396K, reserved 1083392K
  class space    used 4078K, capacity 4240K, committed 4348K, reserved 1048576K
2017-06-09T17:09:33.044-0100: 25724.996: [GC (Allocation Failure) 2017-06-09T17:09:33.044-0100: 25724.996: [ParNew
Desired survivor size 20112992 bytes, new threshold 8 (max 8)
- age   1:     677576 bytes,     677576 total
- age   2:      71688 bytes,     749264 total
- age   3:      38432 bytes,     787696 total
- age   4:      39608 bytes,     827304 total
- age   5:      50176 bytes,     877480 total
- age   6:      43880 bytes,     921360 total
- age   7:      52136 bytes,     973496 total
- age   8:      51224 bytes,    1024720 total
: 88848K->1235K(109248K), 0.0037129 secs] 128622K->41082K(502464K), 0.0037823 secs] [Times: user=0.01 sys=0.00, real=0.00 secs] 
Heap after GC invocations=77 (full 3):
 par new generation   total 109248K, used 1235K [0x00000007a0000000, 0x00000007a8000000, 0x00000007a8000000)
  eden space 87424K,   0% used [0x00000007a0000000, 0x00000007a0000000, 0x00000007a5560000)
  from space 21824K,   5% used [0x00000007a6ab0000, 0x00000007a6be4c40, 0x00000007a8000000)
  to   space 21824K,   0% used [0x00000007a5560000, 0x00000007a5560000, 0x00000007a6ab0000)
 concurrent mark-sweep generation total 393216K, used 39847K [0x00000007a8000000, 0x00000007c0000000, 0x00000007c0000000)
 Metaspace       used 37481K, capacity 37996K, committed 38396K, reserved 1083392K
  class space    used 4078K, capacity 4240K, committed 4348K, reserved 1048576K
}
2017-06-09T17:09:33.048-0100: 25725.000: Total time for which application threads were stopped: 0.0039585 seconds, Stopping threads took: 0.0000172 seconds
{Heap before GC invocations=77 (full 3):
 par new generation   total 109248K, used 88659K [0x00000007a0000000, 0x00000007a8000000, 0x00000007a8000000)
  eden space 87424K, 100% used [0x00000007a0000000, 0x00000007a5560000, 0x00000007a5560000)
  from space 21824K,   5% used [0x00000007a6ab0000, 0x00000007a6be4c40, 0x00000007a8000000)
  to   space 21824K,   0% used [0x00000007a5560000, 0x00000007a5560000, 0x00000007a6ab0000)
 concurrent mark-sweep generation total 393216K, used 39847K [0x00000007a8000000, 0x00000007c0000000, 0x00000007c0000000)
 Metaspace       used 37481K, capacity 37996K, committed 38396K, reserved 1083392K
  class space    used 4078K, capacity 4240K, committed 4348K, reserved 1048576K
2017-06-09T17:09:33.912-0100: 25725.864: [GC (Allocation Failure) 2017-06-09T17:09:33.912-0100: 25725.864: [ParNew
Desired survivor size 20112992 bytes, new threshold 8 (max 8)
- age   1:     690128 bytes,     690128 total
- age   2:      57320 bytes,     747448 total
- age   3:      42360 bytes,     789808 total
- age   4:      37784 bytes,     827592 total
- age   5:      39200 bytes,     866792 total
- age   6:      49960 bytes,     916752 total
- age   7:      43736 bytes,     960488 total
- age   8:      51944 bytes,    1012432 total
: 88659K->1131K(109248K), 0.0036162 secs] 128506K->41030K(502464K), 0.0036862 secs] [Times: user=0.02 sys=0.00, real=0.00 secs] 
Heap after GC invocations=78 (full 3):
 par new generation   total 109248K, used 1131K [0x00000007a0000000, 0x00000007a8000000, 0x00000007a8000000)
  eden space 87424K,   0% used [0x00000007a0000000, 0x00000007a0000000, 0x00000007a5560000)
  from space 21824K,   5% used [0x00000007a5560000, 0x00000007a567ac88, 0x00000007a6ab0000)
  to   space 21824K,   0% used [0x00000007a6ab0000, 0x00000007a6ab0000, 0x00000007a8000000)
 concurrent mark-sweep generation total 393216K, used 39899K [0x00000007a8000000, 0x00000007c0000000, 0x00000007c0000000)
 Metaspace       used 37481K, capacity 37996K, committed 38396K, reserved 1083392K
  class space    used 4078K, capacity 4240K, committed 4348K, reserved 1048576K
}
2017-06-09T17:09:33.916-0100: 25725.868: Total time for which application threads were stopped: 0.0038804 seconds, Stopping threads took: 0.0000237 seconds
{Heap before GC invocations=78 (full 3):
 par new generation   total 109248K, used 88555K [0x00000007a0000000, 0x00000007a8000000, 0x00000007a8000000)
  eden space 87424K, 100% used [0x00000007a0000000, 0x00000007a5560000, 0x00000007a5560000)
  from space 21824K,   5% used [0x00000007a5560000, 0x00000007a567ac88, 0x00000007a6ab0000)
  to   space 21824K,   0% used [0x00000007a6ab0000, 0x00000007a6ab0000, 0x00000007a8000000)
 concurrent mark-sweep generation total 393216K, used 39899K [0x00000007a8000000, 0x00000007c0000000, 0x00000007c0000000)
 Metaspace       used 37481K, capacity 37996K, committed 38396K, reserved 1083392K
  class space    used 4078K, capacity 4240K, committed 4348K, reserved 1048576K
2017-06-09T17:09:34.792-0100: 25726.745: [GC (Allocation Failure) 2017-06-09T17:09:34.792-0100: 25726.745: [ParNew
Desired survivor size 20112992 bytes, new threshold 8 (max 8)
- age   1:     582664 bytes,     582664 total
- age   2:     109248 bytes,     691912 total
- age   3:      52088 bytes,     744000 total
- age   4:      41976 bytes,     785976 total
- age   5:      36248 bytes,     822224 total
- age   6:      38816 bytes,     861040 total
- age   7:      49696 bytes,     910736 total
- age   8:      43616 bytes,     954352 total
: 88555K->1209K(109248K), 0.0037728 secs] 128454K->41161K(502464K), 0.0038524 secs] [Times: user=0.01 sys=0.00, real=0.00 secs] 
Heap after GC invocations=79 (full 3):
 par new generation   total 109248K, used 1209K [0x00000007a0000000, 0x00000007a8000000, 0x00000007a8000000)
  eden space 87424K,   0% used [0x00000007a0000000, 0x00000007a0000000, 0x00000007a5560000)
  from space 21824K,   5% used [0x00000007a6ab0000, 0x00000007a6bde6e8, 0x00000007a8000000)
  to   space 21824K,   0% used [0x00000007a5560000, 0x00000007a5560000, 0x00000007a6ab0000)
 concurrent mark-sweep generation total 393216K, used 39951K [0x00000007a8000000, 0x00000007c0000000, 0x00000007c0000000)
 Metaspace       used 37481K, capacity 37996K, committed 38396K, reserved 1083392K
  class space    used 4078K, capacity 4240K, committed 4348K, reserved 1048576K
}
2017-06-09T17:09:34.796-0100: 25726.748: Total time for which application threads were stopped: 0.0041019 seconds, Stopping threads took: 0.0000232 seconds
2017-06-09T17:09:35.534-0100: 25727.486: Total time for which application threads were stopped: 0.0000981 seconds, Stopping threads took: 0.0000166 seconds
{Heap before GC invocations=79 (full 3):
 par new generation   total 109248K, used 88633K [0x00000007a0000000, 0x00000007a8000000, 0x00000007a8000000)
  eden space 87424K, 100% used [0x00000007a0000000, 0x00000007a5560000, 0x00000007a5560000)
  from space 21824K,   5% used [0x00000007a6ab0000, 0x00000007a6bde6e8, 0x00000007a8000000)
  to   space 21824K,   0% used [0x00000007a5560000, 0x00000007a5560000, 0x00000007a6ab0000)
 concurrent mark-sweep generation total 393216K, used 39951K [0x00000007a8000000, 0x00000007c0000000, 0x00000007c0000000)
 Metaspace       used 37488K, capacity 38028K, committed 38396K, reserved 1083392K
  class space    used 4079K, capacity 4272K, committed 4348K, reserved 1048576K
2017-06-09T17:09:35.637-0100: 25727.590: [GC (Allocation Failure) 2017-06-09T17:09:35.638-0100: 25727.590: [ParNew
Desired survivor size 20112992 bytes, new threshold 8 (max 8)
- age   1:     674344 bytes,     674344 total
- age   2:      33864 bytes,     708208 total
- age   3:      41944 bytes,     750152 total
- age   4:      45776 bytes,     795928 total
- age   5:      29584 bytes,     825512 total
- age   6:      35984 bytes,     861496 total
- age   7:      38496 bytes,     899992 total
- age   8:      49576 bytes,     949568 total
: 88633K->1330K(109248K), 0.0029537 secs] 128585K->41326K(502464K), 0.0030074 secs] [Times: user=0.01 sys=0.00, real=0.01 secs] 
Heap after GC invocations=80 (full 3):
 par new generation   total 109248K, used 1330K [0x00000007a0000000, 0x00000007a8000000, 0x00000007a8000000)
  eden space 87424K,   0% used [0x00000007a0000000, 0x00000007a0000000, 0x00000007a5560000)
  from space 21824K,   6% used [0x00000007a5560000, 0x00000007a56acaf0, 0x00000007a6ab0000)
  to   space 21824K,   0% used [0x00000007a6ab0000, 0x00000007a6ab0000, 0x00000007a8000000)
 concurrent mark-sweep generation total 393216K, used 39995K [0x00000007a8000000, 0x00000007c0000000, 0x00000007c0000000)
 Metaspace       used 37488K, capacity 38028K, committed 38396K, reserved 1083392K
  class space    used 4079K, capacity 4272K, committed 4348K, reserved 1048576K
}
2017-06-09T17:09:35.641-0100: 25727.593: Total time for which application threads were stopped: 0.0031833 seconds, Stopping threads took: 0.0000172 seconds
{Heap before GC invocations=80 (full 3):
 par new generation   total 109248K, used 88754K [0x00000007a0000000, 0x00000007a8000000, 0x00000007a8000000)
  eden space 87424K, 100% used [0x00000007a0000000, 0x00000007a5560000, 0x00000007a5560000)
  from space 21824K,   6% used [0x00000007a5560000, 0x00000007a56acaf0, 0x00000007a6ab0000)
  to   space 21824K,   0% used [0x00000007a6ab0000, 0x00000007a6ab0000, 0x00000007a8000000)
 concurrent mark-sweep generation total 393216K, used 39995K [0x00000007a8000000, 0x00000007c0000000, 0x00000007c0000000)
 Metaspace       used 37488K, capacity 38028K, committed 38396K, reserved 1083392K
  class space    used 4079K, capacity 4272K, committed 4348K, reserved 1048576K
2017-06-09T17:09:36.415-0100: 25728.367: [GC (Allocation Failure) 2017-06-09T17:09:36.415-0100: 25728.367: [ParNew
Desired survivor size 20112992 bytes, new threshold 8 (max 8)
- age   1:     675008 bytes,     675008 total
- age   2:      51288 bytes,     726296 total
- age   3:      27488 bytes,     753784 total
- age   4:      40528 bytes,     794312 total
- age   5:      33680 bytes,     827992 total
- age   6:      28272 bytes,     856264 total
- age   7:      35696 bytes,     891960 total
- age   8:      38352 bytes,     930312 total
: 88754K->1115K(109248K), 0.0033855 secs] 128750K->41159K(502464K), 0.0034495 secs] [Times: user=0.00 sys=0.00, real=0.00 secs] 
Heap after GC invocations=81 (full 3):
 par new generation   total 109248K, used 1115K [0x00000007a0000000, 0x00000007a8000000, 0x00000007a8000000)
  eden space 87424K,   0% used [0x00000007a0000000, 0x00000007a0000000, 0x00000007a5560000)
  from space 21824K,   5% used [0x00000007a6ab0000, 0x00000007a6bc6ca0, 0x00000007a8000000)
  to   space 21824K,   0% used [0x00000007a5560000, 0x00000007a5560000, 0x00000007a6ab0000)
 concurrent mark-sweep generation total 393216K, used 40044K [0x00000007a8000000, 0x00000007c0000000, 0x00000007c0000000)
 Metaspace       used 37488K, capacity 38028K, committed 38396K, reserved 1083392K
  class space    used 4079K, capacity 4272K, committed 4348K, reserved 1048576K
}
2017-06-09T17:09:36.419-0100: 25728.371: Total time for which application threads were stopped: 0.0036272 seconds, Stopping threads took: 0.0000170 seconds
{Heap before GC invocations=81 (full 3):
 par new generation   total 109248K, used 88539K [0x00000007a0000000, 0x00000007a8000000, 0x00000007a8000000)
  eden space 87424K, 100% used [0x00000007a0000000, 0x00000007a5560000, 0x00000007a5560000)
  from space 21824K,   5% used [0x00000007a6ab0000, 0x00000007a6bc6ca0, 0x00000007a8000000)
  to   space 21824K,   0% used [0x00000007a5560000, 0x00000007a5560000, 0x00000007a6ab0000)
 concurrent mark-sweep generation total 393216K, used 40044K [0x00000007a8000000, 0x00000007c0000000, 0x00000007c0000000)
 Metaspace       used 37488K, capacity 38028K, committed 38396K, reserved 1083392K
  class space    used 4079K, capacity 4272K, committed 4348K, reserved 1048576K
2017-06-09T17:09:37.363-0100: 25729.315: [GC (Allocation Failure) 2017-06-09T17:09:37.363-0100: 25729.315: [ParNew
Desired survivor size 20112992 bytes, new threshold 8 (max 8)
- age   1:     677280 bytes,     677280 total
- age   2:      33808 bytes,     711088 total
- age   3:      21184 bytes,     732272 total
- age   4:      27320 bytes,     759592 total
- age   5:      28248 bytes,     787840 total
- age   6:      33416 bytes,     821256 total
- age   7:      28008 bytes,     849264 total
- age   8:      35504 bytes,     884768 total
: 88539K->1006K(109248K), 0.0034254 secs] 128583K->41089K(502464K), 0.0034864 secs] [Times: user=0.01 sys=0.00, real=0.00 secs] 
Heap after GC invocations=82 (full 3):
 par new generation   total 109248K, used 1006K [0x00000007a0000000, 0x00000007a8000000, 0x00000007a8000000)
  eden space 87424K,   0% used [0x00000007a0000000, 0x00000007a0000000, 0x00000007a5560000)
  from space 21824K,   4% used [0x00000007a5560000, 0x00000007a565ba90, 0x00000007a6ab0000)
  to   space 21824K,   0% used [0x00000007a6ab0000, 0x00000007a6ab0000, 0x00000007a8000000)
 concurrent mark-sweep generation total 393216K, used 40082K [0x00000007a8000000, 0x00000007c0000000, 0x00000007c0000000)
 Metaspace       used 37488K, capacity 38028K, committed 38396K, reserved 1083392K
  class space    used 4079K, capacity 4272K, committed 4348K, reserved 1048576K
}
2017-06-09T17:09:37.366-0100: 25729.318: Total time for which application threads were stopped: 0.0036857 seconds, Stopping threads took: 0.0000168 seconds
{Heap before GC invocations=82 (full 3):
 par new generation   total 109248K, used 88430K [0x00000007a0000000, 0x00000007a8000000, 0x00000007a8000000)
  eden space 87424K, 100% used [0x00000007a0000000, 0x00000007a5560000, 0x00000007a5560000)
  from space 21824K,   4% used [0x00000007a5560000, 0x00000007a565ba90, 0x00000007a6ab0000)
  to   space 21824K,   0% used [0x00000007a6ab0000, 0x00000007a6ab0000, 0x00000007a8000000)
 concurrent mark-sweep generation total 393216K, used 40082K [0x00000007a8000000, 0x00000007c0000000, 0x00000007c0000000)
 Metaspace       used 37488K, capacity 38028K, committed 38396K, reserved 1083392K
  class space    used 4079K, capacity 4272K, committed 4348K, reserved 1048576K
2017-06-09T17:09:38.325-0100: 25730.277: [GC (Allocation Failure) 2017-06-09T17:09:38.325-0100: 25730.277: [ParNew
Desired survivor size 20112992 bytes, new threshold 8 (max 8)
- age   1:     675472 bytes,     675472 total
- age   2:      50256 bytes,     725728 total
- age   3:      16864 bytes,     742592 total
- age   4:      21056 bytes,     763648 total
- age   5:      27000 bytes,     790648 total
- age   6:      28152 bytes,     818800 total
- age   7:      33248 bytes,     852048 total
- age   8:      27792 bytes,     879840 total
: 88430K->1274K(109248K), 0.0033191 secs] 128513K->41392K(502464K), 0.0033884 secs] [Times: user=0.01 sys=0.00, real=0.00 secs] 
Heap after GC invocations=83 (full 3):
 par new generation   total 109248K, used 1274K [0x00000007a0000000, 0x00000007a8000000, 0x00000007a8000000)
  eden space 87424K,   0% used [0x00000007a0000000, 0x00000007a0000000, 0x00000007a5560000)
  from space 21824K,   5% used [0x00000007a6ab0000, 0x00000007a6bee840, 0x00000007a8000000)
  to   space 21824K,   0% used [0x00000007a5560000, 0x00000007a5560000, 0x00000007a6ab0000)
 concurrent mark-sweep generation total 393216K, used 40118K [0x00000007a8000000, 0x00000007c0000000, 0x00000007c0000000)
 Metaspace       used 37488K, capacity 38028K, committed 38396K, reserved 1083392K
  class space    used 4079K, capacity 4272K, committed 4348K, reserved 1048576K
}
2017-06-09T17:09:38.329-0100: 25730.281: Total time for which application threads were stopped: 0.0035742 seconds, Stopping threads took: 0.0000190 seconds
{Heap before GC invocations=83 (full 3):
 par new generation   total 109248K, used 88698K [0x00000007a0000000, 0x00000007a8000000, 0x00000007a8000000)
  eden space 87424K, 100% used [0x00000007a0000000, 0x00000007a5560000, 0x00000007a5560000)
  from space 21824K,   5% used [0x00000007a6ab0000, 0x00000007a6bee840, 0x00000007a8000000)
  to   space 21824K,   0% used [0x00000007a5560000, 0x00000007a5560000, 0x00000007a6ab0000)
 concurrent mark-sweep generation total 393216K, used 40118K [0x00000007a8000000, 0x00000007c0000000, 0x00000007c0000000)
 Metaspace       used 37488K, capacity 38028K, committed 38396K, reserved 1083392K
  class space    used 4079K, capacity 4272K, committed 4348K, reserved 1048576K
2017-06-09T17:09:39.233-0100: 25731.186: [GC (Allocation Failure) 2017-06-09T17:09:39.233-0100: 25731.186: [ParNew
Desired survivor size 20112992 bytes, new threshold 8 (max 8)
- age   1:     626760 bytes,     626760 total
- age   2:      28288 bytes,     655048 total
- age   3:      16792 bytes,     671840 total
- age   4:      16768 bytes,     688608 total
- age   5:      20912 bytes,     709520 total
- age   6:      26808 bytes,     736328 total
- age   7:      27984 bytes,     764312 total
- age   8:      33032 bytes,     797344 total
: 88698K->1202K(109248K), 0.0030257 secs] 128816K->41348K(502464K), 0.0030760 secs] [Times: user=0.00 sys=0.00, real=0.00 secs] 
Heap after GC invocations=84 (full 3):
 par new generation   total 109248K, used 1202K [0x00000007a0000000, 0x00000007a8000000, 0x00000007a8000000)
  eden space 87424K,   0% used [0x00000007a0000000, 0x00000007a0000000, 0x00000007a5560000)
  from space 21824K,   5% used [0x00000007a5560000, 0x00000007a568cb10, 0x00000007a6ab0000)
  to   space 21824K,   0% used [0x00000007a6ab0000, 0x00000007a6ab0000, 0x00000007a8000000)
 concurrent mark-sweep generation total 393216K, used 40145K [0x00000007a8000000, 0x00000007c0000000, 0x00000007c0000000)
 Metaspace       used 37488K, capacity 38028K, committed 38396K, reserved 1083392K
  class space    used 4079K, capacity 4272K, committed 4348K, reserved 1048576K
}
2017-06-09T17:09:39.237-0100: 25731.189: Total time for which application threads were stopped: 0.0032262 seconds, Stopping threads took: 0.0000178 seconds
{Heap before GC invocations=84 (full 3):
 par new generation   total 109248K, used 88626K [0x00000007a0000000, 0x00000007a8000000, 0x00000007a8000000)
  eden space 87424K, 100% used [0x00000007a0000000, 0x00000007a5560000, 0x00000007a5560000)
  from space 21824K,   5% used [0x00000007a5560000, 0x00000007a568cb10, 0x00000007a6ab0000)
  to   space 21824K,   0% used [0x00000007a6ab0000, 0x00000007a6ab0000, 0x00000007a8000000)
 concurrent mark-sweep generation total 393216K, used 40145K [0x00000007a8000000, 0x00000007c0000000, 0x00000007c0000000)
 Metaspace       used 37488K, capacity 38028K, committed 38396K, reserved 1083392K
  class space    used 4079K, capacity 4272K, committed 4348K, reserved 1048576K
2017-06-09T17:09:40.079-0100: 25732.032: [GC (Allocation Failure) 2017-06-09T17:09:40.079-0100: 25732.032: [ParNew
Desired survivor size 20112992 bytes, new threshold 8 (max 8)
- age   1:     633352 bytes,     633352 total
- age   2:      66560 bytes,     699912 total
- age   3:      12488 bytes,     712400 total
- age   4:      15368 bytes,     727768 total
- age   5:      16672 bytes,     744440 total
- age   6:      20864 bytes,     765304 total
- age   7:      26784 bytes,     792088 total
- age   8:      27912 bytes,     820000 total
: 88626K->984K(109248K), 0.0033240 secs] 128772K->41163K(502464K), 0.0033954 secs] [Times: user=0.01 sys=0.00, real=0.01 secs] 
Heap after GC invocations=85 (full 3):
 par new generation   total 109248K, used 984K [0x00000007a0000000, 0x00000007a8000000, 0x00000007a8000000)
  eden space 87424K,   0% used [0x00000007a0000000, 0x00000007a0000000, 0x00000007a5560000)
  from space 21824K,   4% used [0x00000007a6ab0000, 0x00000007a6ba63c0, 0x00000007a8000000)
  to   space 21824K,   0% used [0x00000007a5560000, 0x00000007a5560000, 0x00000007a6ab0000)
 concurrent mark-sweep generation total 393216K, used 40178K [0x00000007a8000000, 0x00000007c0000000, 0x00000007c0000000)
 Metaspace       used 37488K, capacity 38028K, committed 38396K, reserved 1083392K
  class space    used 4079K, capacity 4272K, committed 4348K, reserved 1048576K
}
2017-06-09T17:09:40.083-0100: 25732.035: Total time for which application threads were stopped: 0.0035699 seconds, Stopping threads took: 0.0000188 seconds
{Heap before GC invocations=85 (full 3):
 par new generation   total 109248K, used 88408K [0x00000007a0000000, 0x00000007a8000000, 0x00000007a8000000)
  eden space 87424K, 100% used [0x00000007a0000000, 0x00000007a5560000, 0x00000007a5560000)
  from space 21824K,   4% used [0x00000007a6ab0000, 0x00000007a6ba63c0, 0x00000007a8000000)
  to   space 21824K,   0% used [0x00000007a5560000, 0x00000007a5560000, 0x00000007a6ab0000)
 concurrent mark-sweep generation total 393216K, used 40178K [0x00000007a8000000, 0x00000007c0000000, 0x00000007c0000000)
 Metaspace       used 37488K, capacity 38028K, committed 38396K, reserved 1083392K
  class space    used 4079K, capacity 4272K, committed 4348K, reserved 1048576K
2017-06-09T17:09:40.930-0100: 25732.882: [GC (Allocation Failure) 2017-06-09T17:09:40.930-0100: 25732.882: [ParNew
Desired survivor size 20112992 bytes, new threshold 8 (max 8)
- age   1:     627992 bytes,     627992 total
- age   2:      62552 bytes,     690544 total
- age   3:      34104 bytes,     724648 total
- age   4:      12368 bytes,     737016 total
- age   5:      15320 bytes,     752336 total
- age   6:      16592 bytes,     768928 total
- age   7:      20600 bytes,     789528 total
- age   8:      26592 bytes,     816120 total
: 88408K->1194K(109248K), 0.0033196 secs] 128587K->41400K(502464K), 0.0033883 secs] [Times: user=0.01 sys=0.01, real=0.00 secs] 
Heap after GC invocations=86 (full 3):
 par new generation   total 109248K, used 1194K [0x00000007a0000000, 0x00000007a8000000, 0x00000007a8000000)
  eden space 87424K,   0% used [0x00000007a0000000, 0x00000007a0000000, 0x00000007a5560000)
  from space 21824K,   5% used [0x00000007a5560000, 0x00000007a568aad0, 0x00000007a6ab0000)
  to   space 21824K,   0% used [0x00000007a6ab0000, 0x00000007a6ab0000, 0x00000007a8000000)
 concurrent mark-sweep generation total 393216K, used 40205K [0x00000007a8000000, 0x00000007c0000000, 0x00000007c0000000)
 Metaspace       used 37488K, capacity 38028K, committed 38396K, reserved 1083392K
  class space    used 4079K, capacity 4272K, committed 4348K, reserved 1048576K
}
2017-06-09T17:09:40.934-0100: 25732.886: Total time for which application threads were stopped: 0.0035562 seconds, Stopping threads took: 0.0000174 seconds
2017-06-09T17:16:22.105-0100: 26134.054: Total time for which application threads were stopped: 0.0002122 seconds, Stopping threads took: 0.0000331 seconds
2017-06-09T17:16:22.105-0100: 26134.054: Total time for which application threads were stopped: 0.0001134 seconds, Stopping threads took: 0.0000275 seconds
2017-06-09T17:16:22.115-0100: 26134.063: Total time for which application threads were stopped: 0.0001801 seconds, Stopping threads took: 0.0000344 seconds
2017-06-09T17:16:22.115-0100: 26134.064: Total time for which application threads were stopped: 0.0000780 seconds, Stopping threads took: 0.0000112 seconds
2017-06-09T17:16:30.479-0100: 26142.427: Total time for which application threads were stopped: 0.0001382 seconds, Stopping threads took: 0.0000302 seconds
2017-06-09T17:16:30.486-0100: 26142.435: Total time for which application threads were stopped: 0.0001622 seconds, Stopping threads took: 0.0000197 seconds
2017-06-09T17:16:30.487-0100: 26142.435: Total time for which application threads were stopped: 0.0000760 seconds, Stopping threads took: 0.0000099 seconds
2017-06-09T17:16:31.489-0100: 26143.438: Total time for which application threads were stopped: 0.0001113 seconds, Stopping threads took: 0.0000233 seconds
2017-06-09T17:16:31.506-0100: 26143.454: Total time for which application threads were stopped: 0.0001299 seconds, Stopping threads took: 0.0000233 seconds
2017-06-09T17:16:31.506-0100: 26143.454: Total time for which application threads were stopped: 0.0000751 seconds, Stopping threads took: 0.0000113 seconds
2017-06-09T17:16:31.506-0100: 26143.455: Total time for which application threads were stopped: 0.0000493 seconds, Stopping threads took: 0.0000074 seconds
2017-06-09T17:16:31.506-0100: 26143.455: Total time for which application threads were stopped: 0.0001467 seconds, Stopping threads took: 0.0000214 seconds
2017-06-09T17:16:31.506-0100: 26143.455: Total time for which application threads were stopped: 0.0000537 seconds, Stopping threads took: 0.0000078 seconds
2017-06-09T17:16:32.233-0100: 26144.182: Total time for which application threads were stopped: 0.0001994 seconds, Stopping threads took: 0.0000258 seconds
2017-06-09T17:16:32.234-0100: 26144.182: Total time for which application threads were stopped: 0.0000933 seconds, Stopping threads took: 0.0000125 seconds
2017-06-09T17:16:32.234-0100: 26144.182: Total time for which application threads were stopped: 0.0000989 seconds, Stopping threads took: 0.0000214 seconds
2017-06-09T17:16:32.234-0100: 26144.183: Total time for which application threads were stopped: 0.0000755 seconds, Stopping threads took: 0.0000110 seconds
2017-06-09T17:16:32.234-0100: 26144.183: Total time for which application threads were stopped: 0.0000810 seconds, Stopping threads took: 0.0000249 seconds
2017-06-09T17:16:32.235-0100: 26144.183: Total time for which application threads were stopped: 0.0001176 seconds, Stopping threads took: 0.0000544 seconds
2017-06-09T17:16:32.235-0100: 26144.183: Total time for which application threads were stopped: 0.0001179 seconds, Stopping threads took: 0.0000593 seconds
2017-06-09T17:16:32.235-0100: 26144.184: Total time for which application threads were stopped: 0.0001116 seconds, Stopping threads took: 0.0000587 seconds
2017-06-09T17:16:32.235-0100: 26144.184: Total time for which application threads were stopped: 0.0000832 seconds, Stopping threads took: 0.0000265 seconds
2017-06-09T17:16:32.236-0100: 26144.184: Total time for which application threads were stopped: 0.0000618 seconds, Stopping threads took: 0.0000168 seconds
2017-06-09T17:16:32.236-0100: 26144.184: Total time for which application threads were stopped: 0.0000836 seconds, Stopping threads took: 0.0000331 seconds
2017-06-09T17:16:32.236-0100: 26144.185: Total time for which application threads were stopped: 0.0000728 seconds, Stopping threads took: 0.0000227 seconds
2017-06-09T17:16:32.236-0100: 26144.185: Total time for which application threads were stopped: 0.0000649 seconds, Stopping threads took: 0.0000225 seconds
2017-06-09T17:16:32.237-0100: 26144.185: Total time for which application threads were stopped: 0.0001196 seconds, Stopping threads took: 0.0000321 seconds
2017-06-09T17:16:32.237-0100: 26144.186: Total time for which application threads were stopped: 0.0001022 seconds, Stopping threads took: 0.0000410 seconds
2017-06-09T17:16:32.245-0100: 26144.193: Total time for which application threads were stopped: 0.0001858 seconds, Stopping threads took: 0.0000447 seconds
2017-06-09T17:16:32.245-0100: 26144.194: Total time for which application threads were stopped: 0.0001013 seconds, Stopping threads took: 0.0000340 seconds
2017-06-09T17:16:32.254-0100: 26144.203: Total time for which application threads were stopped: 0.0001349 seconds, Stopping threads took: 0.0000245 seconds
2017-06-09T17:16:32.254-0100: 26144.203: Total time for which application threads were stopped: 0.0000759 seconds, Stopping threads took: 0.0000083 seconds
2017-06-09T17:16:33.255-0100: 26145.204: Total time for which application threads were stopped: 0.0001026 seconds, Stopping threads took: 0.0000230 seconds
2017-06-09T17:16:45.515-0100: 26157.464: Total time for which application threads were stopped: 0.0001025 seconds, Stopping threads took: 0.0000180 seconds
2017-06-09T17:16:45.515-0100: 26157.464: Total time for which application threads were stopped: 0.0000550 seconds, Stopping threads took: 0.0000081 seconds
2017-06-09T17:16:45.515-0100: 26157.464: Total time for which application threads were stopped: 0.0000773 seconds, Stopping threads took: 0.0000099 seconds
{Heap before GC invocations=86 (full 3):
 par new generation   total 109248K, used 88618K [0x00000007a0000000, 0x00000007a8000000, 0x00000007a8000000)
  eden space 87424K, 100% used [0x00000007a0000000, 0x00000007a5560000, 0x00000007a5560000)
  from space 21824K,   5% used [0x00000007a5560000, 0x00000007a568aad0, 0x00000007a6ab0000)
  to   space 21824K,   0% used [0x00000007a6ab0000, 0x00000007a6ab0000, 0x00000007a8000000)
 concurrent mark-sweep generation total 393216K, used 40205K [0x00000007a8000000, 0x00000007c0000000, 0x00000007c0000000)
 Metaspace       used 37496K, capacity 38028K, committed 38396K, reserved 1083392K
  class space    used 4079K, capacity 4272K, committed 4348K, reserved 1048576K
2017-06-09T17:17:14.280-0100: 26186.228: [GC (Allocation Failure) 2017-06-09T17:17:14.280-0100: 26186.228: [ParNew
Desired survivor size 20112992 bytes, new threshold 8 (max 8)
- age   1:    4737360 bytes,    4737360 total
- age   2:     295072 bytes,    5032432 total
- age   3:      28760 bytes,    5061192 total
- age   4:      32888 bytes,    5094080 total
- age   5:      12296 bytes,    5106376 total
- age   6:      15296 bytes,    5121672 total
- age   7:      16544 bytes,    5138216 total
- age   8:      20576 bytes,    5158792 total
: 88618K->5210K(109248K), 0.0036055 secs] 128824K->45442K(502464K), 0.0036635 secs] [Times: user=0.01 sys=0.00, real=0.00 secs] 
Heap after GC invocations=87 (full 3):
 par new generation   total 109248K, used 5210K [0x00000007a0000000, 0x00000007a8000000, 0x00000007a8000000)
  eden space 87424K,   0% used [0x00000007a0000000, 0x00000007a0000000, 0x00000007a5560000)
  from space 21824K,  23% used [0x00000007a6ab0000, 0x00000007a6fc6918, 0x00000007a8000000)
  to   space 21824K,   0% used [0x00000007a5560000, 0x00000007a5560000, 0x00000007a6ab0000)
 concurrent mark-sweep generation total 393216K, used 40232K [0x00000007a8000000, 0x00000007c0000000, 0x00000007c0000000)
 Metaspace       used 37496K, capacity 38028K, committed 38396K, reserved 1083392K
  class space    used 4079K, capacity 4272K, committed 4348K, reserved 1048576K
}
2017-06-09T17:17:14.283-0100: 26186.232: Total time for which application threads were stopped: 0.0039220 seconds, Stopping threads took: 0.0000357 seconds
{Heap before GC invocations=87 (full 3):
 par new generation   total 109248K, used 92634K [0x00000007a0000000, 0x00000007a8000000, 0x00000007a8000000)
  eden space 87424K, 100% used [0x00000007a0000000, 0x00000007a5560000, 0x00000007a5560000)
  from space 21824K,  23% used [0x00000007a6ab0000, 0x00000007a6fc6918, 0x00000007a8000000)
  to   space 21824K,   0% used [0x00000007a5560000, 0x00000007a5560000, 0x00000007a6ab0000)
 concurrent mark-sweep generation total 393216K, used 40232K [0x00000007a8000000, 0x00000007c0000000, 0x00000007c0000000)
 Metaspace       used 37496K, capacity 38028K, committed 38396K, reserved 1083392K
  class space    used 4079K, capacity 4272K, committed 4348K, reserved 1048576K
2017-06-09T17:17:14.488-0100: 26186.436: [GC (Allocation Failure) 2017-06-09T17:17:14.488-0100: 26186.436: [ParNew
Desired survivor size 20112992 bytes, new threshold 8 (max 8)
- age   1:    8371120 bytes,    8371120 total
- age   2:    3025432 bytes,   11396552 total
- age   3:     295072 bytes,   11691624 total
- age   4:      28760 bytes,   11720384 total
- age   5:      32888 bytes,   11753272 total
- age   6:      12296 bytes,   11765568 total
- age   7:      15296 bytes,   11780864 total
- age   8:      16544 bytes,   11797408 total
: 92634K->12409K(109248K), 0.0045496 secs] 132866K->52662K(502464K), 0.0046141 secs] [Times: user=0.01 sys=0.00, real=0.01 secs] 
Heap after GC invocations=88 (full 3):
 par new generation   total 109248K, used 12409K [0x00000007a0000000, 0x00000007a8000000, 0x00000007a8000000)
  eden space 87424K,   0% used [0x00000007a0000000, 0x00000007a0000000, 0x00000007a5560000)
  from space 21824K,  56% used [0x00000007a5560000, 0x00000007a617e570, 0x00000007a6ab0000)
  to   space 21824K,   0% used [0x00000007a6ab0000, 0x00000007a6ab0000, 0x00000007a8000000)
 concurrent mark-sweep generation total 393216K, used 40252K [0x00000007a8000000, 0x00000007c0000000, 0x00000007c0000000)
 Metaspace       used 37496K, capacity 38028K, committed 38396K, reserved 1083392K
  class space    used 4079K, capacity 4272K, committed 4348K, reserved 1048576K
}
2017-06-09T17:17:14.493-0100: 26186.441: Total time for which application threads were stopped: 0.0047890 seconds, Stopping threads took: 0.0000178 seconds
{Heap before GC invocations=88 (full 3):
 par new generation   total 109248K, used 99833K [0x00000007a0000000, 0x00000007a8000000, 0x00000007a8000000)
  eden space 87424K, 100% used [0x00000007a0000000, 0x00000007a5560000, 0x00000007a5560000)
  from space 21824K,  56% used [0x00000007a5560000, 0x00000007a617e570, 0x00000007a6ab0000)
  to   space 21824K,   0% used [0x00000007a6ab0000, 0x00000007a6ab0000, 0x00000007a8000000)
 concurrent mark-sweep generation total 393216K, used 40252K [0x00000007a8000000, 0x00000007c0000000, 0x00000007c0000000)
 Metaspace       used 37496K, capacity 38028K, committed 38396K, reserved 1083392K
  class space    used 4079K, capacity 4272K, committed 4348K, reserved 1048576K
2017-06-09T17:17:14.737-0100: 26186.685: [GC (Allocation Failure) 2017-06-09T17:17:14.737-0100: 26186.685: [ParNew
Desired survivor size 20112992 bytes, new threshold 8 (max 8)
- age   1:   10077760 bytes,   10077760 total
- age   2:    4558496 bytes,   14636256 total
- age   3:    3027200 bytes,   17663456 total
- age   4:     295072 bytes,   17958528 total
- age   5:      28760 bytes,   17987288 total
- age   6:      32888 bytes,   18020176 total
- age   7:      12296 bytes,   18032472 total
- age   8:      15296 bytes,   18047768 total
: 99833K->20161K(109248K), 0.0059375 secs] 140086K->60430K(502464K), 0.0060144 secs] [Times: user=0.02 sys=0.00, real=0.01 secs] 
Heap after GC invocations=89 (full 3):
 par new generation   total 109248K, used 20161K [0x00000007a0000000, 0x00000007a8000000, 0x00000007a8000000)
  eden space 87424K,   0% used [0x00000007a0000000, 0x00000007a0000000, 0x00000007a5560000)
  from space 21824K,  92% used [0x00000007a6ab0000, 0x00000007a7e605e0, 0x00000007a8000000)
  to   space 21824K,   0% used [0x00000007a5560000, 0x00000007a5560000, 0x00000007a6ab0000)
 concurrent mark-sweep generation total 393216K, used 40269K [0x00000007a8000000, 0x00000007c0000000, 0x00000007c0000000)
 Metaspace       used 37496K, capacity 38028K, committed 38396K, reserved 1083392K
  class space    used 4079K, capacity 4272K, committed 4348K, reserved 1048576K
}
2017-06-09T17:17:14.743-0100: 26186.691: Total time for which application threads were stopped: 0.0061989 seconds, Stopping threads took: 0.0000205 seconds
{Heap before GC invocations=89 (full 3):
 par new generation   total 109248K, used 107585K [0x00000007a0000000, 0x00000007a8000000, 0x00000007a8000000)
  eden space 87424K, 100% used [0x00000007a0000000, 0x00000007a5560000, 0x00000007a5560000)
  from space 21824K,  92% used [0x00000007a6ab0000, 0x00000007a7e605e0, 0x00000007a8000000)
  to   space 21824K,   0% used [0x00000007a5560000, 0x00000007a5560000, 0x00000007a6ab0000)
 concurrent mark-sweep generation total 393216K, used 40269K [0x00000007a8000000, 0x00000007c0000000, 0x00000007c0000000)
 Metaspace       used 37496K, capacity 38028K, committed 38396K, reserved 1083392K
  class space    used 4079K, capacity 4272K, committed 4348K, reserved 1048576K
2017-06-09T17:17:14.993-0100: 26186.942: [GC (Allocation Failure) 2017-06-09T17:17:14.993-0100: 26186.942: [ParNew
Desired survivor size 20112992 bytes, new threshold 4 (max 8)
- age   1:    9041728 bytes,    9041728 total
- age   2:    4793144 bytes,   13834872 total
- age   3:    4227912 bytes,   18062784 total
- age   4:    3025720 bytes,   21088504 total
- age   5:     295072 bytes,   21383576 total
- age   6:      28760 bytes,   21412336 total
- age   7:      32888 bytes,   21445224 total
- age   8:      12296 bytes,   21457520 total
: 107585K->21824K(109248K), 0.0079285 secs] 147854K->64334K(502464K), 0.0080004 secs] [Times: user=0.02 sys=0.00, real=0.01 secs] 
Heap after GC invocations=90 (full 3):
 par new generation   total 109248K, used 21824K [0x00000007a0000000, 0x00000007a8000000, 0x00000007a8000000)
  eden space 87424K,   0% used [0x00000007a0000000, 0x00000007a0000000, 0x00000007a5560000)
  from space 21824K, 100% used [0x00000007a5560000, 0x00000007a6ab0000, 0x00000007a6ab0000)
  to   space 21824K,   0% used [0x00000007a6ab0000, 0x00000007a6ab0000, 0x00000007a8000000)
 concurrent mark-sweep generation total 393216K, used 42510K [0x00000007a8000000, 0x00000007c0000000, 0x00000007c0000000)
 Metaspace       used 37496K, capacity 38028K, committed 38396K, reserved 1083392K
  class space    used 4079K, capacity 4272K, committed 4348K, reserved 1048576K
}
2017-06-09T17:17:15.001-0100: 26186.950: Total time for which application threads were stopped: 0.0081870 seconds, Stopping threads took: 0.0000196 seconds
{Heap before GC invocations=90 (full 3):
 par new generation   total 109248K, used 109248K [0x00000007a0000000, 0x00000007a8000000, 0x00000007a8000000)
  eden space 87424K, 100% used [0x00000007a0000000, 0x00000007a5560000, 0x00000007a5560000)
  from space 21824K, 100% used [0x00000007a5560000, 0x00000007a6ab0000, 0x00000007a6ab0000)
  to   space 21824K,   0% used [0x00000007a6ab0000, 0x00000007a6ab0000, 0x00000007a8000000)
 concurrent mark-sweep generation total 393216K, used 42510K [0x00000007a8000000, 0x00000007c0000000, 0x00000007c0000000)
 Metaspace       used 37496K, capacity 38028K, committed 38396K, reserved 1083392K
  class space    used 4079K, capacity 4272K, committed 4348K, reserved 1048576K
2017-06-09T17:17:15.286-0100: 26187.234: [GC (Allocation Failure) 2017-06-09T17:17:15.286-0100: 26187.234: [ParNew
Desired survivor size 20112992 bytes, new threshold 4 (max 8)
- age   1:    8698856 bytes,    8698856 total
- age   2:    4389136 bytes,   13087992 total
- age   3:    3270152 bytes,   16358144 total
- age   4:    4066032 bytes,   20424176 total
: 109248K->21824K(109248K), 0.0164929 secs] 151758K->73854K(502464K), 0.0165705 secs] [Times: user=0.04 sys=0.02, real=0.02 secs] 
Heap after GC invocations=91 (full 3):
 par new generation   total 109248K, used 21824K [0x00000007a0000000, 0x00000007a8000000, 0x00000007a8000000)
  eden space 87424K,   0% used [0x00000007a0000000, 0x00000007a0000000, 0x00000007a5560000)
  from space 21824K, 100% used [0x00000007a6ab0000, 0x00000007a8000000, 0x00000007a8000000)
  to   space 21824K,   0% used [0x00000007a5560000, 0x00000007a5560000, 0x00000007a6ab0000)
 concurrent mark-sweep generation total 393216K, used 52030K [0x00000007a8000000, 0x00000007c0000000, 0x00000007c0000000)
 Metaspace       used 37496K, capacity 38028K, committed 38396K, reserved 1083392K
  class space    used 4079K, capacity 4272K, committed 4348K, reserved 1048576K
}
2017-06-09T17:17:15.303-0100: 26187.251: Total time for which application threads were stopped: 0.0167613 seconds, Stopping threads took: 0.0000192 seconds
{Heap before GC invocations=91 (full 3):
 par new generation   total 109248K, used 109248K [0x00000007a0000000, 0x00000007a8000000, 0x00000007a8000000)
  eden space 87424K, 100% used [0x00000007a0000000, 0x00000007a5560000, 0x00000007a5560000)
  from space 21824K, 100% used [0x00000007a6ab0000, 0x00000007a8000000, 0x00000007a8000000)
  to   space 21824K,   0% used [0x00000007a5560000, 0x00000007a5560000, 0x00000007a6ab0000)
 concurrent mark-sweep generation total 393216K, used 52030K [0x00000007a8000000, 0x00000007c0000000, 0x00000007c0000000)
 Metaspace       used 37496K, capacity 38028K, committed 38396K, reserved 1083392K
  class space    used 4079K, capacity 4272K, committed 4348K, reserved 1048576K
2017-06-09T17:17:15.576-0100: 26187.524: [GC (Allocation Failure) 2017-06-09T17:17:15.576-0100: 26187.524: [ParNew
Desired survivor size 20112992 bytes, new threshold 4 (max 8)
- age   1:   10843416 bytes,   10843416 total
- age   2:    3512624 bytes,   14356040 total
- age   3:    3737936 bytes,   18093976 total
- age   4:    2750720 bytes,   20844696 total
: 109248K->21824K(109248K), 0.0146665 secs] 161278K->81645K(502464K), 0.0147257 secs] [Times: user=0.04 sys=0.01, real=0.02 secs] 
Heap after GC invocations=92 (full 3):
 par new generation   total 109248K, used 21824K [0x00000007a0000000, 0x00000007a8000000, 0x00000007a8000000)
  eden space 87424K,   0% used [0x00000007a0000000, 0x00000007a0000000, 0x00000007a5560000)
  from space 21824K, 100% used [0x00000007a5560000, 0x00000007a6ab0000, 0x00000007a6ab0000)
  to   space 21824K,   0% used [0x00000007a6ab0000, 0x00000007a6ab0000, 0x00000007a8000000)
 concurrent mark-sweep generation total 393216K, used 59821K [0x00000007a8000000, 0x00000007c0000000, 0x00000007c0000000)
 Metaspace       used 37496K, capacity 38028K, committed 38396K, reserved 1083392K
  class space    used 4079K, capacity 4272K, committed 4348K, reserved 1048576K
}
2017-06-09T17:17:15.591-0100: 26187.539: Total time for which application threads were stopped: 0.0149002 seconds, Stopping threads took: 0.0000191 seconds
{Heap before GC invocations=92 (full 3):
 par new generation   total 109248K, used 109248K [0x00000007a0000000, 0x00000007a8000000, 0x00000007a8000000)
  eden space 87424K, 100% used [0x00000007a0000000, 0x00000007a5560000, 0x00000007a5560000)
  from space 21824K, 100% used [0x00000007a5560000, 0x00000007a6ab0000, 0x00000007a6ab0000)
  to   space 21824K,   0% used [0x00000007a6ab0000, 0x00000007a6ab0000, 0x00000007a8000000)
 concurrent mark-sweep generation total 393216K, used 59821K [0x00000007a8000000, 0x00000007c0000000, 0x00000007c0000000)
 Metaspace       used 37496K, capacity 38028K, committed 38396K, reserved 1083392K
  class space    used 4079K, capacity 4272K, committed 4348K, reserved 1048576K
2017-06-09T17:17:15.858-0100: 26187.807: [GC (Allocation Failure) 2017-06-09T17:17:15.859-0100: 26187.807: [ParNew
Desired survivor size 20112992 bytes, new threshold 4 (max 8)
- age   1:   10602088 bytes,   10602088 total
- age   2:    5324992 bytes,   15927080 total
- age   3:    3053336 bytes,   18980416 total
- age   4:    3249672 bytes,   22230088 total
: 109248K->21824K(109248K), 0.0142772 secs] 169069K->88699K(502464K), 0.0143554 secs] [Times: user=0.04 sys=0.01, real=0.02 secs] 
Heap after GC invocations=93 (full 3):
 par new generation   total 109248K, used 21824K [0x00000007a0000000, 0x00000007a8000000, 0x00000007a8000000)
  eden space 87424K,   0% used [0x00000007a0000000, 0x00000007a0000000, 0x00000007a5560000)
  from space 21824K, 100% used [0x00000007a6ab0000, 0x00000007a8000000, 0x00000007a8000000)
  to   space 21824K,   0% used [0x00000007a5560000, 0x00000007a5560000, 0x00000007a6ab0000)
 concurrent mark-sweep generation total 393216K, used 66875K [0x00000007a8000000, 0x00000007c0000000, 0x00000007c0000000)
 Metaspace       used 37496K, capacity 38028K, committed 38396K, reserved 1083392K
  class space    used 4079K, capacity 4272K, committed 4348K, reserved 1048576K
}
2017-06-09T17:17:15.873-0100: 26187.821: Total time for which application threads were stopped: 0.0145434 seconds, Stopping threads took: 0.0000213 seconds
{Heap before GC invocations=93 (full 3):
 par new generation   total 109248K, used 109248K [0x00000007a0000000, 0x00000007a8000000, 0x00000007a8000000)
  eden space 87424K, 100% used [0x00000007a0000000, 0x00000007a5560000, 0x00000007a5560000)
  from space 21824K, 100% used [0x00000007a6ab0000, 0x00000007a8000000, 0x00000007a8000000)
  to   space 21824K,   0% used [0x00000007a5560000, 0x00000007a5560000, 0x00000007a6ab0000)
 concurrent mark-sweep generation total 393216K, used 66875K [0x00000007a8000000, 0x00000007c0000000, 0x00000007c0000000)
 Metaspace       used 37496K, capacity 38028K, committed 38396K, reserved 1083392K
  class space    used 4079K, capacity 4272K, committed 4348K, reserved 1048576K
2017-06-09T17:17:16.159-0100: 26188.107: [GC (Allocation Failure) 2017-06-09T17:17:16.159-0100: 26188.107: [ParNew
Desired survivor size 20112992 bytes, new threshold 4 (max 8)
- age   1:    9584752 bytes,    9584752 total
- age   2:    3804432 bytes,   13389184 total
- age   3:    5275304 bytes,   18664488 total
- age   4:    3047880 bytes,   21712368 total
: 109248K->21824K(109248K), 0.0205579 secs] 176123K->97143K(502464K), 0.0206218 secs] [Times: user=0.05 sys=0.02, real=0.03 secs] 
Heap after GC invocations=94 (full 3):
 par new generation   total 109248K, used 21824K [0x00000007a0000000, 0x00000007a8000000, 0x00000007a8000000)
  eden space 87424K,   0% used [0x00000007a0000000, 0x00000007a0000000, 0x00000007a5560000)
  from space 21824K, 100% used [0x00000007a5560000, 0x00000007a6ab0000, 0x00000007a6ab0000)
  to   space 21824K,   0% used [0x00000007a6ab0000, 0x00000007a6ab0000, 0x00000007a8000000)
 concurrent mark-sweep generation total 393216K, used 75319K [0x00000007a8000000, 0x00000007c0000000, 0x00000007c0000000)
 Metaspace       used 37496K, capacity 38028K, committed 38396K, reserved 1083392K
  class space    used 4079K, capacity 4272K, committed 4348K, reserved 1048576K
}
2017-06-09T17:17:16.180-0100: 26188.128: Total time for which application threads were stopped: 0.0208201 seconds, Stopping threads took: 0.0000218 seconds
{Heap before GC invocations=94 (full 3):
 par new generation   total 109248K, used 109248K [0x00000007a0000000, 0x00000007a8000000, 0x00000007a8000000)
  eden space 87424K, 100% used [0x00000007a0000000, 0x00000007a5560000, 0x00000007a5560000)
  from space 21824K, 100% used [0x00000007a5560000, 0x00000007a6ab0000, 0x00000007a6ab0000)
  to   space 21824K,   0% used [0x00000007a6ab0000, 0x00000007a6ab0000, 0x00000007a8000000)
 concurrent mark-sweep generation total 393216K, used 75319K [0x00000007a8000000, 0x00000007c0000000, 0x00000007c0000000)
 Metaspace       used 37496K, capacity 38028K, committed 38396K, reserved 1083392K
  class space    used 4079K, capacity 4272K, committed 4348K, reserved 1048576K
2017-06-09T17:17:16.472-0100: 26188.420: [GC (Allocation Failure) 2017-06-09T17:17:16.472-0100: 26188.420: [ParNew
Desired survivor size 20112992 bytes, new threshold 4 (max 8)
- age   1:    6970088 bytes,    6970088 total
- age   2:    4600264 bytes,   11570352 total
- age   3:    3786976 bytes,   15357328 total
- age   4:    5261712 bytes,   20619040 total
: 109248K->21824K(109248K), 0.0195755 secs] 184567K->107389K(502464K), 0.0224527 secs] [Times: user=0.05 sys=0.03, real=0.02 secs] 
Heap after GC invocations=95 (full 3):
 par new generation   total 109248K, used 21824K [0x00000007a0000000, 0x00000007a8000000, 0x00000007a8000000)
  eden space 87424K,   0% used [0x00000007a0000000, 0x00000007a0000000, 0x00000007a5560000)
  from space 21824K, 100% used [0x00000007a6ab0000, 0x00000007a8000000, 0x00000007a8000000)
  to   space 21824K,   0% used [0x00000007a5560000, 0x00000007a5560000, 0x00000007a6ab0000)
 concurrent mark-sweep generation total 393216K, used 85565K [0x00000007a8000000, 0x00000007c0000000, 0x00000007c0000000)
 Metaspace       used 37496K, capacity 38028K, committed 38396K, reserved 1083392K
  class space    used 4079K, capacity 4272K, committed 4348K, reserved 1048576K
}
2017-06-09T17:17:16.494-0100: 26188.443: Total time for which application threads were stopped: 0.0226804 seconds, Stopping threads took: 0.0000238 seconds
{Heap before GC invocations=95 (full 3):
 par new generation   total 109248K, used 109248K [0x00000007a0000000, 0x00000007a8000000, 0x00000007a8000000)
  eden space 87424K, 100% used [0x00000007a0000000, 0x00000007a5560000, 0x00000007a5560000)
  from space 21824K, 100% used [0x00000007a6ab0000, 0x00000007a8000000, 0x00000007a8000000)
  to   space 21824K,   0% used [0x00000007a5560000, 0x00000007a5560000, 0x00000007a6ab0000)
 concurrent mark-sweep generation total 393216K, used 85565K [0x00000007a8000000, 0x00000007c0000000, 0x00000007c0000000)
 Metaspace       used 37496K, capacity 38028K, committed 38396K, reserved 1083392K
  class space    used 4079K, capacity 4272K, committed 4348K, reserved 1048576K
2017-06-09T17:17:16.819-0100: 26188.767: [GC (Allocation Failure) 2017-06-09T17:17:16.819-0100: 26188.767: [ParNew
Desired survivor size 20112992 bytes, new threshold 4 (max 8)
- age   1:   12603016 bytes,   12603016 total
- age   2:    3492072 bytes,   16095088 total
- age   3:    2047328 bytes,   18142416 total
- age   4:    3706280 bytes,   21848696 total
: 109248K->21824K(109248K), 0.0211026 secs] 194813K->120553K(502464K), 0.0211630 secs] [Times: user=0.05 sys=0.02, real=0.03 secs] 
Heap after GC invocations=96 (full 3):
 par new generation   total 109248K, used 21824K [0x00000007a0000000, 0x00000007a8000000, 0x00000007a8000000)
  eden space 87424K,   0% used [0x00000007a0000000, 0x00000007a0000000, 0x00000007a5560000)
  from space 21824K, 100% used [0x00000007a5560000, 0x00000007a6ab0000, 0x00000007a6ab0000)
  to   space 21824K,   0% used [0x00000007a6ab0000, 0x00000007a6ab0000, 0x00000007a8000000)
 concurrent mark-sweep generation total 393216K, used 98729K [0x00000007a8000000, 0x00000007c0000000, 0x00000007c0000000)
 Metaspace       used 37496K, capacity 38028K, committed 38396K, reserved 1083392K
  class space    used 4079K, capacity 4272K, committed 4348K, reserved 1048576K
}
2017-06-09T17:17:16.840-0100: 26188.789: Total time for which application threads were stopped: 0.0213425 seconds, Stopping threads took: 0.0000189 seconds
{Heap before GC invocations=96 (full 3):
 par new generation   total 109248K, used 109248K [0x00000007a0000000, 0x00000007a8000000, 0x00000007a8000000)
  eden space 87424K, 100% used [0x00000007a0000000, 0x00000007a5560000, 0x00000007a5560000)
  from space 21824K, 100% used [0x00000007a5560000, 0x00000007a6ab0000, 0x00000007a6ab0000)
  to   space 21824K,   0% used [0x00000007a6ab0000, 0x00000007a6ab0000, 0x00000007a8000000)
 concurrent mark-sweep generation total 393216K, used 98729K [0x00000007a8000000, 0x00000007c0000000, 0x00000007c0000000)
 Metaspace       used 37497K, capacity 38028K, committed 38396K, reserved 1083392K
  class space    used 4079K, capacity 4272K, committed 4348K, reserved 1048576K
2017-06-09T17:17:17.133-0100: 26189.081: [GC (Allocation Failure) 2017-06-09T17:17:17.133-0100: 26189.081: [ParNew
Desired survivor size 20112992 bytes, new threshold 4 (max 8)
- age   1:    8655888 bytes,    8655888 total
- age   2:    6604008 bytes,   15259896 total
- age   3:    3487456 bytes,   18747352 total
- age   4:    2040120 bytes,   20787472 total
: 109248K->21824K(109248K), 0.0179100 secs] 207977K->129659K(502464K), 0.0179774 secs] [Times: user=0.05 sys=0.02, real=0.02 secs] 
Heap after GC invocations=97 (full 3):
 par new generation   total 109248K, used 21824K [0x00000007a0000000, 0x00000007a8000000, 0x00000007a8000000)
  eden space 87424K,   0% used [0x00000007a0000000, 0x00000007a0000000, 0x00000007a5560000)
  from space 21824K, 100% used [0x00000007a6ab0000, 0x00000007a8000000, 0x00000007a8000000)
  to   space 21824K,   0% used [0x00000007a5560000, 0x00000007a5560000, 0x00000007a6ab0000)
 concurrent mark-sweep generation total 393216K, used 107835K [0x00000007a8000000, 0x00000007c0000000, 0x00000007c0000000)
 Metaspace       used 37497K, capacity 38028K, committed 38396K, reserved 1083392K
  class space    used 4079K, capacity 4272K, committed 4348K, reserved 1048576K
}
2017-06-09T17:17:17.151-0100: 26189.099: Total time for which application threads were stopped: 0.0181569 seconds, Stopping threads took: 0.0000182 seconds
{Heap before GC invocations=97 (full 3):
 par new generation   total 109248K, used 109248K [0x00000007a0000000, 0x00000007a8000000, 0x00000007a8000000)
  eden space 87424K, 100% used [0x00000007a0000000, 0x00000007a5560000, 0x00000007a5560000)
  from space 21824K, 100% used [0x00000007a6ab0000, 0x00000007a8000000, 0x00000007a8000000)
  to   space 21824K,   0% used [0x00000007a5560000, 0x00000007a5560000, 0x00000007a6ab0000)
 concurrent mark-sweep generation total 393216K, used 107835K [0x00000007a8000000, 0x00000007c0000000, 0x00000007c0000000)
 Metaspace       used 37497K, capacity 38028K, committed 38396K, reserved 1083392K
  class space    used 4079K, capacity 4272K, committed 4348K, reserved 1048576K
2017-06-09T17:17:17.447-0100: 26189.396: [GC (Allocation Failure) 2017-06-09T17:17:17.447-0100: 26189.396: [ParNew
Desired survivor size 20112992 bytes, new threshold 4 (max 8)
- age   1:    8653640 bytes,    8653640 total
- age   2:    5619248 bytes,   14272888 total
- age   3:    4693240 bytes,   18966128 total
- age   4:    3264816 bytes,   22230944 total
: 109248K->21824K(109248K), 0.0185804 secs] 217083K->138751K(502464K), 0.0186384 secs] [Times: user=0.05 sys=0.01, real=0.02 secs] 
Heap after GC invocations=98 (full 3):
 par new generation   total 109248K, used 21824K [0x00000007a0000000, 0x00000007a8000000, 0x00000007a8000000)
  eden space 87424K,   0% used [0x00000007a0000000, 0x00000007a0000000, 0x00000007a5560000)
  from space 21824K, 100% used [0x00000007a5560000, 0x00000007a6ab0000, 0x00000007a6ab0000)
  to   space 21824K,   0% used [0x00000007a6ab0000, 0x00000007a6ab0000, 0x00000007a8000000)
 concurrent mark-sweep generation total 393216K, used 116927K [0x00000007a8000000, 0x00000007c0000000, 0x00000007c0000000)
 Metaspace       used 37497K, capacity 38028K, committed 38396K, reserved 1083392K
  class space    used 4079K, capacity 4272K, committed 4348K, reserved 1048576K
}
2017-06-09T17:17:17.466-0100: 26189.414: Total time for which application threads were stopped: 0.0188091 seconds, Stopping threads took: 0.0000189 seconds
{Heap before GC invocations=98 (full 3):
 par new generation   total 109248K, used 109248K [0x00000007a0000000, 0x00000007a8000000, 0x00000007a8000000)
  eden space 87424K, 100% used [0x00000007a0000000, 0x00000007a5560000, 0x00000007a5560000)
  from space 21824K, 100% used [0x00000007a5560000, 0x00000007a6ab0000, 0x00000007a6ab0000)
  to   space 21824K,   0% used [0x00000007a6ab0000, 0x00000007a6ab0000, 0x00000007a8000000)
 concurrent mark-sweep generation total 393216K, used 116927K [0x00000007a8000000, 0x00000007c0000000, 0x00000007c0000000)
 Metaspace       used 37497K, capacity 38028K, committed 38396K, reserved 1083392K
  class space    used 4079K, capacity 4272K, committed 4348K, reserved 1048576K
2017-06-09T17:17:17.740-0100: 26189.688: [GC (Allocation Failure) 2017-06-09T17:17:17.740-0100: 26189.689: [ParNew
Desired survivor size 20112992 bytes, new threshold 4 (max 8)
- age   1:    5869472 bytes,    5869472 total
- age   2:    6468112 bytes,   12337584 total
- age   3:    4655048 bytes,   16992632 total
- age   4:    4638624 bytes,   21631256 total
: 109248K->21824K(109248K), 0.0257646 secs] 226175K->153335K(502464K), 0.0258339 secs] [Times: user=0.05 sys=0.03, real=0.02 secs] 
Heap after GC invocations=99 (full 3):
 par new generation   total 109248K, used 21824K [0x00000007a0000000, 0x00000007a8000000, 0x00000007a8000000)
  eden space 87424K,   0% used [0x00000007a0000000, 0x00000007a0000000, 0x00000007a5560000)
  from space 21824K, 100% used [0x00000007a6ab0000, 0x00000007a8000000, 0x00000007a8000000)
  to   space 21824K,   0% used [0x00000007a5560000, 0x00000007a5560000, 0x00000007a6ab0000)
 concurrent mark-sweep generation total 393216K, used 131511K [0x00000007a8000000, 0x00000007c0000000, 0x00000007c0000000)
 Metaspace       used 37497K, capacity 38028K, committed 38396K, reserved 1083392K
  class space    used 4079K, capacity 4272K, committed 4348K, reserved 1048576K
}
2017-06-09T17:17:17.766-0100: 26189.714: Total time for which application threads were stopped: 0.0260045 seconds, Stopping threads took: 0.0000179 seconds
{Heap before GC invocations=99 (full 3):
 par new generation   total 109248K, used 109248K [0x00000007a0000000, 0x00000007a8000000, 0x00000007a8000000)
  eden space 87424K, 100% used [0x00000007a0000000, 0x00000007a5560000, 0x00000007a5560000)
  from space 21824K, 100% used [0x00000007a6ab0000, 0x00000007a8000000, 0x00000007a8000000)
  to   space 21824K,   0% used [0x00000007a5560000, 0x00000007a5560000, 0x00000007a6ab0000)
 concurrent mark-sweep generation total 393216K, used 131511K [0x00000007a8000000, 0x00000007c0000000, 0x00000007c0000000)
 Metaspace       used 37497K, capacity 38028K, committed 38396K, reserved 1083392K
  class space    used 4079K, capacity 4272K, committed 4348K, reserved 1048576K
2017-06-09T17:17:18.036-0100: 26189.984: [GC (Allocation Failure) 2017-06-09T17:17:18.036-0100: 26189.984: [ParNew
Desired survivor size 20112992 bytes, new threshold 4 (max 8)
- age   1:   10486744 bytes,   10486744 total
- age   2:    4248880 bytes,   14735624 total
- age   3:    1379424 bytes,   16115048 total
- age   4:    4652032 bytes,   20767080 total
: 109248K->21824K(109248K), 0.0214980 secs] 240759K->166012K(502464K), 0.0215577 secs] [Times: user=0.04 sys=0.03, real=0.02 secs] 
Heap after GC invocations=100 (full 3):
 par new generation   total 109248K, used 21824K [0x00000007a0000000, 0x00000007a8000000, 0x00000007a8000000)
  eden space 87424K,   0% used [0x00000007a0000000, 0x00000007a0000000, 0x00000007a5560000)
  from space 21824K, 100% used [0x00000007a5560000, 0x00000007a6ab0000, 0x00000007a6ab0000)
  to   space 21824K,   0% used [0x00000007a6ab0000, 0x00000007a6ab0000, 0x00000007a8000000)
 concurrent mark-sweep generation total 393216K, used 144188K [0x00000007a8000000, 0x00000007c0000000, 0x00000007c0000000)
 Metaspace       used 37497K, capacity 38028K, committed 38396K, reserved 1083392K
  class space    used 4079K, capacity 4272K, committed 4348K, reserved 1048576K
}
2017-06-09T17:17:18.058-0100: 26190.006: Total time for which application threads were stopped: 0.0217330 seconds, Stopping threads took: 0.0000178 seconds
{Heap before GC invocations=100 (full 3):
 par new generation   total 109248K, used 109248K [0x00000007a0000000, 0x00000007a8000000, 0x00000007a8000000)
  eden space 87424K, 100% used [0x00000007a0000000, 0x00000007a5560000, 0x00000007a5560000)
  from space 21824K, 100% used [0x00000007a5560000, 0x00000007a6ab0000, 0x00000007a6ab0000)
  to   space 21824K,   0% used [0x00000007a6ab0000, 0x00000007a6ab0000, 0x00000007a8000000)
 concurrent mark-sweep generation total 393216K, used 144188K [0x00000007a8000000, 0x00000007c0000000, 0x00000007c0000000)
 Metaspace       used 37497K, capacity 38028K, committed 38396K, reserved 1083392K
  class space    used 4079K, capacity 4272K, committed 4348K, reserved 1048576K
2017-06-09T17:17:18.344-0100: 26190.292: [GC (Allocation Failure) 2017-06-09T17:17:18.344-0100: 26190.292: [ParNew
Desired survivor size 20112992 bytes, new threshold 4 (max 8)
- age   1:   10562032 bytes,   10562032 total
- age   2:    7578664 bytes,   18140696 total
- age   3:    1766176 bytes,   19906872 total
- age   4:    1219384 bytes,   21126256 total
: 109248K->21824K(109248K), 0.0176384 secs] 253436K->173960K(502464K), 0.0177052 secs] [Times: user=0.05 sys=0.02, real=0.02 secs] 
Heap after GC invocations=101 (full 3):
 par new generation   total 109248K, used 21824K [0x00000007a0000000, 0x00000007a8000000, 0x00000007a8000000)
  eden space 87424K,   0% used [0x00000007a0000000, 0x00000007a0000000, 0x00000007a5560000)
  from space 21824K, 100% used [0x00000007a6ab0000, 0x00000007a8000000, 0x00000007a8000000)
  to   space 21824K,   0% used [0x00000007a5560000, 0x00000007a5560000, 0x00000007a6ab0000)
 concurrent mark-sweep generation total 393216K, used 152136K [0x00000007a8000000, 0x00000007c0000000, 0x00000007c0000000)
 Metaspace       used 37497K, capacity 38028K, committed 38396K, reserved 1083392K
  class space    used 4079K, capacity 4272K, committed 4348K, reserved 1048576K
}
2017-06-09T17:17:18.362-0100: 26190.310: Total time for which application threads were stopped: 0.0178803 seconds, Stopping threads took: 0.0000184 seconds
{Heap before GC invocations=101 (full 3):
 par new generation   total 109248K, used 109248K [0x00000007a0000000, 0x00000007a8000000, 0x00000007a8000000)
  eden space 87424K, 100% used [0x00000007a0000000, 0x00000007a5560000, 0x00000007a5560000)
  from space 21824K, 100% used [0x00000007a6ab0000, 0x00000007a8000000, 0x00000007a8000000)
  to   space 21824K,   0% used [0x00000007a5560000, 0x00000007a5560000, 0x00000007a6ab0000)
 concurrent mark-sweep generation total 393216K, used 152136K [0x00000007a8000000, 0x00000007c0000000, 0x00000007c0000000)
 Metaspace       used 37497K, capacity 38028K, committed 38396K, reserved 1083392K
  class space    used 4079K, capacity 4272K, committed 4348K, reserved 1048576K
2017-06-09T17:17:18.650-0100: 26190.599: [GC (Allocation Failure) 2017-06-09T17:17:18.650-0100: 26190.599: [ParNew
Desired survivor size 20112992 bytes, new threshold 4 (max 8)
- age   1:    5280760 bytes,    5280760 total
- age   2:    9679152 bytes,   14959912 total
- age   3:    4309384 bytes,   19269296 total
- age   4:    1360256 bytes,   20629552 total
: 109248K->21824K(109248K), 0.0213778 secs] 261384K->183449K(502464K), 0.0214394 secs] [Times: user=0.06 sys=0.02, real=0.02 secs] 
Heap after GC invocations=102 (full 3):
 par new generation   total 109248K, used 21824K [0x00000007a0000000, 0x00000007a8000000, 0x00000007a8000000)
  eden space 87424K,   0% used [0x00000007a0000000, 0x00000007a0000000, 0x00000007a5560000)
  from space 21824K, 100% used [0x00000007a5560000, 0x00000007a6ab0000, 0x00000007a6ab0000)
  to   space 21824K,   0% used [0x00000007a6ab0000, 0x00000007a6ab0000, 0x00000007a8000000)
 concurrent mark-sweep generation total 393216K, used 161625K [0x00000007a8000000, 0x00000007c0000000, 0x00000007c0000000)
 Metaspace       used 37497K, capacity 38028K, committed 38396K, reserved 1083392K
  class space    used 4079K, capacity 4272K, committed 4348K, reserved 1048576K
}
2017-06-09T17:17:18.672-0100: 26190.620: Total time for which application threads were stopped: 0.0216255 seconds, Stopping threads took: 0.0000195 seconds
2017-06-09T17:17:19.676-0100: 26191.624: Total time for which application threads were stopped: 0.0002880 seconds, Stopping threads took: 0.0001170 seconds
{Heap before GC invocations=102 (full 3):
 par new generation   total 109248K, used 109248K [0x00000007a0000000, 0x00000007a8000000, 0x00000007a8000000)
  eden space 87424K, 100% used [0x00000007a0000000, 0x00000007a5560000, 0x00000007a5560000)
  from space 21824K, 100% used [0x00000007a5560000, 0x00000007a6ab0000, 0x00000007a6ab0000)
  to   space 21824K,   0% used [0x00000007a6ab0000, 0x00000007a6ab0000, 0x00000007a8000000)
 concurrent mark-sweep generation total 393216K, used 161625K [0x00000007a8000000, 0x00000007c0000000, 0x00000007c0000000)
 Metaspace       used 37507K, capacity 38028K, committed 38396K, reserved 1083392K
  class space    used 4079K, capacity 4272K, committed 4348K, reserved 1048576K
2017-06-09T17:17:19.710-0100: 26191.658: [GC (Allocation Failure) 2017-06-09T17:17:19.710-0100: 26191.658: [ParNew
Desired survivor size 20112992 bytes, new threshold 4 (max 8)
- age   1:    5505032 bytes,    5505032 total
- age   2:    5207984 bytes,   10713016 total
- age   3:    7986976 bytes,   18699992 total
- age   4:    3223128 bytes,   21923120 total
: 109248K->21824K(109248K), 0.0121691 secs] 270873K->187112K(502464K), 0.0122290 secs] [Times: user=0.06 sys=0.00, real=0.01 secs] 
Heap after GC invocations=103 (full 3):
 par new generation   total 109248K, used 21824K [0x00000007a0000000, 0x00000007a8000000, 0x00000007a8000000)
  eden space 87424K,   0% used [0x00000007a0000000, 0x00000007a0000000, 0x00000007a5560000)
  from space 21824K, 100% used [0x00000007a6ab0000, 0x00000007a8000000, 0x00000007a8000000)
  to   space 21824K,   0% used [0x00000007a5560000, 0x00000007a5560000, 0x00000007a6ab0000)
 concurrent mark-sweep generation total 393216K, used 165288K [0x00000007a8000000, 0x00000007c0000000, 0x00000007c0000000)
 Metaspace       used 37507K, capacity 38028K, committed 38396K, reserved 1083392K
  class space    used 4079K, capacity 4272K, committed 4348K, reserved 1048576K
}
2017-06-09T17:17:19.722-0100: 26191.670: Total time for which application threads were stopped: 0.0124156 seconds, Stopping threads took: 0.0000205 seconds
{Heap before GC invocations=103 (full 3):
 par new generation   total 109248K, used 109248K [0x00000007a0000000, 0x00000007a8000000, 0x00000007a8000000)
  eden space 87424K, 100% used [0x00000007a0000000, 0x00000007a5560000, 0x00000007a5560000)
  from space 21824K, 100% used [0x00000007a6ab0000, 0x00000007a8000000, 0x00000007a8000000)
  to   space 21824K,   0% used [0x00000007a5560000, 0x00000007a5560000, 0x00000007a6ab0000)
 concurrent mark-sweep generation total 393216K, used 165288K [0x00000007a8000000, 0x00000007c0000000, 0x00000007c0000000)
 Metaspace       used 37507K, capacity 38028K, committed 38396K, reserved 1083392K
  class space    used 4079K, capacity 4272K, committed 4348K, reserved 1048576K
2017-06-09T17:17:19.793-0100: 26191.741: [GC (Allocation Failure) 2017-06-09T17:17:19.793-0100: 26191.741: [ParNew
Desired survivor size 20112992 bytes, new threshold 8 (max 8)
- age   1:     105792 bytes,     105792 total
- age   2:    4724512 bytes,    4830304 total
- age   3:    4908208 bytes,    9738512 total
- age   4:    8176400 bytes,   17914912 total
: 109248K->21824K(109248K), 0.0135345 secs] 274536K->191184K(502464K), 0.0135954 secs] [Times: user=0.04 sys=0.01, real=0.01 secs] 
Heap after GC invocations=104 (full 3):
 par new generation   total 109248K, used 21824K [0x00000007a0000000, 0x00000007a8000000, 0x00000007a8000000)
  eden space 87424K,   0% used [0x00000007a0000000, 0x00000007a0000000, 0x00000007a5560000)
  from space 21824K, 100% used [0x00000007a5560000, 0x00000007a6ab0000, 0x00000007a6ab0000)
  to   space 21824K,   0% used [0x00000007a6ab0000, 0x00000007a6ab0000, 0x00000007a8000000)
 concurrent mark-sweep generation total 393216K, used 169360K [0x00000007a8000000, 0x00000007c0000000, 0x00000007c0000000)
 Metaspace       used 37507K, capacity 38028K, committed 38396K, reserved 1083392K
  class space    used 4079K, capacity 4272K, committed 4348K, reserved 1048576K
}
2017-06-09T17:17:19.807-0100: 26191.755: Total time for which application threads were stopped: 0.0137990 seconds, Stopping threads took: 0.0000216 seconds
{Heap before GC invocations=104 (full 3):
 par new generation   total 109248K, used 109248K [0x00000007a0000000, 0x00000007a8000000, 0x00000007a8000000)
  eden space 87424K, 100% used [0x00000007a0000000, 0x00000007a5560000, 0x00000007a5560000)
  from space 21824K, 100% used [0x00000007a5560000, 0x00000007a6ab0000, 0x00000007a6ab0000)
  to   space 21824K,   0% used [0x00000007a6ab0000, 0x00000007a6ab0000, 0x00000007a8000000)
 concurrent mark-sweep generation total 393216K, used 169360K [0x00000007a8000000, 0x00000007c0000000, 0x00000007c0000000)
 Metaspace       used 37507K, capacity 38028K, committed 38396K, reserved 1083392K
  class space    used 4079K, capacity 4272K, committed 4348K, reserved 1048576K
2017-06-09T17:17:19.890-0100: 26191.838: [GC (Allocation Failure) 2017-06-09T17:17:19.890-0100: 26191.838: [ParNew
Desired survivor size 20112992 bytes, new threshold 8 (max 8)
- age   1:      47864 bytes,      47864 total
- age   3:    4534008 bytes,    4581872 total
- age   4:    4891480 bytes,    9473352 total
- age   5:    7781072 bytes,   17254424 total
: 109248K->21824K(109248K), 0.0057492 secs] 278608K->191390K(502464K), 0.0058113 secs] [Times: user=0.02 sys=0.00, real=0.00 secs] 
Heap after GC invocations=105 (full 3):
 par new generation   total 109248K, used 21824K [0x00000007a0000000, 0x00000007a8000000, 0x00000007a8000000)
  eden space 87424K,   0% used [0x00000007a0000000, 0x00000007a0000000, 0x00000007a5560000)
  from space 21824K, 100% used [0x00000007a6ab0000, 0x00000007a8000000, 0x00000007a8000000)
  to   space 21824K,   0% used [0x00000007a5560000, 0x00000007a5560000, 0x00000007a6ab0000)
 concurrent mark-sweep generation total 393216K, used 169566K [0x00000007a8000000, 0x00000007c0000000, 0x00000007c0000000)
 Metaspace       used 37507K, capacity 38028K, committed 38396K, reserved 1083392K
  class space    used 4079K, capacity 4272K, committed 4348K, reserved 1048576K
}
2017-06-09T17:17:19.895-0100: 26191.844: Total time for which application threads were stopped: 0.0059929 seconds, Stopping threads took: 0.0000175 seconds
{Heap before GC invocations=105 (full 3):
 par new generation   total 109248K, used 109248K [0x00000007a0000000, 0x00000007a8000000, 0x00000007a8000000)
  eden space 87424K, 100% used [0x00000007a0000000, 0x00000007a5560000, 0x00000007a5560000)
  from space 21824K, 100% used [0x00000007a6ab0000, 0x00000007a8000000, 0x00000007a8000000)
  to   space 21824K,   0% used [0x00000007a5560000, 0x00000007a5560000, 0x00000007a6ab0000)
 concurrent mark-sweep generation total 393216K, used 169566K [0x00000007a8000000, 0x00000007c0000000, 0x00000007c0000000)
 Metaspace       used 37507K, capacity 38028K, committed 38396K, reserved 1083392K
  class space    used 4079K, capacity 4272K, committed 4348K, reserved 1048576K
2017-06-09T17:17:19.973-0100: 26191.921: [GC (Allocation Failure) 2017-06-09T17:17:19.973-0100: 26191.921: [ParNew
Desired survivor size 20112992 bytes, new threshold 8 (max 8)
- age   1:      90776 bytes,      90776 total
- age   2:        320 bytes,      91096 total
- age   4:    4533944 bytes,    4625040 total
- age   5:    4891480 bytes,    9516520 total
- age   6:    7781048 bytes,   17297568 total
: 109248K->21824K(109248K), 0.0049588 secs] 278814K->191390K(502464K), 0.0050164 secs] [Times: user=0.02 sys=0.00, real=0.00 secs] 
Heap after GC invocations=106 (full 3):
 par new generation   total 109248K, used 21824K [0x00000007a0000000, 0x00000007a8000000, 0x00000007a8000000)
  eden space 87424K,   0% used [0x00000007a0000000, 0x00000007a0000000, 0x00000007a5560000)
  from space 21824K, 100% used [0x00000007a5560000, 0x00000007a6ab0000, 0x00000007a6ab0000)
  to   space 21824K,   0% used [0x00000007a6ab0000, 0x00000007a6ab0000, 0x00000007a8000000)
 concurrent mark-sweep generation total 393216K, used 169566K [0x00000007a8000000, 0x00000007c0000000, 0x00000007c0000000)
 Metaspace       used 37507K, capacity 38028K, committed 38396K, reserved 1083392K
  class space    used 4079K, capacity 4272K, committed 4348K, reserved 1048576K
}
2017-06-09T17:17:19.978-0100: 26191.926: Total time for which application threads were stopped: 0.0051834 seconds, Stopping threads took: 0.0000197 seconds
{Heap before GC invocations=106 (full 3):
 par new generation   total 109248K, used 109248K [0x00000007a0000000, 0x00000007a8000000, 0x00000007a8000000)
  eden space 87424K, 100% used [0x00000007a0000000, 0x00000007a5560000, 0x00000007a5560000)
  from space 21824K, 100% used [0x00000007a5560000, 0x00000007a6ab0000, 0x00000007a6ab0000)
  to   space 21824K,   0% used [0x00000007a6ab0000, 0x00000007a6ab0000, 0x00000007a8000000)
 concurrent mark-sweep generation total 393216K, used 169566K [0x00000007a8000000, 0x00000007c0000000, 0x00000007c0000000)
 Metaspace       used 37507K, capacity 38028K, committed 38396K, reserved 1083392K
  class space    used 4079K, capacity 4272K, committed 4348K, reserved 1048576K
2017-06-09T17:17:20.040-0100: 26191.988: [GC (Allocation Failure) 2017-06-09T17:17:20.040-0100: 26191.988: [ParNew
Desired survivor size 20112992 bytes, new threshold 8 (max 8)
- age   1:      87736 bytes,      87736 total
- age   2:      36288 bytes,     124024 total
- age   3:        320 bytes,     124344 total
- age   5:    4533944 bytes,    4658288 total
- age   6:    4985080 bytes,    9643368 total
- age   7:    7928336 bytes,   17571704 total
: 109248K->21824K(109248K), 0.0055269 secs] 278814K->191758K(502464K), 0.0055834 secs] [Times: user=0.02 sys=0.00, real=0.00 secs] 
Heap after GC invocations=107 (full 3):
 par new generation   total 109248K, used 21824K [0x00000007a0000000, 0x00000007a8000000, 0x00000007a8000000)
  eden space 87424K,   0% used [0x00000007a0000000, 0x00000007a0000000, 0x00000007a5560000)
  from space 21824K, 100% used [0x00000007a6ab0000, 0x00000007a8000000, 0x00000007a8000000)
  to   space 21824K,   0% used [0x00000007a5560000, 0x00000007a5560000, 0x00000007a6ab0000)
 concurrent mark-sweep generation total 393216K, used 169934K [0x00000007a8000000, 0x00000007c0000000, 0x00000007c0000000)
 Metaspace       used 37507K, capacity 38028K, committed 38396K, reserved 1083392K
  class space    used 4079K, capacity 4272K, committed 4348K, reserved 1048576K
}
2017-06-09T17:17:20.045-0100: 26191.993: Total time for which application threads were stopped: 0.0057561 seconds, Stopping threads took: 0.0000195 seconds
{Heap before GC invocations=107 (full 3):
 par new generation   total 109248K, used 109248K [0x00000007a0000000, 0x00000007a8000000, 0x00000007a8000000)
  eden space 87424K, 100% used [0x00000007a0000000, 0x00000007a5560000, 0x00000007a5560000)
  from space 21824K, 100% used [0x00000007a6ab0000, 0x00000007a8000000, 0x00000007a8000000)
  to   space 21824K,   0% used [0x00000007a5560000, 0x00000007a5560000, 0x00000007a6ab0000)
 concurrent mark-sweep generation total 393216K, used 169934K [0x00000007a8000000, 0x00000007c0000000, 0x00000007c0000000)
 Metaspace       used 37507K, capacity 38028K, committed 38396K, reserved 1083392K
  class space    used 4079K, capacity 4272K, committed 4348K, reserved 1048576K
2017-06-09T17:17:20.139-0100: 26192.088: [GC (Allocation Failure) 2017-06-09T17:17:20.139-0100: 26192.088: [ParNew
Desired survivor size 20112992 bytes, new threshold 8 (max 8)
- age   1:      90856 bytes,      90856 total
- age   2:        128 bytes,      90984 total
- age   3:        488 bytes,      91472 total
- age   4:        320 bytes,      91792 total
- age   6:    4533944 bytes,    4625736 total
- age   7:    4682264 bytes,    9308000 total
- age   8:    7404032 bytes,   16712032 total
: 109248K->21824K(109248K), 0.0065418 secs] 279182K->191963K(502464K), 0.0066010 secs] [Times: user=0.02 sys=0.00, real=0.01 secs] 
Heap after GC invocations=108 (full 3):
 par new generation   total 109248K, used 21824K [0x00000007a0000000, 0x00000007a8000000, 0x00000007a8000000)
  eden space 87424K,   0% used [0x00000007a0000000, 0x00000007a0000000, 0x00000007a5560000)
  from space 21824K, 100% used [0x00000007a5560000, 0x00000007a6ab0000, 0x00000007a6ab0000)
  to   space 21824K,   0% used [0x00000007a6ab0000, 0x00000007a6ab0000, 0x00000007a8000000)
 concurrent mark-sweep generation total 393216K, used 170139K [0x00000007a8000000, 0x00000007c0000000, 0x00000007c0000000)
 Metaspace       used 37507K, capacity 38028K, committed 38396K, reserved 1083392K
  class space    used 4079K, capacity 4272K, committed 4348K, reserved 1048576K
}
2017-06-09T17:17:20.146-0100: 26192.094: Total time for which application threads were stopped: 0.0067804 seconds, Stopping threads took: 0.0000206 seconds
{Heap before GC invocations=108 (full 3):
 par new generation   total 109248K, used 109248K [0x00000007a0000000, 0x00000007a8000000, 0x00000007a8000000)
  eden space 87424K, 100% used [0x00000007a0000000, 0x00000007a5560000, 0x00000007a5560000)
  from space 21824K, 100% used [0x00000007a5560000, 0x00000007a6ab0000, 0x00000007a6ab0000)
  to   space 21824K,   0% used [0x00000007a6ab0000, 0x00000007a6ab0000, 0x00000007a8000000)
 concurrent mark-sweep generation total 393216K, used 170139K [0x00000007a8000000, 0x00000007c0000000, 0x00000007c0000000)
 Metaspace       used 37507K, capacity 38028K, committed 38396K, reserved 1083392K
  class space    used 4079K, capacity 4272K, committed 4348K, reserved 1048576K
2017-06-09T17:17:20.276-0100: 26192.224: [GC (Allocation Failure) 2017-06-09T17:17:20.276-0100: 26192.224: [ParNew
Desired survivor size 20112992 bytes, new threshold 8 (max 8)
- age   1:      78240 bytes,      78240 total
- age   2:        224 bytes,      78464 total
- age   3:        128 bytes,      78592 total
- age   4:        488 bytes,      79080 total
- age   5:        320 bytes,      79400 total
- age   7:    4533944 bytes,    4613344 total
- age   8:    4682264 bytes,    9295608 total
: 109248K->15039K(109248K), 0.0141941 secs] 279387K->192435K(502464K), 0.0142501 secs] [Times: user=0.03 sys=0.02, real=0.02 secs] 
Heap after GC invocations=109 (full 3):
 par new generation   total 109248K, used 15039K [0x00000007a0000000, 0x00000007a8000000, 0x00000007a8000000)
  eden space 87424K,   0% used [0x00000007a0000000, 0x00000007a0000000, 0x00000007a5560000)
  from space 21824K,  68% used [0x00000007a6ab0000, 0x00000007a795fd58, 0x00000007a8000000)
  to   space 21824K,   0% used [0x00000007a5560000, 0x00000007a5560000, 0x00000007a6ab0000)
 concurrent mark-sweep generation total 393216K, used 177395K [0x00000007a8000000, 0x00000007c0000000, 0x00000007c0000000)
 Metaspace       used 37507K, capacity 38028K, committed 38396K, reserved 1083392K
  class space    used 4079K, capacity 4272K, committed 4348K, reserved 1048576K
}
2017-06-09T17:17:20.290-0100: 26192.239: Total time for which application threads were stopped: 0.0144260 seconds, Stopping threads took: 0.0000199 seconds
2017-06-09T17:17:20.402-0100: 26192.351: Total time for which application threads were stopped: 0.0001561 seconds, Stopping threads took: 0.0000232 seconds
2017-06-09T17:17:20.403-0100: 26192.351: Total time for which application threads were stopped: 0.0002091 seconds, Stopping threads took: 0.0001245 seconds
2017-06-09T17:17:22.406-0100: 26194.354: Total time for which application threads were stopped: 0.0001764 seconds, Stopping threads took: 0.0000326 seconds
2017-06-09T17:17:32.256-0100: 26204.204: Total time for which application threads were stopped: 0.0001019 seconds, Stopping threads took: 0.0000233 seconds
2017-06-09T17:17:32.968-0100: 26204.916: Total time for which application threads were stopped: 0.0001429 seconds, Stopping threads took: 0.0000247 seconds
2017-06-09T17:17:32.968-0100: 26204.917: Total time for which application threads were stopped: 0.0000921 seconds, Stopping threads took: 0.0000145 seconds
2017-06-09T17:17:32.969-0100: 26204.917: Total time for which application threads were stopped: 0.0000817 seconds, Stopping threads took: 0.0000106 seconds
2017-06-09T17:17:32.981-0100: 26204.929: Total time for which application threads were stopped: 0.0001018 seconds, Stopping threads took: 0.0000177 seconds
2017-06-09T17:17:32.981-0100: 26204.929: Total time for which application threads were stopped: 0.0000651 seconds, Stopping threads took: 0.0000094 seconds
2017-06-09T17:17:33.985-0100: 26205.934: Total time for which application threads were stopped: 0.0001321 seconds, Stopping threads took: 0.0000284 seconds
2017-06-09T17:17:39.714-0100: 26211.662: Total time for which application threads were stopped: 0.0001606 seconds, Stopping threads took: 0.0000436 seconds
2017-06-09T17:17:39.714-0100: 26211.662: Total time for which application threads were stopped: 0.0000872 seconds, Stopping threads took: 0.0000112 seconds
2017-06-09T17:17:39.723-0100: 26211.671: Total time for which application threads were stopped: 0.0001535 seconds, Stopping threads took: 0.0000333 seconds
2017-06-09T17:17:39.724-0100: 26211.672: Total time for which application threads were stopped: 0.0000717 seconds, Stopping threads took: 0.0000112 seconds
2017-06-09T17:17:39.743-0100: 26211.691: Total time for which application threads were stopped: 0.0001288 seconds, Stopping threads took: 0.0000212 seconds
2017-06-09T17:17:39.743-0100: 26211.691: Total time for which application threads were stopped: 0.0001199 seconds, Stopping threads took: 0.0000233 seconds
2017-06-09T17:17:39.743-0100: 26211.691: Total time for which application threads were stopped: 0.0000999 seconds, Stopping threads took: 0.0000142 seconds
2017-06-09T17:17:39.743-0100: 26211.692: Total time for which application threads were stopped: 0.0000856 seconds, Stopping threads took: 0.0000269 seconds
2017-06-09T17:17:39.744-0100: 26211.692: Total time for which application threads were stopped: 0.0001675 seconds, Stopping threads took: 0.0000081 seconds
2017-06-09T17:17:39.751-0100: 26211.699: Total time for which application threads were stopped: 0.0001815 seconds, Stopping threads took: 0.0000474 seconds
2017-06-09T17:17:39.751-0100: 26211.699: Total time for which application threads were stopped: 0.0001083 seconds, Stopping threads took: 0.0000196 seconds
2017-06-09T17:17:39.759-0100: 26211.707: Total time for which application threads were stopped: 0.0001217 seconds, Stopping threads took: 0.0000253 seconds
2017-06-09T17:17:39.759-0100: 26211.707: Total time for which application threads were stopped: 0.0000776 seconds, Stopping threads took: 0.0000122 seconds
2017-06-09T17:17:40.986-0100: 26212.934: Total time for which application threads were stopped: 0.0001895 seconds, Stopping threads took: 0.0000405 seconds
2017-06-09T17:17:40.987-0100: 26212.935: Total time for which application threads were stopped: 0.0001949 seconds, Stopping threads took: 0.0000803 seconds
2017-06-09T17:17:40.987-0100: 26212.935: Total time for which application threads were stopped: 0.0001138 seconds, Stopping threads took: 0.0000297 seconds
2017-06-09T17:17:40.987-0100: 26212.935: Total time for which application threads were stopped: 0.0001283 seconds, Stopping threads took: 0.0000407 seconds
2017-06-09T17:17:40.988-0100: 26212.936: Total time for which application threads were stopped: 0.0002404 seconds, Stopping threads took: 0.0001525 seconds
2017-06-09T17:17:40.988-0100: 26212.936: Total time for which application threads were stopped: 0.0001044 seconds, Stopping threads took: 0.0000295 seconds
2017-06-09T17:17:40.988-0100: 26212.936: Total time for which application threads were stopped: 0.0001042 seconds, Stopping threads took: 0.0000131 seconds
2017-06-09T17:17:40.989-0100: 26212.937: Total time for which application threads were stopped: 0.0001333 seconds, Stopping threads took: 0.0000304 seconds
2017-06-09T17:17:40.989-0100: 26212.937: Total time for which application threads were stopped: 0.0001350 seconds, Stopping threads took: 0.0000293 seconds
2017-06-09T17:17:40.990-0100: 26212.938: Total time for which application threads were stopped: 0.0001318 seconds, Stopping threads took: 0.0000337 seconds
2017-06-09T17:17:40.991-0100: 26212.939: Total time for which application threads were stopped: 0.0001119 seconds, Stopping threads took: 0.0000162 seconds
2017-06-09T17:17:40.999-0100: 26212.947: Total time for which application threads were stopped: 0.0001570 seconds, Stopping threads took: 0.0000188 seconds
2017-06-09T17:17:40.999-0100: 26212.947: Total time for which application threads were stopped: 0.0001353 seconds, Stopping threads took: 0.0000469 seconds
2017-06-09T17:17:41.008-0100: 26212.956: Total time for which application threads were stopped: 0.0006252 seconds, Stopping threads took: 0.0005194 seconds
2017-06-09T17:17:41.008-0100: 26212.956: Total time for which application threads were stopped: 0.0001041 seconds, Stopping threads took: 0.0000295 seconds
2017-06-09T17:17:41.775-0100: 26213.723: Total time for which application threads were stopped: 0.0001340 seconds, Stopping threads took: 0.0000322 seconds
{Heap before GC invocations=109 (full 3):
 par new generation   total 109248K, used 102463K [0x00000007a0000000, 0x00000007a8000000, 0x00000007a8000000)
  eden space 87424K, 100% used [0x00000007a0000000, 0x00000007a5560000, 0x00000007a5560000)
  from space 21824K,  68% used [0x00000007a6ab0000, 0x00000007a795fd58, 0x00000007a8000000)
  to   space 21824K,   0% used [0x00000007a5560000, 0x00000007a5560000, 0x00000007a6ab0000)
 concurrent mark-sweep generation total 393216K, used 177395K [0x00000007a8000000, 0x00000007c0000000, 0x00000007c0000000)
 Metaspace       used 37521K, capacity 38032K, committed 38396K, reserved 1083392K
  class space    used 4079K, capacity 4272K, committed 4348K, reserved 1048576K
2017-06-09T17:17:41.783-0100: 26213.731: [GC (Allocation Failure) 2017-06-09T17:17:41.783-0100: 26213.731: [ParNew
Desired survivor size 20112992 bytes, new threshold 8 (max 8)
- age   1:    1074800 bytes,    1074800 total
- age   8:    3259248 bytes,    4334048 total
: 102463K->5522K(109248K), 0.0102584 secs] 279859K->187246K(502464K), 0.0103417 secs] [Times: user=0.03 sys=0.02, real=0.01 secs] 
Heap after GC invocations=110 (full 3):
 par new generation   total 109248K, used 5522K [0x00000007a0000000, 0x00000007a8000000, 0x00000007a8000000)
  eden space 87424K,   0% used [0x00000007a0000000, 0x00000007a0000000, 0x00000007a5560000)
  from space 21824K,  25% used [0x00000007a5560000, 0x00000007a5ac4988, 0x00000007a6ab0000)
  to   space 21824K,   0% used [0x00000007a6ab0000, 0x00000007a6ab0000, 0x00000007a8000000)
 concurrent mark-sweep generation total 393216K, used 181724K [0x00000007a8000000, 0x00000007c0000000, 0x00000007c0000000)
 Metaspace       used 37521K, capacity 38032K, committed 38396K, reserved 1083392K
  class space    used 4079K, capacity 4272K, committed 4348K, reserved 1048576K
}
2017-06-09T17:17:41.793-0100: 26213.741: Total time for which application threads were stopped: 0.0106124 seconds, Stopping threads took: 0.0000271 seconds
{Heap before GC invocations=110 (full 3):
 par new generation   total 109248K, used 92923K [0x00000007a0000000, 0x00000007a8000000, 0x00000007a8000000)
  eden space 87424K,  99% used [0x00000007a0000000, 0x00000007a555a640, 0x00000007a5560000)
  from space 21824K,  25% used [0x00000007a5560000, 0x00000007a5ac4988, 0x00000007a6ab0000)
  to   space 21824K,   0% used [0x00000007a6ab0000, 0x00000007a6ab0000, 0x00000007a8000000)
 concurrent mark-sweep generation total 393216K, used 181724K [0x00000007a8000000, 0x00000007c0000000, 0x00000007c0000000)
 Metaspace       used 37534K, capacity 38096K, committed 38652K, reserved 1083392K
  class space    used 4079K, capacity 4272K, committed 4348K, reserved 1048576K
2017-06-09T17:17:41.835-0100: 26213.783: [GC (Allocation Failure) 2017-06-09T17:17:41.835-0100: 26213.783: [ParNew
Desired survivor size 20112992 bytes, new threshold 8 (max 8)
- age   1:    1129496 bytes,    1129496 total
- age   2:     829528 bytes,    1959024 total
: 92923K->3364K(109248K), 0.0082555 secs] 274647K->188277K(502464K), 0.0083193 secs] [Times: user=0.02 sys=0.01, real=0.01 secs] 
Heap after GC invocations=111 (full 3):
 par new generation   total 109248K, used 3364K [0x00000007a0000000, 0x00000007a8000000, 0x00000007a8000000)
  eden space 87424K,   0% used [0x00000007a0000000, 0x00000007a0000000, 0x00000007a5560000)
  from space 21824K,  15% used [0x00000007a6ab0000, 0x00000007a6df9248, 0x00000007a8000000)
  to   space 21824K,   0% used [0x00000007a5560000, 0x00000007a5560000, 0x00000007a6ab0000)
 concurrent mark-sweep generation total 393216K, used 184912K [0x00000007a8000000, 0x00000007c0000000, 0x00000007c0000000)
 Metaspace       used 37534K, capacity 38096K, committed 38652K, reserved 1083392K
  class space    used 4079K, capacity 4272K, committed 4348K, reserved 1048576K
}
2017-06-09T17:17:41.843-0100: 26213.791: Total time for which application threads were stopped: 0.0085838 seconds, Stopping threads took: 0.0000516 seconds
2017-06-09T17:17:41.844-0100: 26213.792: Total time for which application threads were stopped: 0.0002663 seconds, Stopping threads took: 0.0001300 seconds
{Heap before GC invocations=111 (full 3):
 par new generation   total 109248K, used 90788K [0x00000007a0000000, 0x00000007a8000000, 0x00000007a8000000)
  eden space 87424K, 100% used [0x00000007a0000000, 0x00000007a5560000, 0x00000007a5560000)
  from space 21824K,  15% used [0x00000007a6ab0000, 0x00000007a6df9248, 0x00000007a8000000)
  to   space 21824K,   0% used [0x00000007a5560000, 0x00000007a5560000, 0x00000007a6ab0000)
 concurrent mark-sweep generation total 393216K, used 184912K [0x00000007a8000000, 0x00000007c0000000, 0x00000007c0000000)
 Metaspace       used 37553K, capacity 38120K, committed 38652K, reserved 1083392K
  class space    used 4081K, capacity 4276K, committed 4348K, reserved 1048576K
2017-06-09T17:17:41.884-0100: 26213.832: [GC (Allocation Failure) 2017-06-09T17:17:41.884-0100: 26213.832: [ParNew
Desired survivor size 20112992 bytes, new threshold 8 (max 8)
- age   1:     302560 bytes,     302560 total
- age   2:     951048 bytes,    1253608 total
- age   3:     829528 bytes,    2083136 total
: 90788K->2590K(109248K), 0.0027910 secs] 275701K->187502K(502464K), 0.0028628 secs] [Times: user=0.01 sys=0.00, real=0.00 secs] 
Heap after GC invocations=112 (full 3):
 par new generation   total 109248K, used 2590K [0x00000007a0000000, 0x00000007a8000000, 0x00000007a8000000)
  eden space 87424K,   0% used [0x00000007a0000000, 0x00000007a0000000, 0x00000007a5560000)
  from space 21824K,  11% used [0x00000007a5560000, 0x00000007a57e7868, 0x00000007a6ab0000)
  to   space 21824K,   0% used [0x00000007a6ab0000, 0x00000007a6ab0000, 0x00000007a8000000)
 concurrent mark-sweep generation total 393216K, used 184912K [0x00000007a8000000, 0x00000007c0000000, 0x00000007c0000000)
 Metaspace       used 37553K, capacity 38120K, committed 38652K, reserved 1083392K
  class space    used 4081K, capacity 4276K, committed 4348K, reserved 1048576K
}
2017-06-09T17:17:41.887-0100: 26213.835: Total time for which application threads were stopped: 0.0030297 seconds, Stopping threads took: 0.0000184 seconds
2017-06-09T17:17:41.887-0100: 26213.835: Total time for which application threads were stopped: 0.0001220 seconds, Stopping threads took: 0.0000230 seconds
2017-06-09T17:17:41.938-0100: 26213.886: Total time for which application threads were stopped: 0.0001270 seconds, Stopping threads took: 0.0000151 seconds
{Heap before GC invocations=112 (full 3):
 par new generation   total 109248K, used 90014K [0x00000007a0000000, 0x00000007a8000000, 0x00000007a8000000)
  eden space 87424K, 100% used [0x00000007a0000000, 0x00000007a5560000, 0x00000007a5560000)
  from space 21824K,  11% used [0x00000007a5560000, 0x00000007a57e7868, 0x00000007a6ab0000)
  to   space 21824K,   0% used [0x00000007a6ab0000, 0x00000007a6ab0000, 0x00000007a8000000)
 concurrent mark-sweep generation total 393216K, used 184912K [0x00000007a8000000, 0x00000007c0000000, 0x00000007c0000000)
 Metaspace       used 37559K, capacity 38120K, committed 38652K, reserved 1083392K
  class space    used 4082K, capacity 4276K, committed 4348K, reserved 1048576K
2017-06-09T17:17:41.996-0100: 26213.944: [GC (Allocation Failure) 2017-06-09T17:17:41.996-0100: 26213.944: [ParNew
Desired survivor size 20112992 bytes, new threshold 8 (max 8)
- age   1:    1089856 bytes,    1089856 total
- age   2:     127864 bytes,    1217720 total
- age   3:     939800 bytes,    2157520 total
- age   4:     829528 bytes,    2987048 total
: 90014K->4080K(109248K), 0.0032977 secs] 274926K->188993K(502464K), 0.0033591 secs] [Times: user=0.02 sys=0.00, real=0.00 secs] 
Heap after GC invocations=113 (full 3):
 par new generation   total 109248K, used 4080K [0x00000007a0000000, 0x00000007a8000000, 0x00000007a8000000)
  eden space 87424K,   0% used [0x00000007a0000000, 0x00000007a0000000, 0x00000007a5560000)
  from space 21824K,  18% used [0x00000007a6ab0000, 0x00000007a6eac138, 0x00000007a8000000)
  to   space 21824K,   0% used [0x00000007a5560000, 0x00000007a5560000, 0x00000007a6ab0000)
 concurrent mark-sweep generation total 393216K, used 184912K [0x00000007a8000000, 0x00000007c0000000, 0x00000007c0000000)
 Metaspace       used 37559K, capacity 38120K, committed 38652K, reserved 1083392K
  class space    used 4082K, capacity 4276K, committed 4348K, reserved 1048576K
}
2017-06-09T17:17:41.999-0100: 26213.947: Total time for which application threads were stopped: 0.0035996 seconds, Stopping threads took: 0.0000190 seconds
{Heap before GC invocations=113 (full 3):
 par new generation   total 109248K, used 91504K [0x00000007a0000000, 0x00000007a8000000, 0x00000007a8000000)
  eden space 87424K, 100% used [0x00000007a0000000, 0x00000007a5560000, 0x00000007a5560000)
  from space 21824K,  18% used [0x00000007a6ab0000, 0x00000007a6eac138, 0x00000007a8000000)
  to   space 21824K,   0% used [0x00000007a5560000, 0x00000007a5560000, 0x00000007a6ab0000)
 concurrent mark-sweep generation total 393216K, used 184912K [0x00000007a8000000, 0x00000007c0000000, 0x00000007c0000000)
 Metaspace       used 37563K, capacity 38120K, committed 38652K, reserved 1083392K
  class space    used 4082K, capacity 4276K, committed 4348K, reserved 1048576K
2017-06-09T17:17:42.233-0100: 26214.181: [GC (Allocation Failure) 2017-06-09T17:17:42.233-0100: 26214.181: [ParNew
Desired survivor size 20112992 bytes, new threshold 8 (max 8)
- age   1:    1663112 bytes,    1663112 total
- age   2:     396840 bytes,    2059952 total
- age   3:     127864 bytes,    2187816 total
- age   4:     300512 bytes,    2488328 total
- age   5:     829528 bytes,    3317856 total
: 91504K->3868K(109248K), 0.0029953 secs] 276417K->188781K(502464K), 0.0030578 secs] [Times: user=0.01 sys=0.00, real=0.00 secs] 
Heap after GC invocations=114 (full 3):
 par new generation   total 109248K, used 3868K [0x00000007a0000000, 0x00000007a8000000, 0x00000007a8000000)
  eden space 87424K,   0% used [0x00000007a0000000, 0x00000007a0000000, 0x00000007a5560000)
  from space 21824K,  17% used [0x00000007a5560000, 0x00000007a5927080, 0x00000007a6ab0000)
  to   space 21824K,   0% used [0x00000007a6ab0000, 0x00000007a6ab0000, 0x00000007a8000000)
 concurrent mark-sweep generation total 393216K, used 184912K [0x00000007a8000000, 0x00000007c0000000, 0x00000007c0000000)
 Metaspace       used 37563K, capacity 38120K, committed 38652K, reserved 1083392K
  class space    used 4082K, capacity 4276K, committed 4348K, reserved 1048576K
}
2017-06-09T17:17:42.236-0100: 26214.184: Total time for which application threads were stopped: 0.0032394 seconds, Stopping threads took: 0.0000201 seconds
2017-06-09T17:17:42.371-0100: 26214.319: Total time for which application threads were stopped: 0.0001143 seconds, Stopping threads took: 0.0000308 seconds
2017-06-09T17:17:42.577-0100: 26214.526: Total time for which application threads were stopped: 0.0001068 seconds, Stopping threads took: 0.0000161 seconds
2017-06-09T17:17:42.578-0100: 26214.526: Total time for which application threads were stopped: 0.0000581 seconds, Stopping threads took: 0.0000087 seconds
2017-06-09T17:17:42.578-0100: 26214.526: Total time for which application threads were stopped: 0.0000435 seconds, Stopping threads took: 0.0000067 seconds
2017-06-09T17:17:42.588-0100: 26214.536: Total time for which application threads were stopped: 0.0001304 seconds, Stopping threads took: 0.0000356 seconds
2017-06-09T17:17:42.588-0100: 26214.536: Total time for which application threads were stopped: 0.0001059 seconds, Stopping threads took: 0.0000270 seconds
2017-06-09T17:17:42.593-0100: 26214.541: Total time for which application threads were stopped: 0.0001020 seconds, Stopping threads took: 0.0000171 seconds
2017-06-09T17:17:42.598-0100: 26214.546: Total time for which application threads were stopped: 0.0002375 seconds, Stopping threads took: 0.0000702 seconds
2017-06-09T17:17:42.598-0100: 26214.546: Total time for which application threads were stopped: 0.0000664 seconds, Stopping threads took: 0.0000180 seconds
2017-06-09T17:17:42.598-0100: 26214.546: Total time for which application threads were stopped: 0.0000667 seconds, Stopping threads took: 0.0000201 seconds
2017-06-09T17:17:42.598-0100: 26214.546: Total time for which application threads were stopped: 0.0000917 seconds, Stopping threads took: 0.0000451 seconds
2017-06-09T17:17:42.599-0100: 26214.547: Total time for which application threads were stopped: 0.0000669 seconds, Stopping threads took: 0.0000203 seconds
2017-06-09T17:17:42.599-0100: 26214.547: Total time for which application threads were stopped: 0.0000686 seconds, Stopping threads took: 0.0000218 seconds
2017-06-09T17:17:43.603-0100: 26215.551: Total time for which application threads were stopped: 0.0001609 seconds, Stopping threads took: 0.0000350 seconds
2017-06-09T17:17:43.621-0100: 26215.569: Total time for which application threads were stopped: 0.0001342 seconds, Stopping threads took: 0.0000254 seconds
2017-06-09T17:17:43.627-0100: 26215.575: Total time for which application threads were stopped: 0.0001617 seconds, Stopping threads took: 0.0000220 seconds
2017-06-09T17:17:43.627-0100: 26215.575: Total time for which application threads were stopped: 0.0001227 seconds, Stopping threads took: 0.0000565 seconds
2017-06-09T17:17:43.635-0100: 26215.583: Total time for which application threads were stopped: 0.0001406 seconds, Stopping threads took: 0.0000452 seconds
2017-06-09T17:17:43.635-0100: 26215.583: Total time for which application threads were stopped: 0.0000659 seconds, Stopping threads took: 0.0000095 seconds
2017-06-09T17:17:46.160-0100: 26218.108: Total time for which application threads were stopped: 0.0001449 seconds, Stopping threads took: 0.0000248 seconds
2017-06-09T17:17:46.160-0100: 26218.108: Total time for which application threads were stopped: 0.0000877 seconds, Stopping threads took: 0.0000224 seconds
2017-06-09T17:17:46.160-0100: 26218.108: Total time for which application threads were stopped: 0.0001485 seconds, Stopping threads took: 0.0000866 seconds
2017-06-09T17:17:46.160-0100: 26218.108: Total time for which application threads were stopped: 0.0001325 seconds, Stopping threads took: 0.0000600 seconds
2017-06-09T17:17:46.160-0100: 26218.108: Total time for which application threads were stopped: 0.0000692 seconds, Stopping threads took: 0.0000075 seconds
2017-06-09T17:17:46.161-0100: 26218.109: Total time for which application threads were stopped: 0.0001332 seconds, Stopping threads took: 0.0000387 seconds
2017-06-09T17:17:46.161-0100: 26218.109: Total time for which application threads were stopped: 0.0001015 seconds, Stopping threads took: 0.0000233 seconds
2017-06-09T17:17:46.161-0100: 26218.109: Total time for which application threads were stopped: 0.0000708 seconds, Stopping threads took: 0.0000103 seconds
2017-06-09T17:17:46.161-0100: 26218.109: Total time for which application threads were stopped: 0.0001992 seconds, Stopping threads took: 0.0000256 seconds
2017-06-09T17:17:46.172-0100: 26218.120: Total time for which application threads were stopped: 0.0001716 seconds, Stopping threads took: 0.0000356 seconds
2017-06-09T17:17:46.172-0100: 26218.120: Total time for which application threads were stopped: 0.0001249 seconds, Stopping threads took: 0.0000341 seconds
2017-06-09T17:17:46.172-0100: 26218.120: Total time for which application threads were stopped: 0.0001160 seconds, Stopping threads took: 0.0000268 seconds
2017-06-09T17:17:46.172-0100: 26218.120: Total time for which application threads were stopped: 0.0001043 seconds, Stopping threads took: 0.0000241 seconds
2017-06-09T17:17:46.174-0100: 26218.122: Total time for which application threads were stopped: 0.0001688 seconds, Stopping threads took: 0.0000379 seconds
2017-06-09T17:17:46.174-0100: 26218.122: Total time for which application threads were stopped: 0.0001175 seconds, Stopping threads took: 0.0000325 seconds
2017-06-09T17:17:46.181-0100: 26218.129: Total time for which application threads were stopped: 0.0001445 seconds, Stopping threads took: 0.0000273 seconds
2017-06-09T17:17:46.182-0100: 26218.130: Total time for which application threads were stopped: 0.0000887 seconds, Stopping threads took: 0.0000141 seconds
2017-06-09T17:17:46.186-0100: 26218.134: Total time for which application threads were stopped: 0.0001293 seconds, Stopping threads took: 0.0000252 seconds
2017-06-09T17:17:46.186-0100: 26218.134: Total time for which application threads were stopped: 0.0000616 seconds, Stopping threads took: 0.0000076 seconds
2017-06-09T17:17:47.616-0100: 26219.564: Total time for which application threads were stopped: 0.0002019 seconds, Stopping threads took: 0.0000648 seconds
2017-06-09T17:17:47.616-0100: 26219.564: Total time for which application threads were stopped: 0.0001106 seconds, Stopping threads took: 0.0000143 seconds
2017-06-09T17:17:47.624-0100: 26219.572: Total time for which application threads were stopped: 0.0002640 seconds, Stopping threads took: 0.0000273 seconds
2017-06-09T17:17:47.625-0100: 26219.573: Total time for which application threads were stopped: 0.0001443 seconds, Stopping threads took: 0.0000091 seconds
2017-06-09T17:17:47.625-0100: 26219.573: Total time for which application threads were stopped: 0.0002040 seconds, Stopping threads took: 0.0000125 seconds
2017-06-09T17:17:52.640-0100: 26224.588: Total time for which application threads were stopped: 0.0001245 seconds, Stopping threads took: 0.0000264 seconds
2017-06-09T17:17:53.092-0100: 26225.040: Total time for which application threads were stopped: 0.0001185 seconds, Stopping threads took: 0.0000240 seconds
2017-06-09T17:17:53.093-0100: 26225.041: Total time for which application threads were stopped: 0.0001016 seconds, Stopping threads took: 0.0000290 seconds
2017-06-09T17:17:53.094-0100: 26225.041: Total time for which application threads were stopped: 0.0000912 seconds, Stopping threads took: 0.0000332 seconds
2017-06-09T17:17:53.094-0100: 26225.042: Total time for which application threads were stopped: 0.0001108 seconds, Stopping threads took: 0.0000485 seconds
2017-06-09T17:17:53.094-0100: 26225.042: Total time for which application threads were stopped: 0.0000765 seconds, Stopping threads took: 0.0000224 seconds
2017-06-09T17:17:53.094-0100: 26225.042: Total time for which application threads were stopped: 0.0000740 seconds, Stopping threads took: 0.0000296 seconds
2017-06-09T17:18:07.093-0100: 26239.041: Total time for which application threads were stopped: 0.0001575 seconds, Stopping threads took: 0.0000311 seconds
2017-06-09T17:18:07.094-0100: 26239.041: Total time for which application threads were stopped: 0.0001180 seconds, Stopping threads took: 0.0000173 seconds
2017-06-09T17:18:07.094-0100: 26239.041: Total time for which application threads were stopped: 0.0000946 seconds, Stopping threads took: 0.0000150 seconds
2017-06-09T17:18:07.094-0100: 26239.042: Total time for which application threads were stopped: 0.0000599 seconds, Stopping threads took: 0.0000096 seconds
2017-06-09T17:18:07.094-0100: 26239.042: Total time for which application threads were stopped: 0.0000582 seconds, Stopping threads took: 0.0000086 seconds
2017-06-09T17:18:07.094-0100: 26239.042: Total time for which application threads were stopped: 0.0000738 seconds, Stopping threads took: 0.0000119 seconds
2017-06-09T17:18:07.094-0100: 26239.042: Total time for which application threads were stopped: 0.0000705 seconds, Stopping threads took: 0.0000111 seconds
2017-06-09T17:18:07.094-0100: 26239.042: Total time for which application threads were stopped: 0.0000720 seconds, Stopping threads took: 0.0000119 seconds
2017-06-09T17:18:07.094-0100: 26239.042: Total time for which application threads were stopped: 0.0000621 seconds, Stopping threads took: 0.0000096 seconds
2017-06-09T17:18:07.104-0100: 26239.051: Total time for which application threads were stopped: 0.0001254 seconds, Stopping threads took: 0.0000363 seconds
2017-06-09T17:18:07.104-0100: 26239.052: Total time for which application threads were stopped: 0.0000734 seconds, Stopping threads took: 0.0000147 seconds
2017-06-09T17:18:07.104-0100: 26239.052: Total time for which application threads were stopped: 0.0000630 seconds, Stopping threads took: 0.0000119 seconds
2017-06-09T17:18:07.104-0100: 26239.052: Total time for which application threads were stopped: 0.0000483 seconds, Stopping threads took: 0.0000071 seconds
2017-06-09T17:18:08.116-0100: 26240.064: Total time for which application threads were stopped: 0.0001059 seconds, Stopping threads took: 0.0000172 seconds
{Heap before GC invocations=114 (full 3):
 par new generation   total 109248K, used 91292K [0x00000007a0000000, 0x00000007a8000000, 0x00000007a8000000)
  eden space 87424K, 100% used [0x00000007a0000000, 0x00000007a5560000, 0x00000007a5560000)
  from space 21824K,  17% used [0x00000007a5560000, 0x00000007a5927080, 0x00000007a6ab0000)
  to   space 21824K,   0% used [0x00000007a6ab0000, 0x00000007a6ab0000, 0x00000007a8000000)
 concurrent mark-sweep generation total 393216K, used 184912K [0x00000007a8000000, 0x00000007c0000000, 0x00000007c0000000)
 Metaspace       used 37589K, capacity 38188K, committed 38652K, reserved 1083392K
  class space    used 4082K, capacity 4276K, committed 4348K, reserved 1048576K
2017-06-09T17:18:08.145-0100: 26240.093: [GC (Allocation Failure) 2017-06-09T17:18:08.145-0100: 26240.093: [ParNew
Desired survivor size 20112992 bytes, new threshold 8 (max 8)
- age   1:    2233080 bytes,    2233080 total
- age   2:    1140304 bytes,    3373384 total
- age   3:      65488 bytes,    3438872 total
- age   4:     127864 bytes,    3566736 total
- age   5:     297016 bytes,    3863752 total
- age   6:     586536 bytes,    4450288 total
: 91292K->5633K(109248K), 0.0037578 secs] 276205K->190546K(502464K), 0.0038285 secs] [Times: user=0.02 sys=0.00, real=0.00 secs] 
Heap after GC invocations=115 (full 3):
 par new generation   total 109248K, used 5633K [0x00000007a0000000, 0x00000007a8000000, 0x00000007a8000000)
  eden space 87424K,   0% used [0x00000007a0000000, 0x00000007a0000000, 0x00000007a5560000)
  from space 21824K,  25% used [0x00000007a6ab0000, 0x00000007a7030740, 0x00000007a8000000)
  to   space 21824K,   0% used [0x00000007a5560000, 0x00000007a5560000, 0x00000007a6ab0000)
 concurrent mark-sweep generation total 393216K, used 184912K [0x00000007a8000000, 0x00000007c0000000, 0x00000007c0000000)
 Metaspace       used 37589K, capacity 38188K, committed 38652K, reserved 1083392K
  class space    used 4082K, capacity 4276K, committed 4348K, reserved 1048576K
}
2017-06-09T17:18:08.149-0100: 26240.097: Total time for which application threads were stopped: 0.0040251 seconds, Stopping threads took: 0.0000183 seconds
2017-06-09T17:18:08.149-0100: 26240.097: Total time for which application threads were stopped: 0.0001386 seconds, Stopping threads took: 0.0000599 seconds
{Heap before GC invocations=115 (full 3):
 par new generation   total 109248K, used 93057K [0x00000007a0000000, 0x00000007a8000000, 0x00000007a8000000)
  eden space 87424K, 100% used [0x00000007a0000000, 0x00000007a5560000, 0x00000007a5560000)
  from space 21824K,  25% used [0x00000007a6ab0000, 0x00000007a7030740, 0x00000007a8000000)
  to   space 21824K,   0% used [0x00000007a5560000, 0x00000007a5560000, 0x00000007a6ab0000)
 concurrent mark-sweep generation total 393216K, used 184912K [0x00000007a8000000, 0x00000007c0000000, 0x00000007c0000000)
 Metaspace       used 37589K, capacity 38188K, committed 38652K, reserved 1083392K
  class space    used 4082K, capacity 4276K, committed 4348K, reserved 1048576K
2017-06-09T17:18:08.350-0100: 26240.298: [GC (Allocation Failure) 2017-06-09T17:18:08.350-0100: 26240.298: [ParNew
Desired survivor size 20112992 bytes, new threshold 8 (max 8)
- age   1:    7400088 bytes,    7400088 total
- age   2:    1700912 bytes,    9101000 total
- age   3:    1140304 bytes,   10241304 total
- age   4:      65488 bytes,   10306792 total
- age   5:     127864 bytes,   10434656 total
- age   6:     297016 bytes,   10731672 total
- age   7:     586536 bytes,   11318208 total
: 93057K->13537K(109248K), 0.0053162 secs] 277970K->198450K(502464K), 0.0053902 secs] [Times: user=0.02 sys=0.00, real=0.00 secs] 
Heap after GC invocations=116 (full 3):
 par new generation   total 109248K, used 13537K [0x00000007a0000000, 0x00000007a8000000, 0x00000007a8000000)
  eden space 87424K,   0% used [0x00000007a0000000, 0x00000007a0000000, 0x00000007a5560000)
  from space 21824K,  62% used [0x00000007a5560000, 0x00000007a62986f8, 0x00000007a6ab0000)
  to   space 21824K,   0% used [0x00000007a6ab0000, 0x00000007a6ab0000, 0x00000007a8000000)
 concurrent mark-sweep generation total 393216K, used 184912K [0x00000007a8000000, 0x00000007c0000000, 0x00000007c0000000)
 Metaspace       used 37589K, capacity 38188K, committed 38652K, reserved 1083392K
  class space    used 4082K, capacity 4276K, committed 4348K, reserved 1048576K
}
2017-06-09T17:18:08.355-0100: 26240.303: Total time for which application threads were stopped: 0.0055808 seconds, Stopping threads took: 0.0000204 seconds
{Heap before GC invocations=116 (full 3):
 par new generation   total 109248K, used 100961K [0x00000007a0000000, 0x00000007a8000000, 0x00000007a8000000)
  eden space 87424K, 100% used [0x00000007a0000000, 0x00000007a5560000, 0x00000007a5560000)
  from space 21824K,  62% used [0x00000007a5560000, 0x00000007a62986f8, 0x00000007a6ab0000)
  to   space 21824K,   0% used [0x00000007a6ab0000, 0x00000007a6ab0000, 0x00000007a8000000)
 concurrent mark-sweep generation total 393216K, used 184912K [0x00000007a8000000, 0x00000007c0000000, 0x00000007c0000000)
 Metaspace       used 37589K, capacity 38188K, committed 38652K, reserved 1083392K
  class space    used 4082K, capacity 4276K, committed 4348K, reserved 1048576K
2017-06-09T17:18:08.587-0100: 26240.535: [GC (Allocation Failure) 2017-06-09T17:18:08.587-0100: 26240.535: [ParNew
Desired survivor size 20112992 bytes, new threshold 8 (max 8)
- age   1:    9822904 bytes,    9822904 total
- age   2:    4173328 bytes,   13996232 total
- age   3:    1700192 bytes,   15696424 total
- age   4:    1140304 bytes,   16836728 total
- age   5:      65488 bytes,   16902216 total
- age   6:     127864 bytes,   17030080 total
- age   7:     297016 bytes,   17327096 total
- age   8:     586536 bytes,   17913632 total
: 100961K->21824K(109248K), 0.0058649 secs] 285874K->206736K(502464K), 0.0059283 secs] [Times: user=0.02 sys=0.00, real=0.01 secs] 
Heap after GC invocations=117 (full 3):
 par new generation   total 109248K, used 21824K [0x00000007a0000000, 0x00000007a8000000, 0x00000007a8000000)
  eden space 87424K,   0% used [0x00000007a0000000, 0x00000007a0000000, 0x00000007a5560000)
  from space 21824K, 100% used [0x00000007a6ab0000, 0x00000007a8000000, 0x00000007a8000000)
  to   space 21824K,   0% used [0x00000007a5560000, 0x00000007a5560000, 0x00000007a6ab0000)
 concurrent mark-sweep generation total 393216K, used 184912K [0x00000007a8000000, 0x00000007c0000000, 0x00000007c0000000)
 Metaspace       used 37589K, capacity 38188K, committed 38652K, reserved 1083392K
  class space    used 4082K, capacity 4276K, committed 4348K, reserved 1048576K
}
2017-06-09T17:18:08.593-0100: 26240.541: Total time for which application threads were stopped: 0.0061151 seconds, Stopping threads took: 0.0000208 seconds
{Heap before GC invocations=117 (full 3):
 par new generation   total 109248K, used 109248K [0x00000007a0000000, 0x00000007a8000000, 0x00000007a8000000)
  eden space 87424K, 100% used [0x00000007a0000000, 0x00000007a5560000, 0x00000007a5560000)
  from space 21824K, 100% used [0x00000007a6ab0000, 0x00000007a8000000, 0x00000007a8000000)
  to   space 21824K,   0% used [0x00000007a5560000, 0x00000007a5560000, 0x00000007a6ab0000)
 concurrent mark-sweep generation total 393216K, used 184912K [0x00000007a8000000, 0x00000007c0000000, 0x00000007c0000000)
 Metaspace       used 37589K, capacity 38188K, committed 38652K, reserved 1083392K
  class space    used 4082K, capacity 4276K, committed 4348K, reserved 1048576K
2017-06-09T17:18:08.845-0100: 26240.793: [GC (Allocation Failure) 2017-06-09T17:18:08.846-0100: 26240.793: [ParNew
Desired survivor size 20112992 bytes, new threshold 4 (max 8)
- age   1:    9588920 bytes,    9588920 total
- age   2:    5060968 bytes,   14649888 total
- age   3:    4031936 bytes,   18681824 total
- age   4:    1675832 bytes,   20357656 total
- age   5:    1140304 bytes,   21497960 total
- age   6:      65488 bytes,   21563448 total
- age   7:     127864 bytes,   21691312 total
- age   8:     297016 bytes,   21988328 total
: 109248K->21824K(109248K), 0.0086584 secs] 294160K->208440K(502464K), 0.0087156 secs] [Times: user=0.03 sys=0.00, real=0.01 secs] 
Heap after GC invocations=118 (full 3):
 par new generation   total 109248K, used 21824K [0x00000007a0000000, 0x00000007a8000000, 0x00000007a8000000)
  eden space 87424K,   0% used [0x00000007a0000000, 0x00000007a0000000, 0x00000007a5560000)
  from space 21824K, 100% used [0x00000007a5560000, 0x00000007a6ab0000, 0x00000007a6ab0000)
  to   space 21824K,   0% used [0x00000007a6ab0000, 0x00000007a6ab0000, 0x00000007a8000000)
 concurrent mark-sweep generation total 393216K, used 186616K [0x00000007a8000000, 0x00000007c0000000, 0x00000007c0000000)
 Metaspace       used 37589K, capacity 38188K, committed 38652K, reserved 1083392K
  class space    used 4082K, capacity 4276K, committed 4348K, reserved 1048576K
}
2017-06-09T17:18:08.854-0100: 26240.802: Total time for which application threads were stopped: 0.0088940 seconds, Stopping threads took: 0.0000204 seconds
{Heap before GC invocations=118 (full 3):
 par new generation   total 109248K, used 109248K [0x00000007a0000000, 0x00000007a8000000, 0x00000007a8000000)
  eden space 87424K, 100% used [0x00000007a0000000, 0x00000007a5560000, 0x00000007a5560000)
  from space 21824K, 100% used [0x00000007a5560000, 0x00000007a6ab0000, 0x00000007a6ab0000)
  to   space 21824K,   0% used [0x00000007a6ab0000, 0x00000007a6ab0000, 0x00000007a8000000)
 concurrent mark-sweep generation total 393216K, used 186616K [0x00000007a8000000, 0x00000007c0000000, 0x00000007c0000000)
 Metaspace       used 37589K, capacity 38188K, committed 38652K, reserved 1083392K
  class space    used 4082K, capacity 4276K, committed 4348K, reserved 1048576K
2017-06-09T17:18:09.118-0100: 26241.065: [GC (Allocation Failure) 2017-06-09T17:18:09.118-0100: 26241.065: [ParNew
Desired survivor size 20112992 bytes, new threshold 4 (max 8)
- age   1:    9845672 bytes,    9845672 total
- age   2:    4096048 bytes,   13941720 total
- age   3:    4136560 bytes,   18078280 total
- age   4:    3857728 bytes,   21936008 total
: 109248K->21824K(109248K), 0.0168568 secs] 295864K->214964K(502464K), 0.0169196 secs] [Times: user=0.04 sys=0.02, real=0.02 secs] 
Heap after GC invocations=119 (full 3):
 par new generation   total 109248K, used 21824K [0x00000007a0000000, 0x00000007a8000000, 0x00000007a8000000)
  eden space 87424K,   0% used [0x00000007a0000000, 0x00000007a0000000, 0x00000007a5560000)
  from space 21824K, 100% used [0x00000007a6ab0000, 0x00000007a8000000, 0x00000007a8000000)
  to   space 21824K,   0% used [0x00000007a5560000, 0x00000007a5560000, 0x00000007a6ab0000)
 concurrent mark-sweep generation total 393216K, used 193140K [0x00000007a8000000, 0x00000007c0000000, 0x00000007c0000000)
 Metaspace       used 37589K, capacity 38188K, committed 38652K, reserved 1083392K
  class space    used 4082K, capacity 4276K, committed 4348K, reserved 1048576K
}
2017-06-09T17:18:09.135-0100: 26241.082: Total time for which application threads were stopped: 0.0171058 seconds, Stopping threads took: 0.0000202 seconds
{Heap before GC invocations=119 (full 3):
 par new generation   total 109248K, used 109248K [0x00000007a0000000, 0x00000007a8000000, 0x00000007a8000000)
  eden space 87424K, 100% used [0x00000007a0000000, 0x00000007a5560000, 0x00000007a5560000)
  from space 21824K, 100% used [0x00000007a6ab0000, 0x00000007a8000000, 0x00000007a8000000)
  to   space 21824K,   0% used [0x00000007a5560000, 0x00000007a5560000, 0x00000007a6ab0000)
 concurrent mark-sweep generation total 393216K, used 193140K [0x00000007a8000000, 0x00000007c0000000, 0x00000007c0000000)
 Metaspace       used 37589K, capacity 38188K, committed 38652K, reserved 1083392K
  class space    used 4082K, capacity 4276K, committed 4348K, reserved 1048576K
2017-06-09T17:18:09.393-0100: 26241.340: [GC (Allocation Failure) 2017-06-09T17:18:09.393-0100: 26241.340: [ParNew
Desired survivor size 20112992 bytes, new threshold 4 (max 8)
- age   1:   12079664 bytes,   12079664 total
- age   2:    3428880 bytes,   15508544 total
- age   3:    2966672 bytes,   18475216 total
- age   4:    3698376 bytes,   22173592 total
: 109248K->21824K(109248K), 0.0137263 secs] 302388K->222412K(502464K), 0.0137890 secs] [Times: user=0.04 sys=0.01, real=0.01 secs] 
Heap after GC invocations=120 (full 3):
 par new generation   total 109248K, used 21824K [0x00000007a0000000, 0x00000007a8000000, 0x00000007a8000000)
  eden space 87424K,   0% used [0x00000007a0000000, 0x00000007a0000000, 0x00000007a5560000)
  from space 21824K, 100% used [0x00000007a5560000, 0x00000007a6ab0000, 0x00000007a6ab0000)
  to   space 21824K,   0% used [0x00000007a6ab0000, 0x00000007a6ab0000, 0x00000007a8000000)
 concurrent mark-sweep generation total 393216K, used 200588K [0x00000007a8000000, 0x00000007c0000000, 0x00000007c0000000)
 Metaspace       used 37589K, capacity 38188K, committed 38652K, reserved 1083392K
  class space    used 4082K, capacity 4276K, committed 4348K, reserved 1048576K
}
2017-06-09T17:18:09.406-0100: 26241.354: Total time for which application threads were stopped: 0.0139640 seconds, Stopping threads took: 0.0000198 seconds
2017-06-09T17:18:09.407-0100: 26241.354: [GC (CMS Initial Mark) [1 CMS-initial-mark: 200588K(393216K)] 223972K(502464K), 0.0019039 secs] [Times: user=0.00 sys=0.00, real=0.00 secs] 
2017-06-09T17:18:09.409-0100: 26241.356: Total time for which application threads were stopped: 0.0020607 seconds, Stopping threads took: 0.0000586 seconds
2017-06-09T17:18:09.409-0100: 26241.356: [CMS-concurrent-mark-start]
2017-06-09T17:18:09.418-0100: 26241.366: [CMS-concurrent-mark: 0.009/0.009 secs] [Times: user=0.04 sys=0.00, real=0.01 secs] 
2017-06-09T17:18:09.418-0100: 26241.366: [CMS-concurrent-preclean-start]
2017-06-09T17:18:09.419-0100: 26241.367: [CMS-concurrent-preclean: 0.001/0.001 secs] [Times: user=0.01 sys=0.00, real=0.00 secs] 
2017-06-09T17:18:09.419-0100: 26241.367: [CMS-concurrent-abortable-preclean-start]
2017-06-09T17:18:09.543-0100: 26241.491: [CMS-concurrent-abortable-preclean: 0.124/0.124 secs] [Times: user=0.24 sys=0.01, real=0.13 secs] 
2017-06-09T17:18:09.543-0100: 26241.491: [GC (CMS Final Remark) [YG occupancy: 66846 K (109248 K)]{Heap before GC invocations=120 (full 4):
 par new generation   total 109248K, used 66846K [0x00000007a0000000, 0x00000007a8000000, 0x00000007a8000000)
  eden space 87424K,  51% used [0x00000007a0000000, 0x00000007a2bf7980, 0x00000007a5560000)
  from space 21824K, 100% used [0x00000007a5560000, 0x00000007a6ab0000, 0x00000007a6ab0000)
  to   space 21824K,   0% used [0x00000007a6ab0000, 0x00000007a6ab0000, 0x00000007a8000000)
 concurrent mark-sweep generation total 393216K, used 200588K [0x00000007a8000000, 0x00000007c0000000, 0x00000007c0000000)
 Metaspace       used 37589K, capacity 38188K, committed 38652K, reserved 1083392K
  class space    used 4082K, capacity 4276K, committed 4348K, reserved 1048576K
2017-06-09T17:18:09.543-0100: 26241.491: [GC (CMS Final Remark) 2017-06-09T17:18:09.543-0100: 26241.491: [ParNew
Desired survivor size 20112992 bytes, new threshold 8 (max 8)
- age   1:    7118328 bytes,    7118328 total
- age   2:    8178256 bytes,   15296584 total
- age   3:    2381360 bytes,   17677944 total
- age   4:    2410328 bytes,   20088272 total
: 66846K->21824K(109248K), 0.0109100 secs] 267434K->228039K(502464K), 0.0109547 secs] [Times: user=0.03 sys=0.01, real=0.01 secs] 
Heap after GC invocations=121 (full 4):
 par new generation   total 109248K, used 21824K [0x00000007a0000000, 0x00000007a8000000, 0x00000007a8000000)
  eden space 87424K,   0% used [0x00000007a0000000, 0x00000007a0000000, 0x00000007a5560000)
  from space 21824K, 100% used [0x00000007a6ab0000, 0x00000007a8000000, 0x00000007a8000000)
  to   space 21824K,   0% used [0x00000007a5560000, 0x00000007a5560000, 0x00000007a6ab0000)
 concurrent mark-sweep generation total 393216K, used 206215K [0x00000007a8000000, 0x00000007c0000000, 0x00000007c0000000)
 Metaspace       used 37589K, capacity 38188K, committed 38652K, reserved 1083392K
  class space    used 4082K, capacity 4276K, committed 4348K, reserved 1048576K
}
2017-06-09T17:18:09.554-0100: 26241.502: [Rescan (parallel) , 0.0022638 secs]2017-06-09T17:18:09.557-0100: 26241.504: [weak refs processing, 0.0017807 secs]2017-06-09T17:18:09.558-0100: 26241.506: [class unloading, 0.0130311 secs]2017-06-09T17:18:09.572-0100: 26241.519: [scrub symbol table, 0.0037246 secs]2017-06-09T17:18:09.575-0100: 26241.523: [scrub string table, 0.0004538 secs][1 CMS-remark: 206215K(393216K)] 228039K(502464K), 0.0325368 secs] [Times: user=0.06 sys=0.01, real=0.03 secs] 
2017-06-09T17:18:09.576-0100: 26241.524: Total time for which application threads were stopped: 0.0327839 seconds, Stopping threads took: 0.0000558 seconds
2017-06-09T17:18:09.576-0100: 26241.524: [CMS-concurrent-sweep-start]
2017-06-09T17:18:09.576-0100: 26241.524: Total time for which application threads were stopped: 0.0001282 seconds, Stopping threads took: 0.0000409 seconds
2017-06-09T17:18:09.616-0100: 26241.564: [CMS-concurrent-sweep: 0.040/0.040 secs] [Times: user=0.08 sys=0.00, real=0.04 secs] 
2017-06-09T17:18:09.616-0100: 26241.564: [CMS-concurrent-reset-start]
2017-06-09T17:18:09.616-0100: 26241.564: [CMS-concurrent-reset: 0.000/0.000 secs] [Times: user=0.00 sys=0.00, real=0.00 secs] 
{Heap before GC invocations=121 (full 4):
 par new generation   total 109248K, used 109189K [0x00000007a0000000, 0x00000007a8000000, 0x00000007a8000000)
  eden space 87424K,  99% used [0x00000007a0000000, 0x00000007a5551610, 0x00000007a5560000)
  from space 21824K, 100% used [0x00000007a6ab0000, 0x00000007a8000000, 0x00000007a8000000)
  to   space 21824K,   0% used [0x00000007a5560000, 0x00000007a5560000, 0x00000007a6ab0000)
 concurrent mark-sweep generation total 393216K, used 45347K [0x00000007a8000000, 0x00000007c0000000, 0x00000007c0000000)
 Metaspace       used 37589K, capacity 38188K, committed 38652K, reserved 1083392K
  class space    used 4082K, capacity 4276K, committed 4348K, reserved 1048576K
2017-06-09T17:18:09.840-0100: 26241.788: [GC (Allocation Failure) 2017-06-09T17:18:09.840-0100: 26241.788: [ParNew
Desired survivor size 20112992 bytes, new threshold 5 (max 8)
- age   1:   10883888 bytes,   10883888 total
- age   2:    2950336 bytes,   13834224 total
- age   3:    3388384 bytes,   17222608 total
- age   4:    1852536 bytes,   19075144 total
- age   5:    1917504 bytes,   20992648 total
: 109189K->21824K(109248K), 0.0082547 secs] 154536K->72040K(502464K), 0.0083177 secs] [Times: user=0.02 sys=0.00, real=0.00 secs] 
Heap after GC invocations=122 (full 4):
 par new generation   total 109248K, used 21824K [0x00000007a0000000, 0x00000007a8000000, 0x00000007a8000000)
  eden space 87424K,   0% used [0x00000007a0000000, 0x00000007a0000000, 0x00000007a5560000)
  from space 21824K, 100% used [0x00000007a5560000, 0x00000007a6ab0000, 0x00000007a6ab0000)
  to   space 21824K,   0% used [0x00000007a6ab0000, 0x00000007a6ab0000, 0x00000007a8000000)
 concurrent mark-sweep generation total 393216K, used 50216K [0x00000007a8000000, 0x00000007c0000000, 0x00000007c0000000)
 Metaspace       used 37589K, capacity 38188K, committed 38652K, reserved 1083392K
  class space    used 4082K, capacity 4276K, committed 4348K, reserved 1048576K
}
2017-06-09T17:18:09.849-0100: 26241.797: Total time for which application threads were stopped: 0.0085356 seconds, Stopping threads took: 0.0000201 seconds
{Heap before GC invocations=122 (full 4):
 par new generation   total 109248K, used 109248K [0x00000007a0000000, 0x00000007a8000000, 0x00000007a8000000)
  eden space 87424K, 100% used [0x00000007a0000000, 0x00000007a5560000, 0x00000007a5560000)
  from space 21824K, 100% used [0x00000007a5560000, 0x00000007a6ab0000, 0x00000007a6ab0000)
  to   space 21824K,   0% used [0x00000007a6ab0000, 0x00000007a6ab0000, 0x00000007a8000000)
 concurrent mark-sweep generation total 393216K, used 50216K [0x00000007a8000000, 0x00000007c0000000, 0x00000007c0000000)
 Metaspace       used 37590K, capacity 38188K, committed 38652K, reserved 1083392K
  class space    used 4082K, capacity 4276K, committed 4348K, reserved 1048576K
2017-06-09T17:18:10.112-0100: 26242.060: [GC (Allocation Failure) 2017-06-09T17:18:10.112-0100: 26242.060: [ParNew
Desired survivor size 20112992 bytes, new threshold 5 (max 8)
- age   1:   11011232 bytes,   11011232 total
- age   2:    3200248 bytes,   14211480 total
- age   3:    2519832 bytes,   16731312 total
- age   4:    2980504 bytes,   19711816 total
- age   5:    1480064 bytes,   21191880 total
: 109248K->21824K(109248K), 0.0095068 secs] 159464K->79429K(502464K), 0.0095873 secs] [Times: user=0.03 sys=0.01, real=0.01 secs] 
Heap after GC invocations=123 (full 4):
 par new generation   total 109248K, used 21824K [0x00000007a0000000, 0x00000007a8000000, 0x00000007a8000000)
  eden space 87424K,   0% used [0x00000007a0000000, 0x00000007a0000000, 0x00000007a5560000)
  from space 21824K, 100% used [0x00000007a6ab0000, 0x00000007a8000000, 0x00000007a8000000)
  to   space 21824K,   0% used [0x00000007a5560000, 0x00000007a5560000, 0x00000007a6ab0000)
 concurrent mark-sweep generation total 393216K, used 57605K [0x00000007a8000000, 0x00000007c0000000, 0x00000007c0000000)
 Metaspace       used 37590K, capacity 38188K, committed 38652K, reserved 1083392K
  class space    used 4082K, capacity 4276K, committed 4348K, reserved 1048576K
}
2017-06-09T17:18:10.122-0100: 26242.070: Total time for which application threads were stopped: 0.0097884 seconds, Stopping threads took: 0.0000182 seconds
{Heap before GC invocations=123 (full 4):
 par new generation   total 109248K, used 109248K [0x00000007a0000000, 0x00000007a8000000, 0x00000007a8000000)
  eden space 87424K, 100% used [0x00000007a0000000, 0x00000007a5560000, 0x00000007a5560000)
  from space 21824K, 100% used [0x00000007a6ab0000, 0x00000007a8000000, 0x00000007a8000000)
  to   space 21824K,   0% used [0x00000007a5560000, 0x00000007a5560000, 0x00000007a6ab0000)
 concurrent mark-sweep generation total 393216K, used 57605K [0x00000007a8000000, 0x00000007c0000000, 0x00000007c0000000)
 Metaspace       used 37590K, capacity 38188K, committed 38652K, reserved 1083392K
  class space    used 4082K, capacity 4276K, committed 4348K, reserved 1048576K
2017-06-09T17:18:10.404-0100: 26242.352: [GC (Allocation Failure) 2017-06-09T17:18:10.404-0100: 26242.352: [ParNew
Desired survivor size 20112992 bytes, new threshold 5 (max 8)
- age   1:   11055992 bytes,   11055992 total
- age   2:    2895552 bytes,   13951544 total
- age   3:    2990056 bytes,   16941600 total
- age   4:    2454552 bytes,   19396152 total
- age   5:    2860240 bytes,   22256392 total
: 109248K->21824K(109248K), 0.0091687 secs] 166853K->86115K(502464K), 0.0092335 secs] [Times: user=0.03 sys=0.00, real=0.01 secs] 
Heap after GC invocations=124 (full 4):
 par new generation   total 109248K, used 21824K [0x00000007a0000000, 0x00000007a8000000, 0x00000007a8000000)
  eden space 87424K,   0% used [0x00000007a0000000, 0x00000007a0000000, 0x00000007a5560000)
  from space 21824K, 100% used [0x00000007a5560000, 0x00000007a6ab0000, 0x00000007a6ab0000)
  to   space 21824K,   0% used [0x00000007a6ab0000, 0x00000007a6ab0000, 0x00000007a8000000)
 concurrent mark-sweep generation total 393216K, used 64291K [0x00000007a8000000, 0x00000007c0000000, 0x00000007c0000000)
 Metaspace       used 37590K, capacity 38188K, committed 38652K, reserved 1083392K
  class space    used 4082K, capacity 4276K, committed 4348K, reserved 1048576K
}
2017-06-09T17:18:10.413-0100: 26242.361: Total time for which application threads were stopped: 0.0094516 seconds, Stopping threads took: 0.0000474 seconds
{Heap before GC invocations=124 (full 4):
 par new generation   total 109248K, used 109248K [0x00000007a0000000, 0x00000007a8000000, 0x00000007a8000000)
  eden space 87424K, 100% used [0x00000007a0000000, 0x00000007a5560000, 0x00000007a5560000)
  from space 21824K, 100% used [0x00000007a5560000, 0x00000007a6ab0000, 0x00000007a6ab0000)
  to   space 21824K,   0% used [0x00000007a6ab0000, 0x00000007a6ab0000, 0x00000007a8000000)
 concurrent mark-sweep generation total 393216K, used 64291K [0x00000007a8000000, 0x00000007c0000000, 0x00000007c0000000)
 Metaspace       used 37590K, capacity 38188K, committed 38652K, reserved 1083392K
  class space    used 4082K, capacity 4276K, committed 4348K, reserved 1048576K
2017-06-09T17:18:10.719-0100: 26242.667: [GC (Allocation Failure) 2017-06-09T17:18:10.719-0100: 26242.667: [ParNew
Desired survivor size 20112992 bytes, new threshold 5 (max 8)
- age   1:   13061968 bytes,   13061968 total
- age   2:    1766360 bytes,   14828328 total
- age   3:    2015440 bytes,   16843768 total
- age   4:    2868648 bytes,   19712416 total
- age   5:    2390920 bytes,   22103336 total
: 109248K->21824K(109248K), 0.0100681 secs] 173539K->97339K(502464K), 0.0101437 secs] [Times: user=0.03 sys=0.00, real=0.01 secs] 
Heap after GC invocations=125 (full 4):
 par new generation   total 109248K, used 21824K [0x00000007a0000000, 0x00000007a8000000, 0x00000007a8000000)
  eden space 87424K,   0% used [0x00000007a0000000, 0x00000007a0000000, 0x00000007a5560000)
  from space 21824K, 100% used [0x00000007a6ab0000, 0x00000007a8000000, 0x00000007a8000000)
  to   space 21824K,   0% used [0x00000007a5560000, 0x00000007a5560000, 0x00000007a6ab0000)
 concurrent mark-sweep generation total 393216K, used 75515K [0x00000007a8000000, 0x00000007c0000000, 0x00000007c0000000)
 Metaspace       used 37590K, capacity 38188K, committed 38652K, reserved 1083392K
  class space    used 4082K, capacity 4276K, committed 4348K, reserved 1048576K
}
2017-06-09T17:18:10.729-0100: 26242.677: Total time for which application threads were stopped: 0.0103338 seconds, Stopping threads took: 0.0000193 seconds
{Heap before GC invocations=125 (full 4):
 par new generation   total 109248K, used 108896K [0x00000007a0000000, 0x00000007a8000000, 0x00000007a8000000)
  eden space 87424K,  99% used [0x00000007a0000000, 0x00000007a5508008, 0x00000007a5560000)
  from space 21824K, 100% used [0x00000007a6ab0000, 0x00000007a8000000, 0x00000007a8000000)
  to   space 21824K,   0% used [0x00000007a5560000, 0x00000007a5560000, 0x00000007a6ab0000)
 concurrent mark-sweep generation total 393216K, used 75515K [0x00000007a8000000, 0x00000007c0000000, 0x00000007c0000000)
 Metaspace       used 37590K, capacity 38188K, committed 38652K, reserved 1083392K
  class space    used 4082K, capacity 4276K, committed 4348K, reserved 1048576K
2017-06-09T17:18:10.998-0100: 26242.946: [GC (Allocation Failure) 2017-06-09T17:18:10.998-0100: 26242.946: [ParNew
Desired survivor size 20112992 bytes, new threshold 5 (max 8)
- age   1:   10937240 bytes,   10937240 total
- age   2:    3888128 bytes,   14825368 total
- age   3:    1372008 bytes,   16197376 total
- age   4:    1974752 bytes,   18172128 total
- age   5:    2749488 bytes,   20921616 total
: 108896K->21824K(109248K), 0.0081144 secs] 184411K->109264K(502464K), 0.0081905 secs] [Times: user=0.03 sys=0.00, real=0.01 secs] 
Heap after GC invocations=126 (full 4):
 par new generation   total 109248K, used 21824K [0x00000007a0000000, 0x00000007a8000000, 0x00000007a8000000)
  eden space 87424K,   0% used [0x00000007a0000000, 0x00000007a0000000, 0x00000007a5560000)
  from space 21824K, 100% used [0x00000007a5560000, 0x00000007a6ab0000, 0x00000007a6ab0000)
  to   space 21824K,   0% used [0x00000007a6ab0000, 0x00000007a6ab0000, 0x00000007a8000000)
 concurrent mark-sweep generation total 393216K, used 87440K [0x00000007a8000000, 0x00000007c0000000, 0x00000007c0000000)
 Metaspace       used 37590K, capacity 38188K, committed 38652K, reserved 1083392K
  class space    used 4082K, capacity 4276K, committed 4348K, reserved 1048576K
}
2017-06-09T17:18:11.006-0100: 26242.954: Total time for which application threads were stopped: 0.0083861 seconds, Stopping threads took: 0.0000223 seconds
{Heap before GC invocations=126 (full 4):
 par new generation   total 109248K, used 109248K [0x00000007a0000000, 0x00000007a8000000, 0x00000007a8000000)
  eden space 87424K, 100% used [0x00000007a0000000, 0x00000007a5560000, 0x00000007a5560000)
  from space 21824K, 100% used [0x00000007a5560000, 0x00000007a6ab0000, 0x00000007a6ab0000)
  to   space 21824K,   0% used [0x00000007a6ab0000, 0x00000007a6ab0000, 0x00000007a8000000)
 concurrent mark-sweep generation total 393216K, used 87440K [0x00000007a8000000, 0x00000007c0000000, 0x00000007c0000000)
 Metaspace       used 37590K, capacity 38188K, committed 38652K, reserved 1083392K
  class space    used 4082K, capacity 4276K, committed 4348K, reserved 1048576K
2017-06-09T17:18:11.303-0100: 26243.251: [GC (Allocation Failure) 2017-06-09T17:18:11.303-0100: 26243.251: [ParNew
Desired survivor size 20112992 bytes, new threshold 4 (max 8)
- age   1:    9610264 bytes,    9610264 total
- age   2:    6075848 bytes,   15686112 total
- age   3:    3265736 bytes,   18951848 total
- age   4:    1316776 bytes,   20268624 total
- age   5:    1823456 bytes,   22092080 total
: 109248K->21824K(109248K), 0.0083572 secs] 196688K->116883K(502464K), 0.0084312 secs] [Times: user=0.03 sys=0.01, real=0.01 secs] 
Heap after GC invocations=127 (full 4):
 par new generation   total 109248K, used 21824K [0x00000007a0000000, 0x00000007a8000000, 0x00000007a8000000)
  eden space 87424K,   0% used [0x00000007a0000000, 0x00000007a0000000, 0x00000007a5560000)
  from space 21824K, 100% used [0x00000007a6ab0000, 0x00000007a8000000, 0x00000007a8000000)
  to   space 21824K,   0% used [0x00000007a5560000, 0x00000007a5560000, 0x00000007a6ab0000)
 concurrent mark-sweep generation total 393216K, used 95059K [0x00000007a8000000, 0x00000007c0000000, 0x00000007c0000000)
 Metaspace       used 37590K, capacity 38188K, committed 38652K, reserved 1083392K
  class space    used 4082K, capacity 4276K, committed 4348K, reserved 1048576K
}
2017-06-09T17:18:11.312-0100: 26243.259: Total time for which application threads were stopped: 0.0086196 seconds, Stopping threads took: 0.0000204 seconds
{Heap before GC invocations=127 (full 4):
 par new generation   total 109248K, used 109248K [0x00000007a0000000, 0x00000007a8000000, 0x00000007a8000000)
  eden space 87424K, 100% used [0x00000007a0000000, 0x00000007a5560000, 0x00000007a5560000)
  from space 21824K, 100% used [0x00000007a6ab0000, 0x00000007a8000000, 0x00000007a8000000)
  to   space 21824K,   0% used [0x00000007a5560000, 0x00000007a5560000, 0x00000007a6ab0000)
 concurrent mark-sweep generation total 393216K, used 95059K [0x00000007a8000000, 0x00000007c0000000, 0x00000007c0000000)
 Metaspace       used 37591K, capacity 38188K, committed 38652K, reserved 1083392K
  class space    used 4082K, capacity 4276K, committed 4348K, reserved 1048576K
2017-06-09T17:18:11.589-0100: 26243.537: [GC (Allocation Failure) 2017-06-09T17:18:11.589-0100: 26243.537: [ParNew
Desired survivor size 20112992 bytes, new threshold 4 (max 8)
- age   1:    9086512 bytes,    9086512 total
- age   2:    5701344 bytes,   14787856 total
- age   3:    3758696 bytes,   18546552 total
- age   4:    3265568 bytes,   21812120 total
: 109248K->21824K(109248K), 0.0086820 secs] 204307K->129620K(502464K), 0.0087602 secs] [Times: user=0.03 sys=0.00, real=0.01 secs] 
Heap after GC invocations=128 (full 4):
 par new generation   total 109248K, used 21824K [0x00000007a0000000, 0x00000007a8000000, 0x00000007a8000000)
  eden space 87424K,   0% used [0x00000007a0000000, 0x00000007a0000000, 0x00000007a5560000)
  from space 21824K, 100% used [0x00000007a5560000, 0x00000007a6ab0000, 0x00000007a6ab0000)
  to   space 21824K,   0% used [0x00000007a6ab0000, 0x00000007a6ab0000, 0x00000007a8000000)
 concurrent mark-sweep generation total 393216K, used 107796K [0x00000007a8000000, 0x00000007c0000000, 0x00000007c0000000)
 Metaspace       used 37591K, capacity 38188K, committed 38652K, reserved 1083392K
  class space    used 4082K, capacity 4276K, committed 4348K, reserved 1048576K
}
2017-06-09T17:18:11.598-0100: 26243.545: Total time for which application threads were stopped: 0.0090094 seconds, Stopping threads took: 0.0000197 seconds
{Heap before GC invocations=128 (full 4):
 par new generation   total 109248K, used 109248K [0x00000007a0000000, 0x00000007a8000000, 0x00000007a8000000)
  eden space 87424K, 100% used [0x00000007a0000000, 0x00000007a5560000, 0x00000007a5560000)
  from space 21824K, 100% used [0x00000007a5560000, 0x00000007a6ab0000, 0x00000007a6ab0000)
  to   space 21824K,   0% used [0x00000007a6ab0000, 0x00000007a6ab0000, 0x00000007a8000000)
 concurrent mark-sweep generation total 393216K, used 107796K [0x00000007a8000000, 0x00000007c0000000, 0x00000007c0000000)
 Metaspace       used 37591K, capacity 38188K, committed 38652K, reserved 1083392K
  class space    used 4082K, capacity 4276K, committed 4348K, reserved 1048576K
2017-06-09T17:18:11.898-0100: 26243.846: [GC (Allocation Failure) 2017-06-09T17:18:11.898-0100: 26243.846: [ParNew
Desired survivor size 20112992 bytes, new threshold 4 (max 8)
- age   1:   13220856 bytes,   13220856 total
- age   2:    2058984 bytes,   15279840 total
- age   3:    3492264 bytes,   18772104 total
- age   4:    3624000 bytes,   22396104 total
: 109248K->21824K(109248K), 0.0088706 secs] 217044K->140323K(502464K), 0.0089484 secs] [Times: user=0.04 sys=0.00, real=0.01 secs] 
Heap after GC invocations=129 (full 4):
 par new generation   total 109248K, used 21824K [0x00000007a0000000, 0x00000007a8000000, 0x00000007a8000000)
  eden space 87424K,   0% used [0x00000007a0000000, 0x00000007a0000000, 0x00000007a5560000)
  from space 21824K, 100% used [0x00000007a6ab0000, 0x00000007a8000000, 0x00000007a8000000)
  to   space 21824K,   0% used [0x00000007a5560000, 0x00000007a5560000, 0x00000007a6ab0000)
 concurrent mark-sweep generation total 393216K, used 118499K [0x00000007a8000000, 0x00000007c0000000, 0x00000007c0000000)
 Metaspace       used 37591K, capacity 38188K, committed 38652K, reserved 1083392K
  class space    used 4082K, capacity 4276K, committed 4348K, reserved 1048576K
}
2017-06-09T17:18:11.907-0100: 26243.855: Total time for which application threads were stopped: 0.0091337 seconds, Stopping threads took: 0.0000205 seconds
{Heap before GC invocations=129 (full 4):
 par new generation   total 109248K, used 109248K [0x00000007a0000000, 0x00000007a8000000, 0x00000007a8000000)
  eden space 87424K, 100% used [0x00000007a0000000, 0x00000007a5560000, 0x00000007a5560000)
  from space 21824K, 100% used [0x00000007a6ab0000, 0x00000007a8000000, 0x00000007a8000000)
  to   space 21824K,   0% used [0x00000007a5560000, 0x00000007a5560000, 0x00000007a6ab0000)
 concurrent mark-sweep generation total 393216K, used 118499K [0x00000007a8000000, 0x00000007c0000000, 0x00000007c0000000)
 Metaspace       used 37591K, capacity 38188K, committed 38652K, reserved 1083392K
  class space    used 4082K, capacity 4276K, committed 4348K, reserved 1048576K
2017-06-09T17:18:12.192-0100: 26244.140: [GC (Allocation Failure) 2017-06-09T17:18:12.192-0100: 26244.140: [ParNew
Desired survivor size 20112992 bytes, new threshold 4 (max 8)
- age   1:    7307648 bytes,    7307648 total
- age   2:    9289440 bytes,   16597088 total
- age   3:    1753712 bytes,   18350800 total
- age   4:    3261336 bytes,   21612136 total
: 109248K->21824K(109248K), 0.0105528 secs] 227747K->150794K(502464K), 0.0106128 secs] [Times: user=0.04 sys=0.00, real=0.01 secs] 
Heap after GC invocations=130 (full 4):
 par new generation   total 109248K, used 21824K [0x00000007a0000000, 0x00000007a8000000, 0x00000007a8000000)
  eden space 87424K,   0% used [0x00000007a0000000, 0x00000007a0000000, 0x00000007a5560000)
  from space 21824K, 100% used [0x00000007a5560000, 0x00000007a6ab0000, 0x00000007a6ab0000)
  to   space 21824K,   0% used [0x00000007a6ab0000, 0x00000007a6ab0000, 0x00000007a8000000)
 concurrent mark-sweep generation total 393216K, used 128970K [0x00000007a8000000, 0x00000007c0000000, 0x00000007c0000000)
 Metaspace       used 37591K, capacity 38188K, committed 38652K, reserved 1083392K
  class space    used 4082K, capacity 4276K, committed 4348K, reserved 1048576K
}
2017-06-09T17:18:12.203-0100: 26244.151: Total time for which application threads were stopped: 0.0108737 seconds, Stopping threads took: 0.0000305 seconds
{Heap before GC invocations=130 (full 4):
 par new generation   total 109248K, used 109248K [0x00000007a0000000, 0x00000007a8000000, 0x00000007a8000000)
  eden space 87424K, 100% used [0x00000007a0000000, 0x00000007a5560000, 0x00000007a5560000)
  from space 21824K, 100% used [0x00000007a5560000, 0x00000007a6ab0000, 0x00000007a6ab0000)
  to   space 21824K,   0% used [0x00000007a6ab0000, 0x00000007a6ab0000, 0x00000007a8000000)
 concurrent mark-sweep generation total 393216K, used 128970K [0x00000007a8000000, 0x00000007c0000000, 0x00000007c0000000)
 Metaspace       used 37591K, capacity 38188K, committed 38652K, reserved 1083392K
  class space    used 4082K, capacity 4276K, committed 4348K, reserved 1048576K
2017-06-09T17:18:12.491-0100: 26244.439: [GC (Allocation Failure) 2017-06-09T17:18:12.491-0100: 26244.439: [ParNew
Desired survivor size 20112992 bytes, new threshold 4 (max 8)
- age   1:    8354872 bytes,    8354872 total
- age   2:    6399048 bytes,   14753920 total
- age   3:    3698352 bytes,   18452272 total
- age   4:    1746424 bytes,   20198696 total
: 109248K->21824K(109248K), 0.0111286 secs] 238218K->159182K(502464K), 0.0112047 secs] [Times: user=0.04 sys=0.00, real=0.01 secs] 
Heap after GC invocations=131 (full 4):
 par new generation   total 109248K, used 21824K [0x00000007a0000000, 0x00000007a8000000, 0x00000007a8000000)
  eden space 87424K,   0% used [0x00000007a0000000, 0x00000007a0000000, 0x00000007a5560000)
  from space 21824K, 100% used [0x00000007a6ab0000, 0x00000007a8000000, 0x00000007a8000000)
  to   space 21824K,   0% used [0x00000007a5560000, 0x00000007a5560000, 0x00000007a6ab0000)
 concurrent mark-sweep generation total 393216K, used 137358K [0x00000007a8000000, 0x00000007c0000000, 0x00000007c0000000)
 Metaspace       used 37591K, capacity 38188K, committed 38652K, reserved 1083392K
  class space    used 4082K, capacity 4276K, committed 4348K, reserved 1048576K
}
2017-06-09T17:18:12.502-0100: 26244.450: Total time for which application threads were stopped: 0.0114069 seconds, Stopping threads took: 0.0000215 seconds
{Heap before GC invocations=131 (full 4):
 par new generation   total 109248K, used 109248K [0x00000007a0000000, 0x00000007a8000000, 0x00000007a8000000)
  eden space 87424K, 100% used [0x00000007a0000000, 0x00000007a5560000, 0x00000007a5560000)
  from space 21824K, 100% used [0x00000007a6ab0000, 0x00000007a8000000, 0x00000007a8000000)
  to   space 21824K,   0% used [0x00000007a5560000, 0x00000007a5560000, 0x00000007a6ab0000)
 concurrent mark-sweep generation total 393216K, used 137358K [0x00000007a8000000, 0x00000007c0000000, 0x00000007c0000000)
 Metaspace       used 37591K, capacity 38188K, committed 38652K, reserved 1083392K
  class space    used 4082K, capacity 4276K, committed 4348K, reserved 1048576K
2017-06-09T17:18:13.456-0100: 26245.404: [GC (Allocation Failure) 2017-06-09T17:18:13.456-0100: 26245.404: [ParNew
Desired survivor size 20112992 bytes, new threshold 4 (max 8)
- age   1:    4237080 bytes,    4237080 total
- age   2:    7746168 bytes,   11983248 total
- age   3:    6050528 bytes,   18033776 total
- age   4:    3223576 bytes,   21257352 total
: 109248K->21824K(109248K), 0.0129652 secs] 246606K->163270K(502464K), 0.0130296 secs] [Times: user=0.05 sys=0.00, real=0.01 secs] 
Heap after GC invocations=132 (full 4):
 par new generation   total 109248K, used 21824K [0x00000007a0000000, 0x00000007a8000000, 0x00000007a8000000)
  eden space 87424K,   0% used [0x00000007a0000000, 0x00000007a0000000, 0x00000007a5560000)
  from space 21824K, 100% used [0x00000007a5560000, 0x00000007a6ab0000, 0x00000007a6ab0000)
  to   space 21824K,   0% used [0x00000007a6ab0000, 0x00000007a6ab0000, 0x00000007a8000000)
 concurrent mark-sweep generation total 393216K, used 141446K [0x00000007a8000000, 0x00000007c0000000, 0x00000007c0000000)
 Metaspace       used 37591K, capacity 38188K, committed 38652K, reserved 1083392K
  class space    used 4082K, capacity 4276K, committed 4348K, reserved 1048576K
}
2017-06-09T17:18:13.469-0100: 26245.417: Total time for which application threads were stopped: 0.0133055 seconds, Stopping threads took: 0.0000238 seconds
{Heap before GC invocations=132 (full 4):
 par new generation   total 109248K, used 109248K [0x00000007a0000000, 0x00000007a8000000, 0x00000007a8000000)
  eden space 87424K, 100% used [0x00000007a0000000, 0x00000007a5560000, 0x00000007a5560000)
  from space 21824K, 100% used [0x00000007a5560000, 0x00000007a6ab0000, 0x00000007a6ab0000)
  to   space 21824K,   0% used [0x00000007a6ab0000, 0x00000007a6ab0000, 0x00000007a8000000)
 concurrent mark-sweep generation total 393216K, used 141446K [0x00000007a8000000, 0x00000007c0000000, 0x00000007c0000000)
 Metaspace       used 37591K, capacity 38188K, committed 38652K, reserved 1083392K
  class space    used 4082K, capacity 4276K, committed 4348K, reserved 1048576K
2017-06-09T17:18:13.565-0100: 26245.513: [GC (Allocation Failure) 2017-06-09T17:18:13.565-0100: 26245.513: [ParNew
Desired survivor size 20112992 bytes, new threshold 8 (max 8)
- age   1:      76480 bytes,      76480 total
- age   2:    4167696 bytes,    4244176 total
- age   3:    7746192 bytes,   11990368 total
- age   4:    6050528 bytes,   18040896 total
: 109248K->21824K(109248K), 0.0088046 secs] 250694K->166440K(502464K), 0.0088707 secs] [Times: user=0.04 sys=0.00, real=0.01 secs] 
Heap after GC invocations=133 (full 4):
 par new generation   total 109248K, used 21824K [0x00000007a0000000, 0x00000007a8000000, 0x00000007a8000000)
  eden space 87424K,   0% used [0x00000007a0000000, 0x00000007a0000000, 0x00000007a5560000)
  from space 21824K, 100% used [0x00000007a6ab0000, 0x00000007a8000000, 0x00000007a8000000)
  to   space 21824K,   0% used [0x00000007a5560000, 0x00000007a5560000, 0x00000007a6ab0000)
 concurrent mark-sweep generation total 393216K, used 144616K [0x00000007a8000000, 0x00000007c0000000, 0x00000007c0000000)
 Metaspace       used 37591K, capacity 38188K, committed 38652K, reserved 1083392K
  class space    used 4082K, capacity 4276K, committed 4348K, reserved 1048576K
}
2017-06-09T17:18:13.574-0100: 26245.522: Total time for which application threads were stopped: 0.0091060 seconds, Stopping threads took: 0.0000307 seconds
{Heap before GC invocations=133 (full 4):
 par new generation   total 109248K, used 109248K [0x00000007a0000000, 0x00000007a8000000, 0x00000007a8000000)
  eden space 87424K, 100% used [0x00000007a0000000, 0x00000007a5560000, 0x00000007a5560000)
  from space 21824K, 100% used [0x00000007a6ab0000, 0x00000007a8000000, 0x00000007a8000000)
  to   space 21824K,   0% used [0x00000007a5560000, 0x00000007a5560000, 0x00000007a6ab0000)
 concurrent mark-sweep generation total 393216K, used 144616K [0x00000007a8000000, 0x00000007c0000000, 0x00000007c0000000)
 Metaspace       used 37591K, capacity 38188K, committed 38652K, reserved 1083392K
  class space    used 4082K, capacity 4276K, committed 4348K, reserved 1048576K
2017-06-09T17:18:13.674-0100: 26245.621: [GC (Allocation Failure) 2017-06-09T17:18:13.674-0100: 26245.621: [ParNew
Desired survivor size 20112992 bytes, new threshold 8 (max 8)
- age   1:     103192 bytes,     103192 total
- age   3:    4143480 bytes,    4246672 total
- age   4:    7932424 bytes,   12179096 total
- age   5:    6029024 bytes,   18208120 total
: 109248K->21824K(109248K), 0.0074126 secs] 253864K->166492K(502464K), 0.0075193 secs] [Times: user=0.03 sys=0.00, real=0.01 secs] 
Heap after GC invocations=134 (full 4):
 par new generation   total 109248K, used 21824K [0x00000007a0000000, 0x00000007a8000000, 0x00000007a8000000)
  eden space 87424K,   0% used [0x00000007a0000000, 0x00000007a0000000, 0x00000007a5560000)
  from space 21824K, 100% used [0x00000007a5560000, 0x00000007a6ab0000, 0x00000007a6ab0000)
  to   space 21824K,   0% used [0x00000007a6ab0000, 0x00000007a6ab0000, 0x00000007a8000000)
 concurrent mark-sweep generation total 393216K, used 144668K [0x00000007a8000000, 0x00000007c0000000, 0x00000007c0000000)
 Metaspace       used 37591K, capacity 38188K, committed 38652K, reserved 1083392K
  class space    used 4082K, capacity 4276K, committed 4348K, reserved 1048576K
}
2017-06-09T17:18:13.681-0100: 26245.629: Total time for which application threads were stopped: 0.0077666 seconds, Stopping threads took: 0.0000322 seconds
{Heap before GC invocations=134 (full 4):
 par new generation   total 109248K, used 109248K [0x00000007a0000000, 0x00000007a8000000, 0x00000007a8000000)
  eden space 87424K, 100% used [0x00000007a0000000, 0x00000007a5560000, 0x00000007a5560000)
  from space 21824K, 100% used [0x00000007a5560000, 0x00000007a6ab0000, 0x00000007a6ab0000)
  to   space 21824K,   0% used [0x00000007a6ab0000, 0x00000007a6ab0000, 0x00000007a8000000)
 concurrent mark-sweep generation total 393216K, used 144668K [0x00000007a8000000, 0x00000007c0000000, 0x00000007c0000000)
 Metaspace       used 37591K, capacity 38188K, committed 38652K, reserved 1083392K
  class space    used 4082K, capacity 4276K, committed 4348K, reserved 1048576K
2017-06-09T17:18:13.790-0100: 26245.738: [GC (Allocation Failure) 2017-06-09T17:18:13.790-0100: 26245.738: [ParNew
Desired survivor size 20112992 bytes, new threshold 8 (max 8)
- age   1:      74280 bytes,      74280 total
- age   2:        320 bytes,      74600 total
- age   4:    4143416 bytes,    4218016 total
- age   5:    8690552 bytes,   12908568 total
- age   6:    6029000 bytes,   18937568 total
: 109248K->21824K(109248K), 0.0073635 secs] 253916K->166492K(502464K), 0.0074304 secs] [Times: user=0.03 sys=0.00, real=0.00 secs] 
Heap after GC invocations=135 (full 4):
 par new generation   total 109248K, used 21824K [0x00000007a0000000, 0x00000007a8000000, 0x00000007a8000000)
  eden space 87424K,   0% used [0x00000007a0000000, 0x00000007a0000000, 0x00000007a5560000)
  from space 21824K, 100% used [0x00000007a6ab0000, 0x00000007a8000000, 0x00000007a8000000)
  to   space 21824K,   0% used [0x00000007a5560000, 0x00000007a5560000, 0x00000007a6ab0000)
 concurrent mark-sweep generation total 393216K, used 144668K [0x00000007a8000000, 0x00000007c0000000, 0x00000007c0000000)
 Metaspace       used 37591K, capacity 38188K, committed 38652K, reserved 1083392K
  class space    used 4082K, capacity 4276K, committed 4348K, reserved 1048576K
}
2017-06-09T17:18:13.798-0100: 26245.745: Total time for which application threads were stopped: 0.0076645 seconds, Stopping threads took: 0.0000252 seconds
{Heap before GC invocations=135 (full 4):
 par new generation   total 109248K, used 109248K [0x00000007a0000000, 0x00000007a8000000, 0x00000007a8000000)
  eden space 87424K, 100% used [0x00000007a0000000, 0x00000007a5560000, 0x00000007a5560000)
  from space 21824K, 100% used [0x00000007a6ab0000, 0x00000007a8000000, 0x00000007a8000000)
  to   space 21824K,   0% used [0x00000007a5560000, 0x00000007a5560000, 0x00000007a6ab0000)
 concurrent mark-sweep generation total 393216K, used 144668K [0x00000007a8000000, 0x00000007c0000000, 0x00000007c0000000)
 Metaspace       used 37591K, capacity 38188K, committed 38652K, reserved 1083392K
  class space    used 4082K, capacity 4276K, committed 4348K, reserved 1048576K
2017-06-09T17:18:13.859-0100: 26245.806: [GC (Allocation Failure) 2017-06-09T17:18:13.859-0100: 26245.806: [ParNew
Desired survivor size 20112992 bytes, new threshold 8 (max 8)
- age   1:      65912 bytes,      65912 total
- age   2:      47648 bytes,     113560 total
- age   3:        320 bytes,     113880 total
- age   5:    3440992 bytes,    3554872 total
- age   6:    7499968 bytes,   11054840 total
- age   7:    5974128 bytes,   17028968 total
: 109248K->21824K(109248K), 0.0058031 secs] 253916K->167457K(502464K), 0.0058473 secs] [Times: user=0.02 sys=0.00, real=0.01 secs] 
Heap after GC invocations=136 (full 4):
 par new generation   total 109248K, used 21824K [0x00000007a0000000, 0x00000007a8000000, 0x00000007a8000000)
  eden space 87424K,   0% used [0x00000007a0000000, 0x00000007a0000000, 0x00000007a5560000)
  from space 21824K, 100% used [0x00000007a5560000, 0x00000007a6ab0000, 0x00000007a6ab0000)
  to   space 21824K,   0% used [0x00000007a6ab0000, 0x00000007a6ab0000, 0x00000007a8000000)
 concurrent mark-sweep generation total 393216K, used 145633K [0x00000007a8000000, 0x00000007c0000000, 0x00000007c0000000)
 Metaspace       used 37591K, capacity 38188K, committed 38652K, reserved 1083392K
  class space    used 4082K, capacity 4276K, committed 4348K, reserved 1048576K
}
2017-06-09T17:18:13.864-0100: 26245.812: Total time for which application threads were stopped: 0.0060149 seconds, Stopping threads took: 0.0000187 seconds
{Heap before GC invocations=136 (full 4):
 par new generation   total 109248K, used 109248K [0x00000007a0000000, 0x00000007a8000000, 0x00000007a8000000)
  eden space 87424K, 100% used [0x00000007a0000000, 0x00000007a5560000, 0x00000007a5560000)
  from space 21824K, 100% used [0x00000007a5560000, 0x00000007a6ab0000, 0x00000007a6ab0000)
  to   space 21824K,   0% used [0x00000007a6ab0000, 0x00000007a6ab0000, 0x00000007a8000000)
 concurrent mark-sweep generation total 393216K, used 145633K [0x00000007a8000000, 0x00000007c0000000, 0x00000007c0000000)
 Metaspace       used 37591K, capacity 38188K, committed 38652K, reserved 1083392K
  class space    used 4082K, capacity 4276K, committed 4348K, reserved 1048576K
2017-06-09T17:18:13.945-0100: 26245.893: [GC (Allocation Failure) 2017-06-09T17:18:13.945-0100: 26245.893: [ParNew
Desired survivor size 20112992 bytes, new threshold 8 (max 8)
- age   1:     102480 bytes,     102480 total
- age   2:        128 bytes,     102608 total
- age   3:        560 bytes,     103168 total
- age   4:        320 bytes,     103488 total
- age   6:    3440992 bytes,    3544480 total
- age   7:    7499968 bytes,   11044448 total
- age   8:    5974128 bytes,   17018576 total
: 109248K->21824K(109248K), 0.0060026 secs] 254881K->167457K(502464K), 0.0060563 secs] [Times: user=0.02 sys=0.00, real=0.01 secs] 
Heap after GC invocations=137 (full 4):
 par new generation   total 109248K, used 21824K [0x00000007a0000000, 0x00000007a8000000, 0x00000007a8000000)
  eden space 87424K,   0% used [0x00000007a0000000, 0x00000007a0000000, 0x00000007a5560000)
  from space 21824K, 100% used [0x00000007a6ab0000, 0x00000007a8000000, 0x00000007a8000000)
  to   space 21824K,   0% used [0x00000007a5560000, 0x00000007a5560000, 0x00000007a6ab0000)
 concurrent mark-sweep generation total 393216K, used 145633K [0x00000007a8000000, 0x00000007c0000000, 0x00000007c0000000)
 Metaspace       used 37591K, capacity 38188K, committed 38652K, reserved 1083392K
  class space    used 4082K, capacity 4276K, committed 4348K, reserved 1048576K
}
2017-06-09T17:18:13.951-0100: 26245.899: Total time for which application threads were stopped: 0.0062266 seconds, Stopping threads took: 0.0000188 seconds
{Heap before GC invocations=137 (full 4):
 par new generation   total 109248K, used 109248K [0x00000007a0000000, 0x00000007a8000000, 0x00000007a8000000)
  eden space 87424K, 100% used [0x00000007a0000000, 0x00000007a5560000, 0x00000007a5560000)
  from space 21824K, 100% used [0x00000007a6ab0000, 0x00000007a8000000, 0x00000007a8000000)
  to   space 21824K,   0% used [0x00000007a5560000, 0x00000007a5560000, 0x00000007a6ab0000)
 concurrent mark-sweep generation total 393216K, used 145633K [0x00000007a8000000, 0x00000007c0000000, 0x00000007c0000000)
 Metaspace       used 37591K, capacity 38188K, committed 38652K, reserved 1083392K
  class space    used 4082K, capacity 4276K, committed 4348K, reserved 1048576K
2017-06-09T17:18:14.062-0100: 26246.010: [GC (Allocation Failure) 2017-06-09T17:18:14.062-0100: 26246.010: [ParNew
Desired survivor size 20112992 bytes, new threshold 8 (max 8)
- age   1:      75648 bytes,      75648 total
- age   2:        224 bytes,      75872 total
- age   3:        128 bytes,      76000 total
- age   4:        560 bytes,      76560 total
- age   5:        320 bytes,      76880 total
- age   7:    3440992 bytes,    3517872 total
- age   8:    7499968 bytes,   11017840 total
: 109248K->12424K(109248K), 0.0063039 secs] 254881K->163910K(502464K), 0.0063554 secs] [Times: user=0.03 sys=0.00, real=0.00 secs] 
Heap after GC invocations=138 (full 4):
 par new generation   total 109248K, used 12424K [0x00000007a0000000, 0x00000007a8000000, 0x00000007a8000000)
  eden space 87424K,   0% used [0x00000007a0000000, 0x00000007a0000000, 0x00000007a5560000)
  from space 21824K,  56% used [0x00000007a5560000, 0x00000007a6182158, 0x00000007a6ab0000)
  to   space 21824K,   0% used [0x00000007a6ab0000, 0x00000007a6ab0000, 0x00000007a8000000)
 concurrent mark-sweep generation total 393216K, used 151486K [0x00000007a8000000, 0x00000007c0000000, 0x00000007c0000000)
 Metaspace       used 37591K, capacity 38188K, committed 38652K, reserved 1083392K
  class space    used 4082K, capacity 4276K, committed 4348K, reserved 1048576K
}
2017-06-09T17:18:14.069-0100: 26246.016: Total time for which application threads were stopped: 0.0065323 seconds, Stopping threads took: 0.0000202 seconds
2017-06-09T17:18:14.156-0100: 26246.104: Total time for which application threads were stopped: 0.0001137 seconds, Stopping threads took: 0.0000177 seconds
2017-06-09T17:18:14.165-0100: 26246.113: Total time for which application threads were stopped: 0.0001463 seconds, Stopping threads took: 0.0000315 seconds
2017-06-09T17:18:14.166-0100: 26246.114: Total time for which application threads were stopped: 0.0001576 seconds, Stopping threads took: 0.0000352 seconds
2017-06-09T17:18:18.850-0100: 26250.798: Total time for which application threads were stopped: 0.0001421 seconds, Stopping threads took: 0.0000199 seconds
2017-06-09T17:18:18.851-0100: 26250.798: Total time for which application threads were stopped: 0.0001514 seconds, Stopping threads took: 0.0000690 seconds
2017-06-09T17:18:18.859-0100: 26250.807: Total time for which application threads were stopped: 0.0001435 seconds, Stopping threads took: 0.0000259 seconds
2017-06-09T17:18:18.859-0100: 26250.807: Total time for which application threads were stopped: 0.0000672 seconds, Stopping threads took: 0.0000094 seconds
2017-06-09T17:18:19.431-0100: 26251.378: Total time for which application threads were stopped: 0.0001119 seconds, Stopping threads took: 0.0000254 seconds
2017-06-09T17:18:19.431-0100: 26251.379: Total time for which application threads were stopped: 0.0000672 seconds, Stopping threads took: 0.0000095 seconds
2017-06-09T17:18:19.437-0100: 26251.385: Total time for which application threads were stopped: 0.0001098 seconds, Stopping threads took: 0.0000215 seconds
2017-06-09T17:18:19.437-0100: 26251.385: Total time for which application threads were stopped: 0.0000603 seconds, Stopping threads took: 0.0000091 seconds
2017-06-09T17:18:20.440-0100: 26252.388: Total time for which application threads were stopped: 0.0001173 seconds, Stopping threads took: 0.0000345 seconds
2017-06-09T17:18:27.457-0100: 26259.405: Total time for which application threads were stopped: 0.0001331 seconds, Stopping threads took: 0.0000235 seconds
2017-06-09T17:18:27.461-0100: 26259.409: Total time for which application threads were stopped: 0.0001268 seconds, Stopping threads took: 0.0000180 seconds
2017-06-09T17:18:27.461-0100: 26259.409: Total time for which application threads were stopped: 0.0000631 seconds, Stopping threads took: 0.0000140 seconds
2017-06-09T17:18:27.475-0100: 26259.422: Total time for which application threads were stopped: 0.0001352 seconds, Stopping threads took: 0.0000194 seconds
2017-06-09T17:18:27.475-0100: 26259.423: Total time for which application threads were stopped: 0.0000793 seconds, Stopping threads took: 0.0000115 seconds
2017-06-09T17:18:28.479-0100: 26260.426: Total time for which application threads were stopped: 0.0001247 seconds, Stopping threads took: 0.0000436 seconds
2017-06-09T17:18:29.866-0100: 26261.813: Total time for which application threads were stopped: 0.0001268 seconds, Stopping threads took: 0.0000220 seconds
2017-06-09T17:18:29.870-0100: 26261.817: Total time for which application threads were stopped: 0.0001450 seconds, Stopping threads took: 0.0000235 seconds
2017-06-09T17:18:29.870-0100: 26261.817: Total time for which application threads were stopped: 0.0001002 seconds, Stopping threads took: 0.0000111 seconds
2017-06-09T17:18:29.870-0100: 26261.817: Total time for which application threads were stopped: 0.0000523 seconds, Stopping threads took: 0.0000077 seconds
2017-06-09T17:18:30.874-0100: 26262.822: Total time for which application threads were stopped: 0.0001632 seconds, Stopping threads took: 0.0000337 seconds
2017-06-09T17:19:08.993-0100: 26300.940: Total time for which application threads were stopped: 0.0001470 seconds, Stopping threads took: 0.0000323 seconds
2017-06-09T17:19:19.442-0100: 26311.389: Total time for which application threads were stopped: 0.0002590 seconds, Stopping threads took: 0.0000435 seconds
2017-06-09T17:49:13.326-0100: 28105.257: Total time for which application threads were stopped: 0.0001102 seconds, Stopping threads took: 0.0000245 seconds
2017-06-09T17:52:51.879-0100: 28323.809: Total time for which application threads were stopped: 0.0001533 seconds, Stopping threads took: 0.0000351 seconds
2017-06-12T09:26:31.231-0100: 52611.938: Total time for which application threads were stopped: 0.0203868 seconds, Stopping threads took: 0.0077434 seconds
2017-06-12T13:31:27.477-0100: 65093.493: Total time for which application threads were stopped: 0.0080248 seconds, Stopping threads took: 0.0020851 seconds
2017-06-12T13:31:27.478-0100: 65093.494: Total time for which application threads were stopped: 0.0004424 seconds, Stopping threads took: 0.0002307 seconds
2017-06-12T13:31:27.479-0100: 65093.495: Total time for which application threads were stopped: 0.0001648 seconds, Stopping threads took: 0.0000263 seconds
2017-06-12T13:31:27.479-0100: 65093.495: Total time for which application threads were stopped: 0.0002696 seconds, Stopping threads took: 0.0001449 seconds
2017-06-12T13:31:27.504-0100: 65093.520: Total time for which application threads were stopped: 0.0015085 seconds, Stopping threads took: 0.0006961 seconds
2017-06-12T13:31:27.504-0100: 65093.520: Total time for which application threads were stopped: 0.0002879 seconds, Stopping threads took: 0.0001830 seconds
2017-06-12T13:31:27.529-0100: 65093.545: Total time for which application threads were stopped: 0.0011681 seconds, Stopping threads took: 0.0001693 seconds
2017-06-12T13:31:27.529-0100: 65093.545: Total time for which application threads were stopped: 0.0004735 seconds, Stopping threads took: 0.0000377 seconds
2017-06-12T13:31:27.543-0100: 65093.559: Total time for which application threads were stopped: 0.0003505 seconds, Stopping threads took: 0.0000241 seconds
2017-06-12T13:31:27.543-0100: 65093.559: Total time for which application threads were stopped: 0.0000798 seconds, Stopping threads took: 0.0000126 seconds
2017-06-12T13:31:28.477-0100: 65094.493: Total time for which application threads were stopped: 0.0004784 seconds, Stopping threads took: 0.0001572 seconds
2017-06-12T13:31:28.478-0100: 65094.494: Total time for which application threads were stopped: 0.0001538 seconds, Stopping threads took: 0.0000272 seconds
2017-06-12T13:31:28.492-0100: 65094.508: Total time for which application threads were stopped: 0.0031474 seconds, Stopping threads took: 0.0030240 seconds
2017-06-12T13:31:28.492-0100: 65094.508: Total time for which application threads were stopped: 0.0001093 seconds, Stopping threads took: 0.0000526 seconds
{Heap before GC invocations=138 (full 4):
 par new generation   total 109248K, used 99848K [0x00000007a0000000, 0x00000007a8000000, 0x00000007a8000000)
  eden space 87424K, 100% used [0x00000007a0000000, 0x00000007a5560000, 0x00000007a5560000)
  from space 21824K,  56% used [0x00000007a5560000, 0x00000007a6182158, 0x00000007a6ab0000)
  to   space 21824K,   0% used [0x00000007a6ab0000, 0x00000007a6ab0000, 0x00000007a8000000)
 concurrent mark-sweep generation total 393216K, used 151486K [0x00000007a8000000, 0x00000007c0000000, 0x00000007c0000000)
 Metaspace       used 37596K, capacity 38188K, committed 38652K, reserved 1083392K
  class space    used 4082K, capacity 4276K, committed 4348K, reserved 1048576K
2017-06-12T13:31:29.333-0100: 65095.348: [GC (Allocation Failure) 2017-06-12T13:31:29.333-0100: 65095.349: [ParNew
Desired survivor size 20112992 bytes, new threshold 8 (max 8)
- age   1:    1156856 bytes,    1156856 total
- age   5:         72 bytes,    1156928 total
- age   8:    3106288 bytes,    4263216 total
: 99848K->7300K(109248K), 0.0920255 secs] 251334K->166088K(502464K), 0.0928132 secs] [Times: user=0.04 sys=0.13, real=0.09 secs] 
Heap after GC invocations=139 (full 4):
 par new generation   total 109248K, used 7300K [0x00000007a0000000, 0x00000007a8000000, 0x00000007a8000000)
  eden space 87424K,   0% used [0x00000007a0000000, 0x00000007a0000000, 0x00000007a5560000)
  from space 21824K,  33% used [0x00000007a6ab0000, 0x00000007a71d1200, 0x00000007a8000000)
  to   space 21824K,   0% used [0x00000007a5560000, 0x00000007a5560000, 0x00000007a6ab0000)
 concurrent mark-sweep generation total 393216K, used 158787K [0x00000007a8000000, 0x00000007c0000000, 0x00000007c0000000)
 Metaspace       used 37596K, capacity 38188K, committed 38652K, reserved 1083392K
  class space    used 4082K, capacity 4276K, committed 4348K, reserved 1048576K
}
2017-06-12T13:31:29.425-0100: 65095.441: Total time for which application threads were stopped: 0.0953550 seconds, Stopping threads took: 0.0000303 seconds
2017-06-12T13:31:30.436-0100: 65096.452: Total time for which application threads were stopped: 0.0065792 seconds, Stopping threads took: 0.0000356 seconds
2017-06-12T13:31:30.606-0100: 65096.622: Total time for which application threads were stopped: 0.0001794 seconds, Stopping threads took: 0.0000410 seconds
2017-06-12T13:31:30.606-0100: 65096.622: Total time for which application threads were stopped: 0.0001063 seconds, Stopping threads took: 0.0000267 seconds
2017-06-12T13:31:30.615-0100: 65096.631: Total time for which application threads were stopped: 0.0000979 seconds, Stopping threads took: 0.0000195 seconds
2017-06-12T13:31:30.615-0100: 65096.631: Total time for which application threads were stopped: 0.0000565 seconds, Stopping threads took: 0.0000083 seconds
2017-06-12T13:31:54.728-0100: 65120.743: Total time for which application threads were stopped: 0.0001678 seconds, Stopping threads took: 0.0000483 seconds
{Heap before GC invocations=139 (full 4):
 par new generation   total 109248K, used 94717K [0x00000007a0000000, 0x00000007a8000000, 0x00000007a8000000)
  eden space 87424K,  99% used [0x00000007a0000000, 0x00000007a555e370, 0x00000007a5560000)
  from space 21824K,  33% used [0x00000007a6ab0000, 0x00000007a71d1200, 0x00000007a8000000)
  to   space 21824K,   0% used [0x00000007a5560000, 0x00000007a5560000, 0x00000007a6ab0000)
 concurrent mark-sweep generation total 393216K, used 158787K [0x00000007a8000000, 0x00000007c0000000, 0x00000007c0000000)
 Metaspace       used 37647K, capacity 38252K, committed 38652K, reserved 1083392K
  class space    used 4087K, capacity 4276K, committed 4348K, reserved 1048576K
2017-06-12T13:31:54.848-0100: 65120.864: [GC (Allocation Failure) 2017-06-12T13:31:54.848-0100: 65120.864: [ParNew
Desired survivor size 20112992 bytes, new threshold 8 (max 8)
- age   1:    2293760 bytes,    2293760 total
- age   2:     523832 bytes,    2817592 total
- age   6:         72 bytes,    2817664 total
: 94717K->4298K(109248K), 0.0073446 secs] 253505K->166124K(502464K), 0.0074010 secs] [Times: user=0.02 sys=0.01, real=0.01 secs] 
Heap after GC invocations=140 (full 4):
 par new generation   total 109248K, used 4298K [0x00000007a0000000, 0x00000007a8000000, 0x00000007a8000000)
  eden space 87424K,   0% used [0x00000007a0000000, 0x00000007a0000000, 0x00000007a5560000)
  from space 21824K,  19% used [0x00000007a5560000, 0x00000007a5992ba0, 0x00000007a6ab0000)
  to   space 21824K,   0% used [0x00000007a6ab0000, 0x00000007a6ab0000, 0x00000007a8000000)
 concurrent mark-sweep generation total 393216K, used 161825K [0x00000007a8000000, 0x00000007c0000000, 0x00000007c0000000)
 Metaspace       used 37647K, capacity 38252K, committed 38652K, reserved 1083392K
  class space    used 4087K, capacity 4276K, committed 4348K, reserved 1048576K
}
2017-06-12T13:31:54.856-0100: 65120.872: Total time for which application threads were stopped: 0.0076105 seconds, Stopping threads took: 0.0000184 seconds
2017-06-12T13:31:54.856-0100: 65120.872: Total time for which application threads were stopped: 0.0001426 seconds, Stopping threads took: 0.0000568 seconds
2017-06-12T13:31:54.856-0100: 65120.872: Total time for which application threads were stopped: 0.0001028 seconds, Stopping threads took: 0.0000155 seconds
{Heap before GC invocations=140 (full 4):
 par new generation   total 109248K, used 91710K [0x00000007a0000000, 0x00000007a8000000, 0x00000007a8000000)
  eden space 87424K,  99% used [0x00000007a0000000, 0x00000007a555cd48, 0x00000007a5560000)
  from space 21824K,  19% used [0x00000007a5560000, 0x00000007a5992ba0, 0x00000007a6ab0000)
  to   space 21824K,   0% used [0x00000007a6ab0000, 0x00000007a6ab0000, 0x00000007a8000000)
 concurrent mark-sweep generation total 393216K, used 161825K [0x00000007a8000000, 0x00000007c0000000, 0x00000007c0000000)
 Metaspace       used 37657K, capacity 38264K, committed 38652K, reserved 1083392K
  class space    used 4089K, capacity 4278K, committed 4348K, reserved 1048576K
2017-06-12T13:31:54.890-0100: 65120.906: [GC (Allocation Failure) 2017-06-12T13:31:54.890-0100: 65120.906: [ParNew
Desired survivor size 20112992 bytes, new threshold 8 (max 8)
- age   1:     106520 bytes,     106520 total
- age   2:    1707792 bytes,    1814312 total
- age   3:     523832 bytes,    2338144 total
- age   7:         72 bytes,    2338216 total
: 91710K->2808K(109248K), 0.0035974 secs] 253536K->164634K(502464K), 0.0038641 secs] [Times: user=0.00 sys=0.00, real=0.00 secs] 
Heap after GC invocations=141 (full 4):
 par new generation   total 109248K, used 2808K [0x00000007a0000000, 0x00000007a8000000, 0x00000007a8000000)
  eden space 87424K,   0% used [0x00000007a0000000, 0x00000007a0000000, 0x00000007a5560000)
  from space 21824K,  12% used [0x00000007a6ab0000, 0x00000007a6d6e300, 0x00000007a8000000)
  to   space 21824K,   0% used [0x00000007a5560000, 0x00000007a5560000, 0x00000007a6ab0000)
 concurrent mark-sweep generation total 393216K, used 161825K [0x00000007a8000000, 0x00000007c0000000, 0x00000007c0000000)
 Metaspace       used 37657K, capacity 38264K, committed 38652K, reserved 1083392K
  class space    used 4089K, capacity 4278K, committed 4348K, reserved 1048576K
}
2017-06-12T13:31:54.894-0100: 65120.909: Total time for which application threads were stopped: 0.0046974 seconds, Stopping threads took: 0.0000206 seconds
2017-06-12T13:31:54.894-0100: 65120.910: Total time for which application threads were stopped: 0.0002447 seconds, Stopping threads took: 0.0001197 seconds
2017-06-12T13:31:54.894-0100: 65120.910: Total time for which application threads were stopped: 0.0000787 seconds, Stopping threads took: 0.0000351 seconds
{Heap before GC invocations=141 (full 4):
 par new generation   total 109248K, used 90232K [0x00000007a0000000, 0x00000007a8000000, 0x00000007a8000000)
  eden space 87424K, 100% used [0x00000007a0000000, 0x00000007a5560000, 0x00000007a5560000)
  from space 21824K,  12% used [0x00000007a6ab0000, 0x00000007a6d6e300, 0x00000007a8000000)
  to   space 21824K,   0% used [0x00000007a5560000, 0x00000007a5560000, 0x00000007a6ab0000)
 concurrent mark-sweep generation total 393216K, used 161825K [0x00000007a8000000, 0x00000007c0000000, 0x00000007c0000000)
 Metaspace       used 37672K, capacity 38276K, committed 38652K, reserved 1083392K
  class space    used 4090K, capacity 4280K, committed 4348K, reserved 1048576K
2017-06-12T13:31:55.013-0100: 65121.029: [GC (Allocation Failure) 2017-06-12T13:31:55.013-0100: 65121.029: [ParNew
Desired survivor size 20112992 bytes, new threshold 8 (max 8)
- age   1:    2157424 bytes,    2157424 total
- age   2:      87112 bytes,    2244536 total
- age   3:    1687624 bytes,    3932160 total
- age   4:     523832 bytes,    4455992 total
- age   8:         72 bytes,    4456064 total
: 90232K->5675K(109248K), 0.0051190 secs] 252058K->167500K(502464K), 0.0052077 secs] [Times: user=0.03 sys=0.00, real=0.00 secs] 
Heap after GC invocations=142 (full 4):
 par new generation   total 109248K, used 5675K [0x00000007a0000000, 0x00000007a8000000, 0x00000007a8000000)
  eden space 87424K,   0% used [0x00000007a0000000, 0x00000007a0000000, 0x00000007a5560000)
  from space 21824K,  26% used [0x00000007a5560000, 0x00000007a5aeac90, 0x00000007a6ab0000)
  to   space 21824K,   0% used [0x00000007a6ab0000, 0x00000007a6ab0000, 0x00000007a8000000)
 concurrent mark-sweep generation total 393216K, used 161825K [0x00000007a8000000, 0x00000007c0000000, 0x00000007c0000000)
 Metaspace       used 37672K, capacity 38276K, committed 38652K, reserved 1083392K
  class space    used 4090K, capacity 4280K, committed 4348K, reserved 1048576K
}
2017-06-12T13:31:55.019-0100: 65121.034: Total time for which application threads were stopped: 0.0060892 seconds, Stopping threads took: 0.0000202 seconds
{Heap before GC invocations=142 (full 4):
 par new generation   total 109248K, used 93099K [0x00000007a0000000, 0x00000007a8000000, 0x00000007a8000000)
  eden space 87424K, 100% used [0x00000007a0000000, 0x00000007a5560000, 0x00000007a5560000)
  from space 21824K,  26% used [0x00000007a5560000, 0x00000007a5aeac90, 0x00000007a6ab0000)
  to   space 21824K,   0% used [0x00000007a6ab0000, 0x00000007a6ab0000, 0x00000007a8000000)
 concurrent mark-sweep generation total 393216K, used 161825K [0x00000007a8000000, 0x00000007c0000000, 0x00000007c0000000)
 Metaspace       used 37673K, capacity 38276K, committed 38652K, reserved 1083392K
  class space    used 4090K, capacity 4280K, committed 4348K, reserved 1048576K
2017-06-12T13:31:55.185-0100: 65121.201: [GC (Allocation Failure) 2017-06-12T13:31:55.185-0100: 65121.201: [ParNew
Desired survivor size 20112992 bytes, new threshold 8 (max 8)
- age   1:    1840624 bytes,    1840624 total
- age   2:     591808 bytes,    2432432 total
- age   3:      87112 bytes,    2519544 total
- age   4:    1039296 bytes,    3558840 total
- age   5:     523832 bytes,    4082672 total
: 93099K->4832K(109248K), 0.0038043 secs] 254924K->166658K(502464K), 0.0038737 secs] [Times: user=0.02 sys=0.00, real=0.00 secs] 
Heap after GC invocations=143 (full 4):
 par new generation   total 109248K, used 4832K [0x00000007a0000000, 0x00000007a8000000, 0x00000007a8000000)
  eden space 87424K,   0% used [0x00000007a0000000, 0x00000007a0000000, 0x00000007a5560000)
  from space 21824K,  22% used [0x00000007a6ab0000, 0x00000007a6f681c0, 0x00000007a8000000)
  to   space 21824K,   0% used [0x00000007a5560000, 0x00000007a5560000, 0x00000007a6ab0000)
 concurrent mark-sweep generation total 393216K, used 161825K [0x00000007a8000000, 0x00000007c0000000, 0x00000007c0000000)
 Metaspace       used 37673K, capacity 38276K, committed 38652K, reserved 1083392K
  class space    used 4090K, capacity 4280K, committed 4348K, reserved 1048576K
}
2017-06-12T13:31:55.189-0100: 65121.205: Total time for which application threads were stopped: 0.0040507 seconds, Stopping threads took: 0.0000164 seconds
{Heap before GC invocations=143 (full 4):
 par new generation   total 109248K, used 92256K [0x00000007a0000000, 0x00000007a8000000, 0x00000007a8000000)
  eden space 87424K, 100% used [0x00000007a0000000, 0x00000007a5560000, 0x00000007a5560000)
  from space 21824K,  22% used [0x00000007a6ab0000, 0x00000007a6f681c0, 0x00000007a8000000)
  to   space 21824K,   0% used [0x00000007a5560000, 0x00000007a5560000, 0x00000007a6ab0000)
 concurrent mark-sweep generation total 393216K, used 161825K [0x00000007a8000000, 0x00000007c0000000, 0x00000007c0000000)
 Metaspace       used 37673K, capacity 38276K, committed 38652K, reserved 1083392K
  class space    used 4090K, capacity 4280K, committed 4348K, reserved 1048576K
2017-06-12T13:31:55.350-0100: 65121.366: [GC (Allocation Failure) 2017-06-12T13:31:55.350-0100: 65121.366: [ParNew
Desired survivor size 20112992 bytes, new threshold 8 (max 8)
- age   1:     968400 bytes,     968400 total
- age   2:    1104776 bytes,    2073176 total
- age   3:     382864 bytes,    2456040 total
- age   4:      87112 bytes,    2543152 total
- age   5:    1039296 bytes,    3582448 total
- age   6:     523832 bytes,    4106280 total
: 92256K->5290K(109248K), 0.0028813 secs] 254082K->167116K(502464K), 0.0029469 secs] [Times: user=0.01 sys=0.00, real=0.00 secs] 
Heap after GC invocations=144 (full 4):
 par new generation   total 109248K, used 5290K [0x00000007a0000000, 0x00000007a8000000, 0x00000007a8000000)
  eden space 87424K,   0% used [0x00000007a0000000, 0x00000007a0000000, 0x00000007a5560000)
  from space 21824K,  24% used [0x00000007a5560000, 0x00000007a5a8ab20, 0x00000007a6ab0000)
  to   space 21824K,   0% used [0x00000007a6ab0000, 0x00000007a6ab0000, 0x00000007a8000000)
 concurrent mark-sweep generation total 393216K, used 161825K [0x00000007a8000000, 0x00000007c0000000, 0x00000007c0000000)
 Metaspace       used 37673K, capacity 38276K, committed 38652K, reserved 1083392K
  class space    used 4090K, capacity 4280K, committed 4348K, reserved 1048576K
}
2017-06-12T13:31:55.353-0100: 65121.369: Total time for which application threads were stopped: 0.0031741 seconds, Stopping threads took: 0.0000317 seconds
2017-06-12T13:31:55.386-0100: 65121.402: Total time for which application threads were stopped: 0.0005808 seconds, Stopping threads took: 0.0000606 seconds
2017-06-12T13:31:55.569-0100: 65121.584: Total time for which application threads were stopped: 0.0001399 seconds, Stopping threads took: 0.0000332 seconds
2017-06-12T13:31:55.569-0100: 65121.585: Total time for which application threads were stopped: 0.0001185 seconds, Stopping threads took: 0.0000202 seconds
2017-06-12T13:31:55.570-0100: 65121.585: Total time for which application threads were stopped: 0.0000714 seconds, Stopping threads took: 0.0000187 seconds
2017-06-12T13:31:55.576-0100: 65121.592: Total time for which application threads were stopped: 0.0001522 seconds, Stopping threads took: 0.0000322 seconds
2017-06-12T13:31:55.576-0100: 65121.592: Total time for which application threads were stopped: 0.0001013 seconds, Stopping threads took: 0.0000413 seconds
2017-06-12T13:31:55.593-0100: 65121.609: Total time for which application threads were stopped: 0.0001590 seconds, Stopping threads took: 0.0000834 seconds
2017-06-12T13:31:55.607-0100: 65121.622: Total time for which application threads were stopped: 0.0010183 seconds, Stopping threads took: 0.0009059 seconds
2017-06-12T13:31:55.607-0100: 65121.623: Total time for which application threads were stopped: 0.0001661 seconds, Stopping threads took: 0.0001024 seconds
2017-06-12T13:31:55.607-0100: 65121.623: Total time for which application threads were stopped: 0.0000853 seconds, Stopping threads took: 0.0000242 seconds
2017-06-12T13:31:55.607-0100: 65121.623: Total time for which application threads were stopped: 0.0000509 seconds, Stopping threads took: 0.0000074 seconds
2017-06-12T13:31:55.608-0100: 65121.623: Total time for which application threads were stopped: 0.0000427 seconds, Stopping threads took: 0.0000072 seconds
2017-06-12T13:31:55.608-0100: 65121.623: Total time for which application threads were stopped: 0.0000361 seconds, Stopping threads took: 0.0000061 seconds
2017-06-12T13:31:55.608-0100: 65121.623: Total time for which application threads were stopped: 0.0000413 seconds, Stopping threads took: 0.0000068 seconds
2017-06-12T13:31:56.609-0100: 65122.625: Total time for which application threads were stopped: 0.0001156 seconds, Stopping threads took: 0.0000244 seconds
2017-06-12T13:31:56.638-0100: 65122.653: Total time for which application threads were stopped: 0.0001572 seconds, Stopping threads took: 0.0000421 seconds
2017-06-12T13:31:56.653-0100: 65122.669: Total time for which application threads were stopped: 0.0001542 seconds, Stopping threads took: 0.0000366 seconds
2017-06-12T13:31:56.653-0100: 65122.669: Total time for which application threads were stopped: 0.0001049 seconds, Stopping threads took: 0.0000211 seconds
2017-06-12T13:31:56.663-0100: 65122.678: Total time for which application threads were stopped: 0.0001408 seconds, Stopping threads took: 0.0000209 seconds
2017-06-12T13:31:56.663-0100: 65122.678: Total time for which application threads were stopped: 0.0000524 seconds, Stopping threads took: 0.0000069 seconds
2017-06-12T13:31:57.532-0100: 65123.548: Total time for which application threads were stopped: 0.0002029 seconds, Stopping threads took: 0.0000423 seconds
2017-06-12T13:31:57.541-0100: 65123.556: Total time for which application threads were stopped: 0.0001957 seconds, Stopping threads took: 0.0000404 seconds
2017-06-12T13:31:57.541-0100: 65123.557: Total time for which application threads were stopped: 0.0003473 seconds, Stopping threads took: 0.0002581 seconds
2017-06-12T13:31:57.545-0100: 65123.560: Total time for which application threads were stopped: 0.0001915 seconds, Stopping threads took: 0.0000501 seconds
2017-06-12T13:31:57.545-0100: 65123.560: Total time for which application threads were stopped: 0.0001322 seconds, Stopping threads took: 0.0000376 seconds
2017-06-12T13:31:57.551-0100: 65123.567: Total time for which application threads were stopped: 0.0007783 seconds, Stopping threads took: 0.0001048 seconds
2017-06-12T13:31:57.552-0100: 65123.567: Total time for which application threads were stopped: 0.0001208 seconds, Stopping threads took: 0.0000328 seconds
2017-06-12T13:31:57.555-0100: 65123.571: Total time for which application threads were stopped: 0.0001244 seconds, Stopping threads took: 0.0000250 seconds
2017-06-12T13:31:57.555-0100: 65123.571: Total time for which application threads were stopped: 0.0000722 seconds, Stopping threads took: 0.0000095 seconds
2017-06-12T13:32:01.898-0100: 65127.913: Total time for which application threads were stopped: 0.0009563 seconds, Stopping threads took: 0.0002289 seconds
2017-06-12T13:32:01.898-0100: 65127.914: Total time for which application threads were stopped: 0.0001964 seconds, Stopping threads took: 0.0001145 seconds
2017-06-12T13:32:01.906-0100: 65127.922: Total time for which application threads were stopped: 0.0002561 seconds, Stopping threads took: 0.0000251 seconds
2017-06-12T13:32:01.907-0100: 65127.922: Total time for which application threads were stopped: 0.0001317 seconds, Stopping threads took: 0.0000074 seconds
2017-06-12T13:32:01.907-0100: 65127.922: Total time for which application threads were stopped: 0.0001451 seconds, Stopping threads took: 0.0000120 seconds
2017-06-12T13:32:22.384-0100: 65148.399: Total time for which application threads were stopped: 0.0001120 seconds, Stopping threads took: 0.0000192 seconds
2017-06-12T13:32:22.384-0100: 65148.400: Total time for which application threads were stopped: 0.0000906 seconds, Stopping threads took: 0.0000122 seconds
2017-06-12T13:32:22.384-0100: 65148.400: Total time for which application threads were stopped: 0.0000946 seconds, Stopping threads took: 0.0000147 seconds
2017-06-12T13:32:22.386-0100: 65148.402: Total time for which application threads were stopped: 0.0000831 seconds, Stopping threads took: 0.0000143 seconds
2017-06-12T13:32:22.386-0100: 65148.402: Total time for which application threads were stopped: 0.0000418 seconds, Stopping threads took: 0.0000052 seconds
2017-06-12T13:32:22.387-0100: 65148.403: Total time for which application threads were stopped: 0.0000455 seconds, Stopping threads took: 0.0000066 seconds
2017-06-12T13:32:22.389-0100: 65148.404: Total time for which application threads were stopped: 0.0000594 seconds, Stopping threads took: 0.0000175 seconds
2017-06-12T13:32:22.389-0100: 65148.404: Total time for which application threads were stopped: 0.0000520 seconds, Stopping threads took: 0.0000077 seconds
2017-06-12T13:32:22.389-0100: 65148.404: Total time for which application threads were stopped: 0.0000366 seconds, Stopping threads took: 0.0000056 seconds
2017-06-12T13:32:22.390-0100: 65148.406: Total time for which application threads were stopped: 0.0006331 seconds, Stopping threads took: 0.0000084 seconds
2017-06-12T13:32:23.391-0100: 65149.406: Total time for which application threads were stopped: 0.0002059 seconds, Stopping threads took: 0.0000394 seconds
2017-06-12T13:32:23.396-0100: 65149.411: Total time for which application threads were stopped: 0.0001219 seconds, Stopping threads took: 0.0000234 seconds
2017-06-12T13:32:23.397-0100: 65149.412: Total time for which application threads were stopped: 0.0000873 seconds, Stopping threads took: 0.0000135 seconds
2017-06-12T13:32:23.404-0100: 65149.419: Total time for which application threads were stopped: 0.0001027 seconds, Stopping threads took: 0.0000165 seconds
2017-06-12T13:32:23.404-0100: 65149.420: Total time for which application threads were stopped: 0.0000818 seconds, Stopping threads took: 0.0000183 seconds
2017-06-12T13:32:23.404-0100: 65149.420: Total time for which application threads were stopped: 0.0001252 seconds, Stopping threads took: 0.0000817 seconds
2017-06-12T13:32:27.298-0100: 65153.314: Total time for which application threads were stopped: 0.0001732 seconds, Stopping threads took: 0.0000246 seconds
2017-06-12T13:32:27.298-0100: 65153.314: Total time for which application threads were stopped: 0.0000879 seconds, Stopping threads took: 0.0000128 seconds
2017-06-12T13:32:27.308-0100: 65153.323: Total time for which application threads were stopped: 0.0001273 seconds, Stopping threads took: 0.0000237 seconds
2017-06-12T13:32:27.308-0100: 65153.323: Total time for which application threads were stopped: 0.0000714 seconds, Stopping threads took: 0.0000109 seconds
2017-06-12T13:32:37.395-0100: 65163.411: Total time for which application threads were stopped: 0.0001311 seconds, Stopping threads took: 0.0000259 seconds
2017-06-12T13:32:37.402-0100: 65163.417: Total time for which application threads were stopped: 0.0064997 seconds, Stopping threads took: 0.0000167 seconds
2017-06-12T13:32:37.407-0100: 65163.423: Total time for which application threads were stopped: 0.0000941 seconds, Stopping threads took: 0.0000186 seconds
2017-06-12T13:32:37.408-0100: 65163.423: Total time for which application threads were stopped: 0.0000735 seconds, Stopping threads took: 0.0000114 seconds
2017-06-12T13:32:37.408-0100: 65163.423: Total time for which application threads were stopped: 0.0000661 seconds, Stopping threads took: 0.0000072 seconds
2017-06-12T13:32:37.408-0100: 65163.423: Total time for which application threads were stopped: 0.0000699 seconds, Stopping threads took: 0.0000066 seconds
2017-06-12T13:32:57.556-0100: 65183.571: Total time for which application threads were stopped: 0.0001706 seconds, Stopping threads took: 0.0000341 seconds
2017-06-12T13:33:27.309-0100: 65213.324: Total time for which application threads were stopped: 0.0000927 seconds, Stopping threads took: 0.0000199 seconds
2017-06-12T13:37:44.336-0100: 65470.349: Total time for which application threads were stopped: 0.0061665 seconds, Stopping threads took: 0.0000177 seconds
2017-06-12T13:37:44.390-0100: 65470.403: Total time for which application threads were stopped: 0.0005831 seconds, Stopping threads took: 0.0004604 seconds
2017-06-12T13:37:52.402-0100: 65478.415: Total time for which application threads were stopped: 0.0001578 seconds, Stopping threads took: 0.0000332 seconds
2017-06-12T13:47:00.164-0100: 66026.172: Total time for which application threads were stopped: 0.0001303 seconds, Stopping threads took: 0.0000223 seconds
2017-06-12T13:47:00.164-0100: 66026.172: Total time for which application threads were stopped: 0.0000885 seconds, Stopping threads took: 0.0000184 seconds
2017-06-12T13:47:00.174-0100: 66026.183: Total time for which application threads were stopped: 0.0001228 seconds, Stopping threads took: 0.0000230 seconds
2017-06-12T13:47:00.174-0100: 66026.183: Total time for which application threads were stopped: 0.0000864 seconds, Stopping threads took: 0.0000143 seconds
2017-06-12T13:47:07.883-0100: 66033.891: Total time for which application threads were stopped: 0.0001042 seconds, Stopping threads took: 0.0000169 seconds
2017-06-12T13:47:07.883-0100: 66033.891: Total time for which application threads were stopped: 0.0000748 seconds, Stopping threads took: 0.0000095 seconds
2017-06-12T13:47:07.884-0100: 66033.892: Total time for which application threads were stopped: 0.0008163 seconds, Stopping threads took: 0.0000075 seconds
2017-06-12T13:47:07.885-0100: 66033.893: Total time for which application threads were stopped: 0.0007534 seconds, Stopping threads took: 0.0000123 seconds
2017-06-12T13:47:08.895-0100: 66034.903: Total time for which application threads were stopped: 0.0067540 seconds, Stopping threads took: 0.0062846 seconds
2017-06-12T13:47:08.895-0100: 66034.904: Total time for which application threads were stopped: 0.0001497 seconds, Stopping threads took: 0.0000289 seconds
2017-06-12T13:47:10.215-0100: 66036.224: Total time for which application threads were stopped: 0.0001586 seconds, Stopping threads took: 0.0000384 seconds
2017-06-12T13:47:10.215-0100: 66036.224: Total time for which application threads were stopped: 0.0001123 seconds, Stopping threads took: 0.0000136 seconds
2017-06-12T13:47:10.227-0100: 66036.235: Total time for which application threads were stopped: 0.0001716 seconds, Stopping threads took: 0.0000249 seconds
2017-06-12T13:47:10.227-0100: 66036.236: Total time for which application threads were stopped: 0.0001010 seconds, Stopping threads took: 0.0000153 seconds
2017-06-12T13:47:10.254-0100: 66036.263: Total time for which application threads were stopped: 0.0005583 seconds, Stopping threads took: 0.0004083 seconds
2017-06-12T13:47:10.255-0100: 66036.263: Total time for which application threads were stopped: 0.0005723 seconds, Stopping threads took: 0.0004338 seconds
2017-06-12T13:47:10.267-0100: 66036.275: Total time for which application threads were stopped: 0.0001210 seconds, Stopping threads took: 0.0000228 seconds
2017-06-12T13:47:10.267-0100: 66036.275: Total time for which application threads were stopped: 0.0000802 seconds, Stopping threads took: 0.0000131 seconds
2017-06-12T13:47:14.811-0100: 66040.820: Total time for which application threads were stopped: 0.0001356 seconds, Stopping threads took: 0.0000316 seconds
2017-06-12T13:47:14.830-0100: 66040.838: Total time for which application threads were stopped: 0.0005865 seconds, Stopping threads took: 0.0004975 seconds
2017-06-12T13:47:14.831-0100: 66040.839: Total time for which application threads were stopped: 0.0005999 seconds, Stopping threads took: 0.0005291 seconds
2017-06-12T13:47:15.831-0100: 66041.839: Total time for which application threads were stopped: 0.0001752 seconds, Stopping threads took: 0.0000335 seconds
2017-06-12T13:47:17.960-0100: 66043.968: Total time for which application threads were stopped: 0.0001953 seconds, Stopping threads took: 0.0000246 seconds
2017-06-12T13:47:17.960-0100: 66043.968: Total time for which application threads were stopped: 0.0001357 seconds, Stopping threads took: 0.0000143 seconds
2017-06-12T13:47:17.974-0100: 66043.983: Total time for which application threads were stopped: 0.0018299 seconds, Stopping threads took: 0.0011171 seconds
2017-06-12T13:47:17.975-0100: 66043.983: Total time for which application threads were stopped: 0.0001282 seconds, Stopping threads took: 0.0000274 seconds
2017-06-12T13:47:19.011-0100: 66045.019: Total time for which application threads were stopped: 0.0001302 seconds, Stopping threads took: 0.0000191 seconds
2017-06-12T13:47:19.011-0100: 66045.019: Total time for which application threads were stopped: 0.0001051 seconds, Stopping threads took: 0.0000105 seconds
2017-06-12T13:47:19.019-0100: 66045.027: Total time for which application threads were stopped: 0.0004131 seconds, Stopping threads took: 0.0003281 seconds
2017-06-12T13:47:19.019-0100: 66045.027: Total time for which application threads were stopped: 0.0000691 seconds, Stopping threads took: 0.0000109 seconds
2017-06-12T13:47:20.022-0100: 66046.030: Total time for which application threads were stopped: 0.0001660 seconds, Stopping threads took: 0.0000381 seconds
2017-06-12T13:48:17.976-0100: 66103.984: Total time for which application threads were stopped: 0.0001546 seconds, Stopping threads took: 0.0000318 seconds
2017-06-12T13:48:19.023-0100: 66105.031: Total time for which application threads were stopped: 0.0001584 seconds, Stopping threads took: 0.0000305 seconds
2017-06-12T13:48:47.226-0100: 66133.233: Total time for which application threads were stopped: 0.0012525 seconds, Stopping threads took: 0.0000194 seconds
2017-06-12T13:48:47.231-0100: 66133.238: Total time for which application threads were stopped: 0.0006741 seconds, Stopping threads took: 0.0000167 seconds
2017-06-12T13:48:47.231-0100: 66133.239: Total time for which application threads were stopped: 0.0000749 seconds, Stopping threads took: 0.0000094 seconds
2017-06-12T13:48:47.232-0100: 66133.239: Total time for which application threads were stopped: 0.0000608 seconds, Stopping threads took: 0.0000082 seconds
2017-06-12T13:48:47.232-0100: 66133.240: Total time for which application threads were stopped: 0.0007209 seconds, Stopping threads took: 0.0000062 seconds
{Heap before GC invocations=144 (full 4):
 par new generation   total 109248K, used 92714K [0x00000007a0000000, 0x00000007a8000000, 0x00000007a8000000)
  eden space 87424K, 100% used [0x00000007a0000000, 0x00000007a5560000, 0x00000007a5560000)
  from space 21824K,  24% used [0x00000007a5560000, 0x00000007a5a8ab20, 0x00000007a6ab0000)
  to   space 21824K,   0% used [0x00000007a6ab0000, 0x00000007a6ab0000, 0x00000007a8000000)
 concurrent mark-sweep generation total 393216K, used 161825K [0x00000007a8000000, 0x00000007c0000000, 0x00000007c0000000)
 Metaspace       used 37785K, capacity 38364K, committed 38652K, reserved 1083392K
  class space    used 4099K, capacity 4294K, committed 4348K, reserved 1048576K
2017-06-12T13:48:47.363-0100: 66133.370: [GC (Allocation Failure) 2017-06-12T13:48:47.363-0100: 66133.370: [ParNew
Desired survivor size 20112992 bytes, new threshold 8 (max 8)
- age   1:    5137944 bytes,    5137944 total
- age   2:     790464 bytes,    5928408 total
- age   3:     608816 bytes,    6537224 total
- age   4:     105848 bytes,    6643072 total
- age   5:      87112 bytes,    6730184 total
- age   6:    1014768 bytes,    7744952 total
- age   7:     180368 bytes,    7925320 total
: 92714K->8349K(109248K), 0.0162273 secs] 254540K->170175K(502464K), 0.0162862 secs] [Times: user=0.02 sys=0.02, real=0.01 secs] 
Heap after GC invocations=145 (full 4):
 par new generation   total 109248K, used 8349K [0x00000007a0000000, 0x00000007a8000000, 0x00000007a8000000)
  eden space 87424K,   0% used [0x00000007a0000000, 0x00000007a0000000, 0x00000007a5560000)
  from space 21824K,  38% used [0x00000007a6ab0000, 0x00000007a72d75e0, 0x00000007a8000000)
  to   space 21824K,   0% used [0x00000007a5560000, 0x00000007a5560000, 0x00000007a6ab0000)
 concurrent mark-sweep generation total 393216K, used 161825K [0x00000007a8000000, 0x00000007c0000000, 0x00000007c0000000)
 Metaspace       used 37785K, capacity 38364K, committed 38652K, reserved 1083392K
  class space    used 4099K, capacity 4294K, committed 4348K, reserved 1048576K
}
2017-06-12T13:48:47.379-0100: 66133.387: Total time for which application threads were stopped: 0.0164971 seconds, Stopping threads took: 0.0000189 seconds
2017-06-12T13:48:47.380-0100: 66133.388: Total time for which application threads were stopped: 0.0008142 seconds, Stopping threads took: 0.0001134 seconds
{Heap before GC invocations=145 (full 4):
 par new generation   total 109248K, used 95773K [0x00000007a0000000, 0x00000007a8000000, 0x00000007a8000000)
  eden space 87424K, 100% used [0x00000007a0000000, 0x00000007a5560000, 0x00000007a5560000)
  from space 21824K,  38% used [0x00000007a6ab0000, 0x00000007a72d75e0, 0x00000007a8000000)
  to   space 21824K,   0% used [0x00000007a5560000, 0x00000007a5560000, 0x00000007a6ab0000)
 concurrent mark-sweep generation total 393216K, used 161825K [0x00000007a8000000, 0x00000007c0000000, 0x00000007c0000000)
 Metaspace       used 37785K, capacity 38364K, committed 38652K, reserved 1083392K
  class space    used 4099K, capacity 4294K, committed 4348K, reserved 1048576K
2017-06-12T13:48:47.590-0100: 66133.597: [GC (Allocation Failure) 2017-06-12T13:48:47.590-0100: 66133.597: [ParNew
Desired survivor size 20112992 bytes, new threshold 8 (max 8)
- age   1:    7425600 bytes,    7425600 total
- age   2:    3371144 bytes,   10796744 total
- age   3:     790464 bytes,   11587208 total
- age   4:     608816 bytes,   12196024 total
- age   5:     105688 bytes,   12301712 total
- age   6:      86952 bytes,   12388664 total
- age   7:     906896 bytes,   13295560 total
- age   8:     180224 bytes,   13475784 total
: 95773K->18915K(109248K), 0.0125898 secs] 257599K->180741K(502464K), 0.0126573 secs] [Times: user=0.03 sys=0.01, real=0.01 secs] 
Heap after GC invocations=146 (full 4):
 par new generation   total 109248K, used 18915K [0x00000007a0000000, 0x00000007a8000000, 0x00000007a8000000)
  eden space 87424K,   0% used [0x00000007a0000000, 0x00000007a0000000, 0x00000007a5560000)
  from space 21824K,  86% used [0x00000007a5560000, 0x00000007a67d8cc0, 0x00000007a6ab0000)
  to   space 21824K,   0% used [0x00000007a6ab0000, 0x00000007a6ab0000, 0x00000007a8000000)
 concurrent mark-sweep generation total 393216K, used 161825K [0x00000007a8000000, 0x00000007c0000000, 0x00000007c0000000)
 Metaspace       used 37785K, capacity 38364K, committed 38652K, reserved 1083392K
  class space    used 4099K, capacity 4294K, committed 4348K, reserved 1048576K
}
2017-06-12T13:48:47.602-0100: 66133.610: Total time for which application threads were stopped: 0.0135683 seconds, Stopping threads took: 0.0000182 seconds
{Heap before GC invocations=146 (full 4):
 par new generation   total 109248K, used 106339K [0x00000007a0000000, 0x00000007a8000000, 0x00000007a8000000)
  eden space 87424K, 100% used [0x00000007a0000000, 0x00000007a5560000, 0x00000007a5560000)
  from space 21824K,  86% used [0x00000007a5560000, 0x00000007a67d8cc0, 0x00000007a6ab0000)
  to   space 21824K,   0% used [0x00000007a6ab0000, 0x00000007a6ab0000, 0x00000007a8000000)
 concurrent mark-sweep generation total 393216K, used 161825K [0x00000007a8000000, 0x00000007c0000000, 0x00000007c0000000)
 Metaspace       used 37786K, capacity 38364K, committed 38652K, reserved 1083392K
  class space    used 4099K, capacity 4294K, committed 4348K, reserved 1048576K
2017-06-12T13:48:47.842-0100: 66133.849: [GC (Allocation Failure) 2017-06-12T13:48:47.842-0100: 66133.849: [ParNew
Desired survivor size 20112992 bytes, new threshold 8 (max 8)
- age   1:    8989304 bytes,    8989304 total
- age   2:    4043480 bytes,   13032784 total
- age   3:    3403776 bytes,   16436560 total
- age   4:     790464 bytes,   17227024 total
- age   5:     608816 bytes,   17835840 total
- age   6:     105688 bytes,   17941528 total
- age   7:      86952 bytes,   18028480 total
- age   8:     906896 bytes,   18935376 total
: 106339K->21824K(109248K), 0.0377213 secs] 268165K->183828K(502464K), 0.0377727 secs] [Times: user=0.03 sys=0.05, real=0.04 secs] 
Heap after GC invocations=147 (full 4):
 par new generation   total 109248K, used 21824K [0x00000007a0000000, 0x00000007a8000000, 0x00000007a8000000)
  eden space 87424K,   0% used [0x00000007a0000000, 0x00000007a0000000, 0x00000007a5560000)
  from space 21824K, 100% used [0x00000007a6ab0000, 0x00000007a8000000, 0x00000007a8000000)
  to   space 21824K,   0% used [0x00000007a5560000, 0x00000007a5560000, 0x00000007a6ab0000)
 concurrent mark-sweep generation total 393216K, used 162004K [0x00000007a8000000, 0x00000007c0000000, 0x00000007c0000000)
 Metaspace       used 37786K, capacity 38364K, committed 38652K, reserved 1083392K
  class space    used 4099K, capacity 4294K, committed 4348K, reserved 1048576K
}
2017-06-12T13:48:47.880-0100: 66133.887: Total time for which application threads were stopped: 0.0379422 seconds, Stopping threads took: 0.0000187 seconds
{Heap before GC invocations=147 (full 4):
 par new generation   total 109248K, used 109248K [0x00000007a0000000, 0x00000007a8000000, 0x00000007a8000000)
  eden space 87424K, 100% used [0x00000007a0000000, 0x00000007a5560000, 0x00000007a5560000)
  from space 21824K, 100% used [0x00000007a6ab0000, 0x00000007a8000000, 0x00000007a8000000)
  to   space 21824K,   0% used [0x00000007a5560000, 0x00000007a5560000, 0x00000007a6ab0000)
 concurrent mark-sweep generation total 393216K, used 162004K [0x00000007a8000000, 0x00000007c0000000, 0x00000007c0000000)
 Metaspace       used 37786K, capacity 38364K, committed 38652K, reserved 1083392K
  class space    used 4099K, capacity 4294K, committed 4348K, reserved 1048576K
2017-06-12T13:48:48.107-0100: 66134.115: [GC (Allocation Failure) 2017-06-12T13:48:48.107-0100: 66134.115: [ParNew
Desired survivor size 20112992 bytes, new threshold 6 (max 8)
- age   1:    8472616 bytes,    8472616 total
- age   2:    4000848 bytes,   12473464 total
- age   3:    3198128 bytes,   15671592 total
- age   4:    3043632 bytes,   18715224 total
- age   5:     790464 bytes,   19505688 total
- age   6:     608816 bytes,   20114504 total
- age   7:     105688 bytes,   20220192 total
- age   8:      86952 bytes,   20307144 total
: 109248K->21824K(109248K), 0.0443804 secs] 271252K->187809K(502464K), 0.0444464 secs] [Times: user=0.04 sys=0.04, real=0.05 secs] 
Heap after GC invocations=148 (full 4):
 par new generation   total 109248K, used 21824K [0x00000007a0000000, 0x00000007a8000000, 0x00000007a8000000)
  eden space 87424K,   0% used [0x00000007a0000000, 0x00000007a0000000, 0x00000007a5560000)
  from space 21824K, 100% used [0x00000007a5560000, 0x00000007a6ab0000, 0x00000007a6ab0000)
  to   space 21824K,   0% used [0x00000007a6ab0000, 0x00000007a6ab0000, 0x00000007a8000000)
 concurrent mark-sweep generation total 393216K, used 165985K [0x00000007a8000000, 0x00000007c0000000, 0x00000007c0000000)
 Metaspace       used 37786K, capacity 38364K, committed 38652K, reserved 1083392K
  class space    used 4099K, capacity 4294K, committed 4348K, reserved 1048576K
}
2017-06-12T13:48:48.152-0100: 66134.159: Total time for which application threads were stopped: 0.0446049 seconds, Stopping threads took: 0.0000173 seconds
{Heap before GC invocations=148 (full 4):
 par new generation   total 109248K, used 109248K [0x00000007a0000000, 0x00000007a8000000, 0x00000007a8000000)
  eden space 87424K, 100% used [0x00000007a0000000, 0x00000007a5560000, 0x00000007a5560000)
  from space 21824K, 100% used [0x00000007a5560000, 0x00000007a6ab0000, 0x00000007a6ab0000)
  to   space 21824K,   0% used [0x00000007a6ab0000, 0x00000007a6ab0000, 0x00000007a8000000)
 concurrent mark-sweep generation total 393216K, used 165985K [0x00000007a8000000, 0x00000007c0000000, 0x00000007c0000000)
 Metaspace       used 37786K, capacity 38364K, committed 38652K, reserved 1083392K
  class space    used 4099K, capacity 4294K, committed 4348K, reserved 1048576K
2017-06-12T13:48:48.398-0100: 66134.405: [GC (Allocation Failure) 2017-06-12T13:48:48.398-0100: 66134.405: [ParNew
Desired survivor size 20112992 bytes, new threshold 5 (max 8)
- age   1:    8236152 bytes,    8236152 total
- age   2:    3680376 bytes,   11916528 total
- age   3:    3134488 bytes,   15051016 total
- age   4:    3148784 bytes,   18199800 total
- age   5:    3009504 bytes,   21209304 total
- age   6:     790464 bytes,   21999768 total
: 109248K->21824K(109248K), 0.0150852 secs] 275233K->192096K(502464K), 0.0151464 secs] [Times: user=0.02 sys=0.01, real=0.02 secs] 
Heap after GC invocations=149 (full 4):
 par new generation   total 109248K, used 21824K [0x00000007a0000000, 0x00000007a8000000, 0x00000007a8000000)
  eden space 87424K,   0% used [0x00000007a0000000, 0x00000007a0000000, 0x00000007a5560000)
  from space 21824K, 100% used [0x00000007a6ab0000, 0x00000007a8000000, 0x00000007a8000000)
  to   space 21824K,   0% used [0x00000007a5560000, 0x00000007a5560000, 0x00000007a6ab0000)
 concurrent mark-sweep generation total 393216K, used 170272K [0x00000007a8000000, 0x00000007c0000000, 0x00000007c0000000)
 Metaspace       used 37786K, capacity 38364K, committed 38652K, reserved 1083392K
  class space    used 4099K, capacity 4294K, committed 4348K, reserved 1048576K
}
2017-06-12T13:48:48.413-0100: 66134.421: Total time for which application threads were stopped: 0.0175934 seconds, Stopping threads took: 0.0000198 seconds
{Heap before GC invocations=149 (full 4):
 par new generation   total 109248K, used 109248K [0x00000007a0000000, 0x00000007a8000000, 0x00000007a8000000)
  eden space 87424K, 100% used [0x00000007a0000000, 0x00000007a5560000, 0x00000007a5560000)
  from space 21824K, 100% used [0x00000007a6ab0000, 0x00000007a8000000, 0x00000007a8000000)
  to   space 21824K,   0% used [0x00000007a5560000, 0x00000007a5560000, 0x00000007a6ab0000)
 concurrent mark-sweep generation total 393216K, used 170272K [0x00000007a8000000, 0x00000007c0000000, 0x00000007c0000000)
 Metaspace       used 37786K, capacity 38364K, committed 38652K, reserved 1083392K
  class space    used 4099K, capacity 4294K, committed 4348K, reserved 1048576K
2017-06-12T13:48:48.654-0100: 66134.661: [GC (Allocation Failure) 2017-06-12T13:48:48.654-0100: 66134.661: [ParNew
Desired survivor size 20112992 bytes, new threshold 5 (max 8)
- age   1:   10032704 bytes,   10032704 total
- age   2:    2999616 bytes,   13032320 total
- age   3:    3147960 bytes,   16180280 total
- age   4:    2926440 bytes,   19106720 total
- age   5:    2925136 bytes,   22031856 total
: 109248K->21824K(109248K), 0.0350267 secs] 279520K->200285K(502464K), 0.0350800 secs] [Times: user=0.03 sys=0.03, real=0.03 secs] 
Heap after GC invocations=150 (full 4):
 par new generation   total 109248K, used 21824K [0x00000007a0000000, 0x00000007a8000000, 0x00000007a8000000)
  eden space 87424K,   0% used [0x00000007a0000000, 0x00000007a0000000, 0x00000007a5560000)
  from space 21824K, 100% used [0x00000007a5560000, 0x00000007a6ab0000, 0x00000007a6ab0000)
  to   space 21824K,   0% used [0x00000007a6ab0000, 0x00000007a6ab0000, 0x00000007a8000000)
 concurrent mark-sweep generation total 393216K, used 178461K [0x00000007a8000000, 0x00000007c0000000, 0x00000007c0000000)
 Metaspace       used 37786K, capacity 38364K, committed 38652K, reserved 1083392K
  class space    used 4099K, capacity 4294K, committed 4348K, reserved 1048576K
}
2017-06-12T13:48:48.689-0100: 66134.696: Total time for which application threads were stopped: 0.0352360 seconds, Stopping threads took: 0.0000186 seconds
{Heap before GC invocations=150 (full 4):
 par new generation   total 109248K, used 109248K [0x00000007a0000000, 0x00000007a8000000, 0x00000007a8000000)
  eden space 87424K, 100% used [0x00000007a0000000, 0x00000007a5560000, 0x00000007a5560000)
  from space 21824K, 100% used [0x00000007a5560000, 0x00000007a6ab0000, 0x00000007a6ab0000)
  to   space 21824K,   0% used [0x00000007a6ab0000, 0x00000007a6ab0000, 0x00000007a8000000)
 concurrent mark-sweep generation total 393216K, used 178461K [0x00000007a8000000, 0x00000007c0000000, 0x00000007c0000000)
 Metaspace       used 37786K, capacity 38364K, committed 38652K, reserved 1083392K
  class space    used 4099K, capacity 4294K, committed 4348K, reserved 1048576K
2017-06-12T13:48:48.943-0100: 66134.950: [GC (Allocation Failure) 2017-06-12T13:48:48.943-0100: 66134.950: [ParNew
Desired survivor size 20112992 bytes, new threshold 5 (max 8)
- age   1:   11437552 bytes,   11437552 total
- age   2:    3705520 bytes,   15143072 total
- age   3:    2048224 bytes,   17191296 total
- age   4:    2200144 bytes,   19391440 total
- age   5:    2930160 bytes,   22321600 total
: 109248K->21824K(109248K), 0.0259311 secs] 287709K->207641K(502464K), 0.0259830 secs] [Times: user=0.04 sys=0.02, real=0.02 secs] 
Heap after GC invocations=151 (full 4):
 par new generation   total 109248K, used 21824K [0x00000007a0000000, 0x00000007a8000000, 0x00000007a8000000)
  eden space 87424K,   0% used [0x00000007a0000000, 0x00000007a0000000, 0x00000007a5560000)
  from space 21824K, 100% used [0x00000007a6ab0000, 0x00000007a8000000, 0x00000007a8000000)
  to   space 21824K,   0% used [0x00000007a5560000, 0x00000007a5560000, 0x00000007a6ab0000)
 concurrent mark-sweep generation total 393216K, used 185817K [0x00000007a8000000, 0x00000007c0000000, 0x00000007c0000000)
 Metaspace       used 37786K, capacity 38364K, committed 38652K, reserved 1083392K
  class space    used 4099K, capacity 4294K, committed 4348K, reserved 1048576K
}
2017-06-12T13:48:48.969-0100: 66134.976: Total time for which application threads were stopped: 0.0261602 seconds, Stopping threads took: 0.0000176 seconds
{Heap before GC invocations=151 (full 4):
 par new generation   total 109248K, used 109248K [0x00000007a0000000, 0x00000007a8000000, 0x00000007a8000000)
  eden space 87424K, 100% used [0x00000007a0000000, 0x00000007a5560000, 0x00000007a5560000)
  from space 21824K, 100% used [0x00000007a6ab0000, 0x00000007a8000000, 0x00000007a8000000)
  to   space 21824K,   0% used [0x00000007a5560000, 0x00000007a5560000, 0x00000007a6ab0000)
 concurrent mark-sweep generation total 393216K, used 185817K [0x00000007a8000000, 0x00000007c0000000, 0x00000007c0000000)
 Metaspace       used 37786K, capacity 38364K, committed 38652K, reserved 1083392K
  class space    used 4099K, capacity 4294K, committed 4348K, reserved 1048576K
2017-06-12T13:48:49.208-0100: 66135.216: [GC (Allocation Failure) 2017-06-12T13:48:49.208-0100: 66135.216: [ParNew
Desired survivor size 20112992 bytes, new threshold 8 (max 8)
- age   1:   10729624 bytes,   10729624 total
- age   2:    2588888 bytes,   13318512 total
- age   3:    3135848 bytes,   16454360 total
- age   4:    1448832 bytes,   17903192 total
- age   5:    2044488 bytes,   19947680 total
: 109248K->21824K(109248K), 0.0269812 secs] 295065K->215383K(502464K), 0.0270469 secs] [Times: user=0.03 sys=0.03, real=0.03 secs] 
Heap after GC invocations=152 (full 4):
 par new generation   total 109248K, used 21824K [0x00000007a0000000, 0x00000007a8000000, 0x00000007a8000000)
  eden space 87424K,   0% used [0x00000007a0000000, 0x00000007a0000000, 0x00000007a5560000)
  from space 21824K, 100% used [0x00000007a5560000, 0x00000007a6ab0000, 0x00000007a6ab0000)
  to   space 21824K,   0% used [0x00000007a6ab0000, 0x00000007a6ab0000, 0x00000007a8000000)
 concurrent mark-sweep generation total 393216K, used 193559K [0x00000007a8000000, 0x00000007c0000000, 0x00000007c0000000)
 Metaspace       used 37786K, capacity 38364K, committed 38652K, reserved 1083392K
  class space    used 4099K, capacity 4294K, committed 4348K, reserved 1048576K
}
2017-06-12T13:48:49.235-0100: 66135.243: Total time for which application threads were stopped: 0.0272029 seconds, Stopping threads took: 0.0000189 seconds
{Heap before GC invocations=152 (full 4):
 par new generation   total 109248K, used 109248K [0x00000007a0000000, 0x00000007a8000000, 0x00000007a8000000)
  eden space 87424K, 100% used [0x00000007a0000000, 0x00000007a5560000, 0x00000007a5560000)
  from space 21824K, 100% used [0x00000007a5560000, 0x00000007a6ab0000, 0x00000007a6ab0000)
  to   space 21824K,   0% used [0x00000007a6ab0000, 0x00000007a6ab0000, 0x00000007a8000000)
 concurrent mark-sweep generation total 393216K, used 193559K [0x00000007a8000000, 0x00000007c0000000, 0x00000007c0000000)
 Metaspace       used 37786K, capacity 38364K, committed 38652K, reserved 1083392K
  class space    used 4099K, capacity 4294K, committed 4348K, reserved 1048576K
2017-06-12T13:48:49.479-0100: 66135.486: [GC (Allocation Failure) 2017-06-12T13:48:49.479-0100: 66135.486: [ParNew
Desired survivor size 20112992 bytes, new threshold 6 (max 8)
- age   1:   11532736 bytes,   11532736 total
- age   2:    2946816 bytes,   14479552 total
- age   3:    1876840 bytes,   16356392 total
- age   4:    2453784 bytes,   18810176 total
- age   5:    1285064 bytes,   20095240 total
- age   6:    1813784 bytes,   21909024 total
: 109248K->21824K(109248K), 0.0226988 secs] 302807K->220571K(502464K), 0.0227515 secs] [Times: user=0.04 sys=0.02, real=0.03 secs] 
Heap after GC invocations=153 (full 4):
 par new generation   total 109248K, used 21824K [0x00000007a0000000, 0x00000007a8000000, 0x00000007a8000000)
  eden space 87424K,   0% used [0x00000007a0000000, 0x00000007a0000000, 0x00000007a5560000)
  from space 21824K, 100% used [0x00000007a6ab0000, 0x00000007a8000000, 0x00000007a8000000)
  to   space 21824K,   0% used [0x00000007a5560000, 0x00000007a5560000, 0x00000007a6ab0000)
 concurrent mark-sweep generation total 393216K, used 198747K [0x00000007a8000000, 0x00000007c0000000, 0x00000007c0000000)
 Metaspace       used 37786K, capacity 38364K, committed 38652K, reserved 1083392K
  class space    used 4099K, capacity 4294K, committed 4348K, reserved 1048576K
}
2017-06-12T13:48:49.501-0100: 66135.509: Total time for which application threads were stopped: 0.0229079 seconds, Stopping threads took: 0.0000165 seconds
2017-06-12T13:48:49.502-0100: 66135.510: [GC (CMS Initial Mark) [1 CMS-initial-mark: 198747K(393216K)] 222274K(502464K), 0.0054354 secs] [Times: user=0.01 sys=0.00, real=0.00 secs] 
2017-06-12T13:48:49.508-0100: 66135.515: Total time for which application threads were stopped: 0.0056658 seconds, Stopping threads took: 0.0000851 seconds
2017-06-12T13:48:49.510-0100: 66135.518: [CMS-concurrent-mark-start]
2017-06-12T13:48:49.539-0100: 66135.547: [CMS-concurrent-mark: 0.029/0.029 secs] [Times: user=0.06 sys=0.03, real=0.02 secs] 
2017-06-12T13:48:49.539-0100: 66135.547: [CMS-concurrent-preclean-start]
2017-06-12T13:48:49.541-0100: 66135.548: [CMS-concurrent-preclean: 0.001/0.001 secs] [Times: user=0.00 sys=0.00, real=0.01 secs] 
2017-06-12T13:48:49.541-0100: 66135.548: [CMS-concurrent-abortable-preclean-start]
2017-06-12T13:48:49.668-0100: 66135.675: [CMS-concurrent-abortable-preclean: 0.127/0.127 secs] [Times: user=0.26 sys=0.01, real=0.12 secs] 
2017-06-12T13:48:49.668-0100: 66135.676: [GC (CMS Final Remark) [YG occupancy: 72957 K (109248 K)]{Heap before GC invocations=153 (full 5):
 par new generation   total 109248K, used 72957K [0x00000007a0000000, 0x00000007a8000000, 0x00000007a8000000)
  eden space 87424K,  58% used [0x00000007a0000000, 0x00000007a31ef7d0, 0x00000007a5560000)
  from space 21824K, 100% used [0x00000007a6ab0000, 0x00000007a8000000, 0x00000007a8000000)
  to   space 21824K,   0% used [0x00000007a5560000, 0x00000007a5560000, 0x00000007a6ab0000)
 concurrent mark-sweep generation total 393216K, used 198747K [0x00000007a8000000, 0x00000007c0000000, 0x00000007c0000000)
 Metaspace       used 37786K, capacity 38364K, committed 38652K, reserved 1083392K
  class space    used 4099K, capacity 4294K, committed 4348K, reserved 1048576K
2017-06-12T13:48:49.668-0100: 66135.676: [GC (CMS Final Remark) 2017-06-12T13:48:49.668-0100: 66135.676: [ParNew
Desired survivor size 20112992 bytes, new threshold 8 (max 8)
- age   1:    3418672 bytes,    3418672 total
- age   2:    8075408 bytes,   11494080 total
- age   3:    2719616 bytes,   14213696 total
- age   4:    1721176 bytes,   15934872 total
- age   5:    2344288 bytes,   18279160 total
- age   6:    1143208 bytes,   19422368 total
: 72957K->21824K(109248K), 0.0136503 secs] 271705K->225881K(502464K), 0.0136888 secs] [Times: user=0.02 sys=0.01, real=0.02 secs] 
Heap after GC invocations=154 (full 5):
 par new generation   total 109248K, used 21824K [0x00000007a0000000, 0x00000007a8000000, 0x00000007a8000000)
  eden space 87424K,   0% used [0x00000007a0000000, 0x00000007a0000000, 0x00000007a5560000)
  from space 21824K, 100% used [0x00000007a5560000, 0x00000007a6ab0000, 0x00000007a6ab0000)
  to   space 21824K,   0% used [0x00000007a6ab0000, 0x00000007a6ab0000, 0x00000007a8000000)
 concurrent mark-sweep generation total 393216K, used 204057K [0x00000007a8000000, 0x00000007c0000000, 0x00000007c0000000)
 Metaspace       used 37786K, capacity 38364K, committed 38652K, reserved 1083392K
  class space    used 4099K, capacity 4294K, committed 4348K, reserved 1048576K
}
2017-06-12T13:48:49.682-0100: 66135.689: [Rescan (parallel) , 0.0026158 secs]2017-06-12T13:48:49.685-0100: 66135.692: [weak refs processing, 0.0047513 secs]2017-06-12T13:48:49.689-0100: 66135.697: [class unloading, 0.1194894 secs]2017-06-12T13:48:49.809-0100: 66135.816: [scrub symbol table, 0.0164310 secs]2017-06-12T13:48:49.825-0100: 66135.833: [scrub string table, 0.0004441 secs][1 CMS-remark: 204057K(393216K)] 225881K(502464K), 0.1576558 secs] [Times: user=0.06 sys=0.07, real=0.16 secs] 
2017-06-12T13:48:49.826-0100: 66135.833: Total time for which application threads were stopped: 0.1578778 seconds, Stopping threads took: 0.0001087 seconds
2017-06-12T13:48:49.826-0100: 66135.833: [CMS-concurrent-sweep-start]
2017-06-12T13:48:49.826-0100: 66135.834: Total time for which application threads were stopped: 0.0000970 seconds, Stopping threads took: 0.0000194 seconds
2017-06-12T13:48:49.826-0100: 66135.834: Total time for which application threads were stopped: 0.0001268 seconds, Stopping threads took: 0.0000496 seconds
2017-06-12T13:48:49.827-0100: 66135.834: Total time for which application threads were stopped: 0.0000688 seconds, Stopping threads took: 0.0000265 seconds
2017-06-12T13:48:49.827-0100: 66135.834: Total time for which application threads were stopped: 0.0000725 seconds, Stopping threads took: 0.0000162 seconds
2017-06-12T13:48:49.827-0100: 66135.834: Total time for which application threads were stopped: 0.0000656 seconds, Stopping threads took: 0.0000169 seconds
2017-06-12T13:48:49.828-0100: 66135.835: Total time for which application threads were stopped: 0.0008381 seconds, Stopping threads took: 0.0000155 seconds
2017-06-12T13:48:49.828-0100: 66135.835: Total time for which application threads were stopped: 0.0001358 seconds, Stopping threads took: 0.0000599 seconds
2017-06-12T13:48:49.828-0100: 66135.836: Total time for which application threads were stopped: 0.0001222 seconds, Stopping threads took: 0.0000575 seconds
2017-06-12T13:48:49.828-0100: 66135.836: Total time for which application threads were stopped: 0.0001342 seconds, Stopping threads took: 0.0000608 seconds
2017-06-12T13:48:49.829-0100: 66135.837: Total time for which application threads were stopped: 0.0007365 seconds, Stopping threads took: 0.0000219 seconds
2017-06-12T13:48:49.829-0100: 66135.837: Total time for which application threads were stopped: 0.0000780 seconds, Stopping threads took: 0.0000162 seconds
2017-06-12T13:48:49.830-0100: 66135.837: Total time for which application threads were stopped: 0.0000999 seconds, Stopping threads took: 0.0000415 seconds
2017-06-12T13:48:49.830-0100: 66135.837: Total time for which application threads were stopped: 0.0000594 seconds, Stopping threads took: 0.0000175 seconds
2017-06-12T13:48:49.830-0100: 66135.837: Total time for which application threads were stopped: 0.0000835 seconds, Stopping threads took: 0.0000363 seconds
2017-06-12T13:48:49.830-0100: 66135.837: Total time for which application threads were stopped: 0.0000703 seconds, Stopping threads took: 0.0000313 seconds
2017-06-12T13:48:49.831-0100: 66135.838: Total time for which application threads were stopped: 0.0006512 seconds, Stopping threads took: 0.0000170 seconds
2017-06-12T13:48:49.831-0100: 66135.838: Total time for which application threads were stopped: 0.0000735 seconds, Stopping threads took: 0.0000341 seconds
2017-06-12T13:48:49.831-0100: 66135.838: Total time for which application threads were stopped: 0.0000613 seconds, Stopping threads took: 0.0000254 seconds
2017-06-12T13:48:49.831-0100: 66135.839: Total time for which application threads were stopped: 0.0001687 seconds, Stopping threads took: 0.0000324 seconds
2017-06-12T13:48:49.831-0100: 66135.839: Total time for which application threads were stopped: 0.0000886 seconds, Stopping threads took: 0.0000417 seconds
2017-06-12T13:48:49.831-0100: 66135.839: Total time for which application threads were stopped: 0.0000694 seconds, Stopping threads took: 0.0000286 seconds
2017-06-12T13:48:49.832-0100: 66135.839: Total time for which application threads were stopped: 0.0000956 seconds, Stopping threads took: 0.0000300 seconds
2017-06-12T13:48:49.832-0100: 66135.839: Total time for which application threads were stopped: 0.0000681 seconds, Stopping threads took: 0.0000284 seconds
2017-06-12T13:48:49.832-0100: 66135.839: Total time for which application threads were stopped: 0.0000761 seconds, Stopping threads took: 0.0000296 seconds
2017-06-12T13:48:49.832-0100: 66135.839: Total time for which application threads were stopped: 0.0000645 seconds, Stopping threads took: 0.0000268 seconds
2017-06-12T13:48:49.832-0100: 66135.839: Total time for which application threads were stopped: 0.0000660 seconds, Stopping threads took: 0.0000313 seconds
2017-06-12T13:48:49.832-0100: 66135.840: Total time for which application threads were stopped: 0.0000600 seconds, Stopping threads took: 0.0000269 seconds
2017-06-12T13:48:49.832-0100: 66135.840: Total time for which application threads were stopped: 0.0000578 seconds, Stopping threads took: 0.0000251 seconds
2017-06-12T13:48:49.832-0100: 66135.840: Total time for which application threads were stopped: 0.0000569 seconds, Stopping threads took: 0.0000243 seconds
2017-06-12T13:48:49.832-0100: 66135.840: Total time for which application threads were stopped: 0.0001324 seconds, Stopping threads took: 0.0000244 seconds
2017-06-12T13:48:49.987-0100: 66135.994: [CMS-concurrent-sweep: 0.156/0.161 secs] [Times: user=0.20 sys=0.06, real=0.16 secs] 
2017-06-12T13:48:49.987-0100: 66135.995: [CMS-concurrent-reset-start]
2017-06-12T13:48:49.996-0100: 66136.004: [CMS-concurrent-reset: 0.009/0.009 secs] [Times: user=0.01 sys=0.01, real=0.01 secs] 
{Heap before GC invocations=154 (full 5):
 par new generation   total 109248K, used 109248K [0x00000007a0000000, 0x00000007a8000000, 0x00000007a8000000)
  eden space 87424K, 100% used [0x00000007a0000000, 0x00000007a5560000, 0x00000007a5560000)
  from space 21824K, 100% used [0x00000007a5560000, 0x00000007a6ab0000, 0x00000007a6ab0000)
  to   space 21824K,   0% used [0x00000007a6ab0000, 0x00000007a6ab0000, 0x00000007a8000000)
 concurrent mark-sweep generation total 393216K, used 59340K [0x00000007a8000000, 0x00000007c0000000, 0x00000007c0000000)
 Metaspace       used 37709K, capacity 38232K, committed 38652K, reserved 1083392K
  class space    used 4086K, capacity 4272K, committed 4348K, reserved 1048576K
2017-06-12T13:48:50.082-0100: 66136.089: [GC (Allocation Failure) 2017-06-12T13:48:50.082-0100: 66136.089: [ParNew
Desired survivor size 20112992 bytes, new threshold 6 (max 8)
- age   1:   12649616 bytes,   12649616 total
- age   2:    1597880 bytes,   14247496 total
- age   3:    1548864 bytes,   15796360 total
- age   4:    2425448 bytes,   18221808 total
- age   5:    1476408 bytes,   19698216 total
- age   6:    1716880 bytes,   21415096 total
- age   7:     908496 bytes,   22323592 total
: 109248K->21824K(109248K), 0.0139420 secs] 168588K->86833K(502464K), 0.0139969 secs] [Times: user=0.04 sys=0.01, real=0.01 secs] 
Heap after GC invocations=155 (full 5):
 par new generation   total 109248K, used 21824K [0x00000007a0000000, 0x00000007a8000000, 0x00000007a8000000)
  eden space 87424K,   0% used [0x00000007a0000000, 0x00000007a0000000, 0x00000007a5560000)
  from space 21824K, 100% used [0x00000007a6ab0000, 0x00000007a8000000, 0x00000007a8000000)
  to   space 21824K,   0% used [0x00000007a5560000, 0x00000007a5560000, 0x00000007a6ab0000)
 concurrent mark-sweep generation total 393216K, used 65009K [0x00000007a8000000, 0x00000007c0000000, 0x00000007c0000000)
 Metaspace       used 37709K, capacity 38232K, committed 38652K, reserved 1083392K
  class space    used 4086K, capacity 4272K, committed 4348K, reserved 1048576K
}
2017-06-12T13:48:50.096-0100: 66136.103: Total time for which application threads were stopped: 0.0142390 seconds, Stopping threads took: 0.0000191 seconds
{Heap before GC invocations=155 (full 5):
 par new generation   total 109248K, used 109248K [0x00000007a0000000, 0x00000007a8000000, 0x00000007a8000000)
  eden space 87424K, 100% used [0x00000007a0000000, 0x00000007a5560000, 0x00000007a5560000)
  from space 21824K, 100% used [0x00000007a6ab0000, 0x00000007a8000000, 0x00000007a8000000)
  to   space 21824K,   0% used [0x00000007a5560000, 0x00000007a5560000, 0x00000007a6ab0000)
 concurrent mark-sweep generation total 393216K, used 65009K [0x00000007a8000000, 0x00000007c0000000, 0x00000007c0000000)
 Metaspace       used 37709K, capacity 38232K, committed 38652K, reserved 1083392K
  class space    used 4086K, capacity 4272K, committed 4348K, reserved 1048576K
2017-06-12T13:48:50.363-0100: 66136.371: [GC (Allocation Failure) 2017-06-12T13:48:50.363-0100: 66136.371: [ParNew
Desired survivor size 20112992 bytes, new threshold 6 (max 8)
- age   1:    7428456 bytes,    7428456 total
- age   2:    6172224 bytes,   13600680 total
- age   3:    1553240 bytes,   15153920 total
- age   4:    1485168 bytes,   16639088 total
- age   5:    2369632 bytes,   19008720 total
- age   6:    1158272 bytes,   20166992 total
: 109248K->21824K(109248K), 0.0203762 secs] 174257K->99896K(502464K), 0.0204305 secs] [Times: user=0.05 sys=0.02, real=0.02 secs] 
Heap after GC invocations=156 (full 5):
 par new generation   total 109248K, used 21824K [0x00000007a0000000, 0x00000007a8000000, 0x00000007a8000000)
  eden space 87424K,   0% used [0x00000007a0000000, 0x00000007a0000000, 0x00000007a5560000)
  from space 21824K, 100% used [0x00000007a5560000, 0x00000007a6ab0000, 0x00000007a6ab0000)
  to   space 21824K,   0% used [0x00000007a6ab0000, 0x00000007a6ab0000, 0x00000007a8000000)
 concurrent mark-sweep generation total 393216K, used 78072K [0x00000007a8000000, 0x00000007c0000000, 0x00000007c0000000)
 Metaspace       used 37709K, capacity 38232K, committed 38652K, reserved 1083392K
  class space    used 4086K, capacity 4272K, committed 4348K, reserved 1048576K
}
2017-06-12T13:48:50.384-0100: 66136.391: Total time for which application threads were stopped: 0.0206195 seconds, Stopping threads took: 0.0000183 seconds
{Heap before GC invocations=156 (full 5):
 par new generation   total 109248K, used 109248K [0x00000007a0000000, 0x00000007a8000000, 0x00000007a8000000)
  eden space 87424K, 100% used [0x00000007a0000000, 0x00000007a5560000, 0x00000007a5560000)
  from space 21824K, 100% used [0x00000007a5560000, 0x00000007a6ab0000, 0x00000007a6ab0000)
  to   space 21824K,   0% used [0x00000007a6ab0000, 0x00000007a6ab0000, 0x00000007a8000000)
 concurrent mark-sweep generation total 393216K, used 78072K [0x00000007a8000000, 0x00000007c0000000, 0x00000007c0000000)
 Metaspace       used 37709K, capacity 38232K, committed 38652K, reserved 1083392K
  class space    used 4086K, capacity 4272K, committed 4348K, reserved 1048576K
2017-06-12T13:48:50.630-0100: 66136.638: [GC (Allocation Failure) 2017-06-12T13:48:50.630-0100: 66136.638: [ParNew
Desired survivor size 20112992 bytes, new threshold 6 (max 8)
- age   1:    6432336 bytes,    6432336 total
- age   2:    5340360 bytes,   11772696 total
- age   3:    3700992 bytes,   15473688 total
- age   4:    1490600 bytes,   16964288 total
- age   5:    1484056 bytes,   18448344 total
- age   6:    2368632 bytes,   20816976 total
: 109248K->21824K(109248K), 0.0169926 secs] 187320K->107308K(502464K), 0.0170610 secs] [Times: user=0.04 sys=0.01, real=0.01 secs] 
Heap after GC invocations=157 (full 5):
 par new generation   total 109248K, used 21824K [0x00000007a0000000, 0x00000007a8000000, 0x00000007a8000000)
  eden space 87424K,   0% used [0x00000007a0000000, 0x00000007a0000000, 0x00000007a5560000)
  from space 21824K, 100% used [0x00000007a6ab0000, 0x00000007a8000000, 0x00000007a8000000)
  to   space 21824K,   0% used [0x00000007a5560000, 0x00000007a5560000, 0x00000007a6ab0000)
 concurrent mark-sweep generation total 393216K, used 85484K [0x00000007a8000000, 0x00000007c0000000, 0x00000007c0000000)
 Metaspace       used 37709K, capacity 38232K, committed 38652K, reserved 1083392K
  class space    used 4086K, capacity 4272K, committed 4348K, reserved 1048576K
}
2017-06-12T13:48:50.647-0100: 66136.655: Total time for which application threads were stopped: 0.0172250 seconds, Stopping threads took: 0.0000189 seconds
{Heap before GC invocations=157 (full 5):
 par new generation   total 109248K, used 109248K [0x00000007a0000000, 0x00000007a8000000, 0x00000007a8000000)
  eden space 87424K, 100% used [0x00000007a0000000, 0x00000007a5560000, 0x00000007a5560000)
  from space 21824K, 100% used [0x00000007a6ab0000, 0x00000007a8000000, 0x00000007a8000000)
  to   space 21824K,   0% used [0x00000007a5560000, 0x00000007a5560000, 0x00000007a6ab0000)
 concurrent mark-sweep generation total 393216K, used 85484K [0x00000007a8000000, 0x00000007c0000000, 0x00000007c0000000)
 Metaspace       used 37709K, capacity 38232K, committed 38652K, reserved 1083392K
  class space    used 4086K, capacity 4272K, committed 4348K, reserved 1048576K
2017-06-12T13:48:50.895-0100: 66136.902: [GC (Allocation Failure) 2017-06-12T13:48:50.895-0100: 66136.902: [ParNew
Desired survivor size 20112992 bytes, new threshold 6 (max 8)
- age   1:   10329624 bytes,   10329624 total
- age   2:    3868048 bytes,   14197672 total
- age   3:    1976944 bytes,   16174616 total
- age   4:    2074232 bytes,   18248848 total
- age   5:    1485936 bytes,   19734784 total
- age   6:    1478088 bytes,   21212872 total
: 109248K->21824K(109248K), 0.0144167 secs] 194732K->120141K(502464K), 0.0144875 secs] [Times: user=0.04 sys=0.01, real=0.01 secs] 
Heap after GC invocations=158 (full 5):
 par new generation   total 109248K, used 21824K [0x00000007a0000000, 0x00000007a8000000, 0x00000007a8000000)
  eden space 87424K,   0% used [0x00000007a0000000, 0x00000007a0000000, 0x00000007a5560000)
  from space 21824K, 100% used [0x00000007a5560000, 0x00000007a6ab0000, 0x00000007a6ab0000)
  to   space 21824K,   0% used [0x00000007a6ab0000, 0x00000007a6ab0000, 0x00000007a8000000)
 concurrent mark-sweep generation total 393216K, used 98317K [0x00000007a8000000, 0x00000007c0000000, 0x00000007c0000000)
 Metaspace       used 37709K, capacity 38232K, committed 38652K, reserved 1083392K
  class space    used 4086K, capacity 4272K, committed 4348K, reserved 1048576K
}
2017-06-12T13:48:50.909-0100: 66136.917: Total time for which application threads were stopped: 0.0146562 seconds, Stopping threads took: 0.0000188 seconds
{Heap before GC invocations=158 (full 5):
 par new generation   total 109248K, used 109248K [0x00000007a0000000, 0x00000007a8000000, 0x00000007a8000000)
  eden space 87424K, 100% used [0x00000007a0000000, 0x00000007a5560000, 0x00000007a5560000)
  from space 21824K, 100% used [0x00000007a5560000, 0x00000007a6ab0000, 0x00000007a6ab0000)
  to   space 21824K,   0% used [0x00000007a6ab0000, 0x00000007a6ab0000, 0x00000007a8000000)
 concurrent mark-sweep generation total 393216K, used 98317K [0x00000007a8000000, 0x00000007c0000000, 0x00000007c0000000)
 Metaspace       used 37709K, capacity 38232K, committed 38652K, reserved 1083392K
  class space    used 4086K, capacity 4272K, committed 4348K, reserved 1048576K
2017-06-12T13:48:51.180-0100: 66137.188: [GC (Allocation Failure) 2017-06-12T13:48:51.180-0100: 66137.188: [ParNew
Desired survivor size 20112992 bytes, new threshold 6 (max 8)
- age   1:    7144208 bytes,    7144208 total
- age   2:    5485544 bytes,   12629752 total
- age   3:    2921832 bytes,   15551584 total
- age   4:    1972896 bytes,   17524480 total
- age   5:    2072504 bytes,   19596984 total
- age   6:    1480168 bytes,   21077152 total
: 109248K->21824K(109248K), 0.0112994 secs] 207565K->127645K(502464K), 0.0113591 secs] [Times: user=0.03 sys=0.01, real=0.01 secs] 
Heap after GC invocations=159 (full 5):
 par new generation   total 109248K, used 21824K [0x00000007a0000000, 0x00000007a8000000, 0x00000007a8000000)
  eden space 87424K,   0% used [0x00000007a0000000, 0x00000007a0000000, 0x00000007a5560000)
  from space 21824K, 100% used [0x00000007a6ab0000, 0x00000007a8000000, 0x00000007a8000000)
  to   space 21824K,   0% used [0x00000007a5560000, 0x00000007a5560000, 0x00000007a6ab0000)
 concurrent mark-sweep generation total 393216K, used 105821K [0x00000007a8000000, 0x00000007c0000000, 0x00000007c0000000)
 Metaspace       used 37709K, capacity 38232K, committed 38652K, reserved 1083392K
  class space    used 4086K, capacity 4272K, committed 4348K, reserved 1048576K
}
2017-06-12T13:48:51.192-0100: 66137.199: Total time for which application threads were stopped: 0.0115256 seconds, Stopping threads took: 0.0000180 seconds
{Heap before GC invocations=159 (full 5):
 par new generation   total 109248K, used 109248K [0x00000007a0000000, 0x00000007a8000000, 0x00000007a8000000)
  eden space 87424K, 100% used [0x00000007a0000000, 0x00000007a5560000, 0x00000007a5560000)
  from space 21824K, 100% used [0x00000007a6ab0000, 0x00000007a8000000, 0x00000007a8000000)
  to   space 21824K,   0% used [0x00000007a5560000, 0x00000007a5560000, 0x00000007a6ab0000)
 concurrent mark-sweep generation total 393216K, used 105821K [0x00000007a8000000, 0x00000007c0000000, 0x00000007c0000000)
 Metaspace       used 37709K, capacity 38232K, committed 38652K, reserved 1083392K
  class space    used 4086K, capacity 4272K, committed 4348K, reserved 1048576K
2017-06-12T13:48:51.465-0100: 66137.473: [GC (Allocation Failure) 2017-06-12T13:48:51.465-0100: 66137.473: [ParNew
Desired survivor size 20112992 bytes, new threshold 6 (max 8)
- age   1:    5673328 bytes,    5673328 total
- age   2:    6151128 bytes,   11824456 total
- age   3:    3603920 bytes,   15428376 total
- age   4:    2610816 bytes,   18039192 total
- age   5:    1941072 bytes,   19980264 total
- age   6:    1768496 bytes,   21748760 total
: 109248K->21824K(109248K), 0.0182320 secs] 215069K->139214K(502464K), 0.0183045 secs] [Times: user=0.05 sys=0.01, real=0.02 secs] 
Heap after GC invocations=160 (full 5):
 par new generation   total 109248K, used 21824K [0x00000007a0000000, 0x00000007a8000000, 0x00000007a8000000)
  eden space 87424K,   0% used [0x00000007a0000000, 0x00000007a0000000, 0x00000007a5560000)
  from space 21824K, 100% used [0x00000007a5560000, 0x00000007a6ab0000, 0x00000007a6ab0000)
  to   space 21824K,   0% used [0x00000007a6ab0000, 0x00000007a6ab0000, 0x00000007a8000000)
 concurrent mark-sweep generation total 393216K, used 117390K [0x00000007a8000000, 0x00000007c0000000, 0x00000007c0000000)
 Metaspace       used 37709K, capacity 38232K, committed 38652K, reserved 1083392K
  class space    used 4086K, capacity 4272K, committed 4348K, reserved 1048576K
}
2017-06-12T13:48:51.484-0100: 66137.491: Total time for which application threads were stopped: 0.0184803 seconds, Stopping threads took: 0.0000185 seconds
{Heap before GC invocations=160 (full 5):
 par new generation   total 109248K, used 108555K [0x00000007a0000000, 0x00000007a8000000, 0x00000007a8000000)
  eden space 87424K,  99% used [0x00000007a0000000, 0x00000007a54b2d78, 0x00000007a5560000)
  from space 21824K, 100% used [0x00000007a5560000, 0x00000007a6ab0000, 0x00000007a6ab0000)
  to   space 21824K,   0% used [0x00000007a6ab0000, 0x00000007a6ab0000, 0x00000007a8000000)
 concurrent mark-sweep generation total 393216K, used 117390K [0x00000007a8000000, 0x00000007c0000000, 0x00000007c0000000)
 Metaspace       used 37709K, capacity 38232K, committed 38652K, reserved 1083392K
  class space    used 4086K, capacity 4272K, committed 4348K, reserved 1048576K
2017-06-12T13:48:51.746-0100: 66137.753: [GC (Allocation Failure) 2017-06-12T13:48:51.746-0100: 66137.753: [ParNew
Desired survivor size 20112992 bytes, new threshold 8 (max 8)
- age   1:    5739064 bytes,    5739064 total
- age   2:    3860952 bytes,    9600016 total
- age   3:    2129056 bytes,   11729072 total
- age   4:    3245280 bytes,   14974352 total
- age   5:    2608736 bytes,   17583088 total
- age   6:    1927536 bytes,   19510624 total
: 108555K->21824K(109248K), 0.0166355 secs] 225945K->148914K(502464K), 0.0166897 secs] [Times: user=0.04 sys=0.01, real=0.02 secs] 
Heap after GC invocations=161 (full 5):
 par new generation   total 109248K, used 21824K [0x00000007a0000000, 0x00000007a8000000, 0x00000007a8000000)
  eden space 87424K,   0% used [0x00000007a0000000, 0x00000007a0000000, 0x00000007a5560000)
  from space 21824K, 100% used [0x00000007a6ab0000, 0x00000007a8000000, 0x00000007a8000000)
  to   space 21824K,   0% used [0x00000007a5560000, 0x00000007a5560000, 0x00000007a6ab0000)
 concurrent mark-sweep generation total 393216K, used 127090K [0x00000007a8000000, 0x00000007c0000000, 0x00000007c0000000)
 Metaspace       used 37709K, capacity 38232K, committed 38652K, reserved 1083392K
  class space    used 4086K, capacity 4272K, committed 4348K, reserved 1048576K
}
2017-06-12T13:48:51.763-0100: 66137.770: Total time for which application threads were stopped: 0.0169261 seconds, Stopping threads took: 0.0000192 seconds
{Heap before GC invocations=161 (full 5):
 par new generation   total 109248K, used 109248K [0x00000007a0000000, 0x00000007a8000000, 0x00000007a8000000)
  eden space 87424K, 100% used [0x00000007a0000000, 0x00000007a5560000, 0x00000007a5560000)
  from space 21824K, 100% used [0x00000007a6ab0000, 0x00000007a8000000, 0x00000007a8000000)
  to   space 21824K,   0% used [0x00000007a5560000, 0x00000007a5560000, 0x00000007a6ab0000)
 concurrent mark-sweep generation total 393216K, used 127090K [0x00000007a8000000, 0x00000007c0000000, 0x00000007c0000000)
 Metaspace       used 37709K, capacity 38232K, committed 38652K, reserved 1083392K
  class space    used 4086K, capacity 4272K, committed 4348K, reserved 1048576K
2017-06-12T13:48:52.015-0100: 66138.022: [GC (Allocation Failure) 2017-06-12T13:48:52.015-0100: 66138.022: [ParNew
Desired survivor size 20112992 bytes, new threshold 7 (max 8)
- age   1:    7074072 bytes,    7074072 total
- age   2:    3284856 bytes,   10358928 total
- age   3:    3352256 bytes,   13711184 total
- age   4:    1814696 bytes,   15525880 total
- age   5:    2060232 bytes,   17586112 total
- age   6:    1773128 bytes,   19359240 total
- age   7:    1793800 bytes,   21153040 total
: 109248K->21824K(109248K), 0.0270352 secs] 236338K->160964K(502464K), 0.0271026 secs] [Times: user=0.08 sys=0.02, real=0.03 secs] 
Heap after GC invocations=162 (full 5):
 par new generation   total 109248K, used 21824K [0x00000007a0000000, 0x00000007a8000000, 0x00000007a8000000)
  eden space 87424K,   0% used [0x00000007a0000000, 0x00000007a0000000, 0x00000007a5560000)
  from space 21824K, 100% used [0x00000007a5560000, 0x00000007a6ab0000, 0x00000007a6ab0000)
  to   space 21824K,   0% used [0x00000007a6ab0000, 0x00000007a6ab0000, 0x00000007a8000000)
 concurrent mark-sweep generation total 393216K, used 139140K [0x00000007a8000000, 0x00000007c0000000, 0x00000007c0000000)
 Metaspace       used 37709K, capacity 38232K, committed 38652K, reserved 1083392K
  class space    used 4086K, capacity 4272K, committed 4348K, reserved 1048576K
}
2017-06-12T13:48:52.042-0100: 66138.049: Total time for which application threads were stopped: 0.0272739 seconds, Stopping threads took: 0.0000185 seconds
{Heap before GC invocations=162 (full 5):
 par new generation   total 109248K, used 109248K [0x00000007a0000000, 0x00000007a8000000, 0x00000007a8000000)
  eden space 87424K, 100% used [0x00000007a0000000, 0x00000007a5560000, 0x00000007a5560000)
  from space 21824K, 100% used [0x00000007a5560000, 0x00000007a6ab0000, 0x00000007a6ab0000)
  to   space 21824K,   0% used [0x00000007a6ab0000, 0x00000007a6ab0000, 0x00000007a8000000)
 concurrent mark-sweep generation total 393216K, used 139140K [0x00000007a8000000, 0x00000007c0000000, 0x00000007c0000000)
 Metaspace       used 37709K, capacity 38232K, committed 38652K, reserved 1083392K
  class space    used 4086K, capacity 4272K, committed 4348K, reserved 1048576K
2017-06-12T13:48:52.340-0100: 66138.348: [GC (Allocation Failure) 2017-06-12T13:48:52.340-0100: 66138.348: [ParNew
Desired survivor size 20112992 bytes, new threshold 7 (max 8)
- age   1:    5233120 bytes,    5233120 total
- age   2:    6740488 bytes,   11973608 total
- age   3:    2162728 bytes,   14136336 total
- age   4:    2181144 bytes,   16317480 total
- age   5:    1684576 bytes,   18002056 total
- age   6:    1962200 bytes,   19964256 total
- age   7:    1646360 bytes,   21610616 total
: 109248K->21824K(109248K), 0.0240677 secs] 248388K->177258K(502464K), 0.0241253 secs] [Times: user=0.07 sys=0.02, real=0.02 secs] 
Heap after GC invocations=163 (full 5):
 par new generation   total 109248K, used 21824K [0x00000007a0000000, 0x00000007a8000000, 0x00000007a8000000)
  eden space 87424K,   0% used [0x00000007a0000000, 0x00000007a0000000, 0x00000007a5560000)
  from space 21824K, 100% used [0x00000007a6ab0000, 0x00000007a8000000, 0x00000007a8000000)
  to   space 21824K,   0% used [0x00000007a5560000, 0x00000007a5560000, 0x00000007a6ab0000)
 concurrent mark-sweep generation total 393216K, used 155434K [0x00000007a8000000, 0x00000007c0000000, 0x00000007c0000000)
 Metaspace       used 37709K, capacity 38232K, committed 38652K, reserved 1083392K
  class space    used 4086K, capacity 4272K, committed 4348K, reserved 1048576K
}
2017-06-12T13:48:52.364-0100: 66138.372: Total time for which application threads were stopped: 0.0242958 seconds, Stopping threads took: 0.0000200 seconds
{Heap before GC invocations=163 (full 5):
 par new generation   total 109248K, used 109248K [0x00000007a0000000, 0x00000007a8000000, 0x00000007a8000000)
  eden space 87424K, 100% used [0x00000007a0000000, 0x00000007a5560000, 0x00000007a5560000)
  from space 21824K, 100% used [0x00000007a6ab0000, 0x00000007a8000000, 0x00000007a8000000)
  to   space 21824K,   0% used [0x00000007a5560000, 0x00000007a5560000, 0x00000007a6ab0000)
 concurrent mark-sweep generation total 393216K, used 155434K [0x00000007a8000000, 0x00000007c0000000, 0x00000007c0000000)
 Metaspace       used 37714K, capacity 38232K, committed 38652K, reserved 1083392K
  class space    used 4086K, capacity 4272K, committed 4348K, reserved 1048576K
2017-06-12T13:48:53.264-0100: 66139.271: [GC (Allocation Failure) 2017-06-12T13:48:53.264-0100: 66139.271: [ParNew
Desired survivor size 20112992 bytes, new threshold 7 (max 8)
- age   1:    4952512 bytes,    4952512 total
- age   2:    5094592 bytes,   10047104 total
- age   3:    3194400 bytes,   13241504 total
- age   4:    2059448 bytes,   15300952 total
- age   5:    2102776 bytes,   17403728 total
- age   6:    1602392 bytes,   19006120 total
- age   7:    1889960 bytes,   20896080 total
: 109248K->21824K(109248K), 0.0119998 secs] 264682K->182787K(502464K), 0.0120627 secs] [Times: user=0.04 sys=0.00, real=0.01 secs] 
Heap after GC invocations=164 (full 5):
 par new generation   total 109248K, used 21824K [0x00000007a0000000, 0x00000007a8000000, 0x00000007a8000000)
  eden space 87424K,   0% used [0x00000007a0000000, 0x00000007a0000000, 0x00000007a5560000)
  from space 21824K, 100% used [0x00000007a5560000, 0x00000007a6ab0000, 0x00000007a6ab0000)
  to   space 21824K,   0% used [0x00000007a6ab0000, 0x00000007a6ab0000, 0x00000007a8000000)
 concurrent mark-sweep generation total 393216K, used 160963K [0x00000007a8000000, 0x00000007c0000000, 0x00000007c0000000)
 Metaspace       used 37714K, capacity 38232K, committed 38652K, reserved 1083392K
  class space    used 4086K, capacity 4272K, committed 4348K, reserved 1048576K
}
2017-06-12T13:48:53.276-0100: 66139.283: Total time for which application threads were stopped: 0.0124036 seconds, Stopping threads took: 0.0000238 seconds
{Heap before GC invocations=164 (full 5):
 par new generation   total 109248K, used 109248K [0x00000007a0000000, 0x00000007a8000000, 0x00000007a8000000)
  eden space 87424K, 100% used [0x00000007a0000000, 0x00000007a5560000, 0x00000007a5560000)
  from space 21824K, 100% used [0x00000007a5560000, 0x00000007a6ab0000, 0x00000007a6ab0000)
  to   space 21824K,   0% used [0x00000007a6ab0000, 0x00000007a6ab0000, 0x00000007a8000000)
 concurrent mark-sweep generation total 393216K, used 160963K [0x00000007a8000000, 0x00000007c0000000, 0x00000007c0000000)
 Metaspace       used 37714K, capacity 38232K, committed 38652K, reserved 1083392K
  class space    used 4086K, capacity 4272K, committed 4348K, reserved 1048576K
2017-06-12T13:48:53.350-0100: 66139.357: [GC (Allocation Failure) 2017-06-12T13:48:53.350-0100: 66139.357: [ParNew
Desired survivor size 20112992 bytes, new threshold 8 (max 8)
- age   1:      57848 bytes,      57848 total
- age   2:    4872952 bytes,    4930800 total
- age   3:    5059328 bytes,    9990128 total
- age   4:    3153856 bytes,   13143984 total
- age   5:    2024696 bytes,   15168680 total
- age   6:    2065536 bytes,   17234216 total
- age   7:    1566976 bytes,   18801192 total
: 109248K->21824K(109248K), 0.0151868 secs] 270211K->184839K(502464K), 0.0152430 secs] [Times: user=0.06 sys=0.00, real=0.01 secs] 
Heap after GC invocations=165 (full 5):
 par new generation   total 109248K, used 21824K [0x00000007a0000000, 0x00000007a8000000, 0x00000007a8000000)
  eden space 87424K,   0% used [0x00000007a0000000, 0x00000007a0000000, 0x00000007a5560000)
  from space 21824K, 100% used [0x00000007a6ab0000, 0x00000007a8000000, 0x00000007a8000000)
  to   space 21824K,   0% used [0x00000007a5560000, 0x00000007a5560000, 0x00000007a6ab0000)
 concurrent mark-sweep generation total 393216K, used 163015K [0x00000007a8000000, 0x00000007c0000000, 0x00000007c0000000)
 Metaspace       used 37714K, capacity 38232K, committed 38652K, reserved 1083392K
  class space    used 4086K, capacity 4272K, committed 4348K, reserved 1048576K
}
2017-06-12T13:48:53.365-0100: 66139.373: Total time for which application threads were stopped: 0.0154250 seconds, Stopping threads took: 0.0000187 seconds
{Heap before GC invocations=165 (full 5):
 par new generation   total 109248K, used 109248K [0x00000007a0000000, 0x00000007a8000000, 0x00000007a8000000)
  eden space 87424K, 100% used [0x00000007a0000000, 0x00000007a5560000, 0x00000007a5560000)
  from space 21824K, 100% used [0x00000007a6ab0000, 0x00000007a8000000, 0x00000007a8000000)
  to   space 21824K,   0% used [0x00000007a5560000, 0x00000007a5560000, 0x00000007a6ab0000)
 concurrent mark-sweep generation total 393216K, used 163015K [0x00000007a8000000, 0x00000007c0000000, 0x00000007c0000000)
 Metaspace       used 37714K, capacity 38232K, committed 38652K, reserved 1083392K
  class space    used 4086K, capacity 4272K, committed 4348K, reserved 1048576K
2017-06-12T13:48:53.450-0100: 66139.457: [GC (Allocation Failure) 2017-06-12T13:48:53.450-0100: 66139.457: [ParNew
Desired survivor size 20112992 bytes, new threshold 8 (max 8)
- age   1:      50648 bytes,      50648 total
- age   2:      26352 bytes,      77000 total
- age   3:    4871472 bytes,    4948472 total
- age   4:    5059328 bytes,   10007800 total
- age   5:    3153856 bytes,   13161656 total
- age   6:    2024696 bytes,   15186352 total
- age   7:    2065536 bytes,   17251888 total
- age   8:    1566976 bytes,   18818864 total
: 109248K->21824K(109248K), 0.0073951 secs] 272263K->184839K(502464K), 0.0074608 secs] [Times: user=0.03 sys=0.00, real=0.00 secs] 
Heap after GC invocations=166 (full 5):
 par new generation   total 109248K, used 21824K [0x00000007a0000000, 0x00000007a8000000, 0x00000007a8000000)
  eden space 87424K,   0% used [0x00000007a0000000, 0x00000007a0000000, 0x00000007a5560000)
  from space 21824K, 100% used [0x00000007a5560000, 0x00000007a6ab0000, 0x00000007a6ab0000)
  to   space 21824K,   0% used [0x00000007a6ab0000, 0x00000007a6ab0000, 0x00000007a8000000)
 concurrent mark-sweep generation total 393216K, used 163015K [0x00000007a8000000, 0x00000007c0000000, 0x00000007c0000000)
 Metaspace       used 37714K, capacity 38232K, committed 38652K, reserved 1083392K
  class space    used 4086K, capacity 4272K, committed 4348K, reserved 1048576K
}
2017-06-12T13:48:53.458-0100: 66139.465: Total time for which application threads were stopped: 0.0076679 seconds, Stopping threads took: 0.0000295 seconds
{Heap before GC invocations=166 (full 5):
 par new generation   total 109248K, used 109248K [0x00000007a0000000, 0x00000007a8000000, 0x00000007a8000000)
  eden space 87424K, 100% used [0x00000007a0000000, 0x00000007a5560000, 0x00000007a5560000)
  from space 21824K, 100% used [0x00000007a5560000, 0x00000007a6ab0000, 0x00000007a6ab0000)
  to   space 21824K,   0% used [0x00000007a6ab0000, 0x00000007a6ab0000, 0x00000007a8000000)
 concurrent mark-sweep generation total 393216K, used 163015K [0x00000007a8000000, 0x00000007c0000000, 0x00000007c0000000)
 Metaspace       used 37715K, capacity 38232K, committed 38652K, reserved 1083392K
  class space    used 4086K, capacity 4272K, committed 4348K, reserved 1048576K
2017-06-12T13:48:53.565-0100: 66139.573: [GC (Allocation Failure) 2017-06-12T13:48:53.565-0100: 66139.573: [ParNew
Desired survivor size 20112992 bytes, new threshold 8 (max 8)
- age   1:      76152 bytes,      76152 total
- age   3:       1040 bytes,      77192 total
- age   4:    3917424 bytes,    3994616 total
- age   5:    5058880 bytes,    9053496 total
- age   6:    3153608 bytes,   12207104 total
- age   7:    2024336 bytes,   14231440 total
- age   8:    2065520 bytes,   16296960 total
: 109248K->21824K(109248K), 0.0081415 secs] 272263K->187303K(502464K), 0.0081943 secs] [Times: user=0.04 sys=0.00, real=0.01 secs] 
Heap after GC invocations=167 (full 5):
 par new generation   total 109248K, used 21824K [0x00000007a0000000, 0x00000007a8000000, 0x00000007a8000000)
  eden space 87424K,   0% used [0x00000007a0000000, 0x00000007a0000000, 0x00000007a5560000)
  from space 21824K, 100% used [0x00000007a6ab0000, 0x00000007a8000000, 0x00000007a8000000)
  to   space 21824K,   0% used [0x00000007a5560000, 0x00000007a5560000, 0x00000007a6ab0000)
 concurrent mark-sweep generation total 393216K, used 165479K [0x00000007a8000000, 0x00000007c0000000, 0x00000007c0000000)
 Metaspace       used 37715K, capacity 38232K, committed 38652K, reserved 1083392K
  class space    used 4086K, capacity 4272K, committed 4348K, reserved 1048576K
}
2017-06-12T13:48:53.573-0100: 66139.581: Total time for which application threads were stopped: 0.0083735 seconds, Stopping threads took: 0.0000200 seconds
{Heap before GC invocations=167 (full 5):
 par new generation   total 109248K, used 109248K [0x00000007a0000000, 0x00000007a8000000, 0x00000007a8000000)
  eden space 87424K, 100% used [0x00000007a0000000, 0x00000007a5560000, 0x00000007a5560000)
  from space 21824K, 100% used [0x00000007a6ab0000, 0x00000007a8000000, 0x00000007a8000000)
  to   space 21824K,   0% used [0x00000007a5560000, 0x00000007a5560000, 0x00000007a6ab0000)
 concurrent mark-sweep generation total 393216K, used 165479K [0x00000007a8000000, 0x00000007c0000000, 0x00000007c0000000)
 Metaspace       used 37715K, capacity 38232K, committed 38652K, reserved 1083392K
  class space    used 4086K, capacity 4272K, committed 4348K, reserved 1048576K
2017-06-12T13:48:53.637-0100: 66139.645: [GC (Allocation Failure) 2017-06-12T13:48:53.637-0100: 66139.645: [ParNew
Desired survivor size 20112992 bytes, new threshold 8 (max 8)
- age   1:      80528 bytes,      80528 total
- age   2:      39376 bytes,     119904 total
- age   4:       1040 bytes,     120944 total
- age   5:    3917424 bytes,    4038368 total
- age   6:    5058880 bytes,    9097248 total
- age   7:    3153608 bytes,   12250856 total
- age   8:    2024336 bytes,   14275192 total
: 109248K->19054K(109248K), 0.0118444 secs] 274727K->186565K(502464K), 0.0119040 secs] [Times: user=0.06 sys=0.00, real=0.01 secs] 
Heap after GC invocations=168 (full 5):
 par new generation   total 109248K, used 19054K [0x00000007a0000000, 0x00000007a8000000, 0x00000007a8000000)
  eden space 87424K,   0% used [0x00000007a0000000, 0x00000007a0000000, 0x00000007a5560000)
  from space 21824K,  87% used [0x00000007a5560000, 0x00000007a67fb858, 0x00000007a6ab0000)
  to   space 21824K,   0% used [0x00000007a6ab0000, 0x00000007a6ab0000, 0x00000007a8000000)
 concurrent mark-sweep generation total 393216K, used 167511K [0x00000007a8000000, 0x00000007c0000000, 0x00000007c0000000)
 Metaspace       used 37715K, capacity 38232K, committed 38652K, reserved 1083392K
  class space    used 4086K, capacity 4272K, committed 4348K, reserved 1048576K
}
2017-06-12T13:48:53.649-0100: 66139.657: Total time for which application threads were stopped: 0.0120789 seconds, Stopping threads took: 0.0000203 seconds
{Heap before GC invocations=168 (full 5):
 par new generation   total 109248K, used 106478K [0x00000007a0000000, 0x00000007a8000000, 0x00000007a8000000)
  eden space 87424K, 100% used [0x00000007a0000000, 0x00000007a5560000, 0x00000007a5560000)
  from space 21824K,  87% used [0x00000007a5560000, 0x00000007a67fb858, 0x00000007a6ab0000)
  to   space 21824K,   0% used [0x00000007a6ab0000, 0x00000007a6ab0000, 0x00000007a8000000)
 concurrent mark-sweep generation total 393216K, used 167511K [0x00000007a8000000, 0x00000007c0000000, 0x00000007c0000000)
 Metaspace       used 37715K, capacity 38232K, committed 38652K, reserved 1083392K
  class space    used 4086K, capacity 4272K, committed 4348K, reserved 1048576K
2017-06-12T13:48:53.718-0100: 66139.726: [GC (Allocation Failure) 2017-06-12T13:48:53.718-0100: 66139.726: [ParNew
Desired survivor size 20112992 bytes, new threshold 8 (max 8)
- age   1:     111000 bytes,     111000 total
- age   2:      31592 bytes,     142592 total
- age   3:      39376 bytes,     181968 total
- age   5:       1040 bytes,     183008 total
- age   6:    3917424 bytes,    4100432 total
- age   7:    5058880 bytes,    9159312 total
- age   8:    3153608 bytes,   12312920 total
: 106478K->13960K(109248K), 0.0071068 secs] 273989K->183464K(502464K), 0.0071590 secs] [Times: user=0.02 sys=0.00, real=0.01 secs] 
Heap after GC invocations=169 (full 5):
 par new generation   total 109248K, used 13960K [0x00000007a0000000, 0x00000007a8000000, 0x00000007a8000000)
  eden space 87424K,   0% used [0x00000007a0000000, 0x00000007a0000000, 0x00000007a5560000)
  from space 21824K,  63% used [0x00000007a6ab0000, 0x00000007a7852038, 0x00000007a8000000)
  to   space 21824K,   0% used [0x00000007a5560000, 0x00000007a5560000, 0x00000007a6ab0000)
 concurrent mark-sweep generation total 393216K, used 169504K [0x00000007a8000000, 0x00000007c0000000, 0x00000007c0000000)
 Metaspace       used 37715K, capacity 38232K, committed 38652K, reserved 1083392K
  class space    used 4086K, capacity 4272K, committed 4348K, reserved 1048576K
}
2017-06-12T13:48:53.726-0100: 66139.733: Total time for which application threads were stopped: 0.0073298 seconds, Stopping threads took: 0.0000186 seconds
{Heap before GC invocations=169 (full 5):
 par new generation   total 109248K, used 101384K [0x00000007a0000000, 0x00000007a8000000, 0x00000007a8000000)
  eden space 87424K, 100% used [0x00000007a0000000, 0x00000007a5560000, 0x00000007a5560000)
  from space 21824K,  63% used [0x00000007a6ab0000, 0x00000007a7852038, 0x00000007a8000000)
  to   space 21824K,   0% used [0x00000007a5560000, 0x00000007a5560000, 0x00000007a6ab0000)
 concurrent mark-sweep generation total 393216K, used 169504K [0x00000007a8000000, 0x00000007c0000000, 0x00000007c0000000)
 Metaspace       used 37715K, capacity 38232K, committed 38652K, reserved 1083392K
  class space    used 4086K, capacity 4272K, committed 4348K, reserved 1048576K
2017-06-12T13:48:53.865-0100: 66139.872: [GC (Allocation Failure) 2017-06-12T13:48:53.865-0100: 66139.872: [ParNew
Desired survivor size 20112992 bytes, new threshold 8 (max 8)
- age   1:      74928 bytes,      74928 total
- age   3:        160 bytes,      75088 total
- age   4:       1832 bytes,      76920 total
- age   6:       1040 bytes,      77960 total
- age   7:    3917424 bytes,    3995384 total
- age   8:    5058880 bytes,    9054264 total
: 101384K->13194K(109248K), 0.0073166 secs] 270888K->185795K(502464K), 0.0073706 secs] [Times: user=0.03 sys=0.01, real=0.01 secs] 
Heap after GC invocations=170 (full 5):
 par new generation   total 109248K, used 13194K [0x00000007a0000000, 0x00000007a8000000, 0x00000007a8000000)
  eden space 87424K,   0% used [0x00000007a0000000, 0x00000007a0000000, 0x00000007a5560000)
  from space 21824K,  60% used [0x00000007a5560000, 0x00000007a6242908, 0x00000007a6ab0000)
  to   space 21824K,   0% used [0x00000007a6ab0000, 0x00000007a6ab0000, 0x00000007a8000000)
 concurrent mark-sweep generation total 393216K, used 172601K [0x00000007a8000000, 0x00000007c0000000, 0x00000007c0000000)
 Metaspace       used 37715K, capacity 38232K, committed 38652K, reserved 1083392K
  class space    used 4086K, capacity 4272K, committed 4348K, reserved 1048576K
}
2017-06-12T13:48:53.872-0100: 66139.880: Total time for which application threads were stopped: 0.0075292 seconds, Stopping threads took: 0.0000166 seconds
{Heap before GC invocations=170 (full 5):
 par new generation   total 109248K, used 100618K [0x00000007a0000000, 0x00000007a8000000, 0x00000007a8000000)
  eden space 87424K, 100% used [0x00000007a0000000, 0x00000007a5560000, 0x00000007a5560000)
  from space 21824K,  60% used [0x00000007a5560000, 0x00000007a6242908, 0x00000007a6ab0000)
  to   space 21824K,   0% used [0x00000007a6ab0000, 0x00000007a6ab0000, 0x00000007a8000000)
 concurrent mark-sweep generation total 393216K, used 172601K [0x00000007a8000000, 0x00000007c0000000, 0x00000007c0000000)
 Metaspace       used 37715K, capacity 38232K, committed 38652K, reserved 1083392K
  class space    used 4086K, capacity 4272K, committed 4348K, reserved 1048576K
2017-06-12T13:48:53.969-0100: 66139.976: [GC (Allocation Failure) 2017-06-12T13:48:53.969-0100: 66139.976: [ParNew
Desired survivor size 20112992 bytes, new threshold 8 (max 8)
- age   1:      86152 bytes,      86152 total
- age   2:        736 bytes,      86888 total
- age   4:        160 bytes,      87048 total
- age   5:       1832 bytes,      88880 total
- age   7:       1040 bytes,      89920 total
- age   8:    3917424 bytes,    4007344 total
: 100618K->7443K(109248K), 0.0132013 secs] 273219K->185004K(502464K), 0.0132648 secs] [Times: user=0.03 sys=0.01, real=0.02 secs] 
Heap after GC invocations=171 (full 5):
 par new generation   total 109248K, used 7443K [0x00000007a0000000, 0x00000007a8000000, 0x00000007a8000000)
  eden space 87424K,   0% used [0x00000007a0000000, 0x00000007a0000000, 0x00000007a5560000)
  from space 21824K,  34% used [0x00000007a6ab0000, 0x00000007a71f4d20, 0x00000007a8000000)
  to   space 21824K,   0% used [0x00000007a5560000, 0x00000007a5560000, 0x00000007a6ab0000)
 concurrent mark-sweep generation total 393216K, used 177560K [0x00000007a8000000, 0x00000007c0000000, 0x00000007c0000000)
 Metaspace       used 37715K, capacity 38232K, committed 38652K, reserved 1083392K
  class space    used 4086K, capacity 4272K, committed 4348K, reserved 1048576K
}
2017-06-12T13:48:53.982-0100: 66139.989: Total time for which application threads were stopped: 0.0134341 seconds, Stopping threads took: 0.0000196 seconds
2017-06-12T13:48:54.050-0100: 66140.057: Total time for which application threads were stopped: 0.0001670 seconds, Stopping threads took: 0.0000312 seconds
2017-06-12T13:48:54.080-0100: 66140.087: Total time for which application threads were stopped: 0.0001735 seconds, Stopping threads took: 0.0000581 seconds
2017-06-12T13:48:54.080-0100: 66140.088: Total time for which application threads were stopped: 0.0001344 seconds, Stopping threads took: 0.0000175 seconds
2017-06-12T13:48:54.081-0100: 66140.088: Total time for which application threads were stopped: 0.0001078 seconds, Stopping threads took: 0.0000459 seconds
2017-06-12T13:48:54.082-0100: 66140.089: Total time for which application threads were stopped: 0.0002960 seconds, Stopping threads took: 0.0002324 seconds
2017-06-12T13:48:54.082-0100: 66140.089: Total time for which application threads were stopped: 0.0001341 seconds, Stopping threads took: 0.0000793 seconds
2017-06-12T13:48:54.082-0100: 66140.089: Total time for which application threads were stopped: 0.0000617 seconds, Stopping threads took: 0.0000255 seconds
2017-06-12T13:48:54.082-0100: 66140.090: Total time for which application threads were stopped: 0.0000785 seconds, Stopping threads took: 0.0000410 seconds
2017-06-12T13:48:55.084-0100: 66141.091: Total time for which application threads were stopped: 0.0001555 seconds, Stopping threads took: 0.0000334 seconds
2017-06-12T13:48:56.727-0100: 66142.734: Total time for which application threads were stopped: 0.0013409 seconds, Stopping threads took: 0.0000234 seconds
2017-06-12T13:49:03.949-0100: 66149.957: Total time for which application threads were stopped: 0.0001925 seconds, Stopping threads took: 0.0000360 seconds
2017-06-12T13:49:03.949-0100: 66149.957: Total time for which application threads were stopped: 0.0001465 seconds, Stopping threads took: 0.0000355 seconds
2017-06-12T13:49:03.959-0100: 66149.967: Total time for which application threads were stopped: 0.0001214 seconds, Stopping threads took: 0.0000232 seconds
2017-06-12T13:49:03.960-0100: 66149.967: Total time for which application threads were stopped: 0.0000751 seconds, Stopping threads took: 0.0000118 seconds
2017-06-12T13:49:14.366-0100: 66160.373: Total time for which application threads were stopped: 0.0001091 seconds, Stopping threads took: 0.0000188 seconds
2017-06-12T13:49:14.366-0100: 66160.373: Total time for which application threads were stopped: 0.0000906 seconds, Stopping threads took: 0.0000116 seconds
2017-06-12T13:49:14.366-0100: 66160.374: Total time for which application threads were stopped: 0.0000803 seconds, Stopping threads took: 0.0000109 seconds
2017-06-12T13:49:14.367-0100: 66160.374: Total time for which application threads were stopped: 0.0000656 seconds, Stopping threads took: 0.0000091 seconds
2017-06-12T13:49:14.370-0100: 66160.377: Total time for which application threads were stopped: 0.0001073 seconds, Stopping threads took: 0.0000198 seconds
2017-06-12T13:49:14.370-0100: 66160.377: Total time for which application threads were stopped: 0.0000785 seconds, Stopping threads took: 0.0000117 seconds
2017-06-12T13:49:15.375-0100: 66161.383: Total time for which application threads were stopped: 0.0001385 seconds, Stopping threads took: 0.0000390 seconds
2017-06-12T13:49:15.376-0100: 66161.383: Total time for which application threads were stopped: 0.0001058 seconds, Stopping threads took: 0.0000382 seconds
2017-06-12T13:49:15.376-0100: 66161.383: Total time for which application threads were stopped: 0.0001060 seconds, Stopping threads took: 0.0000410 seconds
2017-06-12T13:49:15.376-0100: 66161.383: Total time for which application threads were stopped: 0.0001036 seconds, Stopping threads took: 0.0000393 seconds
2017-06-12T13:49:15.376-0100: 66161.383: Total time for which application threads were stopped: 0.0000786 seconds, Stopping threads took: 0.0000276 seconds
2017-06-12T13:49:15.376-0100: 66161.384: Total time for which application threads were stopped: 0.0000949 seconds, Stopping threads took: 0.0000262 seconds
2017-06-12T13:49:15.377-0100: 66161.384: Total time for which application threads were stopped: 0.0001072 seconds, Stopping threads took: 0.0000313 seconds
2017-06-12T13:49:15.377-0100: 66161.384: Total time for which application threads were stopped: 0.0000626 seconds, Stopping threads took: 0.0000209 seconds
2017-06-12T13:49:15.377-0100: 66161.384: Total time for which application threads were stopped: 0.0000498 seconds, Stopping threads took: 0.0000081 seconds
2017-06-12T13:49:15.377-0100: 66161.384: Total time for which application threads were stopped: 0.0000610 seconds, Stopping threads took: 0.0000095 seconds
2017-06-12T13:49:16.286-0100: 66162.294: Total time for which application threads were stopped: 0.0001771 seconds, Stopping threads took: 0.0000263 seconds
2017-06-12T13:49:16.286-0100: 66162.294: Total time for which application threads were stopped: 0.0001101 seconds, Stopping threads took: 0.0000133 seconds
2017-06-12T13:49:16.300-0100: 66162.307: Total time for which application threads were stopped: 0.0001217 seconds, Stopping threads took: 0.0000229 seconds
2017-06-12T13:49:16.300-0100: 66162.307: Total time for which application threads were stopped: 0.0000715 seconds, Stopping threads took: 0.0000105 seconds
2017-06-12T13:49:16.326-0100: 66162.333: Total time for which application threads were stopped: 0.0001908 seconds, Stopping threads took: 0.0000387 seconds
2017-06-12T13:49:16.326-0100: 66162.333: Total time for which application threads were stopped: 0.0001125 seconds, Stopping threads took: 0.0000135 seconds
2017-06-12T13:49:16.345-0100: 66162.352: Total time for which application threads were stopped: 0.0002179 seconds, Stopping threads took: 0.0000228 seconds
2017-06-12T13:49:16.345-0100: 66162.352: Total time for which application threads were stopped: 0.0001489 seconds, Stopping threads took: 0.0000127 seconds
2017-06-12T13:49:16.345-0100: 66162.353: Total time for which application threads were stopped: 0.0001492 seconds, Stopping threads took: 0.0000114 seconds
2017-06-12T13:49:17.281-0100: 66163.288: Total time for which application threads were stopped: 0.0001640 seconds, Stopping threads took: 0.0000234 seconds
2017-06-12T13:49:17.281-0100: 66163.288: Total time for which application threads were stopped: 0.0001030 seconds, Stopping threads took: 0.0000122 seconds
2017-06-12T13:49:17.294-0100: 66163.301: Total time for which application threads were stopped: 0.0001255 seconds, Stopping threads took: 0.0000233 seconds
2017-06-12T13:49:17.294-0100: 66163.301: Total time for which application threads were stopped: 0.0000746 seconds, Stopping threads took: 0.0000117 seconds
2017-06-12T13:49:20.551-0100: 66166.558: Total time for which application threads were stopped: 0.0001639 seconds, Stopping threads took: 0.0000177 seconds
2017-06-12T13:49:20.551-0100: 66166.558: Total time for which application threads were stopped: 0.0001260 seconds, Stopping threads took: 0.0000338 seconds
2017-06-12T13:49:20.551-0100: 66166.559: Total time for which application threads were stopped: 0.0000761 seconds, Stopping threads took: 0.0000115 seconds
2017-06-12T13:49:20.552-0100: 66166.559: Total time for which application threads were stopped: 0.0001026 seconds, Stopping threads took: 0.0000470 seconds
2017-06-12T13:49:20.552-0100: 66166.560: Total time for which application threads were stopped: 0.0000941 seconds, Stopping threads took: 0.0000158 seconds
2017-06-12T13:49:20.571-0100: 66166.579: Total time for which application threads were stopped: 0.0001122 seconds, Stopping threads took: 0.0000193 seconds
2017-06-12T13:49:20.572-0100: 66166.579: Total time for which application threads were stopped: 0.0000497 seconds, Stopping threads took: 0.0000050 seconds
{Heap before GC invocations=171 (full 5):
 par new generation   total 109248K, used 94867K [0x00000007a0000000, 0x00000007a8000000, 0x00000007a8000000)
  eden space 87424K, 100% used [0x00000007a0000000, 0x00000007a5560000, 0x00000007a5560000)
  from space 21824K,  34% used [0x00000007a6ab0000, 0x00000007a71f4d20, 0x00000007a8000000)
  to   space 21824K,   0% used [0x00000007a5560000, 0x00000007a5560000, 0x00000007a6ab0000)
 concurrent mark-sweep generation total 393216K, used 177560K [0x00000007a8000000, 0x00000007c0000000, 0x00000007c0000000)
 Metaspace       used 37733K, capacity 38232K, committed 38652K, reserved 1083392K
  class space    used 4086K, capacity 4272K, committed 4348K, reserved 1048576K
2017-06-12T13:49:20.677-0100: 66166.685: [GC (Allocation Failure) 2017-06-12T13:49:20.678-0100: 66166.685: [ParNew
Desired survivor size 20112992 bytes, new threshold 8 (max 8)
- age   1:    4784896 bytes,    4784896 total
- age   6:         16 bytes,    4784912 total
: 94867K->6111K(109248K), 0.0105467 secs] 272428K->186881K(502464K), 0.0106114 secs] [Times: user=0.02 sys=0.01, real=0.01 secs] 
Heap after GC invocations=172 (full 5):
 par new generation   total 109248K, used 6111K [0x00000007a0000000, 0x00000007a8000000, 0x00000007a8000000)
  eden space 87424K,   0% used [0x00000007a0000000, 0x00000007a0000000, 0x00000007a5560000)
  from space 21824K,  28% used [0x00000007a5560000, 0x00000007a5b57e78, 0x00000007a6ab0000)
  to   space 21824K,   0% used [0x00000007a6ab0000, 0x00000007a6ab0000, 0x00000007a8000000)
 concurrent mark-sweep generation total 393216K, used 180769K [0x00000007a8000000, 0x00000007c0000000, 0x00000007c0000000)
 Metaspace       used 37733K, capacity 38232K, committed 38652K, reserved 1083392K
  class space    used 4086K, capacity 4272K, committed 4348K, reserved 1048576K
}
2017-06-12T13:49:20.688-0100: 66166.695: Total time for which application threads were stopped: 0.0108143 seconds, Stopping threads took: 0.0000216 seconds
{Heap before GC invocations=172 (full 5):
 par new generation   total 109248K, used 93535K [0x00000007a0000000, 0x00000007a8000000, 0x00000007a8000000)
  eden space 87424K, 100% used [0x00000007a0000000, 0x00000007a5560000, 0x00000007a5560000)
  from space 21824K,  28% used [0x00000007a5560000, 0x00000007a5b57e78, 0x00000007a6ab0000)
  to   space 21824K,   0% used [0x00000007a6ab0000, 0x00000007a6ab0000, 0x00000007a8000000)
 concurrent mark-sweep generation total 393216K, used 180769K [0x00000007a8000000, 0x00000007c0000000, 0x00000007c0000000)
 Metaspace       used 37733K, capacity 38232K, committed 38652K, reserved 1083392K
  class space    used 4086K, capacity 4272K, committed 4348K, reserved 1048576K
2017-06-12T13:49:20.901-0100: 66166.908: [GC (Allocation Failure) 2017-06-12T13:49:20.901-0100: 66166.908: [ParNew
Desired survivor size 20112992 bytes, new threshold 8 (max 8)
- age   1:    7682224 bytes,    7682224 total
- age   2:    3022928 bytes,   10705152 total
- age   7:         16 bytes,   10705168 total
: 93535K->11761K(109248K), 0.0037968 secs] 274305K->192531K(502464K), 0.0038563 secs] [Times: user=0.02 sys=0.00, real=0.00 secs] 
Heap after GC invocations=173 (full 5):
 par new generation   total 109248K, used 11761K [0x00000007a0000000, 0x00000007a8000000, 0x00000007a8000000)
  eden space 87424K,   0% used [0x00000007a0000000, 0x00000007a0000000, 0x00000007a5560000)
  from space 21824K,  53% used [0x00000007a6ab0000, 0x00000007a762c6a0, 0x00000007a8000000)
  to   space 21824K,   0% used [0x00000007a5560000, 0x00000007a5560000, 0x00000007a6ab0000)
 concurrent mark-sweep generation total 393216K, used 180769K [0x00000007a8000000, 0x00000007c0000000, 0x00000007c0000000)
 Metaspace       used 37733K, capacity 38232K, committed 38652K, reserved 1083392K
  class space    used 4086K, capacity 4272K, committed 4348K, reserved 1048576K
}
2017-06-12T13:49:20.904-0100: 66166.912: Total time for which application threads were stopped: 0.0040397 seconds, Stopping threads took: 0.0000361 seconds
{Heap before GC invocations=173 (full 5):
 par new generation   total 109248K, used 99185K [0x00000007a0000000, 0x00000007a8000000, 0x00000007a8000000)
  eden space 87424K, 100% used [0x00000007a0000000, 0x00000007a5560000, 0x00000007a5560000)
  from space 21824K,  53% used [0x00000007a6ab0000, 0x00000007a762c6a0, 0x00000007a8000000)
  to   space 21824K,   0% used [0x00000007a5560000, 0x00000007a5560000, 0x00000007a6ab0000)
 concurrent mark-sweep generation total 393216K, used 180769K [0x00000007a8000000, 0x00000007c0000000, 0x00000007c0000000)
 Metaspace       used 37734K, capacity 38296K, committed 38652K, reserved 1083392K
  class space    used 4086K, capacity 4272K, committed 4348K, reserved 1048576K
2017-06-12T13:49:21.173-0100: 66167.181: [GC (Allocation Failure) 2017-06-12T13:49:21.174-0100: 66167.181: [ParNew
Desired survivor size 20112992 bytes, new threshold 8 (max 8)
- age   1:    8986680 bytes,    8986680 total
- age   2:    3927976 bytes,   12914656 total
- age   3:    3022472 bytes,   15937128 total
- age   8:         16 bytes,   15937144 total
: 99185K->21012K(109248K), 0.0044988 secs] 279955K->201782K(502464K), 0.0045708 secs] [Times: user=0.02 sys=0.00, real=0.00 secs] 
Heap after GC invocations=174 (full 5):
 par new generation   total 109248K, used 21012K [0x00000007a0000000, 0x00000007a8000000, 0x00000007a8000000)
  eden space 87424K,   0% used [0x00000007a0000000, 0x00000007a0000000, 0x00000007a5560000)
  from space 21824K,  96% used [0x00000007a5560000, 0x00000007a69e5250, 0x00000007a6ab0000)
  to   space 21824K,   0% used [0x00000007a6ab0000, 0x00000007a6ab0000, 0x00000007a8000000)
 concurrent mark-sweep generation total 393216K, used 180769K [0x00000007a8000000, 0x00000007c0000000, 0x00000007c0000000)
 Metaspace       used 37734K, capacity 38296K, committed 38652K, reserved 1083392K
  class space    used 4086K, capacity 4272K, committed 4348K, reserved 1048576K
}
2017-06-12T13:49:21.178-0100: 66167.185: Total time for which application threads were stopped: 0.0047628 seconds, Stopping threads took: 0.0000193 seconds
{Heap before GC invocations=174 (full 5):
 par new generation   total 109248K, used 108436K [0x00000007a0000000, 0x00000007a8000000, 0x00000007a8000000)
  eden space 87424K, 100% used [0x00000007a0000000, 0x00000007a5560000, 0x00000007a5560000)
  from space 21824K,  96% used [0x00000007a5560000, 0x00000007a69e5250, 0x00000007a6ab0000)
  to   space 21824K,   0% used [0x00000007a6ab0000, 0x00000007a6ab0000, 0x00000007a8000000)
 concurrent mark-sweep generation total 393216K, used 180769K [0x00000007a8000000, 0x00000007c0000000, 0x00000007c0000000)
 Metaspace       used 37734K, capacity 38296K, committed 38652K, reserved 1083392K
  class space    used 4086K, capacity 4272K, committed 4348K, reserved 1048576K
2017-06-12T13:49:21.424-0100: 66167.431: [GC (Allocation Failure) 2017-06-12T13:49:21.424-0100: 66167.432: [ParNew
Desired survivor size 20112992 bytes, new threshold 8 (max 8)
- age   1:    8613744 bytes,    8613744 total
- age   2:    4797600 bytes,   13411344 total
- age   3:    3635200 bytes,   17046544 total
- age   4:    3023616 bytes,   20070160 total
: 108436K->21824K(109248K), 0.0152565 secs] 289206K->203743K(502464K), 0.0153110 secs] [Times: user=0.05 sys=0.00, real=0.02 secs] 
Heap after GC invocations=175 (full 5):
 par new generation   total 109248K, used 21824K [0x00000007a0000000, 0x00000007a8000000, 0x00000007a8000000)
  eden space 87424K,   0% used [0x00000007a0000000, 0x00000007a0000000, 0x00000007a5560000)
  from space 21824K, 100% used [0x00000007a6ab0000, 0x00000007a8000000, 0x00000007a8000000)
  to   space 21824K,   0% used [0x00000007a5560000, 0x00000007a5560000, 0x00000007a6ab0000)
 concurrent mark-sweep generation total 393216K, used 181919K [0x00000007a8000000, 0x00000007c0000000, 0x00000007c0000000)
 Metaspace       used 37734K, capacity 38296K, committed 38652K, reserved 1083392K
  class space    used 4086K, capacity 4272K, committed 4348K, reserved 1048576K
}
2017-06-12T13:49:21.440-0100: 66167.447: Total time for which application threads were stopped: 0.0154814 seconds, Stopping threads took: 0.0000196 seconds
{Heap before GC invocations=175 (full 5):
 par new generation   total 109248K, used 109248K [0x00000007a0000000, 0x00000007a8000000, 0x00000007a8000000)
  eden space 87424K, 100% used [0x00000007a0000000, 0x00000007a5560000, 0x00000007a5560000)
  from space 21824K, 100% used [0x00000007a6ab0000, 0x00000007a8000000, 0x00000007a8000000)
  to   space 21824K,   0% used [0x00000007a5560000, 0x00000007a5560000, 0x00000007a6ab0000)
 concurrent mark-sweep generation total 393216K, used 181919K [0x00000007a8000000, 0x00000007c0000000, 0x00000007c0000000)
 Metaspace       used 37734K, capacity 38296K, committed 38652K, reserved 1083392K
  class space    used 4086K, capacity 4272K, committed 4348K, reserved 1048576K
2017-06-12T13:49:21.707-0100: 66167.714: [GC (Allocation Failure) 2017-06-12T13:49:21.707-0100: 66167.714: [ParNew
Desired survivor size 20112992 bytes, new threshold 5 (max 8)
- age   1:    7748904 bytes,    7748904 total
- age   2:    4126016 bytes,   11874920 total
- age   3:    3794488 bytes,   15669408 total
- age   4:    3573024 bytes,   19242432 total
- age   5:    2991680 bytes,   22234112 total
: 109248K->21824K(109248K), 0.0134473 secs] 291167K->207379K(502464K), 0.0135142 secs] [Times: user=0.03 sys=0.01, real=0.02 secs] 
Heap after GC invocations=176 (full 5):
 par new generation   total 109248K, used 21824K [0x00000007a0000000, 0x00000007a8000000, 0x00000007a8000000)
  eden space 87424K,   0% used [0x00000007a0000000, 0x00000007a0000000, 0x00000007a5560000)
  from space 21824K, 100% used [0x00000007a5560000, 0x00000007a6ab0000, 0x00000007a6ab0000)
  to   space 21824K,   0% used [0x00000007a6ab0000, 0x00000007a6ab0000, 0x00000007a8000000)
 concurrent mark-sweep generation total 393216K, used 185555K [0x00000007a8000000, 0x00000007c0000000, 0x00000007c0000000)
 Metaspace       used 37734K, capacity 38296K, committed 38652K, reserved 1083392K
  class space    used 4086K, capacity 4272K, committed 4348K, reserved 1048576K
}
2017-06-12T13:49:21.720-0100: 66167.728: Total time for which application threads were stopped: 0.0136854 seconds, Stopping threads took: 0.0000186 seconds
{Heap before GC invocations=176 (full 5):
 par new generation   total 109248K, used 109248K [0x00000007a0000000, 0x00000007a8000000, 0x00000007a8000000)
  eden space 87424K, 100% used [0x00000007a0000000, 0x00000007a5560000, 0x00000007a5560000)
  from space 21824K, 100% used [0x00000007a5560000, 0x00000007a6ab0000, 0x00000007a6ab0000)
  to   space 21824K,   0% used [0x00000007a6ab0000, 0x00000007a6ab0000, 0x00000007a8000000)
 concurrent mark-sweep generation total 393216K, used 185555K [0x00000007a8000000, 0x00000007c0000000, 0x00000007c0000000)
 Metaspace       used 37734K, capacity 38296K, committed 38652K, reserved 1083392K
  class space    used 4086K, capacity 4272K, committed 4348K, reserved 1048576K
2017-06-12T13:49:21.974-0100: 66167.981: [GC (Allocation Failure) 2017-06-12T13:49:21.974-0100: 66167.981: [ParNew
Desired survivor size 20112992 bytes, new threshold 5 (max 8)
- age   1:   10276200 bytes,   10276200 total
- age   2:    2462560 bytes,   12738760 total
- age   3:    3075728 bytes,   15814488 total
- age   4:    3201256 bytes,   19015744 total
- age   5:    3224160 bytes,   22239904 total
: 109248K->21824K(109248K), 0.0225147 secs] 294803K->216356K(502464K), 0.0225803 secs] [Times: user=0.03 sys=0.02, real=0.02 secs] 
Heap after GC invocations=177 (full 5):
 par new generation   total 109248K, used 21824K [0x00000007a0000000, 0x00000007a8000000, 0x00000007a8000000)
  eden space 87424K,   0% used [0x00000007a0000000, 0x00000007a0000000, 0x00000007a5560000)
  from space 21824K, 100% used [0x00000007a6ab0000, 0x00000007a8000000, 0x00000007a8000000)
  to   space 21824K,   0% used [0x00000007a5560000, 0x00000007a5560000, 0x00000007a6ab0000)
 concurrent mark-sweep generation total 393216K, used 194532K [0x00000007a8000000, 0x00000007c0000000, 0x00000007c0000000)
 Metaspace       used 37734K, capacity 38296K, committed 38652K, reserved 1083392K
  class space    used 4086K, capacity 4272K, committed 4348K, reserved 1048576K
}
2017-06-12T13:49:21.997-0100: 66168.004: Total time for which application threads were stopped: 0.0227543 seconds, Stopping threads took: 0.0000211 seconds
{Heap before GC invocations=177 (full 5):
 par new generation   total 109248K, used 109248K [0x00000007a0000000, 0x00000007a8000000, 0x00000007a8000000)
  eden space 87424K, 100% used [0x00000007a0000000, 0x00000007a5560000, 0x00000007a5560000)
  from space 21824K, 100% used [0x00000007a6ab0000, 0x00000007a8000000, 0x00000007a8000000)
  to   space 21824K,   0% used [0x00000007a5560000, 0x00000007a5560000, 0x00000007a6ab0000)
 concurrent mark-sweep generation total 393216K, used 194532K [0x00000007a8000000, 0x00000007c0000000, 0x00000007c0000000)
 Metaspace       used 37734K, capacity 38296K, committed 38652K, reserved 1083392K
  class space    used 4086K, capacity 4272K, committed 4348K, reserved 1048576K
2017-06-12T13:49:22.286-0100: 66168.293: [GC (Allocation Failure) 2017-06-12T13:49:22.286-0100: 66168.293: [ParNew
Desired survivor size 20112992 bytes, new threshold 5 (max 8)
- age   1:   10997928 bytes,   10997928 total
- age   2:    3957376 bytes,   14955304 total
- age   3:    1645416 bytes,   16600720 total
- age   4:    2134936 bytes,   18735656 total
- age   5:    2290688 bytes,   21026344 total
: 109248K->21824K(109248K), 0.0211835 secs] 303780K->225346K(502464K), 0.0212554 secs] [Times: user=0.04 sys=0.02, real=0.02 secs] 
Heap after GC invocations=178 (full 5):
 par new generation   total 109248K, used 21824K [0x00000007a0000000, 0x00000007a8000000, 0x00000007a8000000)
  eden space 87424K,   0% used [0x00000007a0000000, 0x00000007a0000000, 0x00000007a5560000)
  from space 21824K, 100% used [0x00000007a5560000, 0x00000007a6ab0000, 0x00000007a6ab0000)
  to   space 21824K,   0% used [0x00000007a6ab0000, 0x00000007a6ab0000, 0x00000007a8000000)
 concurrent mark-sweep generation total 393216K, used 203522K [0x00000007a8000000, 0x00000007c0000000, 0x00000007c0000000)
 Metaspace       used 37734K, capacity 38296K, committed 38652K, reserved 1083392K
  class space    used 4086K, capacity 4272K, committed 4348K, reserved 1048576K
}
2017-06-12T13:49:22.307-0100: 66168.314: Total time for which application threads were stopped: 0.0273875 seconds, Stopping threads took: 0.0000218 seconds
2017-06-12T13:49:22.307-0100: 66168.314: [GC (CMS Initial Mark) [1 CMS-initial-mark: 203522K(393216K)] 227285K(502464K), 0.0022162 secs] [Times: user=0.00 sys=0.00, real=0.00 secs] 
2017-06-12T13:49:22.309-0100: 66168.317: Total time for which application threads were stopped: 0.0023823 seconds, Stopping threads took: 0.0000766 seconds
2017-06-12T13:49:22.309-0100: 66168.317: [CMS-concurrent-mark-start]
2017-06-12T13:49:22.318-0100: 66168.325: [CMS-concurrent-mark: 0.008/0.008 secs] [Times: user=0.04 sys=0.01, real=0.01 secs] 
2017-06-12T13:49:22.318-0100: 66168.325: [CMS-concurrent-preclean-start]
2017-06-12T13:49:22.319-0100: 66168.326: [CMS-concurrent-preclean: 0.001/0.001 secs] [Times: user=0.00 sys=0.00, real=0.00 secs] 
2017-06-12T13:49:22.319-0100: 66168.326: [CMS-concurrent-abortable-preclean-start]
2017-06-12T13:49:22.433-0100: 66168.441: [CMS-concurrent-abortable-preclean: 0.115/0.115 secs] [Times: user=0.23 sys=0.00, real=0.12 secs] 
2017-06-12T13:49:22.434-0100: 66168.441: [GC (CMS Final Remark) [YG occupancy: 66718 K (109248 K)]{Heap before GC invocations=178 (full 6):
 par new generation   total 109248K, used 66718K [0x00000007a0000000, 0x00000007a8000000, 0x00000007a8000000)
  eden space 87424K,  51% used [0x00000007a0000000, 0x00000007a2bd7a38, 0x00000007a5560000)
  from space 21824K, 100% used [0x00000007a5560000, 0x00000007a6ab0000, 0x00000007a6ab0000)
  to   space 21824K,   0% used [0x00000007a6ab0000, 0x00000007a6ab0000, 0x00000007a8000000)
 concurrent mark-sweep generation total 393216K, used 203522K [0x00000007a8000000, 0x00000007c0000000, 0x00000007c0000000)
 Metaspace       used 37734K, capacity 38296K, committed 38652K, reserved 1083392K
  class space    used 4086K, capacity 4272K, committed 4348K, reserved 1048576K
2017-06-12T13:49:22.434-0100: 66168.441: [GC (CMS Final Remark) 2017-06-12T13:49:22.434-0100: 66168.441: [ParNew
Desired survivor size 20112992 bytes, new threshold 8 (max 8)
- age   1:    3579360 bytes,    3579360 total
- age   2:    7705808 bytes,   11285168 total
- age   3:    3341680 bytes,   14626848 total
- age   4:    1327136 bytes,   15953984 total
- age   5:    1899960 bytes,   17853944 total
: 66718K->21824K(109248K), 0.0150646 secs] 270240K->231777K(502464K), 0.0151192 secs] [Times: user=0.02 sys=0.00, real=0.01 secs] 
Heap after GC invocations=179 (full 6):
 par new generation   total 109248K, used 21824K [0x00000007a0000000, 0x00000007a8000000, 0x00000007a8000000)
  eden space 87424K,   0% used [0x00000007a0000000, 0x00000007a0000000, 0x00000007a5560000)
  from space 21824K, 100% used [0x00000007a6ab0000, 0x00000007a8000000, 0x00000007a8000000)
  to   space 21824K,   0% used [0x00000007a5560000, 0x00000007a5560000, 0x00000007a6ab0000)
 concurrent mark-sweep generation total 393216K, used 209953K [0x00000007a8000000, 0x00000007c0000000, 0x00000007c0000000)
 Metaspace       used 37734K, capacity 38296K, committed 38652K, reserved 1083392K
  class space    used 4086K, capacity 4272K, committed 4348K, reserved 1048576K
}
2017-06-12T13:49:22.449-0100: 66168.456: [Rescan (parallel) , 0.0024790 secs]2017-06-12T13:49:22.451-0100: 66168.458: [weak refs processing, 0.0010688 secs]2017-06-12T13:49:22.452-0100: 66168.459: [class unloading, 0.0122007 secs]2017-06-12T13:49:22.465-0100: 66168.472: [scrub symbol table, 0.0037717 secs]2017-06-12T13:49:22.468-0100: 66168.475: [scrub string table, 0.0004493 secs][1 CMS-remark: 209953K(393216K)] 231777K(502464K), 0.0353124 secs] [Times: user=0.05 sys=0.01, real=0.03 secs] 
2017-06-12T13:49:22.469-0100: 66168.476: Total time for which application threads were stopped: 0.0354403 seconds, Stopping threads took: 0.0000187 seconds
2017-06-12T13:49:22.469-0100: 66168.476: [CMS-concurrent-sweep-start]
2017-06-12T13:49:22.503-0100: 66168.510: [CMS-concurrent-sweep: 0.034/0.034 secs] [Times: user=0.07 sys=0.00, real=0.04 secs] 
2017-06-12T13:49:22.503-0100: 66168.510: [CMS-concurrent-reset-start]
2017-06-12T13:49:22.503-0100: 66168.510: [CMS-concurrent-reset: 0.000/0.000 secs] [Times: user=0.00 sys=0.00, real=0.00 secs] 
{Heap before GC invocations=179 (full 6):
 par new generation   total 109248K, used 109248K [0x00000007a0000000, 0x00000007a8000000, 0x00000007a8000000)
  eden space 87424K, 100% used [0x00000007a0000000, 0x00000007a5560000, 0x00000007a5560000)
  from space 21824K, 100% used [0x00000007a6ab0000, 0x00000007a8000000, 0x00000007a8000000)
  to   space 21824K,   0% used [0x00000007a5560000, 0x00000007a5560000, 0x00000007a6ab0000)
 concurrent mark-sweep generation total 393216K, used 48599K [0x00000007a8000000, 0x00000007c0000000, 0x00000007c0000000)
 Metaspace       used 37734K, capacity 38296K, committed 38652K, reserved 1083392K
  class space    used 4086K, capacity 4272K, committed 4348K, reserved 1048576K
2017-06-12T13:49:22.755-0100: 66168.763: [GC (Allocation Failure) 2017-06-12T13:49:22.756-0100: 66168.763: [ParNew
Desired survivor size 20112992 bytes, new threshold 8 (max 8)
- age   1:   10371104 bytes,   10371104 total
- age   2:    1058240 bytes,   11429344 total
- age   3:    2418968 bytes,   13848312 total
- age   4:    2573680 bytes,   16421992 total
- age   5:    1152424 bytes,   17574416 total
- age   6:    1119568 bytes,   18693984 total
: 109248K->21824K(109248K), 0.0083077 secs] 157847K->76000K(502464K), 0.0083712 secs] [Times: user=0.03 sys=0.00, real=0.01 secs] 
Heap after GC invocations=180 (full 6):
 par new generation   total 109248K, used 21824K [0x00000007a0000000, 0x00000007a8000000, 0x00000007a8000000)
  eden space 87424K,   0% used [0x00000007a0000000, 0x00000007a0000000, 0x00000007a5560000)
  from space 21824K, 100% used [0x00000007a5560000, 0x00000007a6ab0000, 0x00000007a6ab0000)
  to   space 21824K,   0% used [0x00000007a6ab0000, 0x00000007a6ab0000, 0x00000007a8000000)
 concurrent mark-sweep generation total 393216K, used 54176K [0x00000007a8000000, 0x00000007c0000000, 0x00000007c0000000)
 Metaspace       used 37734K, capacity 38296K, committed 38652K, reserved 1083392K
  class space    used 4086K, capacity 4272K, committed 4348K, reserved 1048576K
}
2017-06-12T13:49:22.764-0100: 66168.771: Total time for which application threads were stopped: 0.0092587 seconds, Stopping threads took: 0.0000219 seconds
{Heap before GC invocations=180 (full 6):
 par new generation   total 109248K, used 109248K [0x00000007a0000000, 0x00000007a8000000, 0x00000007a8000000)
  eden space 87424K, 100% used [0x00000007a0000000, 0x00000007a5560000, 0x00000007a5560000)
  from space 21824K, 100% used [0x00000007a5560000, 0x00000007a6ab0000, 0x00000007a6ab0000)
  to   space 21824K,   0% used [0x00000007a6ab0000, 0x00000007a6ab0000, 0x00000007a8000000)
 concurrent mark-sweep generation total 393216K, used 54176K [0x00000007a8000000, 0x00000007c0000000, 0x00000007c0000000)
 Metaspace       used 37734K, capacity 38296K, committed 38652K, reserved 1083392K
  class space    used 4086K, capacity 4272K, committed 4348K, reserved 1048576K
2017-06-12T13:49:23.037-0100: 66169.044: [GC (Allocation Failure) 2017-06-12T13:49:23.037-0100: 66169.044: [ParNew
Desired survivor size 20112992 bytes, new threshold 7 (max 8)
- age   1:   11552080 bytes,   11552080 total
- age   2:    1776616 bytes,   13328696 total
- age   3:     613720 bytes,   13942416 total
- age   4:    2388504 bytes,   16330920 total
- age   5:    2549688 bytes,   18880608 total
- age   6:    1125512 bytes,   20006120 total
- age   7:    1095856 bytes,   21101976 total
: 109248K->21824K(109248K), 0.0074439 secs] 163424K->79304K(502464K), 0.0075026 secs] [Times: user=0.02 sys=0.00, real=0.01 secs] 
Heap after GC invocations=181 (full 6):
 par new generation   total 109248K, used 21824K [0x00000007a0000000, 0x00000007a8000000, 0x00000007a8000000)
  eden space 87424K,   0% used [0x00000007a0000000, 0x00000007a0000000, 0x00000007a5560000)
  from space 21824K, 100% used [0x00000007a6ab0000, 0x00000007a8000000, 0x00000007a8000000)
  to   space 21824K,   0% used [0x00000007a5560000, 0x00000007a5560000, 0x00000007a6ab0000)
 concurrent mark-sweep generation total 393216K, used 57480K [0x00000007a8000000, 0x00000007c0000000, 0x00000007c0000000)
 Metaspace       used 37734K, capacity 38296K, committed 38652K, reserved 1083392K
  class space    used 4086K, capacity 4272K, committed 4348K, reserved 1048576K
}
2017-06-12T13:49:23.044-0100: 66169.051: Total time for which application threads were stopped: 0.0076825 seconds, Stopping threads took: 0.0000204 seconds
{Heap before GC invocations=181 (full 6):
 par new generation   total 109248K, used 109248K [0x00000007a0000000, 0x00000007a8000000, 0x00000007a8000000)
  eden space 87424K, 100% used [0x00000007a0000000, 0x00000007a5560000, 0x00000007a5560000)
  from space 21824K, 100% used [0x00000007a6ab0000, 0x00000007a8000000, 0x00000007a8000000)
  to   space 21824K,   0% used [0x00000007a5560000, 0x00000007a5560000, 0x00000007a6ab0000)
 concurrent mark-sweep generation total 393216K, used 57480K [0x00000007a8000000, 0x00000007c0000000, 0x00000007c0000000)
 Metaspace       used 37734K, capacity 38296K, committed 38652K, reserved 1083392K
  class space    used 4086K, capacity 4272K, committed 4348K, reserved 1048576K
2017-06-12T13:49:23.343-0100: 66169.351: [GC (Allocation Failure) 2017-06-12T13:49:23.343-0100: 66169.351: [ParNew
Desired survivor size 20112992 bytes, new threshold 8 (max 8)
- age   1:    8991896 bytes,    8991896 total
- age   2:    3337296 bytes,   12329192 total
- age   3:    1504656 bytes,   13833848 total
- age   4:     608016 bytes,   14441864 total
- age   5:    2374928 bytes,   16816792 total
- age   6:    2148872 bytes,   18965664 total
- age   7:    1118232 bytes,   20083896 total
: 109248K->21824K(109248K), 0.0082459 secs] 166728K->86197K(502464K), 0.0083204 secs] [Times: user=0.03 sys=0.00, real=0.01 secs] 
Heap after GC invocations=182 (full 6):
 par new generation   total 109248K, used 21824K [0x00000007a0000000, 0x00000007a8000000, 0x00000007a8000000)
  eden space 87424K,   0% used [0x00000007a0000000, 0x00000007a0000000, 0x00000007a5560000)
  from space 21824K, 100% used [0x00000007a5560000, 0x00000007a6ab0000, 0x00000007a6ab0000)
  to   space 21824K,   0% used [0x00000007a6ab0000, 0x00000007a6ab0000, 0x00000007a8000000)
 concurrent mark-sweep generation total 393216K, used 64373K [0x00000007a8000000, 0x00000007c0000000, 0x00000007c0000000)
 Metaspace       used 37734K, capacity 38296K, committed 38652K, reserved 1083392K
  class space    used 4086K, capacity 4272K, committed 4348K, reserved 1048576K
}
2017-06-12T13:49:23.352-0100: 66169.359: Total time for which application threads were stopped: 0.0085136 seconds, Stopping threads took: 0.0000194 seconds
{Heap before GC invocations=182 (full 6):
 par new generation   total 109248K, used 109248K [0x00000007a0000000, 0x00000007a8000000, 0x00000007a8000000)
  eden space 87424K, 100% used [0x00000007a0000000, 0x00000007a5560000, 0x00000007a5560000)
  from space 21824K, 100% used [0x00000007a5560000, 0x00000007a6ab0000, 0x00000007a6ab0000)
  to   space 21824K,   0% used [0x00000007a6ab0000, 0x00000007a6ab0000, 0x00000007a8000000)
 concurrent mark-sweep generation total 393216K, used 64373K [0x00000007a8000000, 0x00000007c0000000, 0x00000007c0000000)
 Metaspace       used 37734K, capacity 38296K, committed 38652K, reserved 1083392K
  class space    used 4086K, capacity 4272K, committed 4348K, reserved 1048576K
2017-06-12T13:49:23.660-0100: 66169.667: [GC (Allocation Failure) 2017-06-12T13:49:23.660-0100: 66169.667: [ParNew
Desired survivor size 20112992 bytes, new threshold 8 (max 8)
- age   1:    5971472 bytes,    5971472 total
- age   2:    4848152 bytes,   10819624 total
- age   3:    2286504 bytes,   13106128 total
- age   4:    1404616 bytes,   14510744 total
- age   5:     528512 bytes,   15039256 total
- age   6:    2374488 bytes,   17413744 total
- age   7:    1099968 bytes,   18513712 total
- age   8:    1117968 bytes,   19631680 total
: 109248K->21824K(109248K), 0.0073377 secs] 173621K->99327K(502464K), 0.0073945 secs] [Times: user=0.02 sys=0.00, real=0.00 secs] 
Heap after GC invocations=183 (full 6):
 par new generation   total 109248K, used 21824K [0x00000007a0000000, 0x00000007a8000000, 0x00000007a8000000)
  eden space 87424K,   0% used [0x00000007a0000000, 0x00000007a0000000, 0x00000007a5560000)
  from space 21824K, 100% used [0x00000007a6ab0000, 0x00000007a8000000, 0x00000007a8000000)
  to   space 21824K,   0% used [0x00000007a5560000, 0x00000007a5560000, 0x00000007a6ab0000)
 concurrent mark-sweep generation total 393216K, used 77503K [0x00000007a8000000, 0x00000007c0000000, 0x00000007c0000000)
 Metaspace       used 37734K, capacity 38296K, committed 38652K, reserved 1083392K
  class space    used 4086K, capacity 4272K, committed 4348K, reserved 1048576K
}
2017-06-12T13:49:23.668-0100: 66169.675: Total time for which application threads were stopped: 0.0075759 seconds, Stopping threads took: 0.0000211 seconds
{Heap before GC invocations=183 (full 6):
 par new generation   total 109248K, used 109248K [0x00000007a0000000, 0x00000007a8000000, 0x00000007a8000000)
  eden space 87424K, 100% used [0x00000007a0000000, 0x00000007a5560000, 0x00000007a5560000)
  from space 21824K, 100% used [0x00000007a6ab0000, 0x00000007a8000000, 0x00000007a8000000)
  to   space 21824K,   0% used [0x00000007a5560000, 0x00000007a5560000, 0x00000007a6ab0000)
 concurrent mark-sweep generation total 393216K, used 77503K [0x00000007a8000000, 0x00000007c0000000, 0x00000007c0000000)
 Metaspace       used 37734K, capacity 38296K, committed 38652K, reserved 1083392K
  class space    used 4086K, capacity 4272K, committed 4348K, reserved 1048576K
2017-06-12T13:49:23.958-0100: 66169.965: [GC (Allocation Failure) 2017-06-12T13:49:23.958-0100: 66169.965: [ParNew
Desired survivor size 20112992 bytes, new threshold 8 (max 8)
- age   1:    6537728 bytes,    6537728 total
- age   2:    5081304 bytes,   11619032 total
- age   3:    2295320 bytes,   13914352 total
- age   4:    2268304 bytes,   16182656 total
- age   5:    1385216 bytes,   17567872 total
- age   6:     517336 bytes,   18085208 total
- age   7:    1814552 bytes,   19899760 total
- age   8:     805816 bytes,   20705576 total
: 109248K->21824K(109248K), 0.0083776 secs] 186751K->106882K(502464K), 0.0084518 secs] [Times: user=0.02 sys=0.00, real=0.01 secs] 
Heap after GC invocations=184 (full 6):
 par new generation   total 109248K, used 21824K [0x00000007a0000000, 0x00000007a8000000, 0x00000007a8000000)
  eden space 87424K,   0% used [0x00000007a0000000, 0x00000007a0000000, 0x00000007a5560000)
  from space 21824K, 100% used [0x00000007a5560000, 0x00000007a6ab0000, 0x00000007a6ab0000)
  to   space 21824K,   0% used [0x00000007a6ab0000, 0x00000007a6ab0000, 0x00000007a8000000)
 concurrent mark-sweep generation total 393216K, used 85058K [0x00000007a8000000, 0x00000007c0000000, 0x00000007c0000000)
 Metaspace       used 37734K, capacity 38296K, committed 38652K, reserved 1083392K
  class space    used 4086K, capacity 4272K, committed 4348K, reserved 1048576K
}
2017-06-12T13:49:23.966-0100: 66169.974: Total time for which application threads were stopped: 0.0086385 seconds, Stopping threads took: 0.0000202 seconds
2017-06-12T13:49:24.173-0100: 66170.180: Total time for which application threads were stopped: 0.0043349 seconds, Stopping threads took: 0.0024412 seconds
2017-06-12T13:49:24.173-0100: 66170.180: Total time for which application threads were stopped: 0.0003063 seconds, Stopping threads took: 0.0001231 seconds
2017-06-12T13:49:24.190-0100: 66170.197: Total time for which application threads were stopped: 0.0002735 seconds, Stopping threads took: 0.0000743 seconds
2017-06-12T13:49:24.190-0100: 66170.197: Total time for which application threads were stopped: 0.0002074 seconds, Stopping threads took: 0.0000727 seconds
2017-06-12T13:49:24.205-0100: 66170.212: Total time for which application threads were stopped: 0.0002139 seconds, Stopping threads took: 0.0000977 seconds
2017-06-12T13:49:24.205-0100: 66170.212: Total time for which application threads were stopped: 0.0002659 seconds, Stopping threads took: 0.0001279 seconds
{Heap before GC invocations=184 (full 6):
 par new generation   total 109248K, used 109248K [0x00000007a0000000, 0x00000007a8000000, 0x00000007a8000000)
  eden space 87424K, 100% used [0x00000007a0000000, 0x00000007a5560000, 0x00000007a5560000)
  from space 21824K, 100% used [0x00000007a5560000, 0x00000007a6ab0000, 0x00000007a6ab0000)
  to   space 21824K,   0% used [0x00000007a6ab0000, 0x00000007a6ab0000, 0x00000007a8000000)
 concurrent mark-sweep generation total 393216K, used 85058K [0x00000007a8000000, 0x00000007c0000000, 0x00000007c0000000)
 Metaspace       used 37738K, capacity 38296K, committed 38652K, reserved 1083392K
  class space    used 4086K, capacity 4272K, committed 4348K, reserved 1048576K
2017-06-12T13:49:24.275-0100: 66170.282: [GC (Allocation Failure) 2017-06-12T13:49:24.275-0100: 66170.282: [ParNew
Desired survivor size 20112992 bytes, new threshold 7 (max 8)
- age   1:    7957760 bytes,    7957760 total
- age   2:    2942696 bytes,   10900456 total
- age   3:    3809208 bytes,   14709664 total
- age   4:    2262632 bytes,   16972296 total
- age   5:    1617584 bytes,   18589880 total
- age   6:    1121824 bytes,   19711704 total
- age   7:     471304 bytes,   20183008 total
- age   8:    1016152 bytes,   21199160 total
: 109248K->21824K(109248K), 0.0093851 secs] 194306K->117649K(502464K), 0.0094550 secs] [Times: user=0.03 sys=0.00, real=0.01 secs] 
Heap after GC invocations=185 (full 6):
 par new generation   total 109248K, used 21824K [0x00000007a0000000, 0x00000007a8000000, 0x00000007a8000000)
  eden space 87424K,   0% used [0x00000007a0000000, 0x00000007a0000000, 0x00000007a5560000)
  from space 21824K, 100% used [0x00000007a6ab0000, 0x00000007a8000000, 0x00000007a8000000)
  to   space 21824K,   0% used [0x00000007a5560000, 0x00000007a5560000, 0x00000007a6ab0000)
 concurrent mark-sweep generation total 393216K, used 95825K [0x00000007a8000000, 0x00000007c0000000, 0x00000007c0000000)
 Metaspace       used 37738K, capacity 38296K, committed 38652K, reserved 1083392K
  class space    used 4086K, capacity 4272K, committed 4348K, reserved 1048576K
}
2017-06-12T13:49:24.284-0100: 66170.292: Total time for which application threads were stopped: 0.0096547 seconds, Stopping threads took: 0.0000204 seconds
{Heap before GC invocations=185 (full 6):
 par new generation   total 109248K, used 109248K [0x00000007a0000000, 0x00000007a8000000, 0x00000007a8000000)
  eden space 87424K, 100% used [0x00000007a0000000, 0x00000007a5560000, 0x00000007a5560000)
  from space 21824K, 100% used [0x00000007a6ab0000, 0x00000007a8000000, 0x00000007a8000000)
  to   space 21824K,   0% used [0x00000007a5560000, 0x00000007a5560000, 0x00000007a6ab0000)
 concurrent mark-sweep generation total 393216K, used 95825K [0x00000007a8000000, 0x00000007c0000000, 0x00000007c0000000)
 Metaspace       used 37738K, capacity 38296K, committed 38652K, reserved 1083392K
  class space    used 4086K, capacity 4272K, committed 4348K, reserved 1048576K
2017-06-12T13:49:24.551-0100: 66170.558: [GC (Allocation Failure) 2017-06-12T13:49:24.551-0100: 66170.558: [ParNew
Desired survivor size 20112992 bytes, new threshold 7 (max 8)
- age   1:    2894768 bytes,    2894768 total
- age   2:    6883232 bytes,    9778000 total
- age   3:    2568216 bytes,   12346216 total
- age   4:    3713864 bytes,   16060080 total
- age   5:    2259592 bytes,   18319672 total
- age   6:    1613976 bytes,   19933648 total
- age   7:    1117440 bytes,   21051088 total
: 109248K->21824K(109248K), 0.0085134 secs] 205073K->126969K(502464K), 0.0085965 secs] [Times: user=0.03 sys=0.00, real=0.01 secs] 
Heap after GC invocations=186 (full 6):
 par new generation   total 109248K, used 21824K [0x00000007a0000000, 0x00000007a8000000, 0x00000007a8000000)
  eden space 87424K,   0% used [0x00000007a0000000, 0x00000007a0000000, 0x00000007a5560000)
  from space 21824K, 100% used [0x00000007a5560000, 0x00000007a6ab0000, 0x00000007a6ab0000)
  to   space 21824K,   0% used [0x00000007a6ab0000, 0x00000007a6ab0000, 0x00000007a8000000)
 concurrent mark-sweep generation total 393216K, used 105145K [0x00000007a8000000, 0x00000007c0000000, 0x00000007c0000000)
 Metaspace       used 37738K, capacity 38296K, committed 38652K, reserved 1083392K
  class space    used 4086K, capacity 4272K, committed 4348K, reserved 1048576K
}
2017-06-12T13:49:24.560-0100: 66170.567: Total time for which application threads were stopped: 0.0087658 seconds, Stopping threads took: 0.0000183 seconds
{Heap before GC invocations=186 (full 6):
 par new generation   total 109248K, used 109248K [0x00000007a0000000, 0x00000007a8000000, 0x00000007a8000000)
  eden space 87424K, 100% used [0x00000007a0000000, 0x00000007a5560000, 0x00000007a5560000)
  from space 21824K, 100% used [0x00000007a5560000, 0x00000007a6ab0000, 0x00000007a6ab0000)
  to   space 21824K,   0% used [0x00000007a6ab0000, 0x00000007a6ab0000, 0x00000007a8000000)
 concurrent mark-sweep generation total 393216K, used 105145K [0x00000007a8000000, 0x00000007c0000000, 0x00000007c0000000)
 Metaspace       used 37738K, capacity 38296K, committed 38652K, reserved 1083392K
  class space    used 4086K, capacity 4272K, committed 4348K, reserved 1048576K
2017-06-12T13:49:24.813-0100: 66170.820: [GC (Allocation Failure) 2017-06-12T13:49:24.813-0100: 66170.820: [ParNew
Desired survivor size 20112992 bytes, new threshold 7 (max 8)
- age   1:    5492976 bytes,    5492976 total
- age   2:    2594656 bytes,    8087632 total
- age   3:    3223704 bytes,   11311336 total
- age   4:    2561320 bytes,   13872656 total
- age   5:    3705352 bytes,   17578008 total
- age   6:    2240672 bytes,   19818680 total
- age   7:    1607072 bytes,   21425752 total
: 109248K->21824K(109248K), 0.0091100 secs] 214393K->140848K(502464K), 0.0091831 secs] [Times: user=0.03 sys=0.00, real=0.01 secs] 
Heap after GC invocations=187 (full 6):
 par new generation   total 109248K, used 21824K [0x00000007a0000000, 0x00000007a8000000, 0x00000007a8000000)
  eden space 87424K,   0% used [0x00000007a0000000, 0x00000007a0000000, 0x00000007a5560000)
  from space 21824K, 100% used [0x00000007a6ab0000, 0x00000007a8000000, 0x00000007a8000000)
  to   space 21824K,   0% used [0x00000007a5560000, 0x00000007a5560000, 0x00000007a6ab0000)
 concurrent mark-sweep generation total 393216K, used 119024K [0x00000007a8000000, 0x00000007c0000000, 0x00000007c0000000)
 Metaspace       used 37738K, capacity 38296K, committed 38652K, reserved 1083392K
  class space    used 4086K, capacity 4272K, committed 4348K, reserved 1048576K
}
2017-06-12T13:49:24.822-0100: 66170.829: Total time for which application threads were stopped: 0.0093587 seconds, Stopping threads took: 0.0000197 seconds
{Heap before GC invocations=187 (full 6):
 par new generation   total 109248K, used 109248K [0x00000007a0000000, 0x00000007a8000000, 0x00000007a8000000)
  eden space 87424K, 100% used [0x00000007a0000000, 0x00000007a5560000, 0x00000007a5560000)
  from space 21824K, 100% used [0x00000007a6ab0000, 0x00000007a8000000, 0x00000007a8000000)
  to   space 21824K,   0% used [0x00000007a5560000, 0x00000007a5560000, 0x00000007a6ab0000)
 concurrent mark-sweep generation total 393216K, used 119024K [0x00000007a8000000, 0x00000007c0000000, 0x00000007c0000000)
 Metaspace       used 37738K, capacity 38296K, committed 38652K, reserved 1083392K
  class space    used 4086K, capacity 4272K, committed 4348K, reserved 1048576K
2017-06-12T13:49:25.145-0100: 66171.152: [GC (Allocation Failure) 2017-06-12T13:49:25.145-0100: 66171.152: [ParNew
Desired survivor size 20112992 bytes, new threshold 7 (max 8)
- age   1:    6195640 bytes,    6195640 total
- age   2:    2959024 bytes,    9154664 total
- age   3:    1892528 bytes,   11047192 total
- age   4:    2173296 bytes,   13220488 total
- age   5:    2559600 bytes,   15780088 total
- age   6:    3702984 bytes,   19483072 total
- age   7:    2238128 bytes,   21721200 total
: 109248K->21824K(109248K), 0.0100573 secs] 228272K->149499K(502464K), 0.0101219 secs] [Times: user=0.03 sys=0.00, real=0.01 secs] 
Heap after GC invocations=188 (full 6):
 par new generation   total 109248K, used 21824K [0x00000007a0000000, 0x00000007a8000000, 0x00000007a8000000)
  eden space 87424K,   0% used [0x00000007a0000000, 0x00000007a0000000, 0x00000007a5560000)
  from space 21824K, 100% used [0x00000007a5560000, 0x00000007a6ab0000, 0x00000007a6ab0000)
  to   space 21824K,   0% used [0x00000007a6ab0000, 0x00000007a6ab0000, 0x00000007a8000000)
 concurrent mark-sweep generation total 393216K, used 127675K [0x00000007a8000000, 0x00000007c0000000, 0x00000007c0000000)
 Metaspace       used 37738K, capacity 38296K, committed 38652K, reserved 1083392K
  class space    used 4086K, capacity 4272K, committed 4348K, reserved 1048576K
}
2017-06-12T13:49:25.155-0100: 66171.162: Total time for which application threads were stopped: 0.0103119 seconds, Stopping threads took: 0.0000196 seconds
{Heap before GC invocations=188 (full 6):
 par new generation   total 109248K, used 109248K [0x00000007a0000000, 0x00000007a8000000, 0x00000007a8000000)
  eden space 87424K, 100% used [0x00000007a0000000, 0x00000007a5560000, 0x00000007a5560000)
  from space 21824K, 100% used [0x00000007a5560000, 0x00000007a6ab0000, 0x00000007a6ab0000)
  to   space 21824K,   0% used [0x00000007a6ab0000, 0x00000007a6ab0000, 0x00000007a8000000)
 concurrent mark-sweep generation total 393216K, used 127675K [0x00000007a8000000, 0x00000007c0000000, 0x00000007c0000000)
 Metaspace       used 37738K, capacity 38296K, committed 38652K, reserved 1083392K
  class space    used 4086K, capacity 4272K, committed 4348K, reserved 1048576K
2017-06-12T13:49:25.434-0100: 66171.441: [GC (Allocation Failure) 2017-06-12T13:49:25.434-0100: 66171.441: [ParNew
Desired survivor size 20112992 bytes, new threshold 7 (max 8)
- age   1:    4870416 bytes,    4870416 total
- age   2:    3782640 bytes,    8653056 total
- age   3:    2599568 bytes,   11252624 total
- age   4:    1855024 bytes,   13107648 total
- age   5:    2170464 bytes,   15278112 total
- age   6:    2555520 bytes,   17833632 total
- age   7:    3698984 bytes,   21532616 total
: 109248K->21824K(109248K), 0.0100034 secs] 236923K->167475K(502464K), 0.0100656 secs] [Times: user=0.03 sys=0.00, real=0.01 secs] 
Heap after GC invocations=189 (full 6):
 par new generation   total 109248K, used 21824K [0x00000007a0000000, 0x00000007a8000000, 0x00000007a8000000)
  eden space 87424K,   0% used [0x00000007a0000000, 0x00000007a0000000, 0x00000007a5560000)
  from space 21824K, 100% used [0x00000007a6ab0000, 0x00000007a8000000, 0x00000007a8000000)
  to   space 21824K,   0% used [0x00000007a5560000, 0x00000007a5560000, 0x00000007a6ab0000)
 concurrent mark-sweep generation total 393216K, used 145651K [0x00000007a8000000, 0x00000007c0000000, 0x00000007c0000000)
 Metaspace       used 37738K, capacity 38296K, committed 38652K, reserved 1083392K
  class space    used 4086K, capacity 4272K, committed 4348K, reserved 1048576K
}
2017-06-12T13:49:25.444-0100: 66171.451: Total time for which application threads were stopped: 0.0102387 seconds, Stopping threads took: 0.0000184 seconds
{Heap before GC invocations=189 (full 6):
 par new generation   total 109248K, used 109248K [0x00000007a0000000, 0x00000007a8000000, 0x00000007a8000000)
  eden space 87424K, 100% used [0x00000007a0000000, 0x00000007a5560000, 0x00000007a5560000)
  from space 21824K, 100% used [0x00000007a6ab0000, 0x00000007a8000000, 0x00000007a8000000)
  to   space 21824K,   0% used [0x00000007a5560000, 0x00000007a5560000, 0x00000007a6ab0000)
 concurrent mark-sweep generation total 393216K, used 145651K [0x00000007a8000000, 0x00000007c0000000, 0x00000007c0000000)
 Metaspace       used 37738K, capacity 38296K, committed 38652K, reserved 1083392K
  class space    used 4086K, capacity 4272K, committed 4348K, reserved 1048576K
2017-06-12T13:49:25.769-0100: 66171.776: [GC (Allocation Failure) 2017-06-12T13:49:25.769-0100: 66171.776: [ParNew
Desired survivor size 20112992 bytes, new threshold 8 (max 8)
- age   1:    6034720 bytes,    6034720 total
- age   2:    2880272 bytes,    8914992 total
- age   3:    2722072 bytes,   11637064 total
- age   4:    2503680 bytes,   14140744 total
- age   5:    1749024 bytes,   15889768 total
- age   6:    2091400 bytes,   17981168 total
- age   7:    1467848 bytes,   19449016 total
: 109248K->21824K(109248K), 0.0117744 secs] 254899K->174572K(502464K), 0.0118350 secs] [Times: user=0.05 sys=0.01, real=0.02 secs] 
Heap after GC invocations=190 (full 6):
 par new generation   total 109248K, used 21824K [0x00000007a0000000, 0x00000007a8000000, 0x00000007a8000000)
  eden space 87424K,   0% used [0x00000007a0000000, 0x00000007a0000000, 0x00000007a5560000)
  from space 21824K, 100% used [0x00000007a5560000, 0x00000007a6ab0000, 0x00000007a6ab0000)
  to   space 21824K,   0% used [0x00000007a6ab0000, 0x00000007a6ab0000, 0x00000007a8000000)
 concurrent mark-sweep generation total 393216K, used 152748K [0x00000007a8000000, 0x00000007c0000000, 0x00000007c0000000)
 Metaspace       used 37738K, capacity 38296K, committed 38652K, reserved 1083392K
  class space    used 4086K, capacity 4272K, committed 4348K, reserved 1048576K
}
2017-06-12T13:49:25.781-0100: 66171.788: Total time for which application threads were stopped: 0.0120194 seconds, Stopping threads took: 0.0000207 seconds
{Heap before GC invocations=190 (full 6):
 par new generation   total 109248K, used 109248K [0x00000007a0000000, 0x00000007a8000000, 0x00000007a8000000)
  eden space 87424K, 100% used [0x00000007a0000000, 0x00000007a5560000, 0x00000007a5560000)
  from space 21824K, 100% used [0x00000007a5560000, 0x00000007a6ab0000, 0x00000007a6ab0000)
  to   space 21824K,   0% used [0x00000007a6ab0000, 0x00000007a6ab0000, 0x00000007a8000000)
 concurrent mark-sweep generation total 393216K, used 152748K [0x00000007a8000000, 0x00000007c0000000, 0x00000007c0000000)
 Metaspace       used 37740K, capacity 38296K, committed 38652K, reserved 1083392K
  class space    used 4086K, capacity 4272K, committed 4348K, reserved 1048576K
2017-06-12T13:49:26.201-0100: 66172.208: [GC (Allocation Failure) 2017-06-12T13:49:26.201-0100: 66172.208: [ParNew
Desired survivor size 20112992 bytes, new threshold 7 (max 8)
- age   1:    5274384 bytes,    5274384 total
- age   2:    4973752 bytes,   10248136 total
- age   3:    2730680 bytes,   12978816 total
- age   4:    2015672 bytes,   14994488 total
- age   5:    2297808 bytes,   17292296 total
- age   6:    1599704 bytes,   18892000 total
- age   7:    1449168 bytes,   20341168 total
- age   8:    1345184 bytes,   21686352 total
: 109248K->21824K(109248K), 0.0105700 secs] 261996K->188625K(502464K), 0.0108900 secs] [Times: user=0.05 sys=0.00, real=0.01 secs] 
Heap after GC invocations=191 (full 6):
 par new generation   total 109248K, used 21824K [0x00000007a0000000, 0x00000007a8000000, 0x00000007a8000000)
  eden space 87424K,   0% used [0x00000007a0000000, 0x00000007a0000000, 0x00000007a5560000)
  from space 21824K, 100% used [0x00000007a6ab0000, 0x00000007a8000000, 0x00000007a8000000)
  to   space 21824K,   0% used [0x00000007a5560000, 0x00000007a5560000, 0x00000007a6ab0000)
 concurrent mark-sweep generation total 393216K, used 166801K [0x00000007a8000000, 0x00000007c0000000, 0x00000007c0000000)
 Metaspace       used 37740K, capacity 38296K, committed 38652K, reserved 1083392K
  class space    used 4086K, capacity 4272K, committed 4348K, reserved 1048576K
}
2017-06-12T13:49:26.212-0100: 66172.219: Total time for which application threads were stopped: 0.0111322 seconds, Stopping threads took: 0.0000211 seconds
2017-06-12T13:49:26.856-0100: 66172.863: Total time for which application threads were stopped: 0.0002930 seconds, Stopping threads took: 0.0000981 seconds
2017-06-12T13:49:26.856-0100: 66172.863: Total time for which application threads were stopped: 0.0001836 seconds, Stopping threads took: 0.0000626 seconds
2017-06-12T13:49:26.867-0100: 66172.874: Total time for which application threads were stopped: 0.0008472 seconds, Stopping threads took: 0.0007297 seconds
2017-06-12T13:49:26.867-0100: 66172.875: Total time for which application threads were stopped: 0.0001763 seconds, Stopping threads took: 0.0000755 seconds
{Heap before GC invocations=191 (full 6):
 par new generation   total 109248K, used 109248K [0x00000007a0000000, 0x00000007a8000000, 0x00000007a8000000)
  eden space 87424K, 100% used [0x00000007a0000000, 0x00000007a5560000, 0x00000007a5560000)
  from space 21824K, 100% used [0x00000007a6ab0000, 0x00000007a8000000, 0x00000007a8000000)
  to   space 21824K,   0% used [0x00000007a5560000, 0x00000007a5560000, 0x00000007a6ab0000)
 concurrent mark-sweep generation total 393216K, used 166801K [0x00000007a8000000, 0x00000007c0000000, 0x00000007c0000000)
 Metaspace       used 37745K, capacity 38296K, committed 38652K, reserved 1083392K
  class space    used 4086K, capacity 4272K, committed 4348K, reserved 1048576K
2017-06-12T13:49:26.954-0100: 66172.961: [GC (Allocation Failure) 2017-06-12T13:49:26.954-0100: 66172.961: [ParNew
Desired survivor size 20112992 bytes, new threshold 8 (max 8)
- age   1:     131272 bytes,     131272 total
- age   2:    4766480 bytes,    4897752 total
- age   3:    4789400 bytes,    9687152 total
- age   4:    2514136 bytes,   12201288 total
- age   5:    2000200 bytes,   14201488 total
- age   6:    2282264 bytes,   16483752 total
- age   7:    1579608 bytes,   18063360 total
: 109248K->21824K(109248K), 0.0093260 secs] 276049K->192321K(502464K), 0.0093843 secs] [Times: user=0.04 sys=0.00, real=0.01 secs] 
Heap after GC invocations=192 (full 6):
 par new generation   total 109248K, used 21824K [0x00000007a0000000, 0x00000007a8000000, 0x00000007a8000000)
  eden space 87424K,   0% used [0x00000007a0000000, 0x00000007a0000000, 0x00000007a5560000)
  from space 21824K, 100% used [0x00000007a5560000, 0x00000007a6ab0000, 0x00000007a6ab0000)
  to   space 21824K,   0% used [0x00000007a6ab0000, 0x00000007a6ab0000, 0x00000007a8000000)
 concurrent mark-sweep generation total 393216K, used 170497K [0x00000007a8000000, 0x00000007c0000000, 0x00000007c0000000)
 Metaspace       used 37745K, capacity 38296K, committed 38652K, reserved 1083392K
  class space    used 4086K, capacity 4272K, committed 4348K, reserved 1048576K
}
2017-06-12T13:49:26.963-0100: 66172.970: Total time for which application threads were stopped: 0.0095791 seconds, Stopping threads took: 0.0000193 seconds
{Heap before GC invocations=192 (full 6):
 par new generation   total 109248K, used 109248K [0x00000007a0000000, 0x00000007a8000000, 0x00000007a8000000)
  eden space 87424K, 100% used [0x00000007a0000000, 0x00000007a5560000, 0x00000007a5560000)
  from space 21824K, 100% used [0x00000007a5560000, 0x00000007a6ab0000, 0x00000007a6ab0000)
  to   space 21824K,   0% used [0x00000007a6ab0000, 0x00000007a6ab0000, 0x00000007a8000000)
 concurrent mark-sweep generation total 393216K, used 170497K [0x00000007a8000000, 0x00000007c0000000, 0x00000007c0000000)
 Metaspace       used 37745K, capacity 38296K, committed 38652K, reserved 1083392K
  class space    used 4086K, capacity 4272K, committed 4348K, reserved 1048576K
2017-06-12T13:49:27.047-0100: 66173.054: [GC (Allocation Failure) 2017-06-12T13:49:27.047-0100: 66173.054: [ParNew
Desired survivor size 20112992 bytes, new threshold 8 (max 8)
- age   1:      39936 bytes,      39936 total
- age   2:     107632 bytes,     147568 total
- age   3:    4766480 bytes,    4914048 total
- age   4:    4789400 bytes,    9703448 total
- age   5:    2514136 bytes,   12217584 total
- age   6:    2000200 bytes,   14217784 total
- age   7:    2282264 bytes,   16500048 total
- age   8:    1579608 bytes,   18079656 total
: 109248K->21824K(109248K), 0.0077624 secs] 279745K->192321K(502464K), 0.0078280 secs] [Times: user=0.03 sys=0.00, real=0.01 secs] 
Heap after GC invocations=193 (full 6):
 par new generation   total 109248K, used 21824K [0x00000007a0000000, 0x00000007a8000000, 0x00000007a8000000)
  eden space 87424K,   0% used [0x00000007a0000000, 0x00000007a0000000, 0x00000007a5560000)
  from space 21824K, 100% used [0x00000007a6ab0000, 0x00000007a8000000, 0x00000007a8000000)
  to   space 21824K,   0% used [0x00000007a5560000, 0x00000007a5560000, 0x00000007a6ab0000)
 concurrent mark-sweep generation total 393216K, used 170497K [0x00000007a8000000, 0x00000007c0000000, 0x00000007c0000000)
 Metaspace       used 37745K, capacity 38296K, committed 38652K, reserved 1083392K
  class space    used 4086K, capacity 4272K, committed 4348K, reserved 1048576K
}
2017-06-12T13:49:27.055-0100: 66173.062: Total time for which application threads were stopped: 0.0080194 seconds, Stopping threads took: 0.0000215 seconds
{Heap before GC invocations=193 (full 6):
 par new generation   total 109248K, used 109248K [0x00000007a0000000, 0x00000007a8000000, 0x00000007a8000000)
  eden space 87424K, 100% used [0x00000007a0000000, 0x00000007a5560000, 0x00000007a5560000)
  from space 21824K, 100% used [0x00000007a6ab0000, 0x00000007a8000000, 0x00000007a8000000)
  to   space 21824K,   0% used [0x00000007a5560000, 0x00000007a5560000, 0x00000007a6ab0000)
 concurrent mark-sweep generation total 393216K, used 170497K [0x00000007a8000000, 0x00000007c0000000, 0x00000007c0000000)
 Metaspace       used 37746K, capacity 38296K, committed 38652K, reserved 1083392K
  class space    used 4086K, capacity 4272K, committed 4348K, reserved 1048576K
2017-06-12T13:49:27.168-0100: 66173.175: [GC (Allocation Failure) 2017-06-12T13:49:27.168-0100: 66173.176: [ParNew
Desired survivor size 20112992 bytes, new threshold 8 (max 8)
- age   1:      75064 bytes,      75064 total
- age   3:      76768 bytes,     151832 total
- age   4:    4766480 bytes,    4918312 total
- age   5:    4789400 bytes,    9707712 total
- age   6:    2514136 bytes,   12221848 total
- age   7:    2000224 bytes,   14222072 total
- age   8:    2282264 bytes,   16504336 total
: 109248K->21824K(109248K), 0.0074931 secs] 279745K->193882K(502464K), 0.0075610 secs] [Times: user=0.03 sys=0.01, real=0.01 secs] 
Heap after GC invocations=194 (full 6):
 par new generation   total 109248K, used 21824K [0x00000007a0000000, 0x00000007a8000000, 0x00000007a8000000)
  eden space 87424K,   0% used [0x00000007a0000000, 0x00000007a0000000, 0x00000007a5560000)
  from space 21824K, 100% used [0x00000007a5560000, 0x00000007a6ab0000, 0x00000007a6ab0000)
  to   space 21824K,   0% used [0x00000007a6ab0000, 0x00000007a6ab0000, 0x00000007a8000000)
 concurrent mark-sweep generation total 393216K, used 172058K [0x00000007a8000000, 0x00000007c0000000, 0x00000007c0000000)
 Metaspace       used 37746K, capacity 38296K, committed 38652K, reserved 1083392K
  class space    used 4086K, capacity 4272K, committed 4348K, reserved 1048576K
}
2017-06-12T13:49:27.176-0100: 66173.183: Total time for which application threads were stopped: 0.0077494 seconds, Stopping threads took: 0.0000193 seconds
{Heap before GC invocations=194 (full 6):
 par new generation   total 109248K, used 109248K [0x00000007a0000000, 0x00000007a8000000, 0x00000007a8000000)
  eden space 87424K, 100% used [0x00000007a0000000, 0x00000007a5560000, 0x00000007a5560000)
  from space 21824K, 100% used [0x00000007a5560000, 0x00000007a6ab0000, 0x00000007a6ab0000)
  to   space 21824K,   0% used [0x00000007a6ab0000, 0x00000007a6ab0000, 0x00000007a8000000)
 concurrent mark-sweep generation total 393216K, used 172058K [0x00000007a8000000, 0x00000007c0000000, 0x00000007c0000000)
 Metaspace       used 37746K, capacity 38296K, committed 38652K, reserved 1083392K
  class space    used 4086K, capacity 4272K, committed 4348K, reserved 1048576K
2017-06-12T13:49:27.240-0100: 66173.248: [GC (Allocation Failure) 2017-06-12T13:49:27.240-0100: 66173.248: [ParNew
Desired survivor size 20112992 bytes, new threshold 8 (max 8)
- age   1:      50520 bytes,      50520 total
- age   2:      29360 bytes,      79880 total
- age   4:      76768 bytes,     156648 total
- age   5:    4766480 bytes,    4923128 total
- age   6:    4789400 bytes,    9712528 total
- age   7:    3373992 bytes,   13086520 total
- age   8:    2000200 bytes,   15086720 total
: 109248K->19213K(109248K), 0.0069391 secs] 281306K->193517K(502464K), 0.0069923 secs] [Times: user=0.03 sys=0.00, real=0.00 secs] 
Heap after GC invocations=195 (full 6):
 par new generation   total 109248K, used 19213K [0x00000007a0000000, 0x00000007a8000000, 0x00000007a8000000)
  eden space 87424K,   0% used [0x00000007a0000000, 0x00000007a0000000, 0x00000007a5560000)
  from space 21824K,  88% used [0x00000007a6ab0000, 0x00000007a7d73618, 0x00000007a8000000)
  to   space 21824K,   0% used [0x00000007a5560000, 0x00000007a5560000, 0x00000007a6ab0000)
 concurrent mark-sweep generation total 393216K, used 174303K [0x00000007a8000000, 0x00000007c0000000, 0x00000007c0000000)
 Metaspace       used 37746K, capacity 38296K, committed 38652K, reserved 1083392K
  class space    used 4086K, capacity 4272K, committed 4348K, reserved 1048576K
}
2017-06-12T13:49:27.247-0100: 66173.255: Total time for which application threads were stopped: 0.0071650 seconds, Stopping threads took: 0.0000186 seconds
{Heap before GC invocations=195 (full 6):
 par new generation   total 109248K, used 106637K [0x00000007a0000000, 0x00000007a8000000, 0x00000007a8000000)
  eden space 87424K, 100% used [0x00000007a0000000, 0x00000007a5560000, 0x00000007a5560000)
  from space 21824K,  88% used [0x00000007a6ab0000, 0x00000007a7d73618, 0x00000007a8000000)
  to   space 21824K,   0% used [0x00000007a5560000, 0x00000007a5560000, 0x00000007a6ab0000)
 concurrent mark-sweep generation total 393216K, used 174303K [0x00000007a8000000, 0x00000007c0000000, 0x00000007c0000000)
 Metaspace       used 37746K, capacity 38296K, committed 38652K, reserved 1083392K
  class space    used 4086K, capacity 4272K, committed 4348K, reserved 1048576K
2017-06-12T13:49:27.313-0100: 66173.321: [GC (Allocation Failure) 2017-06-12T13:49:27.313-0100: 66173.321: [ParNew
Desired survivor size 20112992 bytes, new threshold 8 (max 8)
- age   1:      68632 bytes,      68632 total
- age   2:      30704 bytes,      99336 total
- age   3:      29360 bytes,     128696 total
- age   5:      76768 bytes,     205464 total
- age   6:    4766480 bytes,    4971944 total
- age   7:    5213544 bytes,   10185488 total
- age   8:    2514136 bytes,   12699624 total
: 106637K->16493K(109248K), 0.0062251 secs] 280941K->192769K(502464K), 0.0063000 secs] [Times: user=0.02 sys=0.00, real=0.01 secs] 
Heap after GC invocations=196 (full 6):
 par new generation   total 109248K, used 16493K [0x00000007a0000000, 0x00000007a8000000, 0x00000007a8000000)
  eden space 87424K,   0% used [0x00000007a0000000, 0x00000007a0000000, 0x00000007a5560000)
  from space 21824K,  75% used [0x00000007a5560000, 0x00000007a657b420, 0x00000007a6ab0000)
  to   space 21824K,   0% used [0x00000007a6ab0000, 0x00000007a6ab0000, 0x00000007a8000000)
 concurrent mark-sweep generation total 393216K, used 176276K [0x00000007a8000000, 0x00000007c0000000, 0x00000007c0000000)
 Metaspace       used 37746K, capacity 38296K, committed 38652K, reserved 1083392K
  class space    used 4086K, capacity 4272K, committed 4348K, reserved 1048576K
}
2017-06-12T13:49:27.320-0100: 66173.327: Total time for which application threads were stopped: 0.0064695 seconds, Stopping threads took: 0.0000187 seconds
{Heap before GC invocations=196 (full 6):
 par new generation   total 109248K, used 103917K [0x00000007a0000000, 0x00000007a8000000, 0x00000007a8000000)
  eden space 87424K, 100% used [0x00000007a0000000, 0x00000007a5560000, 0x00000007a5560000)
  from space 21824K,  75% used [0x00000007a5560000, 0x00000007a657b420, 0x00000007a6ab0000)
  to   space 21824K,   0% used [0x00000007a6ab0000, 0x00000007a6ab0000, 0x00000007a8000000)
 concurrent mark-sweep generation total 393216K, used 176276K [0x00000007a8000000, 0x00000007c0000000, 0x00000007c0000000)
 Metaspace       used 37746K, capacity 38296K, committed 38652K, reserved 1083392K
  class space    used 4086K, capacity 4272K, committed 4348K, reserved 1048576K
2017-06-12T13:49:27.432-0100: 66173.439: [GC (Allocation Failure) 2017-06-12T13:49:27.432-0100: 66173.439: [ParNew
Desired survivor size 20112992 bytes, new threshold 8 (max 8)
- age   1:      48480 bytes,      48480 total
- age   3:        128 bytes,      48608 total
- age   4:       2064 bytes,      50672 total
- age   6:      76768 bytes,     127440 total
- age   7:    4766480 bytes,    4893920 total
- age   8:    4789400 bytes,    9683320 total
: 103917K->13738K(109248K), 0.0060243 secs] 280193K->192486K(502464K), 0.0060767 secs] [Times: user=0.02 sys=0.00, real=0.00 secs] 
Heap after GC invocations=197 (full 6):
 par new generation   total 109248K, used 13738K [0x00000007a0000000, 0x00000007a8000000, 0x00000007a8000000)
  eden space 87424K,   0% used [0x00000007a0000000, 0x00000007a0000000, 0x00000007a5560000)
  from space 21824K,  62% used [0x00000007a6ab0000, 0x00000007a781a8c0, 0x00000007a8000000)
  to   space 21824K,   0% used [0x00000007a5560000, 0x00000007a5560000, 0x00000007a6ab0000)
 concurrent mark-sweep generation total 393216K, used 178748K [0x00000007a8000000, 0x00000007c0000000, 0x00000007c0000000)
 Metaspace       used 37746K, capacity 38296K, committed 38652K, reserved 1083392K
  class space    used 4086K, capacity 4272K, committed 4348K, reserved 1048576K
}
2017-06-12T13:49:27.438-0100: 66173.445: Total time for which application threads were stopped: 0.0062512 seconds, Stopping threads took: 0.0000202 seconds
{Heap before GC invocations=197 (full 6):
 par new generation   total 109248K, used 101162K [0x00000007a0000000, 0x00000007a8000000, 0x00000007a8000000)
  eden space 87424K, 100% used [0x00000007a0000000, 0x00000007a5560000, 0x00000007a5560000)
  from space 21824K,  62% used [0x00000007a6ab0000, 0x00000007a781a8c0, 0x00000007a8000000)
  to   space 21824K,   0% used [0x00000007a5560000, 0x00000007a5560000, 0x00000007a6ab0000)
 concurrent mark-sweep generation total 393216K, used 178748K [0x00000007a8000000, 0x00000007c0000000, 0x00000007c0000000)
 Metaspace       used 37746K, capacity 38296K, committed 38652K, reserved 1083392K
  class space    used 4086K, capacity 4272K, committed 4348K, reserved 1048576K
2017-06-12T13:49:27.556-0100: 66173.563: [GC (Allocation Failure) 2017-06-12T13:49:27.556-0100: 66173.563: [ParNew
Desired survivor size 20112992 bytes, new threshold 8 (max 8)
- age   1:      61032 bytes,      61032 total
- age   2:        440 bytes,      61472 total
- age   4:        128 bytes,      61600 total
- age   5:       2008 bytes,      63608 total
- age   7:      76768 bytes,     140376 total
- age   8:    4766480 bytes,    4906856 total
: 101162K->6298K(109248K), 0.0057411 secs] 279910K->189743K(502464K), 0.0058002 secs] [Times: user=0.01 sys=0.00, real=0.01 secs] 
Heap after GC invocations=198 (full 6):
 par new generation   total 109248K, used 6298K [0x00000007a0000000, 0x00000007a8000000, 0x00000007a8000000)
  eden space 87424K,   0% used [0x00000007a0000000, 0x00000007a0000000, 0x00000007a5560000)
  from space 21824K,  28% used [0x00000007a5560000, 0x00000007a5b86bc0, 0x00000007a6ab0000)
  to   space 21824K,   0% used [0x00000007a6ab0000, 0x00000007a6ab0000, 0x00000007a8000000)
 concurrent mark-sweep generation total 393216K, used 183444K [0x00000007a8000000, 0x00000007c0000000, 0x00000007c0000000)
 Metaspace       used 37746K, capacity 38296K, committed 38652K, reserved 1083392K
  class space    used 4086K, capacity 4272K, committed 4348K, reserved 1048576K
}
2017-06-12T13:49:27.562-0100: 66173.569: Total time for which application threads were stopped: 0.0059756 seconds, Stopping threads took: 0.0000187 seconds
2017-06-12T13:49:27.691-0100: 66173.698: Total time for which application threads were stopped: 0.0001813 seconds, Stopping threads took: 0.0000425 seconds
2017-06-12T13:49:27.691-0100: 66173.698: Total time for which application threads were stopped: 0.0002137 seconds, Stopping threads took: 0.0001187 seconds
2017-06-12T13:49:27.691-0100: 66173.698: Total time for which application threads were stopped: 0.0001706 seconds, Stopping threads took: 0.0000945 seconds
2017-06-12T13:49:28.694-0100: 66174.701: Total time for which application threads were stopped: 0.0002123 seconds, Stopping threads took: 0.0000308 seconds
2017-06-12T13:49:38.205-0100: 66184.212: Total time for which application threads were stopped: 0.0001213 seconds, Stopping threads took: 0.0000161 seconds
2017-06-12T13:49:38.206-0100: 66184.213: Total time for which application threads were stopped: 0.0011459 seconds, Stopping threads took: 0.0000082 seconds
2017-06-12T13:49:38.207-0100: 66184.214: Total time for which application threads were stopped: 0.0000544 seconds, Stopping threads took: 0.0000081 seconds
2017-06-12T13:49:38.213-0100: 66184.220: Total time for which application threads were stopped: 0.0001446 seconds, Stopping threads took: 0.0000223 seconds
2017-06-12T13:49:38.213-0100: 66184.220: Total time for which application threads were stopped: 0.0000639 seconds, Stopping threads took: 0.0000087 seconds
2017-06-12T13:49:39.216-0100: 66185.223: Total time for which application threads were stopped: 0.0001185 seconds, Stopping threads took: 0.0000260 seconds
2017-06-12T13:50:14.282-0100: 66220.289: Total time for which application threads were stopped: 0.0001016 seconds, Stopping threads took: 0.0000282 seconds
2017-06-12T13:50:24.208-0100: 66230.214: Total time for which application threads were stopped: 0.0001583 seconds, Stopping threads took: 0.0000318 seconds
2017-06-12T13:50:26.566-0100: 66232.572: Total time for which application threads were stopped: 0.0028559 seconds, Stopping threads took: 0.0000201 seconds
2017-06-12T13:50:26.568-0100: 66232.575: Total time for which application threads were stopped: 0.0023325 seconds, Stopping threads took: 0.0000187 seconds
2017-06-12T13:50:26.568-0100: 66232.575: Total time for which application threads were stopped: 0.0001125 seconds, Stopping threads took: 0.0000192 seconds
2017-06-12T13:50:26.570-0100: 66232.577: Total time for which application threads were stopped: 0.0012096 seconds, Stopping threads took: 0.0000111 seconds
2017-06-12T13:50:26.571-0100: 66232.578: Total time for which application threads were stopped: 0.0006395 seconds, Stopping threads took: 0.0000122 seconds
2017-06-12T13:50:26.571-0100: 66232.578: Total time for which application threads were stopped: 0.0000839 seconds, Stopping threads took: 0.0000123 seconds
2017-06-12T13:50:26.571-0100: 66232.578: Total time for which application threads were stopped: 0.0000834 seconds, Stopping threads took: 0.0000111 seconds
2017-06-12T13:50:26.572-0100: 66232.578: Total time for which application threads were stopped: 0.0000862 seconds, Stopping threads took: 0.0000112 seconds
2017-06-12T13:50:26.572-0100: 66232.578: Total time for which application threads were stopped: 0.0000759 seconds, Stopping threads took: 0.0000088 seconds
2017-06-12T13:50:26.572-0100: 66232.579: Total time for which application threads were stopped: 0.0000789 seconds, Stopping threads took: 0.0000102 seconds
2017-06-12T13:50:26.572-0100: 66232.579: Total time for which application threads were stopped: 0.0000610 seconds, Stopping threads took: 0.0000080 seconds
2017-06-12T13:50:26.869-0100: 66232.875: Total time for which application threads were stopped: 0.0000946 seconds, Stopping threads took: 0.0000226 seconds
2017-06-12T13:53:53.288-0100: 66439.293: Total time for which application threads were stopped: 0.0001088 seconds, Stopping threads took: 0.0000273 seconds
{Heap before GC invocations=198 (full 6):
 par new generation   total 109248K, used 93722K [0x00000007a0000000, 0x00000007a8000000, 0x00000007a8000000)
  eden space 87424K, 100% used [0x00000007a0000000, 0x00000007a5560000, 0x00000007a5560000)
  from space 21824K,  28% used [0x00000007a5560000, 0x00000007a5b86bc0, 0x00000007a6ab0000)
  to   space 21824K,   0% used [0x00000007a6ab0000, 0x00000007a6ab0000, 0x00000007a8000000)
 concurrent mark-sweep generation total 393216K, used 183444K [0x00000007a8000000, 0x00000007c0000000, 0x00000007c0000000)
 Metaspace       used 37752K, capacity 38296K, committed 38652K, reserved 1083392K
  class space    used 4086K, capacity 4272K, committed 4348K, reserved 1048576K
2017-06-12T13:54:12.317-0100: 66458.321: [GC (Allocation Failure) 2017-06-12T13:54:12.317-0100: 66458.322: [ParNew
Desired survivor size 20112992 bytes, new threshold 8 (max 8)
- age   1:     613920 bytes,     613920 total
- age   6:        176 bytes,     614096 total
- age   8:      24520 bytes,     638616 total
: 93722K->2431K(109248K), 0.0048700 secs] 277167K->190358K(502464K), 0.0054511 secs] [Times: user=0.01 sys=0.00, real=0.01 secs] 
Heap after GC invocations=199 (full 6):
 par new generation   total 109248K, used 2431K [0x00000007a0000000, 0x00000007a8000000, 0x00000007a8000000)
  eden space 87424K,   0% used [0x00000007a0000000, 0x00000007a0000000, 0x00000007a5560000)
  from space 21824K,  11% used [0x00000007a6ab0000, 0x00000007a6d0fea0, 0x00000007a8000000)
  to   space 21824K,   0% used [0x00000007a5560000, 0x00000007a5560000, 0x00000007a6ab0000)
 concurrent mark-sweep generation total 393216K, used 187926K [0x00000007a8000000, 0x00000007c0000000, 0x00000007c0000000)
 Metaspace       used 37752K, capacity 38296K, committed 38652K, reserved 1083392K
  class space    used 4086K, capacity 4272K, committed 4348K, reserved 1048576K
}
2017-06-12T13:54:12.322-0100: 66458.327: Total time for which application threads were stopped: 0.0072748 seconds, Stopping threads took: 0.0000340 seconds
{Heap before GC invocations=199 (full 6):
 par new generation   total 109248K, used 89855K [0x00000007a0000000, 0x00000007a8000000, 0x00000007a8000000)
  eden space 87424K, 100% used [0x00000007a0000000, 0x00000007a5560000, 0x00000007a5560000)
  from space 21824K,  11% used [0x00000007a6ab0000, 0x00000007a6d0fea0, 0x00000007a8000000)
  to   space 21824K,   0% used [0x00000007a5560000, 0x00000007a5560000, 0x00000007a6ab0000)
 concurrent mark-sweep generation total 393216K, used 187926K [0x00000007a8000000, 0x00000007c0000000, 0x00000007c0000000)
 Metaspace       used 37754K, capacity 38296K, committed 38652K, reserved 1083392K
  class space    used 4086K, capacity 4272K, committed 4348K, reserved 1048576K
2017-06-12T13:54:12.748-0100: 66458.753: [GC (Allocation Failure) 2017-06-12T13:54:12.748-0100: 66458.753: [ParNew
Desired survivor size 20112992 bytes, new threshold 8 (max 8)
- age   1:    1075760 bytes,    1075760 total
- age   2:     555432 bytes,    1631192 total
- age   7:        176 bytes,    1631368 total
: 89855K->1954K(109248K), 0.0026320 secs] 277782K->189905K(502464K), 0.0026914 secs] [Times: user=0.01 sys=0.01, real=0.01 secs] 
Heap after GC invocations=200 (full 6):
 par new generation   total 109248K, used 1954K [0x00000007a0000000, 0x00000007a8000000, 0x00000007a8000000)
  eden space 87424K,   0% used [0x00000007a0000000, 0x00000007a0000000, 0x00000007a5560000)
  from space 21824K,   8% used [0x00000007a5560000, 0x00000007a5748af0, 0x00000007a6ab0000)
  to   space 21824K,   0% used [0x00000007a6ab0000, 0x00000007a6ab0000, 0x00000007a8000000)
 concurrent mark-sweep generation total 393216K, used 187950K [0x00000007a8000000, 0x00000007c0000000, 0x00000007c0000000)
 Metaspace       used 37754K, capacity 38296K, committed 38652K, reserved 1083392K
  class space    used 4086K, capacity 4272K, committed 4348K, reserved 1048576K
}
2017-06-12T13:54:12.751-0100: 66458.755: Total time for which application threads were stopped: 0.0034665 seconds, Stopping threads took: 0.0000274 seconds
{Heap before GC invocations=200 (full 6):
 par new generation   total 109248K, used 89378K [0x00000007a0000000, 0x00000007a8000000, 0x00000007a8000000)
  eden space 87424K, 100% used [0x00000007a0000000, 0x00000007a5560000, 0x00000007a5560000)
  from space 21824K,   8% used [0x00000007a5560000, 0x00000007a5748af0, 0x00000007a6ab0000)
  to   space 21824K,   0% used [0x00000007a6ab0000, 0x00000007a6ab0000, 0x00000007a8000000)
 concurrent mark-sweep generation total 393216K, used 187950K [0x00000007a8000000, 0x00000007c0000000, 0x00000007c0000000)
 Metaspace       used 37754K, capacity 38296K, committed 38652K, reserved 1083392K
  class space    used 4086K, capacity 4272K, committed 4348K, reserved 1048576K
2017-06-12T13:54:13.325-0100: 66459.330: [GC (Allocation Failure) 2017-06-12T13:54:13.325-0100: 66459.330: [ParNew
Desired survivor size 20112992 bytes, new threshold 8 (max 8)
- age   1:     951320 bytes,     951320 total
- age   2:     563472 bytes,    1514792 total
- age   3:     511928 bytes,    2026720 total
- age   8:        176 bytes,    2026896 total
: 89378K->2958K(109248K), 0.0029125 secs] 277329K->190909K(502464K), 0.0029601 secs] [Times: user=0.01 sys=0.00, real=0.00 secs] 
Heap after GC invocations=201 (full 6):
 par new generation   total 109248K, used 2958K [0x00000007a0000000, 0x00000007a8000000, 0x00000007a8000000)
  eden space 87424K,   0% used [0x00000007a0000000, 0x00000007a0000000, 0x00000007a5560000)
  from space 21824K,  13% used [0x00000007a6ab0000, 0x00000007a6d93998, 0x00000007a8000000)
  to   space 21824K,   0% used [0x00000007a5560000, 0x00000007a5560000, 0x00000007a6ab0000)
 concurrent mark-sweep generation total 393216K, used 187950K [0x00000007a8000000, 0x00000007c0000000, 0x00000007c0000000)
 Metaspace       used 37754K, capacity 38296K, committed 38652K, reserved 1083392K
  class space    used 4086K, capacity 4272K, committed 4348K, reserved 1048576K
}
2017-06-12T13:54:13.328-0100: 66459.333: Total time for which application threads were stopped: 0.0037981 seconds, Stopping threads took: 0.0000156 seconds
{Heap before GC invocations=201 (full 6):
 par new generation   total 109248K, used 90382K [0x00000007a0000000, 0x00000007a8000000, 0x00000007a8000000)
  eden space 87424K, 100% used [0x00000007a0000000, 0x00000007a5560000, 0x00000007a5560000)
  from space 21824K,  13% used [0x00000007a6ab0000, 0x00000007a6d93998, 0x00000007a8000000)
  to   space 21824K,   0% used [0x00000007a5560000, 0x00000007a5560000, 0x00000007a6ab0000)
 concurrent mark-sweep generation total 393216K, used 187950K [0x00000007a8000000, 0x00000007c0000000, 0x00000007c0000000)
 Metaspace       used 37754K, capacity 38296K, committed 38652K, reserved 1083392K
  class space    used 4086K, capacity 4272K, committed 4348K, reserved 1048576K
2017-06-12T13:54:13.986-0100: 66459.991: [GC (Allocation Failure) 2017-06-12T13:54:13.986-0100: 66459.991: [ParNew
Desired survivor size 20112992 bytes, new threshold 8 (max 8)
- age   1:    1039784 bytes,    1039784 total
- age   2:     173528 bytes,    1213312 total
- age   3:     322920 bytes,    1536232 total
- age   4:     475240 bytes,    2011472 total
: 90382K->2478K(109248K), 0.0022558 secs] 278333K->190429K(502464K), 0.0023054 secs] [Times: user=0.01 sys=0.00, real=0.00 secs] 
Heap after GC invocations=202 (full 6):
 par new generation   total 109248K, used 2478K [0x00000007a0000000, 0x00000007a8000000, 0x00000007a8000000)
  eden space 87424K,   0% used [0x00000007a0000000, 0x00000007a0000000, 0x00000007a5560000)
  from space 21824K,  11% used [0x00000007a5560000, 0x00000007a57cb960, 0x00000007a6ab0000)
  to   space 21824K,   0% used [0x00000007a6ab0000, 0x00000007a6ab0000, 0x00000007a8000000)
 concurrent mark-sweep generation total 393216K, used 187951K [0x00000007a8000000, 0x00000007c0000000, 0x00000007c0000000)
 Metaspace       used 37754K, capacity 38296K, committed 38652K, reserved 1083392K
  class space    used 4086K, capacity 4272K, committed 4348K, reserved 1048576K
}
2017-06-12T13:54:13.988-0100: 66459.993: Total time for which application threads were stopped: 0.0024422 seconds, Stopping threads took: 0.0000142 seconds
{Heap before GC invocations=202 (full 6):
 par new generation   total 109248K, used 89902K [0x00000007a0000000, 0x00000007a8000000, 0x00000007a8000000)
  eden space 87424K, 100% used [0x00000007a0000000, 0x00000007a5560000, 0x00000007a5560000)
  from space 21824K,  11% used [0x00000007a5560000, 0x00000007a57cb960, 0x00000007a6ab0000)
  to   space 21824K,   0% used [0x00000007a6ab0000, 0x00000007a6ab0000, 0x00000007a8000000)
 concurrent mark-sweep generation total 393216K, used 187951K [0x00000007a8000000, 0x00000007c0000000, 0x00000007c0000000)
 Metaspace       used 37754K, capacity 38296K, committed 38652K, reserved 1083392K
  class space    used 4086K, capacity 4272K, committed 4348K, reserved 1048576K
2017-06-12T13:54:14.675-0100: 66460.680: [GC (Allocation Failure) 2017-06-12T13:54:14.675-0100: 66460.680: [ParNew
Desired survivor size 20112992 bytes, new threshold 8 (max 8)
- age   1:    1263392 bytes,    1263392 total
- age   2:     171376 bytes,    1434768 total
- age   3:     123024 bytes,    1557792 total
- age   4:     196024 bytes,    1753816 total
- age   5:     436920 bytes,    2190736 total
: 89902K->2956K(109248K), 0.0026244 secs] 277853K->190907K(502464K), 0.0026651 secs] [Times: user=0.01 sys=0.00, real=0.00 secs] 
Heap after GC invocations=203 (full 6):
 par new generation   total 109248K, used 2956K [0x00000007a0000000, 0x00000007a8000000, 0x00000007a8000000)
  eden space 87424K,   0% used [0x00000007a0000000, 0x00000007a0000000, 0x00000007a5560000)
  from space 21824K,  13% used [0x00000007a6ab0000, 0x00000007a6d932b8, 0x00000007a8000000)
  to   space 21824K,   0% used [0x00000007a5560000, 0x00000007a5560000, 0x00000007a6ab0000)
 concurrent mark-sweep generation total 393216K, used 187951K [0x00000007a8000000, 0x00000007c0000000, 0x00000007c0000000)
 Metaspace       used 37754K, capacity 38296K, committed 38652K, reserved 1083392K
  class space    used 4086K, capacity 4272K, committed 4348K, reserved 1048576K
}
2017-06-12T13:54:14.678-0100: 66460.682: Total time for which application threads were stopped: 0.0031792 seconds, Stopping threads took: 0.0000150 seconds
2017-06-12T13:54:15.068-0100: 66461.073: Total time for which application threads were stopped: 0.0005030 seconds, Stopping threads took: 0.0000150 seconds
{Heap before GC invocations=203 (full 6):
 par new generation   total 109248K, used 90380K [0x00000007a0000000, 0x00000007a8000000, 0x00000007a8000000)
  eden space 87424K, 100% used [0x00000007a0000000, 0x00000007a5560000, 0x00000007a5560000)
  from space 21824K,  13% used [0x00000007a6ab0000, 0x00000007a6d932b8, 0x00000007a8000000)
  to   space 21824K,   0% used [0x00000007a5560000, 0x00000007a5560000, 0x00000007a6ab0000)
 concurrent mark-sweep generation total 393216K, used 187951K [0x00000007a8000000, 0x00000007c0000000, 0x00000007c0000000)
 Metaspace       used 37755K, capacity 38296K, committed 38652K, reserved 1083392K
  class space    used 4086K, capacity 4272K, committed 4348K, reserved 1048576K
2017-06-12T13:54:15.411-0100: 66461.416: [GC (Allocation Failure) 2017-06-12T13:54:15.411-0100: 66461.416: [ParNew
Desired survivor size 20112992 bytes, new threshold 8 (max 8)
- age   1:    1314048 bytes,    1314048 total
- age   2:     171376 bytes,    1485424 total
- age   3:      86968 bytes,    1572392 total
- age   4:      57088 bytes,    1629480 total
- age   5:     168568 bytes,    1798048 total
- age   6:     436920 bytes,    2234968 total
: 90380K->2755K(109248K), 0.0027884 secs] 278331K->190706K(502464K), 0.0028348 secs] [Times: user=0.01 sys=0.00, real=0.00 secs] 
Heap after GC invocations=204 (full 6):
 par new generation   total 109248K, used 2755K [0x00000007a0000000, 0x00000007a8000000, 0x00000007a8000000)
  eden space 87424K,   0% used [0x00000007a0000000, 0x00000007a0000000, 0x00000007a5560000)
  from space 21824K,  12% used [0x00000007a5560000, 0x00000007a5810da0, 0x00000007a6ab0000)
  to   space 21824K,   0% used [0x00000007a6ab0000, 0x00000007a6ab0000, 0x00000007a8000000)
 concurrent mark-sweep generation total 393216K, used 187951K [0x00000007a8000000, 0x00000007c0000000, 0x00000007c0000000)
 Metaspace       used 37755K, capacity 38296K, committed 38652K, reserved 1083392K
  class space    used 4086K, capacity 4272K, committed 4348K, reserved 1048576K
}
2017-06-12T13:54:15.414-0100: 66461.419: Total time for which application threads were stopped: 0.0029739 seconds, Stopping threads took: 0.0000137 seconds
{Heap before GC invocations=204 (full 6):
 par new generation   total 109248K, used 90179K [0x00000007a0000000, 0x00000007a8000000, 0x00000007a8000000)
  eden space 87424K, 100% used [0x00000007a0000000, 0x00000007a5560000, 0x00000007a5560000)
  from space 21824K,  12% used [0x00000007a5560000, 0x00000007a5810da0, 0x00000007a6ab0000)
  to   space 21824K,   0% used [0x00000007a6ab0000, 0x00000007a6ab0000, 0x00000007a8000000)
 concurrent mark-sweep generation total 393216K, used 187951K [0x00000007a8000000, 0x00000007c0000000, 0x00000007c0000000)
 Metaspace       used 37771K, capacity 38296K, committed 38652K, reserved 1083392K
  class space    used 4091K, capacity 4272K, committed 4348K, reserved 1048576K
2017-06-12T13:54:16.133-0100: 66462.138: [GC (Allocation Failure) 2017-06-12T13:54:16.133-0100: 66462.138: [ParNew
Desired survivor size 20112992 bytes, new threshold 8 (max 8)
- age   1:    1371608 bytes,    1371608 total
- age   2:     139520 bytes,    1511128 total
- age   3:      67816 bytes,    1578944 total
- age   4:      73744 bytes,    1652688 total
- age   5:      57056 bytes,    1709744 total
- age   6:     168568 bytes,    1878312 total
- age   7:     436920 bytes,    2315232 total
: 90179K->3886K(109248K), 0.0026724 secs] 278130K->191837K(502464K), 0.0027155 secs] [Times: user=0.01 sys=0.00, real=0.00 secs] 
Heap after GC invocations=205 (full 6):
 par new generation   total 109248K, used 3886K [0x00000007a0000000, 0x00000007a8000000, 0x00000007a8000000)
  eden space 87424K,   0% used [0x00000007a0000000, 0x00000007a0000000, 0x00000007a5560000)
  from space 21824K,  17% used [0x00000007a6ab0000, 0x00000007a6e7b900, 0x00000007a8000000)
  to   space 21824K,   0% used [0x00000007a5560000, 0x00000007a5560000, 0x00000007a6ab0000)
 concurrent mark-sweep generation total 393216K, used 187951K [0x00000007a8000000, 0x00000007c0000000, 0x00000007c0000000)
 Metaspace       used 37771K, capacity 38296K, committed 38652K, reserved 1083392K
  class space    used 4091K, capacity 4272K, committed 4348K, reserved 1048576K
}
2017-06-12T13:54:16.136-0100: 66462.141: Total time for which application threads were stopped: 0.0028955 seconds, Stopping threads took: 0.0000152 seconds
{Heap before GC invocations=205 (full 6):
 par new generation   total 109248K, used 91310K [0x00000007a0000000, 0x00000007a8000000, 0x00000007a8000000)
  eden space 87424K, 100% used [0x00000007a0000000, 0x00000007a5560000, 0x00000007a5560000)
  from space 21824K,  17% used [0x00000007a6ab0000, 0x00000007a6e7b900, 0x00000007a8000000)
  to   space 21824K,   0% used [0x00000007a5560000, 0x00000007a5560000, 0x00000007a6ab0000)
 concurrent mark-sweep generation total 393216K, used 187951K [0x00000007a8000000, 0x00000007c0000000, 0x00000007c0000000)
 Metaspace       used 37771K, capacity 38296K, committed 38652K, reserved 1083392K
  class space    used 4091K, capacity 4272K, committed 4348K, reserved 1048576K
2017-06-12T13:54:16.959-0100: 66462.964: [GC (Allocation Failure) 2017-06-12T13:54:16.959-0100: 66462.964: [ParNew
Desired survivor size 20112992 bytes, new threshold 8 (max 8)
- age   1:    1281744 bytes,    1281744 total
- age   2:     160264 bytes,    1442008 total
- age   3:      98896 bytes,    1540904 total
- age   4:      67528 bytes,    1608432 total
- age   5:      73600 bytes,    1682032 total
- age   6:      56912 bytes,    1738944 total
- age   7:     168472 bytes,    1907416 total
- age   8:     436800 bytes,    2344216 total
: 91310K->2958K(109248K), 0.0027162 secs] 279261K->190910K(502464K), 0.0027676 secs] [Times: user=0.01 sys=0.00, real=0.01 secs] 
Heap after GC invocations=206 (full 6):
 par new generation   total 109248K, used 2958K [0x00000007a0000000, 0x00000007a8000000, 0x00000007a8000000)
  eden space 87424K,   0% used [0x00000007a0000000, 0x00000007a0000000, 0x00000007a5560000)
  from space 21824K,  13% used [0x00000007a5560000, 0x00000007a5843ba8, 0x00000007a6ab0000)
  to   space 21824K,   0% used [0x00000007a6ab0000, 0x00000007a6ab0000, 0x00000007a8000000)
 concurrent mark-sweep generation total 393216K, used 187951K [0x00000007a8000000, 0x00000007c0000000, 0x00000007c0000000)
 Metaspace       used 37771K, capacity 38296K, committed 38652K, reserved 1083392K
  class space    used 4091K, capacity 4272K, committed 4348K, reserved 1048576K
}
2017-06-12T13:54:16.962-0100: 66462.967: Total time for which application threads were stopped: 0.0029237 seconds, Stopping threads took: 0.0000138 seconds
{Heap before GC invocations=206 (full 6):
 par new generation   total 109248K, used 90382K [0x00000007a0000000, 0x00000007a8000000, 0x00000007a8000000)
  eden space 87424K, 100% used [0x00000007a0000000, 0x00000007a5560000, 0x00000007a5560000)
  from space 21824K,  13% used [0x00000007a5560000, 0x00000007a5843ba8, 0x00000007a6ab0000)
  to   space 21824K,   0% used [0x00000007a6ab0000, 0x00000007a6ab0000, 0x00000007a8000000)
 concurrent mark-sweep generation total 393216K, used 187951K [0x00000007a8000000, 0x00000007c0000000, 0x00000007c0000000)
 Metaspace       used 37771K, capacity 38296K, committed 38652K, reserved 1083392K
  class space    used 4091K, capacity 4272K, committed 4348K, reserved 1048576K
2017-06-12T13:54:17.870-0100: 66463.875: [GC (Allocation Failure) 2017-06-12T13:54:17.870-0100: 66463.875: [ParNew
Desired survivor size 20112992 bytes, new threshold 8 (max 8)
- age   1:    1282688 bytes,    1282688 total
- age   2:     209976 bytes,    1492664 total
- age   3:      74744 bytes,    1567408 total
- age   4:      95872 bytes,    1663280 total
- age   5:      64472 bytes,    1727752 total
- age   6:      72808 bytes,    1800560 total
- age   7:      56264 bytes,    1856824 total
- age   8:     168112 bytes,    2024936 total
: 90382K->2464K(109248K), 0.0032016 secs] 278334K->190844K(502464K), 0.0032558 secs] [Times: user=0.01 sys=0.00, real=0.00 secs] 
Heap after GC invocations=207 (full 6):
 par new generation   total 109248K, used 2464K [0x00000007a0000000, 0x00000007a8000000, 0x00000007a8000000)
  eden space 87424K,   0% used [0x00000007a0000000, 0x00000007a0000000, 0x00000007a5560000)
  from space 21824K,  11% used [0x00000007a6ab0000, 0x00000007a6d18338, 0x00000007a8000000)
  to   space 21824K,   0% used [0x00000007a5560000, 0x00000007a5560000, 0x00000007a6ab0000)
 concurrent mark-sweep generation total 393216K, used 188379K [0x00000007a8000000, 0x00000007c0000000, 0x00000007c0000000)
 Metaspace       used 37771K, capacity 38296K, committed 38652K, reserved 1083392K
  class space    used 4091K, capacity 4272K, committed 4348K, reserved 1048576K
}
2017-06-12T13:54:17.873-0100: 66463.878: Total time for which application threads were stopped: 0.0034221 seconds, Stopping threads took: 0.0000175 seconds
{Heap before GC invocations=207 (full 6):
 par new generation   total 109248K, used 89888K [0x00000007a0000000, 0x00000007a8000000, 0x00000007a8000000)
  eden space 87424K, 100% used [0x00000007a0000000, 0x00000007a5560000, 0x00000007a5560000)
  from space 21824K,  11% used [0x00000007a6ab0000, 0x00000007a6d18338, 0x00000007a8000000)
  to   space 21824K,   0% used [0x00000007a5560000, 0x00000007a5560000, 0x00000007a6ab0000)
 concurrent mark-sweep generation total 393216K, used 188379K [0x00000007a8000000, 0x00000007c0000000, 0x00000007c0000000)
 Metaspace       used 37771K, capacity 38296K, committed 38652K, reserved 1083392K
  class space    used 4091K, capacity 4272K, committed 4348K, reserved 1048576K
2017-06-12T13:54:18.823-0100: 66464.827: [GC (Allocation Failure) 2017-06-12T13:54:18.823-0100: 66464.827: [ParNew
Desired survivor size 20112992 bytes, new threshold 8 (max 8)
- age   1:    1303216 bytes,    1303216 total
- age   2:      86424 bytes,    1389640 total
- age   3:     126104 bytes,    1515744 total
- age   4:      71784 bytes,    1587528 total
- age   5:      93240 bytes,    1680768 total
- age   6:      64064 bytes,    1744832 total
- age   7:      72424 bytes,    1817256 total
- age   8:      55904 bytes,    1873160 total
: 89888K->3074K(109248K), 0.0032908 secs] 278268K->191620K(502464K), 0.0033581 secs] [Times: user=0.01 sys=0.00, real=0.00 secs] 
Heap after GC invocations=208 (full 6):
 par new generation   total 109248K, used 3074K [0x00000007a0000000, 0x00000007a8000000, 0x00000007a8000000)
  eden space 87424K,   0% used [0x00000007a0000000, 0x00000007a0000000, 0x00000007a5560000)
  from space 21824K,  14% used [0x00000007a5560000, 0x00000007a5860b00, 0x00000007a6ab0000)
  to   space 21824K,   0% used [0x00000007a6ab0000, 0x00000007a6ab0000, 0x00000007a8000000)
 concurrent mark-sweep generation total 393216K, used 188545K [0x00000007a8000000, 0x00000007c0000000, 0x00000007c0000000)
 Metaspace       used 37771K, capacity 38296K, committed 38652K, reserved 1083392K
  class space    used 4091K, capacity 4272K, committed 4348K, reserved 1048576K
}
2017-06-12T13:54:18.826-0100: 66464.831: Total time for which application threads were stopped: 0.0035240 seconds, Stopping threads took: 0.0000177 seconds
{Heap before GC invocations=208 (full 6):
 par new generation   total 109248K, used 90498K [0x00000007a0000000, 0x00000007a8000000, 0x00000007a8000000)
  eden space 87424K, 100% used [0x00000007a0000000, 0x00000007a5560000, 0x00000007a5560000)
  from space 21824K,  14% used [0x00000007a5560000, 0x00000007a5860b00, 0x00000007a6ab0000)
  to   space 21824K,   0% used [0x00000007a6ab0000, 0x00000007a6ab0000, 0x00000007a8000000)
 concurrent mark-sweep generation total 393216K, used 188545K [0x00000007a8000000, 0x00000007c0000000, 0x00000007c0000000)
 Metaspace       used 37771K, capacity 38296K, committed 38652K, reserved 1083392K
  class space    used 4091K, capacity 4272K, committed 4348K, reserved 1048576K
2017-06-12T13:54:19.618-0100: 66465.622: [GC (Allocation Failure) 2017-06-12T13:54:19.618-0100: 66465.623: [ParNew
Desired survivor size 20112992 bytes, new threshold 8 (max 8)
- age   1:    1275744 bytes,    1275744 total
- age   2:     138136 bytes,    1413880 total
- age   3:      52112 bytes,    1465992 total
- age   4:      79792 bytes,    1545784 total
- age   5:      71448 bytes,    1617232 total
- age   6:      67728 bytes,    1684960 total
- age   7:      63728 bytes,    1748688 total
- age   8:      72160 bytes,    1820848 total
: 90498K->2017K(109248K), 0.0031855 secs] 279044K->190618K(502464K), 0.0032357 secs] [Times: user=0.01 sys=0.00, real=0.01 secs] 
Heap after GC invocations=209 (full 6):
 par new generation   total 109248K, used 2017K [0x00000007a0000000, 0x00000007a8000000, 0x00000007a8000000)
  eden space 87424K,   0% used [0x00000007a0000000, 0x00000007a0000000, 0x00000007a5560000)
  from space 21824K,   9% used [0x00000007a6ab0000, 0x00000007a6ca8510, 0x00000007a8000000)
  to   space 21824K,   0% used [0x00000007a5560000, 0x00000007a5560000, 0x00000007a6ab0000)
 concurrent mark-sweep generation total 393216K, used 188601K [0x00000007a8000000, 0x00000007c0000000, 0x00000007c0000000)
 Metaspace       used 37771K, capacity 38296K, committed 38652K, reserved 1083392K
  class space    used 4091K, capacity 4272K, committed 4348K, reserved 1048576K
}
2017-06-12T13:54:19.621-0100: 66465.626: Total time for which application threads were stopped: 0.0033903 seconds, Stopping threads took: 0.0000154 seconds
{Heap before GC invocations=209 (full 6):
 par new generation   total 109248K, used 89441K [0x00000007a0000000, 0x00000007a8000000, 0x00000007a8000000)
  eden space 87424K, 100% used [0x00000007a0000000, 0x00000007a5560000, 0x00000007a5560000)
  from space 21824K,   9% used [0x00000007a6ab0000, 0x00000007a6ca8510, 0x00000007a8000000)
  to   space 21824K,   0% used [0x00000007a5560000, 0x00000007a5560000, 0x00000007a6ab0000)
 concurrent mark-sweep generation total 393216K, used 188601K [0x00000007a8000000, 0x00000007c0000000, 0x00000007c0000000)
 Metaspace       used 37771K, capacity 38296K, committed 38652K, reserved 1083392K
  class space    used 4091K, capacity 4272K, committed 4348K, reserved 1048576K
2017-06-12T13:54:20.498-0100: 66466.503: [GC (Allocation Failure) 2017-06-12T13:54:20.498-0100: 66466.503: [ParNew
Desired survivor size 20112992 bytes, new threshold 8 (max 8)
- age   1:    1380648 bytes,    1380648 total
- age   2:     110432 bytes,    1491080 total
- age   3:     113600 bytes,    1604680 total
- age   4:      51680 bytes,    1656360 total
- age   5:      52152 bytes,    1708512 total
- age   6:      71184 bytes,    1779696 total
- age   7:      67368 bytes,    1847064 total
- age   8:      63416 bytes,    1910480 total
: 89441K->2726K(109248K), 0.0036966 secs] 278042K->191400K(502464K), 0.0037673 secs] [Times: user=0.01 sys=0.00, real=0.01 secs] 
Heap after GC invocations=210 (full 6):
 par new generation   total 109248K, used 2726K [0x00000007a0000000, 0x00000007a8000000, 0x00000007a8000000)
  eden space 87424K,   0% used [0x00000007a0000000, 0x00000007a0000000, 0x00000007a5560000)
  from space 21824K,  12% used [0x00000007a5560000, 0x00000007a5809878, 0x00000007a6ab0000)
  to   space 21824K,   0% used [0x00000007a6ab0000, 0x00000007a6ab0000, 0x00000007a8000000)
 concurrent mark-sweep generation total 393216K, used 188674K [0x00000007a8000000, 0x00000007c0000000, 0x00000007c0000000)
 Metaspace       used 37771K, capacity 38296K, committed 38652K, reserved 1083392K
  class space    used 4091K, capacity 4272K, committed 4348K, reserved 1048576K
}
2017-06-12T13:54:20.502-0100: 66466.507: Total time for which application threads were stopped: 0.0039380 seconds, Stopping threads took: 0.0000175 seconds
{Heap before GC invocations=210 (full 6):
 par new generation   total 109248K, used 90150K [0x00000007a0000000, 0x00000007a8000000, 0x00000007a8000000)
  eden space 87424K, 100% used [0x00000007a0000000, 0x00000007a5560000, 0x00000007a5560000)
  from space 21824K,  12% used [0x00000007a5560000, 0x00000007a5809878, 0x00000007a6ab0000)
  to   space 21824K,   0% used [0x00000007a6ab0000, 0x00000007a6ab0000, 0x00000007a8000000)
 concurrent mark-sweep generation total 393216K, used 188674K [0x00000007a8000000, 0x00000007c0000000, 0x00000007c0000000)
 Metaspace       used 37771K, capacity 38296K, committed 38652K, reserved 1083392K
  class space    used 4091K, capacity 4272K, committed 4348K, reserved 1048576K
2017-06-12T13:54:21.444-0100: 66467.449: [GC (Allocation Failure) 2017-06-12T13:54:21.445-0100: 66467.449: [ParNew
Desired survivor size 20112992 bytes, new threshold 8 (max 8)
- age   1:    1452520 bytes,    1452520 total
- age   2:      72200 bytes,    1524720 total
- age   3:      51632 bytes,    1576352 total
- age   4:      64600 bytes,    1640952 total
- age   5:      51560 bytes,    1692512 total
- age   6:      51816 bytes,    1744328 total
- age   7:      70968 bytes,    1815296 total
- age   8:      67128 bytes,    1882424 total
: 90150K->2450K(109248K), 0.0032018 secs] 278824K->191188K(502464K), 0.0032634 secs] [Times: user=0.01 sys=0.00, real=0.00 secs] 
Heap after GC invocations=211 (full 6):
 par new generation   total 109248K, used 2450K [0x00000007a0000000, 0x00000007a8000000, 0x00000007a8000000)
  eden space 87424K,   0% used [0x00000007a0000000, 0x00000007a0000000, 0x00000007a5560000)
  from space 21824K,  11% used [0x00000007a6ab0000, 0x00000007a6d149d8, 0x00000007a8000000)
  to   space 21824K,   0% used [0x00000007a5560000, 0x00000007a5560000, 0x00000007a6ab0000)
 concurrent mark-sweep generation total 393216K, used 188737K [0x00000007a8000000, 0x00000007c0000000, 0x00000007c0000000)
 Metaspace       used 37771K, capacity 38296K, committed 38652K, reserved 1083392K
  class space    used 4091K, capacity 4272K, committed 4348K, reserved 1048576K
}
2017-06-12T13:54:21.448-0100: 66467.453: Total time for which application threads were stopped: 0.0034239 seconds, Stopping threads took: 0.0000164 seconds
{Heap before GC invocations=211 (full 6):
 par new generation   total 109248K, used 89874K [0x00000007a0000000, 0x00000007a8000000, 0x00000007a8000000)
  eden space 87424K, 100% used [0x00000007a0000000, 0x00000007a5560000, 0x00000007a5560000)
  from space 21824K,  11% used [0x00000007a6ab0000, 0x00000007a6d149d8, 0x00000007a8000000)
  to   space 21824K,   0% used [0x00000007a5560000, 0x00000007a5560000, 0x00000007a6ab0000)
 concurrent mark-sweep generation total 393216K, used 188737K [0x00000007a8000000, 0x00000007c0000000, 0x00000007c0000000)
 Metaspace       used 37771K, capacity 38296K, committed 38652K, reserved 1083392K
  class space    used 4091K, capacity 4272K, committed 4348K, reserved 1048576K
2017-06-12T13:54:22.407-0100: 66468.411: [GC (Allocation Failure) 2017-06-12T13:54:22.407-0100: 66468.411: [ParNew
Desired survivor size 20112992 bytes, new threshold 8 (max 8)
- age   1:    1356376 bytes,    1356376 total
- age   2:     149664 bytes,    1506040 total
- age   3:      48256 bytes,    1554296 total
- age   4:      51392 bytes,    1605688 total
- age   5:      64168 bytes,    1669856 total
- age   6:      51128 bytes,    1720984 total
- age   7:      51528 bytes,    1772512 total
- age   8:      70776 bytes,    1843288 total
: 89874K->2404K(109248K), 0.0038921 secs] 278612K->191208K(502464K), 0.0039497 secs] [Times: user=0.01 sys=0.00, real=0.01 secs] 
Heap after GC invocations=212 (full 6):
 par new generation   total 109248K, used 2404K [0x00000007a0000000, 0x00000007a8000000, 0x00000007a8000000)
  eden space 87424K,   0% used [0x00000007a0000000, 0x00000007a0000000, 0x00000007a5560000)
  from space 21824K,  11% used [0x00000007a5560000, 0x00000007a57b9040, 0x00000007a6ab0000)
  to   space 21824K,   0% used [0x00000007a6ab0000, 0x00000007a6ab0000, 0x00000007a8000000)
 concurrent mark-sweep generation total 393216K, used 188804K [0x00000007a8000000, 0x00000007c0000000, 0x00000007c0000000)
 Metaspace       used 37771K, capacity 38296K, committed 38652K, reserved 1083392K
  class space    used 4091K, capacity 4272K, committed 4348K, reserved 1048576K
}
2017-06-12T13:54:22.411-0100: 66468.415: Total time for which application threads were stopped: 0.0041209 seconds, Stopping threads took: 0.0000166 seconds
{Heap before GC invocations=212 (full 6):
 par new generation   total 109248K, used 89828K [0x00000007a0000000, 0x00000007a8000000, 0x00000007a8000000)
  eden space 87424K, 100% used [0x00000007a0000000, 0x00000007a5560000, 0x00000007a5560000)
  from space 21824K,  11% used [0x00000007a5560000, 0x00000007a57b9040, 0x00000007a6ab0000)
  to   space 21824K,   0% used [0x00000007a6ab0000, 0x00000007a6ab0000, 0x00000007a8000000)
 concurrent mark-sweep generation total 393216K, used 188804K [0x00000007a8000000, 0x00000007c0000000, 0x00000007c0000000)
 Metaspace       used 37773K, capacity 38296K, committed 38652K, reserved 1083392K
  class space    used 4091K, capacity 4272K, committed 4348K, reserved 1048576K
2017-06-12T13:54:23.306-0100: 66469.310: [GC (Allocation Failure) 2017-06-12T13:54:23.306-0100: 66469.310: [ParNew
Desired survivor size 20112992 bytes, new threshold 8 (max 8)
- age   1:    1351792 bytes,    1351792 total
- age   2:      92216 bytes,    1444008 total
- age   3:      36632 bytes,    1480640 total
- age   4:      48016 bytes,    1528656 total
- age   5:      51224 bytes,    1579880 total
- age   6:      63736 bytes,    1643616 total
- age   7:      51032 bytes,    1694648 total
- age   8:      51312 bytes,    1745960 total
: 89828K->2059K(109248K), 0.0035003 secs] 278632K->190935K(502464K), 0.0035675 secs] [Times: user=0.01 sys=0.00, real=0.00 secs] 
Heap after GC invocations=213 (full 6):
 par new generation   total 109248K, used 2059K [0x00000007a0000000, 0x00000007a8000000, 0x00000007a8000000)
  eden space 87424K,   0% used [0x00000007a0000000, 0x00000007a0000000, 0x00000007a5560000)
  from space 21824K,   9% used [0x00000007a6ab0000, 0x00000007a6cb2ea8, 0x00000007a8000000)
  to   space 21824K,   0% used [0x00000007a5560000, 0x00000007a5560000, 0x00000007a6ab0000)
 concurrent mark-sweep generation total 393216K, used 188875K [0x00000007a8000000, 0x00000007c0000000, 0x00000007c0000000)
 Metaspace       used 37773K, capacity 38296K, committed 38652K, reserved 1083392K
  class space    used 4091K, capacity 4272K, committed 4348K, reserved 1048576K
}
2017-06-12T13:54:23.309-0100: 66469.314: Total time for which application threads were stopped: 0.0037382 seconds, Stopping threads took: 0.0000182 seconds
{Heap before GC invocations=213 (full 6):
 par new generation   total 109248K, used 89483K [0x00000007a0000000, 0x00000007a8000000, 0x00000007a8000000)
  eden space 87424K, 100% used [0x00000007a0000000, 0x00000007a5560000, 0x00000007a5560000)
  from space 21824K,   9% used [0x00000007a6ab0000, 0x00000007a6cb2ea8, 0x00000007a8000000)
  to   space 21824K,   0% used [0x00000007a5560000, 0x00000007a5560000, 0x00000007a6ab0000)
 concurrent mark-sweep generation total 393216K, used 188875K [0x00000007a8000000, 0x00000007c0000000, 0x00000007c0000000)
 Metaspace       used 37773K, capacity 38296K, committed 38652K, reserved 1083392K
  class space    used 4091K, capacity 4272K, committed 4348K, reserved 1048576K
2017-06-12T13:54:24.148-0100: 66470.153: [GC (Allocation Failure) 2017-06-12T13:54:24.148-0100: 66470.153: [ParNew
Desired survivor size 20112992 bytes, new threshold 8 (max 8)
- age   1:    1286880 bytes,    1286880 total
- age   2:     135656 bytes,    1422536 total
- age   3:      76664 bytes,    1499200 total
- age   4:      36416 bytes,    1535616 total
- age   5:      47816 bytes,    1583432 total
- age   6:      51032 bytes,    1634464 total
- age   7:      63640 bytes,    1698104 total
- age   8:      50880 bytes,    1748984 total
: 89483K->2638K(109248K), 0.0032380 secs] 278359K->191565K(502464K), 0.0032863 secs] [Times: user=0.01 sys=0.00, real=0.01 secs] 
Heap after GC invocations=214 (full 6):
 par new generation   total 109248K, used 2638K [0x00000007a0000000, 0x00000007a8000000, 0x00000007a8000000)
  eden space 87424K,   0% used [0x00000007a0000000, 0x00000007a0000000, 0x00000007a5560000)
  from space 21824K,  12% used [0x00000007a5560000, 0x00000007a57f3998, 0x00000007a6ab0000)
  to   space 21824K,   0% used [0x00000007a6ab0000, 0x00000007a6ab0000, 0x00000007a8000000)
 concurrent mark-sweep generation total 393216K, used 188927K [0x00000007a8000000, 0x00000007c0000000, 0x00000007c0000000)
 Metaspace       used 37773K, capacity 38296K, committed 38652K, reserved 1083392K
  class space    used 4091K, capacity 4272K, committed 4348K, reserved 1048576K
}
2017-06-12T13:54:24.151-0100: 66470.156: Total time for which application threads were stopped: 0.0034387 seconds, Stopping threads took: 0.0000151 seconds
2017-06-12T13:54:25.152-0100: 66471.156: Total time for which application threads were stopped: 0.0001471 seconds, Stopping threads took: 0.0000306 seconds
{Heap before GC invocations=214 (full 6):
 par new generation   total 109248K, used 90062K [0x00000007a0000000, 0x00000007a8000000, 0x00000007a8000000)
  eden space 87424K, 100% used [0x00000007a0000000, 0x00000007a5560000, 0x00000007a5560000)
  from space 21824K,  12% used [0x00000007a5560000, 0x00000007a57f3998, 0x00000007a6ab0000)
  to   space 21824K,   0% used [0x00000007a6ab0000, 0x00000007a6ab0000, 0x00000007a8000000)
 concurrent mark-sweep generation total 393216K, used 188927K [0x00000007a8000000, 0x00000007c0000000, 0x00000007c0000000)
 Metaspace       used 37773K, capacity 38296K, committed 38652K, reserved 1083392K
  class space    used 4091K, capacity 4272K, committed 4348K, reserved 1048576K
2017-06-12T13:56:18.628-0100: 66584.632: [GC (Allocation Failure) 2017-06-12T13:56:18.628-0100: 66584.632: [ParNew
Desired survivor size 20112992 bytes, new threshold 8 (max 8)
- age   1:    1239944 bytes,    1239944 total
- age   2:     128024 bytes,    1367968 total
- age   3:      34488 bytes,    1402456 total
- age   4:      75224 bytes,    1477680 total
- age   5:      36080 bytes,    1513760 total
- age   6:      47624 bytes,    1561384 total
- age   7:      50936 bytes,    1612320 total
- age   8:      63424 bytes,    1675744 total
: 90062K->2009K(109248K), 0.0031098 secs] 278989K->190987K(502464K), 0.0031625 secs] [Times: user=0.01 sys=0.00, real=0.01 secs] 
Heap after GC invocations=215 (full 6):
 par new generation   total 109248K, used 2009K [0x00000007a0000000, 0x00000007a8000000, 0x00000007a8000000)
  eden space 87424K,   0% used [0x00000007a0000000, 0x00000007a0000000, 0x00000007a5560000)
  from space 21824K,   9% used [0x00000007a6ab0000, 0x00000007a6ca66c0, 0x00000007a8000000)
  to   space 21824K,   0% used [0x00000007a5560000, 0x00000007a5560000, 0x00000007a6ab0000)
 concurrent mark-sweep generation total 393216K, used 188978K [0x00000007a8000000, 0x00000007c0000000, 0x00000007c0000000)
 Metaspace       used 37773K, capacity 38296K, committed 38652K, reserved 1083392K
  class space    used 4091K, capacity 4272K, committed 4348K, reserved 1048576K
}
2017-06-12T13:56:18.631-0100: 66584.635: Total time for which application threads were stopped: 0.0033103 seconds, Stopping threads took: 0.0000153 seconds
{Heap before GC invocations=215 (full 6):
 par new generation   total 109248K, used 89433K [0x00000007a0000000, 0x00000007a8000000, 0x00000007a8000000)
  eden space 87424K, 100% used [0x00000007a0000000, 0x00000007a5560000, 0x00000007a5560000)
  from space 21824K,   9% used [0x00000007a6ab0000, 0x00000007a6ca66c0, 0x00000007a8000000)
  to   space 21824K,   0% used [0x00000007a5560000, 0x00000007a5560000, 0x00000007a6ab0000)
 concurrent mark-sweep generation total 393216K, used 188978K [0x00000007a8000000, 0x00000007c0000000, 0x00000007c0000000)
 Metaspace       used 37773K, capacity 38296K, committed 38652K, reserved 1083392K
  class space    used 4091K, capacity 4272K, committed 4348K, reserved 1048576K
2017-06-12T13:57:15.646-0100: 66641.650: [GC (Allocation Failure) 2017-06-12T13:57:15.652-0100: 66641.656: [ParNew
Desired survivor size 20112992 bytes, new threshold 8 (max 8)
- age   1:    1099872 bytes,    1099872 total
- age   2:     287216 bytes,    1387088 total
- age   3:      80656 bytes,    1467744 total
- age   4:      33936 bytes,    1501680 total
- age   5:      58632 bytes,    1560312 total
- age   6:      35816 bytes,    1596128 total
- age   7:      47312 bytes,    1643440 total
- age   8:      50672 bytes,    1694112 total
: 89433K->2499K(109248K), 0.0047988 secs] 278411K->191541K(502464K), 0.0108322 secs] [Times: user=0.02 sys=0.00, real=0.01 secs] 
Heap after GC invocations=216 (full 6):
 par new generation   total 109248K, used 2499K [0x00000007a0000000, 0x00000007a8000000, 0x00000007a8000000)
  eden space 87424K,   0% used [0x00000007a0000000, 0x00000007a0000000, 0x00000007a5560000)
  from space 21824K,  11% used [0x00000007a5560000, 0x00000007a57d0e68, 0x00000007a6ab0000)
  to   space 21824K,   0% used [0x00000007a6ab0000, 0x00000007a6ab0000, 0x00000007a8000000)
 concurrent mark-sweep generation total 393216K, used 189041K [0x00000007a8000000, 0x00000007c0000000, 0x00000007c0000000)
 Metaspace       used 37773K, capacity 38296K, committed 38652K, reserved 1083392K
  class space    used 4091K, capacity 4272K, committed 4348K, reserved 1048576K
}
2017-06-12T13:57:15.657-0100: 66641.661: Total time for which application threads were stopped: 0.0110035 seconds, Stopping threads took: 0.0000174 seconds
{Heap before GC invocations=216 (full 6):
 par new generation   total 109248K, used 89923K [0x00000007a0000000, 0x00000007a8000000, 0x00000007a8000000)
  eden space 87424K, 100% used [0x00000007a0000000, 0x00000007a5560000, 0x00000007a5560000)
  from space 21824K,  11% used [0x00000007a5560000, 0x00000007a57d0e68, 0x00000007a6ab0000)
  to   space 21824K,   0% used [0x00000007a6ab0000, 0x00000007a6ab0000, 0x00000007a8000000)
 concurrent mark-sweep generation total 393216K, used 189041K [0x00000007a8000000, 0x00000007c0000000, 0x00000007c0000000)
 Metaspace       used 37773K, capacity 38296K, committed 38652K, reserved 1083392K
  class space    used 4091K, capacity 4272K, committed 4348K, reserved 1048576K
2017-06-12T13:57:16.509-0100: 66642.513: [GC (Allocation Failure) 2017-06-12T13:57:16.509-0100: 66642.513: [ParNew
Desired survivor size 20112992 bytes, new threshold 8 (max 8)
- age   1:    1154120 bytes,    1154120 total
- age   2:      75464 bytes,    1229584 total
- age   3:     196744 bytes,    1426328 total
- age   4:      77904 bytes,    1504232 total
- age   5:      33648 bytes,    1537880 total
- age   6:      58272 bytes,    1596152 total
- age   7:      35472 bytes,    1631624 total
- age   8:      46856 bytes,    1678480 total
: 89923K->1926K(109248K), 0.0029345 secs] 278965K->191019K(502464K), 0.0029818 secs] [Times: user=0.01 sys=0.00, real=0.01 secs] 
Heap after GC invocations=217 (full 6):
 par new generation   total 109248K, used 1926K [0x00000007a0000000, 0x00000007a8000000, 0x00000007a8000000)
  eden space 87424K,   0% used [0x00000007a0000000, 0x00000007a0000000, 0x00000007a5560000)
  from space 21824K,   8% used [0x00000007a6ab0000, 0x00000007a6c91ae0, 0x00000007a8000000)
  to   space 21824K,   0% used [0x00000007a5560000, 0x00000007a5560000, 0x00000007a6ab0000)
 concurrent mark-sweep generation total 393216K, used 189092K [0x00000007a8000000, 0x00000007c0000000, 0x00000007c0000000)
 Metaspace       used 37773K, capacity 38296K, committed 38652K, reserved 1083392K
  class space    used 4091K, capacity 4272K, committed 4348K, reserved 1048576K
}
2017-06-12T13:57:16.512-0100: 66642.516: Total time for which application threads were stopped: 0.0031338 seconds, Stopping threads took: 0.0000168 seconds
{Heap before GC invocations=217 (full 6):
 par new generation   total 109248K, used 89350K [0x00000007a0000000, 0x00000007a8000000, 0x00000007a8000000)
  eden space 87424K, 100% used [0x00000007a0000000, 0x00000007a5560000, 0x00000007a5560000)
  from space 21824K,   8% used [0x00000007a6ab0000, 0x00000007a6c91ae0, 0x00000007a8000000)
  to   space 21824K,   0% used [0x00000007a5560000, 0x00000007a5560000, 0x00000007a6ab0000)
 concurrent mark-sweep generation total 393216K, used 189092K [0x00000007a8000000, 0x00000007c0000000, 0x00000007c0000000)
 Metaspace       used 37773K, capacity 38296K, committed 38652K, reserved 1083392K
  class space    used 4091K, capacity 4272K, committed 4348K, reserved 1048576K
2017-06-12T13:57:17.382-0100: 66643.385: [GC (Allocation Failure) 2017-06-12T13:57:17.382-0100: 66643.385: [ParNew
Desired survivor size 20112992 bytes, new threshold 8 (max 8)
- age   1:    1271808 bytes,    1271808 total
- age   2:     158696 bytes,    1430504 total
- age   3:      37080 bytes,    1467584 total
- age   4:      52224 bytes,    1519808 total
- age   5:      44792 bytes,    1564600 total
- age   6:      29816 bytes,    1594416 total
- age   7:      29024 bytes,    1623440 total
- age   8:      35136 bytes,    1658576 total
: 89350K->2844K(109248K), 0.0030414 secs] 278443K->191983K(502464K), 0.0030857 secs] [Times: user=0.01 sys=0.01, real=0.00 secs] 
Heap after GC invocations=218 (full 6):
 par new generation   total 109248K, used 2844K [0x00000007a0000000, 0x00000007a8000000, 0x00000007a8000000)
  eden space 87424K,   0% used [0x00000007a0000000, 0x00000007a0000000, 0x00000007a5560000)
  from space 21824K,  13% used [0x00000007a5560000, 0x00000007a5827040, 0x00000007a6ab0000)
  to   space 21824K,   0% used [0x00000007a6ab0000, 0x00000007a6ab0000, 0x00000007a8000000)
 concurrent mark-sweep generation total 393216K, used 189139K [0x00000007a8000000, 0x00000007c0000000, 0x00000007c0000000)
 Metaspace       used 37773K, capacity 38296K, committed 38652K, reserved 1083392K
  class space    used 4091K, capacity 4272K, committed 4348K, reserved 1048576K
}
2017-06-12T13:57:17.385-0100: 66643.388: Total time for which application threads were stopped: 0.0032311 seconds, Stopping threads took: 0.0000143 seconds
{Heap before GC invocations=218 (full 6):
 par new generation   total 109248K, used 90268K [0x00000007a0000000, 0x00000007a8000000, 0x00000007a8000000)
  eden space 87424K, 100% used [0x00000007a0000000, 0x00000007a5560000, 0x00000007a5560000)
  from space 21824K,  13% used [0x00000007a5560000, 0x00000007a5827040, 0x00000007a6ab0000)
  to   space 21824K,   0% used [0x00000007a6ab0000, 0x00000007a6ab0000, 0x00000007a8000000)
 concurrent mark-sweep generation total 393216K, used 189139K [0x00000007a8000000, 0x00000007c0000000, 0x00000007c0000000)
 Metaspace       used 37773K, capacity 38296K, committed 38652K, reserved 1083392K
  class space    used 4091K, capacity 4272K, committed 4348K, reserved 1048576K
2017-06-12T13:57:18.268-0100: 66644.272: [GC (Allocation Failure) 2017-06-12T13:57:18.268-0100: 66644.272: [ParNew
Desired survivor size 20112992 bytes, new threshold 8 (max 8)
- age   1:    1312664 bytes,    1312664 total
- age   2:      75960 bytes,    1388624 total
- age   3:      25208 bytes,    1413832 total
- age   4:      36144 bytes,    1449976 total
- age   5:      51624 bytes,    1501600 total
- age   6:      44504 bytes,    1546104 total
- age   7:      29696 bytes,    1575800 total
- age   8:      28664 bytes,    1604464 total
: 90268K->2091K(109248K), 0.0032185 secs] 279407K->191265K(502464K), 0.0032830 secs] [Times: user=0.01 sys=0.00, real=0.01 secs] 
Heap after GC invocations=219 (full 6):
 par new generation   total 109248K, used 2091K [0x00000007a0000000, 0x00000007a8000000, 0x00000007a8000000)
  eden space 87424K,   0% used [0x00000007a0000000, 0x00000007a0000000, 0x00000007a5560000)
  from space 21824K,   9% used [0x00000007a6ab0000, 0x00000007a6cbacd0, 0x00000007a8000000)
  to   space 21824K,   0% used [0x00000007a5560000, 0x00000007a5560000, 0x00000007a6ab0000)
 concurrent mark-sweep generation total 393216K, used 189174K [0x00000007a8000000, 0x00000007c0000000, 0x00000007c0000000)
 Metaspace       used 37773K, capacity 38296K, committed 38652K, reserved 1083392K
  class space    used 4091K, capacity 4272K, committed 4348K, reserved 1048576K
}
2017-06-12T13:57:18.272-0100: 66644.275: Total time for which application threads were stopped: 0.0034732 seconds, Stopping threads took: 0.0000199 seconds
{Heap before GC invocations=219 (full 6):
 par new generation   total 109248K, used 89515K [0x00000007a0000000, 0x00000007a8000000, 0x00000007a8000000)
  eden space 87424K, 100% used [0x00000007a0000000, 0x00000007a5560000, 0x00000007a5560000)
  from space 21824K,   9% used [0x00000007a6ab0000, 0x00000007a6cbacd0, 0x00000007a8000000)
  to   space 21824K,   0% used [0x00000007a5560000, 0x00000007a5560000, 0x00000007a6ab0000)
 concurrent mark-sweep generation total 393216K, used 189174K [0x00000007a8000000, 0x00000007c0000000, 0x00000007c0000000)
 Metaspace       used 37773K, capacity 38296K, committed 38652K, reserved 1083392K
  class space    used 4091K, capacity 4272K, committed 4348K, reserved 1048576K
2017-06-12T13:57:18.976-0100: 66644.979: [GC (Allocation Failure) 2017-06-12T13:57:18.976-0100: 66644.979: [ParNew
Desired survivor size 20112992 bytes, new threshold 8 (max 8)
- age   1:    1223160 bytes,    1223160 total
- age   2:     193472 bytes,    1416632 total
- age   3:      73216 bytes,    1489848 total
- age   4:      24824 bytes,    1514672 total
- age   5:      35424 bytes,    1550096 total
- age   6:      31944 bytes,    1582040 total
- age   7:      44408 bytes,    1626448 total
- age   8:      29480 bytes,    1655928 total
: 89515K->2138K(109248K), 0.0044893 secs] 278689K->191341K(502464K), 0.0045757 secs] [Times: user=0.02 sys=0.00, real=0.01 secs] 
Heap after GC invocations=220 (full 6):
 par new generation   total 109248K, used 2138K [0x00000007a0000000, 0x00000007a8000000, 0x00000007a8000000)
  eden space 87424K,   0% used [0x00000007a0000000, 0x00000007a0000000, 0x00000007a5560000)
  from space 21824K,   9% used [0x00000007a5560000, 0x00000007a5776a90, 0x00000007a6ab0000)
  to   space 21824K,   0% used [0x00000007a6ab0000, 0x00000007a6ab0000, 0x00000007a8000000)
 concurrent mark-sweep generation total 393216K, used 189202K [0x00000007a8000000, 0x00000007c0000000, 0x00000007c0000000)
 Metaspace       used 37773K, capacity 38296K, committed 38652K, reserved 1083392K
  class space    used 4091K, capacity 4272K, committed 4348K, reserved 1048576K
}
2017-06-12T13:57:18.981-0100: 66644.984: Total time for which application threads were stopped: 0.0109312 seconds, Stopping threads took: 0.0000152 seconds
{Heap before GC invocations=220 (full 6):
 par new generation   total 109248K, used 89562K [0x00000007a0000000, 0x00000007a8000000, 0x00000007a8000000)
  eden space 87424K, 100% used [0x00000007a0000000, 0x00000007a5560000, 0x00000007a5560000)
  from space 21824K,   9% used [0x00000007a5560000, 0x00000007a5776a90, 0x00000007a6ab0000)
  to   space 21824K,   0% used [0x00000007a6ab0000, 0x00000007a6ab0000, 0x00000007a8000000)
 concurrent mark-sweep generation total 393216K, used 189202K [0x00000007a8000000, 0x00000007c0000000, 0x00000007c0000000)
 Metaspace       used 37773K, capacity 38296K, committed 38652K, reserved 1083392K
  class space    used 4091K, capacity 4272K, committed 4348K, reserved 1048576K
2017-06-12T13:57:19.805-0100: 66645.808: [GC (Allocation Failure) 2017-06-12T13:57:19.805-0100: 66645.808: [ParNew
Desired survivor size 20112992 bytes, new threshold 8 (max 8)
- age   1:    1389296 bytes,    1389296 total
- age   2:     152376 bytes,    1541672 total
- age   3:      52616 bytes,    1594288 total
- age   4:      41368 bytes,    1635656 total
- age   5:      24120 bytes,    1659776 total
- age   6:      35088 bytes,    1694864 total
- age   7:      29576 bytes,    1724440 total
- age   8:      44384 bytes,    1768824 total
: 89562K->2002K(109248K), 0.0036341 secs] 278765K->191234K(502464K), 0.0036897 secs] [Times: user=0.01 sys=0.00, real=0.00 secs] 
Heap after GC invocations=221 (full 6):
 par new generation   total 109248K, used 2002K [0x00000007a0000000, 0x00000007a8000000, 0x00000007a8000000)
  eden space 87424K,   0% used [0x00000007a0000000, 0x00000007a0000000, 0x00000007a5560000)
  from space 21824K,   9% used [0x00000007a6ab0000, 0x00000007a6ca4820, 0x00000007a8000000)
  to   space 21824K,   0% used [0x00000007a5560000, 0x00000007a5560000, 0x00000007a6ab0000)
 concurrent mark-sweep generation total 393216K, used 189232K [0x00000007a8000000, 0x00000007c0000000, 0x00000007c0000000)
 Metaspace       used 37773K, capacity 38296K, committed 38652K, reserved 1083392K
  class space    used 4091K, capacity 4272K, committed 4348K, reserved 1048576K
}
2017-06-12T13:57:19.809-0100: 66645.812: Total time for which application threads were stopped: 0.0038795 seconds, Stopping threads took: 0.0000217 seconds
{Heap before GC invocations=221 (full 6):
 par new generation   total 109248K, used 89426K [0x00000007a0000000, 0x00000007a8000000, 0x00000007a8000000)
  eden space 87424K, 100% used [0x00000007a0000000, 0x00000007a5560000, 0x00000007a5560000)
  from space 21824K,   9% used [0x00000007a6ab0000, 0x00000007a6ca4820, 0x00000007a8000000)
  to   space 21824K,   0% used [0x00000007a5560000, 0x00000007a5560000, 0x00000007a6ab0000)
 concurrent mark-sweep generation total 393216K, used 189232K [0x00000007a8000000, 0x00000007c0000000, 0x00000007c0000000)
 Metaspace       used 37773K, capacity 38296K, committed 38652K, reserved 1083392K
  class space    used 4091K, capacity 4272K, committed 4348K, reserved 1048576K
2017-06-12T13:57:20.716-0100: 66646.719: [GC (Allocation Failure) 2017-06-12T13:57:20.716-0100: 66646.719: [ParNew
Desired survivor size 20112992 bytes, new threshold 8 (max 8)
- age   1:    1306960 bytes,    1306960 total
- age   2:      96824 bytes,    1403784 total
- age   3:     101320 bytes,    1505104 total
- age   4:      49840 bytes,    1554944 total
- age   5:      40984 bytes,    1595928 total
- age   6:      23656 bytes,    1619584 total
- age   7:      34728 bytes,    1654312 total
- age   8:      29408 bytes,    1683720 total
: 89426K->2243K(109248K), 0.0029782 secs] 278658K->191520K(502464K), 0.0030324 secs] [Times: user=0.01 sys=0.00, real=0.00 secs] 
Heap after GC invocations=222 (full 6):
 par new generation   total 109248K, used 2243K [0x00000007a0000000, 0x00000007a8000000, 0x00000007a8000000)
  eden space 87424K,   0% used [0x00000007a0000000, 0x00000007a0000000, 0x00000007a5560000)
  from space 21824K,  10% used [0x00000007a5560000, 0x00000007a5790e80, 0x00000007a6ab0000)
  to   space 21824K,   0% used [0x00000007a6ab0000, 0x00000007a6ab0000, 0x00000007a8000000)
 concurrent mark-sweep generation total 393216K, used 189277K [0x00000007a8000000, 0x00000007c0000000, 0x00000007c0000000)
 Metaspace       used 37773K, capacity 38296K, committed 38652K, reserved 1083392K
  class space    used 4091K, capacity 4272K, committed 4348K, reserved 1048576K
}
2017-06-12T13:57:20.719-0100: 66646.722: Total time for which application threads were stopped: 0.0031796 seconds, Stopping threads took: 0.0000143 seconds
{Heap before GC invocations=222 (full 6):
 par new generation   total 109248K, used 89667K [0x00000007a0000000, 0x00000007a8000000, 0x00000007a8000000)
  eden space 87424K, 100% used [0x00000007a0000000, 0x00000007a5560000, 0x00000007a5560000)
  from space 21824K,  10% used [0x00000007a5560000, 0x00000007a5790e80, 0x00000007a6ab0000)
  to   space 21824K,   0% used [0x00000007a6ab0000, 0x00000007a6ab0000, 0x00000007a8000000)
 concurrent mark-sweep generation total 393216K, used 189277K [0x00000007a8000000, 0x00000007c0000000, 0x00000007c0000000)
 Metaspace       used 37773K, capacity 38296K, committed 38652K, reserved 1083392K
  class space    used 4091K, capacity 4272K, committed 4348K, reserved 1048576K
2017-06-12T13:57:21.649-0100: 66647.652: [GC (Allocation Failure) 2017-06-12T13:57:21.649-0100: 66647.652: [ParNew
Desired survivor size 20112992 bytes, new threshold 8 (max 8)
- age   1:    1371808 bytes,    1371808 total
- age   2:     148888 bytes,    1520696 total
- age   3:      37480 bytes,    1558176 total
- age   4:      76224 bytes,    1634400 total
- age   5:      47232 bytes,    1681632 total
- age   6:      40472 bytes,    1722104 total
- age   7:      23176 bytes,    1745280 total
- age   8:      34368 bytes,    1779648 total
: 89667K->2228K(109248K), 0.0029358 secs] 278944K->191535K(502464K), 0.0029778 secs] [Times: user=0.01 sys=0.00, real=0.01 secs] 
Heap after GC invocations=223 (full 6):
 par new generation   total 109248K, used 2228K [0x00000007a0000000, 0x00000007a8000000, 0x00000007a8000000)
  eden space 87424K,   0% used [0x00000007a0000000, 0x00000007a0000000, 0x00000007a5560000)
  from space 21824K,  10% used [0x00000007a6ab0000, 0x00000007a6cdd2c8, 0x00000007a8000000)
  to   space 21824K,   0% used [0x00000007a5560000, 0x00000007a5560000, 0x00000007a6ab0000)
 concurrent mark-sweep generation total 393216K, used 189306K [0x00000007a8000000, 0x00000007c0000000, 0x00000007c0000000)
 Metaspace       used 37773K, capacity 38296K, committed 38652K, reserved 1083392K
  class space    used 4091K, capacity 4272K, committed 4348K, reserved 1048576K
}
2017-06-12T13:57:21.652-0100: 66647.655: Total time for which application threads were stopped: 0.0031267 seconds, Stopping threads took: 0.0000158 seconds
{Heap before GC invocations=223 (full 6):
 par new generation   total 109248K, used 89652K [0x00000007a0000000, 0x00000007a8000000, 0x00000007a8000000)
  eden space 87424K, 100% used [0x00000007a0000000, 0x00000007a5560000, 0x00000007a5560000)
  from space 21824K,  10% used [0x00000007a6ab0000, 0x00000007a6cdd2c8, 0x00000007a8000000)
  to   space 21824K,   0% used [0x00000007a5560000, 0x00000007a5560000, 0x00000007a6ab0000)
 concurrent mark-sweep generation total 393216K, used 189306K [0x00000007a8000000, 0x00000007c0000000, 0x00000007c0000000)
 Metaspace       used 37773K, capacity 38296K, committed 38652K, reserved 1083392K
  class space    used 4091K, capacity 4272K, committed 4348K, reserved 1048576K
2017-06-12T13:57:22.467-0100: 66648.470: [GC (Allocation Failure) 2017-06-12T13:57:22.467-0100: 66648.470: [ParNew
Desired survivor size 20112992 bytes, new threshold 8 (max 8)
- age   1:    1453136 bytes,    1453136 total
- age   2:      75120 bytes,    1528256 total
- age   3:      50056 bytes,    1578312 total
- age   4:      37312 bytes,    1615624 total
- age   5:      48488 bytes,    1664112 total
- age   6:      46968 bytes,    1711080 total
- age   7:      40080 bytes,    1751160 total
- age   8:      22960 bytes,    1774120 total
: 89652K->2714K(109248K), 0.0030469 secs] 278959K->192055K(502464K), 0.0031040 secs] [Times: user=0.01 sys=0.00, real=0.01 secs] 
Heap after GC invocations=224 (full 6):
 par new generation   total 109248K, used 2714K [0x00000007a0000000, 0x00000007a8000000, 0x00000007a8000000)
  eden space 87424K,   0% used [0x00000007a0000000, 0x00000007a0000000, 0x00000007a5560000)
  from space 21824K,  12% used [0x00000007a5560000, 0x00000007a5806970, 0x00000007a6ab0000)
  to   space 21824K,   0% used [0x00000007a6ab0000, 0x00000007a6ab0000, 0x00000007a8000000)
 concurrent mark-sweep generation total 393216K, used 189340K [0x00000007a8000000, 0x00000007c0000000, 0x00000007c0000000)
 Metaspace       used 37773K, capacity 38296K, committed 38652K, reserved 1083392K
  class space    used 4091K, capacity 4272K, committed 4348K, reserved 1048576K
}
2017-06-12T13:57:22.470-0100: 66648.473: Total time for which application threads were stopped: 0.0032494 seconds, Stopping threads took: 0.0000148 seconds
{Heap before GC invocations=224 (full 6):
 par new generation   total 109248K, used 90138K [0x00000007a0000000, 0x00000007a8000000, 0x00000007a8000000)
  eden space 87424K, 100% used [0x00000007a0000000, 0x00000007a5560000, 0x00000007a5560000)
  from space 21824K,  12% used [0x00000007a5560000, 0x00000007a5806970, 0x00000007a6ab0000)
  to   space 21824K,   0% used [0x00000007a6ab0000, 0x00000007a6ab0000, 0x00000007a8000000)
 concurrent mark-sweep generation total 393216K, used 189340K [0x00000007a8000000, 0x00000007c0000000, 0x00000007c0000000)
 Metaspace       used 37773K, capacity 38296K, committed 38652K, reserved 1083392K
  class space    used 4091K, capacity 4272K, committed 4348K, reserved 1048576K
2017-06-12T13:57:23.233-0100: 66649.236: [GC (Allocation Failure) 2017-06-12T13:57:23.233-0100: 66649.236: [ParNew
Desired survivor size 20112992 bytes, new threshold 8 (max 8)
- age   1:    1333904 bytes,    1333904 total
- age   2:     140048 bytes,    1473952 total
- age   3:      48400 bytes,    1522352 total
- age   4:      49768 bytes,    1572120 total
- age   5:      37024 bytes,    1609144 total
- age   6:      48344 bytes,    1657488 total
- age   7:      46656 bytes,    1704144 total
- age   8:      39840 bytes,    1743984 total
: 90138K->2052K(109248K), 0.0030453 secs] 279479K->191415K(502464K), 0.0030949 secs] [Times: user=0.01 sys=0.00, real=0.00 secs] 
Heap after GC invocations=225 (full 6):
 par new generation   total 109248K, used 2052K [0x00000007a0000000, 0x00000007a8000000, 0x00000007a8000000)
  eden space 87424K,   0% used [0x00000007a0000000, 0x00000007a0000000, 0x00000007a5560000)
  from space 21824K,   9% used [0x00000007a6ab0000, 0x00000007a6cb10c0, 0x00000007a8000000)
  to   space 21824K,   0% used [0x00000007a5560000, 0x00000007a5560000, 0x00000007a6ab0000)
 concurrent mark-sweep generation total 393216K, used 189363K [0x00000007a8000000, 0x00000007c0000000, 0x00000007c0000000)
 Metaspace       used 37773K, capacity 38296K, committed 38652K, reserved 1083392K
  class space    used 4091K, capacity 4272K, committed 4348K, reserved 1048576K
}
2017-06-12T13:57:23.236-0100: 66649.239: Total time for which application threads were stopped: 0.0032591 seconds, Stopping threads took: 0.0000156 seconds
{Heap before GC invocations=225 (full 6):
 par new generation   total 109248K, used 89476K [0x00000007a0000000, 0x00000007a8000000, 0x00000007a8000000)
  eden space 87424K, 100% used [0x00000007a0000000, 0x00000007a5560000, 0x00000007a5560000)
  from space 21824K,   9% used [0x00000007a6ab0000, 0x00000007a6cb10c0, 0x00000007a8000000)
  to   space 21824K,   0% used [0x00000007a5560000, 0x00000007a5560000, 0x00000007a6ab0000)
 concurrent mark-sweep generation total 393216K, used 189363K [0x00000007a8000000, 0x00000007c0000000, 0x00000007c0000000)
 Metaspace       used 37773K, capacity 38296K, committed 38652K, reserved 1083392K
  class space    used 4091K, capacity 4272K, committed 4348K, reserved 1048576K
2017-06-12T13:57:24.042-0100: 66650.045: [GC (Allocation Failure) 2017-06-12T13:57:24.042-0100: 66650.046: [ParNew
Desired survivor size 20112992 bytes, new threshold 8 (max 8)
- age   1:    1316920 bytes,    1316920 total
- age   2:     121496 bytes,    1438416 total
- age   3:      38376 bytes,    1476792 total
- age   4:      48184 bytes,    1524976 total
- age   5:      49648 bytes,    1574624 total
- age   6:      36760 bytes,    1611384 total
- age   7:      48128 bytes,    1659512 total
- age   8:      46488 bytes,    1706000 total
: 89476K->2965K(109248K), 0.0030371 secs] 278839K->192367K(502464K), 0.0030928 secs] [Times: user=0.01 sys=0.00, real=0.00 secs] 
Heap after GC invocations=226 (full 6):
 par new generation   total 109248K, used 2965K [0x00000007a0000000, 0x00000007a8000000, 0x00000007a8000000)
  eden space 87424K,   0% used [0x00000007a0000000, 0x00000007a0000000, 0x00000007a5560000)
  from space 21824K,  13% used [0x00000007a5560000, 0x00000007a5845480, 0x00000007a6ab0000)
  to   space 21824K,   0% used [0x00000007a6ab0000, 0x00000007a6ab0000, 0x00000007a8000000)
 concurrent mark-sweep generation total 393216K, used 189402K [0x00000007a8000000, 0x00000007c0000000, 0x00000007c0000000)
 Metaspace       used 37773K, capacity 38296K, committed 38652K, reserved 1083392K
  class space    used 4091K, capacity 4272K, committed 4348K, reserved 1048576K
}
2017-06-12T13:57:24.045-0100: 66650.049: Total time for which application threads were stopped: 0.0032584 seconds, Stopping threads took: 0.0000162 seconds
{Heap before GC invocations=226 (full 6):
 par new generation   total 109248K, used 90389K [0x00000007a0000000, 0x00000007a8000000, 0x00000007a8000000)
  eden space 87424K, 100% used [0x00000007a0000000, 0x00000007a5560000, 0x00000007a5560000)
  from space 21824K,  13% used [0x00000007a5560000, 0x00000007a5845480, 0x00000007a6ab0000)
  to   space 21824K,   0% used [0x00000007a6ab0000, 0x00000007a6ab0000, 0x00000007a8000000)
 concurrent mark-sweep generation total 393216K, used 189402K [0x00000007a8000000, 0x00000007c0000000, 0x00000007c0000000)
 Metaspace       used 37773K, capacity 38296K, committed 38652K, reserved 1083392K
  class space    used 4091K, capacity 4272K, committed 4348K, reserved 1048576K
2017-06-12T13:57:24.856-0100: 66650.859: [GC (Allocation Failure) 2017-06-12T13:57:24.856-0100: 66650.859: [ParNew
Desired survivor size 20112992 bytes, new threshold 8 (max 8)
- age   1:    1320696 bytes,    1320696 total
- age   2:     152040 bytes,    1472736 total
- age   3:      38488 bytes,    1511224 total
- age   4:      38232 bytes,    1549456 total
- age   5:      48040 bytes,    1597496 total
- age   6:      49552 bytes,    1647048 total
- age   7:      36584 bytes,    1683632 total
- age   8:      47984 bytes,    1731616 total
: 90389K->1967K(109248K), 0.0029684 secs] 279791K->191416K(502464K), 0.0030119 secs] [Times: user=0.01 sys=0.00, real=0.00 secs] 
Heap after GC invocations=227 (full 6):
 par new generation   total 109248K, used 1967K [0x00000007a0000000, 0x00000007a8000000, 0x00000007a8000000)
  eden space 87424K,   0% used [0x00000007a0000000, 0x00000007a0000000, 0x00000007a5560000)
  from space 21824K,   9% used [0x00000007a6ab0000, 0x00000007a6c9bf40, 0x00000007a8000000)
  to   space 21824K,   0% used [0x00000007a5560000, 0x00000007a5560000, 0x00000007a6ab0000)
 concurrent mark-sweep generation total 393216K, used 189448K [0x00000007a8000000, 0x00000007c0000000, 0x00000007c0000000)
 Metaspace       used 37773K, capacity 38296K, committed 38652K, reserved 1083392K
  class space    used 4091K, capacity 4272K, committed 4348K, reserved 1048576K
}
2017-06-12T13:57:24.859-0100: 66650.862: Total time for which application threads were stopped: 0.0031773 seconds, Stopping threads took: 0.0000132 seconds
{Heap before GC invocations=227 (full 6):
 par new generation   total 109248K, used 89391K [0x00000007a0000000, 0x00000007a8000000, 0x00000007a8000000)
  eden space 87424K, 100% used [0x00000007a0000000, 0x00000007a5560000, 0x00000007a5560000)
  from space 21824K,   9% used [0x00000007a6ab0000, 0x00000007a6c9bf40, 0x00000007a8000000)
  to   space 21824K,   0% used [0x00000007a5560000, 0x00000007a5560000, 0x00000007a6ab0000)
 concurrent mark-sweep generation total 393216K, used 189448K [0x00000007a8000000, 0x00000007c0000000, 0x00000007c0000000)
 Metaspace       used 37773K, capacity 38296K, committed 38652K, reserved 1083392K
  class space    used 4091K, capacity 4272K, committed 4348K, reserved 1048576K
2017-06-12T13:57:25.837-0100: 66651.841: [GC (Allocation Failure) 2017-06-12T13:57:25.839-0100: 66651.843: [ParNew
Desired survivor size 20112992 bytes, new threshold 8 (max 8)
- age   1:    1412456 bytes,    1412456 total
- age   2:     114952 bytes,    1527408 total
- age   3:      38736 bytes,    1566144 total
- age   4:      36016 bytes,    1602160 total
- age   5:      38088 bytes,    1640248 total
- age   6:      47848 bytes,    1688096 total
- age   7:      49504 bytes,    1737600 total
- age   8:      36416 bytes,    1774016 total
: 89391K->2563K(109248K), 0.0036187 secs] 278840K->192060K(502464K), 0.0055265 secs] [Times: user=0.01 sys=0.01, real=0.01 secs] 
Heap after GC invocations=228 (full 6):
 par new generation   total 109248K, used 2563K [0x00000007a0000000, 0x00000007a8000000, 0x00000007a8000000)
  eden space 87424K,   0% used [0x00000007a0000000, 0x00000007a0000000, 0x00000007a5560000)
  from space 21824K,  11% used [0x00000007a5560000, 0x00000007a57e0f38, 0x00000007a6ab0000)
  to   space 21824K,   0% used [0x00000007a6ab0000, 0x00000007a6ab0000, 0x00000007a8000000)
 concurrent mark-sweep generation total 393216K, used 189496K [0x00000007a8000000, 0x00000007c0000000, 0x00000007c0000000)
 Metaspace       used 37773K, capacity 38296K, committed 38652K, reserved 1083392K
  class space    used 4091K, capacity 4272K, committed 4348K, reserved 1048576K
}
2017-06-12T13:57:25.843-0100: 66651.846: Total time for which application threads were stopped: 0.0057067 seconds, Stopping threads took: 0.0000160 seconds
{Heap before GC invocations=228 (full 6):
 par new generation   total 109248K, used 89987K [0x00000007a0000000, 0x00000007a8000000, 0x00000007a8000000)
  eden space 87424K, 100% used [0x00000007a0000000, 0x00000007a5560000, 0x00000007a5560000)
  from space 21824K,  11% used [0x00000007a5560000, 0x00000007a57e0f38, 0x00000007a6ab0000)
  to   space 21824K,   0% used [0x00000007a6ab0000, 0x00000007a6ab0000, 0x00000007a8000000)
 concurrent mark-sweep generation total 393216K, used 189496K [0x00000007a8000000, 0x00000007c0000000, 0x00000007c0000000)
 Metaspace       used 37773K, capacity 38296K, committed 38652K, reserved 1083392K
  class space    used 4091K, capacity 4272K, committed 4348K, reserved 1048576K
2017-06-12T13:57:49.660-0100: 66675.663: [GC (Allocation Failure) 2017-06-12T13:57:49.660-0100: 66675.663: [ParNew
Desired survivor size 20112992 bytes, new threshold 8 (max 8)
- age   1:    1259776 bytes,    1259776 total
- age   2:     118232 bytes,    1378008 total
- age   3:      49712 bytes,    1427720 total
- age   4:      32928 bytes,    1460648 total
- age   5:      35776 bytes,    1496424 total
- age   6:      37944 bytes,    1534368 total
- age   7:      47536 bytes,    1581904 total
- age   8:      49288 bytes,    1631192 total
: 89987K->2031K(109248K), 0.0033997 secs] 279484K->191564K(502464K), 0.0034510 secs] [Times: user=0.01 sys=0.00, real=0.00 secs] 
Heap after GC invocations=229 (full 6):
 par new generation   total 109248K, used 2031K [0x00000007a0000000, 0x00000007a8000000, 0x00000007a8000000)
  eden space 87424K,   0% used [0x00000007a0000000, 0x00000007a0000000, 0x00000007a5560000)
  from space 21824K,   9% used [0x00000007a6ab0000, 0x00000007a6cabf80, 0x00000007a8000000)
  to   space 21824K,   0% used [0x00000007a5560000, 0x00000007a5560000, 0x00000007a6ab0000)
 concurrent mark-sweep generation total 393216K, used 189532K [0x00000007a8000000, 0x00000007c0000000, 0x00000007c0000000)
 Metaspace       used 37773K, capacity 38296K, committed 38652K, reserved 1083392K
  class space    used 4091K, capacity 4272K, committed 4348K, reserved 1048576K
}
2017-06-12T13:57:49.663-0100: 66675.666: Total time for which application threads were stopped: 0.0042679 seconds, Stopping threads took: 0.0000157 seconds
2017-06-12T13:57:50.450-0100: 66676.453: Total time for which application threads were stopped: 0.0004671 seconds, Stopping threads took: 0.0000153 seconds
{Heap before GC invocations=229 (full 6):
 par new generation   total 109248K, used 89455K [0x00000007a0000000, 0x00000007a8000000, 0x00000007a8000000)
  eden space 87424K, 100% used [0x00000007a0000000, 0x00000007a5560000, 0x00000007a5560000)
  from space 21824K,   9% used [0x00000007a6ab0000, 0x00000007a6cabf80, 0x00000007a8000000)
  to   space 21824K,   0% used [0x00000007a5560000, 0x00000007a5560000, 0x00000007a6ab0000)
 concurrent mark-sweep generation total 393216K, used 189532K [0x00000007a8000000, 0x00000007c0000000, 0x00000007c0000000)
 Metaspace       used 37773K, capacity 38296K, committed 38652K, reserved 1083392K
  class space    used 4091K, capacity 4272K, committed 4348K, reserved 1048576K
2017-06-12T13:57:50.472-0100: 66676.475: [GC (Allocation Failure) 2017-06-12T13:57:50.472-0100: 66676.475: [ParNew
Desired survivor size 20112992 bytes, new threshold 8 (max 8)
- age   1:    1341064 bytes,    1341064 total
- age   2:      78168 bytes,    1419232 total
- age   3:      41904 bytes,    1461136 total
- age   4:      42904 bytes,    1504040 total
- age   5:      32680 bytes,    1536720 total
- age   6:      35608 bytes,    1572328 total
- age   7:      37800 bytes,    1610128 total
- age   8:      45144 bytes,    1655272 total
: 89455K->2173K(109248K), 0.0031033 secs] 278988K->191755K(502464K), 0.0031500 secs] [Times: user=0.01 sys=0.00, real=0.00 secs] 
Heap after GC invocations=230 (full 6):
 par new generation   total 109248K, used 2173K [0x00000007a0000000, 0x00000007a8000000, 0x00000007a8000000)
  eden space 87424K,   0% used [0x00000007a0000000, 0x00000007a0000000, 0x00000007a5560000)
  from space 21824K,   9% used [0x00000007a5560000, 0x00000007a577f420, 0x00000007a6ab0000)
  to   space 21824K,   0% used [0x00000007a6ab0000, 0x00000007a6ab0000, 0x00000007a8000000)
 concurrent mark-sweep generation total 393216K, used 189582K [0x00000007a8000000, 0x00000007c0000000, 0x00000007c0000000)
 Metaspace       used 37773K, capacity 38296K, committed 38652K, reserved 1083392K
  class space    used 4091K, capacity 4272K, committed 4348K, reserved 1048576K
}
2017-06-12T13:57:50.475-0100: 66676.478: Total time for which application threads were stopped: 0.0033028 seconds, Stopping threads took: 0.0000157 seconds
{Heap before GC invocations=230 (full 6):
 par new generation   total 109248K, used 89597K [0x00000007a0000000, 0x00000007a8000000, 0x00000007a8000000)
  eden space 87424K, 100% used [0x00000007a0000000, 0x00000007a5560000, 0x00000007a5560000)
  from space 21824K,   9% used [0x00000007a5560000, 0x00000007a577f420, 0x00000007a6ab0000)
  to   space 21824K,   0% used [0x00000007a6ab0000, 0x00000007a6ab0000, 0x00000007a8000000)
 concurrent mark-sweep generation total 393216K, used 189582K [0x00000007a8000000, 0x00000007c0000000, 0x00000007c0000000)
 Metaspace       used 37773K, capacity 38296K, committed 38652K, reserved 1083392K
  class space    used 4091K, capacity 4272K, committed 4348K, reserved 1048576K
2017-06-12T13:57:51.295-0100: 66677.298: [GC (Allocation Failure) 2017-06-12T13:57:51.295-0100: 66677.298: [ParNew
Desired survivor size 20112992 bytes, new threshold 8 (max 8)
- age   1:    1290824 bytes,    1290824 total
- age   2:     114320 bytes,    1405144 total
- age   3:      45528 bytes,    1450672 total
- age   4:      37264 bytes,    1487936 total
- age   5:      42784 bytes,    1530720 total
- age   6:      32536 bytes,    1563256 total
- age   7:      35464 bytes,    1598720 total
- age   8:      37728 bytes,    1636448 total
: 89597K->2178K(109248K), 0.0035366 secs] 279179K->191806K(502464K), 0.0036126 secs] [Times: user=0.01 sys=0.00, real=0.00 secs] 
Heap after GC invocations=231 (full 6):
 par new generation   total 109248K, used 2178K [0x00000007a0000000, 0x00000007a8000000, 0x00000007a8000000)
  eden space 87424K,   0% used [0x00000007a0000000, 0x00000007a0000000, 0x00000007a5560000)
  from space 21824K,   9% used [0x00000007a6ab0000, 0x00000007a6cd0b18, 0x00000007a8000000)
  to   space 21824K,   0% used [0x00000007a5560000, 0x00000007a5560000, 0x00000007a6ab0000)
 concurrent mark-sweep generation total 393216K, used 189627K [0x00000007a8000000, 0x00000007c0000000, 0x00000007c0000000)
 Metaspace       used 37773K, capacity 38296K, committed 38652K, reserved 1083392K
  class space    used 4091K, capacity 4272K, committed 4348K, reserved 1048576K
}
2017-06-12T13:57:51.298-0100: 66677.301: Total time for which application threads were stopped: 0.0037822 seconds, Stopping threads took: 0.0000163 seconds
{Heap before GC invocations=231 (full 6):
 par new generation   total 109248K, used 89602K [0x00000007a0000000, 0x00000007a8000000, 0x00000007a8000000)
  eden space 87424K, 100% used [0x00000007a0000000, 0x00000007a5560000, 0x00000007a5560000)
  from space 21824K,   9% used [0x00000007a6ab0000, 0x00000007a6cd0b18, 0x00000007a8000000)
  to   space 21824K,   0% used [0x00000007a5560000, 0x00000007a5560000, 0x00000007a6ab0000)
 concurrent mark-sweep generation total 393216K, used 189627K [0x00000007a8000000, 0x00000007c0000000, 0x00000007c0000000)
 Metaspace       used 37773K, capacity 38296K, committed 38652K, reserved 1083392K
  class space    used 4091K, capacity 4272K, committed 4348K, reserved 1048576K
2017-06-12T13:57:52.255-0100: 66678.258: [GC (Allocation Failure) 2017-06-12T13:57:52.255-0100: 66678.258: [ParNew
Desired survivor size 20112992 bytes, new threshold 8 (max 8)
- age   1:    1273608 bytes,    1273608 total
- age   2:      67056 bytes,    1340664 total
- age   3:      85688 bytes,    1426352 total
- age   4:      45408 bytes,    1471760 total
- age   5:      37088 bytes,    1508848 total
- age   6:      42712 bytes,    1551560 total
- age   7:      32392 bytes,    1583952 total
- age   8:      35152 bytes,    1619104 total
: 89602K->1893K(109248K), 0.0028449 secs] 279230K->191558K(502464K), 0.0028937 secs] [Times: user=0.00 sys=0.00, real=0.00 secs] 
Heap after GC invocations=232 (full 6):
 par new generation   total 109248K, used 1893K [0x00000007a0000000, 0x00000007a8000000, 0x00000007a8000000)
  eden space 87424K,   0% used [0x00000007a0000000, 0x00000007a0000000, 0x00000007a5560000)
  from space 21824K,   8% used [0x00000007a5560000, 0x00000007a5739460, 0x00000007a6ab0000)
  to   space 21824K,   0% used [0x00000007a6ab0000, 0x00000007a6ab0000, 0x00000007a8000000)
 concurrent mark-sweep generation total 393216K, used 189665K [0x00000007a8000000, 0x00000007c0000000, 0x00000007c0000000)
 Metaspace       used 37773K, capacity 38296K, committed 38652K, reserved 1083392K
  class space    used 4091K, capacity 4272K, committed 4348K, reserved 1048576K
}
2017-06-12T13:57:52.258-0100: 66678.261: Total time for which application threads were stopped: 0.0030520 seconds, Stopping threads took: 0.0000161 seconds
{Heap before GC invocations=232 (full 6):
 par new generation   total 109248K, used 89317K [0x00000007a0000000, 0x00000007a8000000, 0x00000007a8000000)
  eden space 87424K, 100% used [0x00000007a0000000, 0x00000007a5560000, 0x00000007a5560000)
  from space 21824K,   8% used [0x00000007a5560000, 0x00000007a5739460, 0x00000007a6ab0000)
  to   space 21824K,   0% used [0x00000007a6ab0000, 0x00000007a6ab0000, 0x00000007a8000000)
 concurrent mark-sweep generation total 393216K, used 189665K [0x00000007a8000000, 0x00000007c0000000, 0x00000007c0000000)
 Metaspace       used 37773K, capacity 38296K, committed 38652K, reserved 1083392K
  class space    used 4091K, capacity 4272K, committed 4348K, reserved 1048576K
2017-06-12T13:57:53.125-0100: 66679.128: [GC (Allocation Failure) 2017-06-12T13:57:53.125-0100: 66679.128: [ParNew
Desired survivor size 20112992 bytes, new threshold 8 (max 8)
- age   1:    1338472 bytes,    1338472 total
- age   2:      32728 bytes,    1371200 total
- age   3:      64664 bytes,    1435864 total
- age   4:      63064 bytes,    1498928 total
- age   5:      45120 bytes,    1544048 total
- age   6:      36968 bytes,    1581016 total
- age   7:      42664 bytes,    1623680 total
- age   8:      32320 bytes,    1656000 total
: 89317K->2443K(109248K), 0.0031864 secs] 278982K->192144K(502464K), 0.0032437 secs] [Times: user=0.01 sys=0.01, real=0.00 secs] 
Heap after GC invocations=233 (full 6):
 par new generation   total 109248K, used 2443K [0x00000007a0000000, 0x00000007a8000000, 0x00000007a8000000)
  eden space 87424K,   0% used [0x00000007a0000000, 0x00000007a0000000, 0x00000007a5560000)
  from space 21824K,  11% used [0x00000007a6ab0000, 0x00000007a6d12d88, 0x00000007a8000000)
  to   space 21824K,   0% used [0x00000007a5560000, 0x00000007a5560000, 0x00000007a6ab0000)
 concurrent mark-sweep generation total 393216K, used 189700K [0x00000007a8000000, 0x00000007c0000000, 0x00000007c0000000)
 Metaspace       used 37773K, capacity 38296K, committed 38652K, reserved 1083392K
  class space    used 4091K, capacity 4272K, committed 4348K, reserved 1048576K
}
2017-06-12T13:57:53.128-0100: 66679.131: Total time for which application threads were stopped: 0.0033964 seconds, Stopping threads took: 0.0000153 seconds
2017-06-12T14:02:33.646-0100: 66959.646: Total time for which application threads were stopped: 0.0001209 seconds, Stopping threads took: 0.0000263 seconds
2017-06-12T14:05:31.561-0100: 67137.560: Total time for which application threads were stopped: 0.0010515 seconds, Stopping threads took: 0.0000175 seconds
2017-06-12T14:05:31.583-0100: 67137.582: Total time for which application threads were stopped: 0.0010558 seconds, Stopping threads took: 0.0000298 seconds
2017-06-12T14:05:31.660-0100: 67137.659: Total time for which application threads were stopped: 0.0010423 seconds, Stopping threads took: 0.0000218 seconds
2017-06-12T14:05:32.665-0100: 67138.664: Total time for which application threads were stopped: 0.0002033 seconds, Stopping threads took: 0.0000359 seconds
2017-06-12T14:05:54.711-0100: 67160.710: Total time for which application threads were stopped: 0.0000955 seconds, Stopping threads took: 0.0000211 seconds
2017-06-12T14:06:06.721-0100: 67172.720: Total time for which application threads were stopped: 0.0001910 seconds, Stopping threads took: 0.0000523 seconds
2017-06-12T14:06:59.868-0100: 67225.866: Total time for which application threads were stopped: 0.0001494 seconds, Stopping threads took: 0.0000326 seconds
2017-06-12T14:07:25.919-0100: 67251.918: Total time for which application threads were stopped: 0.0001596 seconds, Stopping threads took: 0.0000330 seconds
2017-06-12T14:07:36.942-0100: 67262.940: Total time for which application threads were stopped: 0.0001546 seconds, Stopping threads took: 0.0000323 seconds
{Heap before GC invocations=233 (full 6):
 par new generation   total 109248K, used 89867K [0x00000007a0000000, 0x00000007a8000000, 0x00000007a8000000)
  eden space 87424K, 100% used [0x00000007a0000000, 0x00000007a5560000, 0x00000007a5560000)
  from space 21824K,  11% used [0x00000007a6ab0000, 0x00000007a6d12d88, 0x00000007a8000000)
  to   space 21824K,   0% used [0x00000007a5560000, 0x00000007a5560000, 0x00000007a6ab0000)
 concurrent mark-sweep generation total 393216K, used 189700K [0x00000007a8000000, 0x00000007c0000000, 0x00000007c0000000)
 Metaspace       used 38141K, capacity 38722K, committed 39292K, reserved 1083392K
  class space    used 4141K, capacity 4309K, committed 4476K, reserved 1048576K
2017-06-12T14:07:56.290-0100: 67282.288: [GC (Allocation Failure) 2017-06-12T14:07:56.295-0100: 67282.294: [ParNew
Desired survivor size 20112992 bytes, new threshold 8 (max 8)
- age   1:    1627808 bytes,    1627808 total
- age   2:      30048 bytes,    1657856 total
- age   3:      10864 bytes,    1668720 total
- age   4:      64520 bytes,    1733240 total
- age   5:      62920 bytes,    1796160 total
- age   6:      44784 bytes,    1840944 total
- age   7:      36848 bytes,    1877792 total
- age   8:      42616 bytes,    1920408 total
: 89867K->2260K(109248K), 0.0037896 secs] 279568K->191993K(502464K), 0.0095798 secs] [Times: user=0.01 sys=0.00, real=0.00 secs] 
Heap after GC invocations=234 (full 6):
 par new generation   total 109248K, used 2260K [0x00000007a0000000, 0x00000007a8000000, 0x00000007a8000000)
  eden space 87424K,   0% used [0x00000007a0000000, 0x00000007a0000000, 0x00000007a5560000)
  from space 21824K,  10% used [0x00000007a5560000, 0x00000007a5795020, 0x00000007a6ab0000)
  to   space 21824K,   0% used [0x00000007a6ab0000, 0x00000007a6ab0000, 0x00000007a8000000)
 concurrent mark-sweep generation total 393216K, used 189733K [0x00000007a8000000, 0x00000007c0000000, 0x00000007c0000000)
 Metaspace       used 38141K, capacity 38722K, committed 39292K, reserved 1083392K
  class space    used 4141K, capacity 4309K, committed 4476K, reserved 1048576K
}
2017-06-12T14:07:56.299-0100: 67282.297: Total time for which application threads were stopped: 0.0097487 seconds, Stopping threads took: 0.0000205 seconds
2017-06-12T14:08:27.371-0100: 67313.369: Total time for which application threads were stopped: 0.0001513 seconds, Stopping threads took: 0.0000332 seconds
2017-06-12T14:09:23.302-0100: 67369.300: Total time for which application threads were stopped: 0.0001520 seconds, Stopping threads took: 0.0000446 seconds
2017-06-12T14:09:23.302-0100: 67369.300: Total time for which application threads were stopped: 0.0000686 seconds, Stopping threads took: 0.0000202 seconds
2017-06-12T14:09:23.311-0100: 67369.309: Total time for which application threads were stopped: 0.0001173 seconds, Stopping threads took: 0.0000308 seconds
2017-06-12T14:09:23.311-0100: 67369.309: Total time for which application threads were stopped: 0.0000576 seconds, Stopping threads took: 0.0000094 seconds
2017-06-12T14:09:36.416-0100: 67382.413: Total time for which application threads were stopped: 0.0001397 seconds, Stopping threads took: 0.0000229 seconds
2017-06-12T14:09:36.416-0100: 67382.413: Total time for which application threads were stopped: 0.0000829 seconds, Stopping threads took: 0.0000129 seconds
2017-06-12T14:09:36.425-0100: 67382.422: Total time for which application threads were stopped: 0.0000938 seconds, Stopping threads took: 0.0000185 seconds
2017-06-12T14:09:36.425-0100: 67382.422: Total time for which application threads were stopped: 0.0000684 seconds, Stopping threads took: 0.0000108 seconds
2017-06-12T14:09:37.427-0100: 67383.425: Total time for which application threads were stopped: 0.0001594 seconds, Stopping threads took: 0.0000351 seconds
2017-06-12T14:10:36.426-0100: 67442.423: Total time for which application threads were stopped: 0.0001254 seconds, Stopping threads took: 0.0000258 seconds
2017-06-12T14:14:00.861-0100: 67646.856: Total time for which application threads were stopped: 0.0001759 seconds, Stopping threads took: 0.0000506 seconds
2017-06-12T14:14:00.861-0100: 67646.856: Total time for which application threads were stopped: 0.0001287 seconds, Stopping threads took: 0.0000110 seconds
2017-06-12T14:14:00.871-0100: 67646.866: Total time for which application threads were stopped: 0.0001002 seconds, Stopping threads took: 0.0000183 seconds
2017-06-12T14:14:00.871-0100: 67646.866: Total time for which application threads were stopped: 0.0000547 seconds, Stopping threads took: 0.0000097 seconds
2017-06-12T14:14:00.896-0100: 67646.891: Total time for which application threads were stopped: 0.0001864 seconds, Stopping threads took: 0.0000410 seconds
2017-06-12T14:14:00.896-0100: 67646.891: Total time for which application threads were stopped: 0.0001005 seconds, Stopping threads took: 0.0000114 seconds
2017-06-12T14:14:00.905-0100: 67646.900: Total time for which application threads were stopped: 0.0000963 seconds, Stopping threads took: 0.0000190 seconds
2017-06-12T14:14:00.905-0100: 67646.900: Total time for which application threads were stopped: 0.0000517 seconds, Stopping threads took: 0.0000089 seconds
2017-06-12T14:14:02.067-0100: 67648.062: Total time for which application threads were stopped: 0.0001527 seconds, Stopping threads took: 0.0000314 seconds
2017-06-12T14:14:02.067-0100: 67648.062: Total time for which application threads were stopped: 0.0000807 seconds, Stopping threads took: 0.0000093 seconds
2017-06-12T14:14:02.075-0100: 67648.070: Total time for which application threads were stopped: 0.0001201 seconds, Stopping threads took: 0.0000233 seconds
2017-06-12T14:14:02.075-0100: 67648.070: Total time for which application threads were stopped: 0.0000662 seconds, Stopping threads took: 0.0000112 seconds
2017-06-12T14:14:02.756-0100: 67648.751: Total time for which application threads were stopped: 0.0001856 seconds, Stopping threads took: 0.0000342 seconds
{Heap before GC invocations=234 (full 6):
 par new generation   total 109248K, used 89684K [0x00000007a0000000, 0x00000007a8000000, 0x00000007a8000000)
  eden space 87424K, 100% used [0x00000007a0000000, 0x00000007a5560000, 0x00000007a5560000)
  from space 21824K,  10% used [0x00000007a5560000, 0x00000007a5795020, 0x00000007a6ab0000)
  to   space 21824K,   0% used [0x00000007a6ab0000, 0x00000007a6ab0000, 0x00000007a8000000)
 concurrent mark-sweep generation total 393216K, used 189733K [0x00000007a8000000, 0x00000007c0000000, 0x00000007c0000000)
 Metaspace       used 38167K, capacity 38722K, committed 39292K, reserved 1083392K
  class space    used 4141K, capacity 4309K, committed 4476K, reserved 1048576K
2017-06-12T14:14:02.802-0100: 67648.798: [GC (Allocation Failure) 2017-06-12T14:14:02.802-0100: 67648.798: [ParNew
Desired survivor size 20112992 bytes, new threshold 8 (max 8)
- age   1:    1894784 bytes,    1894784 total
- age   2:    1366624 bytes,    3261408 total
- age   3:      30048 bytes,    3291456 total
- age   4:      10864 bytes,    3302320 total
- age   5:      64520 bytes,    3366840 total
- age   6:      62920 bytes,    3429760 total
- age   7:      44760 bytes,    3474520 total
- age   8:      36848 bytes,    3511368 total
: 89684K->3987K(109248K), 0.0041095 secs] 279417K->193763K(502464K), 0.0041704 secs] [Times: user=0.03 sys=0.00, real=0.00 secs] 
Heap after GC invocations=235 (full 6):
 par new generation   total 109248K, used 3987K [0x00000007a0000000, 0x00000007a8000000, 0x00000007a8000000)
  eden space 87424K,   0% used [0x00000007a0000000, 0x00000007a0000000, 0x00000007a5560000)
  from space 21824K,  18% used [0x00000007a6ab0000, 0x00000007a6e94c70, 0x00000007a8000000)
  to   space 21824K,   0% used [0x00000007a5560000, 0x00000007a5560000, 0x00000007a6ab0000)
 concurrent mark-sweep generation total 393216K, used 189776K [0x00000007a8000000, 0x00000007c0000000, 0x00000007c0000000)
 Metaspace       used 38167K, capacity 38722K, committed 39292K, reserved 1083392K
  class space    used 4141K, capacity 4309K, committed 4476K, reserved 1048576K
}
2017-06-12T14:14:02.806-0100: 67648.802: Total time for which application threads were stopped: 0.0043921 seconds, Stopping threads took: 0.0000191 seconds
2017-06-12T14:14:02.808-0100: 67648.804: Total time for which application threads were stopped: 0.0016550 seconds, Stopping threads took: 0.0000208 seconds
{Heap before GC invocations=235 (full 6):
 par new generation   total 109248K, used 91403K [0x00000007a0000000, 0x00000007a8000000, 0x00000007a8000000)
  eden space 87424K,  99% used [0x00000007a0000000, 0x00000007a555e1a0, 0x00000007a5560000)
  from space 21824K,  18% used [0x00000007a6ab0000, 0x00000007a6e94c70, 0x00000007a8000000)
  to   space 21824K,   0% used [0x00000007a5560000, 0x00000007a5560000, 0x00000007a6ab0000)
 concurrent mark-sweep generation total 393216K, used 189776K [0x00000007a8000000, 0x00000007c0000000, 0x00000007c0000000)
 Metaspace       used 38185K, capacity 38746K, committed 39292K, reserved 1083392K
  class space    used 4144K, capacity 4313K, committed 4476K, reserved 1048576K
2017-06-12T14:14:02.850-0100: 67648.845: [GC (Allocation Failure) 2017-06-12T14:14:02.850-0100: 67648.845: [ParNew
Desired survivor size 20112992 bytes, new threshold 8 (max 8)
- age   1:     303440 bytes,     303440 total
- age   2:    1514112 bytes,    1817552 total
- age   3:    1366656 bytes,    3184208 total
- age   4:      30048 bytes,    3214256 total
- age   5:      10864 bytes,    3225120 total
- age   6:      64520 bytes,    3289640 total
- age   7:      62920 bytes,    3352560 total
- age   8:      44760 bytes,    3397320 total
: 91403K->5198K(109248K), 0.0034500 secs] 281179K->195011K(502464K), 0.0035097 secs] [Times: user=0.01 sys=0.00, real=0.00 secs] 
Heap after GC invocations=236 (full 6):
 par new generation   total 109248K, used 5198K [0x00000007a0000000, 0x00000007a8000000, 0x00000007a8000000)
  eden space 87424K,   0% used [0x00000007a0000000, 0x00000007a0000000, 0x00000007a5560000)
  from space 21824K,  23% used [0x00000007a5560000, 0x00000007a5a739b8, 0x00000007a6ab0000)
  to   space 21824K,   0% used [0x00000007a6ab0000, 0x00000007a6ab0000, 0x00000007a8000000)
 concurrent mark-sweep generation total 393216K, used 189813K [0x00000007a8000000, 0x00000007c0000000, 0x00000007c0000000)
 Metaspace       used 38185K, capacity 38746K, committed 39292K, reserved 1083392K
  class space    used 4144K, capacity 4313K, committed 4476K, reserved 1048576K
}
2017-06-12T14:14:02.853-0100: 67648.848: Total time for which application threads were stopped: 0.0036616 seconds, Stopping threads took: 0.0000162 seconds
2017-06-12T14:14:02.853-0100: 67648.849: Total time for which application threads were stopped: 0.0001490 seconds, Stopping threads took: 0.0000537 seconds
{Heap before GC invocations=236 (full 6):
 par new generation   total 109248K, used 92622K [0x00000007a0000000, 0x00000007a8000000, 0x00000007a8000000)
  eden space 87424K, 100% used [0x00000007a0000000, 0x00000007a5560000, 0x00000007a5560000)
  from space 21824K,  23% used [0x00000007a5560000, 0x00000007a5a739b8, 0x00000007a6ab0000)
  to   space 21824K,   0% used [0x00000007a6ab0000, 0x00000007a6ab0000, 0x00000007a8000000)
 concurrent mark-sweep generation total 393216K, used 189813K [0x00000007a8000000, 0x00000007c0000000, 0x00000007c0000000)
 Metaspace       used 38190K, capacity 38746K, committed 39292K, reserved 1083392K
  class space    used 4144K, capacity 4313K, committed 4476K, reserved 1048576K
2017-06-12T14:14:02.968-0100: 67648.963: [GC (Allocation Failure) 2017-06-12T14:14:02.968-0100: 67648.963: [ParNew
Desired survivor size 20112992 bytes, new threshold 8 (max 8)
- age   1:    1111512 bytes,    1111512 total
- age   2:     132320 bytes,    1243832 total
- age   3:    1503056 bytes,    2746888 total
- age   4:    1366624 bytes,    4113512 total
- age   5:      30048 bytes,    4143560 total
- age   6:      10864 bytes,    4154424 total
- age   7:      64520 bytes,    4218944 total
- age   8:      62920 bytes,    4281864 total
: 92622K->4716K(109248K), 0.0046452 secs] 282435K->194574K(502464K), 0.0046911 secs] [Times: user=0.02 sys=0.00, real=0.01 secs] 
Heap after GC invocations=237 (full 6):
 par new generation   total 109248K, used 4716K [0x00000007a0000000, 0x00000007a8000000, 0x00000007a8000000)
  eden space 87424K,   0% used [0x00000007a0000000, 0x00000007a0000000, 0x00000007a5560000)
  from space 21824K,  21% used [0x00000007a6ab0000, 0x00000007a6f4b0c0, 0x00000007a8000000)
  to   space 21824K,   0% used [0x00000007a5560000, 0x00000007a5560000, 0x00000007a6ab0000)
 concurrent mark-sweep generation total 393216K, used 189858K [0x00000007a8000000, 0x00000007c0000000, 0x00000007c0000000)
 Metaspace       used 38190K, capacity 38746K, committed 39292K, reserved 1083392K
  class space    used 4144K, capacity 4313K, committed 4476K, reserved 1048576K
}
2017-06-12T14:14:02.973-0100: 67648.968: Total time for which application threads were stopped: 0.0049319 seconds, Stopping threads took: 0.0000201 seconds
{Heap before GC invocations=237 (full 6):
 par new generation   total 109248K, used 92140K [0x00000007a0000000, 0x00000007a8000000, 0x00000007a8000000)
  eden space 87424K, 100% used [0x00000007a0000000, 0x00000007a5560000, 0x00000007a5560000)
  from space 21824K,  21% used [0x00000007a6ab0000, 0x00000007a6f4b0c0, 0x00000007a8000000)
  to   space 21824K,   0% used [0x00000007a5560000, 0x00000007a5560000, 0x00000007a6ab0000)
 concurrent mark-sweep generation total 393216K, used 189858K [0x00000007a8000000, 0x00000007c0000000, 0x00000007c0000000)
 Metaspace       used 38190K, capacity 38746K, committed 39292K, reserved 1083392K
  class space    used 4144K, capacity 4313K, committed 4476K, reserved 1048576K
2017-06-12T14:14:03.188-0100: 67649.184: [GC (Allocation Failure) 2017-06-12T14:14:03.188-0100: 67649.184: [ParNew
Desired survivor size 20112992 bytes, new threshold 8 (max 8)
- age   1:    1662264 bytes,    1662264 total
- age   2:     413944 bytes,    2076208 total
- age   3:     132320 bytes,    2208528 total
- age   4:     845024 bytes,    3053552 total
- age   5:    1366624 bytes,    4420176 total
- age   6:      30048 bytes,    4450224 total
- age   7:      10864 bytes,    4461088 total
- age   8:      64520 bytes,    4525608 total
: 92140K->6176K(109248K), 0.0045601 secs] 281998K->196097K(502464K), 0.0046190 secs] [Times: user=0.02 sys=0.00, real=0.01 secs] 
Heap after GC invocations=238 (full 6):
 par new generation   total 109248K, used 6176K [0x00000007a0000000, 0x00000007a8000000, 0x00000007a8000000)
  eden space 87424K,   0% used [0x00000007a0000000, 0x00000007a0000000, 0x00000007a5560000)
  from space 21824K,  28% used [0x00000007a5560000, 0x00000007a5b68050, 0x00000007a6ab0000)
  to   space 21824K,   0% used [0x00000007a6ab0000, 0x00000007a6ab0000, 0x00000007a8000000)
 concurrent mark-sweep generation total 393216K, used 189921K [0x00000007a8000000, 0x00000007c0000000, 0x00000007c0000000)
 Metaspace       used 38190K, capacity 38746K, committed 39292K, reserved 1083392K
  class space    used 4144K, capacity 4313K, committed 4476K, reserved 1048576K
}
2017-06-12T14:14:03.193-0100: 67649.188: Total time for which application threads were stopped: 0.0048025 seconds, Stopping threads took: 0.0000191 seconds
2017-06-12T14:14:03.353-0100: 67649.349: Total time for which application threads were stopped: 0.0001524 seconds, Stopping threads took: 0.0000205 seconds
2017-06-12T14:14:03.446-0100: 67649.441: Total time for which application threads were stopped: 0.0007853 seconds, Stopping threads took: 0.0000707 seconds
2017-06-12T14:14:03.446-0100: 67649.442: Total time for which application threads were stopped: 0.0000886 seconds, Stopping threads took: 0.0000121 seconds
2017-06-12T14:14:03.446-0100: 67649.442: Total time for which application threads were stopped: 0.0000607 seconds, Stopping threads took: 0.0000086 seconds
2017-06-12T14:14:03.458-0100: 67649.454: Total time for which application threads were stopped: 0.0001120 seconds, Stopping threads took: 0.0000200 seconds
2017-06-12T14:14:03.464-0100: 67649.459: Total time for which application threads were stopped: 0.0001608 seconds, Stopping threads took: 0.0000502 seconds
2017-06-12T14:14:03.465-0100: 67649.460: Total time for which application threads were stopped: 0.0001204 seconds, Stopping threads took: 0.0000299 seconds
2017-06-12T14:14:03.465-0100: 67649.460: Total time for which application threads were stopped: 0.0000714 seconds, Stopping threads took: 0.0000101 seconds
2017-06-12T14:14:03.465-0100: 67649.460: Total time for which application threads were stopped: 0.0000693 seconds, Stopping threads took: 0.0000114 seconds
2017-06-12T14:14:03.465-0100: 67649.460: Total time for which application threads were stopped: 0.0000659 seconds, Stopping threads took: 0.0000226 seconds
2017-06-12T14:14:03.465-0100: 67649.461: Total time for which application threads were stopped: 0.0001141 seconds, Stopping threads took: 0.0000735 seconds
2017-06-12T14:14:04.471-0100: 67650.466: Total time for which application threads were stopped: 0.0001745 seconds, Stopping threads took: 0.0000346 seconds
2017-06-12T14:14:04.499-0100: 67650.494: Total time for which application threads were stopped: 0.0027923 seconds, Stopping threads took: 0.0000364 seconds
2017-06-12T14:14:04.505-0100: 67650.501: Total time for which application threads were stopped: 0.0001650 seconds, Stopping threads took: 0.0000264 seconds
2017-06-12T14:14:04.505-0100: 67650.501: Total time for which application threads were stopped: 0.0000973 seconds, Stopping threads took: 0.0000140 seconds
2017-06-12T14:14:04.513-0100: 67650.508: Total time for which application threads were stopped: 0.0001008 seconds, Stopping threads took: 0.0000202 seconds
2017-06-12T14:14:04.513-0100: 67650.508: Total time for which application threads were stopped: 0.0000603 seconds, Stopping threads took: 0.0000088 seconds
2017-06-12T14:14:09.296-0100: 67655.291: Total time for which application threads were stopped: 0.0001511 seconds, Stopping threads took: 0.0000377 seconds
2017-06-12T14:14:09.306-0100: 67655.301: Total time for which application threads were stopped: 0.0006444 seconds, Stopping threads took: 0.0004722 seconds
2017-06-12T14:14:09.306-0100: 67655.301: Total time for which application threads were stopped: 0.0001216 seconds, Stopping threads took: 0.0000333 seconds
2017-06-12T14:14:09.308-0100: 67655.303: Total time for which application threads were stopped: 0.0001811 seconds, Stopping threads took: 0.0000284 seconds
2017-06-12T14:14:09.308-0100: 67655.303: Total time for which application threads were stopped: 0.0001220 seconds, Stopping threads took: 0.0000156 seconds
2017-06-12T14:14:09.315-0100: 67655.311: Total time for which application threads were stopped: 0.0001460 seconds, Stopping threads took: 0.0000261 seconds
2017-06-12T14:14:09.315-0100: 67655.311: Total time for which application threads were stopped: 0.0000918 seconds, Stopping threads took: 0.0000133 seconds
2017-06-12T14:14:09.320-0100: 67655.315: Total time for which application threads were stopped: 0.0001314 seconds, Stopping threads took: 0.0000260 seconds
2017-06-12T14:14:09.320-0100: 67655.315: Total time for which application threads were stopped: 0.0000714 seconds, Stopping threads took: 0.0000123 seconds
2017-06-12T14:14:10.680-0100: 67656.675: Total time for which application threads were stopped: 0.0001376 seconds, Stopping threads took: 0.0000334 seconds
2017-06-12T14:14:10.680-0100: 67656.676: Total time for which application threads were stopped: 0.0001261 seconds, Stopping threads took: 0.0000101 seconds
2017-06-12T14:14:10.694-0100: 67656.689: Total time for which application threads were stopped: 0.0001254 seconds, Stopping threads took: 0.0000255 seconds
2017-06-12T14:14:10.694-0100: 67656.689: Total time for which application threads were stopped: 0.0000720 seconds, Stopping threads took: 0.0000117 seconds
2017-06-12T14:14:22.686-0100: 67668.681: Total time for which application threads were stopped: 0.0001167 seconds, Stopping threads took: 0.0000204 seconds
2017-06-12T14:14:22.686-0100: 67668.681: Total time for which application threads were stopped: 0.0000785 seconds, Stopping threads took: 0.0000115 seconds
2017-06-12T14:14:22.686-0100: 67668.681: Total time for which application threads were stopped: 0.0000931 seconds, Stopping threads took: 0.0000432 seconds
2017-06-12T14:14:22.687-0100: 67668.682: Total time for which application threads were stopped: 0.0000752 seconds, Stopping threads took: 0.0000207 seconds
2017-06-12T14:14:22.687-0100: 67668.682: Total time for which application threads were stopped: 0.0000613 seconds, Stopping threads took: 0.0000164 seconds
2017-06-12T14:14:22.687-0100: 67668.682: Total time for which application threads were stopped: 0.0000647 seconds, Stopping threads took: 0.0000297 seconds
2017-06-12T14:14:22.687-0100: 67668.682: Total time for which application threads were stopped: 0.0000556 seconds, Stopping threads took: 0.0000156 seconds
2017-06-12T14:14:22.687-0100: 67668.682: Total time for which application threads were stopped: 0.0000511 seconds, Stopping threads took: 0.0000168 seconds
2017-06-12T14:14:22.687-0100: 67668.682: Total time for which application threads were stopped: 0.0000478 seconds, Stopping threads took: 0.0000145 seconds
2017-06-12T14:14:22.687-0100: 67668.682: Total time for which application threads were stopped: 0.0000774 seconds, Stopping threads took: 0.0000231 seconds
2017-06-12T14:14:23.690-0100: 67669.685: Total time for which application threads were stopped: 0.0000869 seconds, Stopping threads took: 0.0000173 seconds
2017-06-12T14:14:23.692-0100: 67669.687: Total time for which application threads were stopped: 0.0000711 seconds, Stopping threads took: 0.0000123 seconds
2017-06-12T14:14:23.693-0100: 67669.688: Total time for which application threads were stopped: 0.0000728 seconds, Stopping threads took: 0.0000210 seconds
2017-06-12T14:14:23.693-0100: 67669.688: Total time for which application threads were stopped: 0.0000483 seconds, Stopping threads took: 0.0000159 seconds
2017-06-12T14:14:23.693-0100: 67669.688: Total time for which application threads were stopped: 0.0000548 seconds, Stopping threads took: 0.0000150 seconds
2017-06-12T14:14:23.693-0100: 67669.688: Total time for which application threads were stopped: 0.0000430 seconds, Stopping threads took: 0.0000153 seconds
2017-06-12T14:14:37.532-0100: 67683.527: Total time for which application threads were stopped: 0.0002312 seconds, Stopping threads took: 0.0000165 seconds
2017-06-12T14:14:37.532-0100: 67683.527: Total time for which application threads were stopped: 0.0000713 seconds, Stopping threads took: 0.0000108 seconds
{Heap before GC invocations=238 (full 6):
 par new generation   total 109248K, used 93600K [0x00000007a0000000, 0x00000007a8000000, 0x00000007a8000000)
  eden space 87424K, 100% used [0x00000007a0000000, 0x00000007a5560000, 0x00000007a5560000)
  from space 21824K,  28% used [0x00000007a5560000, 0x00000007a5b68050, 0x00000007a6ab0000)
  to   space 21824K,   0% used [0x00000007a6ab0000, 0x00000007a6ab0000, 0x00000007a8000000)
 concurrent mark-sweep generation total 393216K, used 189921K [0x00000007a8000000, 0x00000007c0000000, 0x00000007c0000000)
 Metaspace       used 38269K, capacity 38834K, committed 39292K, reserved 1083392K
  class space    used 4153K, capacity 4327K, committed 4476K, reserved 1048576K
2017-06-12T14:14:37.554-0100: 67683.549: [GC (Allocation Failure) 2017-06-12T14:14:37.554-0100: 67683.549: [ParNew
Desired survivor size 20112992 bytes, new threshold 8 (max 8)
- age   1:    2014992 bytes,    2014992 total
- age   2:    1140480 bytes,    3155472 total
- age   3:      82536 bytes,    3238008 total
- age   4:     132320 bytes,    3370328 total
- age   5:     833456 bytes,    4203784 total
- age   6:    1366584 bytes,    5570368 total
- age   7:      30048 bytes,    5600416 total
- age   8:      10864 bytes,    5611280 total
: 93600K->6983K(109248K), 0.0052467 secs] 283521K->196970K(502464K), 0.0053158 secs] [Times: user=0.02 sys=0.00, real=0.00 secs] 
Heap after GC invocations=239 (full 6):
 par new generation   total 109248K, used 6983K [0x00000007a0000000, 0x00000007a8000000, 0x00000007a8000000)
  eden space 87424K,   0% used [0x00000007a0000000, 0x00000007a0000000, 0x00000007a5560000)
  from space 21824K,  32% used [0x00000007a6ab0000, 0x00000007a7181fe0, 0x00000007a8000000)
  to   space 21824K,   0% used [0x00000007a5560000, 0x00000007a5560000, 0x00000007a6ab0000)
 concurrent mark-sweep generation total 393216K, used 189986K [0x00000007a8000000, 0x00000007c0000000, 0x00000007c0000000)
 Metaspace       used 38269K, capacity 38834K, committed 39292K, reserved 1083392K
  class space    used 4153K, capacity 4327K, committed 4476K, reserved 1048576K
}
2017-06-12T14:14:37.559-0100: 67683.554: Total time for which application threads were stopped: 0.0055438 seconds, Stopping threads took: 0.0000270 seconds
2017-06-12T14:14:37.560-0100: 67683.555: Total time for which application threads were stopped: 0.0001289 seconds, Stopping threads took: 0.0000386 seconds
2017-06-12T14:14:37.694-0100: 67683.689: Total time for which application threads were stopped: 0.0002502 seconds, Stopping threads took: 0.0000919 seconds
2017-06-12T14:14:37.700-0100: 67683.695: Total time for which application threads were stopped: 0.0001506 seconds, Stopping threads took: 0.0000350 seconds
2017-06-12T14:14:37.701-0100: 67683.696: Total time for which application threads were stopped: 0.0002492 seconds, Stopping threads took: 0.0000572 seconds
2017-06-12T14:14:37.708-0100: 67683.703: Total time for which application threads were stopped: 0.0002198 seconds, Stopping threads took: 0.0000649 seconds
2017-06-12T14:14:37.708-0100: 67683.703: Total time for which application threads were stopped: 0.0001176 seconds, Stopping threads took: 0.0000448 seconds
{Heap before GC invocations=239 (full 6):
 par new generation   total 109248K, used 94407K [0x00000007a0000000, 0x00000007a8000000, 0x00000007a8000000)
  eden space 87424K, 100% used [0x00000007a0000000, 0x00000007a5560000, 0x00000007a5560000)
  from space 21824K,  32% used [0x00000007a6ab0000, 0x00000007a7181fe0, 0x00000007a8000000)
  to   space 21824K,   0% used [0x00000007a5560000, 0x00000007a5560000, 0x00000007a6ab0000)
 concurrent mark-sweep generation total 393216K, used 189986K [0x00000007a8000000, 0x00000007c0000000, 0x00000007c0000000)
 Metaspace       used 38274K, capacity 38834K, committed 39292K, reserved 1083392K
  class space    used 4153K, capacity 4327K, committed 4476K, reserved 1048576K
2017-06-12T14:14:37.739-0100: 67683.734: [GC (Allocation Failure) 2017-06-12T14:14:37.739-0100: 67683.734: [ParNew
Desired survivor size 20112992 bytes, new threshold 8 (max 8)
- age   1:    6582144 bytes,    6582144 total
- age   2:    1242544 bytes,    7824688 total
- age   3:    1140480 bytes,    8965168 total
- age   4:      82536 bytes,    9047704 total
- age   5:     132320 bytes,    9180024 total
- age   6:     833456 bytes,   10013480 total
- age   7:    1366584 bytes,   11380064 total
- age   8:      30048 bytes,   11410112 total
: 94407K->13176K(109248K), 0.0054707 secs] 284394K->203173K(502464K), 0.0055331 secs] [Times: user=0.02 sys=0.00, real=0.01 secs] 
Heap after GC invocations=240 (full 6):
 par new generation   total 109248K, used 13176K [0x00000007a0000000, 0x00000007a8000000, 0x00000007a8000000)
  eden space 87424K,   0% used [0x00000007a0000000, 0x00000007a0000000, 0x00000007a5560000)
  from space 21824K,  60% used [0x00000007a5560000, 0x00000007a623e050, 0x00000007a6ab0000)
  to   space 21824K,   0% used [0x00000007a6ab0000, 0x00000007a6ab0000, 0x00000007a8000000)
 concurrent mark-sweep generation total 393216K, used 189997K [0x00000007a8000000, 0x00000007c0000000, 0x00000007c0000000)
 Metaspace       used 38274K, capacity 38834K, committed 39292K, reserved 1083392K
  class space    used 4153K, capacity 4327K, committed 4476K, reserved 1048576K
}
2017-06-12T14:14:37.745-0100: 67683.740: Total time for which application threads were stopped: 0.0057363 seconds, Stopping threads took: 0.0000321 seconds
2017-06-12T14:14:37.766-0100: 67683.761: Total time for which application threads were stopped: 0.0002681 seconds, Stopping threads took: 0.0001074 seconds
2017-06-12T14:14:37.771-0100: 67683.766: Total time for which application threads were stopped: 0.0001114 seconds, Stopping threads took: 0.0000185 seconds
2017-06-12T14:14:37.776-0100: 67683.771: Total time for which application threads were stopped: 0.0003293 seconds, Stopping threads took: 0.0001479 seconds
2017-06-12T14:14:37.777-0100: 67683.772: Total time for which application threads were stopped: 0.0006905 seconds, Stopping threads took: 0.0000463 seconds
{Heap before GC invocations=240 (full 6):
 par new generation   total 109248K, used 100600K [0x00000007a0000000, 0x00000007a8000000, 0x00000007a8000000)
  eden space 87424K, 100% used [0x00000007a0000000, 0x00000007a5560000, 0x00000007a5560000)
  from space 21824K,  60% used [0x00000007a5560000, 0x00000007a623e050, 0x00000007a6ab0000)
  to   space 21824K,   0% used [0x00000007a6ab0000, 0x00000007a6ab0000, 0x00000007a8000000)
 concurrent mark-sweep generation total 393216K, used 189997K [0x00000007a8000000, 0x00000007c0000000, 0x00000007c0000000)
 Metaspace       used 38280K, capacity 38834K, committed 39292K, reserved 1083392K
  class space    used 4153K, capacity 4327K, committed 4476K, reserved 1048576K
2017-06-12T14:14:37.841-0100: 67683.836: [GC (Allocation Failure) 2017-06-12T14:14:37.841-0100: 67683.836: [ParNew
Desired survivor size 20112992 bytes, new threshold 8 (max 8)
- age   1:    5045064 bytes,    5045064 total
- age   2:    1372888 bytes,    6417952 total
- age   3:     832896 bytes,    7250848 total
- age   4:    1140480 bytes,    8391328 total
- age   5:      82536 bytes,    8473864 total
- age   6:     132320 bytes,    8606184 total
- age   7:     833456 bytes,    9439640 total
- age   8:    1366584 bytes,   10806224 total
: 100600K->16532K(109248K), 0.0047488 secs] 290597K->206559K(502464K), 0.0048248 secs] [Times: user=0.02 sys=0.00, real=0.00 secs] 
Heap after GC invocations=241 (full 6):
 par new generation   total 109248K, used 16532K [0x00000007a0000000, 0x00000007a8000000, 0x00000007a8000000)
  eden space 87424K,   0% used [0x00000007a0000000, 0x00000007a0000000, 0x00000007a5560000)
  from space 21824K,  75% used [0x00000007a6ab0000, 0x00000007a7ad5250, 0x00000007a8000000)
  to   space 21824K,   0% used [0x00000007a5560000, 0x00000007a5560000, 0x00000007a6ab0000)
 concurrent mark-sweep generation total 393216K, used 190027K [0x00000007a8000000, 0x00000007c0000000, 0x00000007c0000000)
 Metaspace       used 38280K, capacity 38834K, committed 39292K, reserved 1083392K
  class space    used 4153K, capacity 4327K, committed 4476K, reserved 1048576K
}
2017-06-12T14:14:37.846-0100: 67683.841: Total time for which application threads were stopped: 0.0050760 seconds, Stopping threads took: 0.0000721 seconds
2017-06-12T14:14:37.858-0100: 67683.853: Total time for which application threads were stopped: 0.0001932 seconds, Stopping threads took: 0.0000612 seconds
2017-06-12T14:14:37.858-0100: 67683.853: Total time for which application threads were stopped: 0.0000907 seconds, Stopping threads took: 0.0000160 seconds
2017-06-12T14:14:37.858-0100: 67683.853: Total time for which application threads were stopped: 0.0000700 seconds, Stopping threads took: 0.0000124 seconds
2017-06-12T14:14:37.859-0100: 67683.854: Total time for which application threads were stopped: 0.0006694 seconds, Stopping threads took: 0.0000095 seconds
2017-06-12T14:14:37.859-0100: 67683.854: Total time for which application threads were stopped: 0.0000535 seconds, Stopping threads took: 0.0000079 seconds
{Heap before GC invocations=241 (full 6):
 par new generation   total 109248K, used 103956K [0x00000007a0000000, 0x00000007a8000000, 0x00000007a8000000)
  eden space 87424K, 100% used [0x00000007a0000000, 0x00000007a5560000, 0x00000007a5560000)
  from space 21824K,  75% used [0x00000007a6ab0000, 0x00000007a7ad5250, 0x00000007a8000000)
  to   space 21824K,   0% used [0x00000007a5560000, 0x00000007a5560000, 0x00000007a6ab0000)
 concurrent mark-sweep generation total 393216K, used 190027K [0x00000007a8000000, 0x00000007c0000000, 0x00000007c0000000)
 Metaspace       used 38281K, capacity 38834K, committed 39292K, reserved 1083392K
  class space    used 4153K, capacity 4327K, committed 4476K, reserved 1048576K
2017-06-12T14:14:38.114-0100: 67684.109: [GC (Allocation Failure) 2017-06-12T14:14:38.114-0100: 67684.109: [ParNew
Desired survivor size 20112992 bytes, new threshold 8 (max 8)
- age   1:    7559608 bytes,    7559608 total
- age   2:    2454144 bytes,   10013752 total
- age   3:     175880 bytes,   10189632 total
- age   4:     808336 bytes,   10997968 total
- age   5:    1140480 bytes,   12138448 total
- age   6:      82536 bytes,   12220984 total
- age   7:     132320 bytes,   12353304 total
- age   8:     833456 bytes,   13186760 total
: 103956K->16250K(109248K), 0.0086492 secs] 293983K->207649K(502464K), 0.0087121 secs] [Times: user=0.04 sys=0.00, real=0.01 secs] 
Heap after GC invocations=242 (full 6):
 par new generation   total 109248K, used 16250K [0x00000007a0000000, 0x00000007a8000000, 0x00000007a8000000)
  eden space 87424K,   0% used [0x00000007a0000000, 0x00000007a0000000, 0x00000007a5560000)
  from space 21824K,  74% used [0x00000007a5560000, 0x00000007a653e868, 0x00000007a6ab0000)
  to   space 21824K,   0% used [0x00000007a6ab0000, 0x00000007a6ab0000, 0x00000007a8000000)
 concurrent mark-sweep generation total 393216K, used 191399K [0x00000007a8000000, 0x00000007c0000000, 0x00000007c0000000)
 Metaspace       used 38281K, capacity 38834K, committed 39292K, reserved 1083392K
  class space    used 4153K, capacity 4327K, committed 4476K, reserved 1048576K
}
2017-06-12T14:14:38.122-0100: 67684.117: Total time for which application threads were stopped: 0.0089087 seconds, Stopping threads took: 0.0000209 seconds
{Heap before GC invocations=242 (full 6):
 par new generation   total 109248K, used 103674K [0x00000007a0000000, 0x00000007a8000000, 0x00000007a8000000)
  eden space 87424K, 100% used [0x00000007a0000000, 0x00000007a5560000, 0x00000007a5560000)
  from space 21824K,  74% used [0x00000007a5560000, 0x00000007a653e868, 0x00000007a6ab0000)
  to   space 21824K,   0% used [0x00000007a6ab0000, 0x00000007a6ab0000, 0x00000007a8000000)
 concurrent mark-sweep generation total 393216K, used 191399K [0x00000007a8000000, 0x00000007c0000000, 0x00000007c0000000)
 Metaspace       used 38281K, capacity 38834K, committed 39292K, reserved 1083392K
  class space    used 4153K, capacity 4327K, committed 4476K, reserved 1048576K
2017-06-12T14:14:38.399-0100: 67684.394: [GC (Allocation Failure) 2017-06-12T14:14:38.399-0100: 67684.394: [ParNew
Desired survivor size 20112992 bytes, new threshold 8 (max 8)
- age   1:    9138552 bytes,    9138552 total
- age   2:    4353240 bytes,   13491792 total
- age   3:    2454360 bytes,   15946152 total
- age   4:     175848 bytes,   16122000 total
- age   5:     808336 bytes,   16930336 total
- age   6:    1140480 bytes,   18070816 total
- age   7:      82536 bytes,   18153352 total
- age   8:     132320 bytes,   18285672 total
: 103674K->21811K(109248K), 0.0058451 secs] 295073K->214030K(502464K), 0.0059133 secs] [Times: user=0.02 sys=0.00, real=0.01 secs] 
Heap after GC invocations=243 (full 6):
 par new generation   total 109248K, used 21811K [0x00000007a0000000, 0x00000007a8000000, 0x00000007a8000000)
  eden space 87424K,   0% used [0x00000007a0000000, 0x00000007a0000000, 0x00000007a5560000)
  from space 21824K,  99% used [0x00000007a6ab0000, 0x00000007a7ffcf00, 0x00000007a8000000)
  to   space 21824K,   0% used [0x00000007a5560000, 0x00000007a5560000, 0x00000007a6ab0000)
 concurrent mark-sweep generation total 393216K, used 192218K [0x00000007a8000000, 0x00000007c0000000, 0x00000007c0000000)
 Metaspace       used 38281K, capacity 38834K, committed 39292K, reserved 1083392K
  class space    used 4153K, capacity 4327K, committed 4476K, reserved 1048576K
}
2017-06-12T14:14:38.405-0100: 67684.400: Total time for which application threads were stopped: 0.0061025 seconds, Stopping threads took: 0.0000196 seconds
{Heap before GC invocations=243 (full 6):
 par new generation   total 109248K, used 109235K [0x00000007a0000000, 0x00000007a8000000, 0x00000007a8000000)
  eden space 87424K, 100% used [0x00000007a0000000, 0x00000007a5560000, 0x00000007a5560000)
  from space 21824K,  99% used [0x00000007a6ab0000, 0x00000007a7ffcf00, 0x00000007a8000000)
  to   space 21824K,   0% used [0x00000007a5560000, 0x00000007a5560000, 0x00000007a6ab0000)
 concurrent mark-sweep generation total 393216K, used 192218K [0x00000007a8000000, 0x00000007c0000000, 0x00000007c0000000)
 Metaspace       used 38281K, capacity 38834K, committed 39292K, reserved 1083392K
  class space    used 4153K, capacity 4327K, committed 4476K, reserved 1048576K
2017-06-12T14:14:38.699-0100: 67684.694: [GC (Allocation Failure) 2017-06-12T14:14:38.699-0100: 67684.694: [ParNew
Desired survivor size 20112992 bytes, new threshold 8 (max 8)
- age   1:    4084280 bytes,    4084280 total
- age   2:    3958016 bytes,    8042296 total
- age   3:    3287320 bytes,   11329616 total
- age   4:    1854264 bytes,   13183880 total
- age   5:     108024 bytes,   13291904 total
- age   6:     808304 bytes,   14100208 total
- age   7:    1139888 bytes,   15240096 total
- age   8:      82536 bytes,   15322632 total
: 109235K->21824K(109248K), 0.0059087 secs] 301454K->222416K(502464K), 0.0059848 secs] [Times: user=0.02 sys=0.00, real=0.01 secs] 
Heap after GC invocations=244 (full 6):
 par new generation   total 109248K, used 21824K [0x00000007a0000000, 0x00000007a8000000, 0x00000007a8000000)
  eden space 87424K,   0% used [0x00000007a0000000, 0x00000007a0000000, 0x00000007a5560000)
  from space 21824K, 100% used [0x00000007a5560000, 0x00000007a6ab0000, 0x00000007a6ab0000)
  to   space 21824K,   0% used [0x00000007a6ab0000, 0x00000007a6ab0000, 0x00000007a8000000)
 concurrent mark-sweep generation total 393216K, used 200592K [0x00000007a8000000, 0x00000007c0000000, 0x00000007c0000000)
 Metaspace       used 38281K, capacity 38834K, committed 39292K, reserved 1083392K
  class space    used 4153K, capacity 4327K, committed 4476K, reserved 1048576K
}
2017-06-12T14:14:38.705-0100: 67684.700: Total time for which application threads were stopped: 0.0061592 seconds, Stopping threads took: 0.0000190 seconds
2017-06-12T14:14:38.706-0100: 67684.701: [GC (CMS Initial Mark) [1 CMS-initial-mark: 200592K(393216K)] 223841K(502464K), 0.0015433 secs] [Times: user=0.01 sys=0.00, real=0.00 secs] 
2017-06-12T14:14:38.707-0100: 67684.702: Total time for which application threads were stopped: 0.0017086 seconds, Stopping threads took: 0.0000677 seconds
2017-06-12T14:14:38.707-0100: 67684.702: [CMS-concurrent-mark-start]
2017-06-12T14:14:38.715-0100: 67684.710: [CMS-concurrent-mark: 0.008/0.008 secs] [Times: user=0.03 sys=0.00, real=0.01 secs] 
2017-06-12T14:14:38.715-0100: 67684.710: [CMS-concurrent-preclean-start]
2017-06-12T14:14:38.716-0100: 67684.711: [CMS-concurrent-preclean: 0.001/0.001 secs] [Times: user=0.01 sys=0.00, real=0.00 secs] 
2017-06-12T14:14:38.716-0100: 67684.711: [CMS-concurrent-abortable-preclean-start]
2017-06-12T14:14:38.977-0100: 67684.972: [CMS-concurrent-abortable-preclean: 0.057/0.260 secs] [Times: user=0.31 sys=0.00, real=0.26 secs] 
2017-06-12T14:14:38.977-0100: 67684.972: [GC (CMS Final Remark) [YG occupancy: 106438 K (109248 K)]{Heap before GC invocations=244 (full 7):
 par new generation   total 109248K, used 106438K [0x00000007a0000000, 0x00000007a8000000, 0x00000007a8000000)
  eden space 87424K,  96% used [0x00000007a0000000, 0x00000007a52a1b20, 0x00000007a5560000)
  from space 21824K, 100% used [0x00000007a5560000, 0x00000007a6ab0000, 0x00000007a6ab0000)
  to   space 21824K,   0% used [0x00000007a6ab0000, 0x00000007a6ab0000, 0x00000007a8000000)
 concurrent mark-sweep generation total 393216K, used 200592K [0x00000007a8000000, 0x00000007c0000000, 0x00000007c0000000)
 Metaspace       used 38281K, capacity 38834K, committed 39292K, reserved 1083392K
  class space    used 4153K, capacity 4327K, committed 4476K, reserved 1048576K
2017-06-12T14:14:38.977-0100: 67684.972: [GC (CMS Final Remark) 2017-06-12T14:14:38.977-0100: 67684.972: [ParNew
Desired survivor size 20112992 bytes, new threshold 6 (max 8)
- age   1:    9788272 bytes,    9788272 total
- age   2:    2072560 bytes,   11860832 total
- age   3:    3289744 bytes,   15150576 total
- age   4:    3165416 bytes,   18315992 total
- age   5:    1781544 bytes,   20097536 total
- age   6:     105936 bytes,   20203472 total
- age   7:     808304 bytes,   21011776 total
- age   8:    1139888 bytes,   22151664 total
: 106438K->21824K(109248K), 0.0069742 secs] 307030K->224265K(502464K), 0.0070196 secs] [Times: user=0.03 sys=0.00, real=0.01 secs] 
Heap after GC invocations=245 (full 7):
 par new generation   total 109248K, used 21824K [0x00000007a0000000, 0x00000007a8000000, 0x00000007a8000000)
  eden space 87424K,   0% used [0x00000007a0000000, 0x00000007a0000000, 0x00000007a5560000)
  from space 21824K, 100% used [0x00000007a6ab0000, 0x00000007a8000000, 0x00000007a8000000)
  to   space 21824K,   0% used [0x00000007a5560000, 0x00000007a5560000, 0x00000007a6ab0000)
 concurrent mark-sweep generation total 393216K, used 202441K [0x00000007a8000000, 0x00000007c0000000, 0x00000007c0000000)
 Metaspace       used 38281K, capacity 38834K, committed 39292K, reserved 1083392K
  class space    used 4153K, capacity 4327K, committed 4476K, reserved 1048576K
}
2017-06-12T14:14:38.984-0100: 67684.979: [Rescan (parallel) , 0.0019696 secs]2017-06-12T14:14:38.986-0100: 67684.981: [weak refs processing, 0.0011666 secs]2017-06-12T14:14:38.987-0100: 67684.982: [class unloading, 0.0097997 secs]2017-06-12T14:14:38.997-0100: 67684.992: [scrub symbol table, 0.0037892 secs]2017-06-12T14:14:39.001-0100: 67684.996: [scrub string table, 0.0004633 secs][1 CMS-remark: 202441K(393216K)] 224265K(502464K), 0.0245246 secs] [Times: user=0.05 sys=0.00, real=0.03 secs] 
2017-06-12T14:14:39.002-0100: 67684.997: Total time for which application threads were stopped: 0.0247197 seconds, Stopping threads took: 0.0000655 seconds
2017-06-12T14:14:39.002-0100: 67684.997: [CMS-concurrent-sweep-start]
2017-06-12T14:14:39.003-0100: 67684.998: Total time for which application threads were stopped: 0.0002888 seconds, Stopping threads took: 0.0000614 seconds
2017-06-12T14:14:39.005-0100: 67685.000: Total time for which application threads were stopped: 0.0001492 seconds, Stopping threads took: 0.0000670 seconds
2017-06-12T14:14:39.046-0100: 67685.041: [CMS-concurrent-sweep: 0.044/0.044 secs] [Times: user=0.07 sys=0.00, real=0.04 secs] 
2017-06-12T14:14:39.046-0100: 67685.041: [CMS-concurrent-reset-start]
2017-06-12T14:14:39.046-0100: 67685.041: [CMS-concurrent-reset: 0.000/0.000 secs] [Times: user=0.00 sys=0.00, real=0.00 secs] 
{Heap before GC invocations=245 (full 7):
 par new generation   total 109248K, used 109248K [0x00000007a0000000, 0x00000007a8000000, 0x00000007a8000000)
  eden space 87424K, 100% used [0x00000007a0000000, 0x00000007a5560000, 0x00000007a5560000)
  from space 21824K, 100% used [0x00000007a6ab0000, 0x00000007a8000000, 0x00000007a8000000)
  to   space 21824K,   0% used [0x00000007a5560000, 0x00000007a5560000, 0x00000007a6ab0000)
 concurrent mark-sweep generation total 393216K, used 37247K [0x00000007a8000000, 0x00000007c0000000, 0x00000007c0000000)
 Metaspace       used 38281K, capacity 38834K, committed 39292K, reserved 1083392K
  class space    used 4153K, capacity 4327K, committed 4476K, reserved 1048576K
2017-06-12T14:14:39.365-0100: 67685.360: [GC (Allocation Failure) 2017-06-12T14:14:39.365-0100: 67685.360: [ParNew
Desired survivor size 20112992 bytes, new threshold 6 (max 8)
- age   1:    7329824 bytes,    7329824 total
- age   2:    3629208 bytes,   10959032 total
- age   3:    1694904 bytes,   12653936 total
- age   4:    2998056 bytes,   15651992 total
- age   5:    2857952 bytes,   18509944 total
- age   6:    1648720 bytes,   20158664 total
: 109248K->21824K(109248K), 0.0083508 secs] 146495K->67696K(502464K), 0.0084111 secs] [Times: user=0.03 sys=0.00, real=0.01 secs] 
Heap after GC invocations=246 (full 7):
 par new generation   total 109248K, used 21824K [0x00000007a0000000, 0x00000007a8000000, 0x00000007a8000000)
  eden space 87424K,   0% used [0x00000007a0000000, 0x00000007a0000000, 0x00000007a5560000)
  from space 21824K, 100% used [0x00000007a5560000, 0x00000007a6ab0000, 0x00000007a6ab0000)
  to   space 21824K,   0% used [0x00000007a6ab0000, 0x00000007a6ab0000, 0x00000007a8000000)
 concurrent mark-sweep generation total 393216K, used 45872K [0x00000007a8000000, 0x00000007c0000000, 0x00000007c0000000)
 Metaspace       used 38281K, capacity 38834K, committed 39292K, reserved 1083392K
  class space    used 4153K, capacity 4327K, committed 4476K, reserved 1048576K
}
2017-06-12T14:14:39.374-0100: 67685.369: Total time for which application threads were stopped: 0.0085953 seconds, Stopping threads took: 0.0000208 seconds
{Heap before GC invocations=246 (full 7):
 par new generation   total 109248K, used 109248K [0x00000007a0000000, 0x00000007a8000000, 0x00000007a8000000)
  eden space 87424K, 100% used [0x00000007a0000000, 0x00000007a5560000, 0x00000007a5560000)
  from space 21824K, 100% used [0x00000007a5560000, 0x00000007a6ab0000, 0x00000007a6ab0000)
  to   space 21824K,   0% used [0x00000007a6ab0000, 0x00000007a6ab0000, 0x00000007a8000000)
 concurrent mark-sweep generation total 393216K, used 45872K [0x00000007a8000000, 0x00000007c0000000, 0x00000007c0000000)
 Metaspace       used 38281K, capacity 38834K, committed 39292K, reserved 1083392K
  class space    used 4153K, capacity 4327K, committed 4476K, reserved 1048576K
2017-06-12T14:14:39.684-0100: 67685.679: [GC (Allocation Failure) 2017-06-12T14:14:39.684-0100: 67685.679: [ParNew
Desired survivor size 20112992 bytes, new threshold 8 (max 8)
- age   1:    5346928 bytes,    5346928 total
- age   2:    4011088 bytes,    9358016 total
- age   3:    2940760 bytes,   12298776 total
- age   4:    1252008 bytes,   13550784 total
- age   5:    2831880 bytes,   16382664 total
- age   6:    2701640 bytes,   19084304 total
: 109248K->21824K(109248K), 0.0073739 secs] 155120K->78907K(502464K), 0.0074374 secs] [Times: user=0.03 sys=0.00, real=0.01 secs] 
Heap after GC invocations=247 (full 7):
 par new generation   total 109248K, used 21824K [0x00000007a0000000, 0x00000007a8000000, 0x00000007a8000000)
  eden space 87424K,   0% used [0x00000007a0000000, 0x00000007a0000000, 0x00000007a5560000)
  from space 21824K, 100% used [0x00000007a6ab0000, 0x00000007a8000000, 0x00000007a8000000)
  to   space 21824K,   0% used [0x00000007a5560000, 0x00000007a5560000, 0x00000007a6ab0000)
 concurrent mark-sweep generation total 393216K, used 57083K [0x00000007a8000000, 0x00000007c0000000, 0x00000007c0000000)
 Metaspace       used 38281K, capacity 38834K, committed 39292K, reserved 1083392K
  class space    used 4153K, capacity 4327K, committed 4476K, reserved 1048576K
}
2017-06-12T14:14:39.692-0100: 67685.687: Total time for which application threads were stopped: 0.0076088 seconds, Stopping threads took: 0.0000191 seconds
{Heap before GC invocations=247 (full 7):
 par new generation   total 109248K, used 109248K [0x00000007a0000000, 0x00000007a8000000, 0x00000007a8000000)
  eden space 87424K, 100% used [0x00000007a0000000, 0x00000007a5560000, 0x00000007a5560000)
  from space 21824K, 100% used [0x00000007a6ab0000, 0x00000007a8000000, 0x00000007a8000000)
  to   space 21824K,   0% used [0x00000007a5560000, 0x00000007a5560000, 0x00000007a6ab0000)
 concurrent mark-sweep generation total 393216K, used 57083K [0x00000007a8000000, 0x00000007c0000000, 0x00000007c0000000)
 Metaspace       used 38281K, capacity 38834K, committed 39292K, reserved 1083392K
  class space    used 4153K, capacity 4327K, committed 4476K, reserved 1048576K
2017-06-12T14:14:39.984-0100: 67685.979: [GC (Allocation Failure) 2017-06-12T14:14:39.984-0100: 67685.979: [ParNew
Desired survivor size 20112992 bytes, new threshold 7 (max 8)
- age   1:   10422968 bytes,   10422968 total
- age   2:    2169440 bytes,   12592408 total
- age   3:    2119360 bytes,   14711768 total
- age   4:    1216720 bytes,   15928488 total
- age   5:     908048 bytes,   16836536 total
- age   6:     882256 bytes,   17718792 total
- age   7:    2451856 bytes,   20170648 total
: 109248K->21824K(109248K), 0.0073577 secs] 166331K->87291K(502464K), 0.0074156 secs] [Times: user=0.02 sys=0.00, real=0.01 secs] 
Heap after GC invocations=248 (full 7):
 par new generation   total 109248K, used 21824K [0x00000007a0000000, 0x00000007a8000000, 0x00000007a8000000)
  eden space 87424K,   0% used [0x00000007a0000000, 0x00000007a0000000, 0x00000007a5560000)
  from space 21824K, 100% used [0x00000007a5560000, 0x00000007a6ab0000, 0x00000007a6ab0000)
  to   space 21824K,   0% used [0x00000007a6ab0000, 0x00000007a6ab0000, 0x00000007a8000000)
 concurrent mark-sweep generation total 393216K, used 65467K [0x00000007a8000000, 0x00000007c0000000, 0x00000007c0000000)
 Metaspace       used 38281K, capacity 38834K, committed 39292K, reserved 1083392K
  class space    used 4153K, capacity 4327K, committed 4476K, reserved 1048576K
}
2017-06-12T14:14:39.991-0100: 67685.986: Total time for which application threads were stopped: 0.0075851 seconds, Stopping threads took: 0.0000190 seconds
{Heap before GC invocations=248 (full 7):
 par new generation   total 109248K, used 109248K [0x00000007a0000000, 0x00000007a8000000, 0x00000007a8000000)
  eden space 87424K, 100% used [0x00000007a0000000, 0x00000007a5560000, 0x00000007a5560000)
  from space 21824K, 100% used [0x00000007a5560000, 0x00000007a6ab0000, 0x00000007a6ab0000)
  to   space 21824K,   0% used [0x00000007a6ab0000, 0x00000007a6ab0000, 0x00000007a8000000)
 concurrent mark-sweep generation total 393216K, used 65467K [0x00000007a8000000, 0x00000007c0000000, 0x00000007c0000000)
 Metaspace       used 38281K, capacity 38834K, committed 39292K, reserved 1083392K
  class space    used 4153K, capacity 4327K, committed 4476K, reserved 1048576K
2017-06-12T14:14:40.320-0100: 67686.315: [GC (Allocation Failure) 2017-06-12T14:14:40.320-0100: 67686.315: [ParNew
Desired survivor size 20112992 bytes, new threshold 8 (max 8)
- age   1:    8650296 bytes,    8650296 total
- age   2:    5099328 bytes,   13749624 total
- age   3:    1704720 bytes,   15454344 total
- age   4:    1838904 bytes,   17293248 total
- age   5:    1123592 bytes,   18416840 total
- age   6:     840448 bytes,   19257288 total
- age   7:     816936 bytes,   20074224 total
: 109248K->21824K(109248K), 0.0091075 secs] 174715K->92656K(502464K), 0.0091690 secs] [Times: user=0.03 sys=0.00, real=0.01 secs] 
Heap after GC invocations=249 (full 7):
 par new generation   total 109248K, used 21824K [0x00000007a0000000, 0x00000007a8000000, 0x00000007a8000000)
  eden space 87424K,   0% used [0x00000007a0000000, 0x00000007a0000000, 0x00000007a5560000)
  from space 21824K, 100% used [0x00000007a6ab0000, 0x00000007a8000000, 0x00000007a8000000)
  to   space 21824K,   0% used [0x00000007a5560000, 0x00000007a5560000, 0x00000007a6ab0000)
 concurrent mark-sweep generation total 393216K, used 70832K [0x00000007a8000000, 0x00000007c0000000, 0x00000007c0000000)
 Metaspace       used 38281K, capacity 38834K, committed 39292K, reserved 1083392K
  class space    used 4153K, capacity 4327K, committed 4476K, reserved 1048576K
}
2017-06-12T14:14:40.330-0100: 67686.325: Total time for which application threads were stopped: 0.0093474 seconds, Stopping threads took: 0.0000194 seconds
{Heap before GC invocations=249 (full 7):
 par new generation   total 109248K, used 109248K [0x00000007a0000000, 0x00000007a8000000, 0x00000007a8000000)
  eden space 87424K, 100% used [0x00000007a0000000, 0x00000007a5560000, 0x00000007a5560000)
  from space 21824K, 100% used [0x00000007a6ab0000, 0x00000007a8000000, 0x00000007a8000000)
  to   space 21824K,   0% used [0x00000007a5560000, 0x00000007a5560000, 0x00000007a6ab0000)
 concurrent mark-sweep generation total 393216K, used 70832K [0x00000007a8000000, 0x00000007c0000000, 0x00000007c0000000)
 Metaspace       used 38281K, capacity 38834K, committed 39292K, reserved 1083392K
  class space    used 4153K, capacity 4327K, committed 4476K, reserved 1048576K
2017-06-12T14:14:40.663-0100: 67686.658: [GC (Allocation Failure) 2017-06-12T14:14:40.663-0100: 67686.658: [ParNew
Desired survivor size 20112992 bytes, new threshold 7 (max 8)
- age   1:   13433832 bytes,   13433832 total
- age   2:    1711456 bytes,   15145288 total
- age   3:    1376176 bytes,   16521464 total
- age   4:    1416608 bytes,   17938072 total
- age   5:    1081512 bytes,   19019584 total
- age   6:     983856 bytes,   20003440 total
- age   7:     707312 bytes,   20710752 total
- age   8:     687088 bytes,   21397840 total
: 109248K->21824K(109248K), 0.0090393 secs] 180080K->98101K(502464K), 0.0090967 secs] [Times: user=0.03 sys=0.00, real=0.01 secs] 
Heap after GC invocations=250 (full 7):
 par new generation   total 109248K, used 21824K [0x00000007a0000000, 0x00000007a8000000, 0x00000007a8000000)
  eden space 87424K,   0% used [0x00000007a0000000, 0x00000007a0000000, 0x00000007a5560000)
  from space 21824K, 100% used [0x00000007a5560000, 0x00000007a6ab0000, 0x00000007a6ab0000)
  to   space 21824K,   0% used [0x00000007a6ab0000, 0x00000007a6ab0000, 0x00000007a8000000)
 concurrent mark-sweep generation total 393216K, used 76277K [0x00000007a8000000, 0x00000007c0000000, 0x00000007c0000000)
 Metaspace       used 38281K, capacity 38834K, committed 39292K, reserved 1083392K
  class space    used 4153K, capacity 4327K, committed 4476K, reserved 1048576K
}
2017-06-12T14:14:40.672-0100: 67686.667: Total time for which application threads were stopped: 0.0092711 seconds, Stopping threads took: 0.0000184 seconds
{Heap before GC invocations=250 (full 7):
 par new generation   total 109248K, used 109235K [0x00000007a0000000, 0x00000007a8000000, 0x00000007a8000000)
  eden space 87424K,  99% used [0x00000007a0000000, 0x00000007a555cf10, 0x00000007a5560000)
  from space 21824K, 100% used [0x00000007a5560000, 0x00000007a6ab0000, 0x00000007a6ab0000)
  to   space 21824K,   0% used [0x00000007a6ab0000, 0x00000007a6ab0000, 0x00000007a8000000)
 concurrent mark-sweep generation total 393216K, used 76277K [0x00000007a8000000, 0x00000007c0000000, 0x00000007c0000000)
 Metaspace       used 38281K, capacity 38834K, committed 39292K, reserved 1083392K
  class space    used 4153K, capacity 4327K, committed 4476K, reserved 1048576K
2017-06-12T14:14:41.020-0100: 67687.014: [GC (Allocation Failure) 2017-06-12T14:14:41.020-0100: 67687.015: [ParNew
Desired survivor size 20112992 bytes, new threshold 8 (max 8)
- age   1:   10831200 bytes,   10831200 total
- age   2:    3516976 bytes,   14348176 total
- age   3:    1327840 bytes,   15676016 total
- age   4:    1175272 bytes,   16851288 total
- age   5:    1227144 bytes,   18078432 total
- age   6:     718472 bytes,   18796904 total
- age   7:     832176 bytes,   19629080 total
: 109235K->21824K(109248K), 0.0084341 secs] 185513K->106704K(502464K), 0.0085124 secs] [Times: user=0.03 sys=0.00, real=0.00 secs] 
Heap after GC invocations=251 (full 7):
 par new generation   total 109248K, used 21824K [0x00000007a0000000, 0x00000007a8000000, 0x00000007a8000000)
  eden space 87424K,   0% used [0x00000007a0000000, 0x00000007a0000000, 0x00000007a5560000)
  from space 21824K, 100% used [0x00000007a6ab0000, 0x00000007a8000000, 0x00000007a8000000)
  to   space 21824K,   0% used [0x00000007a5560000, 0x00000007a5560000, 0x00000007a6ab0000)
 concurrent mark-sweep generation total 393216K, used 84880K [0x00000007a8000000, 0x00000007c0000000, 0x00000007c0000000)
 Metaspace       used 38281K, capacity 38834K, committed 39292K, reserved 1083392K
  class space    used 4153K, capacity 4327K, committed 4476K, reserved 1048576K
}
2017-06-12T14:14:41.028-0100: 67687.023: Total time for which application threads were stopped: 0.0086983 seconds, Stopping threads took: 0.0000198 seconds
{Heap before GC invocations=251 (full 7):
 par new generation   total 109248K, used 109248K [0x00000007a0000000, 0x00000007a8000000, 0x00000007a8000000)
  eden space 87424K, 100% used [0x00000007a0000000, 0x00000007a5560000, 0x00000007a5560000)
  from space 21824K, 100% used [0x00000007a6ab0000, 0x00000007a8000000, 0x00000007a8000000)
  to   space 21824K,   0% used [0x00000007a5560000, 0x00000007a5560000, 0x00000007a6ab0000)
 concurrent mark-sweep generation total 393216K, used 84880K [0x00000007a8000000, 0x00000007c0000000, 0x00000007c0000000)
 Metaspace       used 38281K, capacity 38834K, committed 39292K, reserved 1083392K
  class space    used 4153K, capacity 4327K, committed 4476K, reserved 1048576K
2017-06-12T14:14:41.359-0100: 67687.354: [GC (Allocation Failure) 2017-06-12T14:14:41.359-0100: 67687.354: [ParNew
Desired survivor size 20112992 bytes, new threshold 8 (max 8)
- age   1:    4807496 bytes,    4807496 total
- age   2:    8330136 bytes,   13137632 total
- age   3:    1266304 bytes,   14403936 total
- age   4:    1160416 bytes,   15564352 total
- age   5:     861552 bytes,   16425904 total
- age   6:    1170472 bytes,   17596376 total
- age   7:     618472 bytes,   18214848 total
- age   8:     800944 bytes,   19015792 total
: 109248K->21824K(109248K), 0.0074302 secs] 194128K->116372K(502464K), 0.0074910 secs] [Times: user=0.03 sys=0.00, real=0.01 secs] 
Heap after GC invocations=252 (full 7):
 par new generation   total 109248K, used 21824K [0x00000007a0000000, 0x00000007a8000000, 0x00000007a8000000)
  eden space 87424K,   0% used [0x00000007a0000000, 0x00000007a0000000, 0x00000007a5560000)
  from space 21824K, 100% used [0x00000007a5560000, 0x00000007a6ab0000, 0x00000007a6ab0000)
  to   space 21824K,   0% used [0x00000007a6ab0000, 0x00000007a6ab0000, 0x00000007a8000000)
 concurrent mark-sweep generation total 393216K, used 94548K [0x00000007a8000000, 0x00000007c0000000, 0x00000007c0000000)
 Metaspace       used 38281K, capacity 38834K, committed 39292K, reserved 1083392K
  class space    used 4153K, capacity 4327K, committed 4476K, reserved 1048576K
}
2017-06-12T14:14:41.366-0100: 67687.361: Total time for which application threads were stopped: 0.0076598 seconds, Stopping threads took: 0.0000192 seconds
{Heap before GC invocations=252 (full 7):
 par new generation   total 109248K, used 109248K [0x00000007a0000000, 0x00000007a8000000, 0x00000007a8000000)
  eden space 87424K, 100% used [0x00000007a0000000, 0x00000007a5560000, 0x00000007a5560000)
  from space 21824K, 100% used [0x00000007a5560000, 0x00000007a6ab0000, 0x00000007a6ab0000)
  to   space 21824K,   0% used [0x00000007a6ab0000, 0x00000007a6ab0000, 0x00000007a8000000)
 concurrent mark-sweep generation total 393216K, used 94548K [0x00000007a8000000, 0x00000007c0000000, 0x00000007c0000000)
 Metaspace       used 38281K, capacity 38834K, committed 39292K, reserved 1083392K
  class space    used 4153K, capacity 4327K, committed 4476K, reserved 1048576K
2017-06-12T14:14:41.697-0100: 67687.691: [GC (Allocation Failure) 2017-06-12T14:14:41.697-0100: 67687.691: [ParNew
Desired survivor size 20112992 bytes, new threshold 8 (max 8)
- age   1:    9510232 bytes,    9510232 total
- age   2:    1405544 bytes,   10915776 total
- age   3:    3451712 bytes,   14367488 total
- age   4:    1199120 bytes,   15566608 total
- age   5:     996328 bytes,   16562936 total
- age   6:     831104 bytes,   17394040 total
- age   7:     621384 bytes,   18015424 total
- age   8:     599144 bytes,   18614568 total
: 109248K->21824K(109248K), 0.0076761 secs] 203796K->122589K(502464K), 0.0077468 secs] [Times: user=0.03 sys=0.00, real=0.01 secs] 
Heap after GC invocations=253 (full 7):
 par new generation   total 109248K, used 21824K [0x00000007a0000000, 0x00000007a8000000, 0x00000007a8000000)
  eden space 87424K,   0% used [0x00000007a0000000, 0x00000007a0000000, 0x00000007a5560000)
  from space 21824K, 100% used [0x00000007a6ab0000, 0x00000007a8000000, 0x00000007a8000000)
  to   space 21824K,   0% used [0x00000007a5560000, 0x00000007a5560000, 0x00000007a6ab0000)
 concurrent mark-sweep generation total 393216K, used 100765K [0x00000007a8000000, 0x00000007c0000000, 0x00000007c0000000)
 Metaspace       used 38281K, capacity 38834K, committed 39292K, reserved 1083392K
  class space    used 4153K, capacity 4327K, committed 4476K, reserved 1048576K
}
2017-06-12T14:14:41.704-0100: 67687.699: Total time for which application threads were stopped: 0.0079368 seconds, Stopping threads took: 0.0000199 seconds
{Heap before GC invocations=253 (full 7):
 par new generation   total 109248K, used 109248K [0x00000007a0000000, 0x00000007a8000000, 0x00000007a8000000)
  eden space 87424K, 100% used [0x00000007a0000000, 0x00000007a5560000, 0x00000007a5560000)
  from space 21824K, 100% used [0x00000007a6ab0000, 0x00000007a8000000, 0x00000007a8000000)
  to   space 21824K,   0% used [0x00000007a5560000, 0x00000007a5560000, 0x00000007a6ab0000)
 concurrent mark-sweep generation total 393216K, used 100765K [0x00000007a8000000, 0x00000007c0000000, 0x00000007c0000000)
 Metaspace       used 38281K, capacity 38834K, committed 39292K, reserved 1083392K
  class space    used 4153K, capacity 4327K, committed 4476K, reserved 1048576K
2017-06-12T14:14:42.017-0100: 67688.012: [GC (Allocation Failure) 2017-06-12T14:14:42.017-0100: 67688.012: [ParNew
Desired survivor size 20112992 bytes, new threshold 8 (max 8)
- age   1:    9456856 bytes,    9456856 total
- age   2:    2595496 bytes,   12052352 total
- age   3:    1269160 bytes,   13321512 total
- age   4:    3350456 bytes,   16671968 total
- age   5:    1152720 bytes,   17824688 total
- age   6:     887920 bytes,   18712608 total
- age   7:     761544 bytes,   19474152 total
- age   8:     560304 bytes,   20034456 total
: 109248K->21824K(109248K), 0.0084385 secs] 210013K->131958K(502464K), 0.0085098 secs] [Times: user=0.02 sys=0.01, real=0.01 secs] 
Heap after GC invocations=254 (full 7):
 par new generation   total 109248K, used 21824K [0x00000007a0000000, 0x00000007a8000000, 0x00000007a8000000)
  eden space 87424K,   0% used [0x00000007a0000000, 0x00000007a0000000, 0x00000007a5560000)
  from space 21824K, 100% used [0x00000007a5560000, 0x00000007a6ab0000, 0x00000007a6ab0000)
  to   space 21824K,   0% used [0x00000007a6ab0000, 0x00000007a6ab0000, 0x00000007a8000000)
 concurrent mark-sweep generation total 393216K, used 110134K [0x00000007a8000000, 0x00000007c0000000, 0x00000007c0000000)
 Metaspace       used 38281K, capacity 38834K, committed 39292K, reserved 1083392K
  class space    used 4153K, capacity 4327K, committed 4476K, reserved 1048576K
}
2017-06-12T14:14:42.026-0100: 67688.021: Total time for which application threads were stopped: 0.0087176 seconds, Stopping threads took: 0.0000204 seconds
{Heap before GC invocations=254 (full 7):
 par new generation   total 109248K, used 109248K [0x00000007a0000000, 0x00000007a8000000, 0x00000007a8000000)
  eden space 87424K, 100% used [0x00000007a0000000, 0x00000007a5560000, 0x00000007a5560000)
  from space 21824K, 100% used [0x00000007a5560000, 0x00000007a6ab0000, 0x00000007a6ab0000)
  to   space 21824K,   0% used [0x00000007a6ab0000, 0x00000007a6ab0000, 0x00000007a8000000)
 concurrent mark-sweep generation total 393216K, used 110134K [0x00000007a8000000, 0x00000007c0000000, 0x00000007c0000000)
 Metaspace       used 38281K, capacity 38834K, committed 39292K, reserved 1083392K
  class space    used 4153K, capacity 4327K, committed 4476K, reserved 1048576K
2017-06-12T14:14:42.360-0100: 67688.355: [GC (Allocation Failure) 2017-06-12T14:14:42.360-0100: 67688.355: [ParNew
Desired survivor size 20112992 bytes, new threshold 8 (max 8)
- age   1:    6313888 bytes,    6313888 total
- age   2:    6364808 bytes,   12678696 total
- age   3:    2086920 bytes,   14765616 total
- age   4:     853280 bytes,   15618896 total
- age   5:    3061104 bytes,   18680000 total
- age   6:     610360 bytes,   19290360 total
- age   7:     587216 bytes,   19877576 total
- age   8:     494408 bytes,   20371984 total
: 109248K->21824K(109248K), 0.0107355 secs] 219382K->139851K(502464K), 0.0107975 secs] [Times: user=0.04 sys=0.00, real=0.01 secs] 
Heap after GC invocations=255 (full 7):
 par new generation   total 109248K, used 21824K [0x00000007a0000000, 0x00000007a8000000, 0x00000007a8000000)
  eden space 87424K,   0% used [0x00000007a0000000, 0x00000007a0000000, 0x00000007a5560000)
  from space 21824K, 100% used [0x00000007a6ab0000, 0x00000007a8000000, 0x00000007a8000000)
  to   space 21824K,   0% used [0x00000007a5560000, 0x00000007a5560000, 0x00000007a6ab0000)
 concurrent mark-sweep generation total 393216K, used 118027K [0x00000007a8000000, 0x00000007c0000000, 0x00000007c0000000)
 Metaspace       used 38281K, capacity 38834K, committed 39292K, reserved 1083392K
  class space    used 4153K, capacity 4327K, committed 4476K, reserved 1048576K
}
2017-06-12T14:14:42.371-0100: 67688.366: Total time for which application threads were stopped: 0.0109809 seconds, Stopping threads took: 0.0000183 seconds
{Heap before GC invocations=255 (full 7):
 par new generation   total 109248K, used 109248K [0x00000007a0000000, 0x00000007a8000000, 0x00000007a8000000)
  eden space 87424K, 100% used [0x00000007a0000000, 0x00000007a5560000, 0x00000007a5560000)
  from space 21824K, 100% used [0x00000007a6ab0000, 0x00000007a8000000, 0x00000007a8000000)
  to   space 21824K,   0% used [0x00000007a5560000, 0x00000007a5560000, 0x00000007a6ab0000)
 concurrent mark-sweep generation total 393216K, used 118027K [0x00000007a8000000, 0x00000007c0000000, 0x00000007c0000000)
 Metaspace       used 38281K, capacity 38834K, committed 39292K, reserved 1083392K
  class space    used 4153K, capacity 4327K, committed 4476K, reserved 1048576K
2017-06-12T14:14:42.701-0100: 67688.696: [GC (Allocation Failure) 2017-06-12T14:14:42.701-0100: 67688.696: [ParNew
Desired survivor size 20112992 bytes, new threshold 8 (max 8)
- age   1:    8482456 bytes,    8482456 total
- age   2:    3750160 bytes,   12232616 total
- age   3:     800552 bytes,   13033168 total
- age   4:    2054344 bytes,   15087512 total
- age   5:     840584 bytes,   15928096 total
- age   6:    3053824 bytes,   18981920 total
- age   7:     604120 bytes,   19586040 total
- age   8:     580864 bytes,   20166904 total
: 109248K->21824K(109248K), 0.0079842 secs] 227275K->144703K(502464K), 0.0080457 secs] [Times: user=0.03 sys=0.00, real=0.00 secs] 
Heap after GC invocations=256 (full 7):
 par new generation   total 109248K, used 21824K [0x00000007a0000000, 0x00000007a8000000, 0x00000007a8000000)
  eden space 87424K,   0% used [0x00000007a0000000, 0x00000007a0000000, 0x00000007a5560000)
  from space 21824K, 100% used [0x00000007a5560000, 0x00000007a6ab0000, 0x00000007a6ab0000)
  to   space 21824K,   0% used [0x00000007a6ab0000, 0x00000007a6ab0000, 0x00000007a8000000)
 concurrent mark-sweep generation total 393216K, used 122879K [0x00000007a8000000, 0x00000007c0000000, 0x00000007c0000000)
 Metaspace       used 38281K, capacity 38834K, committed 39292K, reserved 1083392K
  class space    used 4153K, capacity 4327K, committed 4476K, reserved 1048576K
}
2017-06-12T14:14:42.709-0100: 67688.704: Total time for which application threads were stopped: 0.0082245 seconds, Stopping threads took: 0.0000188 seconds
{Heap before GC invocations=256 (full 7):
 par new generation   total 109248K, used 109248K [0x00000007a0000000, 0x00000007a8000000, 0x00000007a8000000)
  eden space 87424K, 100% used [0x00000007a0000000, 0x00000007a5560000, 0x00000007a5560000)
  from space 21824K, 100% used [0x00000007a5560000, 0x00000007a6ab0000, 0x00000007a6ab0000)
  to   space 21824K,   0% used [0x00000007a6ab0000, 0x00000007a6ab0000, 0x00000007a8000000)
 concurrent mark-sweep generation total 393216K, used 122879K [0x00000007a8000000, 0x00000007c0000000, 0x00000007c0000000)
 Metaspace       used 38281K, capacity 38834K, committed 39292K, reserved 1083392K
  class space    used 4153K, capacity 4327K, committed 4476K, reserved 1048576K
2017-06-12T14:14:43.023-0100: 67689.018: [GC (Allocation Failure) 2017-06-12T14:14:43.023-0100: 67689.018: [ParNew
Desired survivor size 20112992 bytes, new threshold 8 (max 8)
- age   1:    4227768 bytes,    4227768 total
- age   2:    7908928 bytes,   12136696 total
- age   3:    1166096 bytes,   13302792 total
- age   4:     791568 bytes,   14094360 total
- age   5:    2044832 bytes,   16139192 total
- age   6:     832104 bytes,   16971296 total
- age   7:    3048896 bytes,   20020192 total
- age   8:     596472 bytes,   20616664 total
: 109248K->21824K(109248K), 0.0083489 secs] 232127K->153514K(502464K), 0.0084093 secs] [Times: user=0.03 sys=0.00, real=0.01 secs] 
Heap after GC invocations=257 (full 7):
 par new generation   total 109248K, used 21824K [0x00000007a0000000, 0x00000007a8000000, 0x00000007a8000000)
  eden space 87424K,   0% used [0x00000007a0000000, 0x00000007a0000000, 0x00000007a5560000)
  from space 21824K, 100% used [0x00000007a6ab0000, 0x00000007a8000000, 0x00000007a8000000)
  to   space 21824K,   0% used [0x00000007a5560000, 0x00000007a5560000, 0x00000007a6ab0000)
 concurrent mark-sweep generation total 393216K, used 131690K [0x00000007a8000000, 0x00000007c0000000, 0x00000007c0000000)
 Metaspace       used 38281K, capacity 38834K, committed 39292K, reserved 1083392K
  class space    used 4153K, capacity 4327K, committed 4476K, reserved 1048576K
}
2017-06-12T14:14:43.032-0100: 67689.027: Total time for which application threads were stopped: 0.0085857 seconds, Stopping threads took: 0.0000187 seconds
{Heap before GC invocations=257 (full 7):
 par new generation   total 109248K, used 109248K [0x00000007a0000000, 0x00000007a8000000, 0x00000007a8000000)
  eden space 87424K, 100% used [0x00000007a0000000, 0x00000007a5560000, 0x00000007a5560000)
  from space 21824K, 100% used [0x00000007a6ab0000, 0x00000007a8000000, 0x00000007a8000000)
  to   space 21824K,   0% used [0x00000007a5560000, 0x00000007a5560000, 0x00000007a6ab0000)
 concurrent mark-sweep generation total 393216K, used 131690K [0x00000007a8000000, 0x00000007c0000000, 0x00000007c0000000)
 Metaspace       used 38282K, capacity 38834K, committed 39292K, reserved 1083392K
  class space    used 4153K, capacity 4327K, committed 4476K, reserved 1048576K
2017-06-12T14:14:43.657-0100: 67689.652: [GC (Allocation Failure) 2017-06-12T14:14:43.657-0100: 67689.652: [ParNew
Desired survivor size 20112992 bytes, new threshold 8 (max 8)
- age   1:     352336 bytes,     352336 total
- age   2:    3793520 bytes,    4145856 total
- age   3:    7147992 bytes,   11293848 total
- age   4:    1145104 bytes,   12438952 total
- age   5:     791568 bytes,   13230520 total
- age   6:    2044496 bytes,   15275016 total
- age   7:     831904 bytes,   16106920 total
- age   8:    3048792 bytes,   19155712 total
: 109248K->21824K(109248K), 0.0076207 secs] 240938K->156936K(502464K), 0.0076822 secs] [Times: user=0.02 sys=0.00, real=0.01 secs] 
Heap after GC invocations=258 (full 7):
 par new generation   total 109248K, used 21824K [0x00000007a0000000, 0x00000007a8000000, 0x00000007a8000000)
  eden space 87424K,   0% used [0x00000007a0000000, 0x00000007a0000000, 0x00000007a5560000)
  from space 21824K, 100% used [0x00000007a5560000, 0x00000007a6ab0000, 0x00000007a6ab0000)
  to   space 21824K,   0% used [0x00000007a6ab0000, 0x00000007a6ab0000, 0x00000007a8000000)
 concurrent mark-sweep generation total 393216K, used 135112K [0x00000007a8000000, 0x00000007c0000000, 0x00000007c0000000)
 Metaspace       used 38282K, capacity 38834K, committed 39292K, reserved 1083392K
  class space    used 4153K, capacity 4327K, committed 4476K, reserved 1048576K
}
2017-06-12T14:14:43.664-0100: 67689.659: Total time for which application threads were stopped: 0.0079138 seconds, Stopping threads took: 0.0000215 seconds
{Heap before GC invocations=258 (full 7):
 par new generation   total 109248K, used 109248K [0x00000007a0000000, 0x00000007a8000000, 0x00000007a8000000)
  eden space 87424K, 100% used [0x00000007a0000000, 0x00000007a5560000, 0x00000007a5560000)
  from space 21824K, 100% used [0x00000007a5560000, 0x00000007a6ab0000, 0x00000007a6ab0000)
  to   space 21824K,   0% used [0x00000007a6ab0000, 0x00000007a6ab0000, 0x00000007a8000000)
 concurrent mark-sweep generation total 393216K, used 135112K [0x00000007a8000000, 0x00000007c0000000, 0x00000007c0000000)
 Metaspace       used 38282K, capacity 38834K, committed 39292K, reserved 1083392K
  class space    used 4153K, capacity 4327K, committed 4476K, reserved 1048576K
2017-06-12T14:14:43.739-0100: 67689.734: [GC (Allocation Failure) 2017-06-12T14:14:43.739-0100: 67689.734: [ParNew
Desired survivor size 20112992 bytes, new threshold 8 (max 8)
- age   1:      35528 bytes,      35528 total
- age   2:     329376 bytes,     364904 total
- age   3:    3765112 bytes,    4130016 total
- age   4:    6910232 bytes,   11040248 total
- age   5:    1115600 bytes,   12155848 total
- age   6:     791088 bytes,   12946936 total
- age   7:    2043616 bytes,   14990552 total
- age   8:     831304 bytes,   15821856 total
: 109248K->21824K(109248K), 0.0071441 secs] 244360K->160213K(502464K), 0.0071988 secs] [Times: user=0.02 sys=0.00, real=0.01 secs] 
Heap after GC invocations=259 (full 7):
 par new generation   total 109248K, used 21824K [0x00000007a0000000, 0x00000007a8000000, 0x00000007a8000000)
  eden space 87424K,   0% used [0x00000007a0000000, 0x00000007a0000000, 0x00000007a5560000)
  from space 21824K, 100% used [0x00000007a6ab0000, 0x00000007a8000000, 0x00000007a8000000)
  to   space 21824K,   0% used [0x00000007a5560000, 0x00000007a5560000, 0x00000007a6ab0000)
 concurrent mark-sweep generation total 393216K, used 138389K [0x00000007a8000000, 0x00000007c0000000, 0x00000007c0000000)
 Metaspace       used 38282K, capacity 38834K, committed 39292K, reserved 1083392K
  class space    used 4153K, capacity 4327K, committed 4476K, reserved 1048576K
}
2017-06-12T14:14:43.746-0100: 67689.741: Total time for which application threads were stopped: 0.0073846 seconds, Stopping threads took: 0.0000212 seconds
{Heap before GC invocations=259 (full 7):
 par new generation   total 109248K, used 109248K [0x00000007a0000000, 0x00000007a8000000, 0x00000007a8000000)
  eden space 87424K, 100% used [0x00000007a0000000, 0x00000007a5560000, 0x00000007a5560000)
  from space 21824K, 100% used [0x00000007a6ab0000, 0x00000007a8000000, 0x00000007a8000000)
  to   space 21824K,   0% used [0x00000007a5560000, 0x00000007a5560000, 0x00000007a6ab0000)
 concurrent mark-sweep generation total 393216K, used 138389K [0x00000007a8000000, 0x00000007c0000000, 0x00000007c0000000)
 Metaspace       used 38282K, capacity 38834K, committed 39292K, reserved 1083392K
  class space    used 4153K, capacity 4327K, committed 4476K, reserved 1048576K
2017-06-12T14:14:43.862-0100: 67689.857: [GC (Allocation Failure) 2017-06-12T14:14:43.862-0100: 67689.857: [ParNew
Desired survivor size 20112992 bytes, new threshold 8 (max 8)
- age   1:      55640 bytes,      55640 total
- age   2:       1040 bytes,      56680 total
- age   3:     304232 bytes,     360912 total
- age   4:    3765112 bytes,    4126024 total
- age   5:    6910232 bytes,   11036256 total
- age   6:    1115600 bytes,   12151856 total
- age   7:     791112 bytes,   12942968 total
- age   8:    2043616 bytes,   14986584 total
: 109248K->19991K(109248K), 0.0083551 secs] 247637K->159199K(502464K), 0.0084192 secs] [Times: user=0.03 sys=0.00, real=0.01 secs] 
Heap after GC invocations=260 (full 7):
 par new generation   total 109248K, used 19991K [0x00000007a0000000, 0x00000007a8000000, 0x00000007a8000000)
  eden space 87424K,   0% used [0x00000007a0000000, 0x00000007a0000000, 0x00000007a5560000)
  from space 21824K,  91% used [0x00000007a5560000, 0x00000007a68e5fa0, 0x00000007a6ab0000)
  to   space 21824K,   0% used [0x00000007a6ab0000, 0x00000007a6ab0000, 0x00000007a8000000)
 concurrent mark-sweep generation total 393216K, used 139208K [0x00000007a8000000, 0x00000007c0000000, 0x00000007c0000000)
 Metaspace       used 38282K, capacity 38834K, committed 39292K, reserved 1083392K
  class space    used 4153K, capacity 4327K, committed 4476K, reserved 1048576K
}
2017-06-12T14:14:43.871-0100: 67689.866: Total time for which application threads were stopped: 0.0086146 seconds, Stopping threads took: 0.0000211 seconds
{Heap before GC invocations=260 (full 7):
 par new generation   total 109248K, used 107415K [0x00000007a0000000, 0x00000007a8000000, 0x00000007a8000000)
  eden space 87424K, 100% used [0x00000007a0000000, 0x00000007a5560000, 0x00000007a5560000)
  from space 21824K,  91% used [0x00000007a5560000, 0x00000007a68e5fa0, 0x00000007a6ab0000)
  to   space 21824K,   0% used [0x00000007a6ab0000, 0x00000007a6ab0000, 0x00000007a8000000)
 concurrent mark-sweep generation total 393216K, used 139208K [0x00000007a8000000, 0x00000007c0000000, 0x00000007c0000000)
 Metaspace       used 38282K, capacity 38834K, committed 39292K, reserved 1083392K
  class space    used 4153K, capacity 4327K, committed 4476K, reserved 1048576K
2017-06-12T14:14:44.002-0100: 67689.997: [GC (Allocation Failure) 2017-06-12T14:14:44.002-0100: 67689.997: [ParNew
Desired survivor size 20112992 bytes, new threshold 8 (max 8)
- age   1:      36472 bytes,      36472 total
- age   2:       1832 bytes,      38304 total
- age   3:       1040 bytes,      39344 total
- age   4:     304232 bytes,     343576 total
- age   5:    3765112 bytes,    4108688 total
- age   6:    6910232 bytes,   11018920 total
- age   7:    1115600 bytes,   12134520 total
- age   8:     791088 bytes,   12925608 total
: 107415K->14105K(109248K), 0.0050980 secs] 246623K->155317K(502464K), 0.0051506 secs] [Times: user=0.02 sys=0.00, real=0.00 secs] 
Heap after GC invocations=261 (full 7):
 par new generation   total 109248K, used 14105K [0x00000007a0000000, 0x00000007a8000000, 0x00000007a8000000)
  eden space 87424K,   0% used [0x00000007a0000000, 0x00000007a0000000, 0x00000007a5560000)
  from space 21824K,  64% used [0x00000007a6ab0000, 0x00000007a7876720, 0x00000007a8000000)
  to   space 21824K,   0% used [0x00000007a5560000, 0x00000007a5560000, 0x00000007a6ab0000)
 concurrent mark-sweep generation total 393216K, used 141211K [0x00000007a8000000, 0x00000007c0000000, 0x00000007c0000000)
 Metaspace       used 38282K, capacity 38834K, committed 39292K, reserved 1083392K
  class space    used 4153K, capacity 4327K, committed 4476K, reserved 1048576K
}
2017-06-12T14:14:44.007-0100: 67690.002: Total time for which application threads were stopped: 0.0053286 seconds, Stopping threads took: 0.0000330 seconds
{Heap before GC invocations=261 (full 7):
 par new generation   total 109248K, used 101529K [0x00000007a0000000, 0x00000007a8000000, 0x00000007a8000000)
  eden space 87424K, 100% used [0x00000007a0000000, 0x00000007a5560000, 0x00000007a5560000)
  from space 21824K,  64% used [0x00000007a6ab0000, 0x00000007a7876720, 0x00000007a8000000)
  to   space 21824K,   0% used [0x00000007a5560000, 0x00000007a5560000, 0x00000007a6ab0000)
 concurrent mark-sweep generation total 393216K, used 141211K [0x00000007a8000000, 0x00000007c0000000, 0x00000007c0000000)
 Metaspace       used 38282K, capacity 38834K, committed 39292K, reserved 1083392K
  class space    used 4153K, capacity 4327K, committed 4476K, reserved 1048576K
2017-06-12T14:14:44.153-0100: 67690.148: [GC (Allocation Failure) 2017-06-12T14:14:44.153-0100: 67690.148: [ParNew
Desired survivor size 20112992 bytes, new threshold 8 (max 8)
- age   1:      78520 bytes,      78520 total
- age   2:        728 bytes,      79248 total
- age   3:       1832 bytes,      81080 total
- age   4:       1040 bytes,      82120 total
- age   5:     304168 bytes,     386288 total
- age   6:    3765112 bytes,    4151400 total
- age   7:    6910232 bytes,   11061632 total
- age   8:    1115600 bytes,   12177232 total
: 101529K->14988K(109248K), 0.0047240 secs] 242741K->156980K(502464K), 0.0047791 secs] [Times: user=0.01 sys=0.00, real=0.00 secs] 
Heap after GC invocations=262 (full 7):
 par new generation   total 109248K, used 14988K [0x00000007a0000000, 0x00000007a8000000, 0x00000007a8000000)
  eden space 87424K,   0% used [0x00000007a0000000, 0x00000007a0000000, 0x00000007a5560000)
  from space 21824K,  68% used [0x00000007a5560000, 0x00000007a6403268, 0x00000007a6ab0000)
  to   space 21824K,   0% used [0x00000007a6ab0000, 0x00000007a6ab0000, 0x00000007a8000000)
 concurrent mark-sweep generation total 393216K, used 141992K [0x00000007a8000000, 0x00000007c0000000, 0x00000007c0000000)
 Metaspace       used 38282K, capacity 38834K, committed 39292K, reserved 1083392K
  class space    used 4153K, capacity 4327K, committed 4476K, reserved 1048576K
}
2017-06-12T14:14:44.158-0100: 67690.153: Total time for which application threads were stopped: 0.0049452 seconds, Stopping threads took: 0.0000198 seconds
{Heap before GC invocations=262 (full 7):
 par new generation   total 109248K, used 102412K [0x00000007a0000000, 0x00000007a8000000, 0x00000007a8000000)
  eden space 87424K, 100% used [0x00000007a0000000, 0x00000007a5560000, 0x00000007a5560000)
  from space 21824K,  68% used [0x00000007a5560000, 0x00000007a6403268, 0x00000007a6ab0000)
  to   space 21824K,   0% used [0x00000007a6ab0000, 0x00000007a6ab0000, 0x00000007a8000000)
 concurrent mark-sweep generation total 393216K, used 141992K [0x00000007a8000000, 0x00000007c0000000, 0x00000007c0000000)
 Metaspace       used 38282K, capacity 38834K, committed 39292K, reserved 1083392K
  class space    used 4153K, capacity 4327K, committed 4476K, reserved 1048576K
2017-06-12T14:14:44.251-0100: 67690.246: [GC (Allocation Failure) 2017-06-12T14:14:44.251-0100: 67690.246: [ParNew
Desired survivor size 20112992 bytes, new threshold 8 (max 8)
- age   1:      60104 bytes,      60104 total
- age   2:        328 bytes,      60432 total
- age   3:        728 bytes,      61160 total
- age   4:       1832 bytes,      62992 total
- age   5:       1040 bytes,      64032 total
- age   6:     304168 bytes,     368200 total
- age   7:    3974328 bytes,    4342528 total
- age   8:    6910232 bytes,   11252760 total
: 102412K->13013K(109248K), 0.0045461 secs] 244404K->156107K(502464K), 0.0046110 secs] [Times: user=0.02 sys=0.00, real=0.00 secs] 
Heap after GC invocations=263 (full 7):
 par new generation   total 109248K, used 13013K [0x00000007a0000000, 0x00000007a8000000, 0x00000007a8000000)
  eden space 87424K,   0% used [0x00000007a0000000, 0x00000007a0000000, 0x00000007a5560000)
  from space 21824K,  59% used [0x00000007a6ab0000, 0x00000007a7765430, 0x00000007a8000000)
  to   space 21824K,   0% used [0x00000007a5560000, 0x00000007a5560000, 0x00000007a6ab0000)
 concurrent mark-sweep generation total 393216K, used 143094K [0x00000007a8000000, 0x00000007c0000000, 0x00000007c0000000)
 Metaspace       used 38282K, capacity 38834K, committed 39292K, reserved 1083392K
  class space    used 4153K, capacity 4327K, committed 4476K, reserved 1048576K
}
2017-06-12T14:14:44.256-0100: 67690.250: Total time for which application threads were stopped: 0.0047777 seconds, Stopping threads took: 0.0000192 seconds
2017-06-12T14:14:44.277-0100: 67690.272: Total time for which application threads were stopped: 0.0001168 seconds, Stopping threads took: 0.0000198 seconds
2017-06-12T14:14:44.277-0100: 67690.272: Total time for which application threads were stopped: 0.0000680 seconds, Stopping threads took: 0.0000101 seconds
2017-06-12T14:14:44.279-0100: 67690.273: Total time for which application threads were stopped: 0.0000784 seconds, Stopping threads took: 0.0000106 seconds
2017-06-12T14:14:44.294-0100: 67690.289: Total time for which application threads were stopped: 0.0001215 seconds, Stopping threads took: 0.0000177 seconds
2017-06-12T14:14:44.294-0100: 67690.289: Total time for which application threads were stopped: 0.0000919 seconds, Stopping threads took: 0.0000129 seconds
2017-06-12T14:14:44.294-0100: 67690.289: Total time for which application threads were stopped: 0.0000641 seconds, Stopping threads took: 0.0000077 seconds
2017-06-12T14:14:44.294-0100: 67690.289: Total time for which application threads were stopped: 0.0000510 seconds, Stopping threads took: 0.0000190 seconds
2017-06-12T14:14:44.294-0100: 67690.289: Total time for which application threads were stopped: 0.0000366 seconds, Stopping threads took: 0.0000053 seconds
2017-06-12T14:14:44.294-0100: 67690.289: Total time for which application threads were stopped: 0.0000527 seconds, Stopping threads took: 0.0000055 seconds
2017-06-12T14:14:44.294-0100: 67690.289: Total time for which application threads were stopped: 0.0000360 seconds, Stopping threads took: 0.0000054 seconds
2017-06-12T14:14:44.294-0100: 67690.289: Total time for which application threads were stopped: 0.0000525 seconds, Stopping threads took: 0.0000054 seconds
2017-06-12T14:14:44.295-0100: 67690.289: Total time for which application threads were stopped: 0.0000487 seconds, Stopping threads took: 0.0000186 seconds
2017-06-12T14:14:44.306-0100: 67690.301: Total time for which application threads were stopped: 0.0001610 seconds, Stopping threads took: 0.0000418 seconds
2017-06-12T14:14:44.306-0100: 67690.301: Total time for which application threads were stopped: 0.0001203 seconds, Stopping threads took: 0.0000285 seconds
2017-06-12T14:14:52.316-0100: 67698.311: Total time for which application threads were stopped: 0.0001934 seconds, Stopping threads took: 0.0000338 seconds
2017-06-12T14:15:09.317-0100: 67715.312: Total time for which application threads were stopped: 0.0002038 seconds, Stopping threads took: 0.0000461 seconds
2017-06-12T14:15:09.662-0100: 67715.656: Total time for which application threads were stopped: 0.0052550 seconds, Stopping threads took: 0.0000300 seconds
2017-06-12T14:15:09.662-0100: 67715.657: Total time for which application threads were stopped: 0.0000906 seconds, Stopping threads took: 0.0000252 seconds
2017-06-12T14:15:09.662-0100: 67715.657: Total time for which application threads were stopped: 0.0000797 seconds, Stopping threads took: 0.0000213 seconds
2017-06-12T14:15:09.662-0100: 67715.657: Total time for which application threads were stopped: 0.0000623 seconds, Stopping threads took: 0.0000104 seconds
2017-06-12T14:15:09.662-0100: 67715.657: Total time for which application threads were stopped: 0.0000630 seconds, Stopping threads took: 0.0000184 seconds
2017-06-12T14:15:09.663-0100: 67715.657: Total time for which application threads were stopped: 0.0000629 seconds, Stopping threads took: 0.0000172 seconds
2017-06-12T14:15:09.664-0100: 67715.659: Total time for which application threads were stopped: 0.0012762 seconds, Stopping threads took: 0.0000215 seconds
2017-06-12T14:15:09.664-0100: 67715.659: Total time for which application threads were stopped: 0.0000666 seconds, Stopping threads took: 0.0000100 seconds
2017-06-12T14:15:10.697-0100: 67716.692: Total time for which application threads were stopped: 0.0002855 seconds, Stopping threads took: 0.0000325 seconds
2017-06-12T14:15:30.781-0100: 67736.776: Total time for which application threads were stopped: 0.0001128 seconds, Stopping threads took: 0.0000237 seconds
2017-06-12T14:15:30.782-0100: 67736.776: Total time for which application threads were stopped: 0.0000960 seconds, Stopping threads took: 0.0000129 seconds
2017-06-12T14:15:30.782-0100: 67736.776: Total time for which application threads were stopped: 0.0000790 seconds, Stopping threads took: 0.0000120 seconds
2017-06-12T14:15:30.782-0100: 67736.777: Total time for which application threads were stopped: 0.0000970 seconds, Stopping threads took: 0.0000204 seconds
2017-06-12T14:15:30.782-0100: 67736.777: Total time for which application threads were stopped: 0.0000973 seconds, Stopping threads took: 0.0000363 seconds
2017-06-12T14:15:30.782-0100: 67736.777: Total time for which application threads were stopped: 0.0000777 seconds, Stopping threads took: 0.0000250 seconds
2017-06-12T14:15:30.783-0100: 67736.778: Total time for which application threads were stopped: 0.0000968 seconds, Stopping threads took: 0.0000120 seconds
2017-06-12T14:15:30.786-0100: 67736.780: Total time for which application threads were stopped: 0.0000933 seconds, Stopping threads took: 0.0000163 seconds
2017-06-12T14:15:31.790-0100: 67737.785: Total time for which application threads were stopped: 0.0001557 seconds, Stopping threads took: 0.0000332 seconds
2017-06-12T14:15:50.719-0100: 67756.713: Total time for which application threads were stopped: 0.0001655 seconds, Stopping threads took: 0.0000552 seconds
2017-06-12T14:15:50.719-0100: 67756.713: Total time for which application threads were stopped: 0.0001300 seconds, Stopping threads took: 0.0000557 seconds
2017-06-12T14:15:50.729-0100: 67756.724: Total time for which application threads were stopped: 0.0002717 seconds, Stopping threads took: 0.0000257 seconds
2017-06-12T14:15:50.730-0100: 67756.724: Total time for which application threads were stopped: 0.0001626 seconds, Stopping threads took: 0.0000121 seconds
2017-06-12T14:15:50.730-0100: 67756.724: Total time for which application threads were stopped: 0.0001000 seconds, Stopping threads took: 0.0000076 seconds
2017-06-12T14:16:50.733-0100: 67816.726: Total time for which application threads were stopped: 0.0001544 seconds, Stopping threads took: 0.0000318 seconds
2017-06-12T14:17:11.768-0100: 67837.761: Total time for which application threads were stopped: 0.0002213 seconds, Stopping threads took: 0.0000329 seconds
2017-06-12T14:17:52.008-0100: 67878.002: Total time for which application threads were stopped: 0.0007201 seconds, Stopping threads took: 0.0000173 seconds
2017-06-12T14:17:52.023-0100: 67878.017: Total time for which application threads were stopped: 0.0007503 seconds, Stopping threads took: 0.0000495 seconds
2017-06-12T14:17:57.113-0100: 67883.106: Total time for which application threads were stopped: 0.0000986 seconds, Stopping threads took: 0.0000171 seconds
2017-06-12T14:17:57.114-0100: 67883.107: Total time for which application threads were stopped: 0.0000899 seconds, Stopping threads took: 0.0000213 seconds
2017-06-12T14:30:02.023-0100: 68608.011: Total time for which application threads were stopped: 0.0001843 seconds, Stopping threads took: 0.0000249 seconds
2017-06-12T14:30:02.024-0100: 68608.011: Total time for which application threads were stopped: 0.0001033 seconds, Stopping threads took: 0.0000119 seconds
2017-06-12T14:30:02.033-0100: 68608.021: Total time for which application threads were stopped: 0.0001291 seconds, Stopping threads took: 0.0000260 seconds
2017-06-12T14:30:02.033-0100: 68608.021: Total time for which application threads were stopped: 0.0000812 seconds, Stopping threads took: 0.0000139 seconds
2017-06-12T14:30:11.041-0100: 68617.028: Total time for which application threads were stopped: 0.0000954 seconds, Stopping threads took: 0.0000180 seconds
2017-06-12T14:30:11.041-0100: 68617.029: Total time for which application threads were stopped: 0.0000631 seconds, Stopping threads took: 0.0000083 seconds
2017-06-12T14:30:12.042-0100: 68618.030: Total time for which application threads were stopped: 0.0002144 seconds, Stopping threads took: 0.0000441 seconds
2017-06-12T14:30:12.059-0100: 68618.047: Total time for which application threads were stopped: 0.0001152 seconds, Stopping threads took: 0.0000208 seconds
2017-06-12T14:30:12.060-0100: 68618.047: Total time for which application threads were stopped: 0.0000594 seconds, Stopping threads took: 0.0000094 seconds
2017-06-12T14:30:12.060-0100: 68618.047: Total time for which application threads were stopped: 0.0000548 seconds, Stopping threads took: 0.0000081 seconds
2017-06-12T14:30:12.060-0100: 68618.047: Total time for which application threads were stopped: 0.0000542 seconds, Stopping threads took: 0.0000084 seconds
2017-06-12T14:30:12.060-0100: 68618.047: Total time for which application threads were stopped: 0.0000533 seconds, Stopping threads took: 0.0000080 seconds
2017-06-12T14:30:12.060-0100: 68618.047: Total time for which application threads were stopped: 0.0000533 seconds, Stopping threads took: 0.0000083 seconds
2017-06-12T14:30:12.060-0100: 68618.047: Total time for which application threads were stopped: 0.0000527 seconds, Stopping threads took: 0.0000080 seconds
2017-06-12T14:30:12.060-0100: 68618.048: Total time for which application threads were stopped: 0.0000526 seconds, Stopping threads took: 0.0000082 seconds
2017-06-12T14:30:12.060-0100: 68618.048: Total time for which application threads were stopped: 0.0000549 seconds, Stopping threads took: 0.0000086 seconds
2017-06-12T14:30:12.060-0100: 68618.048: Total time for which application threads were stopped: 0.0000537 seconds, Stopping threads took: 0.0000081 seconds
2017-06-12T14:30:12.060-0100: 68618.048: Total time for which application threads were stopped: 0.0000530 seconds, Stopping threads took: 0.0000081 seconds
2017-06-12T14:30:12.060-0100: 68618.048: Total time for which application threads were stopped: 0.0000532 seconds, Stopping threads took: 0.0000080 seconds
2017-06-12T14:30:12.060-0100: 68618.048: Total time for which application threads were stopped: 0.0000536 seconds, Stopping threads took: 0.0000086 seconds
2017-06-12T14:30:12.061-0100: 68618.048: Total time for which application threads were stopped: 0.0000551 seconds, Stopping threads took: 0.0000082 seconds
2017-06-12T14:30:12.061-0100: 68618.049: Total time for which application threads were stopped: 0.0000829 seconds, Stopping threads took: 0.0000119 seconds
2017-06-12T14:30:12.061-0100: 68618.049: Total time for which application threads were stopped: 0.0000655 seconds, Stopping threads took: 0.0000122 seconds
2017-06-12T14:30:16.439-0100: 68622.427: Total time for which application threads were stopped: 0.0002731 seconds, Stopping threads took: 0.0001428 seconds
2017-06-12T14:30:16.439-0100: 68622.427: Total time for which application threads were stopped: 0.0001402 seconds, Stopping threads took: 0.0000386 seconds
2017-06-12T14:30:16.452-0100: 68622.439: Total time for which application threads were stopped: 0.0001131 seconds, Stopping threads took: 0.0000224 seconds
2017-06-12T14:30:16.452-0100: 68622.439: Total time for which application threads were stopped: 0.0000804 seconds, Stopping threads took: 0.0000146 seconds
2017-06-12T14:30:16.488-0100: 68622.475: Total time for which application threads were stopped: 0.0001528 seconds, Stopping threads took: 0.0000478 seconds
2017-06-12T14:30:16.488-0100: 68622.475: Total time for which application threads were stopped: 0.0001406 seconds, Stopping threads took: 0.0000311 seconds
2017-06-12T14:30:16.497-0100: 68622.484: Total time for which application threads were stopped: 0.0001187 seconds, Stopping threads took: 0.0000244 seconds
2017-06-12T14:30:16.497-0100: 68622.484: Total time for which application threads were stopped: 0.0000683 seconds, Stopping threads took: 0.0000118 seconds
2017-06-12T14:30:17.577-0100: 68623.565: Total time for which application threads were stopped: 0.0001747 seconds, Stopping threads took: 0.0000259 seconds
2017-06-12T14:30:17.577-0100: 68623.565: Total time for which application threads were stopped: 0.0001073 seconds, Stopping threads took: 0.0000145 seconds
2017-06-12T14:30:17.588-0100: 68623.575: Total time for which application threads were stopped: 0.0001038 seconds, Stopping threads took: 0.0000197 seconds
2017-06-12T14:30:17.588-0100: 68623.575: Total time for which application threads were stopped: 0.0000622 seconds, Stopping threads took: 0.0000111 seconds
2017-06-12T14:30:18.314-0100: 68624.301: Total time for which application threads were stopped: 0.0001229 seconds, Stopping threads took: 0.0000313 seconds
{Heap before GC invocations=263 (full 7):
 par new generation   total 109248K, used 100437K [0x00000007a0000000, 0x00000007a8000000, 0x00000007a8000000)
  eden space 87424K, 100% used [0x00000007a0000000, 0x00000007a5560000, 0x00000007a5560000)
  from space 21824K,  59% used [0x00000007a6ab0000, 0x00000007a7765430, 0x00000007a8000000)
  to   space 21824K,   0% used [0x00000007a5560000, 0x00000007a5560000, 0x00000007a6ab0000)
 concurrent mark-sweep generation total 393216K, used 143094K [0x00000007a8000000, 0x00000007c0000000, 0x00000007c0000000)
 Metaspace       used 38346K, capacity 38898K, committed 39292K, reserved 1083392K
  class space    used 4160K, capacity 4327K, committed 4476K, reserved 1048576K
2017-06-12T14:30:18.354-0100: 68624.342: [GC (Allocation Failure) 2017-06-12T14:30:18.354-0100: 68624.342: [ParNew
Desired survivor size 20112992 bytes, new threshold 8 (max 8)
- age   1:    2105312 bytes,    2105312 total
- age   2:        648 bytes,    2105960 total
- age   3:        328 bytes,    2106288 total
- age   4:        648 bytes,    2106936 total
- age   5:       1832 bytes,    2108768 total
- age   6:       1040 bytes,    2109808 total
- age   7:     298048 bytes,    2407856 total
- age   8:    3974304 bytes,    6382160 total
: 100437K->7996K(109248K), 0.0062262 secs] 243531K->157855K(502464K), 0.0062809 secs] [Times: user=0.02 sys=0.00, real=0.01 secs] 
Heap after GC invocations=264 (full 7):
 par new generation   total 109248K, used 7996K [0x00000007a0000000, 0x00000007a8000000, 0x00000007a8000000)
  eden space 87424K,   0% used [0x00000007a0000000, 0x00000007a0000000, 0x00000007a5560000)
  from space 21824K,  36% used [0x00000007a5560000, 0x00000007a5d2f060, 0x00000007a6ab0000)
  to   space 21824K,   0% used [0x00000007a6ab0000, 0x00000007a6ab0000, 0x00000007a8000000)
 concurrent mark-sweep generation total 393216K, used 149859K [0x00000007a8000000, 0x00000007c0000000, 0x00000007c0000000)
 Metaspace       used 38346K, capacity 38898K, committed 39292K, reserved 1083392K
  class space    used 4160K, capacity 4327K, committed 4476K, reserved 1048576K
}
2017-06-12T14:30:18.361-0100: 68624.348: Total time for which application threads were stopped: 0.0064598 seconds, Stopping threads took: 0.0000195 seconds
2017-06-12T14:30:18.361-0100: 68624.349: Total time for which application threads were stopped: 0.0006395 seconds, Stopping threads took: 0.0000177 seconds
{Heap before GC invocations=264 (full 7):
 par new generation   total 109248K, used 95420K [0x00000007a0000000, 0x00000007a8000000, 0x00000007a8000000)
  eden space 87424K, 100% used [0x00000007a0000000, 0x00000007a5560000, 0x00000007a5560000)
  from space 21824K,  36% used [0x00000007a5560000, 0x00000007a5d2f060, 0x00000007a6ab0000)
  to   space 21824K,   0% used [0x00000007a6ab0000, 0x00000007a6ab0000, 0x00000007a8000000)
 concurrent mark-sweep generation total 393216K, used 149859K [0x00000007a8000000, 0x00000007c0000000, 0x00000007c0000000)
 Metaspace       used 38355K, capacity 38910K, committed 39292K, reserved 1083392K
  class space    used 4162K, capacity 4329K, committed 4476K, reserved 1048576K
2017-06-12T14:30:18.404-0100: 68624.391: [GC (Allocation Failure) 2017-06-12T14:30:18.404-0100: 68624.391: [ParNew
Desired survivor size 20112992 bytes, new threshold 8 (max 8)
- age   1:     162928 bytes,     162928 total
- age   2:    1707056 bytes,    1869984 total
- age   3:        648 bytes,    1870632 total
- age   4:        328 bytes,    1870960 total
- age   5:        648 bytes,    1871608 total
- age   6:       1832 bytes,    1873440 total
- age   7:       1040 bytes,    1874480 total
- age   8:     298048 bytes,    2172528 total
: 95420K->3962K(109248K), 0.0043792 secs] 245279K->157514K(502464K), 0.0044534 secs] [Times: user=0.02 sys=0.00, real=0.00 secs] 
Heap after GC invocations=265 (full 7):
 par new generation   total 109248K, used 3962K [0x00000007a0000000, 0x00000007a8000000, 0x00000007a8000000)
  eden space 87424K,   0% used [0x00000007a0000000, 0x00000007a0000000, 0x00000007a5560000)
  from space 21824K,  18% used [0x00000007a6ab0000, 0x00000007a6e8e990, 0x00000007a8000000)
  to   space 21824K,   0% used [0x00000007a5560000, 0x00000007a5560000, 0x00000007a6ab0000)
 concurrent mark-sweep generation total 393216K, used 153552K [0x00000007a8000000, 0x00000007c0000000, 0x00000007c0000000)
 Metaspace       used 38355K, capacity 38910K, committed 39292K, reserved 1083392K
  class space    used 4162K, capacity 4329K, committed 4476K, reserved 1048576K
}
2017-06-12T14:30:18.408-0100: 68624.396: Total time for which application threads were stopped: 0.0046247 seconds, Stopping threads took: 0.0000212 seconds
2017-06-12T14:30:18.409-0100: 68624.396: Total time for which application threads were stopped: 0.0001777 seconds, Stopping threads took: 0.0000582 seconds
{Heap before GC invocations=265 (full 7):
 par new generation   total 109248K, used 91386K [0x00000007a0000000, 0x00000007a8000000, 0x00000007a8000000)
  eden space 87424K, 100% used [0x00000007a0000000, 0x00000007a5560000, 0x00000007a5560000)
  from space 21824K,  18% used [0x00000007a6ab0000, 0x00000007a6e8e990, 0x00000007a8000000)
  to   space 21824K,   0% used [0x00000007a5560000, 0x00000007a5560000, 0x00000007a6ab0000)
 concurrent mark-sweep generation total 393216K, used 153552K [0x00000007a8000000, 0x00000007c0000000, 0x00000007c0000000)
 Metaspace       used 38367K, capacity 38928K, committed 39292K, reserved 1083392K
  class space    used 4164K, capacity 4332K, committed 4476K, reserved 1048576K
2017-06-12T14:30:18.503-0100: 68624.490: [GC (Allocation Failure) 2017-06-12T14:30:18.503-0100: 68624.490: [ParNew
Desired survivor size 20112992 bytes, new threshold 8 (max 8)
- age   1:    1120912 bytes,    1120912 total
- age   2:      94432 bytes,    1215344 total
- age   3:    1696176 bytes,    2911520 total
- age   4:        648 bytes,    2912168 total
- age   5:        328 bytes,    2912496 total
- age   6:        648 bytes,    2913144 total
- age   7:       1832 bytes,    2914976 total
- age   8:       1040 bytes,    2916016 total
: 91386K->3703K(109248K), 0.0031301 secs] 244938K->157548K(502464K), 0.0031927 secs] [Times: user=0.01 sys=0.00, real=0.00 secs] 
Heap after GC invocations=266 (full 7):
 par new generation   total 109248K, used 3703K [0x00000007a0000000, 0x00000007a8000000, 0x00000007a8000000)
  eden space 87424K,   0% used [0x00000007a0000000, 0x00000007a0000000, 0x00000007a5560000)
  from space 21824K,  16% used [0x00000007a5560000, 0x00000007a58fdea0, 0x00000007a6ab0000)
  to   space 21824K,   0% used [0x00000007a6ab0000, 0x00000007a6ab0000, 0x00000007a8000000)
 concurrent mark-sweep generation total 393216K, used 153844K [0x00000007a8000000, 0x00000007c0000000, 0x00000007c0000000)
 Metaspace       used 38367K, capacity 38928K, committed 39292K, reserved 1083392K
  class space    used 4164K, capacity 4332K, committed 4476K, reserved 1048576K
}
2017-06-12T14:30:18.506-0100: 68624.493: Total time for which application threads were stopped: 0.0033768 seconds, Stopping threads took: 0.0000197 seconds
{Heap before GC invocations=266 (full 7):
 par new generation   total 109248K, used 91127K [0x00000007a0000000, 0x00000007a8000000, 0x00000007a8000000)
  eden space 87424K, 100% used [0x00000007a0000000, 0x00000007a5560000, 0x00000007a5560000)
  from space 21824K,  16% used [0x00000007a5560000, 0x00000007a58fdea0, 0x00000007a6ab0000)
  to   space 21824K,   0% used [0x00000007a6ab0000, 0x00000007a6ab0000, 0x00000007a8000000)
 concurrent mark-sweep generation total 393216K, used 153844K [0x00000007a8000000, 0x00000007c0000000, 0x00000007c0000000)
 Metaspace       used 38367K, capacity 38928K, committed 39292K, reserved 1083392K
  class space    used 4164K, capacity 4332K, committed 4476K, reserved 1048576K
2017-06-12T14:30:18.680-0100: 68624.667: [GC (Allocation Failure) 2017-06-12T14:30:18.680-0100: 68624.667: [ParNew
Desired survivor size 20112992 bytes, new threshold 8 (max 8)
- age   1:    1560952 bytes,    1560952 total
- age   2:     428880 bytes,    1989832 total
- age   3:      94432 bytes,    2084264 total
- age   4:    1037968 bytes,    3122232 total
- age   5:        648 bytes,    3122880 total
- age   6:        328 bytes,    3123208 total
- age   7:        648 bytes,    3123856 total
- age   8:       1832 bytes,    3125688 total
: 91127K->3664K(109248K), 0.0034892 secs] 244972K->157509K(502464K), 0.0035797 secs] [Times: user=0.03 sys=0.00, real=0.00 secs] 
Heap after GC invocations=267 (full 7):
 par new generation   total 109248K, used 3664K [0x00000007a0000000, 0x00000007a8000000, 0x00000007a8000000)
  eden space 87424K,   0% used [0x00000007a0000000, 0x00000007a0000000, 0x00000007a5560000)
  from space 21824K,  16% used [0x00000007a6ab0000, 0x00000007a6e44078, 0x00000007a8000000)
  to   space 21824K,   0% used [0x00000007a5560000, 0x00000007a5560000, 0x00000007a6ab0000)
 concurrent mark-sweep generation total 393216K, used 153845K [0x00000007a8000000, 0x00000007c0000000, 0x00000007c0000000)
 Metaspace       used 38367K, capacity 38928K, committed 39292K, reserved 1083392K
  class space    used 4164K, capacity 4332K, committed 4476K, reserved 1048576K
}
2017-06-12T14:30:18.683-0100: 68624.671: Total time for which application threads were stopped: 0.0043105 seconds, Stopping threads took: 0.0000239 seconds
{Heap before GC invocations=267 (full 7):
 par new generation   total 109248K, used 91088K [0x00000007a0000000, 0x00000007a8000000, 0x00000007a8000000)
  eden space 87424K, 100% used [0x00000007a0000000, 0x00000007a5560000, 0x00000007a5560000)
  from space 21824K,  16% used [0x00000007a6ab0000, 0x00000007a6e44078, 0x00000007a8000000)
  to   space 21824K,   0% used [0x00000007a5560000, 0x00000007a5560000, 0x00000007a6ab0000)
 concurrent mark-sweep generation total 393216K, used 153845K [0x00000007a8000000, 0x00000007c0000000, 0x00000007c0000000)
 Metaspace       used 38368K, capacity 38928K, committed 39292K, reserved 1083392K
  class space    used 4164K, capacity 4332K, committed 4476K, reserved 1048576K
2017-06-12T14:30:18.835-0100: 68624.822: [GC (Allocation Failure) 2017-06-12T14:30:18.835-0100: 68624.822: [ParNew
Desired survivor size 20112992 bytes, new threshold 8 (max 8)
- age   1:     835120 bytes,     835120 total
- age   2:    1438760 bytes,    2273880 total
- age   3:     428880 bytes,    2702760 total
- age   4:      94432 bytes,    2797192 total
- age   5:    1037968 bytes,    3835160 total
- age   6:        648 bytes,    3835808 total
- age   7:        328 bytes,    3836136 total
- age   8:        648 bytes,    3836784 total
: 91088K->5232K(109248K), 0.0030434 secs] 244933K->159080K(502464K), 0.0031156 secs] [Times: user=0.01 sys=0.00, real=0.00 secs] 
Heap after GC invocations=268 (full 7):
 par new generation   total 109248K, used 5232K [0x00000007a0000000, 0x00000007a8000000, 0x00000007a8000000)
  eden space 87424K,   0% used [0x00000007a0000000, 0x00000007a0000000, 0x00000007a5560000)
  from space 21824K,  23% used [0x00000007a5560000, 0x00000007a5a7c380, 0x00000007a6ab0000)
  to   space 21824K,   0% used [0x00000007a6ab0000, 0x00000007a6ab0000, 0x00000007a8000000)
 concurrent mark-sweep generation total 393216K, used 153847K [0x00000007a8000000, 0x00000007c0000000, 0x00000007c0000000)
 Metaspace       used 38368K, capacity 38928K, committed 39292K, reserved 1083392K
  class space    used 4164K, capacity 4332K, committed 4476K, reserved 1048576K
}
2017-06-12T14:30:18.838-0100: 68624.825: Total time for which application threads were stopped: 0.0033046 seconds, Stopping threads took: 0.0000334 seconds
2017-06-12T14:30:18.842-0100: 68624.829: Total time for which application threads were stopped: 0.0001643 seconds, Stopping threads took: 0.0000622 seconds
2017-06-12T14:30:19.057-0100: 68625.045: Total time for which application threads were stopped: 0.0001487 seconds, Stopping threads took: 0.0000611 seconds
2017-06-12T14:30:19.058-0100: 68625.046: Total time for which application threads were stopped: 0.0000932 seconds, Stopping threads took: 0.0000119 seconds
2017-06-12T14:30:19.065-0100: 68625.052: Total time for which application threads were stopped: 0.0008140 seconds, Stopping threads took: 0.0000162 seconds
2017-06-12T14:30:19.068-0100: 68625.056: Total time for which application threads were stopped: 0.0001205 seconds, Stopping threads took: 0.0000325 seconds
2017-06-12T14:30:19.068-0100: 68625.056: Total time for which application threads were stopped: 0.0000887 seconds, Stopping threads took: 0.0000366 seconds
2017-06-12T14:30:19.068-0100: 68625.056: Total time for which application threads were stopped: 0.0000470 seconds, Stopping threads took: 0.0000085 seconds
2017-06-12T14:30:19.068-0100: 68625.056: Total time for which application threads were stopped: 0.0000459 seconds, Stopping threads took: 0.0000086 seconds
2017-06-12T14:30:19.069-0100: 68625.056: Total time for which application threads were stopped: 0.0001182 seconds, Stopping threads took: 0.0000543 seconds
2017-06-12T14:30:19.073-0100: 68625.061: Total time for which application threads were stopped: 0.0001438 seconds, Stopping threads took: 0.0000177 seconds
2017-06-12T14:30:19.077-0100: 68625.064: Total time for which application threads were stopped: 0.0001340 seconds, Stopping threads took: 0.0000325 seconds
2017-06-12T14:30:20.080-0100: 68626.067: Total time for which application threads were stopped: 0.0001617 seconds, Stopping threads took: 0.0000320 seconds
2017-06-12T14:30:20.099-0100: 68626.086: Total time for which application threads were stopped: 0.0001562 seconds, Stopping threads took: 0.0000477 seconds
2017-06-12T14:30:20.105-0100: 68626.092: Total time for which application threads were stopped: 0.0001542 seconds, Stopping threads took: 0.0000478 seconds
2017-06-12T14:30:20.105-0100: 68626.092: Total time for which application threads were stopped: 0.0001064 seconds, Stopping threads took: 0.0000261 seconds
2017-06-12T14:30:20.113-0100: 68626.101: Total time for which application threads were stopped: 0.0001298 seconds, Stopping threads took: 0.0000345 seconds
2017-06-12T14:30:20.113-0100: 68626.101: Total time for which application threads were stopped: 0.0000834 seconds, Stopping threads took: 0.0000121 seconds
2017-06-12T14:30:22.300-0100: 68628.288: Total time for which application threads were stopped: 0.0001497 seconds, Stopping threads took: 0.0000229 seconds
2017-06-12T14:30:22.307-0100: 68628.294: Total time for which application threads were stopped: 0.0001712 seconds, Stopping threads took: 0.0000432 seconds
2017-06-12T14:30:22.307-0100: 68628.294: Total time for which application threads were stopped: 0.0001013 seconds, Stopping threads took: 0.0000097 seconds
2017-06-12T14:30:22.310-0100: 68628.298: Total time for which application threads were stopped: 0.0001854 seconds, Stopping threads took: 0.0000403 seconds
2017-06-12T14:30:22.310-0100: 68628.298: Total time for which application threads were stopped: 0.0001280 seconds, Stopping threads took: 0.0000250 seconds
2017-06-12T14:30:22.316-0100: 68628.303: Total time for which application threads were stopped: 0.0001712 seconds, Stopping threads took: 0.0000577 seconds
2017-06-12T14:30:22.316-0100: 68628.304: Total time for which application threads were stopped: 0.0001077 seconds, Stopping threads took: 0.0000424 seconds
2017-06-12T14:30:22.320-0100: 68628.308: Total time for which application threads were stopped: 0.0001279 seconds, Stopping threads took: 0.0000224 seconds
2017-06-12T14:30:22.321-0100: 68628.308: Total time for which application threads were stopped: 0.0000922 seconds, Stopping threads took: 0.0000170 seconds
2017-06-12T14:30:23.654-0100: 68629.642: Total time for which application threads were stopped: 0.0001677 seconds, Stopping threads took: 0.0000259 seconds
2017-06-12T14:30:23.654-0100: 68629.642: Total time for which application threads were stopped: 0.0001002 seconds, Stopping threads took: 0.0000113 seconds
2017-06-12T14:30:23.664-0100: 68629.652: Total time for which application threads were stopped: 0.0001259 seconds, Stopping threads took: 0.0000245 seconds
2017-06-12T14:30:23.664-0100: 68629.652: Total time for which application threads were stopped: 0.0000834 seconds, Stopping threads took: 0.0000122 seconds
2017-06-12T14:30:25.378-0100: 68631.365: Total time for which application threads were stopped: 0.0001188 seconds, Stopping threads took: 0.0000190 seconds
2017-06-12T14:30:25.378-0100: 68631.365: Total time for which application threads were stopped: 0.0001094 seconds, Stopping threads took: 0.0000080 seconds
2017-06-12T14:30:25.386-0100: 68631.374: Total time for which application threads were stopped: 0.0001235 seconds, Stopping threads took: 0.0000246 seconds
2017-06-12T14:30:25.386-0100: 68631.374: Total time for which application threads were stopped: 0.0000769 seconds, Stopping threads took: 0.0000113 seconds
2017-06-12T14:30:29.944-0100: 68635.932: Total time for which application threads were stopped: 0.0001074 seconds, Stopping threads took: 0.0000176 seconds
2017-06-12T14:30:29.944-0100: 68635.932: Total time for which application threads were stopped: 0.0000676 seconds, Stopping threads took: 0.0000148 seconds
2017-06-12T14:30:29.945-0100: 68635.932: Total time for which application threads were stopped: 0.0000518 seconds, Stopping threads took: 0.0000069 seconds
2017-06-12T14:30:29.946-0100: 68635.933: Total time for which application threads were stopped: 0.0000692 seconds, Stopping threads took: 0.0000107 seconds
2017-06-12T14:30:29.969-0100: 68635.956: Total time for which application threads were stopped: 0.0001181 seconds, Stopping threads took: 0.0000194 seconds
{Heap before GC invocations=268 (full 7):
 par new generation   total 109248K, used 92656K [0x00000007a0000000, 0x00000007a8000000, 0x00000007a8000000)
  eden space 87424K, 100% used [0x00000007a0000000, 0x00000007a5560000, 0x00000007a5560000)
  from space 21824K,  23% used [0x00000007a5560000, 0x00000007a5a7c380, 0x00000007a6ab0000)
  to   space 21824K,   0% used [0x00000007a6ab0000, 0x00000007a6ab0000, 0x00000007a8000000)
 concurrent mark-sweep generation total 393216K, used 153847K [0x00000007a8000000, 0x00000007c0000000, 0x00000007c0000000)
 Metaspace       used 38474K, capacity 39060K, committed 39548K, reserved 1085440K
  class space    used 4174K, capacity 4332K, committed 4476K, reserved 1048576K
2017-06-12T14:30:30.126-0100: 68636.114: [GC (Allocation Failure) 2017-06-12T14:30:30.126-0100: 68636.114: [ParNew
Desired survivor size 20112992 bytes, new threshold 8 (max 8)
- age   1:    6831912 bytes,    6831912 total
- age   2:     644432 bytes,    7476344 total
- age   3:     953280 bytes,    8429624 total
- age   4:      97528 bytes,    8527152 total
- age   5:      94432 bytes,    8621584 total
- age   6:    1011824 bytes,    9633408 total
- age   7:        648 bytes,    9634056 total
- age   8:        328 bytes,    9634384 total
: 92656K->10397K(109248K), 0.0038163 secs] 246504K->164246K(502464K), 0.0038772 secs] [Times: user=0.01 sys=0.00, real=0.01 secs] 
Heap after GC invocations=269 (full 7):
 par new generation   total 109248K, used 10397K [0x00000007a0000000, 0x00000007a8000000, 0x00000007a8000000)
  eden space 87424K,   0% used [0x00000007a0000000, 0x00000007a0000000, 0x00000007a5560000)
  from space 21824K,  47% used [0x00000007a6ab0000, 0x00000007a74d7740, 0x00000007a8000000)
  to   space 21824K,   0% used [0x00000007a5560000, 0x00000007a5560000, 0x00000007a6ab0000)
 concurrent mark-sweep generation total 393216K, used 153848K [0x00000007a8000000, 0x00000007c0000000, 0x00000007c0000000)
 Metaspace       used 38474K, capacity 39060K, committed 39548K, reserved 1085440K
  class space    used 4174K, capacity 4332K, committed 4476K, reserved 1048576K
}
2017-06-12T14:30:30.130-0100: 68636.118: Total time for which application threads were stopped: 0.0040739 seconds, Stopping threads took: 0.0000323 seconds
2017-06-12T14:30:30.130-0100: 68636.118: Total time for which application threads were stopped: 0.0001335 seconds, Stopping threads took: 0.0000557 seconds
{Heap before GC invocations=269 (full 7):
 par new generation   total 109248K, used 97821K [0x00000007a0000000, 0x00000007a8000000, 0x00000007a8000000)
  eden space 87424K, 100% used [0x00000007a0000000, 0x00000007a5560000, 0x00000007a5560000)
  from space 21824K,  47% used [0x00000007a6ab0000, 0x00000007a74d7740, 0x00000007a8000000)
  to   space 21824K,   0% used [0x00000007a5560000, 0x00000007a5560000, 0x00000007a6ab0000)
 concurrent mark-sweep generation total 393216K, used 153848K [0x00000007a8000000, 0x00000007c0000000, 0x00000007c0000000)
 Metaspace       used 38474K, capacity 39060K, committed 39548K, reserved 1085440K
  class space    used 4174K, capacity 4332K, committed 4476K, reserved 1048576K
2017-06-12T14:30:30.370-0100: 68636.357: [GC (Allocation Failure) 2017-06-12T14:30:30.370-0100: 68636.357: [ParNew
Desired survivor size 20112992 bytes, new threshold 8 (max 8)
- age   1:    8463192 bytes,    8463192 total
- age   2:    4213560 bytes,   12676752 total
- age   3:     644432 bytes,   13321184 total
- age   4:     953280 bytes,   14274464 total
- age   5:      97528 bytes,   14371992 total
- age   6:      94432 bytes,   14466424 total
- age   7:    1011824 bytes,   15478248 total
- age   8:        648 bytes,   15478896 total
: 97821K->17740K(109248K), 0.0049959 secs] 251670K->171589K(502464K), 0.0050602 secs] [Times: user=0.01 sys=0.00, real=0.00 secs] 
Heap after GC invocations=270 (full 7):
 par new generation   total 109248K, used 17740K [0x00000007a0000000, 0x00000007a8000000, 0x00000007a8000000)
  eden space 87424K,   0% used [0x00000007a0000000, 0x00000007a0000000, 0x00000007a5560000)
  from space 21824K,  81% used [0x00000007a5560000, 0x00000007a66b3280, 0x00000007a6ab0000)
  to   space 21824K,   0% used [0x00000007a6ab0000, 0x00000007a6ab0000, 0x00000007a8000000)
 concurrent mark-sweep generation total 393216K, used 153848K [0x00000007a8000000, 0x00000007c0000000, 0x00000007c0000000)
 Metaspace       used 38474K, capacity 39060K, committed 39548K, reserved 1085440K
  class space    used 4174K, capacity 4332K, committed 4476K, reserved 1048576K
}
2017-06-12T14:30:30.375-0100: 68636.362: Total time for which application threads were stopped: 0.0052456 seconds, Stopping threads took: 0.0000201 seconds
{Heap before GC invocations=270 (full 7):
 par new generation   total 109248K, used 105164K [0x00000007a0000000, 0x00000007a8000000, 0x00000007a8000000)
  eden space 87424K, 100% used [0x00000007a0000000, 0x00000007a5560000, 0x00000007a5560000)
  from space 21824K,  81% used [0x00000007a5560000, 0x00000007a66b3280, 0x00000007a6ab0000)
  to   space 21824K,   0% used [0x00000007a6ab0000, 0x00000007a6ab0000, 0x00000007a8000000)
 concurrent mark-sweep generation total 393216K, used 153848K [0x00000007a8000000, 0x00000007c0000000, 0x00000007c0000000)
 Metaspace       used 38474K, capacity 39060K, committed 39548K, reserved 1085440K
  class space    used 4174K, capacity 4332K, committed 4476K, reserved 1048576K
2017-06-12T14:30:30.660-0100: 68636.647: [GC (Allocation Failure) 2017-06-12T14:30:30.660-0100: 68636.647: [ParNew
Desired survivor size 20112992 bytes, new threshold 8 (max 8)
- age   1:    7948864 bytes,    7948864 total
- age   2:    4587848 bytes,   12536712 total
- age   3:    4152008 bytes,   16688720 total
- age   4:     644432 bytes,   17333152 total
- age   5:     953280 bytes,   18286432 total
- age   6:      97528 bytes,   18383960 total
- age   7:      94432 bytes,   18478392 total
- age   8:    1011600 bytes,   19489992 total
: 105164K->21824K(109248K), 0.0055720 secs] 259013K->176998K(502464K), 0.0056395 secs] [Times: user=0.02 sys=0.00, real=0.00 secs] 
Heap after GC invocations=271 (full 7):
 par new generation   total 109248K, used 21824K [0x00000007a0000000, 0x00000007a8000000, 0x00000007a8000000)
  eden space 87424K,   0% used [0x00000007a0000000, 0x00000007a0000000, 0x00000007a5560000)
  from space 21824K, 100% used [0x00000007a6ab0000, 0x00000007a8000000, 0x00000007a8000000)
  to   space 21824K,   0% used [0x00000007a5560000, 0x00000007a5560000, 0x00000007a6ab0000)
 concurrent mark-sweep generation total 393216K, used 155174K [0x00000007a8000000, 0x00000007c0000000, 0x00000007c0000000)
 Metaspace       used 38474K, capacity 39060K, committed 39548K, reserved 1085440K
  class space    used 4174K, capacity 4332K, committed 4476K, reserved 1048576K
}
2017-06-12T14:30:30.666-0100: 68636.653: Total time for which application threads were stopped: 0.0058078 seconds, Stopping threads took: 0.0000188 seconds
{Heap before GC invocations=271 (full 7):
 par new generation   total 109248K, used 109248K [0x00000007a0000000, 0x00000007a8000000, 0x00000007a8000000)
  eden space 87424K, 100% used [0x00000007a0000000, 0x00000007a5560000, 0x00000007a5560000)
  from space 21824K, 100% used [0x00000007a6ab0000, 0x00000007a8000000, 0x00000007a8000000)
  to   space 21824K,   0% used [0x00000007a5560000, 0x00000007a5560000, 0x00000007a6ab0000)
 concurrent mark-sweep generation total 393216K, used 155174K [0x00000007a8000000, 0x00000007c0000000, 0x00000007c0000000)
 Metaspace       used 38474K, capacity 39060K, committed 39548K, reserved 1085440K
  class space    used 4174K, capacity 4332K, committed 4476K, reserved 1048576K
2017-06-12T14:30:30.919-0100: 68636.907: [GC (Allocation Failure) 2017-06-12T14:30:30.919-0100: 68636.907: [ParNew
Desired survivor size 20112992 bytes, new threshold 6 (max 8)
- age   1:    8692432 bytes,    8692432 total
- age   2:    3528152 bytes,   12220584 total
- age   3:    3413392 bytes,   15633976 total
- age   4:    3520960 bytes,   19154936 total
- age   5:     644432 bytes,   19799368 total
- age   6:     953280 bytes,   20752648 total
- age   7:      97496 bytes,   20850144 total
- age   8:      94416 bytes,   20944560 total
: 109248K->21824K(109248K), 0.0078824 secs] 264422K->182312K(502464K), 0.0079424 secs] [Times: user=0.03 sys=0.00, real=0.01 secs] 
Heap after GC invocations=272 (full 7):
 par new generation   total 109248K, used 21824K [0x00000007a0000000, 0x00000007a8000000, 0x00000007a8000000)
  eden space 87424K,   0% used [0x00000007a0000000, 0x00000007a0000000, 0x00000007a5560000)
  from space 21824K, 100% used [0x00000007a5560000, 0x00000007a6ab0000, 0x00000007a6ab0000)
  to   space 21824K,   0% used [0x00000007a6ab0000, 0x00000007a6ab0000, 0x00000007a8000000)
 concurrent mark-sweep generation total 393216K, used 160488K [0x00000007a8000000, 0x00000007c0000000, 0x00000007c0000000)
 Metaspace       used 38474K, capacity 39060K, committed 39548K, reserved 1085440K
  class space    used 4174K, capacity 4332K, committed 4476K, reserved 1048576K
}
2017-06-12T14:30:30.927-0100: 68636.915: Total time for which application threads were stopped: 0.0081230 seconds, Stopping threads took: 0.0000200 seconds
{Heap before GC invocations=272 (full 7):
 par new generation   total 109248K, used 109248K [0x00000007a0000000, 0x00000007a8000000, 0x00000007a8000000)
  eden space 87424K, 100% used [0x00000007a0000000, 0x00000007a5560000, 0x00000007a5560000)
  from space 21824K, 100% used [0x00000007a5560000, 0x00000007a6ab0000, 0x00000007a6ab0000)
  to   space 21824K,   0% used [0x00000007a6ab0000, 0x00000007a6ab0000, 0x00000007a8000000)
 concurrent mark-sweep generation total 393216K, used 160488K [0x00000007a8000000, 0x00000007c0000000, 0x00000007c0000000)
 Metaspace       used 38474K, capacity 39060K, committed 39548K, reserved 1085440K
  class space    used 4174K, capacity 4332K, committed 4476K, reserved 1048576K
2017-06-12T14:30:31.243-0100: 68637.231: [GC (Allocation Failure) 2017-06-12T14:30:31.243-0100: 68637.231: [ParNew
Desired survivor size 20112992 bytes, new threshold 8 (max 8)
- age   1:    7076376 bytes,    7076376 total
- age   2:    3023696 bytes,   10100072 total
- age   3:    2758936 bytes,   12859008 total
- age   4:    2776008 bytes,   15635016 total
- age   5:    2754464 bytes,   18389480 total
- age   6:     644432 bytes,   19033912 total
: 109248K->21824K(109248K), 0.0083134 secs] 269736K->190742K(502464K), 0.0083833 secs] [Times: user=0.02 sys=0.00, real=0.01 secs] 
Heap after GC invocations=273 (full 7):
 par new generation   total 109248K, used 21824K [0x00000007a0000000, 0x00000007a8000000, 0x00000007a8000000)
  eden space 87424K,   0% used [0x00000007a0000000, 0x00000007a0000000, 0x00000007a5560000)
  from space 21824K, 100% used [0x00000007a6ab0000, 0x00000007a8000000, 0x00000007a8000000)
  to   space 21824K,   0% used [0x00000007a5560000, 0x00000007a5560000, 0x00000007a6ab0000)
 concurrent mark-sweep generation total 393216K, used 168918K [0x00000007a8000000, 0x00000007c0000000, 0x00000007c0000000)
 Metaspace       used 38474K, capacity 39060K, committed 39548K, reserved 1085440K
  class space    used 4174K, capacity 4332K, committed 4476K, reserved 1048576K
}
2017-06-12T14:30:31.252-0100: 68637.239: Total time for which application threads were stopped: 0.0085621 seconds, Stopping threads took: 0.0000195 seconds
{Heap before GC invocations=273 (full 7):
 par new generation   total 109248K, used 109248K [0x00000007a0000000, 0x00000007a8000000, 0x00000007a8000000)
  eden space 87424K, 100% used [0x00000007a0000000, 0x00000007a5560000, 0x00000007a5560000)
  from space 21824K, 100% used [0x00000007a6ab0000, 0x00000007a8000000, 0x00000007a8000000)
  to   space 21824K,   0% used [0x00000007a5560000, 0x00000007a5560000, 0x00000007a6ab0000)
 concurrent mark-sweep generation total 393216K, used 168918K [0x00000007a8000000, 0x00000007c0000000, 0x00000007c0000000)
 Metaspace       used 38474K, capacity 39060K, committed 39548K, reserved 1085440K
  class space    used 4174K, capacity 4332K, committed 4476K, reserved 1048576K
2017-06-12T14:30:31.589-0100: 68637.577: [GC (Allocation Failure) 2017-06-12T14:30:31.589-0100: 68637.577: [ParNew
Desired survivor size 20112992 bytes, new threshold 8 (max 8)
- age   1:    6960168 bytes,    6960168 total
- age   2:    2513224 bytes,    9473392 total
- age   3:    2546048 bytes,   12019440 total
- age   4:    2478328 bytes,   14497768 total
- age   5:    2450152 bytes,   16947920 total
- age   6:    2501224 bytes,   19449144 total
- age   7:     426408 bytes,   19875552 total
: 109248K->21824K(109248K), 0.0102030 secs] 278166K->197765K(502464K), 0.0102651 secs] [Times: user=0.04 sys=0.01, real=0.01 secs] 
Heap after GC invocations=274 (full 7):
 par new generation   total 109248K, used 21824K [0x00000007a0000000, 0x00000007a8000000, 0x00000007a8000000)
  eden space 87424K,   0% used [0x00000007a0000000, 0x00000007a0000000, 0x00000007a5560000)
  from space 21824K, 100% used [0x00000007a5560000, 0x00000007a6ab0000, 0x00000007a6ab0000)
  to   space 21824K,   0% used [0x00000007a6ab0000, 0x00000007a6ab0000, 0x00000007a8000000)
 concurrent mark-sweep generation total 393216K, used 175941K [0x00000007a8000000, 0x00000007c0000000, 0x00000007c0000000)
 Metaspace       used 38474K, capacity 39060K, committed 39548K, reserved 1085440K
  class space    used 4174K, capacity 4332K, committed 4476K, reserved 1048576K
}
2017-06-12T14:30:31.599-0100: 68637.587: Total time for which application threads were stopped: 0.0104542 seconds, Stopping threads took: 0.0000203 seconds
{Heap before GC invocations=274 (full 7):
 par new generation   total 109248K, used 109248K [0x00000007a0000000, 0x00000007a8000000, 0x00000007a8000000)
  eden space 87424K, 100% used [0x00000007a0000000, 0x00000007a5560000, 0x00000007a5560000)
  from space 21824K, 100% used [0x00000007a5560000, 0x00000007a6ab0000, 0x00000007a6ab0000)
  to   space 21824K,   0% used [0x00000007a6ab0000, 0x00000007a6ab0000, 0x00000007a8000000)
 concurrent mark-sweep generation total 393216K, used 175941K [0x00000007a8000000, 0x00000007c0000000, 0x00000007c0000000)
 Metaspace       used 38474K, capacity 39060K, committed 39548K, reserved 1085440K
  class space    used 4174K, capacity 4332K, committed 4476K, reserved 1048576K
2017-06-12T14:30:31.925-0100: 68637.913: [GC (Allocation Failure) 2017-06-12T14:30:31.925-0100: 68637.913: [ParNew
Desired survivor size 20112992 bytes, new threshold 7 (max 8)
- age   1:    9045304 bytes,    9045304 total
- age   2:    3291448 bytes,   12336752 total
- age   3:    1827096 bytes,   14163848 total
- age   4:     507144 bytes,   14670992 total
- age   5:    1911688 bytes,   16582680 total
- age   6:    2258392 bytes,   18841072 total
- age   7:    2346768 bytes,   21187840 total
- age   8:         72 bytes,   21187912 total
: 109248K->21824K(109248K), 0.0083401 secs] 285189K->206755K(502464K), 0.0084210 secs] [Times: user=0.02 sys=0.01, real=0.01 secs] 
Heap after GC invocations=275 (full 7):
 par new generation   total 109248K, used 21824K [0x00000007a0000000, 0x00000007a8000000, 0x00000007a8000000)
  eden space 87424K,   0% used [0x00000007a0000000, 0x00000007a0000000, 0x00000007a5560000)
  from space 21824K, 100% used [0x00000007a6ab0000, 0x00000007a8000000, 0x00000007a8000000)
  to   space 21824K,   0% used [0x00000007a5560000, 0x00000007a5560000, 0x00000007a6ab0000)
 concurrent mark-sweep generation total 393216K, used 184931K [0x00000007a8000000, 0x00000007c0000000, 0x00000007c0000000)
 Metaspace       used 38474K, capacity 39060K, committed 39548K, reserved 1085440K
  class space    used 4174K, capacity 4332K, committed 4476K, reserved 1048576K
}
2017-06-12T14:30:31.934-0100: 68637.921: Total time for which application threads were stopped: 0.0086397 seconds, Stopping threads took: 0.0000186 seconds
{Heap before GC invocations=275 (full 7):
 par new generation   total 109248K, used 109248K [0x00000007a0000000, 0x00000007a8000000, 0x00000007a8000000)
  eden space 87424K, 100% used [0x00000007a0000000, 0x00000007a5560000, 0x00000007a5560000)
  from space 21824K, 100% used [0x00000007a6ab0000, 0x00000007a8000000, 0x00000007a8000000)
  to   space 21824K,   0% used [0x00000007a5560000, 0x00000007a5560000, 0x00000007a6ab0000)
 concurrent mark-sweep generation total 393216K, used 184931K [0x00000007a8000000, 0x00000007c0000000, 0x00000007c0000000)
 Metaspace       used 38474K, capacity 39060K, committed 39548K, reserved 1085440K
  class space    used 4174K, capacity 4332K, committed 4476K, reserved 1048576K
2017-06-12T14:30:32.271-0100: 68638.259: [GC (Allocation Failure) 2017-06-12T14:30:32.271-0100: 68638.259: [ParNew
Desired survivor size 20112992 bytes, new threshold 8 (max 8)
- age   1:    6283136 bytes,    6283136 total
- age   2:    2839704 bytes,    9122840 total
- age   3:    3180832 bytes,   12303672 total
- age   4:     696256 bytes,   12999928 total
- age   5:     467568 bytes,   13467496 total
- age   6:    1871736 bytes,   15339232 total
- age   7:    2219952 bytes,   17559184 total
: 109248K->21824K(109248K), 0.0092642 secs] 294179K->216539K(502464K), 0.0093303 secs] [Times: user=0.03 sys=0.01, real=0.01 secs] 
Heap after GC invocations=276 (full 7):
 par new generation   total 109248K, used 21824K [0x00000007a0000000, 0x00000007a8000000, 0x00000007a8000000)
  eden space 87424K,   0% used [0x00000007a0000000, 0x00000007a0000000, 0x00000007a5560000)
  from space 21824K, 100% used [0x00000007a5560000, 0x00000007a6ab0000, 0x00000007a6ab0000)
  to   space 21824K,   0% used [0x00000007a6ab0000, 0x00000007a6ab0000, 0x00000007a8000000)
 concurrent mark-sweep generation total 393216K, used 194715K [0x00000007a8000000, 0x00000007c0000000, 0x00000007c0000000)
 Metaspace       used 38474K, capacity 39060K, committed 39548K, reserved 1085440K
  class space    used 4174K, capacity 4332K, committed 4476K, reserved 1048576K
}
2017-06-12T14:30:32.281-0100: 68638.268: Total time for which application threads were stopped: 0.0095177 seconds, Stopping threads took: 0.0000211 seconds
{Heap before GC invocations=276 (full 7):
 par new generation   total 109248K, used 109248K [0x00000007a0000000, 0x00000007a8000000, 0x00000007a8000000)
  eden space 87424K, 100% used [0x00000007a0000000, 0x00000007a5560000, 0x00000007a5560000)
  from space 21824K, 100% used [0x00000007a5560000, 0x00000007a6ab0000, 0x00000007a6ab0000)
  to   space 21824K,   0% used [0x00000007a6ab0000, 0x00000007a6ab0000, 0x00000007a8000000)
 concurrent mark-sweep generation total 393216K, used 194715K [0x00000007a8000000, 0x00000007c0000000, 0x00000007c0000000)
 Metaspace       used 38474K, capacity 39060K, committed 39548K, reserved 1085440K
  class space    used 4174K, capacity 4332K, committed 4476K, reserved 1048576K
2017-06-12T14:30:32.598-0100: 68638.585: [GC (Allocation Failure) 2017-06-12T14:30:32.598-0100: 68638.585: [ParNew
Desired survivor size 20112992 bytes, new threshold 8 (max 8)
- age   1:    8920136 bytes,    8920136 total
- age   2:    3437608 bytes,   12357744 total
- age   3:    1138456 bytes,   13496200 total
- age   4:    3051432 bytes,   16547632 total
- age   5:     619072 bytes,   17166704 total
- age   6:     381200 bytes,   17547904 total
- age   7:    1790232 bytes,   19338136 total
- age   8:    2139848 bytes,   21477984 total
: 109248K->21824K(109248K), 0.0088443 secs] 303963K->222893K(502464K), 0.0089122 secs] [Times: user=0.03 sys=0.00, real=0.01 secs] 
Heap after GC invocations=277 (full 7):
 par new generation   total 109248K, used 21824K [0x00000007a0000000, 0x00000007a8000000, 0x00000007a8000000)
  eden space 87424K,   0% used [0x00000007a0000000, 0x00000007a0000000, 0x00000007a5560000)
  from space 21824K, 100% used [0x00000007a6ab0000, 0x00000007a8000000, 0x00000007a8000000)
  to   space 21824K,   0% used [0x00000007a5560000, 0x00000007a5560000, 0x00000007a6ab0000)
 concurrent mark-sweep generation total 393216K, used 201069K [0x00000007a8000000, 0x00000007c0000000, 0x00000007c0000000)
 Metaspace       used 38474K, capacity 39060K, committed 39548K, reserved 1085440K
  class space    used 4174K, capacity 4332K, committed 4476K, reserved 1048576K
}
2017-06-12T14:30:32.607-0100: 68638.594: Total time for which application threads were stopped: 0.0151306 seconds, Stopping threads took: 0.0000196 seconds
2017-06-12T14:30:32.607-0100: 68638.594: [GC (CMS Initial Mark) [1 CMS-initial-mark: 201069K(393216K)] 224613K(502464K), 0.0021104 secs] [Times: user=0.00 sys=0.00, real=0.00 secs] 
2017-06-12T14:30:32.609-0100: 68638.596: Total time for which application threads were stopped: 0.0022838 seconds, Stopping threads took: 0.0000728 seconds
2017-06-12T14:30:32.609-0100: 68638.596: [CMS-concurrent-mark-start]
2017-06-12T14:30:32.621-0100: 68638.609: [CMS-concurrent-mark: 0.012/0.012 secs] [Times: user=0.06 sys=0.00, real=0.02 secs] 
2017-06-12T14:30:32.621-0100: 68638.609: [CMS-concurrent-preclean-start]
2017-06-12T14:30:32.623-0100: 68638.610: [CMS-concurrent-preclean: 0.002/0.002 secs] [Times: user=0.01 sys=0.00, real=0.00 secs] 
2017-06-12T14:30:32.623-0100: 68638.610: [CMS-concurrent-abortable-preclean-start]
2017-06-12T14:30:32.785-0100: 68638.773: [CMS-concurrent-abortable-preclean: 0.162/0.162 secs] [Times: user=0.32 sys=0.01, real=0.16 secs] 
2017-06-12T14:30:32.785-0100: 68638.773: [GC (CMS Final Remark) [YG occupancy: 74479 K (109248 K)]{Heap before GC invocations=277 (full 8):
 par new generation   total 109248K, used 74479K [0x00000007a0000000, 0x00000007a8000000, 0x00000007a8000000)
  eden space 87424K,  60% used [0x00000007a0000000, 0x00000007a336bf28, 0x00000007a5560000)
  from space 21824K, 100% used [0x00000007a6ab0000, 0x00000007a8000000, 0x00000007a8000000)
  to   space 21824K,   0% used [0x00000007a5560000, 0x00000007a5560000, 0x00000007a6ab0000)
 concurrent mark-sweep generation total 393216K, used 201069K [0x00000007a8000000, 0x00000007c0000000, 0x00000007c0000000)
 Metaspace       used 38474K, capacity 39060K, committed 39548K, reserved 1085440K
  class space    used 4174K, capacity 4332K, committed 4476K, reserved 1048576K
2017-06-12T14:30:32.785-0100: 68638.773: [GC (CMS Final Remark) 2017-06-12T14:30:32.786-0100: 68638.773: [ParNew
Desired survivor size 20112992 bytes, new threshold 8 (max 8)
- age   1:    4525136 bytes,    4525136 total
- age   2:    8309864 bytes,   12835000 total
- age   3:    2402296 bytes,   15237296 total
- age   4:     950360 bytes,   16187656 total
- age   5:    2916960 bytes,   19104616 total
- age   6:     388552 bytes,   19493168 total
- age   7:     297024 bytes,   19790192 total
- age   8:    1714224 bytes,   21504416 total
: 74479K->21824K(109248K), 0.0079713 secs] 275548K->228226K(502464K), 0.0080242 secs] [Times: user=0.03 sys=0.00, real=0.01 secs] 
Heap after GC invocations=278 (full 8):
 par new generation   total 109248K, used 21824K [0x00000007a0000000, 0x00000007a8000000, 0x00000007a8000000)
  eden space 87424K,   0% used [0x00000007a0000000, 0x00000007a0000000, 0x00000007a5560000)
  from space 21824K, 100% used [0x00000007a5560000, 0x00000007a6ab0000, 0x00000007a6ab0000)
  to   space 21824K,   0% used [0x00000007a6ab0000, 0x00000007a6ab0000, 0x00000007a8000000)
 concurrent mark-sweep generation total 393216K, used 206402K [0x00000007a8000000, 0x00000007c0000000, 0x00000007c0000000)
 Metaspace       used 38474K, capacity 39060K, committed 39548K, reserved 1085440K
  class space    used 4174K, capacity 4332K, committed 4476K, reserved 1048576K
}
2017-06-12T14:30:32.794-0100: 68638.781: [Rescan (parallel) , 0.0025625 secs]2017-06-12T14:30:32.796-0100: 68638.783: [weak refs processing, 0.0019892 secs]2017-06-12T14:30:32.798-0100: 68638.785: [class unloading, 0.0092736 secs]2017-06-12T14:30:32.807-0100: 68638.795: [scrub symbol table, 0.0036797 secs]2017-06-12T14:30:32.811-0100: 68638.798: [scrub string table, 0.0004598 secs][1 CMS-remark: 206402K(393216K)] 228226K(502464K), 0.0262486 secs] [Times: user=0.06 sys=0.00, real=0.03 secs] 
2017-06-12T14:30:32.812-0100: 68638.799: Total time for which application threads were stopped: 0.0264532 seconds, Stopping threads took: 0.0000754 seconds
2017-06-12T14:30:32.812-0100: 68638.799: [CMS-concurrent-sweep-start]
2017-06-12T14:30:32.812-0100: 68638.799: Total time for which application threads were stopped: 0.0001925 seconds, Stopping threads took: 0.0000599 seconds
2017-06-12T14:30:32.812-0100: 68638.800: Total time for which application threads were stopped: 0.0001301 seconds, Stopping threads took: 0.0000463 seconds
2017-06-12T14:30:32.819-0100: 68638.806: Total time for which application threads were stopped: 0.0001992 seconds, Stopping threads took: 0.0000605 seconds
2017-06-12T14:30:32.819-0100: 68638.806: Total time for which application threads were stopped: 0.0001549 seconds, Stopping threads took: 0.0000501 seconds
2017-06-12T14:30:32.819-0100: 68638.807: Total time for which application threads were stopped: 0.0001014 seconds, Stopping threads took: 0.0000466 seconds
2017-06-12T14:30:32.820-0100: 68638.807: Total time for which application threads were stopped: 0.0001348 seconds, Stopping threads took: 0.0000456 seconds
2017-06-12T14:30:32.820-0100: 68638.807: Total time for which application threads were stopped: 0.0001292 seconds, Stopping threads took: 0.0000427 seconds
2017-06-12T14:30:32.820-0100: 68638.808: Total time for which application threads were stopped: 0.0001296 seconds, Stopping threads took: 0.0000432 seconds
2017-06-12T14:30:32.820-0100: 68638.808: Total time for which application threads were stopped: 0.0001288 seconds, Stopping threads took: 0.0000418 seconds
2017-06-12T14:30:32.821-0100: 68638.808: Total time for which application threads were stopped: 0.0001516 seconds, Stopping threads took: 0.0000645 seconds
2017-06-12T14:30:32.821-0100: 68638.808: Total time for which application threads were stopped: 0.0001307 seconds, Stopping threads took: 0.0000430 seconds
2017-06-12T14:30:32.821-0100: 68638.808: Total time for which application threads were stopped: 0.0001454 seconds, Stopping threads took: 0.0000577 seconds
2017-06-12T14:30:32.821-0100: 68638.809: Total time for which application threads were stopped: 0.0001394 seconds, Stopping threads took: 0.0000432 seconds
2017-06-12T14:30:32.821-0100: 68638.809: Total time for which application threads were stopped: 0.0001119 seconds, Stopping threads took: 0.0000354 seconds
2017-06-12T14:30:32.821-0100: 68638.809: Total time for which application threads were stopped: 0.0001048 seconds, Stopping threads took: 0.0000308 seconds
2017-06-12T14:30:32.822-0100: 68638.809: Total time for which application threads were stopped: 0.0001210 seconds, Stopping threads took: 0.0000462 seconds
2017-06-12T14:30:32.822-0100: 68638.809: Total time for which application threads were stopped: 0.0001152 seconds, Stopping threads took: 0.0000372 seconds
2017-06-12T14:30:32.822-0100: 68638.809: Total time for which application threads were stopped: 0.0001094 seconds, Stopping threads took: 0.0000337 seconds
2017-06-12T14:30:32.822-0100: 68638.809: Total time for which application threads were stopped: 0.0001015 seconds, Stopping threads took: 0.0000285 seconds
2017-06-12T14:30:32.822-0100: 68638.810: Total time for which application threads were stopped: 0.0001025 seconds, Stopping threads took: 0.0000288 seconds
2017-06-12T14:30:32.822-0100: 68638.810: Total time for which application threads were stopped: 0.0001058 seconds, Stopping threads took: 0.0000309 seconds
2017-06-12T14:30:32.823-0100: 68638.810: Total time for which application threads were stopped: 0.0001683 seconds, Stopping threads took: 0.0000295 seconds
2017-06-12T14:30:32.823-0100: 68638.810: Total time for which application threads were stopped: 0.0001027 seconds, Stopping threads took: 0.0000300 seconds
2017-06-12T14:30:32.823-0100: 68638.810: Total time for which application threads were stopped: 0.0001004 seconds, Stopping threads took: 0.0000290 seconds
2017-06-12T14:30:32.823-0100: 68638.810: Total time for which application threads were stopped: 0.0001004 seconds, Stopping threads took: 0.0000294 seconds
2017-06-12T14:30:32.823-0100: 68638.810: Total time for which application threads were stopped: 0.0001172 seconds, Stopping threads took: 0.0000290 seconds
2017-06-12T14:30:32.823-0100: 68638.811: Total time for which application threads were stopped: 0.0000978 seconds, Stopping threads took: 0.0000297 seconds
2017-06-12T14:30:32.823-0100: 68638.811: Total time for which application threads were stopped: 0.0000828 seconds, Stopping threads took: 0.0000297 seconds
2017-06-12T14:30:32.823-0100: 68638.811: Total time for which application threads were stopped: 0.0000880 seconds, Stopping threads took: 0.0000292 seconds
2017-06-12T14:30:32.824-0100: 68638.811: Total time for which application threads were stopped: 0.0000922 seconds, Stopping threads took: 0.0000285 seconds
2017-06-12T14:30:32.824-0100: 68638.811: Total time for which application threads were stopped: 0.0001511 seconds, Stopping threads took: 0.0000347 seconds
2017-06-12T14:30:32.824-0100: 68638.811: Total time for which application threads were stopped: 0.0001725 seconds, Stopping threads took: 0.0000381 seconds
2017-06-12T14:30:32.849-0100: 68638.836: [CMS-concurrent-sweep: 0.032/0.037 secs] [Times: user=0.07 sys=0.00, real=0.03 secs] 
2017-06-12T14:30:32.849-0100: 68638.836: [CMS-concurrent-reset-start]
2017-06-12T14:30:32.849-0100: 68638.837: [CMS-concurrent-reset: 0.000/0.000 secs] [Times: user=0.00 sys=0.00, real=0.00 secs] 
{Heap before GC invocations=278 (full 8):
 par new generation   total 109248K, used 109248K [0x00000007a0000000, 0x00000007a8000000, 0x00000007a8000000)
  eden space 87424K, 100% used [0x00000007a0000000, 0x00000007a5560000, 0x00000007a5560000)
  from space 21824K, 100% used [0x00000007a5560000, 0x00000007a6ab0000, 0x00000007a6ab0000)
  to   space 21824K,   0% used [0x00000007a6ab0000, 0x00000007a6ab0000, 0x00000007a8000000)
 concurrent mark-sweep generation total 393216K, used 65943K [0x00000007a8000000, 0x00000007c0000000, 0x00000007c0000000)
 Metaspace       used 38474K, capacity 39060K, committed 39548K, reserved 1085440K
  class space    used 4174K, capacity 4332K, committed 4476K, reserved 1048576K
2017-06-12T14:30:33.148-0100: 68639.135: [GC (Allocation Failure) 2017-06-12T14:30:33.148-0100: 68639.135: [ParNew
Desired survivor size 20112992 bytes, new threshold 4 (max 8)
- age   1:   11794080 bytes,   11794080 total
- age   2:    2470320 bytes,   14264400 total
- age   3:    4167264 bytes,   18431664 total
- age   4:    2018064 bytes,   20449728 total
- age   5:     552864 bytes,   21002592 total
- age   6:     800200 bytes,   21802792 total
- age   7:     276744 bytes,   22079536 total
- age   8:     205480 bytes,   22285016 total
: 109248K->21824K(109248K), 0.0088804 secs] 175191K->97013K(502464K), 0.0089504 secs] [Times: user=0.03 sys=0.00, real=0.01 secs] 
Heap after GC invocations=279 (full 8):
 par new generation   total 109248K, used 21824K [0x00000007a0000000, 0x00000007a8000000, 0x00000007a8000000)
  eden space 87424K,   0% used [0x00000007a0000000, 0x00000007a0000000, 0x00000007a5560000)
  from space 21824K, 100% used [0x00000007a6ab0000, 0x00000007a8000000, 0x00000007a8000000)
  to   space 21824K,   0% used [0x00000007a5560000, 0x00000007a5560000, 0x00000007a6ab0000)
 concurrent mark-sweep generation total 393216K, used 75189K [0x00000007a8000000, 0x00000007c0000000, 0x00000007c0000000)
 Metaspace       used 38474K, capacity 39060K, committed 39548K, reserved 1085440K
  class space    used 4174K, capacity 4332K, committed 4476K, reserved 1048576K
}
2017-06-12T14:30:33.157-0100: 68639.144: Total time for which application threads were stopped: 0.0091281 seconds, Stopping threads took: 0.0000174 seconds
{Heap before GC invocations=279 (full 8):
 par new generation   total 109248K, used 109248K [0x00000007a0000000, 0x00000007a8000000, 0x00000007a8000000)
  eden space 87424K, 100% used [0x00000007a0000000, 0x00000007a5560000, 0x00000007a5560000)
  from space 21824K, 100% used [0x00000007a6ab0000, 0x00000007a8000000, 0x00000007a8000000)
  to   space 21824K,   0% used [0x00000007a5560000, 0x00000007a5560000, 0x00000007a6ab0000)
 concurrent mark-sweep generation total 393216K, used 75189K [0x00000007a8000000, 0x00000007c0000000, 0x00000007c0000000)
 Metaspace       used 38474K, capacity 39060K, committed 39548K, reserved 1085440K
  class space    used 4174K, capacity 4332K, committed 4476K, reserved 1048576K
2017-06-12T14:30:33.505-0100: 68639.492: [GC (Allocation Failure) 2017-06-12T14:30:33.505-0100: 68639.492: [ParNew
Desired survivor size 20112992 bytes, new threshold 8 (max 8)
- age   1:    4649936 bytes,    4649936 total
- age   2:    9242936 bytes,   13892872 total
- age   3:    1977288 bytes,   15870160 total
- age   4:    3912360 bytes,   19782520 total
: 109248K->21824K(109248K), 0.0087436 secs] 184437K->106286K(502464K), 0.0088019 secs] [Times: user=0.03 sys=0.00, real=0.01 secs] 
Heap after GC invocations=280 (full 8):
 par new generation   total 109248K, used 21824K [0x00000007a0000000, 0x00000007a8000000, 0x00000007a8000000)
  eden space 87424K,   0% used [0x00000007a0000000, 0x00000007a0000000, 0x00000007a5560000)
  from space 21824K, 100% used [0x00000007a5560000, 0x00000007a6ab0000, 0x00000007a6ab0000)
  to   space 21824K,   0% used [0x00000007a6ab0000, 0x00000007a6ab0000, 0x00000007a8000000)
 concurrent mark-sweep generation total 393216K, used 84462K [0x00000007a8000000, 0x00000007c0000000, 0x00000007c0000000)
 Metaspace       used 38474K, capacity 39060K, committed 39548K, reserved 1085440K
  class space    used 4174K, capacity 4332K, committed 4476K, reserved 1048576K
}
2017-06-12T14:30:33.514-0100: 68639.501: Total time for which application threads were stopped: 0.0089741 seconds, Stopping threads took: 0.0000180 seconds
{Heap before GC invocations=280 (full 8):
 par new generation   total 109248K, used 109248K [0x00000007a0000000, 0x00000007a8000000, 0x00000007a8000000)
  eden space 87424K, 100% used [0x00000007a0000000, 0x00000007a5560000, 0x00000007a5560000)
  from space 21824K, 100% used [0x00000007a5560000, 0x00000007a6ab0000, 0x00000007a6ab0000)
  to   space 21824K,   0% used [0x00000007a6ab0000, 0x00000007a6ab0000, 0x00000007a8000000)
 concurrent mark-sweep generation total 393216K, used 84462K [0x00000007a8000000, 0x00000007c0000000, 0x00000007c0000000)
 Metaspace       used 38474K, capacity 39060K, committed 39548K, reserved 1085440K
  class space    used 4174K, capacity 4332K, committed 4476K, reserved 1048576K
2017-06-12T14:30:33.836-0100: 68639.823: [GC (Allocation Failure) 2017-06-12T14:30:33.836-0100: 68639.823: [ParNew
Desired survivor size 20112992 bytes, new threshold 8 (max 8)
- age   1:    6983232 bytes,    6983232 total
- age   2:    3527968 bytes,   10511200 total
- age   3:    4242384 bytes,   14753584 total
- age   4:    1875624 bytes,   16629208 total
- age   5:    3398720 bytes,   20027928 total
: 109248K->21824K(109248K), 0.0072524 secs] 193710K->119696K(502464K), 0.0073223 secs] [Times: user=0.02 sys=0.00, real=0.01 secs] 
Heap after GC invocations=281 (full 8):
 par new generation   total 109248K, used 21824K [0x00000007a0000000, 0x00000007a8000000, 0x00000007a8000000)
  eden space 87424K,   0% used [0x00000007a0000000, 0x00000007a0000000, 0x00000007a5560000)
  from space 21824K, 100% used [0x00000007a6ab0000, 0x00000007a8000000, 0x00000007a8000000)
  to   space 21824K,   0% used [0x00000007a5560000, 0x00000007a5560000, 0x00000007a6ab0000)
 concurrent mark-sweep generation total 393216K, used 97872K [0x00000007a8000000, 0x00000007c0000000, 0x00000007c0000000)
 Metaspace       used 38474K, capacity 39060K, committed 39548K, reserved 1085440K
  class space    used 4174K, capacity 4332K, committed 4476K, reserved 1048576K
}
2017-06-12T14:30:33.843-0100: 68639.831: Total time for which application threads were stopped: 0.0075044 seconds, Stopping threads took: 0.0000192 seconds
{Heap before GC invocations=281 (full 8):
 par new generation   total 109248K, used 109248K [0x00000007a0000000, 0x00000007a8000000, 0x00000007a8000000)
  eden space 87424K, 100% used [0x00000007a0000000, 0x00000007a5560000, 0x00000007a5560000)
  from space 21824K, 100% used [0x00000007a6ab0000, 0x00000007a8000000, 0x00000007a8000000)
  to   space 21824K,   0% used [0x00000007a5560000, 0x00000007a5560000, 0x00000007a6ab0000)
 concurrent mark-sweep generation total 393216K, used 97872K [0x00000007a8000000, 0x00000007c0000000, 0x00000007c0000000)
 Metaspace       used 38474K, capacity 39060K, committed 39548K, reserved 1085440K
  class space    used 4174K, capacity 4332K, committed 4476K, reserved 1048576K
2017-06-12T14:30:34.140-0100: 68640.128: [GC (Allocation Failure) 2017-06-12T14:30:34.141-0100: 68640.128: [ParNew
Desired survivor size 20112992 bytes, new threshold 6 (max 8)
- age   1:    7603192 bytes,    7603192 total
- age   2:    1080400 bytes,    8683592 total
- age   3:    3335144 bytes,   12018736 total
- age   4:    4230248 bytes,   16248984 total
- age   5:    1867824 bytes,   18116808 total
- age   6:    3069368 bytes,   21186176 total
: 109248K->21824K(109248K), 0.0068302 secs] 207120K->126273K(502464K), 0.0068858 secs] [Times: user=0.02 sys=0.00, real=0.00 secs] 
Heap after GC invocations=282 (full 8):
 par new generation   total 109248K, used 21824K [0x00000007a0000000, 0x00000007a8000000, 0x00000007a8000000)
  eden space 87424K,   0% used [0x00000007a0000000, 0x00000007a0000000, 0x00000007a5560000)
  from space 21824K, 100% used [0x00000007a5560000, 0x00000007a6ab0000, 0x00000007a6ab0000)
  to   space 21824K,   0% used [0x00000007a6ab0000, 0x00000007a6ab0000, 0x00000007a8000000)
 concurrent mark-sweep generation total 393216K, used 104449K [0x00000007a8000000, 0x00000007c0000000, 0x00000007c0000000)
 Metaspace       used 38474K, capacity 39060K, committed 39548K, reserved 1085440K
  class space    used 4174K, capacity 4332K, committed 4476K, reserved 1048576K
}
2017-06-12T14:30:34.147-0100: 68640.135: Total time for which application threads were stopped: 0.0070654 seconds, Stopping threads took: 0.0000173 seconds
{Heap before GC invocations=282 (full 8):
 par new generation   total 109248K, used 109024K [0x00000007a0000000, 0x00000007a8000000, 0x00000007a8000000)
  eden space 87424K,  99% used [0x00000007a0000000, 0x00000007a55280a0, 0x00000007a5560000)
  from space 21824K, 100% used [0x00000007a5560000, 0x00000007a6ab0000, 0x00000007a6ab0000)
  to   space 21824K,   0% used [0x00000007a6ab0000, 0x00000007a6ab0000, 0x00000007a8000000)
 concurrent mark-sweep generation total 393216K, used 104449K [0x00000007a8000000, 0x00000007c0000000, 0x00000007c0000000)
 Metaspace       used 38474K, capacity 39060K, committed 39548K, reserved 1085440K
  class space    used 4174K, capacity 4332K, committed 4476K, reserved 1048576K
2017-06-12T14:30:34.459-0100: 68640.446: [GC (Allocation Failure) 2017-06-12T14:30:34.459-0100: 68640.446: [ParNew
Desired survivor size 20112992 bytes, new threshold 6 (max 8)
- age   1:    3249144 bytes,    3249144 total
- age   2:    6431384 bytes,    9680528 total
- age   3:    1074392 bytes,   10754920 total
- age   4:    3331728 bytes,   14086648 total
- age   5:    4227872 bytes,   18314520 total
- age   6:    1855176 bytes,   20169696 total
: 109024K->21824K(109248K), 0.0074457 secs] 213473K->137286K(502464K), 0.0075149 secs] [Times: user=0.03 sys=0.00, real=0.01 secs] 
Heap after GC invocations=283 (full 8):
 par new generation   total 109248K, used 21824K [0x00000007a0000000, 0x00000007a8000000, 0x00000007a8000000)
  eden space 87424K,   0% used [0x00000007a0000000, 0x00000007a0000000, 0x00000007a5560000)
  from space 21824K, 100% used [0x00000007a6ab0000, 0x00000007a8000000, 0x00000007a8000000)
  to   space 21824K,   0% used [0x00000007a5560000, 0x00000007a5560000, 0x00000007a6ab0000)
 concurrent mark-sweep generation total 393216K, used 115462K [0x00000007a8000000, 0x00000007c0000000, 0x00000007c0000000)
 Metaspace       used 38474K, capacity 39060K, committed 39548K, reserved 1085440K
  class space    used 4174K, capacity 4332K, committed 4476K, reserved 1048576K
}
2017-06-12T14:30:34.466-0100: 68640.454: Total time for which application threads were stopped: 0.0077008 seconds, Stopping threads took: 0.0000205 seconds
{Heap before GC invocations=283 (full 8):
 par new generation   total 109248K, used 109248K [0x00000007a0000000, 0x00000007a8000000, 0x00000007a8000000)
  eden space 87424K, 100% used [0x00000007a0000000, 0x00000007a5560000, 0x00000007a5560000)
  from space 21824K, 100% used [0x00000007a6ab0000, 0x00000007a8000000, 0x00000007a8000000)
  to   space 21824K,   0% used [0x00000007a5560000, 0x00000007a5560000, 0x00000007a6ab0000)
 concurrent mark-sweep generation total 393216K, used 115462K [0x00000007a8000000, 0x00000007c0000000, 0x00000007c0000000)
 Metaspace       used 38474K, capacity 39060K, committed 39548K, reserved 1085440K
  class space    used 4174K, capacity 4332K, committed 4476K, reserved 1048576K
2017-06-12T14:30:34.771-0100: 68640.759: [GC (Allocation Failure) 2017-06-12T14:30:34.771-0100: 68640.759: [ParNew
Desired survivor size 20112992 bytes, new threshold 6 (max 8)
- age   1:    8456136 bytes,    8456136 total
- age   2:    2741888 bytes,   11198024 total
- age   3:    1416840 bytes,   12614864 total
- age   4:    1062480 bytes,   13677344 total
- age   5:    3102688 bytes,   16780032 total
- age   6:    4023392 bytes,   20803424 total
: 109248K->21824K(109248K), 0.0072041 secs] 224710K->146718K(502464K), 0.0072615 secs] [Times: user=0.02 sys=0.00, real=0.00 secs] 
Heap after GC invocations=284 (full 8):
 par new generation   total 109248K, used 21824K [0x00000007a0000000, 0x00000007a8000000, 0x00000007a8000000)
  eden space 87424K,   0% used [0x00000007a0000000, 0x00000007a0000000, 0x00000007a5560000)
  from space 21824K, 100% used [0x00000007a5560000, 0x00000007a6ab0000, 0x00000007a6ab0000)
  to   space 21824K,   0% used [0x00000007a6ab0000, 0x00000007a6ab0000, 0x00000007a8000000)
 concurrent mark-sweep generation total 393216K, used 124894K [0x00000007a8000000, 0x00000007c0000000, 0x00000007c0000000)
 Metaspace       used 38474K, capacity 39060K, committed 39548K, reserved 1085440K
  class space    used 4174K, capacity 4332K, committed 4476K, reserved 1048576K
}
2017-06-12T14:30:34.779-0100: 68640.766: Total time for which application threads were stopped: 0.0074306 seconds, Stopping threads took: 0.0000186 seconds
{Heap before GC invocations=284 (full 8):
 par new generation   total 109248K, used 109248K [0x00000007a0000000, 0x00000007a8000000, 0x00000007a8000000)
  eden space 87424K, 100% used [0x00000007a0000000, 0x00000007a5560000, 0x00000007a5560000)
  from space 21824K, 100% used [0x00000007a5560000, 0x00000007a6ab0000, 0x00000007a6ab0000)
  to   space 21824K,   0% used [0x00000007a6ab0000, 0x00000007a6ab0000, 0x00000007a8000000)
 concurrent mark-sweep generation total 393216K, used 124894K [0x00000007a8000000, 0x00000007c0000000, 0x00000007c0000000)
 Metaspace       used 38474K, capacity 39060K, committed 39548K, reserved 1085440K
  class space    used 4174K, capacity 4332K, committed 4476K, reserved 1048576K
2017-06-12T14:30:35.108-0100: 68641.095: [GC (Allocation Failure) 2017-06-12T14:30:35.108-0100: 68641.095: [ParNew
Desired survivor size 20112992 bytes, new threshold 8 (max 8)
- age   1:    4504208 bytes,    4504208 total
- age   2:    7481600 bytes,   11985808 total
- age   3:    2481208 bytes,   14467016 total
- age   4:     708776 bytes,   15175792 total
- age   5:    1031648 bytes,   16207440 total
- age   6:    3059528 bytes,   19266968 total
: 109248K->21824K(109248K), 0.0084509 secs] 234142K->153653K(502464K), 0.0085367 secs] [Times: user=0.03 sys=0.00, real=0.01 secs] 
Heap after GC invocations=285 (full 8):
 par new generation   total 109248K, used 21824K [0x00000007a0000000, 0x00000007a8000000, 0x00000007a8000000)
  eden space 87424K,   0% used [0x00000007a0000000, 0x00000007a0000000, 0x00000007a5560000)
  from space 21824K, 100% used [0x00000007a6ab0000, 0x00000007a8000000, 0x00000007a8000000)
  to   space 21824K,   0% used [0x00000007a5560000, 0x00000007a5560000, 0x00000007a6ab0000)
 concurrent mark-sweep generation total 393216K, used 131829K [0x00000007a8000000, 0x00000007c0000000, 0x00000007c0000000)
 Metaspace       used 38474K, capacity 39060K, committed 39548K, reserved 1085440K
  class space    used 4174K, capacity 4332K, committed 4476K, reserved 1048576K
}
2017-06-12T14:30:35.116-0100: 68641.104: Total time for which application threads were stopped: 0.0087255 seconds, Stopping threads took: 0.0000200 seconds
2017-06-12T14:30:35.417-0100: 68641.405: Total time for which application threads were stopped: 0.0001607 seconds, Stopping threads took: 0.0000186 seconds
2017-06-12T14:30:35.418-0100: 68641.405: Total time for which application threads were stopped: 0.0000596 seconds, Stopping threads took: 0.0000080 seconds
{Heap before GC invocations=285 (full 8):
 par new generation   total 109248K, used 109248K [0x00000007a0000000, 0x00000007a8000000, 0x00000007a8000000)
  eden space 87424K, 100% used [0x00000007a0000000, 0x00000007a5560000, 0x00000007a5560000)
  from space 21824K, 100% used [0x00000007a6ab0000, 0x00000007a8000000, 0x00000007a8000000)
  to   space 21824K,   0% used [0x00000007a5560000, 0x00000007a5560000, 0x00000007a6ab0000)
 concurrent mark-sweep generation total 393216K, used 131829K [0x00000007a8000000, 0x00000007c0000000, 0x00000007c0000000)
 Metaspace       used 38474K, capacity 39060K, committed 39548K, reserved 1085440K
  class space    used 4174K, capacity 4332K, committed 4476K, reserved 1048576K
2017-06-12T14:30:35.519-0100: 68641.506: [GC (Allocation Failure) 2017-06-12T14:30:35.519-0100: 68641.506: [ParNew
Desired survivor size 20112992 bytes, new threshold 7 (max 8)
- age   1:    3709472 bytes,    3709472 total
- age   2:    3011080 bytes,    6720552 total
- age   3:    7379768 bytes,   14100320 total
- age   4:    2407776 bytes,   16508096 total
- age   5:     641976 bytes,   17150072 total
- age   6:     974032 bytes,   18124104 total
- age   7:    2992528 bytes,   21116632 total
: 109248K->21824K(109248K), 0.0081105 secs] 241077K->164680K(502464K), 0.0081636 secs] [Times: user=0.03 sys=0.01, real=0.01 secs] 
Heap after GC invocations=286 (full 8):
 par new generation   total 109248K, used 21824K [0x00000007a0000000, 0x00000007a8000000, 0x00000007a8000000)
  eden space 87424K,   0% used [0x00000007a0000000, 0x00000007a0000000, 0x00000007a5560000)
  from space 21824K, 100% used [0x00000007a5560000, 0x00000007a6ab0000, 0x00000007a6ab0000)
  to   space 21824K,   0% used [0x00000007a6ab0000, 0x00000007a6ab0000, 0x00000007a8000000)
 concurrent mark-sweep generation total 393216K, used 142856K [0x00000007a8000000, 0x00000007c0000000, 0x00000007c0000000)
 Metaspace       used 38474K, capacity 39060K, committed 39548K, reserved 1085440K
  class space    used 4174K, capacity 4332K, committed 4476K, reserved 1048576K
}
2017-06-12T14:30:35.527-0100: 68641.514: Total time for which application threads were stopped: 0.0083741 seconds, Stopping threads took: 0.0000170 seconds
{Heap before GC invocations=286 (full 8):
 par new generation   total 109248K, used 109248K [0x00000007a0000000, 0x00000007a8000000, 0x00000007a8000000)
  eden space 87424K, 100% used [0x00000007a0000000, 0x00000007a5560000, 0x00000007a5560000)
  from space 21824K, 100% used [0x00000007a5560000, 0x00000007a6ab0000, 0x00000007a6ab0000)
  to   space 21824K,   0% used [0x00000007a6ab0000, 0x00000007a6ab0000, 0x00000007a8000000)
 concurrent mark-sweep generation total 393216K, used 142856K [0x00000007a8000000, 0x00000007c0000000, 0x00000007c0000000)
 Metaspace       used 38475K, capacity 39060K, committed 39548K, reserved 1085440K
  class space    used 4174K, capacity 4332K, committed 4476K, reserved 1048576K
2017-06-12T14:30:36.067-0100: 68642.055: [GC (Allocation Failure) 2017-06-12T14:30:36.067-0100: 68642.055: [ParNew
Desired survivor size 20112992 bytes, new threshold 8 (max 8)
- age   1:     159168 bytes,     159168 total
- age   2:    3709288 bytes,    3868456 total
- age   3:    3008648 bytes,    6877104 total
- age   4:    7379768 bytes,   14256872 total
- age   5:    2407776 bytes,   16664648 total
- age   6:     641976 bytes,   17306624 total
- age   7:     974032 bytes,   18280656 total
: 109248K->21824K(109248K), 0.0071045 secs] 252104K->167619K(502464K), 0.0071730 secs] [Times: user=0.02 sys=0.00, real=0.01 secs] 
Heap after GC invocations=287 (full 8):
 par new generation   total 109248K, used 21824K [0x00000007a0000000, 0x00000007a8000000, 0x00000007a8000000)
  eden space 87424K,   0% used [0x00000007a0000000, 0x00000007a0000000, 0x00000007a5560000)
  from space 21824K, 100% used [0x00000007a6ab0000, 0x00000007a8000000, 0x00000007a8000000)
  to   space 21824K,   0% used [0x00000007a5560000, 0x00000007a5560000, 0x00000007a6ab0000)
 concurrent mark-sweep generation total 393216K, used 145795K [0x00000007a8000000, 0x00000007c0000000, 0x00000007c0000000)
 Metaspace       used 38475K, capacity 39060K, committed 39548K, reserved 1085440K
  class space    used 4174K, capacity 4332K, committed 4476K, reserved 1048576K
}
2017-06-12T14:30:36.075-0100: 68642.062: Total time for which application threads were stopped: 0.0073706 seconds, Stopping threads took: 0.0000212 seconds
{Heap before GC invocations=287 (full 8):
 par new generation   total 109248K, used 109248K [0x00000007a0000000, 0x00000007a8000000, 0x00000007a8000000)
  eden space 87424K, 100% used [0x00000007a0000000, 0x00000007a5560000, 0x00000007a5560000)
  from space 21824K, 100% used [0x00000007a6ab0000, 0x00000007a8000000, 0x00000007a8000000)
  to   space 21824K,   0% used [0x00000007a5560000, 0x00000007a5560000, 0x00000007a6ab0000)
 concurrent mark-sweep generation total 393216K, used 145795K [0x00000007a8000000, 0x00000007c0000000, 0x00000007c0000000)
 Metaspace       used 38475K, capacity 39060K, committed 39548K, reserved 1085440K
  class space    used 4174K, capacity 4332K, committed 4476K, reserved 1048576K
2017-06-12T14:30:36.152-0100: 68642.139: [GC (Allocation Failure) 2017-06-12T14:30:36.152-0100: 68642.139: [ParNew
Desired survivor size 20112992 bytes, new threshold 8 (max 8)
- age   1:     101728 bytes,     101728 total
- age   2:     115640 bytes,     217368 total
- age   3:    3709288 bytes,    3926656 total
- age   4:    3008648 bytes,    6935304 total
- age   5:    7379768 bytes,   14315072 total
- age   6:    2407776 bytes,   16722848 total
- age   7:     641976 bytes,   17364824 total
- age   8:     974032 bytes,   18338856 total
: 109248K->21824K(109248K), 0.0059868 secs] 255043K->167619K(502464K), 0.0060586 secs] [Times: user=0.02 sys=0.00, real=0.00 secs] 
Heap after GC invocations=288 (full 8):
 par new generation   total 109248K, used 21824K [0x00000007a0000000, 0x00000007a8000000, 0x00000007a8000000)
  eden space 87424K,   0% used [0x00000007a0000000, 0x00000007a0000000, 0x00000007a5560000)
  from space 21824K, 100% used [0x00000007a5560000, 0x00000007a6ab0000, 0x00000007a6ab0000)
  to   space 21824K,   0% used [0x00000007a6ab0000, 0x00000007a6ab0000, 0x00000007a8000000)
 concurrent mark-sweep generation total 393216K, used 145795K [0x00000007a8000000, 0x00000007c0000000, 0x00000007c0000000)
 Metaspace       used 38475K, capacity 39060K, committed 39548K, reserved 1085440K
  class space    used 4174K, capacity 4332K, committed 4476K, reserved 1048576K
}
2017-06-12T14:30:36.158-0100: 68642.145: Total time for which application threads were stopped: 0.0062543 seconds, Stopping threads took: 0.0000221 seconds
{Heap before GC invocations=288 (full 8):
 par new generation   total 109248K, used 109248K [0x00000007a0000000, 0x00000007a8000000, 0x00000007a8000000)
  eden space 87424K, 100% used [0x00000007a0000000, 0x00000007a5560000, 0x00000007a5560000)
  from space 21824K, 100% used [0x00000007a5560000, 0x00000007a6ab0000, 0x00000007a6ab0000)
  to   space 21824K,   0% used [0x00000007a6ab0000, 0x00000007a6ab0000, 0x00000007a8000000)
 concurrent mark-sweep generation total 393216K, used 145795K [0x00000007a8000000, 0x00000007c0000000, 0x00000007c0000000)
 Metaspace       used 38475K, capacity 39060K, committed 39548K, reserved 1085440K
  class space    used 4174K, capacity 4332K, committed 4476K, reserved 1048576K
2017-06-12T14:30:36.279-0100: 68642.267: [GC (Allocation Failure) 2017-06-12T14:30:36.279-0100: 68642.267: [ParNew
Desired survivor size 20112992 bytes, new threshold 8 (max 8)
- age   1:      52712 bytes,      52712 total
- age   2:       1040 bytes,      53752 total
- age   3:      85264 bytes,     139016 total
- age   4:    3589600 bytes,    3728616 total
- age   5:    2869368 bytes,    6597984 total
- age   6:    6499472 bytes,   13097456 total
- age   7:    2387496 bytes,   15484952 total
- age   8:     626392 bytes,   16111344 total
: 109248K->21824K(109248K), 0.0062616 secs] 255043K->169739K(502464K), 0.0063189 secs] [Times: user=0.03 sys=0.00, real=0.01 secs] 
Heap after GC invocations=289 (full 8):
 par new generation   total 109248K, used 21824K [0x00000007a0000000, 0x00000007a8000000, 0x00000007a8000000)
  eden space 87424K,   0% used [0x00000007a0000000, 0x00000007a0000000, 0x00000007a5560000)
  from space 21824K, 100% used [0x00000007a6ab0000, 0x00000007a8000000, 0x00000007a8000000)
  to   space 21824K,   0% used [0x00000007a5560000, 0x00000007a5560000, 0x00000007a6ab0000)
 concurrent mark-sweep generation total 393216K, used 147915K [0x00000007a8000000, 0x00000007c0000000, 0x00000007c0000000)
 Metaspace       used 38475K, capacity 39060K, committed 39548K, reserved 1085440K
  class space    used 4174K, capacity 4332K, committed 4476K, reserved 1048576K
}
2017-06-12T14:30:36.286-0100: 68642.273: Total time for which application threads were stopped: 0.0064894 seconds, Stopping threads took: 0.0000185 seconds
{Heap before GC invocations=289 (full 8):
 par new generation   total 109248K, used 109248K [0x00000007a0000000, 0x00000007a8000000, 0x00000007a8000000)
  eden space 87424K, 100% used [0x00000007a0000000, 0x00000007a5560000, 0x00000007a5560000)
  from space 21824K, 100% used [0x00000007a6ab0000, 0x00000007a8000000, 0x00000007a8000000)
  to   space 21824K,   0% used [0x00000007a5560000, 0x00000007a5560000, 0x00000007a6ab0000)
 concurrent mark-sweep generation total 393216K, used 147915K [0x00000007a8000000, 0x00000007c0000000, 0x00000007c0000000)
 Metaspace       used 38475K, capacity 39060K, committed 39548K, reserved 1085440K
  class space    used 4174K, capacity 4332K, committed 4476K, reserved 1048576K
2017-06-12T14:30:36.437-0100: 68642.425: [GC (Allocation Failure) 2017-06-12T14:30:36.437-0100: 68642.425: [ParNew
Desired survivor size 20112992 bytes, new threshold 8 (max 8)
- age   1:      78728 bytes,      78728 total
- age   2:       1888 bytes,      80616 total
- age   3:       1040 bytes,      81656 total
- age   4:      85264 bytes,     166920 total
- age   5:    3589600 bytes,    3756520 total
- age   6:    2869368 bytes,    6625888 total
- age   7:    6499472 bytes,   13125360 total
- age   8:    2387496 bytes,   15512856 total
: 109248K->18441K(109248K), 0.0053460 secs] 257163K->166985K(502464K), 0.0054034 secs] [Times: user=0.02 sys=0.00, real=0.01 secs] 
Heap after GC invocations=290 (full 8):
 par new generation   total 109248K, used 18441K [0x00000007a0000000, 0x00000007a8000000, 0x00000007a8000000)
  eden space 87424K,   0% used [0x00000007a0000000, 0x00000007a0000000, 0x00000007a5560000)
  from space 21824K,  84% used [0x00000007a5560000, 0x00000007a6762660, 0x00000007a6ab0000)
  to   space 21824K,   0% used [0x00000007a6ab0000, 0x00000007a6ab0000, 0x00000007a8000000)
 concurrent mark-sweep generation total 393216K, used 148543K [0x00000007a8000000, 0x00000007c0000000, 0x00000007c0000000)
 Metaspace       used 38475K, capacity 39060K, committed 39548K, reserved 1085440K
  class space    used 4174K, capacity 4332K, committed 4476K, reserved 1048576K
}
2017-06-12T14:30:36.443-0100: 68642.430: Total time for which application threads were stopped: 0.0055751 seconds, Stopping threads took: 0.0000195 seconds
{Heap before GC invocations=290 (full 8):
 par new generation   total 109248K, used 105865K [0x00000007a0000000, 0x00000007a8000000, 0x00000007a8000000)
  eden space 87424K, 100% used [0x00000007a0000000, 0x00000007a5560000, 0x00000007a5560000)
  from space 21824K,  84% used [0x00000007a5560000, 0x00000007a6762660, 0x00000007a6ab0000)
  to   space 21824K,   0% used [0x00000007a6ab0000, 0x00000007a6ab0000, 0x00000007a8000000)
 concurrent mark-sweep generation total 393216K, used 148543K [0x00000007a8000000, 0x00000007c0000000, 0x00000007c0000000)
 Metaspace       used 38475K, capacity 39060K, committed 39548K, reserved 1085440K
  class space    used 4174K, capacity 4332K, committed 4476K, reserved 1048576K
2017-06-12T14:30:36.557-0100: 68642.544: [GC (Allocation Failure) 2017-06-12T14:30:36.557-0100: 68642.544: [ParNew
Desired survivor size 20112992 bytes, new threshold 8 (max 8)
- age   1:      67976 bytes,      67976 total
- age   2:        264 bytes,      68240 total
- age   3:       1832 bytes,      70072 total
- age   4:       1040 bytes,      71112 total
- age   5:      85200 bytes,     156312 total
- age   6:    3589600 bytes,    3745912 total
- age   7:    2869368 bytes,    6615280 total
- age   8:    7359328 bytes,   13974608 total
: 105865K->18609K(109248K), 0.0056404 secs] 254409K->169501K(502464K), 0.0056934 secs] [Times: user=0.02 sys=0.00, real=0.01 secs] 
Heap after GC invocations=291 (full 8):
 par new generation   total 109248K, used 18609K [0x00000007a0000000, 0x00000007a8000000, 0x00000007a8000000)
  eden space 87424K,   0% used [0x00000007a0000000, 0x00000007a0000000, 0x00000007a5560000)
  from space 21824K,  85% used [0x00000007a6ab0000, 0x00000007a7cdc5d0, 0x00000007a8000000)
  to   space 21824K,   0% used [0x00000007a5560000, 0x00000007a5560000, 0x00000007a6ab0000)
 concurrent mark-sweep generation total 393216K, used 150892K [0x00000007a8000000, 0x00000007c0000000, 0x00000007c0000000)
 Metaspace       used 38475K, capacity 39060K, committed 39548K, reserved 1085440K
  class space    used 4174K, capacity 4332K, committed 4476K, reserved 1048576K
}
2017-06-12T14:30:36.562-0100: 68642.550: Total time for which application threads were stopped: 0.0058609 seconds, Stopping threads took: 0.0000187 seconds
2017-06-12T14:30:36.674-0100: 68642.661: Total time for which application threads were stopped: 0.0001485 seconds, Stopping threads took: 0.0000687 seconds
2017-06-12T14:30:36.682-0100: 68642.669: Total time for which application threads were stopped: 0.0001028 seconds, Stopping threads took: 0.0000179 seconds
2017-06-12T14:30:36.684-0100: 68642.671: Total time for which application threads were stopped: 0.0000964 seconds, Stopping threads took: 0.0000258 seconds
{Heap before GC invocations=291 (full 8):
 par new generation   total 109248K, used 106033K [0x00000007a0000000, 0x00000007a8000000, 0x00000007a8000000)
  eden space 87424K, 100% used [0x00000007a0000000, 0x00000007a5560000, 0x00000007a5560000)
  from space 21824K,  85% used [0x00000007a6ab0000, 0x00000007a7cdc5d0, 0x00000007a8000000)
  to   space 21824K,   0% used [0x00000007a5560000, 0x00000007a5560000, 0x00000007a6ab0000)
 concurrent mark-sweep generation total 393216K, used 150892K [0x00000007a8000000, 0x00000007c0000000, 0x00000007c0000000)
 Metaspace       used 38478K, capacity 39060K, committed 39548K, reserved 1085440K
  class space    used 4174K, capacity 4332K, committed 4476K, reserved 1048576K
2017-06-12T14:30:36.686-0100: 68642.674: [GC (Allocation Failure) 2017-06-12T14:30:36.686-0100: 68642.674: [ParNew
Desired survivor size 20112992 bytes, new threshold 8 (max 8)
- age   1:     223384 bytes,     223384 total
- age   3:         48 bytes,     223432 total
- age   6:      37232 bytes,     260664 total
- age   7:    3310144 bytes,    3570808 total
- age   8:    2616824 bytes,    6187632 total
: 106033K->9311K(109248K), 0.0051328 secs] 256925K->166412K(502464K), 0.0051984 secs] [Times: user=0.03 sys=0.01, real=0.01 secs] 
Heap after GC invocations=292 (full 8):
 par new generation   total 109248K, used 9311K [0x00000007a0000000, 0x00000007a8000000, 0x00000007a8000000)
  eden space 87424K,   0% used [0x00000007a0000000, 0x00000007a0000000, 0x00000007a5560000)
  from space 21824K,  42% used [0x00000007a5560000, 0x00000007a5e77f80, 0x00000007a6ab0000)
  to   space 21824K,   0% used [0x00000007a6ab0000, 0x00000007a6ab0000, 0x00000007a8000000)
 concurrent mark-sweep generation total 393216K, used 157100K [0x00000007a8000000, 0x00000007c0000000, 0x00000007c0000000)
 Metaspace       used 38478K, capacity 39060K, committed 39548K, reserved 1085440K
  class space    used 4174K, capacity 4332K, committed 4476K, reserved 1048576K
}
2017-06-12T14:30:36.691-0100: 68642.679: Total time for which application threads were stopped: 0.0053550 seconds, Stopping threads took: 0.0000128 seconds
2017-06-12T14:30:44.713-0100: 68650.700: Total time for which application threads were stopped: 0.0001073 seconds, Stopping threads took: 0.0000243 seconds
2017-06-12T14:31:18.797-0100: 68684.784: Total time for which application threads were stopped: 0.0001354 seconds, Stopping threads took: 0.0000208 seconds
2017-06-12T14:31:22.317-0100: 68688.304: Total time for which application threads were stopped: 0.0001603 seconds, Stopping threads took: 0.0000304 seconds
2017-06-12T14:31:25.387-0100: 68691.374: Total time for which application threads were stopped: 0.0001367 seconds, Stopping threads took: 0.0000239 seconds
2017-06-12T14:32:03.541-0100: 68729.528: Total time for which application threads were stopped: 0.0010002 seconds, Stopping threads took: 0.0000248 seconds
2017-06-12T14:32:03.544-0100: 68729.531: Total time for which application threads were stopped: 0.0000873 seconds, Stopping threads took: 0.0000127 seconds
2017-06-12T14:32:03.545-0100: 68729.532: Total time for which application threads were stopped: 0.0000778 seconds, Stopping threads took: 0.0000117 seconds
2017-06-12T14:32:03.548-0100: 68729.534: Total time for which application threads were stopped: 0.0000739 seconds, Stopping threads took: 0.0000105 seconds
2017-06-12T14:32:03.548-0100: 68729.534: Total time for which application threads were stopped: 0.0000420 seconds, Stopping threads took: 0.0000063 seconds
2017-06-12T14:32:03.548-0100: 68729.534: Total time for which application threads were stopped: 0.0000386 seconds, Stopping threads took: 0.0000059 seconds
2017-06-12T14:32:03.548-0100: 68729.534: Total time for which application threads were stopped: 0.0000375 seconds, Stopping threads took: 0.0000053 seconds
2017-06-12T14:32:03.548-0100: 68729.535: Total time for which application threads were stopped: 0.0000394 seconds, Stopping threads took: 0.0000055 seconds
2017-06-12T14:32:03.548-0100: 68729.535: Total time for which application threads were stopped: 0.0000363 seconds, Stopping threads took: 0.0000052 seconds
2017-06-12T14:32:23.593-0100: 68749.579: Total time for which application threads were stopped: 0.0001167 seconds, Stopping threads took: 0.0000217 seconds
2017-06-12T14:32:30.607-0100: 68756.594: Total time for which application threads were stopped: 0.0001000 seconds, Stopping threads took: 0.0000228 seconds
2017-06-12T14:32:45.470-0100: 68771.457: Total time for which application threads were stopped: 0.0001023 seconds, Stopping threads took: 0.0000186 seconds
2017-06-12T14:32:46.472-0100: 68772.459: Total time for which application threads were stopped: 0.0001456 seconds, Stopping threads took: 0.0000319 seconds
2017-06-12T14:33:00.507-0100: 68786.493: Total time for which application threads were stopped: 0.0001746 seconds, Stopping threads took: 0.0000336 seconds
2017-06-12T14:33:32.567-0100: 68818.553: Total time for which application threads were stopped: 0.0001041 seconds, Stopping threads took: 0.0000350 seconds
2017-06-12T14:40:00.336-0100: 69206.319: Total time for which application threads were stopped: 0.0001742 seconds, Stopping threads took: 0.0000558 seconds
2017-06-12T18:10:43.462-0100: 79378.786: Total time for which application threads were stopped: 0.0075988 seconds, Stopping threads took: 0.0003341 seconds
2017-06-12T18:11:09.523-0100: 79404.847: Total time for which application threads were stopped: 0.0000941 seconds, Stopping threads took: 0.0000194 seconds
2017-06-12T18:12:35.931-0100: 79491.254: Total time for which application threads were stopped: 0.0003797 seconds, Stopping threads took: 0.0000176 seconds
2017-06-12T18:12:35.932-0100: 79491.255: Total time for which application threads were stopped: 0.0006983 seconds, Stopping threads took: 0.0000156 seconds
2017-06-12T18:12:35.938-0100: 79491.261: Total time for which application threads were stopped: 0.0001240 seconds, Stopping threads took: 0.0000178 seconds
2017-06-12T18:12:35.944-0100: 79491.267: Total time for which application threads were stopped: 0.0003392 seconds, Stopping threads took: 0.0000152 seconds
2017-06-12T18:13:00.416-0100: 79515.739: Total time for which application threads were stopped: 0.0001315 seconds, Stopping threads took: 0.0000158 seconds
2017-06-12T18:13:01.420-0100: 79516.743: Total time for which application threads were stopped: 0.0000987 seconds, Stopping threads took: 0.0000194 seconds
2017-06-12T18:16:37.870-0100: 79733.191: Total time for which application threads were stopped: 0.0007617 seconds, Stopping threads took: 0.0000848 seconds
2017-06-12T18:16:49.903-0100: 79745.224: Total time for which application threads were stopped: 0.0001473 seconds, Stopping threads took: 0.0000318 seconds
2017-06-12T18:19:58.086-0100: 79933.406: Total time for which application threads were stopped: 0.0008790 seconds, Stopping threads took: 0.0006652 seconds
2017-06-12T18:19:58.087-0100: 79933.406: Total time for which application threads were stopped: 0.0001595 seconds, Stopping threads took: 0.0000557 seconds
2017-06-12T18:19:58.091-0100: 79933.411: Total time for which application threads were stopped: 0.0046685 seconds, Stopping threads took: 0.0006371 seconds
2017-06-12T18:19:58.092-0100: 79933.411: Total time for which application threads were stopped: 0.0001422 seconds, Stopping threads took: 0.0000457 seconds
2017-06-12T18:19:58.101-0100: 79933.421: Total time for which application threads were stopped: 0.0004973 seconds, Stopping threads took: 0.0003091 seconds
2017-06-12T18:19:58.102-0100: 79933.421: Total time for which application threads were stopped: 0.0001147 seconds, Stopping threads took: 0.0000156 seconds
2017-06-12T18:19:58.102-0100: 79933.421: Total time for which application threads were stopped: 0.0001051 seconds, Stopping threads took: 0.0000180 seconds
2017-06-12T18:20:23.801-0100: 79959.120: Total time for which application threads were stopped: 0.0011463 seconds, Stopping threads took: 0.0009350 seconds
2017-06-12T18:20:23.805-0100: 79959.124: Total time for which application threads were stopped: 0.0035045 seconds, Stopping threads took: 0.0033638 seconds
2017-06-12T18:20:23.813-0100: 79959.133: Total time for which application threads were stopped: 0.0004381 seconds, Stopping threads took: 0.0003325 seconds
2017-06-12T18:20:23.814-0100: 79959.133: Total time for which application threads were stopped: 0.0000896 seconds, Stopping threads took: 0.0000380 seconds
2017-06-12T18:20:52.803-0100: 79988.122: Total time for which application threads were stopped: 0.0001713 seconds, Stopping threads took: 0.0000242 seconds
2017-06-12T18:20:52.803-0100: 79988.122: Total time for which application threads were stopped: 0.0001148 seconds, Stopping threads took: 0.0000146 seconds
2017-06-12T18:20:52.813-0100: 79988.132: Total time for which application threads were stopped: 0.0001323 seconds, Stopping threads took: 0.0000227 seconds
2017-06-12T18:20:52.813-0100: 79988.132: Total time for which application threads were stopped: 0.0000816 seconds, Stopping threads took: 0.0000114 seconds
2017-06-12T18:21:02.087-0100: 79997.406: Total time for which application threads were stopped: 0.0001847 seconds, Stopping threads took: 0.0000431 seconds
2017-06-12T18:21:02.088-0100: 79997.407: Total time for which application threads were stopped: 0.0008309 seconds, Stopping threads took: 0.0000802 seconds
2017-06-12T18:21:02.098-0100: 79997.417: Total time for which application threads were stopped: 0.0000969 seconds, Stopping threads took: 0.0000180 seconds
2017-06-12T18:21:02.098-0100: 79997.417: Total time for which application threads were stopped: 0.0000505 seconds, Stopping threads took: 0.0000089 seconds
2017-06-12T18:21:55.677-0100: 80050.996: Total time for which application threads were stopped: 0.0001967 seconds, Stopping threads took: 0.0000170 seconds
2017-06-12T18:22:02.103-0100: 80057.421: Total time for which application threads were stopped: 0.0001044 seconds, Stopping threads took: 0.0000224 seconds
2017-06-12T18:22:02.483-0100: 80057.801: Total time for which application threads were stopped: 0.0001573 seconds, Stopping threads took: 0.0000171 seconds
2017-06-12T18:22:14.506-0100: 80069.824: Total time for which application threads were stopped: 0.0001549 seconds, Stopping threads took: 0.0000323 seconds
2017-06-12T18:23:07.608-0100: 80122.926: Total time for which application threads were stopped: 0.0001831 seconds, Stopping threads took: 0.0000312 seconds
2017-06-12T18:26:09.243-0100: 80304.560: Total time for which application threads were stopped: 0.0001226 seconds, Stopping threads took: 0.0000324 seconds
2017-06-12T18:26:09.243-0100: 80304.560: Total time for which application threads were stopped: 0.0000686 seconds, Stopping threads took: 0.0000168 seconds
2017-06-12T18:26:09.252-0100: 80304.568: Total time for which application threads were stopped: 0.0000976 seconds, Stopping threads took: 0.0000209 seconds
2017-06-12T18:26:09.252-0100: 80304.568: Total time for which application threads were stopped: 0.0000514 seconds, Stopping threads took: 0.0000086 seconds
2017-06-12T18:26:11.260-0100: 80306.577: Total time for which application threads were stopped: 0.0002289 seconds, Stopping threads took: 0.0000941 seconds
2017-06-12T18:26:13.805-0100: 80309.122: Total time for which application threads were stopped: 0.0017544 seconds, Stopping threads took: 0.0001037 seconds
2017-06-12T18:26:13.806-0100: 80309.122: Total time for which application threads were stopped: 0.0001198 seconds, Stopping threads took: 0.0000173 seconds
2017-06-12T18:26:13.820-0100: 80309.137: Total time for which application threads were stopped: 0.0001285 seconds, Stopping threads took: 0.0000276 seconds
2017-06-12T18:26:13.820-0100: 80309.137: Total time for which application threads were stopped: 0.0001388 seconds, Stopping threads took: 0.0000675 seconds
2017-06-12T18:26:25.401-0100: 80320.718: Total time for which application threads were stopped: 0.0001295 seconds, Stopping threads took: 0.0000181 seconds
2017-06-12T18:26:25.407-0100: 80320.724: Total time for which application threads were stopped: 0.0001325 seconds, Stopping threads took: 0.0000399 seconds
2017-06-12T18:26:25.407-0100: 80320.724: Total time for which application threads were stopped: 0.0000918 seconds, Stopping threads took: 0.0000319 seconds
2017-06-12T18:26:25.409-0100: 80320.725: Total time for which application threads were stopped: 0.0006984 seconds, Stopping threads took: 0.0000239 seconds
2017-06-12T18:26:25.413-0100: 80320.729: Total time for which application threads were stopped: 0.0002219 seconds, Stopping threads took: 0.0000383 seconds
2017-06-12T18:26:25.414-0100: 80320.730: Total time for which application threads were stopped: 0.0001079 seconds, Stopping threads took: 0.0000404 seconds
2017-06-12T18:26:25.414-0100: 80320.731: Total time for which application threads were stopped: 0.0000871 seconds, Stopping threads took: 0.0000356 seconds
2017-06-12T18:26:26.431-0100: 80321.747: Total time for which application threads were stopped: 0.0001264 seconds, Stopping threads took: 0.0000267 seconds
2017-06-12T18:26:26.431-0100: 80321.748: Total time for which application threads were stopped: 0.0000951 seconds, Stopping threads took: 0.0000261 seconds
2017-06-12T18:26:26.431-0100: 80321.748: Total time for which application threads were stopped: 0.0000838 seconds, Stopping threads took: 0.0000279 seconds
2017-06-12T18:26:26.432-0100: 80321.748: Total time for which application threads were stopped: 0.0003368 seconds, Stopping threads took: 0.0000213 seconds
2017-06-12T18:26:28.193-0100: 80323.510: Total time for which application threads were stopped: 0.0001963 seconds, Stopping threads took: 0.0000561 seconds
2017-06-12T18:26:28.194-0100: 80323.510: Total time for which application threads were stopped: 0.0001171 seconds, Stopping threads took: 0.0000236 seconds
2017-06-12T18:26:28.204-0100: 80323.521: Total time for which application threads were stopped: 0.0001415 seconds, Stopping threads took: 0.0000259 seconds
2017-06-12T18:26:28.204-0100: 80323.521: Total time for which application threads were stopped: 0.0000809 seconds, Stopping threads took: 0.0000123 seconds
2017-06-12T18:26:28.242-0100: 80323.558: Total time for which application threads were stopped: 0.0007738 seconds, Stopping threads took: 0.0006523 seconds
2017-06-12T18:26:28.242-0100: 80323.559: Total time for which application threads were stopped: 0.0001393 seconds, Stopping threads took: 0.0000166 seconds
2017-06-12T18:26:28.252-0100: 80323.569: Total time for which application threads were stopped: 0.0001373 seconds, Stopping threads took: 0.0000224 seconds
2017-06-12T18:26:28.253-0100: 80323.569: Total time for which application threads were stopped: 0.0000868 seconds, Stopping threads took: 0.0000143 seconds
2017-06-12T18:26:29.358-0100: 80324.675: Total time for which application threads were stopped: 0.0001279 seconds, Stopping threads took: 0.0000314 seconds
2017-06-12T18:26:29.358-0100: 80324.675: Total time for which application threads were stopped: 0.0000898 seconds, Stopping threads took: 0.0000243 seconds
2017-06-12T18:26:29.368-0100: 80324.684: Total time for which application threads were stopped: 0.0000902 seconds, Stopping threads took: 0.0000173 seconds
2017-06-12T18:26:29.368-0100: 80324.684: Total time for which application threads were stopped: 0.0000583 seconds, Stopping threads took: 0.0000114 seconds
2017-06-12T18:26:30.741-0100: 80326.057: Total time for which application threads were stopped: 0.0001208 seconds, Stopping threads took: 0.0000170 seconds
{Heap before GC invocations=292 (full 8):
 par new generation   total 109248K, used 96722K [0x00000007a0000000, 0x00000007a8000000, 0x00000007a8000000)
  eden space 87424K,  99% used [0x00000007a0000000, 0x00000007a555c960, 0x00000007a5560000)
  from space 21824K,  42% used [0x00000007a5560000, 0x00000007a5e77f80, 0x00000007a6ab0000)
  to   space 21824K,   0% used [0x00000007a6ab0000, 0x00000007a6ab0000, 0x00000007a8000000)
 concurrent mark-sweep generation total 393216K, used 157100K [0x00000007a8000000, 0x00000007c0000000, 0x00000007c0000000)
 Metaspace       used 38644K, capacity 39220K, committed 39548K, reserved 1085440K
  class space    used 4187K, capacity 4364K, committed 4476K, reserved 1048576K
2017-06-12T18:26:30.964-0100: 80326.280: [GC (Allocation Failure) 2017-06-12T18:26:30.964-0100: 80326.280: [ParNew
Desired survivor size 20112992 bytes, new threshold 8 (max 8)
- age   1:    2413472 bytes,    2413472 total
- age   2:      12144 bytes,    2425616 total
- age   4:         48 bytes,    2425664 total
- age   7:      37232 bytes,    2462896 total
- age   8:    3310072 bytes,    5772968 total
: 96722K->7589K(109248K), 0.1475418 secs] 253822K->167253K(502464K), 0.1476273 secs] [Times: user=0.04 sys=0.16, real=0.15 secs] 
Heap after GC invocations=293 (full 8):
 par new generation   total 109248K, used 7589K [0x00000007a0000000, 0x00000007a8000000, 0x00000007a8000000)
  eden space 87424K,   0% used [0x00000007a0000000, 0x00000007a0000000, 0x00000007a5560000)
  from space 21824K,  34% used [0x00000007a6ab0000, 0x00000007a7219548, 0x00000007a8000000)
  to   space 21824K,   0% used [0x00000007a5560000, 0x00000007a5560000, 0x00000007a6ab0000)
 concurrent mark-sweep generation total 393216K, used 159663K [0x00000007a8000000, 0x00000007c0000000, 0x00000007c0000000)
 Metaspace       used 38644K, capacity 39220K, committed 39548K, reserved 1085440K
  class space    used 4187K, capacity 4364K, committed 4476K, reserved 1048576K
}
2017-06-12T18:26:31.111-0100: 80326.428: Total time for which application threads were stopped: 0.1478679 seconds, Stopping threads took: 0.0000173 seconds
2017-06-12T18:26:31.112-0100: 80326.428: Total time for which application threads were stopped: 0.0001242 seconds, Stopping threads took: 0.0000106 seconds
{Heap before GC invocations=293 (full 8):
 par new generation   total 109248K, used 95013K [0x00000007a0000000, 0x00000007a8000000, 0x00000007a8000000)
  eden space 87424K, 100% used [0x00000007a0000000, 0x00000007a5560000, 0x00000007a5560000)
  from space 21824K,  34% used [0x00000007a6ab0000, 0x00000007a7219548, 0x00000007a8000000)
  to   space 21824K,   0% used [0x00000007a5560000, 0x00000007a5560000, 0x00000007a6ab0000)
 concurrent mark-sweep generation total 393216K, used 159663K [0x00000007a8000000, 0x00000007c0000000, 0x00000007c0000000)
 Metaspace       used 38647K, capacity 39226K, committed 39548K, reserved 1085440K
  class space    used 4188K, capacity 4365K, committed 4476K, reserved 1048576K
2017-06-12T18:26:31.170-0100: 80326.487: [GC (Allocation Failure) 2017-06-12T18:26:31.170-0100: 80326.487: [ParNew
Desired survivor size 20112992 bytes, new threshold 8 (max 8)
- age   1:     210936 bytes,     210936 total
- age   2:    1978064 bytes,    2189000 total
- age   3:       7656 bytes,    2196656 total
- age   5:         48 bytes,    2196704 total
- age   8:      37232 bytes,    2233936 total
: 95013K->3696K(109248K), 0.0166568 secs] 254677K->166600K(502464K), 0.0167143 secs] [Times: user=0.02 sys=0.02, real=0.01 secs] 
Heap after GC invocations=294 (full 8):
 par new generation   total 109248K, used 3696K [0x00000007a0000000, 0x00000007a8000000, 0x00000007a8000000)
  eden space 87424K,   0% used [0x00000007a0000000, 0x00000007a0000000, 0x00000007a5560000)
  from space 21824K,  16% used [0x00000007a5560000, 0x00000007a58fc2e0, 0x00000007a6ab0000)
  to   space 21824K,   0% used [0x00000007a6ab0000, 0x00000007a6ab0000, 0x00000007a8000000)
 concurrent mark-sweep generation total 393216K, used 162903K [0x00000007a8000000, 0x00000007c0000000, 0x00000007c0000000)
 Metaspace       used 38647K, capacity 39226K, committed 39548K, reserved 1085440K
  class space    used 4188K, capacity 4365K, committed 4476K, reserved 1048576K
}
2017-06-12T18:26:31.187-0100: 80326.504: Total time for which application threads were stopped: 0.0168972 seconds, Stopping threads took: 0.0000173 seconds
2017-06-12T18:26:31.187-0100: 80326.504: Total time for which application threads were stopped: 0.0002154 seconds, Stopping threads took: 0.0000614 seconds
{Heap before GC invocations=294 (full 8):
 par new generation   total 109248K, used 91120K [0x00000007a0000000, 0x00000007a8000000, 0x00000007a8000000)
  eden space 87424K, 100% used [0x00000007a0000000, 0x00000007a5560000, 0x00000007a5560000)
  from space 21824K,  16% used [0x00000007a5560000, 0x00000007a58fc2e0, 0x00000007a6ab0000)
  to   space 21824K,   0% used [0x00000007a6ab0000, 0x00000007a6ab0000, 0x00000007a8000000)
 concurrent mark-sweep generation total 393216K, used 162903K [0x00000007a8000000, 0x00000007c0000000, 0x00000007c0000000)
 Metaspace       used 38652K, capacity 39232K, committed 39548K, reserved 1085440K
  class space    used 4188K, capacity 4366K, committed 4476K, reserved 1048576K
2017-06-12T18:26:31.283-0100: 80326.600: [GC (Allocation Failure) 2017-06-12T18:26:31.283-0100: 80326.600: [ParNew
Desired survivor size 20112992 bytes, new threshold 8 (max 8)
- age   1:    2154992 bytes,    2154992 total
- age   2:      87808 bytes,    2242800 total
- age   3:    1967400 bytes,    4210200 total
- age   4:       7656 bytes,    4217856 total
- age   6:         48 bytes,    4217904 total
: 91120K->4496K(109248K), 0.0048676 secs] 254024K->167436K(502464K), 0.0049362 secs] [Times: user=0.03 sys=0.00, real=0.00 secs] 
Heap after GC invocations=295 (full 8):
 par new generation   total 109248K, used 4496K [0x00000007a0000000, 0x00000007a8000000, 0x00000007a8000000)
  eden space 87424K,   0% used [0x00000007a0000000, 0x00000007a0000000, 0x00000007a5560000)
  from space 21824K,  20% used [0x00000007a6ab0000, 0x00000007a6f14210, 0x00000007a8000000)
  to   space 21824K,   0% used [0x00000007a5560000, 0x00000007a5560000, 0x00000007a6ab0000)
 concurrent mark-sweep generation total 393216K, used 162939K [0x00000007a8000000, 0x00000007c0000000, 0x00000007c0000000)
 Metaspace       used 38652K, capacity 39232K, committed 39548K, reserved 1085440K
  class space    used 4188K, capacity 4366K, committed 4476K, reserved 1048576K
}
2017-06-12T18:26:31.288-0100: 80326.605: Total time for which application threads were stopped: 0.0051316 seconds, Stopping threads took: 0.0000242 seconds
{Heap before GC invocations=295 (full 8):
 par new generation   total 109248K, used 91920K [0x00000007a0000000, 0x00000007a8000000, 0x00000007a8000000)
  eden space 87424K, 100% used [0x00000007a0000000, 0x00000007a5560000, 0x00000007a5560000)
  from space 21824K,  20% used [0x00000007a6ab0000, 0x00000007a6f14210, 0x00000007a8000000)
  to   space 21824K,   0% used [0x00000007a5560000, 0x00000007a5560000, 0x00000007a6ab0000)
 concurrent mark-sweep generation total 393216K, used 162939K [0x00000007a8000000, 0x00000007c0000000, 0x00000007c0000000)
 Metaspace       used 38653K, capacity 39232K, committed 39548K, reserved 1085440K
  class space    used 4188K, capacity 4366K, committed 4476K, reserved 1048576K
2017-06-12T18:26:31.459-0100: 80326.775: [GC (Allocation Failure) 2017-06-12T18:26:31.459-0100: 80326.775: [ParNew
Desired survivor size 20112992 bytes, new threshold 8 (max 8)
- age   1:    1879512 bytes,    1879512 total
- age   2:     592536 bytes,    2472048 total
- age   3:      87808 bytes,    2559856 total
- age   4:    1309280 bytes,    3869136 total
- age   5:       7656 bytes,    3876792 total
- age   7:         48 bytes,    3876840 total
: 91920K->5968K(109248K), 0.0050112 secs] 254860K->168908K(502464K), 0.0050796 secs] [Times: user=0.02 sys=0.00, real=0.01 secs] 
Heap after GC invocations=296 (full 8):
 par new generation   total 109248K, used 5968K [0x00000007a0000000, 0x00000007a8000000, 0x00000007a8000000)
  eden space 87424K,   0% used [0x00000007a0000000, 0x00000007a0000000, 0x00000007a5560000)
  from space 21824K,  27% used [0x00000007a5560000, 0x00000007a5b34180, 0x00000007a6ab0000)
  to   space 21824K,   0% used [0x00000007a6ab0000, 0x00000007a6ab0000, 0x00000007a8000000)
 concurrent mark-sweep generation total 393216K, used 162939K [0x00000007a8000000, 0x00000007c0000000, 0x00000007c0000000)
 Metaspace       used 38653K, capacity 39232K, committed 39548K, reserved 1085440K
  class space    used 4188K, capacity 4366K, committed 4476K, reserved 1048576K
}
2017-06-12T18:26:31.464-0100: 80326.780: Total time for which application threads were stopped: 0.0052783 seconds, Stopping threads took: 0.0000183 seconds
{Heap before GC invocations=296 (full 8):
 par new generation   total 109248K, used 93392K [0x00000007a0000000, 0x00000007a8000000, 0x00000007a8000000)
  eden space 87424K, 100% used [0x00000007a0000000, 0x00000007a5560000, 0x00000007a5560000)
  from space 21824K,  27% used [0x00000007a5560000, 0x00000007a5b34180, 0x00000007a6ab0000)
  to   space 21824K,   0% used [0x00000007a6ab0000, 0x00000007a6ab0000, 0x00000007a8000000)
 concurrent mark-sweep generation total 393216K, used 162939K [0x00000007a8000000, 0x00000007c0000000, 0x00000007c0000000)
 Metaspace       used 38653K, capacity 39232K, committed 39548K, reserved 1085440K
  class space    used 4188K, capacity 4366K, committed 4476K, reserved 1048576K
2017-06-12T18:26:31.618-0100: 80326.935: [GC (Allocation Failure) 2017-06-12T18:26:31.618-0100: 80326.935: [ParNew
Desired survivor size 20112992 bytes, new threshold 8 (max 8)
- age   1:    1124512 bytes,    1124512 total
- age   2:    1133328 bytes,    2257840 total
- age   3:     383592 bytes,    2641432 total
- age   4:      87808 bytes,    2729240 total
- age   5:    1309216 bytes,    4038456 total
- age   6:       7656 bytes,    4046112 total
- age   8:         48 bytes,    4046160 total
: 93392K->4649K(109248K), 0.0033388 secs] 256332K->167589K(502464K), 0.0034057 secs] [Times: user=0.01 sys=0.01, real=0.01 secs] 
Heap after GC invocations=297 (full 8):
 par new generation   total 109248K, used 4649K [0x00000007a0000000, 0x00000007a8000000, 0x00000007a8000000)
  eden space 87424K,   0% used [0x00000007a0000000, 0x00000007a0000000, 0x00000007a5560000)
  from space 21824K,  21% used [0x00000007a6ab0000, 0x00000007a6f3a750, 0x00000007a8000000)
  to   space 21824K,   0% used [0x00000007a5560000, 0x00000007a5560000, 0x00000007a6ab0000)
 concurrent mark-sweep generation total 393216K, used 162939K [0x00000007a8000000, 0x00000007c0000000, 0x00000007c0000000)
 Metaspace       used 38653K, capacity 39232K, committed 39548K, reserved 1085440K
  class space    used 4188K, capacity 4366K, committed 4476K, reserved 1048576K
}
2017-06-12T18:26:31.622-0100: 80326.938: Total time for which application threads were stopped: 0.0036363 seconds, Stopping threads took: 0.0000182 seconds
2017-06-12T18:26:31.651-0100: 80326.968: Total time for which application threads were stopped: 0.0001059 seconds, Stopping threads took: 0.0000275 seconds
2017-06-12T18:26:31.658-0100: 80326.974: Total time for which application threads were stopped: 0.0002298 seconds, Stopping threads took: 0.0000230 seconds
2017-06-12T18:26:31.753-0100: 80327.069: Total time for which application threads were stopped: 0.0001608 seconds, Stopping threads took: 0.0000335 seconds
2017-06-12T18:26:31.762-0100: 80327.078: Total time for which application threads were stopped: 0.0001155 seconds, Stopping threads took: 0.0000163 seconds
2017-06-12T18:26:31.771-0100: 80327.088: Total time for which application threads were stopped: 0.0001084 seconds, Stopping threads took: 0.0000145 seconds
2017-06-12T18:26:31.778-0100: 80327.095: Total time for which application threads were stopped: 0.0001278 seconds, Stopping threads took: 0.0000298 seconds
2017-06-12T18:26:31.779-0100: 80327.095: Total time for which application threads were stopped: 0.0000834 seconds, Stopping threads took: 0.0000238 seconds
2017-06-12T18:26:31.791-0100: 80327.107: Total time for which application threads were stopped: 0.0001036 seconds, Stopping threads took: 0.0000162 seconds
2017-06-12T18:26:31.793-0100: 80327.109: Total time for which application threads were stopped: 0.0001270 seconds, Stopping threads took: 0.0000263 seconds
2017-06-12T18:26:31.794-0100: 80327.110: Total time for which application threads were stopped: 0.0005767 seconds, Stopping threads took: 0.0000295 seconds
2017-06-12T18:26:31.794-0100: 80327.110: Total time for which application threads were stopped: 0.0000701 seconds, Stopping threads took: 0.0000283 seconds
2017-06-12T18:26:32.816-0100: 80328.133: Total time for which application threads were stopped: 0.0001136 seconds, Stopping threads took: 0.0000220 seconds
2017-06-12T18:26:32.830-0100: 80328.146: Total time for which application threads were stopped: 0.0001499 seconds, Stopping threads took: 0.0000160 seconds
2017-06-12T18:26:32.830-0100: 80328.146: Total time for which application threads were stopped: 0.0000499 seconds, Stopping threads took: 0.0000072 seconds
2017-06-12T18:26:32.837-0100: 80328.153: Total time for which application threads were stopped: 0.0001126 seconds, Stopping threads took: 0.0000248 seconds
2017-06-12T18:26:32.837-0100: 80328.154: Total time for which application threads were stopped: 0.0000639 seconds, Stopping threads took: 0.0000116 seconds
2017-06-12T18:26:33.138-0100: 80328.454: Total time for which application threads were stopped: 0.0001056 seconds, Stopping threads took: 0.0000187 seconds
2017-06-12T18:26:33.142-0100: 80328.459: Total time for which application threads were stopped: 0.0001074 seconds, Stopping threads took: 0.0000292 seconds
{Heap before GC invocations=297 (full 8):
 par new generation   total 109248K, used 92061K [0x00000007a0000000, 0x00000007a8000000, 0x00000007a8000000)
  eden space 87424K,  99% used [0x00000007a0000000, 0x00000007a555ce78, 0x00000007a5560000)
  from space 21824K,  21% used [0x00000007a6ab0000, 0x00000007a6f3a750, 0x00000007a8000000)
  to   space 21824K,   0% used [0x00000007a5560000, 0x00000007a5560000, 0x00000007a6ab0000)
 concurrent mark-sweep generation total 393216K, used 162939K [0x00000007a8000000, 0x00000007c0000000, 0x00000007c0000000)
 Metaspace       used 38817K, capacity 39372K, committed 39804K, reserved 1085440K
  class space    used 4207K, capacity 4368K, committed 4476K, reserved 1048576K
2017-06-12T18:26:33.183-0100: 80328.499: [GC (Allocation Failure) 2017-06-12T18:26:33.183-0100: 80328.499: [ParNew
Desired survivor size 20112992 bytes, new threshold 8 (max 8)
- age   1:    2238688 bytes,    2238688 total
- age   2:     790952 bytes,    3029640 total
- age   3:     637360 bytes,    3667000 total
- age   4:     106720 bytes,    3773720 total
- age   5:      87808 bytes,    3861528 total
- age   6:    1278336 bytes,    5139864 total
- age   7:       6224 bytes,    5146088 total
: 92061K->7423K(109248K), 0.0046625 secs] 255001K->170363K(502464K), 0.0047157 secs] [Times: user=0.02 sys=0.00, real=0.00 secs] 
Heap after GC invocations=298 (full 8):
 par new generation   total 109248K, used 7423K [0x00000007a0000000, 0x00000007a8000000, 0x00000007a8000000)
  eden space 87424K,   0% used [0x00000007a0000000, 0x00000007a0000000, 0x00000007a5560000)
  from space 21824K,  34% used [0x00000007a5560000, 0x00000007a5c9fdd0, 0x00000007a6ab0000)
  to   space 21824K,   0% used [0x00000007a6ab0000, 0x00000007a6ab0000, 0x00000007a8000000)
 concurrent mark-sweep generation total 393216K, used 162940K [0x00000007a8000000, 0x00000007c0000000, 0x00000007c0000000)
 Metaspace       used 38817K, capacity 39372K, committed 39804K, reserved 1085440K
  class space    used 4207K, capacity 4368K, committed 4476K, reserved 1048576K
}
2017-06-12T18:26:33.188-0100: 80328.504: Total time for which application threads were stopped: 0.0049523 seconds, Stopping threads took: 0.0000205 seconds
2017-06-12T18:26:33.188-0100: 80328.505: Total time for which application threads were stopped: 0.0001886 seconds, Stopping threads took: 0.0000916 seconds
2017-06-12T18:26:33.189-0100: 80328.505: Total time for which application threads were stopped: 0.0008096 seconds, Stopping threads took: 0.0000728 seconds
{Heap before GC invocations=298 (full 8):
 par new generation   total 109248K, used 94847K [0x00000007a0000000, 0x00000007a8000000, 0x00000007a8000000)
  eden space 87424K, 100% used [0x00000007a0000000, 0x00000007a5560000, 0x00000007a5560000)
  from space 21824K,  34% used [0x00000007a5560000, 0x00000007a5c9fdd0, 0x00000007a6ab0000)
  to   space 21824K,   0% used [0x00000007a6ab0000, 0x00000007a6ab0000, 0x00000007a8000000)
 concurrent mark-sweep generation total 393216K, used 162940K [0x00000007a8000000, 0x00000007c0000000, 0x00000007c0000000)
 Metaspace       used 38835K, capacity 39402K, committed 39804K, reserved 1085440K
  class space    used 4210K, capacity 4373K, committed 4476K, reserved 1048576K
2017-06-12T18:26:33.224-0100: 80328.541: [GC (Allocation Failure) 2017-06-12T18:26:33.224-0100: 80328.541: [ParNew
Desired survivor size 20112992 bytes, new threshold 8 (max 8)
- age   1:     608936 bytes,     608936 total
- age   2:    1811584 bytes,    2420520 total
- age   3:     790952 bytes,    3211472 total
- age   4:     637360 bytes,    3848832 total
- age   5:     106720 bytes,    3955552 total
- age   6:      87808 bytes,    4043360 total
- age   7:    1278272 bytes,    5321632 total
- age   8:       6224 bytes,    5327856 total
: 94847K->6096K(109248K), 0.0038364 secs] 257787K->169036K(502464K), 0.0038974 secs] [Times: user=0.01 sys=0.00, real=0.00 secs] 
Heap after GC invocations=299 (full 8):
 par new generation   total 109248K, used 6096K [0x00000007a0000000, 0x00000007a8000000, 0x00000007a8000000)
  eden space 87424K,   0% used [0x00000007a0000000, 0x00000007a0000000, 0x00000007a5560000)
  from space 21824K,  27% used [0x00000007a6ab0000, 0x00000007a70a4060, 0x00000007a8000000)
  to   space 21824K,   0% used [0x00000007a5560000, 0x00000007a5560000, 0x00000007a6ab0000)
 concurrent mark-sweep generation total 393216K, used 162940K [0x00000007a8000000, 0x00000007c0000000, 0x00000007c0000000)
 Metaspace       used 38835K, capacity 39402K, committed 39804K, reserved 1085440K
  class space    used 4210K, capacity 4373K, committed 4476K, reserved 1048576K
}
2017-06-12T18:26:33.228-0100: 80328.545: Total time for which application threads were stopped: 0.0040754 seconds, Stopping threads took: 0.0000176 seconds
2017-06-12T18:26:33.229-0100: 80328.545: Total time for which application threads were stopped: 0.0001615 seconds, Stopping threads took: 0.0000550 seconds
{Heap before GC invocations=299 (full 8):
 par new generation   total 109248K, used 93520K [0x00000007a0000000, 0x00000007a8000000, 0x00000007a8000000)
  eden space 87424K, 100% used [0x00000007a0000000, 0x00000007a5560000, 0x00000007a5560000)
  from space 21824K,  27% used [0x00000007a6ab0000, 0x00000007a70a4060, 0x00000007a8000000)
  to   space 21824K,   0% used [0x00000007a5560000, 0x00000007a5560000, 0x00000007a6ab0000)
 concurrent mark-sweep generation total 393216K, used 162940K [0x00000007a8000000, 0x00000007c0000000, 0x00000007c0000000)
 Metaspace       used 38859K, capacity 39438K, committed 39804K, reserved 1085440K
  class space    used 4213K, capacity 4379K, committed 4476K, reserved 1048576K
2017-06-12T18:26:33.310-0100: 80328.627: [GC (Allocation Failure) 2017-06-12T18:26:33.310-0100: 80328.627: [ParNew
Desired survivor size 20112992 bytes, new threshold 8 (max 8)
- age   1:    1125720 bytes,    1125720 total
- age   2:      94920 bytes,    1220640 total
- age   3:    1800768 bytes,    3021408 total
- age   4:     790952 bytes,    3812360 total
- age   5:     637360 bytes,    4449720 total
- age   6:     106720 bytes,    4556440 total
- age   7:      87808 bytes,    4644248 total
- age   8:    1278272 bytes,    5922520 total
: 93520K->8014K(109248K), 0.0037746 secs] 256460K->170960K(502464K), 0.0038196 secs] [Times: user=0.01 sys=0.01, real=0.00 secs] 
Heap after GC invocations=300 (full 8):
 par new generation   total 109248K, used 8014K [0x00000007a0000000, 0x00000007a8000000, 0x00000007a8000000)
  eden space 87424K,   0% used [0x00000007a0000000, 0x00000007a0000000, 0x00000007a5560000)
  from space 21824K,  36% used [0x00000007a5560000, 0x00000007a5d33928, 0x00000007a6ab0000)
  to   space 21824K,   0% used [0x00000007a6ab0000, 0x00000007a6ab0000, 0x00000007a8000000)
 concurrent mark-sweep generation total 393216K, used 162946K [0x00000007a8000000, 0x00000007c0000000, 0x00000007c0000000)
 Metaspace       used 38859K, capacity 39438K, committed 39804K, reserved 1085440K
  class space    used 4213K, capacity 4379K, committed 4476K, reserved 1048576K
}
2017-06-12T18:26:33.314-0100: 80328.631: Total time for which application threads were stopped: 0.0039788 seconds, Stopping threads took: 0.0000169 seconds
{Heap before GC invocations=300 (full 8):
 par new generation   total 109248K, used 95438K [0x00000007a0000000, 0x00000007a8000000, 0x00000007a8000000)
  eden space 87424K, 100% used [0x00000007a0000000, 0x00000007a5560000, 0x00000007a5560000)
  from space 21824K,  36% used [0x00000007a5560000, 0x00000007a5d33928, 0x00000007a6ab0000)
  to   space 21824K,   0% used [0x00000007a6ab0000, 0x00000007a6ab0000, 0x00000007a8000000)
 concurrent mark-sweep generation total 393216K, used 162946K [0x00000007a8000000, 0x00000007c0000000, 0x00000007c0000000)
 Metaspace       used 38865K, capacity 39444K, committed 39804K, reserved 1085440K
  class space    used 4214K, capacity 4380K, committed 4476K, reserved 1048576K
2017-06-12T18:26:33.494-0100: 80328.810: [GC (Allocation Failure) 2017-06-12T18:26:33.494-0100: 80328.811: [ParNew
Desired survivor size 20112992 bytes, new threshold 8 (max 8)
- age   1:    1556088 bytes,    1556088 total
- age   2:     433696 bytes,    1989784 total
- age   3:      94920 bytes,    2084704 total
- age   4:    1142728 bytes,    3227432 total
- age   5:     790912 bytes,    4018344 total
- age   6:     637360 bytes,    4655704 total
- age   7:     106720 bytes,    4762424 total
- age   8:      87808 bytes,    4850232 total
: 95438K->5799K(109248K), 0.0102455 secs] 258384K->169999K(502464K), 0.0103275 secs] [Times: user=0.02 sys=0.01, real=0.01 secs] 
Heap after GC invocations=301 (full 8):
 par new generation   total 109248K, used 5799K [0x00000007a0000000, 0x00000007a8000000, 0x00000007a8000000)
  eden space 87424K,   0% used [0x00000007a0000000, 0x00000007a0000000, 0x00000007a5560000)
  from space 21824K,  26% used [0x00000007a6ab0000, 0x00000007a7059c78, 0x00000007a8000000)
  to   space 21824K,   0% used [0x00000007a5560000, 0x00000007a5560000, 0x00000007a6ab0000)
 concurrent mark-sweep generation total 393216K, used 164200K [0x00000007a8000000, 0x00000007c0000000, 0x00000007c0000000)
 Metaspace       used 38865K, capacity 39444K, committed 39804K, reserved 1085440K
  class space    used 4214K, capacity 4380K, committed 4476K, reserved 1048576K
}
2017-06-12T18:26:33.504-0100: 80328.821: Total time for which application threads were stopped: 0.0113899 seconds, Stopping threads took: 0.0000178 seconds
{Heap before GC invocations=301 (full 8):
 par new generation   total 109248K, used 93223K [0x00000007a0000000, 0x00000007a8000000, 0x00000007a8000000)
  eden space 87424K, 100% used [0x00000007a0000000, 0x00000007a5560000, 0x00000007a5560000)
  from space 21824K,  26% used [0x00000007a6ab0000, 0x00000007a7059c78, 0x00000007a8000000)
  to   space 21824K,   0% used [0x00000007a5560000, 0x00000007a5560000, 0x00000007a6ab0000)
 concurrent mark-sweep generation total 393216K, used 164200K [0x00000007a8000000, 0x00000007c0000000, 0x00000007c0000000)
 Metaspace       used 38866K, capacity 39444K, committed 39804K, reserved 1085440K
  class space    used 4214K, capacity 4380K, committed 4476K, reserved 1048576K
2017-06-12T18:26:33.662-0100: 80328.978: [GC (Allocation Failure) 2017-06-12T18:26:33.662-0100: 80328.978: [ParNew
Desired survivor size 20112992 bytes, new threshold 8 (max 8)
- age   1:     650232 bytes,     650232 total
- age   2:     929752 bytes,    1579984 total
- age   3:     102432 bytes,    1682416 total
- age   4:      94920 bytes,    1777336 total
- age   5:    1142080 bytes,    2919416 total
- age   6:     790912 bytes,    3710328 total
- age   7:     637360 bytes,    4347688 total
- age   8:     106720 bytes,    4454408 total
: 93223K->6571K(109248K), 0.0034438 secs] 257423K->170859K(502464K), 0.0034891 secs] [Times: user=0.01 sys=0.00, real=0.00 secs] 
Heap after GC invocations=302 (full 8):
 par new generation   total 109248K, used 6571K [0x00000007a0000000, 0x00000007a8000000, 0x00000007a8000000)
  eden space 87424K,   0% used [0x00000007a0000000, 0x00000007a0000000, 0x00000007a5560000)
  from space 21824K,  30% used [0x00000007a5560000, 0x00000007a5bcad40, 0x00000007a6ab0000)
  to   space 21824K,   0% used [0x00000007a6ab0000, 0x00000007a6ab0000, 0x00000007a8000000)
 concurrent mark-sweep generation total 393216K, used 164288K [0x00000007a8000000, 0x00000007c0000000, 0x00000007c0000000)
 Metaspace       used 38866K, capacity 39444K, committed 39804K, reserved 1085440K
  class space    used 4214K, capacity 4380K, committed 4476K, reserved 1048576K
}
2017-06-12T18:26:33.666-0100: 80328.982: Total time for which application threads were stopped: 0.0036562 seconds, Stopping threads took: 0.0000153 seconds
2017-06-12T18:26:33.667-0100: 80328.983: Total time for which application threads were stopped: 0.0001142 seconds, Stopping threads took: 0.0000217 seconds
2017-06-12T18:26:33.673-0100: 80328.989: Total time for which application threads were stopped: 0.0001230 seconds, Stopping threads took: 0.0000297 seconds
2017-06-12T18:26:33.673-0100: 80328.990: Total time for which application threads were stopped: 0.0000556 seconds, Stopping threads took: 0.0000080 seconds
2017-06-12T18:26:33.673-0100: 80328.990: Total time for which application threads were stopped: 0.0000504 seconds, Stopping threads took: 0.0000077 seconds
2017-06-12T18:26:33.673-0100: 80328.990: Total time for which application threads were stopped: 0.0000459 seconds, Stopping threads took: 0.0000061 seconds
2017-06-12T18:26:33.674-0100: 80328.990: Total time for which application threads were stopped: 0.0000893 seconds, Stopping threads took: 0.0000388 seconds
2017-06-12T18:26:33.674-0100: 80328.990: Total time for which application threads were stopped: 0.0000434 seconds, Stopping threads took: 0.0000067 seconds
2017-06-12T18:26:33.674-0100: 80328.990: Total time for which application threads were stopped: 0.0000506 seconds, Stopping threads took: 0.0000075 seconds
2017-06-12T18:26:33.678-0100: 80328.995: Total time for which application threads were stopped: 0.0000987 seconds, Stopping threads took: 0.0000265 seconds
2017-06-12T18:26:33.679-0100: 80328.995: Total time for which application threads were stopped: 0.0000641 seconds, Stopping threads took: 0.0000216 seconds
2017-06-12T18:26:34.679-0100: 80329.996: Total time for which application threads were stopped: 0.0001155 seconds, Stopping threads took: 0.0000269 seconds
2017-06-12T18:26:34.699-0100: 80330.015: Total time for which application threads were stopped: 0.0001850 seconds, Stopping threads took: 0.0000426 seconds
2017-06-12T18:26:34.704-0100: 80330.021: Total time for which application threads were stopped: 0.0001421 seconds, Stopping threads took: 0.0000400 seconds
2017-06-12T18:26:34.704-0100: 80330.021: Total time for which application threads were stopped: 0.0001085 seconds, Stopping threads took: 0.0000262 seconds
2017-06-12T18:26:34.713-0100: 80330.029: Total time for which application threads were stopped: 0.0001643 seconds, Stopping threads took: 0.0000189 seconds
2017-06-12T18:26:34.713-0100: 80330.030: Total time for which application threads were stopped: 0.0001172 seconds, Stopping threads took: 0.0000098 seconds
2017-06-12T18:26:34.713-0100: 80330.030: Total time for which application threads were stopped: 0.0001374 seconds, Stopping threads took: 0.0000083 seconds
2017-06-12T18:26:35.989-0100: 80331.306: Total time for which application threads were stopped: 0.0001455 seconds, Stopping threads took: 0.0000237 seconds
2017-06-12T18:26:35.995-0100: 80331.311: Total time for which application threads were stopped: 0.0001738 seconds, Stopping threads took: 0.0000234 seconds
2017-06-12T18:26:35.995-0100: 80331.311: Total time for which application threads were stopped: 0.0000988 seconds, Stopping threads took: 0.0000117 seconds
2017-06-12T18:26:35.999-0100: 80331.315: Total time for which application threads were stopped: 0.0001475 seconds, Stopping threads took: 0.0000299 seconds
2017-06-12T18:26:35.999-0100: 80331.315: Total time for which application threads were stopped: 0.0000905 seconds, Stopping threads took: 0.0000131 seconds
2017-06-12T18:26:36.003-0100: 80331.320: Total time for which application threads were stopped: 0.0002258 seconds, Stopping threads took: 0.0000226 seconds
2017-06-12T18:26:36.003-0100: 80331.320: Total time for which application threads were stopped: 0.0001028 seconds, Stopping threads took: 0.0000122 seconds
2017-06-12T18:26:36.011-0100: 80331.327: Total time for which application threads were stopped: 0.0001043 seconds, Stopping threads took: 0.0000200 seconds
2017-06-12T18:26:36.011-0100: 80331.327: Total time for which application threads were stopped: 0.0000900 seconds, Stopping threads took: 0.0000127 seconds
2017-06-12T18:26:37.372-0100: 80332.689: Total time for which application threads were stopped: 0.0001161 seconds, Stopping threads took: 0.0000184 seconds
2017-06-12T18:26:37.373-0100: 80332.689: Total time for which application threads were stopped: 0.0001191 seconds, Stopping threads took: 0.0000429 seconds
2017-06-12T18:26:37.381-0100: 80332.697: Total time for which application threads were stopped: 0.0001293 seconds, Stopping threads took: 0.0000261 seconds
2017-06-12T18:26:37.381-0100: 80332.698: Total time for which application threads were stopped: 0.0000842 seconds, Stopping threads took: 0.0000108 seconds
2017-06-12T18:26:46.981-0100: 80342.298: Total time for which application threads were stopped: 0.0002198 seconds, Stopping threads took: 0.0000235 seconds
2017-06-12T18:26:46.982-0100: 80342.298: Total time for which application threads were stopped: 0.0001128 seconds, Stopping threads took: 0.0000264 seconds
2017-06-12T18:26:46.982-0100: 80342.298: Total time for which application threads were stopped: 0.0001286 seconds, Stopping threads took: 0.0000325 seconds
2017-06-12T18:26:46.983-0100: 80342.300: Total time for which application threads were stopped: 0.0000816 seconds, Stopping threads took: 0.0000152 seconds
2017-06-12T18:26:47.003-0100: 80342.319: Total time for which application threads were stopped: 0.0001260 seconds, Stopping threads took: 0.0000161 seconds
{Heap before GC invocations=302 (full 8):
 par new generation   total 109248K, used 93992K [0x00000007a0000000, 0x00000007a8000000, 0x00000007a8000000)
  eden space 87424K,  99% used [0x00000007a0000000, 0x00000007a555f310, 0x00000007a5560000)
  from space 21824K,  30% used [0x00000007a5560000, 0x00000007a5bcad40, 0x00000007a6ab0000)
  to   space 21824K,   0% used [0x00000007a6ab0000, 0x00000007a6ab0000, 0x00000007a8000000)
 concurrent mark-sweep generation total 393216K, used 164288K [0x00000007a8000000, 0x00000007c0000000, 0x00000007c0000000)
 Metaspace       used 38880K, capacity 39450K, committed 39804K, reserved 1085440K
  class space    used 4214K, capacity 4381K, committed 4476K, reserved 1048576K
2017-06-12T18:26:47.157-0100: 80342.473: [GC (Allocation Failure) 2017-06-12T18:26:47.162-0100: 80342.479: [ParNew
Desired survivor size 20112992 bytes, new threshold 8 (max 8)
- age   1:    6945056 bytes,    6945056 total
- age   2:     649784 bytes,    7594840 total
- age   3:     929624 bytes,    8524464 total
- age   4:     102344 bytes,    8626808 total
- age   5:      94920 bytes,    8721728 total
- age   6:    1117424 bytes,    9839152 total
- age   7:     790912 bytes,   10630064 total
- age   8:     637360 bytes,   11267424 total
: 93992K->11594K(109248K), 0.0130228 secs] 258280K->175988K(502464K), 0.0189811 secs] [Times: user=0.03 sys=0.02, real=0.02 secs] 
Heap after GC invocations=303 (full 8):
 par new generation   total 109248K, used 11594K [0x00000007a0000000, 0x00000007a8000000, 0x00000007a8000000)
  eden space 87424K,   0% used [0x00000007a0000000, 0x00000007a0000000, 0x00000007a5560000)
  from space 21824K,  53% used [0x00000007a6ab0000, 0x00000007a7602900, 0x00000007a8000000)
  to   space 21824K,   0% used [0x00000007a5560000, 0x00000007a5560000, 0x00000007a6ab0000)
 concurrent mark-sweep generation total 393216K, used 164394K [0x00000007a8000000, 0x00000007c0000000, 0x00000007c0000000)
 Metaspace       used 38880K, capacity 39450K, committed 39804K, reserved 1085440K
  class space    used 4214K, capacity 4381K, committed 4476K, reserved 1048576K
}
2017-06-12T18:26:47.176-0100: 80342.492: Total time for which application threads were stopped: 0.0191726 seconds, Stopping threads took: 0.0000176 seconds
2017-06-12T18:26:47.176-0100: 80342.492: Total time for which application threads were stopped: 0.0001596 seconds, Stopping threads took: 0.0000585 seconds
{Heap before GC invocations=303 (full 8):
 par new generation   total 109248K, used 99018K [0x00000007a0000000, 0x00000007a8000000, 0x00000007a8000000)
  eden space 87424K, 100% used [0x00000007a0000000, 0x00000007a5560000, 0x00000007a5560000)
  from space 21824K,  53% used [0x00000007a6ab0000, 0x00000007a7602900, 0x00000007a8000000)
  to   space 21824K,   0% used [0x00000007a5560000, 0x00000007a5560000, 0x00000007a6ab0000)
 concurrent mark-sweep generation total 393216K, used 164394K [0x00000007a8000000, 0x00000007c0000000, 0x00000007c0000000)
 Metaspace       used 38880K, capacity 39450K, committed 39804K, reserved 1085440K
  class space    used 4214K, capacity 4381K, committed 4476K, reserved 1048576K
2017-06-12T18:26:47.401-0100: 80342.717: [GC (Allocation Failure) 2017-06-12T18:26:47.401-0100: 80342.718: [ParNew
Desired survivor size 20112992 bytes, new threshold 8 (max 8)
- age   1:    8188928 bytes,    8188928 total
- age   2:    4442816 bytes,   12631744 total
- age   3:     649784 bytes,   13281528 total
- age   4:     929624 bytes,   14211152 total
- age   5:     102344 bytes,   14313496 total
- age   6:      94920 bytes,   14408416 total
- age   7:    1116472 bytes,   15524888 total
- age   8:     790912 bytes,   16315800 total
: 99018K->21036K(109248K), 0.0164794 secs] 263412K->186058K(502464K), 0.0165455 secs] [Times: user=0.01 sys=0.03, real=0.01 secs] 
Heap after GC invocations=304 (full 8):
 par new generation   total 109248K, used 21036K [0x00000007a0000000, 0x00000007a8000000, 0x00000007a8000000)
  eden space 87424K,   0% used [0x00000007a0000000, 0x00000007a0000000, 0x00000007a5560000)
  from space 21824K,  96% used [0x00000007a5560000, 0x00000007a69eb330, 0x00000007a6ab0000)
  to   space 21824K,   0% used [0x00000007a6ab0000, 0x00000007a6ab0000, 0x00000007a8000000)
 concurrent mark-sweep generation total 393216K, used 165021K [0x00000007a8000000, 0x00000007c0000000, 0x00000007c0000000)
 Metaspace       used 38880K, capacity 39450K, committed 39804K, reserved 1085440K
  class space    used 4214K, capacity 4381K, committed 4476K, reserved 1048576K
}
2017-06-12T18:26:47.418-0100: 80342.734: Total time for which application threads were stopped: 0.0167372 seconds, Stopping threads took: 0.0000189 seconds
{Heap before GC invocations=304 (full 8):
 par new generation   total 109248K, used 108460K [0x00000007a0000000, 0x00000007a8000000, 0x00000007a8000000)
  eden space 87424K, 100% used [0x00000007a0000000, 0x00000007a5560000, 0x00000007a5560000)
  from space 21824K,  96% used [0x00000007a5560000, 0x00000007a69eb330, 0x00000007a6ab0000)
  to   space 21824K,   0% used [0x00000007a6ab0000, 0x00000007a6ab0000, 0x00000007a8000000)
 concurrent mark-sweep generation total 393216K, used 165021K [0x00000007a8000000, 0x00000007c0000000, 0x00000007c0000000)
 Metaspace       used 38880K, capacity 39450K, committed 39804K, reserved 1085440K
  class space    used 4214K, capacity 4381K, committed 4476K, reserved 1048576K
2017-06-12T18:26:47.657-0100: 80342.974: [GC (Allocation Failure) 2017-06-12T18:26:47.657-0100: 80342.974: [ParNew
Desired survivor size 20112992 bytes, new threshold 8 (max 8)
- age   1:    8876768 bytes,    8876768 total
- age   2:    4877896 bytes,   13754664 total
- age   3:    4089680 bytes,   17844344 total
- age   4:     649784 bytes,   18494128 total
- age   5:     929624 bytes,   19423752 total
- age   6:     102344 bytes,   19526096 total
- age   7:      94920 bytes,   19621016 total
- age   8:    1116472 bytes,   20737488 total
: 108460K->21824K(109248K), 0.0225579 secs] 273482K->187777K(502464K), 0.0226137 secs] [Times: user=0.02 sys=0.04, real=0.03 secs] 
Heap after GC invocations=305 (full 8):
 par new generation   total 109248K, used 21824K [0x00000007a0000000, 0x00000007a8000000, 0x00000007a8000000)
  eden space 87424K,   0% used [0x00000007a0000000, 0x00000007a0000000, 0x00000007a5560000)
  from space 21824K, 100% used [0x00000007a6ab0000, 0x00000007a8000000, 0x00000007a8000000)
  to   space 21824K,   0% used [0x00000007a5560000, 0x00000007a5560000, 0x00000007a6ab0000)
 concurrent mark-sweep generation total 393216K, used 165953K [0x00000007a8000000, 0x00000007c0000000, 0x00000007c0000000)
 Metaspace       used 38880K, capacity 39450K, committed 39804K, reserved 1085440K
  class space    used 4214K, capacity 4381K, committed 4476K, reserved 1048576K
}
2017-06-12T18:26:47.680-0100: 80342.996: Total time for which application threads were stopped: 0.0227986 seconds, Stopping threads took: 0.0000177 seconds
{Heap before GC invocations=305 (full 8):
 par new generation   total 109248K, used 109153K [0x00000007a0000000, 0x00000007a8000000, 0x00000007a8000000)
  eden space 87424K,  99% used [0x00000007a0000000, 0x00000007a5548520, 0x00000007a5560000)
  from space 21824K, 100% used [0x00000007a6ab0000, 0x00000007a8000000, 0x00000007a8000000)
  to   space 21824K,   0% used [0x00000007a5560000, 0x00000007a5560000, 0x00000007a6ab0000)
 concurrent mark-sweep generation total 393216K, used 165953K [0x00000007a8000000, 0x00000007c0000000, 0x00000007c0000000)
 Metaspace       used 38880K, capacity 39450K, committed 39804K, reserved 1085440K
  class space    used 4214K, capacity 4381K, committed 4476K, reserved 1048576K
2017-06-12T18:26:47.947-0100: 80343.263: [GC (Allocation Failure) 2017-06-12T18:26:47.947-0100: 80343.263: [ParNew
Desired survivor size 20112992 bytes, new threshold 4 (max 8)
- age   1:    9167824 bytes,    9167824 total
- age   2:    3162096 bytes,   12329920 total
- age   3:    4048320 bytes,   16378240 total
- age   4:    3943760 bytes,   20322000 total
- age   5:     649784 bytes,   20971784 total
- age   6:     929624 bytes,   21901408 total
- age   7:     102344 bytes,   22003752 total
- age   8:      94920 bytes,   22098672 total
: 109153K->21824K(109248K), 0.0147693 secs] 275107K->192594K(502464K), 0.0148347 secs] [Times: user=0.03 sys=0.02, real=0.02 secs] 
Heap after GC invocations=306 (full 8):
 par new generation   total 109248K, used 21824K [0x00000007a0000000, 0x00000007a8000000, 0x00000007a8000000)
  eden space 87424K,   0% used [0x00000007a0000000, 0x00000007a0000000, 0x00000007a5560000)
  from space 21824K, 100% used [0x00000007a5560000, 0x00000007a6ab0000, 0x00000007a6ab0000)
  to   space 21824K,   0% used [0x00000007a6ab0000, 0x00000007a6ab0000, 0x00000007a8000000)
 concurrent mark-sweep generation total 393216K, used 170770K [0x00000007a8000000, 0x00000007c0000000, 0x00000007c0000000)
 Metaspace       used 38880K, capacity 39450K, committed 39804K, reserved 1085440K
  class space    used 4214K, capacity 4381K, committed 4476K, reserved 1048576K
}
2017-06-12T18:26:47.962-0100: 80343.278: Total time for which application threads were stopped: 0.0150031 seconds, Stopping threads took: 0.0000176 seconds
{Heap before GC invocations=306 (full 8):
 par new generation   total 109248K, used 109248K [0x00000007a0000000, 0x00000007a8000000, 0x00000007a8000000)
  eden space 87424K, 100% used [0x00000007a0000000, 0x00000007a5560000, 0x00000007a5560000)
  from space 21824K, 100% used [0x00000007a5560000, 0x00000007a6ab0000, 0x00000007a6ab0000)
  to   space 21824K,   0% used [0x00000007a6ab0000, 0x00000007a6ab0000, 0x00000007a8000000)
 concurrent mark-sweep generation total 393216K, used 170770K [0x00000007a8000000, 0x00000007c0000000, 0x00000007c0000000)
 Metaspace       used 38880K, capacity 39450K, committed 39804K, reserved 1085440K
  class space    used 4214K, capacity 4381K, committed 4476K, reserved 1048576K
2017-06-12T18:26:48.252-0100: 80343.568: [GC (Allocation Failure) 2017-06-12T18:26:48.252-0100: 80343.568: [ParNew
Desired survivor size 20112992 bytes, new threshold 8 (max 8)
- age   1:   10005824 bytes,   10005824 total
- age   2:    2553192 bytes,   12559016 total
- age   3:    2774096 bytes,   15333112 total
- age   4:    3702008 bytes,   19035120 total
: 109248K->21824K(109248K), 0.0268049 secs] 280018K->201204K(502464K), 0.0268627 secs] [Times: user=0.03 sys=0.03, real=0.02 secs] 
Heap after GC invocations=307 (full 8):
 par new generation   total 109248K, used 21824K [0x00000007a0000000, 0x00000007a8000000, 0x00000007a8000000)
  eden space 87424K,   0% used [0x00000007a0000000, 0x00000007a0000000, 0x00000007a5560000)
  from space 21824K, 100% used [0x00000007a6ab0000, 0x00000007a8000000, 0x00000007a8000000)
  to   space 21824K,   0% used [0x00000007a5560000, 0x00000007a5560000, 0x00000007a6ab0000)
 concurrent mark-sweep generation total 393216K, used 179380K [0x00000007a8000000, 0x00000007c0000000, 0x00000007c0000000)
 Metaspace       used 38880K, capacity 39450K, committed 39804K, reserved 1085440K
  class space    used 4214K, capacity 4381K, committed 4476K, reserved 1048576K
}
2017-06-12T18:26:48.279-0100: 80343.595: Total time for which application threads were stopped: 0.0270482 seconds, Stopping threads took: 0.0000193 seconds
{Heap before GC invocations=307 (full 8):
 par new generation   total 109248K, used 109248K [0x00000007a0000000, 0x00000007a8000000, 0x00000007a8000000)
  eden space 87424K, 100% used [0x00000007a0000000, 0x00000007a5560000, 0x00000007a5560000)
  from space 21824K, 100% used [0x00000007a6ab0000, 0x00000007a8000000, 0x00000007a8000000)
  to   space 21824K,   0% used [0x00000007a5560000, 0x00000007a5560000, 0x00000007a6ab0000)
 concurrent mark-sweep generation total 393216K, used 179380K [0x00000007a8000000, 0x00000007c0000000, 0x00000007c0000000)
 Metaspace       used 38880K, capacity 39450K, committed 39804K, reserved 1085440K
  class space    used 4214K, capacity 4381K, committed 4476K, reserved 1048576K
2017-06-12T18:26:48.579-0100: 80343.895: [GC (Allocation Failure) 2017-06-12T18:26:48.579-0100: 80343.895: [ParNew
Desired survivor size 20112992 bytes, new threshold 5 (max 8)
- age   1:   10704888 bytes,   10704888 total
- age   2:    3840344 bytes,   14545232 total
- age   3:    2160096 bytes,   16705328 total
- age   4:    2313720 bytes,   19019048 total
- age   5:    3086736 bytes,   22105784 total
: 109248K->21824K(109248K), 0.0111268 secs] 288628K->204209K(502464K), 0.0111849 secs] [Times: user=0.03 sys=0.01, real=0.02 secs] 
Heap after GC invocations=308 (full 8):
 par new generation   total 109248K, used 21824K [0x00000007a0000000, 0x00000007a8000000, 0x00000007a8000000)
  eden space 87424K,   0% used [0x00000007a0000000, 0x00000007a0000000, 0x00000007a5560000)
  from space 21824K, 100% used [0x00000007a5560000, 0x00000007a6ab0000, 0x00000007a6ab0000)
  to   space 21824K,   0% used [0x00000007a6ab0000, 0x00000007a6ab0000, 0x00000007a8000000)
 concurrent mark-sweep generation total 393216K, used 182385K [0x00000007a8000000, 0x00000007c0000000, 0x00000007c0000000)
 Metaspace       used 38880K, capacity 39450K, committed 39804K, reserved 1085440K
  class space    used 4214K, capacity 4381K, committed 4476K, reserved 1048576K
}
2017-06-12T18:26:48.590-0100: 80343.906: Total time for which application threads were stopped: 0.0113732 seconds, Stopping threads took: 0.0000184 seconds
{Heap before GC invocations=308 (full 8):
 par new generation   total 109248K, used 109248K [0x00000007a0000000, 0x00000007a8000000, 0x00000007a8000000)
  eden space 87424K, 100% used [0x00000007a0000000, 0x00000007a5560000, 0x00000007a5560000)
  from space 21824K, 100% used [0x00000007a5560000, 0x00000007a6ab0000, 0x00000007a6ab0000)
  to   space 21824K,   0% used [0x00000007a6ab0000, 0x00000007a6ab0000, 0x00000007a8000000)
 concurrent mark-sweep generation total 393216K, used 182385K [0x00000007a8000000, 0x00000007c0000000, 0x00000007c0000000)
 Metaspace       used 38880K, capacity 39450K, committed 39804K, reserved 1085440K
  class space    used 4214K, capacity 4381K, committed 4476K, reserved 1048576K
2017-06-12T18:26:48.902-0100: 80344.219: [GC (Allocation Failure) 2017-06-12T18:26:48.902-0100: 80344.219: [ParNew
Desired survivor size 20112992 bytes, new threshold 5 (max 8)
- age   1:   10175432 bytes,   10175432 total
- age   2:    3135520 bytes,   13310952 total
- age   3:    3730248 bytes,   17041200 total
- age   4:    1330472 bytes,   18371672 total
- age   5:    1915272 bytes,   20286944 total
: 109248K->21824K(109248K), 0.0296473 secs] 291633K->211197K(502464K), 0.0297139 secs] [Times: user=0.04 sys=0.02, real=0.03 secs] 
Heap after GC invocations=309 (full 8):
 par new generation   total 109248K, used 21824K [0x00000007a0000000, 0x00000007a8000000, 0x00000007a8000000)
  eden space 87424K,   0% used [0x00000007a0000000, 0x00000007a0000000, 0x00000007a5560000)
  from space 21824K, 100% used [0x00000007a6ab0000, 0x00000007a8000000, 0x00000007a8000000)
  to   space 21824K,   0% used [0x00000007a5560000, 0x00000007a5560000, 0x00000007a6ab0000)
 concurrent mark-sweep generation total 393216K, used 189373K [0x00000007a8000000, 0x00000007c0000000, 0x00000007c0000000)
 Metaspace       used 38880K, capacity 39450K, committed 39804K, reserved 1085440K
  class space    used 4214K, capacity 4381K, committed 4476K, reserved 1048576K
}
2017-06-12T18:26:48.932-0100: 80344.249: Total time for which application threads were stopped: 0.0298880 seconds, Stopping threads took: 0.0000185 seconds
{Heap before GC invocations=309 (full 8):
 par new generation   total 109248K, used 109248K [0x00000007a0000000, 0x00000007a8000000, 0x00000007a8000000)
  eden space 87424K, 100% used [0x00000007a0000000, 0x00000007a5560000, 0x00000007a5560000)
  from space 21824K, 100% used [0x00000007a6ab0000, 0x00000007a8000000, 0x00000007a8000000)
  to   space 21824K,   0% used [0x00000007a5560000, 0x00000007a5560000, 0x00000007a6ab0000)
 concurrent mark-sweep generation total 393216K, used 189373K [0x00000007a8000000, 0x00000007c0000000, 0x00000007c0000000)
 Metaspace       used 38880K, capacity 39450K, committed 39804K, reserved 1085440K
  class space    used 4214K, capacity 4381K, committed 4476K, reserved 1048576K
2017-06-12T18:26:49.250-0100: 80344.566: [GC (Allocation Failure) 2017-06-12T18:26:49.250-0100: 80344.566: [ParNew
Desired survivor size 20112992 bytes, new threshold 8 (max 8)
- age   1:    7515408 bytes,    7515408 total
- age   2:    5081120 bytes,   12596528 total
- age   3:    1896032 bytes,   14492560 total
- age   4:    3706216 bytes,   18198776 total
- age   5:    1250680 bytes,   19449456 total
: 109248K->21824K(109248K), 0.0257594 secs] 298621K->216568K(502464K), 0.0258199 secs] [Times: user=0.05 sys=0.02, real=0.02 secs] 
Heap after GC invocations=310 (full 8):
 par new generation   total 109248K, used 21824K [0x00000007a0000000, 0x00000007a8000000, 0x00000007a8000000)
  eden space 87424K,   0% used [0x00000007a0000000, 0x00000007a0000000, 0x00000007a5560000)
  from space 21824K, 100% used [0x00000007a5560000, 0x00000007a6ab0000, 0x00000007a6ab0000)
  to   space 21824K,   0% used [0x00000007a6ab0000, 0x00000007a6ab0000, 0x00000007a8000000)
 concurrent mark-sweep generation total 393216K, used 194744K [0x00000007a8000000, 0x00000007c0000000, 0x00000007c0000000)
 Metaspace       used 38880K, capacity 39450K, committed 39804K, reserved 1085440K
  class space    used 4214K, capacity 4381K, committed 4476K, reserved 1048576K
}
2017-06-12T18:26:49.276-0100: 80344.592: Total time for which application threads were stopped: 0.0260115 seconds, Stopping threads took: 0.0000203 seconds
{Heap before GC invocations=310 (full 8):
 par new generation   total 109248K, used 109248K [0x00000007a0000000, 0x00000007a8000000, 0x00000007a8000000)
  eden space 87424K, 100% used [0x00000007a0000000, 0x00000007a5560000, 0x00000007a5560000)
  from space 21824K, 100% used [0x00000007a5560000, 0x00000007a6ab0000, 0x00000007a6ab0000)
  to   space 21824K,   0% used [0x00000007a6ab0000, 0x00000007a6ab0000, 0x00000007a8000000)
 concurrent mark-sweep generation total 393216K, used 194744K [0x00000007a8000000, 0x00000007c0000000, 0x00000007c0000000)
 Metaspace       used 38880K, capacity 39450K, committed 39804K, reserved 1085440K
  class space    used 4214K, capacity 4381K, committed 4476K, reserved 1048576K
2017-06-12T18:26:49.567-0100: 80344.884: [GC (Allocation Failure) 2017-06-12T18:26:49.567-0100: 80344.884: [ParNew
Desired survivor size 20112992 bytes, new threshold 5 (max 8)
- age   1:   10184736 bytes,   10184736 total
- age   2:    2069768 bytes,   12254504 total
- age   3:    3311528 bytes,   15566032 total
- age   4:    1847352 bytes,   17413384 total
- age   5:    3671136 bytes,   21084520 total
- age   6:    1248544 bytes,   22333064 total
: 109248K->21824K(109248K), 0.0182871 secs] 303992K->220606K(502464K), 0.0183548 secs] [Times: user=0.05 sys=0.01, real=0.02 secs] 
Heap after GC invocations=311 (full 8):
 par new generation   total 109248K, used 21824K [0x00000007a0000000, 0x00000007a8000000, 0x00000007a8000000)
  eden space 87424K,   0% used [0x00000007a0000000, 0x00000007a0000000, 0x00000007a5560000)
  from space 21824K, 100% used [0x00000007a6ab0000, 0x00000007a8000000, 0x00000007a8000000)
  to   space 21824K,   0% used [0x00000007a5560000, 0x00000007a5560000, 0x00000007a6ab0000)
 concurrent mark-sweep generation total 393216K, used 198782K [0x00000007a8000000, 0x00000007c0000000, 0x00000007c0000000)
 Metaspace       used 38880K, capacity 39450K, committed 39804K, reserved 1085440K
  class space    used 4214K, capacity 4381K, committed 4476K, reserved 1048576K
}
2017-06-12T18:26:49.586-0100: 80344.902: Total time for which application threads were stopped: 0.0185629 seconds, Stopping threads took: 0.0000194 seconds
2017-06-12T18:26:49.586-0100: 80344.902: [GC (CMS Initial Mark) [1 CMS-initial-mark: 198782K(393216K)] 222320K(502464K), 0.0022007 secs] [Times: user=0.00 sys=0.00, real=0.00 secs] 
2017-06-12T18:26:49.588-0100: 80344.904: Total time for which application threads were stopped: 0.0023470 seconds, Stopping threads took: 0.0000487 seconds
2017-06-12T18:26:49.588-0100: 80344.904: [CMS-concurrent-mark-start]
2017-06-12T18:26:49.613-0100: 80344.929: [CMS-concurrent-mark: 0.025/0.025 secs] [Times: user=0.08 sys=0.03, real=0.03 secs] 
2017-06-12T18:26:49.613-0100: 80344.929: [CMS-concurrent-preclean-start]
2017-06-12T18:26:49.615-0100: 80344.931: [CMS-concurrent-preclean: 0.002/0.002 secs] [Times: user=0.00 sys=0.00, real=0.00 secs] 
2017-06-12T18:26:49.615-0100: 80344.931: [CMS-concurrent-abortable-preclean-start]
2017-06-12T18:26:49.808-0100: 80345.125: [CMS-concurrent-abortable-preclean: 0.193/0.193 secs] [Times: user=0.38 sys=0.01, real=0.19 secs] 
2017-06-12T18:26:49.809-0100: 80345.125: [GC (CMS Final Remark) [YG occupancy: 76429 K (109248 K)]{Heap before GC invocations=311 (full 9):
 par new generation   total 109248K, used 76429K [0x00000007a0000000, 0x00000007a8000000, 0x00000007a8000000)
  eden space 87424K,  62% used [0x00000007a0000000, 0x00000007a3553460, 0x00000007a5560000)
  from space 21824K, 100% used [0x00000007a6ab0000, 0x00000007a8000000, 0x00000007a8000000)
  to   space 21824K,   0% used [0x00000007a5560000, 0x00000007a5560000, 0x00000007a6ab0000)
 concurrent mark-sweep generation total 393216K, used 198782K [0x00000007a8000000, 0x00000007c0000000, 0x00000007c0000000)
 Metaspace       used 38880K, capacity 39450K, committed 39804K, reserved 1085440K
  class space    used 4214K, capacity 4381K, committed 4476K, reserved 1048576K
2017-06-12T18:26:49.809-0100: 80345.125: [GC (CMS Final Remark) 2017-06-12T18:26:49.809-0100: 80345.125: [ParNew
Desired survivor size 20112992 bytes, new threshold 8 (max 8)
- age   1:    6250176 bytes,    6250176 total
- age   2:    6606720 bytes,   12856896 total
- age   3:    1799000 bytes,   14655896 total
- age   4:    3144712 bytes,   17800608 total
- age   5:    1721688 bytes,   19522296 total
: 76429K->21824K(109248K), 0.0178330 secs] 275211K->228266K(502464K), 0.0178744 secs] [Times: user=0.04 sys=0.02, real=0.02 secs] 
Heap after GC invocations=312 (full 9):
 par new generation   total 109248K, used 21824K [0x00000007a0000000, 0x00000007a8000000, 0x00000007a8000000)
  eden space 87424K,   0% used [0x00000007a0000000, 0x00000007a0000000, 0x00000007a5560000)
  from space 21824K, 100% used [0x00000007a5560000, 0x00000007a6ab0000, 0x00000007a6ab0000)
  to   space 21824K,   0% used [0x00000007a6ab0000, 0x00000007a6ab0000, 0x00000007a8000000)
 concurrent mark-sweep generation total 393216K, used 206442K [0x00000007a8000000, 0x00000007c0000000, 0x00000007c0000000)
 Metaspace       used 38880K, capacity 39450K, committed 39804K, reserved 1085440K
  class space    used 4214K, capacity 4381K, committed 4476K, reserved 1048576K
}
2017-06-12T18:26:49.827-0100: 80345.143: [Rescan (parallel) , 0.0030583 secs]2017-06-12T18:26:49.830-0100: 80345.146: [weak refs processing, 0.0025352 secs]2017-06-12T18:26:49.832-0100: 80345.148: [class unloading, 0.0305398 secs]2017-06-12T18:26:49.863-0100: 80345.179: [scrub symbol table, 0.0074269 secs]2017-06-12T18:26:49.870-0100: 80345.186: [scrub string table, 0.0005583 secs][1 CMS-remark: 206442K(393216K)] 228266K(502464K), 0.0622807 secs] [Times: user=0.08 sys=0.04, real=0.07 secs] 
2017-06-12T18:26:49.871-0100: 80345.187: Total time for which application threads were stopped: 0.0625188 seconds, Stopping threads took: 0.0001267 seconds
2017-06-12T18:26:49.871-0100: 80345.187: [CMS-concurrent-sweep-start]
2017-06-12T18:26:49.871-0100: 80345.187: Total time for which application threads were stopped: 0.0001021 seconds, Stopping threads took: 0.0000133 seconds
2017-06-12T18:26:49.871-0100: 80345.188: Total time for which application threads were stopped: 0.0001075 seconds, Stopping threads took: 0.0000314 seconds
2017-06-12T18:26:49.872-0100: 80345.188: Total time for which application threads were stopped: 0.0000922 seconds, Stopping threads took: 0.0000195 seconds
2017-06-12T18:26:49.872-0100: 80345.188: Total time for which application threads were stopped: 0.0001190 seconds, Stopping threads took: 0.0000314 seconds
2017-06-12T18:26:49.872-0100: 80345.188: Total time for which application threads were stopped: 0.0000928 seconds, Stopping threads took: 0.0000134 seconds
2017-06-12T18:26:49.872-0100: 80345.189: Total time for which application threads were stopped: 0.0001162 seconds, Stopping threads took: 0.0000568 seconds
2017-06-12T18:26:49.872-0100: 80345.189: Total time for which application threads were stopped: 0.0001061 seconds, Stopping threads took: 0.0000195 seconds
2017-06-12T18:26:49.873-0100: 80345.189: Total time for which application threads were stopped: 0.0001042 seconds, Stopping threads took: 0.0000212 seconds
2017-06-12T18:26:49.873-0100: 80345.189: Total time for which application threads were stopped: 0.0001766 seconds, Stopping threads took: 0.0000096 seconds
2017-06-12T18:26:49.874-0100: 80345.190: Total time for which application threads were stopped: 0.0000738 seconds, Stopping threads took: 0.0000094 seconds
2017-06-12T18:26:49.874-0100: 80345.190: Total time for which application threads were stopped: 0.0001159 seconds, Stopping threads took: 0.0000464 seconds
2017-06-12T18:26:49.874-0100: 80345.190: Total time for which application threads were stopped: 0.0000847 seconds, Stopping threads took: 0.0000102 seconds
2017-06-12T18:26:49.874-0100: 80345.190: Total time for which application threads were stopped: 0.0000872 seconds, Stopping threads took: 0.0000370 seconds
2017-06-12T18:26:49.874-0100: 80345.190: Total time for which application threads were stopped: 0.0000908 seconds, Stopping threads took: 0.0000318 seconds
2017-06-12T18:26:49.874-0100: 80345.191: Total time for which application threads were stopped: 0.0000926 seconds, Stopping threads took: 0.0000401 seconds
2017-06-12T18:26:49.875-0100: 80345.191: Total time for which application threads were stopped: 0.0001145 seconds, Stopping threads took: 0.0000399 seconds
2017-06-12T18:26:49.875-0100: 80345.191: Total time for which application threads were stopped: 0.0001092 seconds, Stopping threads took: 0.0000395 seconds
2017-06-12T18:26:49.875-0100: 80345.191: Total time for which application threads were stopped: 0.0000920 seconds, Stopping threads took: 0.0000390 seconds
2017-06-12T18:26:49.875-0100: 80345.191: Total time for which application threads were stopped: 0.0000741 seconds, Stopping threads took: 0.0000302 seconds
2017-06-12T18:26:49.875-0100: 80345.191: Total time for which application threads were stopped: 0.0000680 seconds, Stopping threads took: 0.0000081 seconds
2017-06-12T18:26:49.875-0100: 80345.191: Total time for which application threads were stopped: 0.0000900 seconds, Stopping threads took: 0.0000317 seconds
2017-06-12T18:26:49.875-0100: 80345.192: Total time for which application threads were stopped: 0.0000879 seconds, Stopping threads took: 0.0000311 seconds
2017-06-12T18:26:49.875-0100: 80345.192: Total time for which application threads were stopped: 0.0000862 seconds, Stopping threads took: 0.0000346 seconds
2017-06-12T18:26:49.875-0100: 80345.192: Total time for which application threads were stopped: 0.0000838 seconds, Stopping threads took: 0.0000384 seconds
2017-06-12T18:26:49.876-0100: 80345.192: Total time for which application threads were stopped: 0.0000763 seconds, Stopping threads took: 0.0000327 seconds
2017-06-12T18:26:49.876-0100: 80345.192: Total time for which application threads were stopped: 0.0000739 seconds, Stopping threads took: 0.0000315 seconds
2017-06-12T18:26:49.876-0100: 80345.192: Total time for which application threads were stopped: 0.0000733 seconds, Stopping threads took: 0.0000305 seconds
2017-06-12T18:26:49.876-0100: 80345.192: Total time for which application threads were stopped: 0.0000496 seconds, Stopping threads took: 0.0000067 seconds
2017-06-12T18:26:49.876-0100: 80345.192: Total time for which application threads were stopped: 0.0000773 seconds, Stopping threads took: 0.0000311 seconds
2017-06-12T18:26:49.876-0100: 80345.192: Total time for which application threads were stopped: 0.0000619 seconds, Stopping threads took: 0.0000158 seconds
2017-06-12T18:26:49.876-0100: 80345.192: Total time for which application threads were stopped: 0.0000758 seconds, Stopping threads took: 0.0000311 seconds
2017-06-12T18:26:49.876-0100: 80345.193: Total time for which application threads were stopped: 0.0000881 seconds, Stopping threads took: 0.0000349 seconds
2017-06-12T18:26:49.877-0100: 80345.193: Total time for which application threads were stopped: 0.0000869 seconds, Stopping threads took: 0.0000167 seconds
2017-06-12T18:26:49.877-0100: 80345.193: Total time for which application threads were stopped: 0.0001242 seconds, Stopping threads took: 0.0000384 seconds
2017-06-12T18:26:49.877-0100: 80345.194: Total time for which application threads were stopped: 0.0000752 seconds, Stopping threads took: 0.0000331 seconds
2017-06-12T18:26:49.877-0100: 80345.194: Total time for which application threads were stopped: 0.0000761 seconds, Stopping threads took: 0.0000321 seconds
2017-06-12T18:26:49.877-0100: 80345.194: Total time for which application threads were stopped: 0.0000879 seconds, Stopping threads took: 0.0000440 seconds
2017-06-12T18:26:49.878-0100: 80345.194: Total time for which application threads were stopped: 0.0000731 seconds, Stopping threads took: 0.0000298 seconds
2017-06-12T18:26:49.878-0100: 80345.194: Total time for which application threads were stopped: 0.0000725 seconds, Stopping threads took: 0.0000289 seconds
2017-06-12T18:26:49.878-0100: 80345.194: Total time for which application threads were stopped: 0.0001837 seconds, Stopping threads took: 0.0000286 seconds
2017-06-12T18:26:49.878-0100: 80345.194: Total time for which application threads were stopped: 0.0000733 seconds, Stopping threads took: 0.0000289 seconds
2017-06-12T18:26:49.878-0100: 80345.194: Total time for which application threads were stopped: 0.0000734 seconds, Stopping threads took: 0.0000287 seconds
2017-06-12T18:26:49.878-0100: 80345.194: Total time for which application threads were stopped: 0.0000899 seconds, Stopping threads took: 0.0000343 seconds
2017-06-12T18:26:49.878-0100: 80345.195: Total time for which application threads were stopped: 0.0000859 seconds, Stopping threads took: 0.0000402 seconds
2017-06-12T18:26:49.878-0100: 80345.195: Total time for which application threads were stopped: 0.0001724 seconds, Stopping threads took: 0.0000344 seconds
2017-06-12T18:26:49.950-0100: 80345.266: [CMS-concurrent-sweep: 0.074/0.079 secs] [Times: user=0.12 sys=0.03, real=0.08 secs] 
2017-06-12T18:26:49.950-0100: 80345.266: [CMS-concurrent-reset-start]
2017-06-12T18:26:49.952-0100: 80345.268: [CMS-concurrent-reset: 0.002/0.002 secs] [Times: user=0.00 sys=0.00, real=0.00 secs] 
{Heap before GC invocations=312 (full 9):
 par new generation   total 109248K, used 109248K [0x00000007a0000000, 0x00000007a8000000, 0x00000007a8000000)
  eden space 87424K, 100% used [0x00000007a0000000, 0x00000007a5560000, 0x00000007a5560000)
  from space 21824K, 100% used [0x00000007a5560000, 0x00000007a6ab0000, 0x00000007a6ab0000)
  to   space 21824K,   0% used [0x00000007a6ab0000, 0x00000007a6ab0000, 0x00000007a8000000)
 concurrent mark-sweep generation total 393216K, used 65802K [0x00000007a8000000, 0x00000007c0000000, 0x00000007c0000000)
 Metaspace       used 38880K, capacity 39450K, committed 39804K, reserved 1085440K
  class space    used 4214K, capacity 4381K, committed 4476K, reserved 1048576K
2017-06-12T18:26:50.205-0100: 80345.522: [GC (Allocation Failure) 2017-06-12T18:26:50.205-0100: 80345.522: [ParNew
Desired survivor size 20112992 bytes, new threshold 5 (max 8)
- age   1:    7597072 bytes,    7597072 total
- age   2:    5771624 bytes,   13368696 total
- age   3:    2206344 bytes,   15575040 total
- age   4:    1643584 bytes,   17218624 total
- age   5:    2932216 bytes,   20150840 total
- age   6:    1595984 bytes,   21746824 total
: 109248K->21824K(109248K), 0.0158386 secs] 175050K->95340K(502464K), 0.0158925 secs] [Times: user=0.04 sys=0.00, real=0.02 secs] 
Heap after GC invocations=313 (full 9):
 par new generation   total 109248K, used 21824K [0x00000007a0000000, 0x00000007a8000000, 0x00000007a8000000)
  eden space 87424K,   0% used [0x00000007a0000000, 0x00000007a0000000, 0x00000007a5560000)
  from space 21824K, 100% used [0x00000007a6ab0000, 0x00000007a8000000, 0x00000007a8000000)
  to   space 21824K,   0% used [0x00000007a5560000, 0x00000007a5560000, 0x00000007a6ab0000)
 concurrent mark-sweep generation total 393216K, used 73516K [0x00000007a8000000, 0x00000007c0000000, 0x00000007c0000000)
 Metaspace       used 38880K, capacity 39450K, committed 39804K, reserved 1085440K
  class space    used 4214K, capacity 4381K, committed 4476K, reserved 1048576K
}
2017-06-12T18:26:50.221-0100: 80345.538: Total time for which application threads were stopped: 0.0160862 seconds, Stopping threads took: 0.0000196 seconds
{Heap before GC invocations=313 (full 9):
 par new generation   total 109248K, used 109248K [0x00000007a0000000, 0x00000007a8000000, 0x00000007a8000000)
  eden space 87424K, 100% used [0x00000007a0000000, 0x00000007a5560000, 0x00000007a5560000)
  from space 21824K, 100% used [0x00000007a6ab0000, 0x00000007a8000000, 0x00000007a8000000)
  to   space 21824K,   0% used [0x00000007a5560000, 0x00000007a5560000, 0x00000007a6ab0000)
 concurrent mark-sweep generation total 393216K, used 73516K [0x00000007a8000000, 0x00000007c0000000, 0x00000007c0000000)
 Metaspace       used 38880K, capacity 39450K, committed 39804K, reserved 1085440K
  class space    used 4214K, capacity 4381K, committed 4476K, reserved 1048576K
2017-06-12T18:26:50.562-0100: 80345.879: [GC (Allocation Failure) 2017-06-12T18:26:50.562-0100: 80345.879: [ParNew
Desired survivor size 20112992 bytes, new threshold 8 (max 8)
- age   1:    4994248 bytes,    4994248 total
- age   2:    6878232 bytes,   11872480 total
- age   3:    3606064 bytes,   15478544 total
- age   4:    1914400 bytes,   17392944 total
- age   5:    1389240 bytes,   18782184 total
: 109248K->21824K(109248K), 0.0100779 secs] 182764K->103415K(502464K), 0.0101300 secs] [Times: user=0.03 sys=0.00, real=0.01 secs] 
Heap after GC invocations=314 (full 9):
 par new generation   total 109248K, used 21824K [0x00000007a0000000, 0x00000007a8000000, 0x00000007a8000000)
  eden space 87424K,   0% used [0x00000007a0000000, 0x00000007a0000000, 0x00000007a5560000)
  from space 21824K, 100% used [0x00000007a5560000, 0x00000007a6ab0000, 0x00000007a6ab0000)
  to   space 21824K,   0% used [0x00000007a6ab0000, 0x00000007a6ab0000, 0x00000007a8000000)
 concurrent mark-sweep generation total 393216K, used 81591K [0x00000007a8000000, 0x00000007c0000000, 0x00000007c0000000)
 Metaspace       used 38880K, capacity 39450K, committed 39804K, reserved 1085440K
  class space    used 4214K, capacity 4381K, committed 4476K, reserved 1048576K
}
2017-06-12T18:26:50.572-0100: 80345.889: Total time for which application threads were stopped: 0.0103060 seconds, Stopping threads took: 0.0000185 seconds
{Heap before GC invocations=314 (full 9):
 par new generation   total 109248K, used 109248K [0x00000007a0000000, 0x00000007a8000000, 0x00000007a8000000)
  eden space 87424K, 100% used [0x00000007a0000000, 0x00000007a5560000, 0x00000007a5560000)
  from space 21824K, 100% used [0x00000007a5560000, 0x00000007a6ab0000, 0x00000007a6ab0000)
  to   space 21824K,   0% used [0x00000007a6ab0000, 0x00000007a6ab0000, 0x00000007a8000000)
 concurrent mark-sweep generation total 393216K, used 81591K [0x00000007a8000000, 0x00000007c0000000, 0x00000007c0000000)
 Metaspace       used 38880K, capacity 39450K, committed 39804K, reserved 1085440K
  class space    used 4214K, capacity 4381K, committed 4476K, reserved 1048576K
2017-06-12T18:26:50.872-0100: 80346.188: [GC (Allocation Failure) 2017-06-12T18:26:50.872-0100: 80346.188: [ParNew
Desired survivor size 20112992 bytes, new threshold 5 (max 8)
- age   1:   10965032 bytes,   10965032 total
- age   2:    3453968 bytes,   14419000 total
- age   3:    2007016 bytes,   16426016 total
- age   4:    2526816 bytes,   18952832 total
- age   5:    1869448 bytes,   20822280 total
- age   6:    1337984 bytes,   22160264 total
: 109248K->21824K(109248K), 0.0129205 secs] 190839K->111832K(502464K), 0.0129917 secs] [Times: user=0.04 sys=0.01, real=0.01 secs] 
Heap after GC invocations=315 (full 9):
 par new generation   total 109248K, used 21824K [0x00000007a0000000, 0x00000007a8000000, 0x00000007a8000000)
  eden space 87424K,   0% used [0x00000007a0000000, 0x00000007a0000000, 0x00000007a5560000)
  from space 21824K, 100% used [0x00000007a6ab0000, 0x00000007a8000000, 0x00000007a8000000)
  to   space 21824K,   0% used [0x00000007a5560000, 0x00000007a5560000, 0x00000007a6ab0000)
 concurrent mark-sweep generation total 393216K, used 90008K [0x00000007a8000000, 0x00000007c0000000, 0x00000007c0000000)
 Metaspace       used 38880K, capacity 39450K, committed 39804K, reserved 1085440K
  class space    used 4214K, capacity 4381K, committed 4476K, reserved 1048576K
}
2017-06-12T18:26:50.885-0100: 80346.201: Total time for which application threads were stopped: 0.0131637 seconds, Stopping threads took: 0.0000190 seconds
{Heap before GC invocations=315 (full 9):
 par new generation   total 109248K, used 109248K [0x00000007a0000000, 0x00000007a8000000, 0x00000007a8000000)
  eden space 87424K, 100% used [0x00000007a0000000, 0x00000007a5560000, 0x00000007a5560000)
  from space 21824K, 100% used [0x00000007a6ab0000, 0x00000007a8000000, 0x00000007a8000000)
  to   space 21824K,   0% used [0x00000007a5560000, 0x00000007a5560000, 0x00000007a6ab0000)
 concurrent mark-sweep generation total 393216K, used 90008K [0x00000007a8000000, 0x00000007c0000000, 0x00000007c0000000)
 Metaspace       used 38880K, capacity 39450K, committed 39804K, reserved 1085440K
  class space    used 4214K, capacity 4381K, committed 4476K, reserved 1048576K
2017-06-12T18:26:51.194-0100: 80346.510: [GC (Allocation Failure) 2017-06-12T18:26:51.194-0100: 80346.510: [ParNew
Desired survivor size 20112992 bytes, new threshold 5 (max 8)
- age   1:    7169976 bytes,    7169976 total
- age   2:    6631936 bytes,   13801912 total
- age   3:    3292928 bytes,   17094840 total
- age   4:    1990856 bytes,   19085696 total
- age   5:    2516736 bytes,   21602432 total
: 109248K->21824K(109248K), 0.0130153 secs] 199256K->120688K(502464K), 0.0130720 secs] [Times: user=0.03 sys=0.01, real=0.01 secs] 
Heap after GC invocations=316 (full 9):
 par new generation   total 109248K, used 21824K [0x00000007a0000000, 0x00000007a8000000, 0x00000007a8000000)
  eden space 87424K,   0% used [0x00000007a0000000, 0x00000007a0000000, 0x00000007a5560000)
  from space 21824K, 100% used [0x00000007a5560000, 0x00000007a6ab0000, 0x00000007a6ab0000)
  to   space 21824K,   0% used [0x00000007a6ab0000, 0x00000007a6ab0000, 0x00000007a8000000)
 concurrent mark-sweep generation total 393216K, used 98864K [0x00000007a8000000, 0x00000007c0000000, 0x00000007c0000000)
 Metaspace       used 38880K, capacity 39450K, committed 39804K, reserved 1085440K
  class space    used 4214K, capacity 4381K, committed 4476K, reserved 1048576K
}
2017-06-12T18:26:51.207-0100: 80346.523: Total time for which application threads were stopped: 0.0132477 seconds, Stopping threads took: 0.0000170 seconds
{Heap before GC invocations=316 (full 9):
 par new generation   total 109248K, used 109248K [0x00000007a0000000, 0x00000007a8000000, 0x00000007a8000000)
  eden space 87424K, 100% used [0x00000007a0000000, 0x00000007a5560000, 0x00000007a5560000)
  from space 21824K, 100% used [0x00000007a5560000, 0x00000007a6ab0000, 0x00000007a6ab0000)
  to   space 21824K,   0% used [0x00000007a6ab0000, 0x00000007a6ab0000, 0x00000007a8000000)
 concurrent mark-sweep generation total 393216K, used 98864K [0x00000007a8000000, 0x00000007c0000000, 0x00000007c0000000)
 Metaspace       used 38880K, capacity 39450K, committed 39804K, reserved 1085440K
  class space    used 4214K, capacity 4381K, committed 4476K, reserved 1048576K
2017-06-12T18:26:51.530-0100: 80346.847: [GC (Allocation Failure) 2017-06-12T18:26:51.530-0100: 80346.847: [ParNew
Desired survivor size 20112992 bytes, new threshold 4 (max 8)
- age   1:    4875280 bytes,    4875280 total
- age   2:    6057976 bytes,   10933256 total
- age   3:    6200824 bytes,   17134080 total
- age   4:    3062432 bytes,   20196512 total
- age   5:    1728424 bytes,   21924936 total
: 109248K->21824K(109248K), 0.0145390 secs] 208112K->131322K(502464K), 0.0146091 secs] [Times: user=0.04 sys=0.01, real=0.01 secs] 
Heap after GC invocations=317 (full 9):
 par new generation   total 109248K, used 21824K [0x00000007a0000000, 0x00000007a8000000, 0x00000007a8000000)
  eden space 87424K,   0% used [0x00000007a0000000, 0x00000007a0000000, 0x00000007a5560000)
  from space 21824K, 100% used [0x00000007a6ab0000, 0x00000007a8000000, 0x00000007a8000000)
  to   space 21824K,   0% used [0x00000007a5560000, 0x00000007a5560000, 0x00000007a6ab0000)
 concurrent mark-sweep generation total 393216K, used 109498K [0x00000007a8000000, 0x00000007c0000000, 0x00000007c0000000)
 Metaspace       used 38880K, capacity 39450K, committed 39804K, reserved 1085440K
  class space    used 4214K, capacity 4381K, committed 4476K, reserved 1048576K
}
2017-06-12T18:26:51.545-0100: 80346.861: Total time for which application threads were stopped: 0.0147833 seconds, Stopping threads took: 0.0000199 seconds
{Heap before GC invocations=317 (full 9):
 par new generation   total 109248K, used 109248K [0x00000007a0000000, 0x00000007a8000000, 0x00000007a8000000)
  eden space 87424K, 100% used [0x00000007a0000000, 0x00000007a5560000, 0x00000007a5560000)
  from space 21824K, 100% used [0x00000007a6ab0000, 0x00000007a8000000, 0x00000007a8000000)
  to   space 21824K,   0% used [0x00000007a5560000, 0x00000007a5560000, 0x00000007a6ab0000)
 concurrent mark-sweep generation total 393216K, used 109498K [0x00000007a8000000, 0x00000007c0000000, 0x00000007c0000000)
 Metaspace       used 38880K, capacity 39450K, committed 39804K, reserved 1085440K
  class space    used 4214K, capacity 4381K, committed 4476K, reserved 1048576K
2017-06-12T18:26:51.870-0100: 80347.186: [GC (Allocation Failure) 2017-06-12T18:26:51.870-0100: 80347.186: [ParNew
Desired survivor size 20112992 bytes, new threshold 8 (max 8)
- age   1:    6262480 bytes,    6262480 total
- age   2:    4849272 bytes,   11111752 total
- age   3:    1391168 bytes,   12502920 total
- age   4:    5959376 bytes,   18462296 total
: 109248K->21824K(109248K), 0.0167851 secs] 218746K->143593K(502464K), 0.0168353 secs] [Times: user=0.05 sys=0.02, real=0.01 secs] 
Heap after GC invocations=318 (full 9):
 par new generation   total 109248K, used 21824K [0x00000007a0000000, 0x00000007a8000000, 0x00000007a8000000)
  eden space 87424K,   0% used [0x00000007a0000000, 0x00000007a0000000, 0x00000007a5560000)
  from space 21824K, 100% used [0x00000007a5560000, 0x00000007a6ab0000, 0x00000007a6ab0000)
  to   space 21824K,   0% used [0x00000007a6ab0000, 0x00000007a6ab0000, 0x00000007a8000000)
 concurrent mark-sweep generation total 393216K, used 121769K [0x00000007a8000000, 0x00000007c0000000, 0x00000007c0000000)
 Metaspace       used 38880K, capacity 39450K, committed 39804K, reserved 1085440K
  class space    used 4214K, capacity 4381K, committed 4476K, reserved 1048576K
}
2017-06-12T18:26:51.887-0100: 80347.203: Total time for which application threads were stopped: 0.0169924 seconds, Stopping threads took: 0.0000174 seconds
{Heap before GC invocations=318 (full 9):
 par new generation   total 109248K, used 109248K [0x00000007a0000000, 0x00000007a8000000, 0x00000007a8000000)
  eden space 87424K, 100% used [0x00000007a0000000, 0x00000007a5560000, 0x00000007a5560000)
  from space 21824K, 100% used [0x00000007a5560000, 0x00000007a6ab0000, 0x00000007a6ab0000)
  to   space 21824K,   0% used [0x00000007a6ab0000, 0x00000007a6ab0000, 0x00000007a8000000)
 concurrent mark-sweep generation total 393216K, used 121769K [0x00000007a8000000, 0x00000007c0000000, 0x00000007c0000000)
 Metaspace       used 38880K, capacity 39450K, committed 39804K, reserved 1085440K
  class space    used 4214K, capacity 4381K, committed 4476K, reserved 1048576K
2017-06-12T18:26:52.233-0100: 80347.549: [GC (Allocation Failure) 2017-06-12T18:26:52.233-0100: 80347.549: [ParNew
Desired survivor size 20112992 bytes, new threshold 5 (max 8)
- age   1:    5464176 bytes,    5464176 total
- age   2:    3412568 bytes,    8876744 total
- age   3:    4619056 bytes,   13495800 total
- age   4:    1344232 bytes,   14840032 total
- age   5:    5387408 bytes,   20227440 total
: 109248K->21824K(109248K), 0.0095507 secs] 231017K->146303K(502464K), 0.0096128 secs] [Times: user=0.03 sys=0.01, real=0.01 secs] 
Heap after GC invocations=319 (full 9):
 par new generation   total 109248K, used 21824K [0x00000007a0000000, 0x00000007a8000000, 0x00000007a8000000)
  eden space 87424K,   0% used [0x00000007a0000000, 0x00000007a0000000, 0x00000007a5560000)
  from space 21824K, 100% used [0x00000007a6ab0000, 0x00000007a8000000, 0x00000007a8000000)
  to   space 21824K,   0% used [0x00000007a5560000, 0x00000007a5560000, 0x00000007a6ab0000)
 concurrent mark-sweep generation total 393216K, used 124479K [0x00000007a8000000, 0x00000007c0000000, 0x00000007c0000000)
 Metaspace       used 38880K, capacity 39450K, committed 39804K, reserved 1085440K
  class space    used 4214K, capacity 4381K, committed 4476K, reserved 1048576K
}
2017-06-12T18:26:52.243-0100: 80347.559: Total time for which application threads were stopped: 0.0109489 seconds, Stopping threads took: 0.0000191 seconds
2017-06-12T18:26:52.548-0100: 80347.864: Total time for which application threads were stopped: 0.0001099 seconds, Stopping threads took: 0.0000180 seconds
2017-06-12T18:26:52.548-0100: 80347.864: Total time for which application threads were stopped: 0.0000596 seconds, Stopping threads took: 0.0000080 seconds
{Heap before GC invocations=319 (full 9):
 par new generation   total 109248K, used 109248K [0x00000007a0000000, 0x00000007a8000000, 0x00000007a8000000)
  eden space 87424K, 100% used [0x00000007a0000000, 0x00000007a5560000, 0x00000007a5560000)
  from space 21824K, 100% used [0x00000007a6ab0000, 0x00000007a8000000, 0x00000007a8000000)
  to   space 21824K,   0% used [0x00000007a5560000, 0x00000007a5560000, 0x00000007a6ab0000)
 concurrent mark-sweep generation total 393216K, used 124479K [0x00000007a8000000, 0x00000007c0000000, 0x00000007c0000000)
 Metaspace       used 38880K, capacity 39450K, committed 39804K, reserved 1085440K
  class space    used 4214K, capacity 4381K, committed 4476K, reserved 1048576K
2017-06-12T18:26:52.672-0100: 80347.989: [GC (Allocation Failure) 2017-06-12T18:26:52.674-0100: 80347.990: [ParNew
Desired survivor size 20112992 bytes, new threshold 4 (max 8)
- age   1:    9969528 bytes,    9969528 total
- age   2:    4651592 bytes,   14621120 total
- age   3:    2134600 bytes,   16755720 total
- age   4:    3913288 bytes,   20669008 total
- age   5:    1171800 bytes,   21840808 total
: 109248K->21824K(109248K), 0.0145035 secs] 233727K->156777K(502464K), 0.0163710 secs] [Times: user=0.04 sys=0.01, real=0.01 secs] 
Heap after GC invocations=320 (full 9):
 par new generation   total 109248K, used 21824K [0x00000007a0000000, 0x00000007a8000000, 0x00000007a8000000)
  eden space 87424K,   0% used [0x00000007a0000000, 0x00000007a0000000, 0x00000007a5560000)
  from space 21824K, 100% used [0x00000007a5560000, 0x00000007a6ab0000, 0x00000007a6ab0000)
  to   space 21824K,   0% used [0x00000007a6ab0000, 0x00000007a6ab0000, 0x00000007a8000000)
 concurrent mark-sweep generation total 393216K, used 134953K [0x00000007a8000000, 0x00000007c0000000, 0x00000007c0000000)
 Metaspace       used 38880K, capacity 39450K, committed 39804K, reserved 1085440K
  class space    used 4214K, capacity 4381K, committed 4476K, reserved 1048576K
}
2017-06-12T18:26:52.689-0100: 80348.005: Total time for which application threads were stopped: 0.0165943 seconds, Stopping threads took: 0.0000198 seconds
{Heap before GC invocations=320 (full 9):
 par new generation   total 109248K, used 109248K [0x00000007a0000000, 0x00000007a8000000, 0x00000007a8000000)
  eden space 87424K, 100% used [0x00000007a0000000, 0x00000007a5560000, 0x00000007a5560000)
  from space 21824K, 100% used [0x00000007a5560000, 0x00000007a6ab0000, 0x00000007a6ab0000)
  to   space 21824K,   0% used [0x00000007a6ab0000, 0x00000007a6ab0000, 0x00000007a8000000)
 concurrent mark-sweep generation total 393216K, used 134953K [0x00000007a8000000, 0x00000007c0000000, 0x00000007c0000000)
 Metaspace       used 38881K, capacity 39450K, committed 39804K, reserved 1085440K
  class space    used 4214K, capacity 4381K, committed 4476K, reserved 1048576K
2017-06-12T18:26:53.196-0100: 80348.513: [GC (Allocation Failure) 2017-06-12T18:26:53.197-0100: 80348.513: [ParNew
Desired survivor size 20112992 bytes, new threshold 8 (max 8)
- age   1:     172728 bytes,     172728 total
- age   2:    8812072 bytes,    8984800 total
- age   3:    4860808 bytes,   13845608 total
- age   4:    2129128 bytes,   15974736 total
: 109248K->21824K(109248K), 0.0082861 secs] 244201K->162924K(502464K), 0.0083456 secs] [Times: user=0.03 sys=0.01, real=0.01 secs] 
Heap after GC invocations=321 (full 9):
 par new generation   total 109248K, used 21824K [0x00000007a0000000, 0x00000007a8000000, 0x00000007a8000000)
  eden space 87424K,   0% used [0x00000007a0000000, 0x00000007a0000000, 0x00000007a5560000)
  from space 21824K, 100% used [0x00000007a6ab0000, 0x00000007a8000000, 0x00000007a8000000)
  to   space 21824K,   0% used [0x00000007a5560000, 0x00000007a5560000, 0x00000007a6ab0000)
 concurrent mark-sweep generation total 393216K, used 141100K [0x00000007a8000000, 0x00000007c0000000, 0x00000007c0000000)
 Metaspace       used 38881K, capacity 39450K, committed 39804K, reserved 1085440K
  class space    used 4214K, capacity 4381K, committed 4476K, reserved 1048576K
}
2017-06-12T18:26:53.205-0100: 80348.521: Total time for which application threads were stopped: 0.0086007 seconds, Stopping threads took: 0.0000204 seconds
{Heap before GC invocations=321 (full 9):
 par new generation   total 109248K, used 109248K [0x00000007a0000000, 0x00000007a8000000, 0x00000007a8000000)
  eden space 87424K, 100% used [0x00000007a0000000, 0x00000007a5560000, 0x00000007a5560000)
  from space 21824K, 100% used [0x00000007a6ab0000, 0x00000007a8000000, 0x00000007a8000000)
  to   space 21824K,   0% used [0x00000007a5560000, 0x00000007a5560000, 0x00000007a6ab0000)
 concurrent mark-sweep generation total 393216K, used 141100K [0x00000007a8000000, 0x00000007c0000000, 0x00000007c0000000)
 Metaspace       used 38881K, capacity 39450K, committed 39804K, reserved 1085440K
  class space    used 4214K, capacity 4381K, committed 4476K, reserved 1048576K
2017-06-12T18:26:53.289-0100: 80348.605: [GC (Allocation Failure) 2017-06-12T18:26:53.289-0100: 80348.605: [ParNew
Desired survivor size 20112992 bytes, new threshold 8 (max 8)
- age   1:      37272 bytes,      37272 total
- age   2:     112312 bytes,     149584 total
- age   3:    8812072 bytes,    8961656 total
- age   4:    4651592 bytes,   13613248 total
- age   5:    2129128 bytes,   15742376 total
: 109248K->18524K(109248K), 0.0054351 secs] 250348K->159625K(502464K), 0.0055098 secs] [Times: user=0.01 sys=0.00, real=0.01 secs] 
Heap after GC invocations=322 (full 9):
 par new generation   total 109248K, used 18524K [0x00000007a0000000, 0x00000007a8000000, 0x00000007a8000000)
  eden space 87424K,   0% used [0x00000007a0000000, 0x00000007a0000000, 0x00000007a5560000)
  from space 21824K,  84% used [0x00000007a5560000, 0x00000007a67772a0, 0x00000007a6ab0000)
  to   space 21824K,   0% used [0x00000007a6ab0000, 0x00000007a6ab0000, 0x00000007a8000000)
 concurrent mark-sweep generation total 393216K, used 141100K [0x00000007a8000000, 0x00000007c0000000, 0x00000007c0000000)
 Metaspace       used 38881K, capacity 39450K, committed 39804K, reserved 1085440K
  class space    used 4214K, capacity 4381K, committed 4476K, reserved 1048576K
}
2017-06-12T18:26:53.294-0100: 80348.611: Total time for which application threads were stopped: 0.0057547 seconds, Stopping threads took: 0.0000217 seconds
{Heap before GC invocations=322 (full 9):
 par new generation   total 109248K, used 105948K [0x00000007a0000000, 0x00000007a8000000, 0x00000007a8000000)
  eden space 87424K, 100% used [0x00000007a0000000, 0x00000007a5560000, 0x00000007a5560000)
  from space 21824K,  84% used [0x00000007a5560000, 0x00000007a67772a0, 0x00000007a6ab0000)
  to   space 21824K,   0% used [0x00000007a6ab0000, 0x00000007a6ab0000, 0x00000007a8000000)
 concurrent mark-sweep generation total 393216K, used 141100K [0x00000007a8000000, 0x00000007c0000000, 0x00000007c0000000)
 Metaspace       used 38881K, capacity 39450K, committed 39804K, reserved 1085440K
  class space    used 4214K, capacity 4381K, committed 4476K, reserved 1048576K
2017-06-12T18:26:53.423-0100: 80348.739: [GC (Allocation Failure) 2017-06-12T18:26:53.423-0100: 80348.739: [ParNew
Desired survivor size 20112992 bytes, new threshold 8 (max 8)
- age   1:      70472 bytes,      70472 total
- age   2:       1040 bytes,      71512 total
- age   3:      83776 bytes,     155288 total
- age   4:    8812072 bytes,    8967360 total
- age   5:    4651592 bytes,   13618952 total
- age   6:    2129128 bytes,   15748080 total
: 105948K->19907K(109248K), 0.0048045 secs] 247049K->161007K(502464K), 0.0048591 secs] [Times: user=0.01 sys=0.00, real=0.00 secs] 
Heap after GC invocations=323 (full 9):
 par new generation   total 109248K, used 19907K [0x00000007a0000000, 0x00000007a8000000, 0x00000007a8000000)
  eden space 87424K,   0% used [0x00000007a0000000, 0x00000007a0000000, 0x00000007a5560000)
  from space 21824K,  91% used [0x00000007a6ab0000, 0x00000007a7e20c30, 0x00000007a8000000)
  to   space 21824K,   0% used [0x00000007a5560000, 0x00000007a5560000, 0x00000007a6ab0000)
 concurrent mark-sweep generation total 393216K, used 141100K [0x00000007a8000000, 0x00000007c0000000, 0x00000007c0000000)
 Metaspace       used 38881K, capacity 39450K, committed 39804K, reserved 1085440K
  class space    used 4214K, capacity 4381K, committed 4476K, reserved 1048576K
}
2017-06-12T18:26:53.427-0100: 80348.744: Total time for which application threads were stopped: 0.0050418 seconds, Stopping threads took: 0.0000191 seconds
{Heap before GC invocations=323 (full 9):
 par new generation   total 109248K, used 107331K [0x00000007a0000000, 0x00000007a8000000, 0x00000007a8000000)
  eden space 87424K, 100% used [0x00000007a0000000, 0x00000007a5560000, 0x00000007a5560000)
  from space 21824K,  91% used [0x00000007a6ab0000, 0x00000007a7e20c30, 0x00000007a8000000)
  to   space 21824K,   0% used [0x00000007a5560000, 0x00000007a5560000, 0x00000007a6ab0000)
 concurrent mark-sweep generation total 393216K, used 141100K [0x00000007a8000000, 0x00000007c0000000, 0x00000007c0000000)
 Metaspace       used 38881K, capacity 39450K, committed 39804K, reserved 1085440K
  class space    used 4214K, capacity 4381K, committed 4476K, reserved 1048576K
2017-06-12T18:26:53.586-0100: 80348.902: [GC (Allocation Failure) 2017-06-12T18:26:53.586-0100: 80348.902: [ParNew
Desired survivor size 20112992 bytes, new threshold 8 (max 8)
- age   1:      79144 bytes,      79144 total
- age   2:       1888 bytes,      81032 total
- age   3:       1040 bytes,      82072 total
- age   4:      83776 bytes,     165848 total
- age   5:    8812072 bytes,    8977920 total
- age   6:    4651592 bytes,   13629512 total
- age   7:    2129128 bytes,   15758640 total
: 107331K->21502K(109248K), 0.0049070 secs] 248431K->162603K(502464K), 0.0049677 secs] [Times: user=0.01 sys=0.01, real=0.01 secs] 
Heap after GC invocations=324 (full 9):
 par new generation   total 109248K, used 21502K [0x00000007a0000000, 0x00000007a8000000, 0x00000007a8000000)
  eden space 87424K,   0% used [0x00000007a0000000, 0x00000007a0000000, 0x00000007a5560000)
  from space 21824K,  98% used [0x00000007a5560000, 0x00000007a6a5fa50, 0x00000007a6ab0000)
  to   space 21824K,   0% used [0x00000007a6ab0000, 0x00000007a6ab0000, 0x00000007a8000000)
 concurrent mark-sweep generation total 393216K, used 141100K [0x00000007a8000000, 0x00000007c0000000, 0x00000007c0000000)
 Metaspace       used 38881K, capacity 39450K, committed 39804K, reserved 1085440K
  class space    used 4214K, capacity 4381K, committed 4476K, reserved 1048576K
}
2017-06-12T18:26:53.591-0100: 80348.907: Total time for which application threads were stopped: 0.0051598 seconds, Stopping threads took: 0.0000213 seconds
{Heap before GC invocations=324 (full 9):
 par new generation   total 109248K, used 108926K [0x00000007a0000000, 0x00000007a8000000, 0x00000007a8000000)
  eden space 87424K, 100% used [0x00000007a0000000, 0x00000007a5560000, 0x00000007a5560000)
  from space 21824K,  98% used [0x00000007a5560000, 0x00000007a6a5fa50, 0x00000007a6ab0000)
  to   space 21824K,   0% used [0x00000007a6ab0000, 0x00000007a6ab0000, 0x00000007a8000000)
 concurrent mark-sweep generation total 393216K, used 141100K [0x00000007a8000000, 0x00000007c0000000, 0x00000007c0000000)
 Metaspace       used 38882K, capacity 39450K, committed 39804K, reserved 1085440K
  class space    used 4214K, capacity 4381K, committed 4476K, reserved 1048576K
2017-06-12T18:26:53.709-0100: 80349.025: [GC (Allocation Failure) 2017-06-12T18:26:53.709-0100: 80349.025: [ParNew
Desired survivor size 20112992 bytes, new threshold 8 (max 8)
- age   1:      56912 bytes,      56912 total
- age   2:        248 bytes,      57160 total
- age   3:       1832 bytes,      58992 total
- age   4:       1040 bytes,      60032 total
- age   5:      83712 bytes,     143744 total
- age   6:    8812072 bytes,    8955816 total
- age   7:    4651592 bytes,   13607408 total
- age   8:    2129128 bytes,   15736536 total
: 108926K->20981K(109248K), 0.0050179 secs] 250027K->162082K(502464K), 0.0050784 secs] [Times: user=0.02 sys=0.00, real=0.01 secs] 
Heap after GC invocations=325 (full 9):
 par new generation   total 109248K, used 20981K [0x00000007a0000000, 0x00000007a8000000, 0x00000007a8000000)
  eden space 87424K,   0% used [0x00000007a0000000, 0x00000007a0000000, 0x00000007a5560000)
  from space 21824K,  96% used [0x00000007a6ab0000, 0x00000007a7f2d6b0, 0x00000007a8000000)
  to   space 21824K,   0% used [0x00000007a5560000, 0x00000007a5560000, 0x00000007a6ab0000)
 concurrent mark-sweep generation total 393216K, used 141100K [0x00000007a8000000, 0x00000007c0000000, 0x00000007c0000000)
 Metaspace       used 38882K, capacity 39450K, committed 39804K, reserved 1085440K
  class space    used 4214K, capacity 4381K, committed 4476K, reserved 1048576K
}
2017-06-12T18:26:53.714-0100: 80349.030: Total time for which application threads were stopped: 0.0052876 seconds, Stopping threads took: 0.0000247 seconds
2017-06-12T18:26:53.830-0100: 80349.146: Total time for which application threads were stopped: 0.0001490 seconds, Stopping threads took: 0.0000237 seconds
2017-06-12T18:26:53.838-0100: 80349.154: Total time for which application threads were stopped: 0.0001129 seconds, Stopping threads took: 0.0000173 seconds
2017-06-12T18:26:54.839-0100: 80350.155: Total time for which application threads were stopped: 0.0001233 seconds, Stopping threads took: 0.0000221 seconds
2017-06-12T18:27:26.907-0100: 80382.223: Total time for which application threads were stopped: 0.0001622 seconds, Stopping threads took: 0.0000338 seconds
2017-06-12T18:27:36.001-0100: 80391.317: Total time for which application threads were stopped: 0.0001626 seconds, Stopping threads took: 0.0000314 seconds
2017-06-12T18:27:37.383-0100: 80392.699: Total time for which application threads were stopped: 0.0001562 seconds, Stopping threads took: 0.0000287 seconds
2017-06-12T18:27:44.650-0100: 80399.966: Total time for which application threads were stopped: 0.0009708 seconds, Stopping threads took: 0.0000197 seconds
2017-06-12T18:27:45.651-0100: 80400.967: Total time for which application threads were stopped: 0.0000889 seconds, Stopping threads took: 0.0000208 seconds
{Heap before GC invocations=325 (full 9):
 par new generation   total 109248K, used 108405K [0x00000007a0000000, 0x00000007a8000000, 0x00000007a8000000)
  eden space 87424K, 100% used [0x00000007a0000000, 0x00000007a5560000, 0x00000007a5560000)
  from space 21824K,  96% used [0x00000007a6ab0000, 0x00000007a7f2d6b0, 0x00000007a8000000)
  to   space 21824K,   0% used [0x00000007a5560000, 0x00000007a5560000, 0x00000007a6ab0000)
 concurrent mark-sweep generation total 393216K, used 141100K [0x00000007a8000000, 0x00000007c0000000, 0x00000007c0000000)
 Metaspace       used 38913K, capacity 39514K, committed 39804K, reserved 1085440K
  class space    used 4216K, capacity 4381K, committed 4476K, reserved 1048576K
2017-06-12T18:29:27.418-0100: 80502.734: [GC (Allocation Failure) 2017-06-12T18:29:27.419-0100: 80502.734: [ParNew
Desired survivor size 20112992 bytes, new threshold 8 (max 8)
- age   1:     290816 bytes,     290816 total
- age   6:      34368 bytes,     325184 total
- age   7:    8964264 bytes,    9289448 total
- age   8:    4395448 bytes,   13684896 total
: 108405K->15646K(109248K), 0.0061139 secs] 249506K->158562K(502464K), 0.0064237 secs] [Times: user=0.02 sys=0.00, real=0.01 secs] 
Heap after GC invocations=326 (full 9):
 par new generation   total 109248K, used 15646K [0x00000007a0000000, 0x00000007a8000000, 0x00000007a8000000)
  eden space 87424K,   0% used [0x00000007a0000000, 0x00000007a0000000, 0x00000007a5560000)
  from space 21824K,  71% used [0x00000007a5560000, 0x00000007a64a7b18, 0x00000007a6ab0000)
  to   space 21824K,   0% used [0x00000007a6ab0000, 0x00000007a6ab0000, 0x00000007a8000000)
 concurrent mark-sweep generation total 393216K, used 142915K [0x00000007a8000000, 0x00000007c0000000, 0x00000007c0000000)
 Metaspace       used 38913K, capacity 39514K, committed 39804K, reserved 1085440K
  class space    used 4216K, capacity 4381K, committed 4476K, reserved 1048576K
}
2017-06-12T18:29:27.425-0100: 80502.740: Total time for which application threads were stopped: 0.0066125 seconds, Stopping threads took: 0.0000198 seconds
2017-06-12T19:28:25.998-0100: 82169.388: Total time for which application threads were stopped: 0.0017137 seconds, Stopping threads took: 0.0003043 seconds
2017-06-12T19:28:25.998-0100: 82169.388: Total time for which application threads were stopped: 0.0001454 seconds, Stopping threads took: 0.0000241 seconds
2017-06-12T19:28:25.999-0100: 82169.388: Total time for which application threads were stopped: 0.0002730 seconds, Stopping threads took: 0.0001606 seconds
2017-06-12T19:28:25.999-0100: 82169.389: Total time for which application threads were stopped: 0.0001035 seconds, Stopping threads took: 0.0000248 seconds
2017-06-12T19:28:26.010-0100: 82169.400: Total time for which application threads were stopped: 0.0001701 seconds, Stopping threads took: 0.0000265 seconds
2017-06-12T19:28:26.010-0100: 82169.400: Total time for which application threads were stopped: 0.0000723 seconds, Stopping threads took: 0.0000201 seconds
2017-06-12T19:28:26.038-0100: 82169.428: Total time for which application threads were stopped: 0.0018450 seconds, Stopping threads took: 0.0000232 seconds
2017-06-12T19:28:26.038-0100: 82169.428: Total time for which application threads were stopped: 0.0001873 seconds, Stopping threads took: 0.0000190 seconds
2017-06-12T19:28:26.047-0100: 82169.437: Total time for which application threads were stopped: 0.0001060 seconds, Stopping threads took: 0.0000189 seconds
2017-06-12T19:28:26.047-0100: 82169.437: Total time for which application threads were stopped: 0.0000803 seconds, Stopping threads took: 0.0000128 seconds
2017-06-12T19:28:27.073-0100: 82170.463: Total time for which application threads were stopped: 0.0001870 seconds, Stopping threads took: 0.0000582 seconds
2017-06-12T19:28:27.073-0100: 82170.463: Total time for which application threads were stopped: 0.0001251 seconds, Stopping threads took: 0.0000465 seconds
2017-06-12T19:28:27.083-0100: 82170.472: Total time for which application threads were stopped: 0.0001335 seconds, Stopping threads took: 0.0000366 seconds
2017-06-12T19:28:27.083-0100: 82170.472: Total time for which application threads were stopped: 0.0000796 seconds, Stopping threads took: 0.0000280 seconds
2017-06-12T19:28:28.145-0100: 82171.535: Total time for which application threads were stopped: 0.0002027 seconds, Stopping threads took: 0.0000361 seconds
{Heap before GC invocations=326 (full 9):
 par new generation   total 109248K, used 103068K [0x00000007a0000000, 0x00000007a8000000, 0x00000007a8000000)
  eden space 87424K,  99% used [0x00000007a0000000, 0x00000007a555f510, 0x00000007a5560000)
  from space 21824K,  71% used [0x00000007a5560000, 0x00000007a64a7b18, 0x00000007a6ab0000)
  to   space 21824K,   0% used [0x00000007a6ab0000, 0x00000007a6ab0000, 0x00000007a8000000)
 concurrent mark-sweep generation total 393216K, used 142915K [0x00000007a8000000, 0x00000007c0000000, 0x00000007c0000000)
 Metaspace       used 38928K, capacity 39514K, committed 39804K, reserved 1085440K
  class space    used 4216K, capacity 4381K, committed 4476K, reserved 1048576K
2017-06-12T19:28:28.266-0100: 82171.655: [GC (Allocation Failure) 2017-06-12T19:28:28.268-0100: 82171.657: [ParNew
Desired survivor size 20112992 bytes, new threshold 8 (max 8)
- age   1:    1148704 bytes,    1148704 total
- age   2:     243736 bytes,    1392440 total
- age   7:      34368 bytes,    1426808 total
- age   8:    8540120 bytes,    9966928 total
: 103068K->12743K(109248K), 0.0227268 secs] 245984K->159899K(502464K), 0.0247899 secs] [Times: user=0.03 sys=0.03, real=0.03 secs] 
Heap after GC invocations=327 (full 9):
 par new generation   total 109248K, used 12743K [0x00000007a0000000, 0x00000007a8000000, 0x00000007a8000000)
  eden space 87424K,   0% used [0x00000007a0000000, 0x00000007a0000000, 0x00000007a5560000)
  from space 21824K,  58% used [0x00000007a6ab0000, 0x00000007a7721f28, 0x00000007a8000000)
  to   space 21824K,   0% used [0x00000007a5560000, 0x00000007a5560000, 0x00000007a6ab0000)
 concurrent mark-sweep generation total 393216K, used 147156K [0x00000007a8000000, 0x00000007c0000000, 0x00000007c0000000)
 Metaspace       used 38928K, capacity 39514K, committed 39804K, reserved 1085440K
  class space    used 4216K, capacity 4381K, committed 4476K, reserved 1048576K
}
2017-06-12T19:28:28.290-0100: 82171.680: Total time for which application threads were stopped: 0.0251082 seconds, Stopping threads took: 0.0000165 seconds
2017-06-12T19:28:28.291-0100: 82171.680: Total time for which application threads were stopped: 0.0001340 seconds, Stopping threads took: 0.0000117 seconds
2017-06-12T19:28:29.294-0100: 82172.684: Total time for which application threads were stopped: 0.0001693 seconds, Stopping threads took: 0.0000345 seconds
2017-06-12T19:28:29.332-0100: 82172.722: Total time for which application threads were stopped: 0.0001958 seconds, Stopping threads took: 0.0000507 seconds
2017-06-12T19:28:29.332-0100: 82172.722: Total time for which application threads were stopped: 0.0001098 seconds, Stopping threads took: 0.0000125 seconds
2017-06-12T19:28:29.343-0100: 82172.733: Total time for which application threads were stopped: 0.0001060 seconds, Stopping threads took: 0.0000205 seconds
2017-06-12T19:28:29.343-0100: 82172.733: Total time for which application threads were stopped: 0.0000709 seconds, Stopping threads took: 0.0000119 seconds
2017-06-12T19:29:29.345-0100: 82232.734: Total time for which application threads were stopped: 0.0001508 seconds, Stopping threads took: 0.0000296 seconds
{Heap before GC invocations=327 (full 9):
 par new generation   total 109248K, used 100156K [0x00000007a0000000, 0x00000007a8000000, 0x00000007a8000000)
  eden space 87424K,  99% used [0x00000007a0000000, 0x00000007a555d460, 0x00000007a5560000)
  from space 21824K,  58% used [0x00000007a6ab0000, 0x00000007a7721f28, 0x00000007a8000000)
  to   space 21824K,   0% used [0x00000007a5560000, 0x00000007a5560000, 0x00000007a6ab0000)
 concurrent mark-sweep generation total 393216K, used 147156K [0x00000007a8000000, 0x00000007c0000000, 0x00000007c0000000)
 Metaspace       used 39007K, capacity 39634K, committed 39804K, reserved 1085440K
  class space    used 4227K, capacity 4401K, committed 4476K, reserved 1048576K
2017-06-12T19:29:51.026-0100: 82254.415: [GC (Allocation Failure) 2017-06-12T19:29:51.027-0100: 82254.416: [ParNew
Desired survivor size 20112992 bytes, new threshold 8 (max 8)
- age   1:    1140576 bytes,    1140576 total
- age   2:     177640 bytes,    1318216 total
- age   3:     238120 bytes,    1556336 total
- age   8:      34368 bytes,    1590704 total
: 100156K->3145K(109248K), 0.0273418 secs] 247312K->158650K(502464K), 0.0286391 secs] [Times: user=0.06 sys=0.03, real=0.03 secs] 
Heap after GC invocations=328 (full 9):
 par new generation   total 109248K, used 3145K [0x00000007a0000000, 0x00000007a8000000, 0x00000007a8000000)
  eden space 87424K,   0% used [0x00000007a0000000, 0x00000007a0000000, 0x00000007a5560000)
  from space 21824K,  14% used [0x00000007a5560000, 0x00000007a5872680, 0x00000007a6ab0000)
  to   space 21824K,   0% used [0x00000007a6ab0000, 0x00000007a6ab0000, 0x00000007a8000000)
 concurrent mark-sweep generation total 393216K, used 155505K [0x00000007a8000000, 0x00000007c0000000, 0x00000007c0000000)
 Metaspace       used 39007K, capacity 39634K, committed 39804K, reserved 1085440K
  class space    used 4227K, capacity 4401K, committed 4476K, reserved 1048576K
}
2017-06-12T19:29:51.054-0100: 82254.443: Total time for which application threads were stopped: 0.0288113 seconds, Stopping threads took: 0.0000163 seconds
2017-06-12T19:29:51.054-0100: 82254.444: Total time for which application threads were stopped: 0.0000901 seconds, Stopping threads took: 0.0000211 seconds
2017-06-12T19:29:51.055-0100: 82254.444: Total time for which application threads were stopped: 0.0001733 seconds, Stopping threads took: 0.0000455 seconds
{Heap before GC invocations=328 (full 9):
 par new generation   total 109248K, used 90569K [0x00000007a0000000, 0x00000007a8000000, 0x00000007a8000000)
  eden space 87424K, 100% used [0x00000007a0000000, 0x00000007a5560000, 0x00000007a5560000)
  from space 21824K,  14% used [0x00000007a5560000, 0x00000007a5872680, 0x00000007a6ab0000)
  to   space 21824K,   0% used [0x00000007a6ab0000, 0x00000007a6ab0000, 0x00000007a8000000)
 concurrent mark-sweep generation total 393216K, used 155505K [0x00000007a8000000, 0x00000007c0000000, 0x00000007c0000000)
 Metaspace       used 39007K, capacity 39634K, committed 39804K, reserved 1085440K
  class space    used 4227K, capacity 4401K, committed 4476K, reserved 1048576K
2017-06-12T19:29:51.199-0100: 82254.588: [GC (Allocation Failure) 2017-06-12T19:29:51.199-0100: 82254.589: [ParNew
Desired survivor size 20112992 bytes, new threshold 8 (max 8)
- age   1:     953056 bytes,     953056 total
- age   2:     864136 bytes,    1817192 total
- age   3:     167896 bytes,    1985088 total
- age   4:     238096 bytes,    2223184 total
: 90569K->3019K(109248K), 0.0031976 secs] 246074K->158558K(502464K), 0.0033046 secs] [Times: user=0.01 sys=0.01, real=0.01 secs] 
Heap after GC invocations=329 (full 9):
 par new generation   total 109248K, used 3019K [0x00000007a0000000, 0x00000007a8000000, 0x00000007a8000000)
  eden space 87424K,   0% used [0x00000007a0000000, 0x00000007a0000000, 0x00000007a5560000)
  from space 21824K,  13% used [0x00000007a6ab0000, 0x00000007a6da2c88, 0x00000007a8000000)
  to   space 21824K,   0% used [0x00000007a5560000, 0x00000007a5560000, 0x00000007a6ab0000)
 concurrent mark-sweep generation total 393216K, used 155538K [0x00000007a8000000, 0x00000007c0000000, 0x00000007c0000000)
 Metaspace       used 39007K, capacity 39634K, committed 39804K, reserved 1085440K
  class space    used 4227K, capacity 4401K, committed 4476K, reserved 1048576K
}
2017-06-12T19:29:51.203-0100: 82254.592: Total time for which application threads were stopped: 0.0044942 seconds, Stopping threads took: 0.0000171 seconds
2017-06-12T19:29:51.203-0100: 82254.592: Total time for which application threads were stopped: 0.0001725 seconds, Stopping threads took: 0.0000504 seconds
{Heap before GC invocations=329 (full 9):
 par new generation   total 109248K, used 90443K [0x00000007a0000000, 0x00000007a8000000, 0x00000007a8000000)
  eden space 87424K, 100% used [0x00000007a0000000, 0x00000007a5560000, 0x00000007a5560000)
  from space 21824K,  13% used [0x00000007a6ab0000, 0x00000007a6da2c88, 0x00000007a8000000)
  to   space 21824K,   0% used [0x00000007a5560000, 0x00000007a5560000, 0x00000007a6ab0000)
 concurrent mark-sweep generation total 393216K, used 155538K [0x00000007a8000000, 0x00000007c0000000, 0x00000007c0000000)
 Metaspace       used 39008K, capacity 39634K, committed 39804K, reserved 1085440K
  class space    used 4227K, capacity 4401K, committed 4476K, reserved 1048576K
2017-06-12T19:29:51.356-0100: 82254.745: [GC (Allocation Failure) 2017-06-12T19:29:51.356-0100: 82254.745: [ParNew
Desired survivor size 20112992 bytes, new threshold 8 (max 8)
- age   1:     963968 bytes,     963968 total
- age   2:     515992 bytes,    1479960 total
- age   3:     575320 bytes,    2055280 total
- age   4:     167896 bytes,    2223176 total
- age   5:     238096 bytes,    2461272 total
: 90443K->2968K(109248K), 0.0026151 secs] 245982K->158507K(502464K), 0.0026890 secs] [Times: user=0.01 sys=0.00, real=0.00 secs] 
Heap after GC invocations=330 (full 9):
 par new generation   total 109248K, used 2968K [0x00000007a0000000, 0x00000007a8000000, 0x00000007a8000000)
  eden space 87424K,   0% used [0x00000007a0000000, 0x00000007a0000000, 0x00000007a5560000)
  from space 21824K,  13% used [0x00000007a5560000, 0x00000007a5846290, 0x00000007a6ab0000)
  to   space 21824K,   0% used [0x00000007a6ab0000, 0x00000007a6ab0000, 0x00000007a8000000)
 concurrent mark-sweep generation total 393216K, used 155538K [0x00000007a8000000, 0x00000007c0000000, 0x00000007c0000000)
 Metaspace       used 39008K, capacity 39634K, committed 39804K, reserved 1085440K
  class space    used 4227K, capacity 4401K, committed 4476K, reserved 1048576K
}
2017-06-12T19:29:51.359-0100: 82254.748: Total time for which application threads were stopped: 0.0036653 seconds, Stopping threads took: 0.0000153 seconds
2017-06-12T19:29:51.435-0100: 82254.824: Total time for which application threads were stopped: 0.0001268 seconds, Stopping threads took: 0.0000499 seconds
2017-06-12T19:29:51.450-0100: 82254.839: Total time for which application threads were stopped: 0.0001327 seconds, Stopping threads took: 0.0000248 seconds
2017-06-12T19:29:51.451-0100: 82254.840: Total time for which application threads were stopped: 0.0000619 seconds, Stopping threads took: 0.0000060 seconds
2017-06-12T19:29:51.451-0100: 82254.840: Total time for which application threads were stopped: 0.0000435 seconds, Stopping threads took: 0.0000063 seconds
2017-06-12T19:29:51.451-0100: 82254.840: Total time for which application threads were stopped: 0.0000391 seconds, Stopping threads took: 0.0000056 seconds
2017-06-12T19:29:51.463-0100: 82254.852: Total time for which application threads were stopped: 0.0001051 seconds, Stopping threads took: 0.0000161 seconds
2017-06-12T19:29:51.463-0100: 82254.852: Total time for which application threads were stopped: 0.0000720 seconds, Stopping threads took: 0.0000103 seconds
2017-06-12T19:29:51.471-0100: 82254.860: Total time for which application threads were stopped: 0.0001121 seconds, Stopping threads took: 0.0000221 seconds
2017-06-12T19:29:51.471-0100: 82254.860: Total time for which application threads were stopped: 0.0000608 seconds, Stopping threads took: 0.0000239 seconds
2017-06-12T19:29:51.471-0100: 82254.861: Total time for which application threads were stopped: 0.0000598 seconds, Stopping threads took: 0.0000231 seconds
2017-06-12T19:29:51.472-0100: 82254.861: Total time for which application threads were stopped: 0.0000598 seconds, Stopping threads took: 0.0000159 seconds
2017-06-12T19:29:51.472-0100: 82254.861: Total time for which application threads were stopped: 0.0001577 seconds, Stopping threads took: 0.0000075 seconds
2017-06-12T19:29:52.477-0100: 82255.866: Total time for which application threads were stopped: 0.0001567 seconds, Stopping threads took: 0.0000344 seconds
2017-06-12T19:29:52.504-0100: 82255.893: Total time for which application threads were stopped: 0.0001325 seconds, Stopping threads took: 0.0000181 seconds
2017-06-12T19:29:52.515-0100: 82255.904: Total time for which application threads were stopped: 0.0001243 seconds, Stopping threads took: 0.0000294 seconds
2017-06-12T19:29:52.515-0100: 82255.904: Total time for which application threads were stopped: 0.0001004 seconds, Stopping threads took: 0.0000130 seconds
2017-06-12T19:29:52.525-0100: 82255.915: Total time for which application threads were stopped: 0.0001311 seconds, Stopping threads took: 0.0000250 seconds
2017-06-12T19:29:52.526-0100: 82255.915: Total time for which application threads were stopped: 0.0000780 seconds, Stopping threads took: 0.0000117 seconds
2017-06-12T19:29:53.569-0100: 82256.959: Total time for which application threads were stopped: 0.0002639 seconds, Stopping threads took: 0.0000512 seconds
2017-06-12T19:29:53.579-0100: 82256.968: Total time for which application threads were stopped: 0.0001940 seconds, Stopping threads took: 0.0000290 seconds
2017-06-12T19:29:53.581-0100: 82256.970: Total time for which application threads were stopped: 0.0010838 seconds, Stopping threads took: 0.0009415 seconds
2017-06-12T19:29:53.584-0100: 82256.974: Total time for which application threads were stopped: 0.0001785 seconds, Stopping threads took: 0.0000399 seconds
2017-06-12T19:29:53.585-0100: 82256.974: Total time for which application threads were stopped: 0.0001335 seconds, Stopping threads took: 0.0000181 seconds
2017-06-12T19:29:53.598-0100: 82256.988: Total time for which application threads were stopped: 0.0001209 seconds, Stopping threads took: 0.0000247 seconds
2017-06-12T19:29:53.599-0100: 82256.988: Total time for which application threads were stopped: 0.0000638 seconds, Stopping threads took: 0.0000107 seconds
2017-06-12T19:29:54.950-0100: 82258.340: Total time for which application threads were stopped: 0.0001547 seconds, Stopping threads took: 0.0000395 seconds
2017-06-12T19:29:54.951-0100: 82258.340: Total time for which application threads were stopped: 0.0000927 seconds, Stopping threads took: 0.0000114 seconds
2017-06-12T19:29:54.961-0100: 82258.350: Total time for which application threads were stopped: 0.0001196 seconds, Stopping threads took: 0.0000242 seconds
2017-06-12T19:29:54.961-0100: 82258.350: Total time for which application threads were stopped: 0.0000888 seconds, Stopping threads took: 0.0000148 seconds
2017-06-12T19:30:12.458-0100: 82275.847: Total time for which application threads were stopped: 0.0001183 seconds, Stopping threads took: 0.0000173 seconds
2017-06-12T19:30:12.458-0100: 82275.847: Total time for which application threads were stopped: 0.0001394 seconds, Stopping threads took: 0.0000344 seconds
2017-06-12T19:30:12.459-0100: 82275.848: Total time for which application threads were stopped: 0.0000615 seconds, Stopping threads took: 0.0000087 seconds
2017-06-12T19:30:12.460-0100: 82275.849: Total time for which application threads were stopped: 0.0000765 seconds, Stopping threads took: 0.0000098 seconds
2017-06-12T19:30:12.460-0100: 82275.849: Total time for which application threads were stopped: 0.0000874 seconds, Stopping threads took: 0.0000118 seconds
2017-06-12T19:30:12.460-0100: 82275.849: Total time for which application threads were stopped: 0.0000531 seconds, Stopping threads took: 0.0000072 seconds
2017-06-12T19:30:12.460-0100: 82275.849: Total time for which application threads were stopped: 0.0000549 seconds, Stopping threads took: 0.0000072 seconds
2017-06-12T19:30:12.460-0100: 82275.849: Total time for which application threads were stopped: 0.0000494 seconds, Stopping threads took: 0.0000067 seconds
2017-06-12T19:30:12.460-0100: 82275.849: Total time for which application threads were stopped: 0.0000442 seconds, Stopping threads took: 0.0000059 seconds
2017-06-12T19:30:13.464-0100: 82276.853: Total time for which application threads were stopped: 0.0001676 seconds, Stopping threads took: 0.0000339 seconds
2017-06-12T19:30:13.474-0100: 82276.863: Total time for which application threads were stopped: 0.0001215 seconds, Stopping threads took: 0.0000211 seconds
2017-06-12T19:30:13.475-0100: 82276.864: Total time for which application threads were stopped: 0.0001036 seconds, Stopping threads took: 0.0000156 seconds
2017-06-12T19:30:13.475-0100: 82276.864: Total time for which application threads were stopped: 0.0000634 seconds, Stopping threads took: 0.0000091 seconds
2017-06-12T19:30:15.503-0100: 82278.892: Total time for which application threads were stopped: 0.0001401 seconds, Stopping threads took: 0.0000326 seconds
2017-06-12T19:30:15.504-0100: 82278.893: Total time for which application threads were stopped: 0.0001385 seconds, Stopping threads took: 0.0000626 seconds
2017-06-12T19:30:15.513-0100: 82278.902: Total time for which application threads were stopped: 0.0001098 seconds, Stopping threads took: 0.0000217 seconds
2017-06-12T19:30:15.513-0100: 82278.902: Total time for which application threads were stopped: 0.0000806 seconds, Stopping threads took: 0.0000117 seconds
2017-06-12T19:30:20.523-0100: 82283.912: Total time for which application threads were stopped: 0.0002147 seconds, Stopping threads took: 0.0000362 seconds
2017-06-12T19:30:25.541-0100: 82288.930: Total time for which application threads were stopped: 0.0001291 seconds, Stopping threads took: 0.0000182 seconds
2017-06-12T19:30:25.542-0100: 82288.931: Total time for which application threads were stopped: 0.0006448 seconds, Stopping threads took: 0.0000109 seconds
2017-06-12T19:30:25.544-0100: 82288.933: Total time for which application threads were stopped: 0.0001232 seconds, Stopping threads took: 0.0000250 seconds
2017-06-12T19:30:25.544-0100: 82288.933: Total time for which application threads were stopped: 0.0000829 seconds, Stopping threads took: 0.0000268 seconds
2017-06-12T19:30:25.581-0100: 82288.970: Total time for which application threads were stopped: 0.0001354 seconds, Stopping threads took: 0.0000207 seconds
2017-06-12T19:30:25.581-0100: 82288.970: Total time for which application threads were stopped: 0.0000758 seconds, Stopping threads took: 0.0000076 seconds
{Heap before GC invocations=330 (full 9):
 par new generation   total 109248K, used 90392K [0x00000007a0000000, 0x00000007a8000000, 0x00000007a8000000)
  eden space 87424K, 100% used [0x00000007a0000000, 0x00000007a5560000, 0x00000007a5560000)
  from space 21824K,  13% used [0x00000007a5560000, 0x00000007a5846290, 0x00000007a6ab0000)
  to   space 21824K,   0% used [0x00000007a6ab0000, 0x00000007a6ab0000, 0x00000007a8000000)
 concurrent mark-sweep generation total 393216K, used 155538K [0x00000007a8000000, 0x00000007c0000000, 0x00000007c0000000)
 Metaspace       used 39040K, capacity 39634K, committed 39804K, reserved 1085440K
  class space    used 4227K, capacity 4401K, committed 4476K, reserved 1048576K
2017-06-12T19:30:25.717-0100: 82289.106: [GC (Allocation Failure) 2017-06-12T19:30:25.717-0100: 82289.106: [ParNew
Desired survivor size 20112992 bytes, new threshold 8 (max 8)
- age   1:    5188880 bytes,    5188880 total
- age   2:     605096 bytes,    5793976 total
- age   3:      20720 bytes,    5814696 total
- age   4:     558424 bytes,    6373120 total
- age   5:     166712 bytes,    6539832 total
- age   6:      66800 bytes,    6606632 total
: 90392K->7203K(109248K), 0.0034475 secs] 245931K->162741K(502464K), 0.0035253 secs] [Times: user=0.01 sys=0.00, real=0.01 secs] 
Heap after GC invocations=331 (full 9):
 par new generation   total 109248K, used 7203K [0x00000007a0000000, 0x00000007a8000000, 0x00000007a8000000)
  eden space 87424K,   0% used [0x00000007a0000000, 0x00000007a0000000, 0x00000007a5560000)
  from space 21824K,  33% used [0x00000007a6ab0000, 0x00000007a71b8c00, 0x00000007a8000000)
  to   space 21824K,   0% used [0x00000007a5560000, 0x00000007a5560000, 0x00000007a6ab0000)
 concurrent mark-sweep generation total 393216K, used 155538K [0x00000007a8000000, 0x00000007c0000000, 0x00000007c0000000)
 Metaspace       used 39040K, capacity 39634K, committed 39804K, reserved 1085440K
  class space    used 4227K, capacity 4401K, committed 4476K, reserved 1048576K
}
2017-06-12T19:30:25.721-0100: 82289.110: Total time for which application threads were stopped: 0.0037532 seconds, Stopping threads took: 0.0000336 seconds
2017-06-12T19:30:25.721-0100: 82289.110: Total time for which application threads were stopped: 0.0001721 seconds, Stopping threads took: 0.0000817 seconds
{Heap before GC invocations=331 (full 9):
 par new generation   total 109248K, used 94627K [0x00000007a0000000, 0x00000007a8000000, 0x00000007a8000000)
  eden space 87424K, 100% used [0x00000007a0000000, 0x00000007a5560000, 0x00000007a5560000)
  from space 21824K,  33% used [0x00000007a6ab0000, 0x00000007a71b8c00, 0x00000007a8000000)
  to   space 21824K,   0% used [0x00000007a5560000, 0x00000007a5560000, 0x00000007a6ab0000)
 concurrent mark-sweep generation total 393216K, used 155538K [0x00000007a8000000, 0x00000007c0000000, 0x00000007c0000000)
 Metaspace       used 39040K, capacity 39634K, committed 39804K, reserved 1085440K
  class space    used 4227K, capacity 4401K, committed 4476K, reserved 1048576K
2017-06-12T19:30:25.996-0100: 82289.385: [GC (Allocation Failure) 2017-06-12T19:30:25.996-0100: 82289.385: [ParNew
Desired survivor size 20112992 bytes, new threshold 8 (max 8)
- age   1:    7695856 bytes,    7695856 total
- age   2:    3587768 bytes,   11283624 total
- age   3:     605096 bytes,   11888720 total
- age   4:      20720 bytes,   11909440 total
- age   5:     558424 bytes,   12467864 total
- age   6:     166712 bytes,   12634576 total
- age   7:      66800 bytes,   12701376 total
: 94627K->14274K(109248K), 0.0046200 secs] 250165K->169813K(502464K), 0.0046784 secs] [Times: user=0.02 sys=0.01, real=0.01 secs] 
Heap after GC invocations=332 (full 9):
 par new generation   total 109248K, used 14274K [0x00000007a0000000, 0x00000007a8000000, 0x00000007a8000000)
  eden space 87424K,   0% used [0x00000007a0000000, 0x00000007a0000000, 0x00000007a5560000)
  from space 21824K,  65% used [0x00000007a5560000, 0x00000007a6350af0, 0x00000007a6ab0000)
  to   space 21824K,   0% used [0x00000007a6ab0000, 0x00000007a6ab0000, 0x00000007a8000000)
 concurrent mark-sweep generation total 393216K, used 155538K [0x00000007a8000000, 0x00000007c0000000, 0x00000007c0000000)
 Metaspace       used 39040K, capacity 39634K, committed 39804K, reserved 1085440K
  class space    used 4227K, capacity 4401K, committed 4476K, reserved 1048576K
}
2017-06-12T19:30:26.000-0100: 82289.389: Total time for which application threads were stopped: 0.0048790 seconds, Stopping threads took: 0.0000194 seconds
{Heap before GC invocations=332 (full 9):
 par new generation   total 109248K, used 101698K [0x00000007a0000000, 0x00000007a8000000, 0x00000007a8000000)
  eden space 87424K, 100% used [0x00000007a0000000, 0x00000007a5560000, 0x00000007a5560000)
  from space 21824K,  65% used [0x00000007a5560000, 0x00000007a6350af0, 0x00000007a6ab0000)
  to   space 21824K,   0% used [0x00000007a6ab0000, 0x00000007a6ab0000, 0x00000007a8000000)
 concurrent mark-sweep generation total 393216K, used 155538K [0x00000007a8000000, 0x00000007c0000000, 0x00000007c0000000)
 Metaspace       used 39040K, capacity 39634K, committed 39804K, reserved 1085440K
  class space    used 4227K, capacity 4401K, committed 4476K, reserved 1048576K
2017-06-12T19:30:26.334-0100: 82289.723: [GC (Allocation Failure) 2017-06-12T19:30:26.334-0100: 82289.723: [ParNew
Desired survivor size 20112992 bytes, new threshold 8 (max 8)
- age   1:    8473864 bytes,    8473864 total
- age   2:    4773776 bytes,   13247640 total
- age   3:    3590288 bytes,   16837928 total
- age   4:     605096 bytes,   17443024 total
- age   5:      20720 bytes,   17463744 total
- age   6:     558424 bytes,   18022168 total
- age   7:     166712 bytes,   18188880 total
- age   8:      66800 bytes,   18255680 total
: 101698K->21824K(109248K), 0.0056078 secs] 257237K->177362K(502464K), 0.0057003 secs] [Times: user=0.02 sys=0.00, real=0.00 secs] 
Heap after GC invocations=333 (full 9):
 par new generation   total 109248K, used 21824K [0x00000007a0000000, 0x00000007a8000000, 0x00000007a8000000)
  eden space 87424K,   0% used [0x00000007a0000000, 0x00000007a0000000, 0x00000007a5560000)
  from space 21824K, 100% used [0x00000007a6ab0000, 0x00000007a8000000, 0x00000007a8000000)
  to   space 21824K,   0% used [0x00000007a5560000, 0x00000007a5560000, 0x00000007a6ab0000)
 concurrent mark-sweep generation total 393216K, used 155538K [0x00000007a8000000, 0x00000007c0000000, 0x00000007c0000000)
 Metaspace       used 39040K, capacity 39634K, committed 39804K, reserved 1085440K
  class space    used 4227K, capacity 4401K, committed 4476K, reserved 1048576K
}
2017-06-12T19:30:26.339-0100: 82289.728: Total time for which application threads were stopped: 0.0059201 seconds, Stopping threads took: 0.0000202 seconds
{Heap before GC invocations=333 (full 9):
 par new generation   total 109248K, used 108368K [0x00000007a0000000, 0x00000007a8000000, 0x00000007a8000000)
  eden space 87424K,  98% used [0x00000007a0000000, 0x00000007a5484160, 0x00000007a5560000)
  from space 21824K, 100% used [0x00000007a6ab0000, 0x00000007a8000000, 0x00000007a8000000)
  to   space 21824K,   0% used [0x00000007a5560000, 0x00000007a5560000, 0x00000007a6ab0000)
 concurrent mark-sweep generation total 393216K, used 155538K [0x00000007a8000000, 0x00000007c0000000, 0x00000007c0000000)
 Metaspace       used 39040K, capacity 39634K, committed 39804K, reserved 1085440K
  class space    used 4227K, capacity 4401K, committed 4476K, reserved 1048576K
2017-06-12T19:30:26.690-0100: 82290.078: [GC (Allocation Failure) 2017-06-12T19:30:26.690-0100: 82290.079: [ParNew
Desired survivor size 20112992 bytes, new threshold 4 (max 8)
- age   1:    8393928 bytes,    8393928 total
- age   2:    4800880 bytes,   13194808 total
- age   3:    4158560 bytes,   17353368 total
- age   4:    3465408 bytes,   20818776 total
- age   5:     605096 bytes,   21423872 total
- age   6:      20720 bytes,   21444592 total
- age   7:     558424 bytes,   22003016 total
- age   8:     166712 bytes,   22169728 total
: 108368K->21824K(109248K), 0.0131972 secs] 263907K->178894K(502464K), 0.0132903 secs] [Times: user=0.04 sys=0.00, real=0.01 secs] 
Heap after GC invocations=334 (full 9):
 par new generation   total 109248K, used 21824K [0x00000007a0000000, 0x00000007a8000000, 0x00000007a8000000)
  eden space 87424K,   0% used [0x00000007a0000000, 0x00000007a0000000, 0x00000007a5560000)
  from space 21824K, 100% used [0x00000007a5560000, 0x00000007a6ab0000, 0x00000007a6ab0000)
  to   space 21824K,   0% used [0x00000007a6ab0000, 0x00000007a6ab0000, 0x00000007a8000000)
 concurrent mark-sweep generation total 393216K, used 157070K [0x00000007a8000000, 0x00000007c0000000, 0x00000007c0000000)
 Metaspace       used 39040K, capacity 39634K, committed 39804K, reserved 1085440K
  class space    used 4227K, capacity 4401K, committed 4476K, reserved 1048576K
}
2017-06-12T19:30:26.703-0100: 82290.092: Total time for which application threads were stopped: 0.0135431 seconds, Stopping threads took: 0.0000312 seconds
{Heap before GC invocations=334 (full 9):
 par new generation   total 109248K, used 109248K [0x00000007a0000000, 0x00000007a8000000, 0x00000007a8000000)
  eden space 87424K, 100% used [0x00000007a0000000, 0x00000007a5560000, 0x00000007a5560000)
  from space 21824K, 100% used [0x00000007a5560000, 0x00000007a6ab0000, 0x00000007a6ab0000)
  to   space 21824K,   0% used [0x00000007a6ab0000, 0x00000007a6ab0000, 0x00000007a8000000)
 concurrent mark-sweep generation total 393216K, used 157070K [0x00000007a8000000, 0x00000007c0000000, 0x00000007c0000000)
 Metaspace       used 39040K, capacity 39634K, committed 39804K, reserved 1085440K
  class space    used 4227K, capacity 4401K, committed 4476K, reserved 1048576K
2017-06-12T19:30:27.013-0100: 82290.402: [GC (Allocation Failure) 2017-06-12T19:30:27.013-0100: 82290.402: [ParNew
Desired survivor size 20112992 bytes, new threshold 4 (max 8)
- age   1:    8900600 bytes,    8900600 total
- age   2:    4338112 bytes,   13238712 total
- age   3:    3875096 bytes,   17113808 total
- age   4:    3837056 bytes,   20950864 total
: 109248K->21824K(109248K), 0.0215771 secs] 266318K->186324K(502464K), 0.0216481 secs] [Times: user=0.03 sys=0.02, real=0.02 secs] 
Heap after GC invocations=335 (full 9):
 par new generation   total 109248K, used 21824K [0x00000007a0000000, 0x00000007a8000000, 0x00000007a8000000)
  eden space 87424K,   0% used [0x00000007a0000000, 0x00000007a0000000, 0x00000007a5560000)
  from space 21824K, 100% used [0x00000007a6ab0000, 0x00000007a8000000, 0x00000007a8000000)
  to   space 21824K,   0% used [0x00000007a5560000, 0x00000007a5560000, 0x00000007a6ab0000)
 concurrent mark-sweep generation total 393216K, used 164500K [0x00000007a8000000, 0x00000007c0000000, 0x00000007c0000000)
 Metaspace       used 39040K, capacity 39634K, committed 39804K, reserved 1085440K
  class space    used 4227K, capacity 4401K, committed 4476K, reserved 1048576K
}
2017-06-12T19:30:27.034-0100: 82290.423: Total time for which application threads were stopped: 0.0218353 seconds, Stopping threads took: 0.0000197 seconds
{Heap before GC invocations=335 (full 9):
 par new generation   total 109248K, used 109248K [0x00000007a0000000, 0x00000007a8000000, 0x00000007a8000000)
  eden space 87424K, 100% used [0x00000007a0000000, 0x00000007a5560000, 0x00000007a5560000)
  from space 21824K, 100% used [0x00000007a6ab0000, 0x00000007a8000000, 0x00000007a8000000)
  to   space 21824K,   0% used [0x00000007a5560000, 0x00000007a5560000, 0x00000007a6ab0000)
 concurrent mark-sweep generation total 393216K, used 164500K [0x00000007a8000000, 0x00000007c0000000, 0x00000007c0000000)
 Metaspace       used 39040K, capacity 39634K, committed 39804K, reserved 1085440K
  class space    used 4227K, capacity 4401K, committed 4476K, reserved 1048576K
2017-06-12T19:30:27.370-0100: 82290.759: [GC (Allocation Failure) 2017-06-12T19:30:27.376-0100: 82290.765: [ParNew
Desired survivor size 20112992 bytes, new threshold 4 (max 8)
- age   1:   11004696 bytes,   11004696 total
- age   2:    3457800 bytes,   14462496 total
- age   3:    3259344 bytes,   17721840 total
- age   4:    3722096 bytes,   21443936 total
: 109248K->21824K(109248K), 0.0139559 secs] 273748K->191839K(502464K), 0.0198486 secs] [Times: user=0.03 sys=0.01, real=0.02 secs] 
Heap after GC invocations=336 (full 9):
 par new generation   total 109248K, used 21824K [0x00000007a0000000, 0x00000007a8000000, 0x00000007a8000000)
  eden space 87424K,   0% used [0x00000007a0000000, 0x00000007a0000000, 0x00000007a5560000)
  from space 21824K, 100% used [0x00000007a5560000, 0x00000007a6ab0000, 0x00000007a6ab0000)
  to   space 21824K,   0% used [0x00000007a6ab0000, 0x00000007a6ab0000, 0x00000007a8000000)
 concurrent mark-sweep generation total 393216K, used 170015K [0x00000007a8000000, 0x00000007c0000000, 0x00000007c0000000)
 Metaspace       used 39040K, capacity 39634K, committed 39804K, reserved 1085440K
  class space    used 4227K, capacity 4401K, committed 4476K, reserved 1048576K
}
2017-06-12T19:30:27.390-0100: 82290.779: Total time for which application threads were stopped: 0.0200399 seconds, Stopping threads took: 0.0000198 seconds
2017-06-12T19:30:27.491-0100: 82290.880: Total time for which application threads were stopped: 0.0001294 seconds, Stopping threads took: 0.0000283 seconds
2017-06-12T19:30:27.522-0100: 82290.911: Total time for which application threads were stopped: 0.0026125 seconds, Stopping threads took: 0.0002424 seconds
{Heap before GC invocations=336 (full 9):
 par new generation   total 109248K, used 109218K [0x00000007a0000000, 0x00000007a8000000, 0x00000007a8000000)
  eden space 87424K,  99% used [0x00000007a0000000, 0x00000007a5558b70, 0x00000007a5560000)
  from space 21824K, 100% used [0x00000007a5560000, 0x00000007a6ab0000, 0x00000007a6ab0000)
  to   space 21824K,   0% used [0x00000007a6ab0000, 0x00000007a6ab0000, 0x00000007a8000000)
 concurrent mark-sweep generation total 393216K, used 170015K [0x00000007a8000000, 0x00000007c0000000, 0x00000007c0000000)
 Metaspace       used 39041K, capacity 39634K, committed 39804K, reserved 1085440K
  class space    used 4227K, capacity 4401K, committed 4476K, reserved 1048576K
2017-06-12T19:30:27.618-0100: 82291.007: [GC (Allocation Failure) 2017-06-12T19:30:27.619-0100: 82291.007: [ParNew
Desired survivor size 20112992 bytes, new threshold 4 (max 8)
- age   1:    6192144 bytes,    6192144 total
- age   2:    9354592 bytes,   15546736 total
- age   3:    3398456 bytes,   18945192 total
- age   4:    3213648 bytes,   22158840 total
: 109218K->21824K(109248K), 0.0147198 secs] 279234K->197824K(502464K), 0.0147952 secs] [Times: user=0.03 sys=0.02, real=0.02 secs] 
Heap after GC invocations=337 (full 9):
 par new generation   total 109248K, used 21824K [0x00000007a0000000, 0x00000007a8000000, 0x00000007a8000000)
  eden space 87424K,   0% used [0x00000007a0000000, 0x00000007a0000000, 0x00000007a5560000)
  from space 21824K, 100% used [0x00000007a6ab0000, 0x00000007a8000000, 0x00000007a8000000)
  to   space 21824K,   0% used [0x00000007a5560000, 0x00000007a5560000, 0x00000007a6ab0000)
 concurrent mark-sweep generation total 393216K, used 176000K [0x00000007a8000000, 0x00000007c0000000, 0x00000007c0000000)
 Metaspace       used 39041K, capacity 39634K, committed 39804K, reserved 1085440K
  class space    used 4227K, capacity 4401K, committed 4476K, reserved 1048576K
}
2017-06-12T19:30:27.633-0100: 82291.022: Total time for which application threads were stopped: 0.0158948 seconds, Stopping threads took: 0.0008995 seconds
{Heap before GC invocations=337 (full 9):
 par new generation   total 109248K, used 109248K [0x00000007a0000000, 0x00000007a8000000, 0x00000007a8000000)
  eden space 87424K, 100% used [0x00000007a0000000, 0x00000007a5560000, 0x00000007a5560000)
  from space 21824K, 100% used [0x00000007a6ab0000, 0x00000007a8000000, 0x00000007a8000000)
  to   space 21824K,   0% used [0x00000007a5560000, 0x00000007a5560000, 0x00000007a6ab0000)
 concurrent mark-sweep generation total 393216K, used 176000K [0x00000007a8000000, 0x00000007c0000000, 0x00000007c0000000)
 Metaspace       used 39048K, capacity 39698K, committed 39804K, reserved 1085440K
  class space    used 4227K, capacity 4401K, committed 4476K, reserved 1048576K
2017-06-12T19:30:27.716-0100: 82291.105: [GC (Allocation Failure) 2017-06-12T19:30:27.716-0100: 82291.105: [ParNew
Desired survivor size 20112992 bytes, new threshold 4 (max 8)
- age   1:    3568472 bytes,    3568472 total
- age   2:    5078256 bytes,    8646728 total
- age   3:    9129848 bytes,   17776576 total
- age   4:    3284784 bytes,   21061360 total
: 109248K->21824K(109248K), 0.0169134 secs] 285248K->201569K(502464K), 0.0169701 secs] [Times: user=0.03 sys=0.02, real=0.02 secs] 
Heap after GC invocations=338 (full 9):
 par new generation   total 109248K, used 21824K [0x00000007a0000000, 0x00000007a8000000, 0x00000007a8000000)
  eden space 87424K,   0% used [0x00000007a0000000, 0x00000007a0000000, 0x00000007a5560000)
  from space 21824K, 100% used [0x00000007a5560000, 0x00000007a6ab0000, 0x00000007a6ab0000)
  to   space 21824K,   0% used [0x00000007a6ab0000, 0x00000007a6ab0000, 0x00000007a8000000)
 concurrent mark-sweep generation total 393216K, used 179745K [0x00000007a8000000, 0x00000007c0000000, 0x00000007c0000000)
 Metaspace       used 39048K, capacity 39698K, committed 39804K, reserved 1085440K
  class space    used 4227K, capacity 4401K, committed 4476K, reserved 1048576K
}
2017-06-12T19:30:27.733-0100: 82291.122: Total time for which application threads were stopped: 0.0172103 seconds, Stopping threads took: 0.0000638 seconds
{Heap before GC invocations=338 (full 9):
 par new generation   total 109248K, used 109248K [0x00000007a0000000, 0x00000007a8000000, 0x00000007a8000000)
  eden space 87424K, 100% used [0x00000007a0000000, 0x00000007a5560000, 0x00000007a5560000)
  from space 21824K, 100% used [0x00000007a5560000, 0x00000007a6ab0000, 0x00000007a6ab0000)
  to   space 21824K,   0% used [0x00000007a6ab0000, 0x00000007a6ab0000, 0x00000007a8000000)
 concurrent mark-sweep generation total 393216K, used 179745K [0x00000007a8000000, 0x00000007c0000000, 0x00000007c0000000)
 Metaspace       used 39048K, capacity 39698K, committed 39804K, reserved 1085440K
  class space    used 4227K, capacity 4401K, committed 4476K, reserved 1048576K
2017-06-12T19:30:27.823-0100: 82291.212: [GC (Allocation Failure) 2017-06-12T19:30:27.823-0100: 82291.212: [ParNew
Desired survivor size 20112992 bytes, new threshold 8 (max 8)
- age   1:    3600096 bytes,    3600096 total
- age   2:    1676672 bytes,    5276768 total
- age   3:    4875608 bytes,   10152376 total
- age   4:    7881744 bytes,   18034120 total
: 109248K->21824K(109248K), 0.0102012 secs] 288993K->206245K(502464K), 0.0102642 secs] [Times: user=0.03 sys=0.00, real=0.01 secs] 
Heap after GC invocations=339 (full 9):
 par new generation   total 109248K, used 21824K [0x00000007a0000000, 0x00000007a8000000, 0x00000007a8000000)
  eden space 87424K,   0% used [0x00000007a0000000, 0x00000007a0000000, 0x00000007a5560000)
  from space 21824K, 100% used [0x00000007a6ab0000, 0x00000007a8000000, 0x00000007a8000000)
  to   space 21824K,   0% used [0x00000007a5560000, 0x00000007a5560000, 0x00000007a6ab0000)
 concurrent mark-sweep generation total 393216K, used 184421K [0x00000007a8000000, 0x00000007c0000000, 0x00000007c0000000)
 Metaspace       used 39048K, capacity 39698K, committed 39804K, reserved 1085440K
  class space    used 4227K, capacity 4401K, committed 4476K, reserved 1048576K
}
2017-06-12T19:30:27.833-0100: 82291.222: Total time for which application threads were stopped: 0.0104793 seconds, Stopping threads took: 0.0000587 seconds
2017-06-12T19:30:27.874-0100: 82291.263: Total time for which application threads were stopped: 0.0001862 seconds, Stopping threads took: 0.0000826 seconds
2017-06-12T19:30:27.880-0100: 82291.268: Total time for which application threads were stopped: 0.0001436 seconds, Stopping threads took: 0.0000561 seconds
2017-06-12T19:30:27.886-0100: 82291.275: Total time for which application threads were stopped: 0.0001909 seconds, Stopping threads took: 0.0000548 seconds
2017-06-12T19:30:27.893-0100: 82291.282: Total time for which application threads were stopped: 0.0001957 seconds, Stopping threads took: 0.0000547 seconds
{Heap before GC invocations=339 (full 9):
 par new generation   total 109248K, used 109248K [0x00000007a0000000, 0x00000007a8000000, 0x00000007a8000000)
  eden space 87424K, 100% used [0x00000007a0000000, 0x00000007a5560000, 0x00000007a5560000)
  from space 21824K, 100% used [0x00000007a6ab0000, 0x00000007a8000000, 0x00000007a8000000)
  to   space 21824K,   0% used [0x00000007a5560000, 0x00000007a5560000, 0x00000007a6ab0000)
 concurrent mark-sweep generation total 393216K, used 184421K [0x00000007a8000000, 0x00000007c0000000, 0x00000007c0000000)
 Metaspace       used 39051K, capacity 39698K, committed 39804K, reserved 1085440K
  class space    used 4227K, capacity 4401K, committed 4476K, reserved 1048576K
2017-06-12T19:30:27.946-0100: 82291.335: [GC (Allocation Failure) 2017-06-12T19:30:27.946-0100: 82291.335: [ParNew
Desired survivor size 20112992 bytes, new threshold 8 (max 8)
- age   1:    5659064 bytes,    5659064 total
- age   2:    1509464 bytes,    7168528 total
- age   3:    1543320 bytes,    8711848 total
- age   4:    3558456 bytes,   12270304 total
- age   5:    7679120 bytes,   19949424 total
: 109248K->21824K(109248K), 0.0048620 secs] 293669K->206251K(502464K), 0.0049241 secs] [Times: user=0.01 sys=0.00, real=0.01 secs] 
Heap after GC invocations=340 (full 9):
 par new generation   total 109248K, used 21824K [0x00000007a0000000, 0x00000007a8000000, 0x00000007a8000000)
  eden space 87424K,   0% used [0x00000007a0000000, 0x00000007a0000000, 0x00000007a5560000)
  from space 21824K, 100% used [0x00000007a5560000, 0x00000007a6ab0000, 0x00000007a6ab0000)
  to   space 21824K,   0% used [0x00000007a6ab0000, 0x00000007a6ab0000, 0x00000007a8000000)
 concurrent mark-sweep generation total 393216K, used 184427K [0x00000007a8000000, 0x00000007c0000000, 0x00000007c0000000)
 Metaspace       used 39051K, capacity 39698K, committed 39804K, reserved 1085440K
  class space    used 4227K, capacity 4401K, committed 4476K, reserved 1048576K
}
2017-06-12T19:30:27.951-0100: 82291.340: Total time for which application threads were stopped: 0.0052164 seconds, Stopping threads took: 0.0000703 seconds
2017-06-12T19:30:27.989-0100: 82291.378: Total time for which application threads were stopped: 0.0002830 seconds, Stopping threads took: 0.0000757 seconds
2017-06-12T19:30:27.989-0100: 82291.378: Total time for which application threads were stopped: 0.0000882 seconds, Stopping threads took: 0.0000193 seconds
2017-06-12T19:30:27.990-0100: 82291.379: Total time for which application threads were stopped: 0.0000876 seconds, Stopping threads took: 0.0000356 seconds
{Heap before GC invocations=340 (full 9):
 par new generation   total 109248K, used 109248K [0x00000007a0000000, 0x00000007a8000000, 0x00000007a8000000)
  eden space 87424K, 100% used [0x00000007a0000000, 0x00000007a5560000, 0x00000007a5560000)
  from space 21824K, 100% used [0x00000007a5560000, 0x00000007a6ab0000, 0x00000007a6ab0000)
  to   space 21824K,   0% used [0x00000007a6ab0000, 0x00000007a6ab0000, 0x00000007a8000000)
 concurrent mark-sweep generation total 393216K, used 184427K [0x00000007a8000000, 0x00000007c0000000, 0x00000007c0000000)
 Metaspace       used 39055K, capacity 39698K, committed 39804K, reserved 1085440K
  class space    used 4227K, capacity 4401K, committed 4476K, reserved 1048576K
2017-06-12T19:30:28.106-0100: 82291.495: [GC (Allocation Failure) 2017-06-12T19:30:28.106-0100: 82291.495: [ParNew
Desired survivor size 20112992 bytes, new threshold 6 (max 8)
- age   1:    4049384 bytes,    4049384 total
- age   2:    4226288 bytes,    8275672 total
- age   3:    1383192 bytes,    9658864 total
- age   4:    1462552 bytes,   11121416 total
- age   5:    3391424 bytes,   14512840 total
- age   6:    7674200 bytes,   22187040 total
: 109248K->21824K(109248K), 0.0063788 secs] 293675K->207486K(502464K), 0.0064619 secs] [Times: user=0.02 sys=0.01, real=0.01 secs] 
Heap after GC invocations=341 (full 9):
 par new generation   total 109248K, used 21824K [0x00000007a0000000, 0x00000007a8000000, 0x00000007a8000000)
  eden space 87424K,   0% used [0x00000007a0000000, 0x00000007a0000000, 0x00000007a5560000)
  from space 21824K, 100% used [0x00000007a6ab0000, 0x00000007a8000000, 0x00000007a8000000)
  to   space 21824K,   0% used [0x00000007a5560000, 0x00000007a5560000, 0x00000007a6ab0000)
 concurrent mark-sweep generation total 393216K, used 185662K [0x00000007a8000000, 0x00000007c0000000, 0x00000007c0000000)
 Metaspace       used 39055K, capacity 39698K, committed 39804K, reserved 1085440K
  class space    used 4227K, capacity 4401K, committed 4476K, reserved 1048576K
}
2017-06-12T19:30:28.112-0100: 82291.501: Total time for which application threads were stopped: 0.0066968 seconds, Stopping threads took: 0.0000448 seconds
{Heap before GC invocations=341 (full 9):
 par new generation   total 109248K, used 109238K [0x00000007a0000000, 0x00000007a8000000, 0x00000007a8000000)
  eden space 87424K,  99% used [0x00000007a0000000, 0x00000007a555db20, 0x00000007a5560000)
  from space 21824K, 100% used [0x00000007a6ab0000, 0x00000007a8000000, 0x00000007a8000000)
  to   space 21824K,   0% used [0x00000007a5560000, 0x00000007a5560000, 0x00000007a6ab0000)
 concurrent mark-sweep generation total 393216K, used 185662K [0x00000007a8000000, 0x00000007c0000000, 0x00000007c0000000)
 Metaspace       used 39055K, capacity 39698K, committed 39804K, reserved 1085440K
  class space    used 4227K, capacity 4401K, committed 4476K, reserved 1048576K
2017-06-12T19:30:28.418-0100: 82291.807: [GC (Allocation Failure) 2017-06-12T19:30:28.418-0100: 82291.807: [ParNew
Desired survivor size 20112992 bytes, new threshold 8 (max 8)
- age   1:    5356688 bytes,    5356688 total
- age   2:    1365224 bytes,    6721912 total
- age   3:    3384288 bytes,   10106200 total
- age   4:    1300376 bytes,   11406576 total
- age   5:    1425856 bytes,   12832432 total
- age   6:    3181040 bytes,   16013472 total
: 109238K->21824K(109248K), 0.0325814 secs] 294901K->219688K(502464K), 0.0326510 secs] [Times: user=0.03 sys=0.04, real=0.04 secs] 
Heap after GC invocations=342 (full 9):
 par new generation   total 109248K, used 21824K [0x00000007a0000000, 0x00000007a8000000, 0x00000007a8000000)
  eden space 87424K,   0% used [0x00000007a0000000, 0x00000007a0000000, 0x00000007a5560000)
  from space 21824K, 100% used [0x00000007a5560000, 0x00000007a6ab0000, 0x00000007a6ab0000)
  to   space 21824K,   0% used [0x00000007a6ab0000, 0x00000007a6ab0000, 0x00000007a8000000)
 concurrent mark-sweep generation total 393216K, used 197864K [0x00000007a8000000, 0x00000007c0000000, 0x00000007c0000000)
 Metaspace       used 39055K, capacity 39698K, committed 39804K, reserved 1085440K
  class space    used 4227K, capacity 4401K, committed 4476K, reserved 1048576K
}
2017-06-12T19:30:28.451-0100: 82291.840: Total time for which application threads were stopped: 0.0328244 seconds, Stopping threads took: 0.0000185 seconds
2017-06-12T19:30:28.451-0100: 82291.840: [GC (CMS Initial Mark) [1 CMS-initial-mark: 197864K(393216K)] 220200K(502464K), 0.0015885 secs] [Times: user=0.00 sys=0.00, real=0.00 secs] 
2017-06-12T19:30:28.453-0100: 82291.841: Total time for which application threads were stopped: 0.0017060 seconds, Stopping threads took: 0.0000189 seconds
2017-06-12T19:30:28.453-0100: 82291.841: [CMS-concurrent-mark-start]
2017-06-12T19:30:28.467-0100: 82291.856: [CMS-concurrent-mark: 0.014/0.014 secs] [Times: user=0.04 sys=0.02, real=0.01 secs] 
2017-06-12T19:30:28.467-0100: 82291.856: [CMS-concurrent-preclean-start]
2017-06-12T19:30:28.468-0100: 82291.857: [CMS-concurrent-preclean: 0.001/0.001 secs] [Times: user=0.01 sys=0.00, real=0.00 secs] 
2017-06-12T19:30:28.468-0100: 82291.857: [CMS-concurrent-abortable-preclean-start]
2017-06-12T19:30:28.603-0100: 82291.992: [CMS-concurrent-abortable-preclean: 0.135/0.135 secs] [Times: user=0.26 sys=0.01, real=0.14 secs] 
2017-06-12T19:30:28.603-0100: 82291.992: [GC (CMS Final Remark) [YG occupancy: 66269 K (109248 K)]{Heap before GC invocations=342 (full 10):
 par new generation   total 109248K, used 66269K [0x00000007a0000000, 0x00000007a8000000, 0x00000007a8000000)
  eden space 87424K,  50% used [0x00000007a0000000, 0x00000007a2b67408, 0x00000007a5560000)
  from space 21824K, 100% used [0x00000007a5560000, 0x00000007a6ab0000, 0x00000007a6ab0000)
  to   space 21824K,   0% used [0x00000007a6ab0000, 0x00000007a6ab0000, 0x00000007a8000000)
 concurrent mark-sweep generation total 393216K, used 197864K [0x00000007a8000000, 0x00000007c0000000, 0x00000007c0000000)
 Metaspace       used 39055K, capacity 39698K, committed 39804K, reserved 1085440K
  class space    used 4227K, capacity 4401K, committed 4476K, reserved 1048576K
2017-06-12T19:30:28.603-0100: 82291.992: [GC (CMS Final Remark) 2017-06-12T19:30:28.603-0100: 82291.992: [ParNew
Desired survivor size 20112992 bytes, new threshold 7 (max 8)
- age   1:    6424040 bytes,    6424040 total
- age   2:    3999336 bytes,   10423376 total
- age   3:    1301248 bytes,   11724624 total
- age   4:    3348720 bytes,   15073344 total
- age   5:    1271752 bytes,   16345096 total
- age   6:    1400936 bytes,   17746032 total
- age   7:    3168768 bytes,   20914800 total
: 66269K->21824K(109248K), 0.0067388 secs] 264133K->220135K(502464K), 0.0067778 secs] [Times: user=0.03 sys=0.00, real=0.01 secs] 
Heap after GC invocations=343 (full 10):
 par new generation   total 109248K, used 21824K [0x00000007a0000000, 0x00000007a8000000, 0x00000007a8000000)
  eden space 87424K,   0% used [0x00000007a0000000, 0x00000007a0000000, 0x00000007a5560000)
  from space 21824K, 100% used [0x00000007a6ab0000, 0x00000007a8000000, 0x00000007a8000000)
  to   space 21824K,   0% used [0x00000007a5560000, 0x00000007a5560000, 0x00000007a6ab0000)
 concurrent mark-sweep generation total 393216K, used 198311K [0x00000007a8000000, 0x00000007c0000000, 0x00000007c0000000)
 Metaspace       used 39055K, capacity 39698K, committed 39804K, reserved 1085440K
  class space    used 4227K, capacity 4401K, committed 4476K, reserved 1048576K
}
2017-06-12T19:30:28.610-0100: 82291.999: [Rescan (parallel) , 0.0013833 secs]2017-06-12T19:30:28.611-0100: 82292.000: [weak refs processing, 0.0024608 secs]2017-06-12T19:30:28.614-0100: 82292.003: [class unloading, 0.0249076 secs]2017-06-12T19:30:28.639-0100: 82292.028: [scrub symbol table, 0.0083434 secs]2017-06-12T19:30:28.647-0100: 82292.036: [scrub string table, 0.0004971 secs][1 CMS-remark: 198311K(393216K)] 220135K(502464K), 0.0446377 secs] [Times: user=0.06 sys=0.01, real=0.04 secs] 
2017-06-12T19:30:28.648-0100: 82292.037: Total time for which application threads were stopped: 0.0448143 seconds, Stopping threads took: 0.0000562 seconds
2017-06-12T19:30:28.648-0100: 82292.037: [CMS-concurrent-sweep-start]
2017-06-12T19:30:28.648-0100: 82292.037: Total time for which application threads were stopped: 0.0001357 seconds, Stopping threads took: 0.0000319 seconds
2017-06-12T19:30:28.649-0100: 82292.038: Total time for which application threads were stopped: 0.0001591 seconds, Stopping threads took: 0.0000694 seconds
2017-06-12T19:30:28.649-0100: 82292.038: Total time for which application threads were stopped: 0.0001148 seconds, Stopping threads took: 0.0000478 seconds
2017-06-12T19:30:28.649-0100: 82292.038: Total time for which application threads were stopped: 0.0001041 seconds, Stopping threads took: 0.0000409 seconds
2017-06-12T19:30:28.649-0100: 82292.038: Total time for which application threads were stopped: 0.0000750 seconds, Stopping threads took: 0.0000210 seconds
2017-06-12T19:30:28.650-0100: 82292.038: Total time for which application threads were stopped: 0.0000954 seconds, Stopping threads took: 0.0000398 seconds
2017-06-12T19:30:28.650-0100: 82292.039: Total time for which application threads were stopped: 0.0000956 seconds, Stopping threads took: 0.0000349 seconds
2017-06-12T19:30:28.650-0100: 82292.039: Total time for which application threads were stopped: 0.0001034 seconds, Stopping threads took: 0.0000468 seconds
2017-06-12T19:30:28.650-0100: 82292.039: Total time for which application threads were stopped: 0.0000950 seconds, Stopping threads took: 0.0000396 seconds
2017-06-12T19:30:28.650-0100: 82292.039: Total time for which application threads were stopped: 0.0000994 seconds, Stopping threads took: 0.0000423 seconds
2017-06-12T19:30:28.650-0100: 82292.039: Total time for which application threads were stopped: 0.0000977 seconds, Stopping threads took: 0.0000427 seconds
2017-06-12T19:30:28.651-0100: 82292.039: Total time for which application threads were stopped: 0.0001031 seconds, Stopping threads took: 0.0000459 seconds
2017-06-12T19:30:28.651-0100: 82292.040: Total time for which application threads were stopped: 0.0001018 seconds, Stopping threads took: 0.0000445 seconds
2017-06-12T19:30:28.651-0100: 82292.040: Total time for which application threads were stopped: 0.0000928 seconds, Stopping threads took: 0.0000373 seconds
2017-06-12T19:30:28.651-0100: 82292.040: Total time for which application threads were stopped: 0.0001001 seconds, Stopping threads took: 0.0000438 seconds
2017-06-12T19:30:28.651-0100: 82292.040: Total time for which application threads were stopped: 0.0000984 seconds, Stopping threads took: 0.0000430 seconds
2017-06-12T19:30:28.651-0100: 82292.040: Total time for which application threads were stopped: 0.0000970 seconds, Stopping threads took: 0.0000460 seconds
2017-06-12T19:30:28.652-0100: 82292.040: Total time for which application threads were stopped: 0.0000943 seconds, Stopping threads took: 0.0000392 seconds
2017-06-12T19:30:28.652-0100: 82292.041: Total time for which application threads were stopped: 0.0000931 seconds, Stopping threads took: 0.0000437 seconds
2017-06-12T19:30:28.652-0100: 82292.041: Total time for which application threads were stopped: 0.0000908 seconds, Stopping threads took: 0.0000406 seconds
2017-06-12T19:30:28.652-0100: 82292.041: Total time for which application threads were stopped: 0.0001022 seconds, Stopping threads took: 0.0000424 seconds
2017-06-12T19:30:28.652-0100: 82292.041: Total time for which application threads were stopped: 0.0001009 seconds, Stopping threads took: 0.0000426 seconds
2017-06-12T19:30:28.652-0100: 82292.041: Total time for which application threads were stopped: 0.0000988 seconds, Stopping threads took: 0.0000407 seconds
2017-06-12T19:30:28.652-0100: 82292.041: Total time for which application threads were stopped: 0.0001024 seconds, Stopping threads took: 0.0000365 seconds
2017-06-12T19:30:28.653-0100: 82292.041: Total time for which application threads were stopped: 0.0001036 seconds, Stopping threads took: 0.0000456 seconds
2017-06-12T19:30:28.653-0100: 82292.042: Total time for which application threads were stopped: 0.0000944 seconds, Stopping threads took: 0.0000375 seconds
2017-06-12T19:30:28.655-0100: 82292.044: Total time for which application threads were stopped: 0.0022506 seconds, Stopping threads took: 0.0000075 seconds
2017-06-12T19:30:28.655-0100: 82292.044: Total time for which application threads were stopped: 0.0000962 seconds, Stopping threads took: 0.0000387 seconds
2017-06-12T19:30:28.655-0100: 82292.044: Total time for which application threads were stopped: 0.0000937 seconds, Stopping threads took: 0.0000431 seconds
2017-06-12T19:30:28.656-0100: 82292.044: Total time for which application threads were stopped: 0.0001017 seconds, Stopping threads took: 0.0000433 seconds
2017-06-12T19:30:28.656-0100: 82292.045: Total time for which application threads were stopped: 0.0001188 seconds, Stopping threads took: 0.0000447 seconds
2017-06-12T19:30:28.656-0100: 82292.045: Total time for which application threads were stopped: 0.0000986 seconds, Stopping threads took: 0.0000432 seconds
2017-06-12T19:30:28.656-0100: 82292.045: Total time for which application threads were stopped: 0.0000914 seconds, Stopping threads took: 0.0000417 seconds
2017-06-12T19:30:28.656-0100: 82292.045: Total time for which application threads were stopped: 0.0001032 seconds, Stopping threads took: 0.0000433 seconds
2017-06-12T19:30:28.656-0100: 82292.045: Total time for which application threads were stopped: 0.0001013 seconds, Stopping threads took: 0.0000424 seconds
2017-06-12T19:30:28.657-0100: 82292.045: Total time for which application threads were stopped: 0.0000918 seconds, Stopping threads took: 0.0000337 seconds
2017-06-12T19:30:28.657-0100: 82292.046: Total time for which application threads were stopped: 0.0000935 seconds, Stopping threads took: 0.0000411 seconds
2017-06-12T19:30:28.657-0100: 82292.046: Total time for which application threads were stopped: 0.0000828 seconds, Stopping threads took: 0.0000337 seconds
2017-06-12T19:30:28.657-0100: 82292.046: Total time for which application threads were stopped: 0.0000841 seconds, Stopping threads took: 0.0000319 seconds
2017-06-12T19:30:28.657-0100: 82292.046: Total time for which application threads were stopped: 0.0000853 seconds, Stopping threads took: 0.0000364 seconds
2017-06-12T19:30:28.657-0100: 82292.046: Total time for which application threads were stopped: 0.0000838 seconds, Stopping threads took: 0.0000331 seconds
2017-06-12T19:30:28.658-0100: 82292.047: Total time for which application threads were stopped: 0.0006486 seconds, Stopping threads took: 0.0000380 seconds
2017-06-12T19:30:28.658-0100: 82292.047: Total time for which application threads were stopped: 0.0000905 seconds, Stopping threads took: 0.0000358 seconds
2017-06-12T19:30:28.658-0100: 82292.047: Total time for which application threads were stopped: 0.0000841 seconds, Stopping threads took: 0.0000332 seconds
2017-06-12T19:30:28.659-0100: 82292.048: Total time for which application threads were stopped: 0.0006304 seconds, Stopping threads took: 0.0000339 seconds
2017-06-12T19:30:28.659-0100: 82292.048: Total time for which application threads were stopped: 0.0000849 seconds, Stopping threads took: 0.0000350 seconds
2017-06-12T19:30:28.659-0100: 82292.048: Total time for which application threads were stopped: 0.0000881 seconds, Stopping threads took: 0.0000335 seconds
2017-06-12T19:30:28.659-0100: 82292.048: Total time for which application threads were stopped: 0.0001006 seconds, Stopping threads took: 0.0000389 seconds
2017-06-12T19:30:28.659-0100: 82292.048: Total time for which application threads were stopped: 0.0000891 seconds, Stopping threads took: 0.0000333 seconds
2017-06-12T19:30:28.660-0100: 82292.049: Total time for which application threads were stopped: 0.0002014 seconds, Stopping threads took: 0.0000321 seconds
2017-06-12T19:30:28.660-0100: 82292.049: Total time for which application threads were stopped: 0.0000776 seconds, Stopping threads took: 0.0000319 seconds
2017-06-12T19:30:28.660-0100: 82292.049: Total time for which application threads were stopped: 0.0001031 seconds, Stopping threads took: 0.0000307 seconds
2017-06-12T19:30:28.660-0100: 82292.049: Total time for which application threads were stopped: 0.0000823 seconds, Stopping threads took: 0.0000354 seconds
2017-06-12T19:30:28.660-0100: 82292.049: Total time for which application threads were stopped: 0.0000838 seconds, Stopping threads took: 0.0000310 seconds
2017-06-12T19:30:28.660-0100: 82292.049: Total time for which application threads were stopped: 0.0001832 seconds, Stopping threads took: 0.0000315 seconds
2017-06-12T19:30:28.661-0100: 82292.050: Total time for which application threads were stopped: 0.0001842 seconds, Stopping threads took: 0.0000289 seconds
2017-06-12T19:30:28.715-0100: 82292.104: [CMS-concurrent-sweep: 0.057/0.067 secs] [Times: user=0.10 sys=0.02, real=0.07 secs] 
2017-06-12T19:30:28.715-0100: 82292.104: [CMS-concurrent-reset-start]
2017-06-12T19:30:28.716-0100: 82292.105: [CMS-concurrent-reset: 0.001/0.001 secs] [Times: user=0.00 sys=0.00, real=0.00 secs] 
{Heap before GC invocations=343 (full 10):
 par new generation   total 109248K, used 109248K [0x00000007a0000000, 0x00000007a8000000, 0x00000007a8000000)
  eden space 87424K, 100% used [0x00000007a0000000, 0x00000007a5560000, 0x00000007a5560000)
  from space 21824K, 100% used [0x00000007a6ab0000, 0x00000007a8000000, 0x00000007a8000000)
  to   space 21824K,   0% used [0x00000007a5560000, 0x00000007a5560000, 0x00000007a6ab0000)
 concurrent mark-sweep generation total 393216K, used 35348K [0x00000007a8000000, 0x00000007c0000000, 0x00000007c0000000)
 Metaspace       used 39032K, capacity 39662K, committed 39804K, reserved 1085440K
  class space    used 4224K, capacity 4395K, committed 4476K, reserved 1048576K
2017-06-12T19:30:28.964-0100: 82292.353: [GC (Allocation Failure) 2017-06-12T19:30:28.964-0100: 82292.353: [ParNew
Desired survivor size 20112992 bytes, new threshold 8 (max 8)
- age   1:    6105216 bytes,    6105216 total
- age   2:    1693136 bytes,    7798352 total
- age   3:    2171560 bytes,    9969912 total
- age   4:    1112928 bytes,   11082840 total
- age   5:    2690288 bytes,   13773128 total
- age   6:    1151568 bytes,   14924696 total
- age   7:    1319256 bytes,   16243952 total
: 109248K->21824K(109248K), 0.0067575 secs] 144596K->66028K(502464K), 0.0068144 secs] [Times: user=0.02 sys=0.00, real=0.01 secs] 
Heap after GC invocations=344 (full 10):
 par new generation   total 109248K, used 21824K [0x00000007a0000000, 0x00000007a8000000, 0x00000007a8000000)
  eden space 87424K,   0% used [0x00000007a0000000, 0x00000007a0000000, 0x00000007a5560000)
  from space 21824K, 100% used [0x00000007a5560000, 0x00000007a6ab0000, 0x00000007a6ab0000)
  to   space 21824K,   0% used [0x00000007a6ab0000, 0x00000007a6ab0000, 0x00000007a8000000)
 concurrent mark-sweep generation total 393216K, used 44204K [0x00000007a8000000, 0x00000007c0000000, 0x00000007c0000000)
 Metaspace       used 39032K, capacity 39662K, committed 39804K, reserved 1085440K
  class space    used 4224K, capacity 4395K, committed 4476K, reserved 1048576K
}
2017-06-12T19:30:28.971-0100: 82292.360: Total time for which application threads were stopped: 0.0070477 seconds, Stopping threads took: 0.0000188 seconds
{Heap before GC invocations=344 (full 10):
 par new generation   total 109248K, used 109248K [0x00000007a0000000, 0x00000007a8000000, 0x00000007a8000000)
  eden space 87424K, 100% used [0x00000007a0000000, 0x00000007a5560000, 0x00000007a5560000)
  from space 21824K, 100% used [0x00000007a5560000, 0x00000007a6ab0000, 0x00000007a6ab0000)
  to   space 21824K,   0% used [0x00000007a6ab0000, 0x00000007a6ab0000, 0x00000007a8000000)
 concurrent mark-sweep generation total 393216K, used 44204K [0x00000007a8000000, 0x00000007c0000000, 0x00000007c0000000)
 Metaspace       used 39032K, capacity 39662K, committed 39804K, reserved 1085440K
  class space    used 4224K, capacity 4395K, committed 4476K, reserved 1048576K
2017-06-12T19:30:29.312-0100: 82292.700: [GC (Allocation Failure) 2017-06-12T19:30:29.312-0100: 82292.700: [ParNew
Desired survivor size 20112992 bytes, new threshold 7 (max 8)
- age   1:   10815840 bytes,   10815840 total
- age   2:    1965712 bytes,   12781552 total
- age   3:    1432312 bytes,   14213864 total
- age   4:    1956896 bytes,   16170760 total
- age   5:     996112 bytes,   17166872 total
- age   6:    2547208 bytes,   19714080 total
- age   7:    1129464 bytes,   20843544 total
- age   8:    1302728 bytes,   22146272 total
: 109248K->21824K(109248K), 0.0075827 secs] 153452K->67605K(502464K), 0.0076475 secs] [Times: user=0.03 sys=0.00, real=0.00 secs] 
Heap after GC invocations=345 (full 10):
 par new generation   total 109248K, used 21824K [0x00000007a0000000, 0x00000007a8000000, 0x00000007a8000000)
  eden space 87424K,   0% used [0x00000007a0000000, 0x00000007a0000000, 0x00000007a5560000)
  from space 21824K, 100% used [0x00000007a6ab0000, 0x00000007a8000000, 0x00000007a8000000)
  to   space 21824K,   0% used [0x00000007a5560000, 0x00000007a5560000, 0x00000007a6ab0000)
 concurrent mark-sweep generation total 393216K, used 45781K [0x00000007a8000000, 0x00000007c0000000, 0x00000007c0000000)
 Metaspace       used 39032K, capacity 39662K, committed 39804K, reserved 1085440K
  class space    used 4224K, capacity 4395K, committed 4476K, reserved 1048576K
}
2017-06-12T19:30:29.319-0100: 82292.708: Total time for which application threads were stopped: 0.0078362 seconds, Stopping threads took: 0.0000199 seconds
{Heap before GC invocations=345 (full 10):
 par new generation   total 109248K, used 109248K [0x00000007a0000000, 0x00000007a8000000, 0x00000007a8000000)
  eden space 87424K, 100% used [0x00000007a0000000, 0x00000007a5560000, 0x00000007a5560000)
  from space 21824K, 100% used [0x00000007a6ab0000, 0x00000007a8000000, 0x00000007a8000000)
  to   space 21824K,   0% used [0x00000007a5560000, 0x00000007a5560000, 0x00000007a6ab0000)
 concurrent mark-sweep generation total 393216K, used 45781K [0x00000007a8000000, 0x00000007c0000000, 0x00000007c0000000)
 Metaspace       used 39032K, capacity 39662K, committed 39804K, reserved 1085440K
  class space    used 4224K, capacity 4395K, committed 4476K, reserved 1048576K
2017-06-12T19:30:29.668-0100: 82293.056: [GC (Allocation Failure) 2017-06-12T19:30:29.668-0100: 82293.057: [ParNew
Desired survivor size 20112992 bytes, new threshold 7 (max 8)
- age   1:   10784288 bytes,   10784288 total
- age   2:    3894160 bytes,   14678448 total
- age   3:    1579848 bytes,   16258296 total
- age   4:    1255184 bytes,   17513480 total
- age   5:    1600904 bytes,   19114384 total
- age   6:     843624 bytes,   19958008 total
- age   7:    1768584 bytes,   21726592 total
: 109248K->21824K(109248K), 0.0086953 secs] 155029K->74460K(502464K), 0.0087566 secs] [Times: user=0.03 sys=0.01, real=0.01 secs] 
Heap after GC invocations=346 (full 10):
 par new generation   total 109248K, used 21824K [0x00000007a0000000, 0x00000007a8000000, 0x00000007a8000000)
  eden space 87424K,   0% used [0x00000007a0000000, 0x00000007a0000000, 0x00000007a5560000)
  from space 21824K, 100% used [0x00000007a5560000, 0x00000007a6ab0000, 0x00000007a6ab0000)
  to   space 21824K,   0% used [0x00000007a6ab0000, 0x00000007a6ab0000, 0x00000007a8000000)
 concurrent mark-sweep generation total 393216K, used 52636K [0x00000007a8000000, 0x00000007c0000000, 0x00000007c0000000)
 Metaspace       used 39032K, capacity 39662K, committed 39804K, reserved 1085440K
  class space    used 4224K, capacity 4395K, committed 4476K, reserved 1048576K
}
2017-06-12T19:30:29.676-0100: 82293.065: Total time for which application threads were stopped: 0.0089441 seconds, Stopping threads took: 0.0000194 seconds
{Heap before GC invocations=346 (full 10):
 par new generation   total 109248K, used 109248K [0x00000007a0000000, 0x00000007a8000000, 0x00000007a8000000)
  eden space 87424K, 100% used [0x00000007a0000000, 0x00000007a5560000, 0x00000007a5560000)
  from space 21824K, 100% used [0x00000007a5560000, 0x00000007a6ab0000, 0x00000007a6ab0000)
  to   space 21824K,   0% used [0x00000007a6ab0000, 0x00000007a6ab0000, 0x00000007a8000000)
 concurrent mark-sweep generation total 393216K, used 52636K [0x00000007a8000000, 0x00000007c0000000, 0x00000007c0000000)
 Metaspace       used 39032K, capacity 39662K, committed 39804K, reserved 1085440K
  class space    used 4224K, capacity 4395K, committed 4476K, reserved 1048576K
2017-06-12T19:30:30.010-0100: 82293.399: [GC (Allocation Failure) 2017-06-12T19:30:30.010-0100: 82293.399: [ParNew
Desired survivor size 20112992 bytes, new threshold 6 (max 8)
- age   1:   11237320 bytes,   11237320 total
- age   2:    3998032 bytes,   15235352 total
- age   3:    3014616 bytes,   18249968 total
- age   4:    1094496 bytes,   19344464 total
- age   5:     591896 bytes,   19936360 total
- age   6:    1360816 bytes,   21297176 total
- age   7:     731888 bytes,   22029064 total
: 109248K->21824K(109248K), 0.0088261 secs] 161884K->80657K(502464K), 0.0088988 secs] [Times: user=0.03 sys=0.00, real=0.00 secs] 
Heap after GC invocations=347 (full 10):
 par new generation   total 109248K, used 21824K [0x00000007a0000000, 0x00000007a8000000, 0x00000007a8000000)
  eden space 87424K,   0% used [0x00000007a0000000, 0x00000007a0000000, 0x00000007a5560000)
  from space 21824K, 100% used [0x00000007a6ab0000, 0x00000007a8000000, 0x00000007a8000000)
  to   space 21824K,   0% used [0x00000007a5560000, 0x00000007a5560000, 0x00000007a6ab0000)
 concurrent mark-sweep generation total 393216K, used 58833K [0x00000007a8000000, 0x00000007c0000000, 0x00000007c0000000)
 Metaspace       used 39032K, capacity 39662K, committed 39804K, reserved 1085440K
  class space    used 4224K, capacity 4395K, committed 4476K, reserved 1048576K
}
2017-06-12T19:30:30.019-0100: 82293.408: Total time for which application threads were stopped: 0.0090688 seconds, Stopping threads took: 0.0000187 seconds
{Heap before GC invocations=347 (full 10):
 par new generation   total 109248K, used 109248K [0x00000007a0000000, 0x00000007a8000000, 0x00000007a8000000)
  eden space 87424K, 100% used [0x00000007a0000000, 0x00000007a5560000, 0x00000007a5560000)
  from space 21824K, 100% used [0x00000007a6ab0000, 0x00000007a8000000, 0x00000007a8000000)
  to   space 21824K,   0% used [0x00000007a5560000, 0x00000007a5560000, 0x00000007a6ab0000)
 concurrent mark-sweep generation total 393216K, used 58833K [0x00000007a8000000, 0x00000007c0000000, 0x00000007c0000000)
 Metaspace       used 39032K, capacity 39662K, committed 39804K, reserved 1085440K
  class space    used 4224K, capacity 4395K, committed 4476K, reserved 1048576K
2017-06-12T19:30:30.375-0100: 82293.764: [GC (Allocation Failure) 2017-06-12T19:30:30.375-0100: 82293.764: [ParNew
Desired survivor size 20112992 bytes, new threshold 5 (max 8)
- age   1:    9453400 bytes,    9453400 total
- age   2:    5882320 bytes,   15335720 total
- age   3:    2744952 bytes,   18080672 total
- age   4:    1382368 bytes,   19463040 total
- age   5:     844136 bytes,   20307176 total
- age   6:     535504 bytes,   20842680 total
: 109248K->21824K(109248K), 0.0077554 secs] 168081K->88046K(502464K), 0.0078278 secs] [Times: user=0.03 sys=0.00, real=0.01 secs] 
Heap after GC invocations=348 (full 10):
 par new generation   total 109248K, used 21824K [0x00000007a0000000, 0x00000007a8000000, 0x00000007a8000000)
  eden space 87424K,   0% used [0x00000007a0000000, 0x00000007a0000000, 0x00000007a5560000)
  from space 21824K, 100% used [0x00000007a5560000, 0x00000007a6ab0000, 0x00000007a6ab0000)
  to   space 21824K,   0% used [0x00000007a6ab0000, 0x00000007a6ab0000, 0x00000007a8000000)
 concurrent mark-sweep generation total 393216K, used 66222K [0x00000007a8000000, 0x00000007c0000000, 0x00000007c0000000)
 Metaspace       used 39032K, capacity 39662K, committed 39804K, reserved 1085440K
  class space    used 4224K, capacity 4395K, committed 4476K, reserved 1048576K
}
2017-06-12T19:30:30.383-0100: 82293.772: Total time for which application threads were stopped: 0.0080471 seconds, Stopping threads took: 0.0000315 seconds
{Heap before GC invocations=348 (full 10):
 par new generation   total 109248K, used 109248K [0x00000007a0000000, 0x00000007a8000000, 0x00000007a8000000)
  eden space 87424K, 100% used [0x00000007a0000000, 0x00000007a5560000, 0x00000007a5560000)
  from space 21824K, 100% used [0x00000007a5560000, 0x00000007a6ab0000, 0x00000007a6ab0000)
  to   space 21824K,   0% used [0x00000007a6ab0000, 0x00000007a6ab0000, 0x00000007a8000000)
 concurrent mark-sweep generation total 393216K, used 66222K [0x00000007a8000000, 0x00000007c0000000, 0x00000007c0000000)
 Metaspace       used 39034K, capacity 39662K, committed 39804K, reserved 1085440K
  class space    used 4224K, capacity 4395K, committed 4476K, reserved 1048576K
2017-06-12T19:30:30.611-0100: 82294.000: [GC (Allocation Failure) 2017-06-12T19:30:30.611-0100: 82294.000: [ParNew
Desired survivor size 20112992 bytes, new threshold 8 (max 8)
- age   1:     142800 bytes,     142800 total
- age   2:    9223112 bytes,    9365912 total
- age   3:    5232728 bytes,   14598640 total
- age   4:    2730232 bytes,   17328872 total
- age   5:    1367672 bytes,   18696544 total
: 109248K->21824K(109248K), 0.0062470 secs] 175470K->90134K(502464K), 0.0063044 secs] [Times: user=0.02 sys=0.00, real=0.00 secs] 
Heap after GC invocations=349 (full 10):
 par new generation   total 109248K, used 21824K [0x00000007a0000000, 0x00000007a8000000, 0x00000007a8000000)
  eden space 87424K,   0% used [0x00000007a0000000, 0x00000007a0000000, 0x00000007a5560000)
  from space 21824K, 100% used [0x00000007a6ab0000, 0x00000007a8000000, 0x00000007a8000000)
  to   space 21824K,   0% used [0x00000007a5560000, 0x00000007a5560000, 0x00000007a6ab0000)
 concurrent mark-sweep generation total 393216K, used 68310K [0x00000007a8000000, 0x00000007c0000000, 0x00000007c0000000)
 Metaspace       used 39034K, capacity 39662K, committed 39804K, reserved 1085440K
  class space    used 4224K, capacity 4395K, committed 4476K, reserved 1048576K
}
2017-06-12T19:30:30.618-0100: 82294.007: Total time for which application threads were stopped: 0.0065361 seconds, Stopping threads took: 0.0000208 seconds
{Heap before GC invocations=349 (full 10):
 par new generation   total 109248K, used 109248K [0x00000007a0000000, 0x00000007a8000000, 0x00000007a8000000)
  eden space 87424K, 100% used [0x00000007a0000000, 0x00000007a5560000, 0x00000007a5560000)
  from space 21824K, 100% used [0x00000007a6ab0000, 0x00000007a8000000, 0x00000007a8000000)
  to   space 21824K,   0% used [0x00000007a5560000, 0x00000007a5560000, 0x00000007a6ab0000)
 concurrent mark-sweep generation total 393216K, used 68310K [0x00000007a8000000, 0x00000007c0000000, 0x00000007c0000000)
 Metaspace       used 39034K, capacity 39662K, committed 39804K, reserved 1085440K
  class space    used 4224K, capacity 4395K, committed 4476K, reserved 1048576K
2017-06-12T19:30:30.741-0100: 82294.130: [GC (Allocation Failure) 2017-06-12T19:30:30.741-0100: 82294.130: [ParNew
Desired survivor size 20112992 bytes, new threshold 8 (max 8)
- age   1:      54704 bytes,      54704 total
- age   2:      87656 bytes,     142360 total
- age   3:    8911672 bytes,    9054032 total
- age   4:    5218656 bytes,   14272688 total
- age   5:    2002088 bytes,   16274776 total
- age   6:     871704 bytes,   17146480 total
: 109248K->21824K(109248K), 0.0052498 secs] 177558K->91651K(502464K), 0.0053244 secs] [Times: user=0.02 sys=0.00, real=0.00 secs] 
Heap after GC invocations=350 (full 10):
 par new generation   total 109248K, used 21824K [0x00000007a0000000, 0x00000007a8000000, 0x00000007a8000000)
  eden space 87424K,   0% used [0x00000007a0000000, 0x00000007a0000000, 0x00000007a5560000)
  from space 21824K, 100% used [0x00000007a5560000, 0x00000007a6ab0000, 0x00000007a6ab0000)
  to   space 21824K,   0% used [0x00000007a6ab0000, 0x00000007a6ab0000, 0x00000007a8000000)
 concurrent mark-sweep generation total 393216K, used 69827K [0x00000007a8000000, 0x00000007c0000000, 0x00000007c0000000)
 Metaspace       used 39034K, capacity 39662K, committed 39804K, reserved 1085440K
  class space    used 4224K, capacity 4395K, committed 4476K, reserved 1048576K
}
2017-06-12T19:30:30.747-0100: 82294.135: Total time for which application threads were stopped: 0.0055015 seconds, Stopping threads took: 0.0000194 seconds
2017-06-12T19:30:30.822-0100: 82294.211: Total time for which application threads were stopped: 0.0001249 seconds, Stopping threads took: 0.0000188 seconds
2017-06-12T19:30:30.822-0100: 82294.211: Total time for which application threads were stopped: 0.0000673 seconds, Stopping threads took: 0.0000107 seconds
2017-06-12T19:30:30.831-0100: 82294.220: Total time for which application threads were stopped: 0.0001150 seconds, Stopping threads took: 0.0000146 seconds
2017-06-12T19:30:30.832-0100: 82294.220: Total time for which application threads were stopped: 0.0000600 seconds, Stopping threads took: 0.0000093 seconds
2017-06-12T19:30:30.832-0100: 82294.221: Total time for which application threads were stopped: 0.0000411 seconds, Stopping threads took: 0.0000060 seconds
2017-06-12T19:30:30.841-0100: 82294.230: Total time for which application threads were stopped: 0.0000965 seconds, Stopping threads took: 0.0000168 seconds
2017-06-12T19:30:30.841-0100: 82294.230: Total time for which application threads were stopped: 0.0000530 seconds, Stopping threads took: 0.0000082 seconds
2017-06-12T19:30:30.842-0100: 82294.231: Total time for which application threads were stopped: 0.0001128 seconds, Stopping threads took: 0.0000261 seconds
2017-06-12T19:30:34.848-0100: 82298.237: Total time for which application threads were stopped: 0.0001633 seconds, Stopping threads took: 0.0000260 seconds
2017-06-12T19:30:43.867-0100: 82307.256: Total time for which application threads were stopped: 0.0001769 seconds, Stopping threads took: 0.0000362 seconds
2017-06-12T19:30:53.605-0100: 82316.993: Total time for which application threads were stopped: 0.0001716 seconds, Stopping threads took: 0.0000425 seconds
2017-06-12T19:31:15.520-0100: 82338.908: Total time for which application threads were stopped: 0.0003315 seconds, Stopping threads took: 0.0000349 seconds
2017-06-12T19:39:49.546-0100: 82852.931: Total time for which application threads were stopped: 0.0001203 seconds, Stopping threads took: 0.0000208 seconds
2017-06-12T19:40:05.067-0100: 82868.452: Total time for which application threads were stopped: 0.0002184 seconds, Stopping threads took: 0.0000165 seconds
2017-06-12T19:40:05.067-0100: 82868.452: Total time for which application threads were stopped: 0.0001028 seconds, Stopping threads took: 0.0000074 seconds
2017-06-12T19:40:05.070-0100: 82868.455: Total time for which application threads were stopped: 0.0028061 seconds, Stopping threads took: 0.0000092 seconds
2017-06-12T19:40:05.072-0100: 82868.457: Total time for which application threads were stopped: 0.0014801 seconds, Stopping threads took: 0.0000083 seconds
2017-06-12T19:40:05.072-0100: 82868.457: Total time for which application threads were stopped: 0.0000591 seconds, Stopping threads took: 0.0000087 seconds
2017-06-12T19:40:05.074-0100: 82868.459: Total time for which application threads were stopped: 0.0014638 seconds, Stopping threads took: 0.0000106 seconds
2017-06-12T19:40:05.074-0100: 82868.459: Total time for which application threads were stopped: 0.0000626 seconds, Stopping threads took: 0.0000082 seconds
2017-06-12T19:40:05.074-0100: 82868.459: Total time for which application threads were stopped: 0.0000582 seconds, Stopping threads took: 0.0000064 seconds
2017-06-12T19:41:00.136-0100: 82923.520: Total time for which application threads were stopped: 0.0001078 seconds, Stopping threads took: 0.0000178 seconds
2017-06-12T19:41:00.136-0100: 82923.520: Total time for which application threads were stopped: 0.0000580 seconds, Stopping threads took: 0.0000078 seconds
2017-06-12T19:41:00.136-0100: 82923.520: Total time for which application threads were stopped: 0.0000440 seconds, Stopping threads took: 0.0000059 seconds
2017-06-12T19:41:00.136-0100: 82923.520: Total time for which application threads were stopped: 0.0000654 seconds, Stopping threads took: 0.0000101 seconds
2017-06-12T19:41:00.136-0100: 82923.521: Total time for which application threads were stopped: 0.0000469 seconds, Stopping threads took: 0.0000072 seconds
2017-06-12T19:41:00.136-0100: 82923.521: Total time for which application threads were stopped: 0.0000505 seconds, Stopping threads took: 0.0000062 seconds
2017-06-12T19:41:00.137-0100: 82923.521: Total time for which application threads were stopped: 0.0000652 seconds, Stopping threads took: 0.0000102 seconds
2017-06-12T19:41:00.137-0100: 82923.521: Total time for which application threads were stopped: 0.0000461 seconds, Stopping threads took: 0.0000063 seconds
2017-06-12T19:41:00.137-0100: 82923.521: Total time for which application threads were stopped: 0.0000453 seconds, Stopping threads took: 0.0000062 seconds
2017-06-12T19:41:00.137-0100: 82923.521: Total time for which application threads were stopped: 0.0000472 seconds, Stopping threads took: 0.0000075 seconds
2017-06-12T19:41:00.140-0100: 82923.524: Total time for which application threads were stopped: 0.0001196 seconds, Stopping threads took: 0.0000263 seconds
2017-06-12T19:41:00.141-0100: 82923.525: Total time for which application threads were stopped: 0.0001198 seconds, Stopping threads took: 0.0000161 seconds
2017-06-12T19:41:01.143-0100: 82924.528: Total time for which application threads were stopped: 0.0001649 seconds, Stopping threads took: 0.0000330 seconds
2017-06-12T19:41:44.564-0100: 82967.948: Total time for which application threads were stopped: 0.0001076 seconds, Stopping threads took: 0.0000310 seconds
2017-06-12T19:42:02.596-0100: 82985.980: Total time for which application threads were stopped: 0.0001227 seconds, Stopping threads took: 0.0000203 seconds
2017-06-12T19:42:03.601-0100: 82986.985: Total time for which application threads were stopped: 0.0001526 seconds, Stopping threads took: 0.0000324 seconds
2017-06-12T19:42:32.670-0100: 83016.054: Total time for which application threads were stopped: 0.0001521 seconds, Stopping threads took: 0.0000339 seconds
2017-06-12T19:44:07.698-0100: 83110.464: Total time for which application threads were stopped: 0.0001166 seconds, Stopping threads took: 0.0000181 seconds
2017-06-12T19:44:15.941-0100: 83118.707: Total time for which application threads were stopped: 0.0001240 seconds, Stopping threads took: 0.0000176 seconds
2017-06-12T19:44:25.228-0100: 83127.995: Total time for which application threads were stopped: 0.0002086 seconds, Stopping threads took: 0.0000215 seconds
2017-06-12T19:44:26.231-0100: 83128.997: Total time for which application threads were stopped: 0.0001205 seconds, Stopping threads took: 0.0000469 seconds
2017-06-12T19:44:40.257-0100: 83143.023: Total time for which application threads were stopped: 0.0002025 seconds, Stopping threads took: 0.0000320 seconds
2017-06-12T19:44:42.312-0100: 83145.078: Total time for which application threads were stopped: 0.0001307 seconds, Stopping threads took: 0.0000166 seconds
2017-06-12T19:44:43.317-0100: 83146.084: Total time for which application threads were stopped: 0.0001522 seconds, Stopping threads took: 0.0000332 seconds
2017-06-12T19:45:05.683-0100: 83168.449: Total time for which application threads were stopped: 0.0001230 seconds, Stopping threads took: 0.0000277 seconds
2017-06-12T19:45:06.683-0100: 83169.449: Total time for which application threads were stopped: 0.0001631 seconds, Stopping threads took: 0.000032