Java HotSpot(TM) 64-Bit Server VM (25.131-b11) for bsd-amd64 JRE (1.8.0_131-b11), built on Mar 15 2017 01:32:22 by "java_re" with gcc 4.2.1 (Based on Apple Inc. build 5658) (LLVM build 2336.11.00)
Memory: 4k page, physical 16777216k(878084k free)

/proc/meminfo:

CommandLine flags: -XX:CMSInitiatingOccupancyFraction=50 -XX:CMSMaxAbortablePrecleanTime=6000 -XX:+CMSParallelRemarkEnabled -XX:+CMSScavengeBeforeRemark -XX:ConcGCThreads=4 -XX:GCLogFileSize=20971520 -XX:InitialHeapSize=536870912 -XX:MaxHeapSize=536870912 -XX:MaxTenuringThreshold=8 -XX:NewRatio=3 -XX:NumberOfGCLogFiles=9 -XX:OldPLABSize=16 -XX:-OmitStackTraceInFastThrow -XX:OnOutOfMemoryError=/Users/johannes.braun/dev/solr-6.3.0/bin/oom_solr.sh 8984 /Users/johannes.braun/dev/solr-6.3.0/server/logs -XX:ParallelGCThreads=4 -XX:+ParallelRefProcEnabled -XX:PretenureSizeThreshold=67108864 -XX:+PrintGC -XX:+PrintGCApplicationStoppedTime -XX:+PrintGCDateStamps -XX:+PrintGCDetails -XX:+PrintGCTimeStamps -XX:+PrintHeapAtGC -XX:+PrintTenuringDistribution -XX:SurvivorRatio=4 -XX:TargetSurvivorRatio=90 -XX:ThreadStackSize=256 -XX:+UseCMSInitiatingOccupancyOnly -XX:+UseCompressedClassPointers -XX:+UseCompressedOops -XX:+UseConcMarkSweepGC -XX:+UseGCLogFileRotation -XX:+UseParNewGC 
2017-06-01T11:30:38.860-0100: 0.139: Total time for which application threads were stopped: 0.0000696 seconds, Stopping threads took: 0.0000094 seconds
2017-06-01T11:30:38.926-0100: 0.205: Total time for which application threads were stopped: 0.0000914 seconds, Stopping threads took: 0.0000094 seconds
2017-06-01T11:30:39.191-0100: 0.471: Total time for which application threads were stopped: 0.0001477 seconds, Stopping threads took: 0.0000105 seconds
2017-06-01T11:30:39.247-0100: 0.526: Total time for which application threads were stopped: 0.0001929 seconds, Stopping threads took: 0.0000175 seconds
2017-06-01T11:30:39.260-0100: 0.539: Total time for which application threads were stopped: 0.0001946 seconds, Stopping threads took: 0.0000174 seconds
2017-06-01T11:30:39.399-0100: 0.678: Total time for which application threads were stopped: 0.0002414 seconds, Stopping threads took: 0.0000151 seconds
2017-06-01T11:30:39.630-0100: 0.910: Total time for which application threads were stopped: 0.0002242 seconds, Stopping threads took: 0.0000121 seconds
2017-06-01T11:30:39.631-0100: 0.910: Total time for which application threads were stopped: 0.0001344 seconds, Stopping threads took: 0.0000085 seconds
2017-06-01T11:30:39.633-0100: 0.913: Total time for which application threads were stopped: 0.0001625 seconds, Stopping threads took: 0.0000095 seconds
2017-06-01T11:30:39.639-0100: 0.919: Total time for which application threads were stopped: 0.0001981 seconds, Stopping threads took: 0.0000073 seconds
2017-06-01T11:30:39.687-0100: 0.966: Total time for which application threads were stopped: 0.0001886 seconds, Stopping threads took: 0.0000103 seconds
{Heap before GC invocations=0 (full 0):
 par new generation   total 109248K, used 87424K [0x00000007a0000000, 0x00000007a8000000, 0x00000007a8000000)
  eden space 87424K, 100% used [0x00000007a0000000, 0x00000007a5560000, 0x00000007a5560000)
  from space 21824K,   0% used [0x00000007a5560000, 0x00000007a5560000, 0x00000007a6ab0000)
  to   space 21824K,   0% used [0x00000007a6ab0000, 0x00000007a6ab0000, 0x00000007a8000000)
 concurrent mark-sweep generation total 393216K, used 0K [0x00000007a8000000, 0x00000007c0000000, 0x00000007c0000000)
 Metaspace       used 18703K, capacity 18992K, committed 19328K, reserved 1067008K
  class space    used 2172K, capacity 2328K, committed 2432K, reserved 1048576K
2017-06-01T11:30:40.355-0100: 1.634: [GC (Allocation Failure) 2017-06-01T11:30:40.355-0100: 1.634: [ParNew
Desired survivor size 20112992 bytes, new threshold 8 (max 8)
- age   1:   10756152 bytes,   10756152 total
: 87424K->10610K(109248K), 0.0122048 secs] 87424K->10610K(502464K), 0.0123027 secs] [Times: user=0.03 sys=0.01, real=0.01 secs] 
Heap after GC invocations=1 (full 0):
 par new generation   total 109248K, used 10610K [0x00000007a0000000, 0x00000007a8000000, 0x00000007a8000000)
  eden space 87424K,   0% used [0x00000007a0000000, 0x00000007a0000000, 0x00000007a5560000)
  from space 21824K,  48% used [0x00000007a6ab0000, 0x00000007a750c938, 0x00000007a8000000)
  to   space 21824K,   0% used [0x00000007a5560000, 0x00000007a5560000, 0x00000007a6ab0000)
 concurrent mark-sweep generation total 393216K, used 0K [0x00000007a8000000, 0x00000007c0000000, 0x00000007c0000000)
 Metaspace       used 18703K, capacity 18992K, committed 19328K, reserved 1067008K
  class space    used 2172K, capacity 2328K, committed 2432K, reserved 1048576K
}
2017-06-01T11:30:40.367-0100: 1.646: Total time for which application threads were stopped: 0.0125235 seconds, Stopping threads took: 0.0000319 seconds
2017-06-01T11:30:40.395-0100: 1.674: Total time for which application threads were stopped: 0.0002811 seconds, Stopping threads took: 0.0000155 seconds
2017-06-01T11:30:40.444-0100: 1.723: Total time for which application threads were stopped: 0.0003036 seconds, Stopping threads took: 0.0000163 seconds
2017-06-01T11:30:41.007-0100: 2.286: Total time for which application threads were stopped: 0.0002279 seconds, Stopping threads took: 0.0000122 seconds
2017-06-01T11:30:41.212-0100: 2.491: Total time for which application threads were stopped: 0.0004372 seconds, Stopping threads took: 0.0000285 seconds
2017-06-01T11:30:42.831-0100: 4.111: Total time for which application threads were stopped: 0.0002460 seconds, Stopping threads took: 0.0000222 seconds
2017-06-01T11:30:43.762-0100: 5.041: Total time for which application threads were stopped: 0.0000881 seconds, Stopping threads took: 0.0000269 seconds
2017-06-01T11:30:43.762-0100: 5.041: Total time for which application threads were stopped: 0.0000516 seconds, Stopping threads took: 0.0000099 seconds
2017-06-01T11:30:43.762-0100: 5.041: Total time for which application threads were stopped: 0.0000323 seconds, Stopping threads took: 0.0000040 seconds
2017-06-01T11:30:43.762-0100: 5.041: Total time for which application threads were stopped: 0.0000357 seconds, Stopping threads took: 0.0000056 seconds
2017-06-01T11:30:43.762-0100: 5.041: Total time for which application threads were stopped: 0.0000320 seconds, Stopping threads took: 0.0000047 seconds
2017-06-01T11:30:43.769-0100: 5.048: Total time for which application threads were stopped: 0.0001108 seconds, Stopping threads took: 0.0000370 seconds
2017-06-01T11:30:43.769-0100: 5.048: Total time for which application threads were stopped: 0.0000755 seconds, Stopping threads took: 0.0000231 seconds
2017-06-01T11:30:43.769-0100: 5.048: Total time for which application threads were stopped: 0.0000714 seconds, Stopping threads took: 0.0000269 seconds
2017-06-01T11:30:43.769-0100: 5.048: Total time for which application threads were stopped: 0.0000746 seconds, Stopping threads took: 0.0000264 seconds
2017-06-01T11:30:43.769-0100: 5.048: Total time for which application threads were stopped: 0.0000862 seconds, Stopping threads took: 0.0000443 seconds
2017-06-01T11:30:45.772-0100: 7.051: Total time for which application threads were stopped: 0.0000834 seconds, Stopping threads took: 0.0000242 seconds
2017-06-01T11:30:46.039-0100: 7.318: Total time for which application threads were stopped: 0.0000820 seconds, Stopping threads took: 0.0000201 seconds
2017-06-01T11:30:46.039-0100: 7.318: Total time for which application threads were stopped: 0.0000898 seconds, Stopping threads took: 0.0000282 seconds
2017-06-01T11:30:46.039-0100: 7.318: Total time for which application threads were stopped: 0.0000705 seconds, Stopping threads took: 0.0000254 seconds
2017-06-01T11:30:46.039-0100: 7.318: Total time for which application threads were stopped: 0.0000824 seconds, Stopping threads took: 0.0000310 seconds
2017-06-01T11:30:46.039-0100: 7.319: Total time for which application threads were stopped: 0.0000653 seconds, Stopping threads took: 0.0000244 seconds
2017-06-01T11:30:46.048-0100: 7.327: Total time for which application threads were stopped: 0.0001112 seconds, Stopping threads took: 0.0000359 seconds
2017-06-01T11:30:46.048-0100: 7.327: Total time for which application threads were stopped: 0.0000645 seconds, Stopping threads took: 0.0000200 seconds
2017-06-01T11:30:46.048-0100: 7.327: Total time for which application threads were stopped: 0.0000468 seconds, Stopping threads took: 0.0000093 seconds
2017-06-01T11:30:46.048-0100: 7.327: Total time for which application threads were stopped: 0.0000690 seconds, Stopping threads took: 0.0000291 seconds
2017-06-01T11:30:46.048-0100: 7.327: Total time for which application threads were stopped: 0.0000690 seconds, Stopping threads took: 0.0000200 seconds
2017-06-01T11:30:47.701-0100: 8.981: Total time for which application threads were stopped: 0.0001571 seconds, Stopping threads took: 0.0000414 seconds
2017-06-01T11:30:47.702-0100: 8.981: Total time for which application threads were stopped: 0.0001229 seconds, Stopping threads took: 0.0000257 seconds
2017-06-01T11:30:47.702-0100: 8.981: Total time for which application threads were stopped: 0.0000811 seconds, Stopping threads took: 0.0000291 seconds
2017-06-01T11:30:47.702-0100: 8.981: Total time for which application threads were stopped: 0.0000624 seconds, Stopping threads took: 0.0000095 seconds
2017-06-01T11:30:47.702-0100: 8.981: Total time for which application threads were stopped: 0.0000639 seconds, Stopping threads took: 0.0000091 seconds
2017-06-01T11:30:47.710-0100: 8.989: Total time for which application threads were stopped: 0.0000829 seconds, Stopping threads took: 0.0000274 seconds
2017-06-01T11:30:47.710-0100: 8.989: Total time for which application threads were stopped: 0.0000898 seconds, Stopping threads took: 0.0000082 seconds
2017-06-01T11:30:47.710-0100: 8.989: Total time for which application threads were stopped: 0.0000339 seconds, Stopping threads took: 0.0000072 seconds
2017-06-01T11:30:47.710-0100: 8.990: Total time for which application threads were stopped: 0.0000520 seconds, Stopping threads took: 0.0000090 seconds
2017-06-01T11:30:47.710-0100: 8.990: Total time for which application threads were stopped: 0.0000392 seconds, Stopping threads took: 0.0000066 seconds
2017-06-01T11:30:47.719-0100: 8.998: Total time for which application threads were stopped: 0.0001466 seconds, Stopping threads took: 0.0000627 seconds
2017-06-01T11:30:47.719-0100: 8.998: Total time for which application threads were stopped: 0.0000635 seconds, Stopping threads took: 0.0000121 seconds
2017-06-01T11:30:47.719-0100: 8.998: Total time for which application threads were stopped: 0.0001017 seconds, Stopping threads took: 0.0000082 seconds
2017-06-01T11:30:47.719-0100: 8.998: Total time for which application threads were stopped: 0.0000608 seconds, Stopping threads took: 0.0000078 seconds
2017-06-01T11:30:47.727-0100: 9.006: Total time for which application threads were stopped: 0.0000614 seconds, Stopping threads took: 0.0000176 seconds
2017-06-01T11:30:47.727-0100: 9.006: Total time for which application threads were stopped: 0.0000426 seconds, Stopping threads took: 0.0000071 seconds
2017-06-01T11:30:47.727-0100: 9.006: Total time for which application threads were stopped: 0.0000267 seconds, Stopping threads took: 0.0000050 seconds
2017-06-01T11:30:47.727-0100: 9.006: Total time for which application threads were stopped: 0.0000411 seconds, Stopping threads took: 0.0000076 seconds
2017-06-01T11:30:47.727-0100: 9.006: Total time for which application threads were stopped: 0.0000456 seconds, Stopping threads took: 0.0000078 seconds
2017-06-01T11:30:56.563-0100: 17.842: Total time for which application threads were stopped: 0.0000695 seconds, Stopping threads took: 0.0000140 seconds
2017-06-01T11:30:56.563-0100: 17.842: Total time for which application threads were stopped: 0.0000537 seconds, Stopping threads took: 0.0000219 seconds
2017-06-01T11:30:56.584-0100: 17.863: Total time for which application threads were stopped: 0.0000748 seconds, Stopping threads took: 0.0000268 seconds
2017-06-01T11:30:56.584-0100: 17.863: Total time for which application threads were stopped: 0.0000748 seconds, Stopping threads took: 0.0000245 seconds
2017-06-01T11:30:56.584-0100: 17.863: Total time for which application threads were stopped: 0.0000371 seconds, Stopping threads took: 0.0000064 seconds
2017-06-01T11:30:56.584-0100: 17.863: Total time for which application threads were stopped: 0.0000534 seconds, Stopping threads took: 0.0000206 seconds
2017-06-01T11:30:56.584-0100: 17.863: Total time for which application threads were stopped: 0.0000440 seconds, Stopping threads took: 0.0000193 seconds
2017-06-01T11:30:56.590-0100: 17.869: Total time for which application threads were stopped: 0.0000492 seconds, Stopping threads took: 0.0000133 seconds
2017-06-01T11:30:56.590-0100: 17.869: Total time for which application threads were stopped: 0.0000242 seconds, Stopping threads took: 0.0000056 seconds
2017-06-01T11:30:56.590-0100: 17.869: Total time for which application threads were stopped: 0.0000299 seconds, Stopping threads took: 0.0000054 seconds
2017-06-01T11:30:56.590-0100: 17.869: Total time for which application threads were stopped: 0.0000466 seconds, Stopping threads took: 0.0000073 seconds
2017-06-01T11:30:56.590-0100: 17.869: Total time for which application threads were stopped: 0.0000314 seconds, Stopping threads took: 0.0000133 seconds
2017-06-01T11:30:56.610-0100: 17.889: Total time for which application threads were stopped: 0.0000960 seconds, Stopping threads took: 0.0000559 seconds
2017-06-01T11:30:56.610-0100: 17.889: Total time for which application threads were stopped: 0.0000483 seconds, Stopping threads took: 0.0000169 seconds
2017-06-01T11:30:56.615-0100: 17.894: Total time for which application threads were stopped: 0.0000691 seconds, Stopping threads took: 0.0000140 seconds
2017-06-01T11:30:56.615-0100: 17.894: Total time for which application threads were stopped: 0.0000273 seconds, Stopping threads took: 0.0000031 seconds
2017-06-01T11:30:56.615-0100: 17.895: Total time for which application threads were stopped: 0.0000324 seconds, Stopping threads took: 0.0000051 seconds
2017-06-01T11:30:56.615-0100: 17.895: Total time for which application threads were stopped: 0.0000234 seconds, Stopping threads took: 0.0000029 seconds
2017-06-01T11:30:56.616-0100: 17.895: Total time for which application threads were stopped: 0.0000225 seconds, Stopping threads took: 0.0000028 seconds
2017-06-01T11:30:56.623-0100: 17.902: Total time for which application threads were stopped: 0.0000630 seconds, Stopping threads took: 0.0000161 seconds
2017-06-01T11:30:56.623-0100: 17.902: Total time for which application threads were stopped: 0.0000419 seconds, Stopping threads took: 0.0000075 seconds
2017-06-01T11:30:56.623-0100: 17.902: Total time for which application threads were stopped: 0.0000376 seconds, Stopping threads took: 0.0000070 seconds
2017-06-01T11:30:56.623-0100: 17.902: Total time for which application threads were stopped: 0.0000342 seconds, Stopping threads took: 0.0000060 seconds
2017-06-01T11:30:56.623-0100: 17.902: Total time for which application threads were stopped: 0.0000318 seconds, Stopping threads took: 0.0000058 seconds
2017-06-01T11:30:56.624-0100: 17.903: Total time for which application threads were stopped: 0.0000851 seconds, Stopping threads took: 0.0000079 seconds
2017-06-01T11:30:56.681-0100: 17.961: Total time for which application threads were stopped: 0.0000723 seconds, Stopping threads took: 0.0000141 seconds
2017-06-01T11:30:56.687-0100: 17.966: Total time for which application threads were stopped: 0.0002572 seconds, Stopping threads took: 0.0000132 seconds
2017-06-01T11:30:56.735-0100: 18.014: Total time for which application threads were stopped: 0.0000957 seconds, Stopping threads took: 0.0000129 seconds
2017-06-01T11:30:56.816-0100: 18.095: Total time for which application threads were stopped: 0.0000815 seconds, Stopping threads took: 0.0000114 seconds
2017-06-01T11:30:56.835-0100: 18.114: Total time for which application threads were stopped: 0.0000700 seconds, Stopping threads took: 0.0000135 seconds
2017-06-01T11:30:56.863-0100: 18.142: Total time for which application threads were stopped: 0.0000855 seconds, Stopping threads took: 0.0000173 seconds
2017-06-01T11:30:56.919-0100: 18.198: Total time for which application threads were stopped: 0.0001537 seconds, Stopping threads took: 0.0000562 seconds
2017-06-01T11:30:56.966-0100: 18.245: Total time for which application threads were stopped: 0.0000801 seconds, Stopping threads took: 0.0000158 seconds
2017-06-01T11:30:56.985-0100: 18.264: Total time for which application threads were stopped: 0.0003049 seconds, Stopping threads took: 0.0000718 seconds
2017-06-01T11:30:57.006-0100: 18.285: Total time for which application threads were stopped: 0.0002993 seconds, Stopping threads took: 0.0000286 seconds
2017-06-01T11:30:57.026-0100: 18.305: Total time for which application threads were stopped: 0.0000970 seconds, Stopping threads took: 0.0000186 seconds
2017-06-01T11:30:57.071-0100: 18.350: Total time for which application threads were stopped: 0.0001215 seconds, Stopping threads took: 0.0000308 seconds
2017-06-01T11:30:57.076-0100: 18.355: Total time for which application threads were stopped: 0.0002775 seconds, Stopping threads took: 0.0000113 seconds
{Heap before GC invocations=1 (full 0):
 par new generation   total 109248K, used 98003K [0x00000007a0000000, 0x00000007a8000000, 0x00000007a8000000)
  eden space 87424K,  99% used [0x00000007a0000000, 0x00000007a55585c0, 0x00000007a5560000)
  from space 21824K,  48% used [0x00000007a6ab0000, 0x00000007a750c938, 0x00000007a8000000)
  to   space 21824K,   0% used [0x00000007a5560000, 0x00000007a5560000, 0x00000007a6ab0000)
 concurrent mark-sweep generation total 393216K, used 0K [0x00000007a8000000, 0x00000007c0000000, 0x00000007c0000000)
 Metaspace       used 23696K, capacity 24102K, committed 24284K, reserved 1071104K
  class space    used 2804K, capacity 2947K, committed 2968K, reserved 1048576K
2017-06-01T11:30:57.117-0100: 18.396: [GC (Allocation Failure) 2017-06-01T11:30:57.117-0100: 18.396: [ParNew
Desired survivor size 20112992 bytes, new threshold 8 (max 8)
- age   1:    6415576 bytes,    6415576 total
- age   2:    5199808 bytes,   11615384 total
: 98003K->15078K(109248K), 0.0110022 secs] 98003K->15078K(502464K), 0.0110765 secs] [Times: user=0.04 sys=0.01, real=0.01 secs] 
Heap after GC invocations=2 (full 0):
 par new generation   total 109248K, used 15078K [0x00000007a0000000, 0x00000007a8000000, 0x00000007a8000000)
  eden space 87424K,   0% used [0x00000007a0000000, 0x00000007a0000000, 0x00000007a5560000)
  from space 21824K,  69% used [0x00000007a5560000, 0x00000007a6419b78, 0x00000007a6ab0000)
  to   space 21824K,   0% used [0x00000007a6ab0000, 0x00000007a6ab0000, 0x00000007a8000000)
 concurrent mark-sweep generation total 393216K, used 0K [0x00000007a8000000, 0x00000007c0000000, 0x00000007c0000000)
 Metaspace       used 23696K, capacity 24102K, committed 24284K, reserved 1071104K
  class space    used 2804K, capacity 2947K, committed 2968K, reserved 1048576K
}
2017-06-01T11:30:57.128-0100: 18.407: Total time for which application threads were stopped: 0.0112134 seconds, Stopping threads took: 0.0000166 seconds
2017-06-01T11:30:57.128-0100: 18.407: [GC (CMS Initial Mark) [1 CMS-initial-mark: 0K(393216K)] 16127K(502464K), 0.0019915 secs] [Times: user=0.01 sys=0.00, real=0.01 secs] 
2017-06-01T11:30:57.130-0100: 18.409: Total time for which application threads were stopped: 0.0020936 seconds, Stopping threads took: 0.0000412 seconds
2017-06-01T11:30:57.130-0100: 18.409: [CMS-concurrent-mark-start]
2017-06-01T11:30:57.131-0100: 18.410: [CMS-concurrent-mark: 0.001/0.001 secs] [Times: user=0.01 sys=0.00, real=0.00 secs] 
2017-06-01T11:30:57.131-0100: 18.410: Total time for which application threads were stopped: 0.0001245 seconds, Stopping threads took: 0.0000609 seconds
2017-06-01T11:30:57.131-0100: 18.410: [CMS-concurrent-preclean-start]
2017-06-01T11:30:57.132-0100: 18.411: [CMS-concurrent-preclean: 0.001/0.001 secs] [Times: user=0.00 sys=0.00, real=0.00 secs] 
2017-06-01T11:30:57.132-0100: 18.411: [CMS-concurrent-abortable-preclean-start]
2017-06-01T11:30:57.166-0100: 18.445: Total time for which application threads were stopped: 0.0001084 seconds, Stopping threads took: 0.0000150 seconds
2017-06-01T11:30:57.227-0100: 18.506: Total time for which application threads were stopped: 0.0000946 seconds, Stopping threads took: 0.0000118 seconds
2017-06-01T11:30:57.237-0100: 18.516: Total time for which application threads were stopped: 0.0000700 seconds, Stopping threads took: 0.0000104 seconds
2017-06-01T11:30:57.262-0100: 18.541: Total time for which application threads were stopped: 0.0001118 seconds, Stopping threads took: 0.0000409 seconds
2017-06-01T11:30:57.262-0100: 18.541: [CMS-concurrent-abortable-preclean: 0.052/0.130 secs] [Times: user=0.41 sys=0.01, real=0.13 secs] 
2017-06-01T11:30:57.262-0100: 18.541: [GC (CMS Final Remark) [YG occupancy: 81600 K (109248 K)]{Heap before GC invocations=2 (full 1):
 par new generation   total 109248K, used 81600K [0x00000007a0000000, 0x00000007a8000000, 0x00000007a8000000)
  eden space 87424K,  76% used [0x00000007a0000000, 0x00000007a40f65a8, 0x00000007a5560000)
  from space 21824K,  69% used [0x00000007a5560000, 0x00000007a6419b78, 0x00000007a6ab0000)
  to   space 21824K,   0% used [0x00000007a6ab0000, 0x00000007a6ab0000, 0x00000007a8000000)
 concurrent mark-sweep generation total 393216K, used 0K [0x00000007a8000000, 0x00000007c0000000, 0x00000007c0000000)
 Metaspace       used 24557K, capacity 24946K, committed 25204K, reserved 1071104K
  class space    used 2917K, capacity 3077K, committed 3172K, reserved 1048576K
2017-06-01T11:30:57.262-0100: 18.541: [GC (CMS Final Remark) 2017-06-01T11:30:57.262-0100: 18.541: [ParNew
Desired survivor size 20112992 bytes, new threshold 8 (max 8)
- age   1:    1060856 bytes,    1060856 total
- age   2:    2588608 bytes,    3649464 total
- age   3:    5190232 bytes,    8839696 total
: 81600K->11858K(109248K), 0.0058841 secs] 81600K->11858K(502464K), 0.0059202 secs] [Times: user=0.01 sys=0.01, real=0.00 secs] 
Heap after GC invocations=3 (full 1):
 par new generation   total 109248K, used 11858K [0x00000007a0000000, 0x00000007a8000000, 0x00000007a8000000)
  eden space 87424K,   0% used [0x00000007a0000000, 0x00000007a0000000, 0x00000007a5560000)
  from space 21824K,  54% used [0x00000007a6ab0000, 0x00000007a7644800, 0x00000007a8000000)
  to   space 21824K,   0% used [0x00000007a5560000, 0x00000007a5560000, 0x00000007a6ab0000)
 concurrent mark-sweep generation total 393216K, used 0K [0x00000007a8000000, 0x00000007c0000000, 0x00000007c0000000)
 Metaspace       used 24557K, capacity 24946K, committed 25204K, reserved 1071104K
  class space    used 2917K, capacity 3077K, committed 3172K, reserved 1048576K
}
2017-06-01T11:30:57.268-0100: 18.547: [Rescan (parallel) , 0.0017671 secs]2017-06-01T11:30:57.270-0100: 18.549: [weak refs processing, 0.0011820 secs]2017-06-01T11:30:57.271-0100: 18.550: [class unloading, 0.0028554 secs]2017-06-01T11:30:57.274-0100: 18.553: [scrub symbol table, 0.0026109 secs]2017-06-01T11:30:57.277-0100: 18.556: [scrub string table, 0.0002968 secs][1 CMS-remark: 0K(393216K)] 11858K(502464K), 0.0154240 secs] [Times: user=0.03 sys=0.01, real=0.01 secs] 
2017-06-01T11:30:57.277-0100: 18.557: Total time for which application threads were stopped: 0.0155385 seconds, Stopping threads took: 0.0000531 seconds
2017-06-01T11:30:57.278-0100: 18.557: [CMS-concurrent-sweep-start]
2017-06-01T11:30:57.278-0100: 18.557: [CMS-concurrent-sweep: 0.000/0.000 secs] [Times: user=0.00 sys=0.00, real=0.00 secs] 
2017-06-01T11:30:57.278-0100: 18.557: [CMS-concurrent-reset-start]
2017-06-01T11:30:57.278-0100: 18.558: Total time for which application threads were stopped: 0.0001633 seconds, Stopping threads took: 0.0000859 seconds
2017-06-01T11:30:57.281-0100: 18.560: [CMS-concurrent-reset: 0.003/0.003 secs] [Times: user=0.01 sys=0.00, real=0.01 secs] 
2017-06-01T11:30:57.382-0100: 18.661: Total time for which application threads were stopped: 0.0000837 seconds, Stopping threads took: 0.0000203 seconds
2017-06-01T11:30:57.386-0100: 18.665: Total time for which application threads were stopped: 0.0000828 seconds, Stopping threads took: 0.0000139 seconds
2017-06-01T11:30:57.389-0100: 18.668: Total time for which application threads were stopped: 0.0000513 seconds, Stopping threads took: 0.0000085 seconds
2017-06-01T11:30:57.389-0100: 18.668: Total time for which application threads were stopped: 0.0000410 seconds, Stopping threads took: 0.0000061 seconds
2017-06-01T11:30:57.390-0100: 18.669: Total time for which application threads were stopped: 0.0000579 seconds, Stopping threads took: 0.0000235 seconds
2017-06-01T11:30:57.456-0100: 18.735: Total time for which application threads were stopped: 0.0003820 seconds, Stopping threads took: 0.0000139 seconds
{Heap before GC invocations=3 (full 1):
 par new generation   total 109248K, used 99282K [0x00000007a0000000, 0x00000007a8000000, 0x00000007a8000000)
  eden space 87424K, 100% used [0x00000007a0000000, 0x00000007a5560000, 0x00000007a5560000)
  from space 21824K,  54% used [0x00000007a6ab0000, 0x00000007a7644800, 0x00000007a8000000)
  to   space 21824K,   0% used [0x00000007a5560000, 0x00000007a5560000, 0x00000007a6ab0000)
 concurrent mark-sweep generation total 393216K, used 0K [0x00000007a8000000, 0x00000007c0000000, 0x00000007c0000000)
 Metaspace       used 26165K, capacity 26548K, committed 26820K, reserved 1073152K
  class space    used 3106K, capacity 3246K, committed 3300K, reserved 1048576K
2017-06-01T11:30:57.520-0100: 18.799: [GC (Allocation Failure) 2017-06-01T11:30:57.520-0100: 18.799: [ParNew
Desired survivor size 20112992 bytes, new threshold 8 (max 8)
- age   1:    2197656 bytes,    2197656 total
- age   2:     285424 bytes,    2483080 total
- age   3:    1873000 bytes,    4356080 total
- age   4:    5186352 bytes,    9542432 total
: 99282K->11797K(109248K), 0.0079215 secs] 99282K->11797K(502464K), 0.0079889 secs] [Times: user=0.03 sys=0.00, real=0.00 secs] 
Heap after GC invocations=4 (full 1):
 par new generation   total 109248K, used 11797K [0x00000007a0000000, 0x00000007a8000000, 0x00000007a8000000)
  eden space 87424K,   0% used [0x00000007a0000000, 0x00000007a0000000, 0x00000007a5560000)
  from space 21824K,  54% used [0x00000007a5560000, 0x00000007a60e56a0, 0x00000007a6ab0000)
  to   space 21824K,   0% used [0x00000007a6ab0000, 0x00000007a6ab0000, 0x00000007a8000000)
 concurrent mark-sweep generation total 393216K, used 0K [0x00000007a8000000, 0x00000007c0000000, 0x00000007c0000000)
 Metaspace       used 26165K, capacity 26548K, committed 26820K, reserved 1073152K
  class space    used 3106K, capacity 3246K, committed 3300K, reserved 1048576K
}
2017-06-01T11:30:57.528-0100: 18.807: Total time for which application threads were stopped: 0.0081786 seconds, Stopping threads took: 0.0000178 seconds
2017-06-01T11:30:57.562-0100: 18.842: Total time for which application threads were stopped: 0.0003105 seconds, Stopping threads took: 0.0000135 seconds
2017-06-01T11:30:57.571-0100: 18.850: Total time for which application threads were stopped: 0.0003033 seconds, Stopping threads took: 0.0000128 seconds
2017-06-01T11:30:57.636-0100: 18.915: Total time for which application threads were stopped: 0.0000892 seconds, Stopping threads took: 0.0000149 seconds
2017-06-01T11:30:57.636-0100: 18.915: Total time for which application threads were stopped: 0.0000726 seconds, Stopping threads took: 0.0000216 seconds
2017-06-01T11:30:57.915-0100: 19.194: Total time for which application threads were stopped: 0.0001448 seconds, Stopping threads took: 0.0000139 seconds
2017-06-01T11:30:57.955-0100: 19.234: Total time for which application threads were stopped: 0.0003615 seconds, Stopping threads took: 0.0000154 seconds
2017-06-01T11:30:58.014-0100: 19.293: Total time for which application threads were stopped: 0.0001301 seconds, Stopping threads took: 0.0000565 seconds
2017-06-01T11:30:58.015-0100: 19.294: Total time for which application threads were stopped: 0.0000907 seconds, Stopping threads took: 0.0000493 seconds
2017-06-01T11:30:58.015-0100: 19.294: Total time for which application threads were stopped: 0.0000919 seconds, Stopping threads took: 0.0000606 seconds
2017-06-01T11:30:59.020-0100: 20.299: Total time for which application threads were stopped: 0.0001130 seconds, Stopping threads took: 0.0000318 seconds
2017-06-01T11:31:00.020-0100: 21.299: Total time for which application threads were stopped: 0.0000816 seconds, Stopping threads took: 0.0000255 seconds
2017-06-01T11:31:00.283-0100: 21.562: Total time for which application threads were stopped: 0.0001024 seconds, Stopping threads took: 0.0000383 seconds
2017-06-01T11:31:00.290-0100: 21.569: Total time for which application threads were stopped: 0.0000859 seconds, Stopping threads took: 0.0000266 seconds
2017-06-01T11:31:00.290-0100: 21.569: Total time for which application threads were stopped: 0.0000667 seconds, Stopping threads took: 0.0000191 seconds
2017-06-01T11:31:00.297-0100: 21.576: Total time for which application threads were stopped: 0.0000841 seconds, Stopping threads took: 0.0000353 seconds
2017-06-01T11:31:00.297-0100: 21.576: Total time for which application threads were stopped: 0.0000671 seconds, Stopping threads took: 0.0000319 seconds
2017-06-01T11:31:00.299-0100: 21.578: Total time for which application threads were stopped: 0.0000670 seconds, Stopping threads took: 0.0000166 seconds
2017-06-01T11:31:00.299-0100: 21.578: Total time for which application threads were stopped: 0.0000340 seconds, Stopping threads took: 0.0000073 seconds
2017-06-01T11:31:00.299-0100: 21.578: Total time for which application threads were stopped: 0.0000287 seconds, Stopping threads took: 0.0000061 seconds
2017-06-01T11:31:00.299-0100: 21.578: Total time for which application threads were stopped: 0.0000397 seconds, Stopping threads took: 0.0000091 seconds
2017-06-01T11:31:00.299-0100: 21.578: Total time for which application threads were stopped: 0.0000304 seconds, Stopping threads took: 0.0000066 seconds
2017-06-01T11:31:00.300-0100: 21.579: Total time for which application threads were stopped: 0.0000753 seconds, Stopping threads took: 0.0000202 seconds
2017-06-01T11:31:00.300-0100: 21.579: Total time for which application threads were stopped: 0.0000539 seconds, Stopping threads took: 0.0000261 seconds
2017-06-01T11:31:00.300-0100: 21.579: Total time for which application threads were stopped: 0.0000474 seconds, Stopping threads took: 0.0000221 seconds
2017-06-01T11:31:00.300-0100: 21.579: Total time for which application threads were stopped: 0.0000482 seconds, Stopping threads took: 0.0000170 seconds
2017-06-01T11:31:00.300-0100: 21.579: Total time for which application threads were stopped: 0.0000896 seconds, Stopping threads took: 0.0000554 seconds
2017-06-01T11:31:00.300-0100: 21.579: Total time for which application threads were stopped: 0.0000388 seconds, Stopping threads took: 0.0000084 seconds
2017-06-01T11:31:00.300-0100: 21.579: Total time for which application threads were stopped: 0.0000323 seconds, Stopping threads took: 0.0000068 seconds
2017-06-01T11:31:00.300-0100: 21.579: Total time for which application threads were stopped: 0.0000293 seconds, Stopping threads took: 0.0000064 seconds
2017-06-01T11:31:00.301-0100: 21.580: Total time for which application threads were stopped: 0.0000444 seconds, Stopping threads took: 0.0000090 seconds
2017-06-01T11:31:00.301-0100: 21.580: Total time for which application threads were stopped: 0.0000332 seconds, Stopping threads took: 0.0000072 seconds
2017-06-01T11:31:00.301-0100: 21.580: Total time for which application threads were stopped: 0.0000404 seconds, Stopping threads took: 0.0000085 seconds
2017-06-01T11:31:00.306-0100: 21.585: Total time for which application threads were stopped: 0.0000922 seconds, Stopping threads took: 0.0000335 seconds
2017-06-01T11:31:00.306-0100: 21.585: Total time for which application threads were stopped: 0.0000665 seconds, Stopping threads took: 0.0000191 seconds
2017-06-01T11:31:00.314-0100: 21.593: Total time for which application threads were stopped: 0.0000707 seconds, Stopping threads took: 0.0000180 seconds
2017-06-01T11:31:00.314-0100: 21.593: Total time for which application threads were stopped: 0.0000507 seconds, Stopping threads took: 0.0000110 seconds
2017-06-01T11:31:01.316-0100: 22.595: Total time for which application threads were stopped: 0.0000695 seconds, Stopping threads took: 0.0000204 seconds
2017-06-01T11:31:02.347-0100: 23.626: Total time for which application threads were stopped: 0.0001114 seconds, Stopping threads took: 0.0000337 seconds
2017-06-01T11:31:02.348-0100: 23.627: Total time for which application threads were stopped: 0.0003999 seconds, Stopping threads took: 0.0002889 seconds
2017-06-01T11:31:02.354-0100: 23.633: Total time for which application threads were stopped: 0.0001249 seconds, Stopping threads took: 0.0000415 seconds
2017-06-01T11:31:02.355-0100: 23.634: Total time for which application threads were stopped: 0.0001149 seconds, Stopping threads took: 0.0000371 seconds
2017-06-01T11:31:02.356-0100: 23.635: Total time for which application threads were stopped: 0.0001283 seconds, Stopping threads took: 0.0000750 seconds
2017-06-01T11:31:02.356-0100: 23.635: Total time for which application threads were stopped: 0.0001055 seconds, Stopping threads took: 0.0000407 seconds
2017-06-01T11:31:02.356-0100: 23.635: Total time for which application threads were stopped: 0.0001002 seconds, Stopping threads took: 0.0000346 seconds
2017-06-01T11:31:02.357-0100: 23.636: Total time for which application threads were stopped: 0.0001318 seconds, Stopping threads took: 0.0000557 seconds
2017-06-01T11:31:02.357-0100: 23.636: Total time for which application threads were stopped: 0.0001693 seconds, Stopping threads took: 0.0000807 seconds
2017-06-01T11:31:02.358-0100: 23.637: Total time for which application threads were stopped: 0.0001439 seconds, Stopping threads took: 0.0000950 seconds
2017-06-01T11:31:02.358-0100: 23.637: Total time for which application threads were stopped: 0.0001024 seconds, Stopping threads took: 0.0000609 seconds
2017-06-01T11:31:02.358-0100: 23.637: Total time for which application threads were stopped: 0.0001050 seconds, Stopping threads took: 0.0000620 seconds
2017-06-01T11:31:02.358-0100: 23.637: Total time for which application threads were stopped: 0.0001147 seconds, Stopping threads took: 0.0000739 seconds
2017-06-01T11:31:02.358-0100: 23.637: Total time for which application threads were stopped: 0.0001231 seconds, Stopping threads took: 0.0000648 seconds
2017-06-01T11:31:02.358-0100: 23.637: Total time for which application threads were stopped: 0.0001269 seconds, Stopping threads took: 0.0000785 seconds
2017-06-01T11:31:02.358-0100: 23.637: Total time for which application threads were stopped: 0.0001016 seconds, Stopping threads took: 0.0000235 seconds
2017-06-01T11:31:02.359-0100: 23.638: Total time for which application threads were stopped: 0.0002420 seconds, Stopping threads took: 0.0000379 seconds
2017-06-01T11:31:02.359-0100: 23.638: Total time for which application threads were stopped: 0.0001267 seconds, Stopping threads took: 0.0000262 seconds
2017-06-01T11:31:02.361-0100: 23.640: Total time for which application threads were stopped: 0.0001162 seconds, Stopping threads took: 0.0000215 seconds
2017-06-01T11:31:02.361-0100: 23.640: Total time for which application threads were stopped: 0.0001857 seconds, Stopping threads took: 0.0001127 seconds
2017-06-01T11:31:02.367-0100: 23.646: Total time for which application threads were stopped: 0.0001142 seconds, Stopping threads took: 0.0000429 seconds
2017-06-01T11:31:02.367-0100: 23.646: Total time for which application threads were stopped: 0.0000693 seconds, Stopping threads took: 0.0000238 seconds
2017-06-01T11:31:02.371-0100: 23.650: Total time for which application threads were stopped: 0.0001100 seconds, Stopping threads took: 0.0000327 seconds
2017-06-01T11:31:02.371-0100: 23.650: Total time for which application threads were stopped: 0.0001106 seconds, Stopping threads took: 0.0000587 seconds
2017-06-01T11:31:02.378-0100: 23.657: Total time for which application threads were stopped: 0.0001607 seconds, Stopping threads took: 0.0000198 seconds
2017-06-01T11:31:02.378-0100: 23.657: Total time for which application threads were stopped: 0.0001610 seconds, Stopping threads took: 0.0000256 seconds
2017-06-01T11:31:02.379-0100: 23.658: Total time for which application threads were stopped: 0.0001445 seconds, Stopping threads took: 0.0000129 seconds
2017-06-01T11:32:02.382-0100: 83.660: Total time for which application threads were stopped: 0.0001934 seconds, Stopping threads took: 0.0000544 seconds
2017-06-01T11:41:55.770-0100: 677.045: Total time for which application threads were stopped: 0.0001127 seconds, Stopping threads took: 0.0000602 seconds
2017-06-01T11:43:05.941-0100: 747.216: Total time for which application threads were stopped: 0.0001330 seconds, Stopping threads took: 0.0000388 seconds
2017-06-01T11:50:53.149-0100: 1214.420: Total time for which application threads were stopped: 0.0000912 seconds, Stopping threads took: 0.0000279 seconds
2017-06-01T11:54:27.801-0100: 1429.070: Total time for which application threads were stopped: 0.0001072 seconds, Stopping threads took: 0.0000467 seconds
2017-06-01T11:54:28.318-0100: 1429.588: Total time for which application threads were stopped: 0.0001301 seconds, Stopping threads took: 0.0000367 seconds
2017-06-01T11:54:28.328-0100: 1429.598: Total time for which application threads were stopped: 0.0001116 seconds, Stopping threads took: 0.0000418 seconds
2017-06-01T11:54:28.328-0100: 1429.598: Total time for which application threads were stopped: 0.0000954 seconds, Stopping threads took: 0.0000448 seconds
2017-06-01T11:54:28.339-0100: 1429.608: Total time for which application threads were stopped: 0.0001111 seconds, Stopping threads took: 0.0000328 seconds
2017-06-01T11:54:28.339-0100: 1429.608: Total time for which application threads were stopped: 0.0000759 seconds, Stopping threads took: 0.0000076 seconds
2017-06-01T11:54:29.342-0100: 1430.612: Total time for which application threads were stopped: 0.0000888 seconds, Stopping threads took: 0.0000332 seconds
2017-06-01T11:54:31.016-0100: 1432.286: Total time for which application threads were stopped: 0.0001994 seconds, Stopping threads took: 0.0000464 seconds
2017-06-01T11:54:31.016-0100: 1432.286: Total time for which application threads were stopped: 0.0001141 seconds, Stopping threads took: 0.0000264 seconds
2017-06-01T11:54:31.031-0100: 1432.300: Total time for which application threads were stopped: 0.0002318 seconds, Stopping threads took: 0.0000986 seconds
2017-06-01T11:54:31.031-0100: 1432.301: Total time for which application threads were stopped: 0.0002060 seconds, Stopping threads took: 0.0001090 seconds
2017-06-01T11:54:32.034-0100: 1433.304: Total time for which application threads were stopped: 0.0001922 seconds, Stopping threads took: 0.0000445 seconds
2017-06-01T11:54:34.594-0100: 1435.863: Total time for which application threads were stopped: 0.0001593 seconds, Stopping threads took: 0.0000222 seconds
2017-06-01T11:54:34.594-0100: 1435.864: Total time for which application threads were stopped: 0.0000798 seconds, Stopping threads took: 0.0000110 seconds
2017-06-01T11:54:34.607-0100: 1435.877: Total time for which application threads were stopped: 0.0000974 seconds, Stopping threads took: 0.0000210 seconds
2017-06-01T11:54:34.608-0100: 1435.877: Total time for which application threads were stopped: 0.0000574 seconds, Stopping threads took: 0.0000083 seconds
2017-06-01T11:54:37.931-0100: 1439.201: Total time for which application threads were stopped: 0.0001452 seconds, Stopping threads took: 0.0000361 seconds
2017-06-01T11:54:37.931-0100: 1439.201: Total time for which application threads were stopped: 0.0000954 seconds, Stopping threads took: 0.0000299 seconds
2017-06-01T11:54:37.939-0100: 1439.209: Total time for which application threads were stopped: 0.0000942 seconds, Stopping threads took: 0.0000210 seconds
2017-06-01T11:54:37.939-0100: 1439.209: Total time for which application threads were stopped: 0.0000631 seconds, Stopping threads took: 0.0000106 seconds
2017-06-01T11:55:28.339-0100: 1489.609: Total time for which application threads were stopped: 0.0001300 seconds, Stopping threads took: 0.0000316 seconds
2017-06-01T11:55:37.362-0100: 1498.632: Total time for which application threads were stopped: 0.0000716 seconds, Stopping threads took: 0.0000187 seconds
2017-06-01T11:55:37.944-0100: 1499.214: Total time for which application threads were stopped: 0.0000753 seconds, Stopping threads took: 0.0000179 seconds
2017-06-01T11:56:47.081-0100: 1568.350: Total time for which application threads were stopped: 0.0000699 seconds, Stopping threads took: 0.0000157 seconds
2017-06-01T11:56:47.082-0100: 1568.351: Total time for which application threads were stopped: 0.0000500 seconds, Stopping threads took: 0.0000107 seconds
2017-06-01T11:56:47.082-0100: 1568.351: Total time for which application threads were stopped: 0.0000358 seconds, Stopping threads took: 0.0000060 seconds
2017-06-01T11:56:47.084-0100: 1568.353: Total time for which application threads were stopped: 0.0000620 seconds, Stopping threads took: 0.0000196 seconds
2017-06-01T11:56:47.093-0100: 1568.362: Total time for which application threads were stopped: 0.0003479 seconds, Stopping threads took: 0.0000144 seconds
2017-06-01T11:56:47.098-0100: 1568.366: Total time for which application threads were stopped: 0.0000527 seconds, Stopping threads took: 0.0000109 seconds
2017-06-01T11:56:47.101-0100: 1568.370: Total time for which application threads were stopped: 0.0000539 seconds, Stopping threads took: 0.0000107 seconds
2017-06-01T11:56:47.109-0100: 1568.378: Total time for which application threads were stopped: 0.0000680 seconds, Stopping threads took: 0.0000149 seconds
2017-06-01T11:56:47.112-0100: 1568.381: Total time for which application threads were stopped: 0.0000702 seconds, Stopping threads took: 0.0000139 seconds
2017-06-01T11:56:47.113-0100: 1568.382: Total time for which application threads were stopped: 0.0000377 seconds, Stopping threads took: 0.0000065 seconds
2017-06-01T11:56:47.116-0100: 1568.386: Total time for which application threads were stopped: 0.0009580 seconds, Stopping threads took: 0.0000127 seconds
{Heap before GC invocations=4 (full 1):
 par new generation   total 109248K, used 99221K [0x00000007a0000000, 0x00000007a8000000, 0x00000007a8000000)
  eden space 87424K, 100% used [0x00000007a0000000, 0x00000007a5560000, 0x00000007a5560000)
  from space 21824K,  54% used [0x00000007a5560000, 0x00000007a60e56a0, 0x00000007a6ab0000)
  to   space 21824K,   0% used [0x00000007a6ab0000, 0x00000007a6ab0000, 0x00000007a8000000)
 concurrent mark-sweep generation total 393216K, used 0K [0x00000007a8000000, 0x00000007c0000000, 0x00000007c0000000)
 Metaspace       used 31007K, capacity 31544K, committed 31812K, reserved 1077248K
  class space    used 3693K, capacity 3870K, committed 3940K, reserved 1048576K
2017-06-01T11:56:47.118-0100: 1568.387: [GC (Allocation Failure) 2017-06-01T11:56:47.118-0100: 1568.387: [ParNew
Desired survivor size 20112992 bytes, new threshold 8 (max 8)
- age   1:    7600680 bytes,    7600680 total
- age   2:     795296 bytes,    8395976 total
- age   3:     277472 bytes,    8673448 total
- age   4:    1630080 bytes,   10303528 total
- age   5:    5124720 bytes,   15428248 total
: 99221K->18379K(109248K), 0.0097165 secs] 99221K->18379K(502464K), 0.0097626 secs] [Times: user=0.03 sys=0.01, real=0.01 secs] 
Heap after GC invocations=5 (full 1):
 par new generation   total 109248K, used 18379K [0x00000007a0000000, 0x00000007a8000000, 0x00000007a8000000)
  eden space 87424K,   0% used [0x00000007a0000000, 0x00000007a0000000, 0x00000007a5560000)
  from space 21824K,  84% used [0x00000007a6ab0000, 0x00000007a7ca2c80, 0x00000007a8000000)
  to   space 21824K,   0% used [0x00000007a5560000, 0x00000007a5560000, 0x00000007a6ab0000)
 concurrent mark-sweep generation total 393216K, used 0K [0x00000007a8000000, 0x00000007c0000000, 0x00000007c0000000)
 Metaspace       used 31007K, capacity 31544K, committed 31812K, reserved 1077248K
  class space    used 3693K, capacity 3870K, committed 3940K, reserved 1048576K
}
2017-06-01T11:56:47.127-0100: 1568.396: Total time for which application threads were stopped: 0.0098763 seconds, Stopping threads took: 0.0000062 seconds
2017-06-01T11:56:47.129-0100: 1568.397: Total time for which application threads were stopped: 0.0000922 seconds, Stopping threads took: 0.0000493 seconds
2017-06-01T11:56:47.130-0100: 1568.398: Total time for which application threads were stopped: 0.0000685 seconds, Stopping threads took: 0.0000091 seconds
2017-06-01T11:56:47.184-0100: 1568.453: Total time for which application threads were stopped: 0.0005557 seconds, Stopping threads took: 0.0000262 seconds
2017-06-01T11:56:47.188-0100: 1568.457: Total time for which application threads were stopped: 0.0001138 seconds, Stopping threads took: 0.0000426 seconds
2017-06-01T11:56:47.189-0100: 1568.457: Total time for which application threads were stopped: 0.0000709 seconds, Stopping threads took: 0.0000152 seconds
2017-06-01T11:56:47.190-0100: 1568.459: Total time for which application threads were stopped: 0.0000529 seconds, Stopping threads took: 0.0000131 seconds
2017-06-01T11:56:47.190-0100: 1568.459: Total time for which application threads were stopped: 0.0000438 seconds, Stopping threads took: 0.0000089 seconds
2017-06-01T11:56:47.190-0100: 1568.459: Total time for which application threads were stopped: 0.0000391 seconds, Stopping threads took: 0.0000058 seconds
2017-06-01T11:56:47.195-0100: 1568.464: Total time for which application threads were stopped: 0.0000666 seconds, Stopping threads took: 0.0000139 seconds
2017-06-01T11:56:47.197-0100: 1568.465: Total time for which application threads were stopped: 0.0000748 seconds, Stopping threads took: 0.0000139 seconds
2017-06-01T11:56:47.199-0100: 1568.468: Total time for which application threads were stopped: 0.0000944 seconds, Stopping threads took: 0.0000143 seconds
2017-06-01T11:56:47.203-0100: 1568.472: Total time for which application threads were stopped: 0.0000606 seconds, Stopping threads took: 0.0000156 seconds
2017-06-01T11:56:47.203-0100: 1568.472: Total time for which application threads were stopped: 0.0000343 seconds, Stopping threads took: 0.0000065 seconds
2017-06-01T11:56:47.204-0100: 1568.473: Total time for which application threads were stopped: 0.0000715 seconds, Stopping threads took: 0.0000134 seconds
2017-06-01T11:56:47.206-0100: 1568.475: Total time for which application threads were stopped: 0.0000550 seconds, Stopping threads took: 0.0000104 seconds
2017-06-01T11:56:47.209-0100: 1568.478: Total time for which application threads were stopped: 0.0000749 seconds, Stopping threads took: 0.0000157 seconds
2017-06-01T11:56:47.210-0100: 1568.479: Total time for which application threads were stopped: 0.0001538 seconds, Stopping threads took: 0.0000155 seconds
2017-06-01T11:56:47.217-0100: 1568.485: Total time for which application threads were stopped: 0.0000809 seconds, Stopping threads took: 0.0000191 seconds
2017-06-01T11:56:47.217-0100: 1568.486: Total time for which application threads were stopped: 0.0000427 seconds, Stopping threads took: 0.0000081 seconds
2017-06-01T11:56:47.224-0100: 1568.493: Total time for which application threads were stopped: 0.0003283 seconds, Stopping threads took: 0.0000136 seconds
2017-06-01T11:56:47.236-0100: 1568.505: Total time for which application threads were stopped: 0.0000687 seconds, Stopping threads took: 0.0000209 seconds
2017-06-01T11:56:48.238-0100: 1569.507: Total time for which application threads were stopped: 0.0001151 seconds, Stopping threads took: 0.0000250 seconds
2017-06-01T11:56:48.247-0100: 1569.516: Total time for which application threads were stopped: 0.0000930 seconds, Stopping threads took: 0.0000209 seconds
2017-06-01T11:56:48.248-0100: 1569.517: Total time for which application threads were stopped: 0.0000495 seconds, Stopping threads took: 0.0000098 seconds
2017-06-01T11:56:48.248-0100: 1569.517: Total time for which application threads were stopped: 0.0000660 seconds, Stopping threads took: 0.0000138 seconds
2017-06-01T11:56:48.248-0100: 1569.517: Total time for which application threads were stopped: 0.0000671 seconds, Stopping threads took: 0.0000103 seconds
2017-06-01T11:56:48.253-0100: 1569.522: Total time for which application threads were stopped: 0.0001060 seconds, Stopping threads took: 0.0000199 seconds
2017-06-01T11:56:48.254-0100: 1569.522: Total time for which application threads were stopped: 0.0000669 seconds, Stopping threads took: 0.0000102 seconds
2017-06-01T11:56:48.259-0100: 1569.528: Total time for which application threads were stopped: 0.0000865 seconds, Stopping threads took: 0.0000181 seconds
2017-06-01T11:56:48.265-0100: 1569.534: Total time for which application threads were stopped: 0.0000787 seconds, Stopping threads took: 0.0000145 seconds
2017-06-01T11:56:48.266-0100: 1569.535: Total time for which application threads were stopped: 0.0000469 seconds, Stopping threads took: 0.0000078 seconds
2017-06-01T11:56:48.266-0100: 1569.535: Total time for which application threads were stopped: 0.0000319 seconds, Stopping threads took: 0.0000056 seconds
2017-06-01T11:56:48.268-0100: 1569.537: Total time for which application threads were stopped: 0.0000472 seconds, Stopping threads took: 0.0000075 seconds
2017-06-01T11:56:48.274-0100: 1569.543: Total time for which application threads were stopped: 0.0000581 seconds, Stopping threads took: 0.0000126 seconds
2017-06-01T11:56:48.281-0100: 1569.549: Total time for which application threads were stopped: 0.0000555 seconds, Stopping threads took: 0.0000131 seconds
2017-06-01T11:56:48.291-0100: 1569.560: Total time for which application threads were stopped: 0.0002733 seconds, Stopping threads took: 0.0000198 seconds
2017-06-01T11:56:48.303-0100: 1569.571: Total time for which application threads were stopped: 0.0000717 seconds, Stopping threads took: 0.0000199 seconds
2017-06-01T11:56:51.113-0100: 1572.381: Total time for which application threads were stopped: 0.0001099 seconds, Stopping threads took: 0.0000437 seconds
2017-06-01T11:56:51.113-0100: 1572.382: Total time for which application threads were stopped: 0.0000713 seconds, Stopping threads took: 0.0000087 seconds
2017-06-01T11:56:51.120-0100: 1572.388: Total time for which application threads were stopped: 0.0000833 seconds, Stopping threads took: 0.0000210 seconds
2017-06-01T11:56:51.120-0100: 1572.389: Total time for which application threads were stopped: 0.0000733 seconds, Stopping threads took: 0.0000427 seconds
2017-06-01T11:56:52.698-0100: 1573.967: Total time for which application threads were stopped: 0.0000802 seconds, Stopping threads took: 0.0000137 seconds
2017-06-01T11:57:02.247-0100: 1583.516: Total time for which application threads were stopped: 0.0000982 seconds, Stopping threads took: 0.0000255 seconds
2017-06-01T11:57:02.247-0100: 1583.516: Total time for which application threads were stopped: 0.0000741 seconds, Stopping threads took: 0.0000340 seconds
2017-06-01T11:57:02.248-0100: 1583.516: Total time for which application threads were stopped: 0.0001267 seconds, Stopping threads took: 0.0000341 seconds
2017-06-01T11:57:02.248-0100: 1583.516: Total time for which application threads were stopped: 0.0000514 seconds, Stopping threads took: 0.0000107 seconds
2017-06-01T11:57:02.255-0100: 1583.524: Total time for which application threads were stopped: 0.0001507 seconds, Stopping threads took: 0.0000664 seconds
2017-06-01T11:57:02.255-0100: 1583.524: Total time for which application threads were stopped: 0.0000754 seconds, Stopping threads took: 0.0000186 seconds
2017-06-01T11:57:02.256-0100: 1583.524: Total time for which application threads were stopped: 0.0000451 seconds, Stopping threads took: 0.0000090 seconds
2017-06-01T11:57:02.256-0100: 1583.525: Total time for which application threads were stopped: 0.0000462 seconds, Stopping threads took: 0.0000095 seconds
2017-06-01T11:57:02.256-0100: 1583.525: Total time for which application threads were stopped: 0.0000414 seconds, Stopping threads took: 0.0000079 seconds
2017-06-01T11:57:02.257-0100: 1583.525: Total time for which application threads were stopped: 0.0000359 seconds, Stopping threads took: 0.0000065 seconds
2017-06-01T11:57:02.257-0100: 1583.526: Total time for which application threads were stopped: 0.0000337 seconds, Stopping threads took: 0.0000061 seconds
2017-06-01T11:57:02.257-0100: 1583.526: Total time for which application threads were stopped: 0.0000336 seconds, Stopping threads took: 0.0000060 seconds
2017-06-01T11:57:02.257-0100: 1583.526: Total time for which application threads were stopped: 0.0000333 seconds, Stopping threads took: 0.0000059 seconds
2017-06-01T11:57:02.258-0100: 1583.526: Total time for which application threads were stopped: 0.0000432 seconds, Stopping threads took: 0.0000073 seconds
2017-06-01T11:57:02.258-0100: 1583.527: Total time for which application threads were stopped: 0.0000640 seconds, Stopping threads took: 0.0000108 seconds
2017-06-01T11:57:02.258-0100: 1583.527: Total time for which application threads were stopped: 0.0000602 seconds, Stopping threads took: 0.0000079 seconds
2017-06-01T11:57:02.258-0100: 1583.527: Total time for which application threads were stopped: 0.0000437 seconds, Stopping threads took: 0.0000081 seconds
2017-06-01T11:57:02.259-0100: 1583.528: Total time for which application threads were stopped: 0.0000713 seconds, Stopping threads took: 0.0000113 seconds
2017-06-01T11:57:02.259-0100: 1583.528: Total time for which application threads were stopped: 0.0000620 seconds, Stopping threads took: 0.0000096 seconds
2017-06-01T11:57:02.259-0100: 1583.528: Total time for which application threads were stopped: 0.0000401 seconds, Stopping threads took: 0.0000077 seconds
2017-06-01T11:57:02.260-0100: 1583.529: Total time for which application threads were stopped: 0.0000587 seconds, Stopping threads took: 0.0000231 seconds
2017-06-01T11:57:02.260-0100: 1583.529: Total time for which application threads were stopped: 0.0000343 seconds, Stopping threads took: 0.0000076 seconds
2017-06-01T11:57:02.261-0100: 1583.530: Total time for which application threads were stopped: 0.0000544 seconds, Stopping threads took: 0.0000208 seconds
2017-06-01T11:57:02.261-0100: 1583.530: Total time for which application threads were stopped: 0.0000434 seconds, Stopping threads took: 0.0000081 seconds
2017-06-01T11:57:02.262-0100: 1583.531: Total time for which application threads were stopped: 0.0000595 seconds, Stopping threads took: 0.0000214 seconds
2017-06-01T11:57:02.262-0100: 1583.531: Total time for which application threads were stopped: 0.0000635 seconds, Stopping threads took: 0.0000261 seconds
2017-06-01T11:57:02.262-0100: 1583.531: Total time for which application threads were stopped: 0.0000619 seconds, Stopping threads took: 0.0000237 seconds
2017-06-01T11:57:51.125-0100: 1632.393: Total time for which application threads were stopped: 0.0000757 seconds, Stopping threads took: 0.0000189 seconds
2017-06-01T11:58:01.147-0100: 1642.416: Total time for which application threads were stopped: 0.0001047 seconds, Stopping threads took: 0.0000396 seconds
2017-06-01T11:58:06.165-0100: 1647.433: Total time for which application threads were stopped: 0.0000975 seconds, Stopping threads took: 0.0000360 seconds
2017-06-01T11:58:31.213-0100: 1672.481: Total time for which application threads were stopped: 0.0000795 seconds, Stopping threads took: 0.0000205 seconds
2017-06-01T12:05:40.318-0100: 2101.583: Total time for which application threads were stopped: 0.0001561 seconds, Stopping threads took: 0.0000324 seconds
2017-06-01T12:06:53.471-0100: 2174.736: Total time for which application threads were stopped: 0.0000895 seconds, Stopping threads took: 0.0000204 seconds
2017-06-01T12:15:16.758-0100: 2678.019: Total time for which application threads were stopped: 0.0001472 seconds, Stopping threads took: 0.0000344 seconds
2017-06-01T12:15:37.221-0100: 2698.482: Total time for which application threads were stopped: 0.0000989 seconds, Stopping threads took: 0.0000375 seconds
2017-06-01T12:15:37.221-0100: 2698.482: Total time for which application threads were stopped: 0.0000423 seconds, Stopping threads took: 0.0000078 seconds
2017-06-01T12:15:37.221-0100: 2698.482: Total time for which application threads were stopped: 0.0000822 seconds, Stopping threads took: 0.0000427 seconds
2017-06-01T12:15:37.221-0100: 2698.483: Total time for which application threads were stopped: 0.0000684 seconds, Stopping threads took: 0.0000253 seconds
2017-06-01T12:15:37.221-0100: 2698.483: Total time for which application threads were stopped: 0.0001341 seconds, Stopping threads took: 0.0000207 seconds
2017-06-01T12:15:37.228-0100: 2698.490: Total time for which application threads were stopped: 0.0001062 seconds, Stopping threads took: 0.0000350 seconds
2017-06-01T12:15:37.228-0100: 2698.490: Total time for which application threads were stopped: 0.0001207 seconds, Stopping threads took: 0.0000330 seconds
2017-06-01T12:15:37.237-0100: 2698.498: Total time for which application threads were stopped: 0.0001085 seconds, Stopping threads took: 0.0000212 seconds
2017-06-01T12:15:37.237-0100: 2698.498: Total time for which application threads were stopped: 0.0000581 seconds, Stopping threads took: 0.0000079 seconds
2017-06-01T12:15:37.263-0100: 2698.524: Total time for which application threads were stopped: 0.0001170 seconds, Stopping threads took: 0.0000485 seconds
2017-06-01T12:15:37.263-0100: 2698.524: Total time for which application threads were stopped: 0.0000866 seconds, Stopping threads took: 0.0000353 seconds
2017-06-01T12:15:37.264-0100: 2698.525: Total time for which application threads were stopped: 0.0001095 seconds, Stopping threads took: 0.0000374 seconds
2017-06-01T12:15:37.264-0100: 2698.525: Total time for which application threads were stopped: 0.0001134 seconds, Stopping threads took: 0.0000429 seconds
2017-06-01T12:15:37.264-0100: 2698.525: Total time for which application threads were stopped: 0.0001227 seconds, Stopping threads took: 0.0000786 seconds
2017-06-01T12:15:37.264-0100: 2698.525: Total time for which application threads were stopped: 0.0000815 seconds, Stopping threads took: 0.0000271 seconds
2017-06-01T12:15:37.264-0100: 2698.526: Total time for which application threads were stopped: 0.0000550 seconds, Stopping threads took: 0.0000184 seconds
2017-06-01T12:15:37.264-0100: 2698.526: Total time for which application threads were stopped: 0.0001083 seconds, Stopping threads took: 0.0000741 seconds
2017-06-01T12:15:37.264-0100: 2698.526: Total time for which application threads were stopped: 0.0000746 seconds, Stopping threads took: 0.0000394 seconds
2017-06-01T12:15:37.265-0100: 2698.526: Total time for which application threads were stopped: 0.0000970 seconds, Stopping threads took: 0.0000413 seconds
2017-06-01T12:15:37.265-0100: 2698.527: Total time for which application threads were stopped: 0.0001036 seconds, Stopping threads took: 0.0000401 seconds
2017-06-01T12:15:37.265-0100: 2698.527: Total time for which application threads were stopped: 0.0000895 seconds, Stopping threads took: 0.0000275 seconds
2017-06-01T12:15:37.272-0100: 2698.533: Total time for which application threads were stopped: 0.0001348 seconds, Stopping threads took: 0.0000397 seconds
2017-06-01T12:15:37.272-0100: 2698.533: Total time for which application threads were stopped: 0.0000860 seconds, Stopping threads took: 0.0000271 seconds
2017-06-01T12:15:37.282-0100: 2698.544: Total time for which application threads were stopped: 0.0001126 seconds, Stopping threads took: 0.0000334 seconds
2017-06-01T12:15:37.282-0100: 2698.544: Total time for which application threads were stopped: 0.0001233 seconds, Stopping threads took: 0.0000289 seconds
2017-06-01T12:15:37.287-0100: 2698.548: Total time for which application threads were stopped: 0.0000938 seconds, Stopping threads took: 0.0000206 seconds
2017-06-01T12:15:38.292-0100: 2699.553: Total time for which application threads were stopped: 0.0001008 seconds, Stopping threads took: 0.0000214 seconds
2017-06-01T12:15:39.807-0100: 2701.068: Total time for which application threads were stopped: 0.0000817 seconds, Stopping threads took: 0.0000160 seconds
2017-06-01T12:15:39.813-0100: 2701.075: Total time for which application threads were stopped: 0.0000780 seconds, Stopping threads took: 0.0000179 seconds
2017-06-01T12:15:39.814-0100: 2701.075: Total time for which application threads were stopped: 0.0000713 seconds, Stopping threads took: 0.0000143 seconds
2017-06-01T12:15:39.814-0100: 2701.075: Total time for which application threads were stopped: 0.0000728 seconds, Stopping threads took: 0.0000326 seconds
2017-06-01T12:15:39.814-0100: 2701.076: Total time for which application threads were stopped: 0.0000379 seconds, Stopping threads took: 0.0000076 seconds
2017-06-01T12:15:39.814-0100: 2701.076: Total time for which application threads were stopped: 0.0000354 seconds, Stopping threads took: 0.0000068 seconds
2017-06-01T12:15:39.832-0100: 2701.094: Total time for which application threads were stopped: 0.0000676 seconds, Stopping threads took: 0.0000152 seconds
2017-06-01T12:15:39.833-0100: 2701.094: Total time for which application threads were stopped: 0.0000397 seconds, Stopping threads took: 0.0000079 seconds
2017-06-01T12:15:39.833-0100: 2701.094: Total time for which application threads were stopped: 0.0000503 seconds, Stopping threads took: 0.0000084 seconds
2017-06-01T12:15:39.833-0100: 2701.095: Total time for which application threads were stopped: 0.0000507 seconds, Stopping threads took: 0.0000167 seconds
2017-06-01T12:15:39.833-0100: 2701.095: Total time for which application threads were stopped: 0.0000306 seconds, Stopping threads took: 0.0000068 seconds
2017-06-01T12:15:39.834-0100: 2701.096: Total time for which application threads were stopped: 0.0000592 seconds, Stopping threads took: 0.0000120 seconds
2017-06-01T12:15:39.835-0100: 2701.096: Total time for which application threads were stopped: 0.0000542 seconds, Stopping threads took: 0.0000083 seconds
2017-06-01T12:15:39.835-0100: 2701.097: Total time for which application threads were stopped: 0.0000399 seconds, Stopping threads took: 0.0000071 seconds
2017-06-01T12:15:39.835-0100: 2701.097: Total time for which application threads were stopped: 0.0000339 seconds, Stopping threads took: 0.0000057 seconds
2017-06-01T12:15:39.836-0100: 2701.097: Total time for which application threads were stopped: 0.0000287 seconds, Stopping threads took: 0.0000060 seconds
2017-06-01T12:15:39.861-0100: 2701.122: Total time for which application threads were stopped: 0.0001191 seconds, Stopping threads took: 0.0000180 seconds
2017-06-01T12:15:39.864-0100: 2701.125: Total time for which application threads were stopped: 0.0001063 seconds, Stopping threads took: 0.0000169 seconds
2017-06-01T12:15:39.867-0100: 2701.128: Total time for which application threads were stopped: 0.0000613 seconds, Stopping threads took: 0.0000126 seconds
{Heap before GC invocations=5 (full 1):
 par new generation   total 109248K, used 105803K [0x00000007a0000000, 0x00000007a8000000, 0x00000007a8000000)
  eden space 87424K, 100% used [0x00000007a0000000, 0x00000007a5560000, 0x00000007a5560000)
  from space 21824K,  84% used [0x00000007a6ab0000, 0x00000007a7ca2c80, 0x00000007a8000000)
  to   space 21824K,   0% used [0x00000007a5560000, 0x00000007a5560000, 0x00000007a6ab0000)
 concurrent mark-sweep generation total 393216K, used 0K [0x00000007a8000000, 0x00000007c0000000, 0x00000007c0000000)
 Metaspace       used 32904K, capacity 33376K, committed 33604K, reserved 1079296K
  class space    used 3919K, capacity 4084K, committed 4196K, reserved 1048576K
2017-06-01T12:15:39.869-0100: 2701.131: [GC (Allocation Failure) 2017-06-01T12:15:39.869-0100: 2701.131: [ParNew
Desired survivor size 20112992 bytes, new threshold 8 (max 8)
- age   1:    5938952 bytes,    5938952 total
- age   2:    3000440 bytes,    8939392 total
- age   3:     555128 bytes,    9494520 total
- age   4:     210832 bytes,    9705352 total
- age   5:    1580032 bytes,   11285384 total
- age   6:    4644920 bytes,   15930304 total
: 105803K->21824K(109248K), 0.0090020 secs] 105803K->21824K(502464K), 0.0090725 secs] [Times: user=0.03 sys=0.01, real=0.01 secs] 
Heap after GC invocations=6 (full 1):
 par new generation   total 109248K, used 21824K [0x00000007a0000000, 0x00000007a8000000, 0x00000007a8000000)
  eden space 87424K,   0% used [0x00000007a0000000, 0x00000007a0000000, 0x00000007a5560000)
  from space 21824K, 100% used [0x00000007a5560000, 0x00000007a6ab0000, 0x00000007a6ab0000)
  to   space 21824K,   0% used [0x00000007a6ab0000, 0x00000007a6ab0000, 0x00000007a8000000)
 concurrent mark-sweep generation total 393216K, used 0K [0x00000007a8000000, 0x00000007c0000000, 0x00000007c0000000)
 Metaspace       used 32904K, capacity 33376K, committed 33604K, reserved 1079296K
  class space    used 3919K, capacity 4084K, committed 4196K, reserved 1048576K
}
2017-06-01T12:15:39.878-0100: 2701.140: Total time for which application threads were stopped: 0.0092000 seconds, Stopping threads took: 0.0000140 seconds
2017-06-01T12:15:39.879-0100: 2701.140: Total time for which application threads were stopped: 0.0001357 seconds, Stopping threads took: 0.0000393 seconds
2017-06-01T12:15:40.881-0100: 2702.143: Total time for which application threads were stopped: 0.0000868 seconds, Stopping threads took: 0.0000199 seconds
2017-06-01T12:15:40.916-0100: 2702.177: Total time for which application threads were stopped: 0.0001255 seconds, Stopping threads took: 0.0000387 seconds
2017-06-01T12:15:40.916-0100: 2702.177: Total time for which application threads were stopped: 0.0000831 seconds, Stopping threads took: 0.0000115 seconds
2017-06-01T12:15:40.924-0100: 2702.186: Total time for which application threads were stopped: 0.0000886 seconds, Stopping threads took: 0.0000209 seconds
2017-06-01T12:15:40.924-0100: 2702.186: Total time for which application threads were stopped: 0.0000521 seconds, Stopping threads took: 0.0000080 seconds
2017-06-01T12:16:16.477-0100: 2737.738: Total time for which application threads were stopped: 0.0001125 seconds, Stopping threads took: 0.0000275 seconds
2017-06-01T12:16:16.477-0100: 2737.738: Total time for which application threads were stopped: 0.0000510 seconds, Stopping threads took: 0.0000081 seconds
2017-06-01T12:16:16.477-0100: 2737.738: Total time for which application threads were stopped: 0.0001039 seconds, Stopping threads took: 0.0000572 seconds
2017-06-01T12:16:16.477-0100: 2737.738: Total time for which application threads were stopped: 0.0000414 seconds, Stopping threads took: 0.0000083 seconds
2017-06-01T12:16:16.477-0100: 2737.739: Total time for which application threads were stopped: 0.0000491 seconds, Stopping threads took: 0.0000091 seconds
2017-06-01T12:16:16.478-0100: 2737.739: Total time for which application threads were stopped: 0.0000406 seconds, Stopping threads took: 0.0000075 seconds
2017-06-01T12:16:16.478-0100: 2737.739: Total time for which application threads were stopped: 0.0000699 seconds, Stopping threads took: 0.0000370 seconds
2017-06-01T12:16:16.478-0100: 2737.739: Total time for which application threads were stopped: 0.0000376 seconds, Stopping threads took: 0.0000071 seconds
2017-06-01T12:16:16.478-0100: 2737.739: Total time for which application threads were stopped: 0.0000651 seconds, Stopping threads took: 0.0000332 seconds
2017-06-01T12:16:16.478-0100: 2737.739: Total time for which application threads were stopped: 0.0000370 seconds, Stopping threads took: 0.0000068 seconds
2017-06-01T12:16:16.478-0100: 2737.739: Total time for which application threads were stopped: 0.0000357 seconds, Stopping threads took: 0.0000065 seconds
2017-06-01T12:16:16.478-0100: 2737.739: Total time for which application threads were stopped: 0.0000515 seconds, Stopping threads took: 0.0000175 seconds
2017-06-01T12:16:16.479-0100: 2737.740: Total time for which application threads were stopped: 0.0001393 seconds, Stopping threads took: 0.0000230 seconds
{Heap before GC invocations=6 (full 1):
 par new generation   total 109248K, used 109248K [0x00000007a0000000, 0x00000007a8000000, 0x00000007a8000000)
  eden space 87424K, 100% used [0x00000007a0000000, 0x00000007a5560000, 0x00000007a5560000)
  from space 21824K, 100% used [0x00000007a5560000, 0x00000007a6ab0000, 0x00000007a6ab0000)
  to   space 21824K,   0% used [0x00000007a6ab0000, 0x00000007a6ab0000, 0x00000007a8000000)
 concurrent mark-sweep generation total 393216K, used 0K [0x00000007a8000000, 0x00000007c0000000, 0x00000007c0000000)
 Metaspace       used 32982K, capacity 33516K, committed 33860K, reserved 1079296K
  class space    used 3921K, capacity 4086K, committed 4196K, reserved 1048576K
2017-06-01T12:16:16.528-0100: 2737.789: [GC (Allocation Failure) 2017-06-01T12:16:16.528-0100: 2737.789: [ParNew
Desired survivor size 20112992 bytes, new threshold 8 (max 8)
- age   1:    1236024 bytes,    1236024 total
- age   2:    3260528 bytes,    4496552 total
- age   3:    2995904 bytes,    7492456 total
- age   4:     539840 bytes,    8032296 total
- age   5:     210592 bytes,    8242888 total
- age   6:    1579624 bytes,    9822512 total
- age   7:    4625584 bytes,   14448096 total
: 109248K->18222K(109248K), 0.0097706 secs] 109248K->18222K(502464K), 0.0098299 secs] [Times: user=0.05 sys=0.00, real=0.01 secs] 
Heap after GC invocations=7 (full 1):
 par new generation   total 109248K, used 18222K [0x00000007a0000000, 0x00000007a8000000, 0x00000007a8000000)
  eden space 87424K,   0% used [0x00000007a0000000, 0x00000007a0000000, 0x00000007a5560000)
  from space 21824K,  83% used [0x00000007a6ab0000, 0x00000007a7c7b940, 0x00000007a8000000)
  to   space 21824K,   0% used [0x00000007a5560000, 0x00000007a5560000, 0x00000007a6ab0000)
 concurrent mark-sweep generation total 393216K, used 0K [0x00000007a8000000, 0x00000007c0000000, 0x00000007c0000000)
 Metaspace       used 32982K, capacity 33516K, committed 33860K, reserved 1079296K
  class space    used 3921K, capacity 4086K, committed 4196K, reserved 1048576K
}
2017-06-01T12:16:16.538-0100: 2737.799: Total time for which application threads were stopped: 0.0100570 seconds, Stopping threads took: 0.0000185 seconds
2017-06-01T12:16:16.538-0100: 2737.800: Total time for which application threads were stopped: 0.0001555 seconds, Stopping threads took: 0.0000862 seconds
2017-06-01T12:16:16.539-0100: 2737.800: Total time for which application threads were stopped: 0.0000941 seconds, Stopping threads took: 0.0000141 seconds
2017-06-01T12:16:16.552-0100: 2737.813: Total time for which application threads were stopped: 0.0000679 seconds, Stopping threads took: 0.0000152 seconds
2017-06-01T12:16:16.552-0100: 2737.814: Total time for which application threads were stopped: 0.0000745 seconds, Stopping threads took: 0.0000323 seconds
2017-06-01T12:16:16.553-0100: 2737.814: Total time for which application threads were stopped: 0.0000817 seconds, Stopping threads took: 0.0000083 seconds
2017-06-01T12:16:16.554-0100: 2737.816: Total time for which application threads were stopped: 0.0000616 seconds, Stopping threads took: 0.0000255 seconds
2017-06-01T12:16:16.555-0100: 2737.816: Total time for which application threads were stopped: 0.0000517 seconds, Stopping threads took: 0.0000169 seconds
2017-06-01T12:16:16.556-0100: 2737.817: Total time for which application threads were stopped: 0.0000464 seconds, Stopping threads took: 0.0000091 seconds
2017-06-01T12:16:16.741-0100: 2738.002: Total time for which application threads were stopped: 0.0001023 seconds, Stopping threads took: 0.0000286 seconds
2017-06-01T12:16:16.741-0100: 2738.002: Total time for which application threads were stopped: 0.0000711 seconds, Stopping threads took: 0.0000288 seconds
2017-06-01T12:16:16.743-0100: 2738.004: Total time for which application threads were stopped: 0.0001059 seconds, Stopping threads took: 0.0000132 seconds
2017-06-01T12:16:16.744-0100: 2738.005: Total time for which application threads were stopped: 0.0000468 seconds, Stopping threads took: 0.0000086 seconds
2017-06-01T12:16:16.744-0100: 2738.005: Total time for which application threads were stopped: 0.0000532 seconds, Stopping threads took: 0.0000099 seconds
2017-06-01T12:16:16.754-0100: 2738.015: Total time for which application threads were stopped: 0.0001100 seconds, Stopping threads took: 0.0000437 seconds
2017-06-01T12:16:16.754-0100: 2738.015: Total time for which application threads were stopped: 0.0000863 seconds, Stopping threads took: 0.0000243 seconds
2017-06-01T12:16:16.754-0100: 2738.015: Total time for which application threads were stopped: 0.0000755 seconds, Stopping threads took: 0.0000243 seconds
2017-06-01T12:16:16.755-0100: 2738.016: Total time for which application threads were stopped: 0.0000740 seconds, Stopping threads took: 0.0000280 seconds
2017-06-01T12:16:17.790-0100: 2739.051: Total time for which application threads were stopped: 0.0001505 seconds, Stopping threads took: 0.0000409 seconds
2017-06-01T12:16:17.790-0100: 2739.051: Total time for which application threads were stopped: 0.0000713 seconds, Stopping threads took: 0.0000267 seconds
2017-06-01T12:16:17.799-0100: 2739.060: Total time for which application threads were stopped: 0.0001885 seconds, Stopping threads took: 0.0000216 seconds
2017-06-01T12:16:17.799-0100: 2739.060: Total time for which application threads were stopped: 0.0001360 seconds, Stopping threads took: 0.0000129 seconds
2017-06-01T12:16:17.799-0100: 2739.060: Total time for which application threads were stopped: 0.0000904 seconds, Stopping threads took: 0.0000092 seconds
2017-06-01T12:17:17.804-0100: 2799.065: Total time for which application threads were stopped: 0.0001199 seconds, Stopping threads took: 0.0000216 seconds
2017-06-01T12:17:46.285-0100: 2827.546: Total time for which application threads were stopped: 0.0001242 seconds, Stopping threads took: 0.0000233 seconds
2017-06-01T12:17:46.286-0100: 2827.546: Total time for which application threads were stopped: 0.0000691 seconds, Stopping threads took: 0.0000148 seconds
2017-06-01T12:17:46.286-0100: 2827.546: Total time for which application threads were stopped: 0.0000536 seconds, Stopping threads took: 0.0000104 seconds
2017-06-01T12:17:46.286-0100: 2827.547: Total time for which application threads were stopped: 0.0000460 seconds, Stopping threads took: 0.0000079 seconds
2017-06-01T12:17:46.286-0100: 2827.547: Total time for which application threads were stopped: 0.0000728 seconds, Stopping threads took: 0.0000094 seconds
2017-06-01T12:17:46.293-0100: 2827.554: Total time for which application threads were stopped: 0.0001257 seconds, Stopping threads took: 0.0000231 seconds
2017-06-01T12:17:46.293-0100: 2827.554: Total time for which application threads were stopped: 0.0000931 seconds, Stopping threads took: 0.0000136 seconds
2017-06-01T12:17:46.293-0100: 2827.554: Total time for which application threads were stopped: 0.0000635 seconds, Stopping threads took: 0.0000105 seconds
2017-06-01T12:17:46.294-0100: 2827.554: Total time for which application threads were stopped: 0.0000629 seconds, Stopping threads took: 0.0000110 seconds
2017-06-01T12:17:46.294-0100: 2827.554: Total time for which application threads were stopped: 0.0000614 seconds, Stopping threads took: 0.0000099 seconds
2017-06-01T12:17:46.294-0100: 2827.554: Total time for which application threads were stopped: 0.0000701 seconds, Stopping threads took: 0.0000114 seconds
2017-06-01T12:17:46.294-0100: 2827.555: Total time for which application threads were stopped: 0.0000603 seconds, Stopping threads took: 0.0000091 seconds
2017-06-01T12:17:46.294-0100: 2827.555: Total time for which application threads were stopped: 0.0000555 seconds, Stopping threads took: 0.0000088 seconds
2017-06-01T12:17:46.295-0100: 2827.555: Total time for which application threads were stopped: 0.0001047 seconds, Stopping threads took: 0.0000456 seconds
2017-06-01T12:17:46.295-0100: 2827.555: Total time for which application threads were stopped: 0.0000854 seconds, Stopping threads took: 0.0000275 seconds
2017-06-01T12:17:46.295-0100: 2827.556: Total time for which application threads were stopped: 0.0001228 seconds, Stopping threads took: 0.0000470 seconds
2017-06-01T12:17:46.295-0100: 2827.556: Total time for which application threads were stopped: 0.0000632 seconds, Stopping threads took: 0.0000100 seconds
2017-06-01T12:17:46.295-0100: 2827.556: Total time for which application threads were stopped: 0.0000651 seconds, Stopping threads took: 0.0000097 seconds
2017-06-01T12:17:46.296-0100: 2827.556: Total time for which application threads were stopped: 0.0000580 seconds, Stopping threads took: 0.0000103 seconds
2017-06-01T12:17:46.296-0100: 2827.556: Total time for which application threads were stopped: 0.0001030 seconds, Stopping threads took: 0.0000072 seconds
{Heap before GC invocations=7 (full 1):
 par new generation   total 109248K, used 105646K [0x00000007a0000000, 0x00000007a8000000, 0x00000007a8000000)
  eden space 87424K, 100% used [0x00000007a0000000, 0x00000007a5560000, 0x00000007a5560000)
  from space 21824K,  83% used [0x00000007a6ab0000, 0x00000007a7c7b940, 0x00000007a8000000)
  to   space 21824K,   0% used [0x00000007a5560000, 0x00000007a5560000, 0x00000007a6ab0000)
 concurrent mark-sweep generation total 393216K, used 0K [0x00000007a8000000, 0x00000007c0000000, 0x00000007c0000000)
 Metaspace       used 33076K, capacity 33612K, committed 33860K, reserved 1079296K
  class space    used 3924K, capacity 4092K, committed 4196K, reserved 1048576K
2017-06-01T12:17:46.334-0100: 2827.595: [GC (Allocation Failure) 2017-06-01T12:17:46.334-0100: 2827.595: [ParNew
Desired survivor size 20112992 bytes, new threshold 8 (max 8)
- age   1:    1616568 bytes,    1616568 total
- age   2:     752744 bytes,    2369312 total
- age   3:    3195328 bytes,    5564640 total
- age   4:    2985736 bytes,    8550376 total
- age   5:     539192 bytes,    9089568 total
- age   6:     210592 bytes,    9300160 total
- age   7:    1579096 bytes,   10879256 total
- age   8:    4625520 bytes,   15504776 total
: 105646K->19094K(109248K), 0.0099399 secs] 105646K->19094K(502464K), 0.0099867 secs] [Times: user=0.04 sys=0.00, real=0.01 secs] 
Heap after GC invocations=8 (full 1):
 par new generation   total 109248K, used 19094K [0x00000007a0000000, 0x00000007a8000000, 0x00000007a8000000)
  eden space 87424K,   0% used [0x00000007a0000000, 0x00000007a0000000, 0x00000007a5560000)
  from space 21824K,  87% used [0x00000007a5560000, 0x00000007a6805980, 0x00000007a6ab0000)
  to   space 21824K,   0% used [0x00000007a6ab0000, 0x00000007a6ab0000, 0x00000007a8000000)
 concurrent mark-sweep generation total 393216K, used 0K [0x00000007a8000000, 0x00000007c0000000, 0x00000007c0000000)
 Metaspace       used 33076K, capacity 33612K, committed 33860K, reserved 1079296K
  class space    used 3924K, capacity 4092K, committed 4196K, reserved 1048576K
}
2017-06-01T12:17:46.344-0100: 2827.605: Total time for which application threads were stopped: 0.0101820 seconds, Stopping threads took: 0.0000179 seconds
2017-06-01T12:17:46.345-0100: 2827.605: Total time for which application threads were stopped: 0.0002123 seconds, Stopping threads took: 0.0001526 seconds
2017-06-01T12:17:46.345-0100: 2827.605: Total time for which application threads were stopped: 0.0000750 seconds, Stopping threads took: 0.0000373 seconds
2017-06-01T12:17:46.345-0100: 2827.605: Total time for which application threads were stopped: 0.0001316 seconds, Stopping threads took: 0.0000918 seconds
2017-06-01T12:17:46.352-0100: 2827.613: Total time for which application threads were stopped: 0.0000936 seconds, Stopping threads took: 0.0000240 seconds
2017-06-01T12:17:46.445-0100: 2827.705: Total time for which application threads were stopped: 0.0002058 seconds, Stopping threads took: 0.0001030 seconds
2017-06-01T12:17:46.449-0100: 2827.709: Total time for which application threads were stopped: 0.0000714 seconds, Stopping threads took: 0.0000169 seconds
2017-06-01T12:17:46.450-0100: 2827.710: Total time for which application threads were stopped: 0.0000950 seconds, Stopping threads took: 0.0000385 seconds
2017-06-01T12:17:46.450-0100: 2827.710: Total time for which application threads were stopped: 0.0000694 seconds, Stopping threads took: 0.0000239 seconds
2017-06-01T12:17:46.452-0100: 2827.712: Total time for which application threads were stopped: 0.0000560 seconds, Stopping threads took: 0.0000102 seconds
2017-06-01T12:17:46.452-0100: 2827.712: Total time for which application threads were stopped: 0.0000396 seconds, Stopping threads took: 0.0000072 seconds
2017-06-01T12:17:46.460-0100: 2827.721: Total time for which application threads were stopped: 0.0000656 seconds, Stopping threads took: 0.0000143 seconds
2017-06-01T12:17:46.460-0100: 2827.721: Total time for which application threads were stopped: 0.0000281 seconds, Stopping threads took: 0.0000042 seconds
2017-06-01T12:17:46.460-0100: 2827.721: Total time for which application threads were stopped: 0.0000241 seconds, Stopping threads took: 0.0000034 seconds
2017-06-01T12:17:46.460-0100: 2827.721: Total time for which application threads were stopped: 0.0000236 seconds, Stopping threads took: 0.0000033 seconds
2017-06-01T12:17:46.460-0100: 2827.721: Total time for which application threads were stopped: 0.0000270 seconds, Stopping threads took: 0.0000048 seconds
2017-06-01T12:17:46.460-0100: 2827.721: Total time for which application threads were stopped: 0.0000234 seconds, Stopping threads took: 0.0000032 seconds
2017-06-01T12:17:46.461-0100: 2827.721: Total time for which application threads were stopped: 0.0000363 seconds, Stopping threads took: 0.0000067 seconds
2017-06-01T12:17:46.461-0100: 2827.721: Total time for which application threads were stopped: 0.0000257 seconds, Stopping threads took: 0.0000037 seconds
2017-06-01T12:17:46.461-0100: 2827.721: Total time for which application threads were stopped: 0.0000240 seconds, Stopping threads took: 0.0000033 seconds
2017-06-01T12:17:46.461-0100: 2827.721: Total time for which application threads were stopped: 0.0000237 seconds, Stopping threads took: 0.0000032 seconds
2017-06-01T12:17:46.461-0100: 2827.721: Total time for which application threads were stopped: 0.0000354 seconds, Stopping threads took: 0.0000063 seconds
2017-06-01T12:17:46.461-0100: 2827.721: Total time for which application threads were stopped: 0.0000268 seconds, Stopping threads took: 0.0000039 seconds
2017-06-01T12:17:46.461-0100: 2827.721: Total time for which application threads were stopped: 0.0000352 seconds, Stopping threads took: 0.0000062 seconds
2017-06-01T12:17:46.461-0100: 2827.721: Total time for which application threads were stopped: 0.0000252 seconds, Stopping threads took: 0.0000034 seconds
2017-06-01T12:17:46.461-0100: 2827.721: Total time for which application threads were stopped: 0.0000360 seconds, Stopping threads took: 0.0000065 seconds
2017-06-01T12:17:46.461-0100: 2827.722: Total time for which application threads were stopped: 0.0000258 seconds, Stopping threads took: 0.0000037 seconds
2017-06-01T12:17:46.461-0100: 2827.722: Total time for which application threads were stopped: 0.0000238 seconds, Stopping threads took: 0.0000033 seconds
2017-06-01T12:17:46.461-0100: 2827.722: Total time for which application threads were stopped: 0.0000238 seconds, Stopping threads took: 0.0000034 seconds
2017-06-01T12:17:46.461-0100: 2827.722: Total time for which application threads were stopped: 0.0001085 seconds, Stopping threads took: 0.0000089 seconds
2017-06-01T12:17:46.463-0100: 2827.723: Total time for which application threads were stopped: 0.0000446 seconds, Stopping threads took: 0.0000084 seconds
2017-06-01T12:17:46.463-0100: 2827.724: Total time for which application threads were stopped: 0.0000320 seconds, Stopping threads took: 0.0000062 seconds
2017-06-01T12:17:46.463-0100: 2827.724: Total time for which application threads were stopped: 0.0000406 seconds, Stopping threads took: 0.0000098 seconds
2017-06-01T12:17:46.464-0100: 2827.724: Total time for which application threads were stopped: 0.0000494 seconds, Stopping threads took: 0.0000136 seconds
2017-06-01T12:17:46.470-0100: 2827.731: Total time for which application threads were stopped: 0.0002230 seconds, Stopping threads took: 0.0000527 seconds
2017-06-01T12:17:46.470-0100: 2827.731: Total time for which application threads were stopped: 0.0000580 seconds, Stopping threads took: 0.0000187 seconds
2017-06-01T12:17:46.471-0100: 2827.731: Total time for which application threads were stopped: 0.0000532 seconds, Stopping threads took: 0.0000201 seconds
2017-06-01T12:17:46.471-0100: 2827.731: Total time for which application threads were stopped: 0.0000540 seconds, Stopping threads took: 0.0000214 seconds
2017-06-01T12:17:46.471-0100: 2827.731: Total time for which application threads were stopped: 0.0000459 seconds, Stopping threads took: 0.0000155 seconds
2017-06-01T12:17:46.471-0100: 2827.732: Total time for which application threads were stopped: 0.0000517 seconds, Stopping threads took: 0.0000194 seconds
2017-06-01T12:17:46.471-0100: 2827.732: Total time for which application threads were stopped: 0.0000392 seconds, Stopping threads took: 0.0000091 seconds
2017-06-01T12:17:46.471-0100: 2827.732: Total time for which application threads were stopped: 0.0000619 seconds, Stopping threads took: 0.0000275 seconds
2017-06-01T12:17:46.471-0100: 2827.732: Total time for which application threads were stopped: 0.0000489 seconds, Stopping threads took: 0.0000184 seconds
2017-06-01T12:17:46.472-0100: 2827.732: Total time for which application threads were stopped: 0.0000702 seconds, Stopping threads took: 0.0000335 seconds
2017-06-01T12:17:46.472-0100: 2827.732: Total time for which application threads were stopped: 0.0000816 seconds, Stopping threads took: 0.0000369 seconds
2017-06-01T12:17:46.472-0100: 2827.732: Total time for which application threads were stopped: 0.0000481 seconds, Stopping threads took: 0.0000217 seconds
2017-06-01T12:17:46.472-0100: 2827.732: Total time for which application threads were stopped: 0.0000402 seconds, Stopping threads took: 0.0000171 seconds
2017-06-01T12:17:46.472-0100: 2827.732: Total time for which application threads were stopped: 0.0000474 seconds, Stopping threads took: 0.0000219 seconds
2017-06-01T12:17:46.472-0100: 2827.733: Total time for which application threads were stopped: 0.0000558 seconds, Stopping threads took: 0.0000234 seconds
2017-06-01T12:17:46.472-0100: 2827.733: Total time for which application threads were stopped: 0.0000560 seconds, Stopping threads took: 0.0000210 seconds
2017-06-01T12:17:46.472-0100: 2827.733: Total time for which application threads were stopped: 0.0000612 seconds, Stopping threads took: 0.0000361 seconds
2017-06-01T12:17:46.472-0100: 2827.733: Total time for which application threads were stopped: 0.0000645 seconds, Stopping threads took: 0.0000390 seconds
2017-06-01T12:17:46.472-0100: 2827.733: Total time for which application threads were stopped: 0.0000806 seconds, Stopping threads took: 0.0000492 seconds
2017-06-01T12:17:46.473-0100: 2827.733: Total time for which application threads were stopped: 0.0000381 seconds, Stopping threads took: 0.0000089 seconds
2017-06-01T12:17:46.473-0100: 2827.733: Total time for which application threads were stopped: 0.0000462 seconds, Stopping threads took: 0.0000196 seconds
2017-06-01T12:17:46.473-0100: 2827.733: Total time for which application threads were stopped: 0.0000404 seconds, Stopping threads took: 0.0000070 seconds
2017-06-01T12:17:46.473-0100: 2827.733: Total time for which application threads were stopped: 0.0000287 seconds, Stopping threads took: 0.0000063 seconds
2017-06-01T12:17:46.473-0100: 2827.733: Total time for which application threads were stopped: 0.0000338 seconds, Stopping threads took: 0.0000114 seconds
2017-06-01T12:17:46.473-0100: 2827.733: Total time for which application threads were stopped: 0.0000446 seconds, Stopping threads took: 0.0000176 seconds
2017-06-01T12:17:46.473-0100: 2827.734: Total time for which application threads were stopped: 0.0001010 seconds, Stopping threads took: 0.0000143 seconds
2017-06-01T12:17:47.474-0100: 2828.735: Total time for which application threads were stopped: 0.0001002 seconds, Stopping threads took: 0.0000193 seconds
2017-06-01T12:17:47.502-0100: 2828.763: Total time for which application threads were stopped: 0.0001280 seconds, Stopping threads took: 0.0000687 seconds
2017-06-01T12:17:47.509-0100: 2828.770: Total time for which application threads were stopped: 0.0001261 seconds, Stopping threads took: 0.0000368 seconds
2017-06-01T12:17:47.510-0100: 2828.770: Total time for which application threads were stopped: 0.0001439 seconds, Stopping threads took: 0.0000832 seconds
2017-06-01T12:17:47.518-0100: 2828.778: Total time for which application threads were stopped: 0.0000820 seconds, Stopping threads took: 0.0000175 seconds
2017-06-01T12:17:47.518-0100: 2828.778: Total time for which application threads were stopped: 0.0000599 seconds, Stopping threads took: 0.0000117 seconds
2017-06-01T12:17:50.511-0100: 2831.772: Total time for which application threads were stopped: 0.0001261 seconds, Stopping threads took: 0.0000407 seconds
2017-06-01T12:17:50.512-0100: 2831.772: Total time for which application threads were stopped: 0.0000910 seconds, Stopping threads took: 0.0000321 seconds
2017-06-01T12:17:50.512-0100: 2831.772: Total time for which application threads were stopped: 0.0000616 seconds, Stopping threads took: 0.0000247 seconds
2017-06-01T12:17:50.512-0100: 2831.772: Total time for which application threads were stopped: 0.0001113 seconds, Stopping threads took: 0.0000286 seconds
2017-06-01T12:17:50.512-0100: 2831.773: Total time for which application threads were stopped: 0.0000734 seconds, Stopping threads took: 0.0000250 seconds
2017-06-01T12:17:50.513-0100: 2831.773: Total time for which application threads were stopped: 0.0001138 seconds, Stopping threads took: 0.0000382 seconds
2017-06-01T12:17:50.513-0100: 2831.774: Total time for which application threads were stopped: 0.0001044 seconds, Stopping threads took: 0.0000377 seconds
2017-06-01T12:17:50.513-0100: 2831.774: Total time for which application threads were stopped: 0.0000830 seconds, Stopping threads took: 0.0000303 seconds
2017-06-01T12:17:50.513-0100: 2831.774: Total time for which application threads were stopped: 0.0000844 seconds, Stopping threads took: 0.0000290 seconds
2017-06-01T12:17:50.514-0100: 2831.774: Total time for which application threads were stopped: 0.0000934 seconds, Stopping threads took: 0.0000260 seconds
2017-06-01T12:17:50.514-0100: 2831.775: Total time for which application threads were stopped: 0.0000941 seconds, Stopping threads took: 0.0000257 seconds
2017-06-01T12:17:50.514-0100: 2831.775: Total time for which application threads were stopped: 0.0000877 seconds, Stopping threads took: 0.0000233 seconds
2017-06-01T12:17:50.515-0100: 2831.775: Total time for which application threads were stopped: 0.0000674 seconds, Stopping threads took: 0.0000213 seconds
2017-06-01T12:17:50.515-0100: 2831.776: Total time for which application threads were stopped: 0.0000905 seconds, Stopping threads took: 0.0000158 seconds
2017-06-01T12:17:50.515-0100: 2831.776: Total time for which application threads were stopped: 0.0000993 seconds, Stopping threads took: 0.0000277 seconds
2017-06-01T12:17:50.525-0100: 2831.786: Total time for which application threads were stopped: 0.0001415 seconds, Stopping threads took: 0.0000365 seconds
2017-06-01T12:17:50.525-0100: 2831.786: Total time for which application threads were stopped: 0.0001523 seconds, Stopping threads took: 0.0000444 seconds
2017-06-01T12:17:50.536-0100: 2831.796: Total time for which application threads were stopped: 0.0000940 seconds, Stopping threads took: 0.0000204 seconds
2017-06-01T12:17:50.536-0100: 2831.796: Total time for which application threads were stopped: 0.0000667 seconds, Stopping threads took: 0.0000082 seconds
2017-06-01T12:17:52.032-0100: 2833.292: Total time for which application threads were stopped: 0.0001281 seconds, Stopping threads took: 0.0000380 seconds
2017-06-01T12:17:52.032-0100: 2833.292: Total time for which application threads were stopped: 0.0000934 seconds, Stopping threads took: 0.0000270 seconds
2017-06-01T12:17:52.041-0100: 2833.302: Total time for which application threads were stopped: 0.0001180 seconds, Stopping threads took: 0.0000234 seconds
2017-06-01T12:17:52.042-0100: 2833.302: Total time for which application threads were stopped: 0.0000581 seconds, Stopping threads took: 0.0000083 seconds
2017-06-01T12:17:53.449-0100: 2834.709: Total time for which application threads were stopped: 0.0000816 seconds, Stopping threads took: 0.0000176 seconds
2017-06-01T12:17:53.449-0100: 2834.709: Total time for which application threads were stopped: 0.0000506 seconds, Stopping threads took: 0.0000071 seconds
2017-06-01T12:17:53.456-0100: 2834.716: Total time for which application threads were stopped: 0.0000986 seconds, Stopping threads took: 0.0000227 seconds
2017-06-01T12:17:53.456-0100: 2834.717: Total time for which application threads were stopped: 0.0000543 seconds, Stopping threads took: 0.0000081 seconds
2017-06-01T12:17:55.462-0100: 2836.722: Total time for which application threads were stopped: 0.0001354 seconds, Stopping threads took: 0.0000319 seconds
2017-06-01T12:18:05.768-0100: 2847.028: Total time for which application threads were stopped: 0.0001147 seconds, Stopping threads took: 0.0000332 seconds
2017-06-01T12:18:05.768-0100: 2847.028: Total time for which application threads were stopped: 0.0000846 seconds, Stopping threads took: 0.0000125 seconds
2017-06-01T12:18:05.778-0100: 2847.038: Total time for which application threads were stopped: 0.0000931 seconds, Stopping threads took: 0.0000214 seconds
2017-06-01T12:18:05.778-0100: 2847.038: Total time for which application threads were stopped: 0.0000461 seconds, Stopping threads took: 0.0000079 seconds
2017-06-01T12:18:18.793-0100: 2860.054: Total time for which application threads were stopped: 0.0000991 seconds, Stopping threads took: 0.0000394 seconds
2017-06-01T12:18:18.810-0100: 2860.070: Total time for which application threads were stopped: 0.0000722 seconds, Stopping threads took: 0.0000157 seconds
2017-06-01T12:18:18.810-0100: 2860.071: Total time for which application threads were stopped: 0.0000555 seconds, Stopping threads took: 0.0000099 seconds
2017-06-01T12:18:18.811-0100: 2860.072: Total time for which application threads were stopped: 0.0001034 seconds, Stopping threads took: 0.0000121 seconds
2017-06-01T12:18:18.811-0100: 2860.072: Total time for which application threads were stopped: 0.0000608 seconds, Stopping threads took: 0.0000207 seconds
2017-06-01T12:18:18.812-0100: 2860.072: Total time for which application threads were stopped: 0.0000950 seconds, Stopping threads took: 0.0000253 seconds
2017-06-01T12:18:18.812-0100: 2860.072: Total time for which application threads were stopped: 0.0000596 seconds, Stopping threads took: 0.0000203 seconds
2017-06-01T12:18:18.813-0100: 2860.073: Total time for which application threads were stopped: 0.0000673 seconds, Stopping threads took: 0.0000106 seconds
2017-06-01T12:18:19.813-0100: 2861.073: Total time for which application threads were stopped: 0.0000756 seconds, Stopping threads took: 0.0000201 seconds
2017-06-01T12:18:48.519-0100: 2889.779: Total time for which application threads were stopped: 0.0001056 seconds, Stopping threads took: 0.0000364 seconds
2017-06-01T12:18:48.519-0100: 2889.779: Total time for which application threads were stopped: 0.0001055 seconds, Stopping threads took: 0.0000192 seconds
2017-06-01T12:18:48.526-0100: 2889.786: Total time for which application threads were stopped: 0.0001431 seconds, Stopping threads took: 0.0000365 seconds
2017-06-01T12:18:48.526-0100: 2889.786: Total time for which application threads were stopped: 0.0000748 seconds, Stopping threads took: 0.0000110 seconds
2017-06-01T12:18:48.536-0100: 2889.796: Total time for which application threads were stopped: 0.0001007 seconds, Stopping threads took: 0.0000238 seconds
2017-06-01T12:18:48.536-0100: 2889.796: Total time for which application threads were stopped: 0.0000620 seconds, Stopping threads took: 0.0000117 seconds
2017-06-01T12:18:48.564-0100: 2889.824: Total time for which application threads were stopped: 0.0001674 seconds, Stopping threads took: 0.0000401 seconds
2017-06-01T12:18:48.564-0100: 2889.825: Total time for which application threads were stopped: 0.0000850 seconds, Stopping threads took: 0.0000127 seconds
2017-06-01T12:18:48.573-0100: 2889.833: Total time for which application threads were stopped: 0.0000921 seconds, Stopping threads took: 0.0000200 seconds
2017-06-01T12:18:48.573-0100: 2889.834: Total time for which application threads were stopped: 0.0000523 seconds, Stopping threads took: 0.0000073 seconds
2017-06-01T12:18:49.618-0100: 2890.878: Total time for which application threads were stopped: 0.0001027 seconds, Stopping threads took: 0.0000207 seconds
{Heap before GC invocations=8 (full 1):
 par new generation   total 109248K, used 106518K [0x00000007a0000000, 0x00000007a8000000, 0x00000007a8000000)
  eden space 87424K, 100% used [0x00000007a0000000, 0x00000007a5560000, 0x00000007a5560000)
  from space 21824K,  87% used [0x00000007a5560000, 0x00000007a6805980, 0x00000007a6ab0000)
  to   space 21824K,   0% used [0x00000007a6ab0000, 0x00000007a6ab0000, 0x00000007a8000000)
 concurrent mark-sweep generation total 393216K, used 0K [0x00000007a8000000, 0x00000007c0000000, 0x00000007c0000000)
 Metaspace       used 33402K, capacity 34026K, committed 34116K, reserved 1079296K
  class space    used 3948K, capacity 4167K, committed 4196K, reserved 1048576K
2017-06-01T12:18:49.674-0100: 2890.934: [GC (Allocation Failure) 2017-06-01T12:18:49.674-0100: 2890.934: [ParNew
Desired survivor size 20112992 bytes, new threshold 8 (max 8)
- age   1:    3423528 bytes,    3423528 total
- age   2:     993824 bytes,    4417352 total
- age   3:     742792 bytes,    5160144 total
- age   4:    3128408 bytes,    8288552 total
- age   5:    1408160 bytes,    9696712 total
- age   6:     539160 bytes,   10235872 total
- age   7:     210368 bytes,   10446240 total
- age   8:    1578896 bytes,   12025136 total
: 106518K->15283K(109248K), 0.0252174 secs] 106518K->20269K(502464K), 0.0253094 secs] [Times: user=0.07 sys=0.01, real=0.03 secs] 
Heap after GC invocations=9 (full 1):
 par new generation   total 109248K, used 15283K [0x00000007a0000000, 0x00000007a8000000, 0x00000007a8000000)
  eden space 87424K,   0% used [0x00000007a0000000, 0x00000007a0000000, 0x00000007a5560000)
  from space 21824K,  70% used [0x00000007a6ab0000, 0x00000007a799ce50, 0x00000007a8000000)
  to   space 21824K,   0% used [0x00000007a5560000, 0x00000007a5560000, 0x00000007a6ab0000)
 concurrent mark-sweep generation total 393216K, used 4986K [0x00000007a8000000, 0x00000007c0000000, 0x00000007c0000000)
 Metaspace       used 33402K, capacity 34026K, committed 34116K, reserved 1079296K
  class space    used 3948K, capacity 4167K, committed 4196K, reserved 1048576K
}
2017-06-01T12:18:49.700-0100: 2890.960: Total time for which application threads were stopped: 0.0254925 seconds, Stopping threads took: 0.0000379 seconds
2017-06-01T12:18:49.700-0100: 2890.960: Total time for which application threads were stopped: 0.0001368 seconds, Stopping threads took: 0.0000642 seconds
2017-06-01T12:18:49.700-0100: 2890.960: Total time for which application threads were stopped: 0.0000615 seconds, Stopping threads took: 0.0000253 seconds
2017-06-01T12:18:49.700-0100: 2890.960: Total time for which application threads were stopped: 0.0000659 seconds, Stopping threads took: 0.0000300 seconds
2017-06-01T12:18:50.539-0100: 2891.799: Total time for which application threads were stopped: 0.0001119 seconds, Stopping threads took: 0.0000254 seconds
2017-06-01T12:18:50.735-0100: 2891.995: Total time for which application threads were stopped: 0.0001425 seconds, Stopping threads took: 0.0000647 seconds
2017-06-01T12:18:50.735-0100: 2891.995: Total time for which application threads were stopped: 0.0001372 seconds, Stopping threads took: 0.0000817 seconds
2017-06-01T12:18:50.744-0100: 2892.004: Total time for which application threads were stopped: 0.0001048 seconds, Stopping threads took: 0.0000206 seconds
2017-06-01T12:18:50.744-0100: 2892.004: Total time for which application threads were stopped: 0.0000459 seconds, Stopping threads took: 0.0000080 seconds
2017-06-01T12:19:44.073-0100: 2945.333: Total time for which application threads were stopped: 0.0002153 seconds, Stopping threads took: 0.0000466 seconds
2017-06-01T12:19:44.075-0100: 2945.334: Total time for which application threads were stopped: 0.0001189 seconds, Stopping threads took: 0.0000376 seconds
2017-06-01T12:19:44.076-0100: 2945.335: Total time for which application threads were stopped: 0.0001378 seconds, Stopping threads took: 0.0000512 seconds
2017-06-01T12:19:44.076-0100: 2945.336: Total time for which application threads were stopped: 0.0001124 seconds, Stopping threads took: 0.0000126 seconds
2017-06-01T12:19:44.077-0100: 2945.337: Total time for which application threads were stopped: 0.0001197 seconds, Stopping threads took: 0.0000415 seconds
2017-06-01T12:19:44.078-0100: 2945.337: Total time for which application threads were stopped: 0.0001954 seconds, Stopping threads took: 0.0000340 seconds
2017-06-01T12:19:44.079-0100: 2945.339: Total time for which application threads were stopped: 0.0001545 seconds, Stopping threads took: 0.0000527 seconds
2017-06-01T12:19:44.080-0100: 2945.340: Total time for which application threads were stopped: 0.0000996 seconds, Stopping threads took: 0.0000149 seconds
2017-06-01T12:19:44.080-0100: 2945.340: Total time for which application threads were stopped: 0.0000836 seconds, Stopping threads took: 0.0000121 seconds
2017-06-01T12:19:44.080-0100: 2945.340: Total time for which application threads were stopped: 0.0000792 seconds, Stopping threads took: 0.0000106 seconds
2017-06-01T12:19:44.080-0100: 2945.340: Total time for which application threads were stopped: 0.0000762 seconds, Stopping threads took: 0.0000108 seconds
2017-06-01T12:19:44.081-0100: 2945.340: Total time for which application threads were stopped: 0.0000664 seconds, Stopping threads took: 0.0000085 seconds
2017-06-01T12:19:44.081-0100: 2945.340: Total time for which application threads were stopped: 0.0000649 seconds, Stopping threads took: 0.0000083 seconds
2017-06-01T12:19:44.081-0100: 2945.341: Total time for which application threads were stopped: 0.0000686 seconds, Stopping threads took: 0.0000103 seconds
2017-06-01T12:19:44.081-0100: 2945.341: Total time for which application threads were stopped: 0.0000454 seconds, Stopping threads took: 0.0000076 seconds
2017-06-01T12:19:44.081-0100: 2945.341: Total time for which application threads were stopped: 0.0000939 seconds, Stopping threads took: 0.0000270 seconds
2017-06-01T12:19:44.082-0100: 2945.341: Total time for which application threads were stopped: 0.0000737 seconds, Stopping threads took: 0.0000304 seconds
2017-06-01T12:19:44.085-0100: 2945.344: Total time for which application threads were stopped: 0.0001217 seconds, Stopping threads took: 0.0000406 seconds
2017-06-01T12:19:44.085-0100: 2945.345: Total time for which application threads were stopped: 0.0001104 seconds, Stopping threads took: 0.0000477 seconds
2017-06-01T12:19:44.087-0100: 2945.347: Total time for which application threads were stopped: 0.0002449 seconds, Stopping threads took: 0.0000263 seconds
2017-06-01T12:19:44.088-0100: 2945.347: Total time for which application threads were stopped: 0.0001822 seconds, Stopping threads took: 0.0000279 seconds
2017-06-01T12:19:44.088-0100: 2945.347: Total time for which application threads were stopped: 0.0001082 seconds, Stopping threads took: 0.0000370 seconds
2017-06-01T12:19:44.088-0100: 2945.348: Total time for which application threads were stopped: 0.0001071 seconds, Stopping threads took: 0.0000328 seconds
2017-06-01T12:19:44.088-0100: 2945.348: Total time for which application threads were stopped: 0.0001616 seconds, Stopping threads took: 0.0000329 seconds
2017-06-01T12:19:44.096-0100: 2945.356: Total time for which application threads were stopped: 0.0001025 seconds, Stopping threads took: 0.0000217 seconds
2017-06-01T12:19:44.096-0100: 2945.356: Total time for which application threads were stopped: 0.0000588 seconds, Stopping threads took: 0.0000088 seconds
2017-06-01T12:19:44.100-0100: 2945.359: Total time for which application threads were stopped: 0.0001145 seconds, Stopping threads took: 0.0000466 seconds
2017-06-01T12:19:44.100-0100: 2945.359: Total time for which application threads were stopped: 0.0000835 seconds, Stopping threads took: 0.0000247 seconds
2017-06-01T12:19:45.340-0100: 2946.599: Total time for which application threads were stopped: 0.0001480 seconds, Stopping threads took: 0.0000601 seconds
2017-06-01T12:19:45.340-0100: 2946.599: Total time for which application threads were stopped: 0.0000523 seconds, Stopping threads took: 0.0000094 seconds
2017-06-01T12:19:45.356-0100: 2946.615: Total time for which application threads were stopped: 0.0001008 seconds, Stopping threads took: 0.0000210 seconds
2017-06-01T12:19:45.356-0100: 2946.616: Total time for which application threads were stopped: 0.0000532 seconds, Stopping threads took: 0.0000086 seconds
2017-06-01T12:20:35.488-0100: 2996.747: Total time for which application threads were stopped: 0.0001268 seconds, Stopping threads took: 0.0000281 seconds
2017-06-01T12:20:44.101-0100: 3005.360: Total time for which application threads were stopped: 0.0002153 seconds, Stopping threads took: 0.0000450 seconds
2017-06-01T12:20:44.190-0100: 3005.450: Total time for which application threads were stopped: 0.0000640 seconds, Stopping threads took: 0.0000134 seconds
2017-06-01T12:20:44.191-0100: 3005.450: Total time for which application threads were stopped: 0.0000395 seconds, Stopping threads took: 0.0000060 seconds
2017-06-01T12:20:44.191-0100: 3005.451: Total time for which application threads were stopped: 0.0000437 seconds, Stopping threads took: 0.0000071 seconds
2017-06-01T12:20:44.191-0100: 3005.451: Total time for which application threads were stopped: 0.0000511 seconds, Stopping threads took: 0.0000079 seconds
2017-06-01T12:20:44.192-0100: 3005.451: Total time for which application threads were stopped: 0.0000448 seconds, Stopping threads took: 0.0000083 seconds
2017-06-01T12:20:44.193-0100: 3005.452: Total time for which application threads were stopped: 0.0000479 seconds, Stopping threads took: 0.0000090 seconds
2017-06-01T12:20:44.193-0100: 3005.453: Total time for which application threads were stopped: 0.0000418 seconds, Stopping threads took: 0.0000080 seconds
2017-06-01T12:20:44.193-0100: 3005.453: Total time for which application threads were stopped: 0.0000446 seconds, Stopping threads took: 0.0000079 seconds
2017-06-01T12:20:44.202-0100: 3005.462: Total time for which application threads were stopped: 0.0000784 seconds, Stopping threads took: 0.0000141 seconds
2017-06-01T12:20:44.205-0100: 3005.464: Total time for which application threads were stopped: 0.0000583 seconds, Stopping threads took: 0.0000116 seconds
2017-06-01T12:20:44.205-0100: 3005.464: Total time for which application threads were stopped: 0.0000369 seconds, Stopping threads took: 0.0000058 seconds
2017-06-01T12:20:44.205-0100: 3005.465: Total time for which application threads were stopped: 0.0000378 seconds, Stopping threads took: 0.0000070 seconds
2017-06-01T12:20:45.209-0100: 3006.469: Total time for which application threads were stopped: 0.0000843 seconds, Stopping threads took: 0.0000227 seconds
2017-06-01T12:20:45.209-0100: 3006.469: Total time for which application threads were stopped: 0.0000492 seconds, Stopping threads took: 0.0000082 seconds
2017-06-01T12:20:45.211-0100: 3006.471: Total time for which application threads were stopped: 0.0000946 seconds, Stopping threads took: 0.0000359 seconds
2017-06-01T12:20:45.211-0100: 3006.471: Total time for which application threads were stopped: 0.0000656 seconds, Stopping threads took: 0.0000240 seconds
2017-06-01T12:20:45.212-0100: 3006.471: Total time for which application threads were stopped: 0.0000519 seconds, Stopping threads took: 0.0000107 seconds
2017-06-01T12:20:45.212-0100: 3006.471: Total time for which application threads were stopped: 0.0000652 seconds, Stopping threads took: 0.0000275 seconds
2017-06-01T12:20:45.359-0100: 3006.619: Total time for which application threads were stopped: 0.0000837 seconds, Stopping threads took: 0.0000198 seconds
2017-06-01T12:20:47.055-0100: 3008.314: Total time for which application threads were stopped: 0.0001121 seconds, Stopping threads took: 0.0000308 seconds
2017-06-01T12:20:47.055-0100: 3008.314: Total time for which application threads were stopped: 0.0000849 seconds, Stopping threads took: 0.0000411 seconds
2017-06-01T12:20:47.065-0100: 3008.324: Total time for which application threads were stopped: 0.0001069 seconds, Stopping threads took: 0.0000235 seconds
2017-06-01T12:20:47.065-0100: 3008.324: Total time for which application threads were stopped: 0.0000628 seconds, Stopping threads took: 0.0000117 seconds
2017-06-01T12:20:49.073-0100: 3010.333: Total time for which application threads were stopped: 0.0001118 seconds, Stopping threads took: 0.0000285 seconds
2017-06-01T12:20:51.979-0100: 3013.238: Total time for which application threads were stopped: 0.0001461 seconds, Stopping threads took: 0.0000443 seconds
2017-06-01T12:20:51.979-0100: 3013.238: Total time for which application threads were stopped: 0.0000944 seconds, Stopping threads took: 0.0000282 seconds
2017-06-01T12:20:51.990-0100: 3013.249: Total time for which application threads were stopped: 0.0000934 seconds, Stopping threads took: 0.0000207 seconds
2017-06-01T12:20:51.990-0100: 3013.249: Total time for which application threads were stopped: 0.0000571 seconds, Stopping threads took: 0.0000083 seconds
2017-06-01T12:20:52.013-0100: 3013.272: Total time for which application threads were stopped: 0.0001087 seconds, Stopping threads took: 0.0000228 seconds
2017-06-01T12:20:52.013-0100: 3013.272: Total time for which application threads were stopped: 0.0000965 seconds, Stopping threads took: 0.0000305 seconds
2017-06-01T12:20:52.021-0100: 3013.281: Total time for which application threads were stopped: 0.0000935 seconds, Stopping threads took: 0.0000201 seconds
2017-06-01T12:20:52.021-0100: 3013.281: Total time for which application threads were stopped: 0.0000705 seconds, Stopping threads took: 0.0000120 seconds
2017-06-01T12:20:59.209-0100: 3020.468: Total time for which application threads were stopped: 0.0000772 seconds, Stopping threads took: 0.0000182 seconds
2017-06-01T12:20:59.209-0100: 3020.469: Total time for which application threads were stopped: 0.0000386 seconds, Stopping threads took: 0.0000073 seconds
2017-06-01T12:20:59.218-0100: 3020.477: Total time for which application threads were stopped: 0.0000928 seconds, Stopping threads took: 0.0000207 seconds
2017-06-01T12:20:59.219-0100: 3020.478: Total time for which application threads were stopped: 0.0000467 seconds, Stopping threads took: 0.0000077 seconds
2017-06-01T12:20:59.219-0100: 3020.478: Total time for which application threads were stopped: 0.0000394 seconds, Stopping threads took: 0.0000065 seconds
2017-06-01T12:20:59.219-0100: 3020.478: Total time for which application threads were stopped: 0.0000395 seconds, Stopping threads took: 0.0000061 seconds
2017-06-01T12:21:00.223-0100: 3021.482: Total time for which application threads were stopped: 0.0001063 seconds, Stopping threads took: 0.0000263 seconds
2017-06-01T12:21:04.545-0100: 3025.805: Total time for which application threads were stopped: 0.0001276 seconds, Stopping threads took: 0.0000251 seconds
2017-06-01T12:21:04.546-0100: 3025.805: Total time for which application threads were stopped: 0.0001145 seconds, Stopping threads took: 0.0000325 seconds
2017-06-01T12:21:04.548-0100: 3025.807: Total time for which application threads were stopped: 0.0001294 seconds, Stopping threads took: 0.0000237 seconds
2017-06-01T12:21:04.549-0100: 3025.808: Total time for which application threads were stopped: 0.0001249 seconds, Stopping threads took: 0.0000234 seconds
2017-06-01T12:21:04.560-0100: 3025.819: Total time for which application threads were stopped: 0.0001271 seconds, Stopping threads took: 0.0000234 seconds
2017-06-01T12:21:04.560-0100: 3025.819: Total time for which application threads were stopped: 0.0000577 seconds, Stopping threads took: 0.0000073 seconds
2017-06-01T12:21:04.568-0100: 3025.828: Total time for which application threads were stopped: 0.0001210 seconds, Stopping threads took: 0.0000230 seconds
2017-06-01T12:21:04.568-0100: 3025.828: Total time for which application threads were stopped: 0.0000591 seconds, Stopping threads took: 0.0000090 seconds
2017-06-01T12:21:39.172-0100: 3060.431: Total time for which application threads were stopped: 0.0001283 seconds, Stopping threads took: 0.0000371 seconds
2017-06-01T12:21:39.172-0100: 3060.431: Total time for which application threads were stopped: 0.0000755 seconds, Stopping threads took: 0.0000107 seconds
2017-06-01T12:21:39.180-0100: 3060.439: Total time for which application threads were stopped: 0.0000879 seconds, Stopping threads took: 0.0000218 seconds
2017-06-01T12:21:39.180-0100: 3060.439: Total time for which application threads were stopped: 0.0000530 seconds, Stopping threads took: 0.0000068 seconds
2017-06-01T12:21:39.209-0100: 3060.468: Total time for which application threads were stopped: 0.0001413 seconds, Stopping threads took: 0.0000416 seconds
2017-06-01T12:21:39.209-0100: 3060.468: Total time for which application threads were stopped: 0.0000872 seconds, Stopping threads took: 0.0000290 seconds
2017-06-01T12:21:39.218-0100: 3060.477: Total time for which application threads were stopped: 0.0001172 seconds, Stopping threads took: 0.0000218 seconds
2017-06-01T12:21:39.218-0100: 3060.477: Total time for which application threads were stopped: 0.0000634 seconds, Stopping threads took: 0.0000096 seconds
{Heap before GC invocations=9 (full 1):
 par new generation   total 109248K, used 102706K [0x00000007a0000000, 0x00000007a8000000, 0x00000007a8000000)
  eden space 87424K,  99% used [0x00000007a0000000, 0x00000007a555fcb8, 0x00000007a5560000)
  from space 21824K,  70% used [0x00000007a6ab0000, 0x00000007a799ce50, 0x00000007a8000000)
  to   space 21824K,   0% used [0x00000007a5560000, 0x00000007a5560000, 0x00000007a6ab0000)
 concurrent mark-sweep generation total 393216K, used 4986K [0x00000007a8000000, 0x00000007c0000000, 0x00000007c0000000)
 Metaspace       used 34133K, capacity 34752K, committed 35012K, reserved 1079296K
  class space    used 4034K, capacity 4234K, committed 4324K, reserved 1048576K
2017-06-01T12:21:43.583-0100: 3064.842: [GC (Allocation Failure) 2017-06-01T12:21:43.583-0100: 3064.842: [ParNew
Desired survivor size 20112992 bytes, new threshold 8 (max 8)
- age   1:    1996256 bytes,    1996256 total
- age   2:    2123288 bytes,    4119544 total
- age   3:     782072 bytes,    4901616 total
- age   4:     253992 bytes,    5155608 total
- age   5:    3116680 bytes,    8272288 total
- age   6:    1400584 bytes,    9672872 total
- age   7:     539160 bytes,   10212032 total
- age   8:     210304 bytes,   10422336 total
: 102706K->12628K(109248K), 0.0093906 secs] 107693K->19177K(502464K), 0.0094397 secs] [Times: user=0.03 sys=0.00, real=0.01 secs] 
Heap after GC invocations=10 (full 1):
 par new generation   total 109248K, used 12628K [0x00000007a0000000, 0x00000007a8000000, 0x00000007a8000000)
  eden space 87424K,   0% used [0x00000007a0000000, 0x00000007a0000000, 0x00000007a5560000)
  from space 21824K,  57% used [0x00000007a5560000, 0x00000007a61b5150, 0x00000007a6ab0000)
  to   space 21824K,   0% used [0x00000007a6ab0000, 0x00000007a6ab0000, 0x00000007a8000000)
 concurrent mark-sweep generation total 393216K, used 6548K [0x00000007a8000000, 0x00000007c0000000, 0x00000007c0000000)
 Metaspace       used 34133K, capacity 34752K, committed 35012K, reserved 1079296K
  class space    used 4034K, capacity 4234K, committed 4324K, reserved 1048576K
}
2017-06-01T12:21:43.593-0100: 3064.852: Total time for which application threads were stopped: 0.0096430 seconds, Stopping threads took: 0.0000300 seconds
2017-06-01T12:21:43.593-0100: 3064.852: Total time for which application threads were stopped: 0.0001392 seconds, Stopping threads took: 0.0000581 seconds
2017-06-01T12:21:43.593-0100: 3064.852: Total time for which application threads were stopped: 0.0001245 seconds, Stopping threads took: 0.0000569 seconds
2017-06-01T12:21:43.602-0100: 3064.861: Total time for which application threads were stopped: 0.0001138 seconds, Stopping threads took: 0.0000371 seconds
2017-06-01T12:21:43.696-0100: 3064.955: Total time for which application threads were stopped: 0.0001230 seconds, Stopping threads took: 0.0000315 seconds
2017-06-01T12:21:43.700-0100: 3064.959: Total time for which application threads were stopped: 0.0001419 seconds, Stopping threads took: 0.0000743 seconds
2017-06-01T12:21:43.700-0100: 3064.959: Total time for which application threads were stopped: 0.0000870 seconds, Stopping threads took: 0.0000468 seconds
2017-06-01T12:21:43.700-0100: 3064.959: Total time for which application threads were stopped: 0.0000602 seconds, Stopping threads took: 0.0000237 seconds
2017-06-01T12:21:43.700-0100: 3064.959: Total time for which application threads were stopped: 0.0000604 seconds, Stopping threads took: 0.0000241 seconds
2017-06-01T12:21:43.700-0100: 3064.959: Total time for which application threads were stopped: 0.0000576 seconds, Stopping threads took: 0.0000087 seconds
2017-06-01T12:21:43.700-0100: 3064.959: Total time for which application threads were stopped: 0.0000785 seconds, Stopping threads took: 0.0000328 seconds
2017-06-01T12:21:43.700-0100: 3064.959: Total time for which application threads were stopped: 0.0000464 seconds, Stopping threads took: 0.0000082 seconds
2017-06-01T12:21:43.700-0100: 3064.959: Total time for which application threads were stopped: 0.0000626 seconds, Stopping threads took: 0.0000201 seconds
2017-06-01T12:21:43.701-0100: 3064.959: Total time for which application threads were stopped: 0.0000588 seconds, Stopping threads took: 0.0000226 seconds
2017-06-01T12:21:43.701-0100: 3064.960: Total time for which application threads were stopped: 0.0000423 seconds, Stopping threads took: 0.0000076 seconds
2017-06-01T12:21:43.701-0100: 3064.960: Total time for which application threads were stopped: 0.0000615 seconds, Stopping threads took: 0.0000249 seconds
2017-06-01T12:21:43.701-0100: 3064.960: Total time for which application threads were stopped: 0.0000557 seconds, Stopping threads took: 0.0000088 seconds
2017-06-01T12:21:43.701-0100: 3064.960: Total time for which application threads were stopped: 0.0000686 seconds, Stopping threads took: 0.0000374 seconds
2017-06-01T12:21:43.701-0100: 3064.960: Total time for which application threads were stopped: 0.0000482 seconds, Stopping threads took: 0.0000211 seconds
2017-06-01T12:21:43.701-0100: 3064.960: Total time for which application threads were stopped: 0.0000467 seconds, Stopping threads took: 0.0000076 seconds
2017-06-01T12:21:43.701-0100: 3064.960: Total time for which application threads were stopped: 0.0000385 seconds, Stopping threads took: 0.0000072 seconds
2017-06-01T12:21:43.701-0100: 3064.960: Total time for which application threads were stopped: 0.0000737 seconds, Stopping threads took: 0.0000371 seconds
2017-06-01T12:21:43.701-0100: 3064.960: Total time for which application threads were stopped: 0.0000554 seconds, Stopping threads took: 0.0000257 seconds
2017-06-01T12:21:43.701-0100: 3064.960: Total time for which application threads were stopped: 0.0001139 seconds, Stopping threads took: 0.0000148 seconds
2017-06-01T12:21:43.703-0100: 3064.962: Total time for which application threads were stopped: 0.0000712 seconds, Stopping threads took: 0.0000246 seconds
2017-06-01T12:21:43.703-0100: 3064.962: Total time for which application threads were stopped: 0.0000644 seconds, Stopping threads took: 0.0000215 seconds
2017-06-01T12:21:43.704-0100: 3064.963: Total time for which application threads were stopped: 0.0000678 seconds, Stopping threads took: 0.0000140 seconds
2017-06-01T12:21:43.706-0100: 3064.965: Total time for which application threads were stopped: 0.0001174 seconds, Stopping threads took: 0.0000412 seconds
2017-06-01T12:21:43.706-0100: 3064.965: Total time for which application threads were stopped: 0.0000435 seconds, Stopping threads took: 0.0000080 seconds
2017-06-01T12:21:44.728-0100: 3065.986: Total time for which application threads were stopped: 0.0001154 seconds, Stopping threads took: 0.0000468 seconds
2017-06-01T12:21:44.734-0100: 3065.993: Total time for which application threads were stopped: 0.0001089 seconds, Stopping threads took: 0.0000407 seconds
2017-06-01T12:21:44.734-0100: 3065.993: Total time for which application threads were stopped: 0.0000672 seconds, Stopping threads took: 0.0000116 seconds
2017-06-01T12:21:44.743-0100: 3066.002: Total time for which application threads were stopped: 0.0001119 seconds, Stopping threads took: 0.0000218 seconds
2017-06-01T12:21:44.743-0100: 3066.002: Total time for which application threads were stopped: 0.0000491 seconds, Stopping threads took: 0.0000080 seconds
2017-06-01T12:21:46.975-0100: 3068.233: Total time for which application threads were stopped: 0.0001300 seconds, Stopping threads took: 0.0000438 seconds
2017-06-01T12:21:46.975-0100: 3068.234: Total time for which application threads were stopped: 0.0000921 seconds, Stopping threads took: 0.0000283 seconds
2017-06-01T12:21:46.975-0100: 3068.234: Total time for which application threads were stopped: 0.0000826 seconds, Stopping threads took: 0.0000148 seconds
2017-06-01T12:21:46.975-0100: 3068.234: Total time for which application threads were stopped: 0.0000766 seconds, Stopping threads took: 0.0000369 seconds
2017-06-01T12:21:46.975-0100: 3068.234: Total time for which application threads were stopped: 0.0000696 seconds, Stopping threads took: 0.0000195 seconds
2017-06-01T12:21:46.976-0100: 3068.235: Total time for which application threads were stopped: 0.0001099 seconds, Stopping threads took: 0.0000297 seconds
2017-06-01T12:21:46.976-0100: 3068.235: Total time for which application threads were stopped: 0.0000788 seconds, Stopping threads took: 0.0000304 seconds
2017-06-01T12:21:46.976-0100: 3068.235: Total time for which application threads were stopped: 0.0000784 seconds, Stopping threads took: 0.0000102 seconds
2017-06-01T12:21:46.976-0100: 3068.235: Total time for which application threads were stopped: 0.0000487 seconds, Stopping threads took: 0.0000088 seconds
2017-06-01T12:21:46.976-0100: 3068.235: Total time for which application threads were stopped: 0.0000509 seconds, Stopping threads took: 0.0000088 seconds
2017-06-01T12:21:46.976-0100: 3068.235: Total time for which application threads were stopped: 0.0000645 seconds, Stopping threads took: 0.0000267 seconds
2017-06-01T12:21:46.976-0100: 3068.235: Total time for which application threads were stopped: 0.0000637 seconds, Stopping threads took: 0.0000106 seconds
2017-06-01T12:21:46.977-0100: 3068.236: Total time for which application threads were stopped: 0.0000669 seconds, Stopping threads took: 0.0000169 seconds
2017-06-01T12:21:46.977-0100: 3068.236: Total time for which application threads were stopped: 0.0000914 seconds, Stopping threads took: 0.0000169 seconds
2017-06-01T12:21:46.977-0100: 3068.236: Total time for which application threads were stopped: 0.0000988 seconds, Stopping threads took: 0.0000368 seconds
2017-06-01T12:21:46.986-0100: 3068.244: Total time for which application threads were stopped: 0.0003754 seconds, Stopping threads took: 0.0002866 seconds
2017-06-01T12:21:46.986-0100: 3068.245: Total time for which application threads were stopped: 0.0000841 seconds, Stopping threads took: 0.0000226 seconds
2017-06-01T12:21:46.986-0100: 3068.245: Total time for which application threads were stopped: 0.0000892 seconds, Stopping threads took: 0.0000138 seconds
2017-06-01T12:21:46.986-0100: 3068.245: Total time for which application threads were stopped: 0.0000698 seconds, Stopping threads took: 0.0000081 seconds
2017-06-01T12:21:46.998-0100: 3068.257: Total time for which application threads were stopped: 0.0002202 seconds, Stopping threads took: 0.0000435 seconds
2017-06-01T12:21:46.998-0100: 3068.257: Total time for which application threads were stopped: 0.0001876 seconds, Stopping threads took: 0.0000252 seconds
2017-06-01T12:21:46.999-0100: 3068.258: Total time for which application threads were stopped: 0.0001797 seconds, Stopping threads took: 0.0000179 seconds
2017-06-01T12:21:48.049-0100: 3069.308: Total time for which application threads were stopped: 0.0001776 seconds, Stopping threads took: 0.0000926 seconds
2017-06-01T12:21:48.050-0100: 3069.308: Total time for which application threads were stopped: 0.0001145 seconds, Stopping threads took: 0.0000690 seconds
2017-06-01T12:21:48.059-0100: 3069.318: Total time for which application threads were stopped: 0.0001094 seconds, Stopping threads took: 0.0000237 seconds
2017-06-01T12:21:48.059-0100: 3069.318: Total time for which application threads were stopped: 0.0000623 seconds, Stopping threads took: 0.0000094 seconds
2017-06-01T12:21:50.911-0100: 3072.170: Total time for which application threads were stopped: 0.0001058 seconds, Stopping threads took: 0.0000347 seconds
2017-06-01T12:21:50.911-0100: 3072.170: Total time for which application threads were stopped: 0.0000592 seconds, Stopping threads took: 0.0000101 seconds
2017-06-01T12:21:50.919-0100: 3072.178: Total time for which application threads were stopped: 0.0000872 seconds, Stopping threads took: 0.0000225 seconds
2017-06-01T12:21:50.919-0100: 3072.178: Total time for which application threads were stopped: 0.0000587 seconds, Stopping threads took: 0.0000093 seconds
2017-06-01T12:21:52.925-0100: 3074.184: Total time for which application threads were stopped: 0.0000853 seconds, Stopping threads took: 0.0000204 seconds
2017-06-01T12:21:54.242-0100: 3075.501: Total time for which application threads were stopped: 0.0001696 seconds, Stopping threads took: 0.0000257 seconds
2017-06-01T12:21:54.242-0100: 3075.501: Total time for which application threads were stopped: 0.0000604 seconds, Stopping threads took: 0.0000099 seconds
2017-06-01T12:21:54.250-0100: 3075.508: Total time for which application threads were stopped: 0.0001019 seconds, Stopping threads took: 0.0000226 seconds
2017-06-01T12:21:54.250-0100: 3075.509: Total time for which application threads were stopped: 0.0000486 seconds, Stopping threads took: 0.0000078 seconds
2017-06-01T12:22:05.277-0100: 3086.536: Total time for which application threads were stopped: 0.0000816 seconds, Stopping threads took: 0.0000164 seconds
2017-06-01T12:22:05.277-0100: 3086.536: Total time for which application threads were stopped: 0.0000459 seconds, Stopping threads took: 0.0000076 seconds
2017-06-01T12:22:05.277-0100: 3086.536: Total time for which application threads were stopped: 0.0000581 seconds, Stopping threads took: 0.0000098 seconds
2017-06-01T12:22:05.281-0100: 3086.540: Total time for which application threads were stopped: 0.0000809 seconds, Stopping threads took: 0.0000136 seconds
2017-06-01T12:22:05.285-0100: 3086.543: Total time for which application threads were stopped: 0.0001120 seconds, Stopping threads took: 0.0000339 seconds
2017-06-01T12:22:06.289-0100: 3087.548: Total time for which application threads were stopped: 0.0001073 seconds, Stopping threads took: 0.0000246 seconds
2017-06-01T12:22:06.290-0100: 3087.549: Total time for which application threads were stopped: 0.0000898 seconds, Stopping threads took: 0.0000166 seconds
2017-06-01T12:22:06.290-0100: 3087.549: Total time for which application threads were stopped: 0.0000606 seconds, Stopping threads took: 0.0000103 seconds
2017-06-01T12:22:06.290-0100: 3087.549: Total time for which application threads were stopped: 0.0000639 seconds, Stopping threads took: 0.0000115 seconds
2017-06-01T12:22:06.291-0100: 3087.550: Total time for which application threads were stopped: 0.0000699 seconds, Stopping threads took: 0.0000272 seconds
2017-06-01T12:22:06.292-0100: 3087.550: Total time for which application threads were stopped: 0.0000766 seconds, Stopping threads took: 0.0000338 seconds
2017-06-01T12:22:06.292-0100: 3087.551: Total time for which application threads were stopped: 0.0000630 seconds, Stopping threads took: 0.0000239 seconds
2017-06-01T12:22:06.292-0100: 3087.551: Total time for which application threads were stopped: 0.0000611 seconds, Stopping threads took: 0.0000195 seconds
2017-06-01T12:22:06.295-0100: 3087.554: Total time for which application threads were stopped: 0.0000707 seconds, Stopping threads took: 0.0000106 seconds
2017-06-01T12:22:08.408-0100: 3089.666: Total time for which application threads were stopped: 0.0001165 seconds, Stopping threads took: 0.0000386 seconds
2017-06-01T12:22:08.408-0100: 3089.666: Total time for which application threads were stopped: 0.0000709 seconds, Stopping threads took: 0.0000117 seconds
2017-06-01T12:22:08.415-0100: 3089.674: Total time for which application threads were stopped: 0.0001002 seconds, Stopping threads took: 0.0000231 seconds
2017-06-01T12:22:08.416-0100: 3089.674: Total time for which application threads were stopped: 0.0000530 seconds, Stopping threads took: 0.0000073 seconds
2017-06-01T12:22:10.424-0100: 3091.683: Total time for which application threads were stopped: 0.0001575 seconds, Stopping threads took: 0.0000332 seconds
2017-06-01T12:22:20.290-0100: 3101.548: Total time for which application threads were stopped: 0.0001455 seconds, Stopping threads took: 0.0000315 seconds
2017-06-01T12:22:20.290-0100: 3101.549: Total time for which application threads were stopped: 0.0001013 seconds, Stopping threads took: 0.0000212 seconds
2017-06-01T12:22:20.291-0100: 3101.549: Total time for which application threads were stopped: 0.0001038 seconds, Stopping threads took: 0.0000158 seconds
2017-06-01T12:22:20.294-0100: 3101.552: Total time for which application threads were stopped: 0.0000906 seconds, Stopping threads took: 0.0000196 seconds
2017-06-01T12:22:20.294-0100: 3101.553: Total time for which application threads were stopped: 0.0001569 seconds, Stopping threads took: 0.0000144 seconds
2017-06-01T12:22:20.299-0100: 3101.558: Total time for which application threads were stopped: 0.0000842 seconds, Stopping threads took: 0.0000277 seconds
2017-06-01T12:22:20.299-0100: 3101.558: Total time for which application threads were stopped: 0.0000787 seconds, Stopping threads took: 0.0000302 seconds
2017-06-01T12:22:20.300-0100: 3101.559: Total time for which application threads were stopped: 0.0000560 seconds, Stopping threads took: 0.0000097 seconds
2017-06-01T12:22:20.300-0100: 3101.559: Total time for which application threads were stopped: 0.0000414 seconds, Stopping threads took: 0.0000068 seconds
2017-06-01T12:22:20.300-0100: 3101.559: Total time for which application threads were stopped: 0.0000395 seconds, Stopping threads took: 0.0000063 seconds
2017-06-01T12:22:47.001-0100: 3128.259: Total time for which application threads were stopped: 0.0001738 seconds, Stopping threads took: 0.0000360 seconds
2017-06-01T12:22:58.786-0100: 3140.045: Total time for which application threads were stopped: 0.0001579 seconds, Stopping threads took: 0.0000772 seconds
2017-06-01T12:22:58.787-0100: 3140.045: Total time for which application threads were stopped: 0.0000832 seconds, Stopping threads took: 0.0000287 seconds
2017-06-01T12:22:58.795-0100: 3140.053: Total time for which application threads were stopped: 0.0001378 seconds, Stopping threads took: 0.0000249 seconds
2017-06-01T12:22:58.795-0100: 3140.053: Total time for which application threads were stopped: 0.0000908 seconds, Stopping threads took: 0.0000278 seconds
2017-06-01T12:23:04.505-0100: 3145.763: Total time for which application threads were stopped: 0.0001556 seconds, Stopping threads took: 0.0000415 seconds
2017-06-01T12:23:04.505-0100: 3145.763: Total time for which application threads were stopped: 0.0000904 seconds, Stopping threads took: 0.0000271 seconds
2017-06-01T12:23:04.514-0100: 3145.773: Total time for which application threads were stopped: 0.0001033 seconds, Stopping threads took: 0.0000223 seconds
2017-06-01T12:23:04.514-0100: 3145.773: Total time for which application threads were stopped: 0.0001089 seconds, Stopping threads took: 0.0000118 seconds
2017-06-01T12:23:04.540-0100: 3145.798: Total time for which application threads were stopped: 0.0001518 seconds, Stopping threads took: 0.0000670 seconds
2017-06-01T12:23:04.540-0100: 3145.798: Total time for which application threads were stopped: 0.0001137 seconds, Stopping threads took: 0.0000298 seconds
2017-06-01T12:23:04.551-0100: 3145.809: Total time for which application threads were stopped: 0.0001106 seconds, Stopping threads took: 0.0000213 seconds
2017-06-01T12:23:04.551-0100: 3145.809: Total time for which application threads were stopped: 0.0000622 seconds, Stopping threads took: 0.0000076 seconds
2017-06-01T12:23:05.862-0100: 3147.120: Total time for which application threads were stopped: 0.0000893 seconds, Stopping threads took: 0.0000165 seconds
{Heap before GC invocations=10 (full 1):
 par new generation   total 109248K, used 100028K [0x00000007a0000000, 0x00000007a8000000, 0x00000007a8000000)
  eden space 87424K,  99% used [0x00000007a0000000, 0x00000007a555a0c8, 0x00000007a5560000)
  from space 21824K,  57% used [0x00000007a5560000, 0x00000007a61b5150, 0x00000007a6ab0000)
  to   space 21824K,   0% used [0x00000007a6ab0000, 0x00000007a6ab0000, 0x00000007a8000000)
 concurrent mark-sweep generation total 393216K, used 6548K [0x00000007a8000000, 0x00000007c0000000, 0x00000007c0000000)
 Metaspace       used 34395K, capacity 34968K, committed 35268K, reserved 1081344K
  class space    used 4041K, capacity 4238K, committed 4324K, reserved 1048576K
2017-06-01T12:23:05.910-0100: 3147.168: [GC (Allocation Failure) 2017-06-01T12:23:05.910-0100: 3147.168: [ParNew
Desired survivor size 20112992 bytes, new threshold 8 (max 8)
- age   1:    3257696 bytes,    3257696 total
- age   2:     928688 bytes,    4186384 total
- age   3:     529232 bytes,    4715616 total
- age   4:     782048 bytes,    5497664 total
- age   5:     253992 bytes,    5751656 total
- age   6:    3116424 bytes,    8868080 total
- age   7:    1400280 bytes,   10268360 total
- age   8:     539160 bytes,   10807520 total
: 100028K->12944K(109248K), 0.0084024 secs] 106577K->19704K(502464K), 0.0084779 secs] [Times: user=0.05 sys=0.00, real=0.00 secs] 
Heap after GC invocations=11 (full 1):
 par new generation   total 109248K, used 12944K [0x00000007a0000000, 0x00000007a8000000, 0x00000007a8000000)
  eden space 87424K,   0% used [0x00000007a0000000, 0x00000007a0000000, 0x00000007a5560000)
  from space 21824K,  59% used [0x00000007a6ab0000, 0x00000007a7754130, 0x00000007a8000000)
  to   space 21824K,   0% used [0x00000007a5560000, 0x00000007a5560000, 0x00000007a6ab0000)
 concurrent mark-sweep generation total 393216K, used 6759K [0x00000007a8000000, 0x00000007c0000000, 0x00000007c0000000)
 Metaspace       used 34395K, capacity 34968K, committed 35268K, reserved 1081344K
  class space    used 4041K, capacity 4238K, committed 4324K, reserved 1048576K
}
2017-06-01T12:23:05.918-0100: 3147.177: Total time for which application threads were stopped: 0.0086613 seconds, Stopping threads took: 0.0000209 seconds
2017-06-01T12:23:05.918-0100: 3147.177: Total time for which application threads were stopped: 0.0001606 seconds, Stopping threads took: 0.0000575 seconds
2017-06-01T12:23:05.919-0100: 3147.177: Total time for which application threads were stopped: 0.0000964 seconds, Stopping threads took: 0.0000233 seconds
2017-06-01T12:23:05.919-0100: 3147.177: Total time for which application threads were stopped: 0.0002007 seconds, Stopping threads took: 0.0001184 seconds
2017-06-01T12:23:05.927-0100: 3147.185: Total time for which application threads were stopped: 0.0001197 seconds, Stopping threads took: 0.0000306 seconds
2017-06-01T12:23:06.022-0100: 3147.280: Total time for which application threads were stopped: 0.0001250 seconds, Stopping threads took: 0.0000309 seconds
2017-06-01T12:23:06.026-0100: 3147.284: Total time for which application threads were stopped: 0.0001029 seconds, Stopping threads took: 0.0000332 seconds
2017-06-01T12:23:06.026-0100: 3147.284: Total time for which application threads were stopped: 0.0000823 seconds, Stopping threads took: 0.0000313 seconds
2017-06-01T12:23:06.026-0100: 3147.285: Total time for which application threads were stopped: 0.0001188 seconds, Stopping threads took: 0.0000663 seconds
2017-06-01T12:23:06.026-0100: 3147.285: Total time for which application threads were stopped: 0.0000724 seconds, Stopping threads took: 0.0000336 seconds
2017-06-01T12:23:06.026-0100: 3147.285: Total time for which application threads were stopped: 0.0000733 seconds, Stopping threads took: 0.0000236 seconds
2017-06-01T12:23:06.026-0100: 3147.285: Total time for which application threads were stopped: 0.0000646 seconds, Stopping threads took: 0.0000187 seconds
2017-06-01T12:23:06.027-0100: 3147.285: Total time for which application threads were stopped: 0.0000581 seconds, Stopping threads took: 0.0000187 seconds
2017-06-01T12:23:06.027-0100: 3147.285: Total time for which application threads were stopped: 0.0000569 seconds, Stopping threads took: 0.0000174 seconds
2017-06-01T12:23:06.027-0100: 3147.285: Total time for which application threads were stopped: 0.0000412 seconds, Stopping threads took: 0.0000069 seconds
2017-06-01T12:23:06.027-0100: 3147.285: Total time for which application threads were stopped: 0.0000569 seconds, Stopping threads took: 0.0000098 seconds
2017-06-01T12:23:06.027-0100: 3147.285: Total time for which application threads were stopped: 0.0000489 seconds, Stopping threads took: 0.0000100 seconds
2017-06-01T12:23:06.027-0100: 3147.285: Total time for which application threads were stopped: 0.0000592 seconds, Stopping threads took: 0.0000193 seconds
2017-06-01T12:23:06.027-0100: 3147.286: Total time for which application threads were stopped: 0.0000525 seconds, Stopping threads took: 0.0000178 seconds
2017-06-01T12:23:06.027-0100: 3147.286: Total time for which application threads were stopped: 0.0000388 seconds, Stopping threads took: 0.0000064 seconds
2017-06-01T12:23:06.027-0100: 3147.286: Total time for which application threads were stopped: 0.0000582 seconds, Stopping threads took: 0.0000189 seconds
2017-06-01T12:23:06.027-0100: 3147.286: Total time for which application threads were stopped: 0.0000401 seconds, Stopping threads took: 0.0000070 seconds
2017-06-01T12:23:06.027-0100: 3147.286: Total time for which application threads were stopped: 0.0000404 seconds, Stopping threads took: 0.0000068 seconds
2017-06-01T12:23:06.027-0100: 3147.286: Total time for which application threads were stopped: 0.0000499 seconds, Stopping threads took: 0.0000167 seconds
2017-06-01T12:23:06.028-0100: 3147.286: Total time for which application threads were stopped: 0.0000383 seconds, Stopping threads took: 0.0000067 seconds
2017-06-01T12:23:06.028-0100: 3147.286: Total time for which application threads were stopped: 0.0001081 seconds, Stopping threads took: 0.0000063 seconds
2017-06-01T12:23:06.029-0100: 3147.287: Total time for which application threads were stopped: 0.0000381 seconds, Stopping threads took: 0.0000067 seconds
2017-06-01T12:23:06.029-0100: 3147.287: Total time for which application threads were stopped: 0.0000408 seconds, Stopping threads took: 0.0000066 seconds
2017-06-01T12:23:06.034-0100: 3147.292: Total time for which application threads were stopped: 0.0001547 seconds, Stopping threads took: 0.0000529 seconds
2017-06-01T12:23:06.034-0100: 3147.293: Total time for which application threads were stopped: 0.0000736 seconds, Stopping threads took: 0.0000224 seconds
2017-06-01T12:23:06.034-0100: 3147.293: Total time for which application threads were stopped: 0.0000599 seconds, Stopping threads took: 0.0000232 seconds
2017-06-01T12:23:06.035-0100: 3147.293: Total time for which application threads were stopped: 0.0000382 seconds, Stopping threads took: 0.0000091 seconds
2017-06-01T12:23:06.035-0100: 3147.293: Total time for which application threads were stopped: 0.0001760 seconds, Stopping threads took: 0.0000093 seconds
2017-06-01T12:23:07.058-0100: 3148.316: Total time for which application threads were stopped: 0.0001322 seconds, Stopping threads took: 0.0000352 seconds
2017-06-01T12:23:07.063-0100: 3148.321: Total time for which application threads were stopped: 0.0001146 seconds, Stopping threads took: 0.0000283 seconds
2017-06-01T12:23:07.063-0100: 3148.322: Total time for which application threads were stopped: 0.0000876 seconds, Stopping threads took: 0.0000230 seconds
2017-06-01T12:23:07.071-0100: 3148.329: Total time for which application threads were stopped: 0.0000999 seconds, Stopping threads took: 0.0000207 seconds
2017-06-01T12:23:07.071-0100: 3148.329: Total time for which application threads were stopped: 0.0000553 seconds, Stopping threads took: 0.0000079 seconds
2017-06-01T12:23:08.692-0100: 3149.950: Total time for which application threads were stopped: 0.0001283 seconds, Stopping threads took: 0.0000340 seconds
2017-06-01T12:23:08.692-0100: 3149.951: Total time for which application threads were stopped: 0.0001720 seconds, Stopping threads took: 0.0000817 seconds
2017-06-01T12:23:08.693-0100: 3149.951: Total time for which application threads were stopped: 0.0001043 seconds, Stopping threads took: 0.0000265 seconds
2017-06-01T12:23:08.693-0100: 3149.951: Total time for which application threads were stopped: 0.0000830 seconds, Stopping threads took: 0.0000225 seconds
2017-06-01T12:23:08.693-0100: 3149.952: Total time for which application threads were stopped: 0.0000968 seconds, Stopping threads took: 0.0000294 seconds
2017-06-01T12:23:08.693-0100: 3149.952: Total time for which application threads were stopped: 0.0002101 seconds, Stopping threads took: 0.0000302 seconds
2017-06-01T12:23:08.696-0100: 3149.954: Total time for which application threads were stopped: 0.0001674 seconds, Stopping threads took: 0.0000537 seconds
2017-06-01T12:23:08.697-0100: 3149.955: Total time for which application threads were stopped: 0.0001314 seconds, Stopping threads took: 0.0000339 seconds
2017-06-01T12:23:08.697-0100: 3149.955: Total time for which application threads were stopped: 0.0003582 seconds, Stopping threads took: 0.0002663 seconds
2017-06-01T12:23:08.697-0100: 3149.956: Total time for which application threads were stopped: 0.0001266 seconds, Stopping threads took: 0.0000432 seconds
2017-06-01T12:23:08.698-0100: 3149.956: Total time for which application threads were stopped: 0.0001305 seconds, Stopping threads took: 0.0000362 seconds
2017-06-01T12:23:08.698-0100: 3149.956: Total time for which application threads were stopped: 0.0000988 seconds, Stopping threads took: 0.0000297 seconds
2017-06-01T12:23:08.698-0100: 3149.956: Total time for which application threads were stopped: 0.0000729 seconds, Stopping threads took: 0.0000272 seconds
2017-06-01T12:23:08.698-0100: 3149.957: Total time for which application threads were stopped: 0.0000813 seconds, Stopping threads took: 0.0000331 seconds
2017-06-01T12:23:08.698-0100: 3149.957: Total time for which application threads were stopped: 0.0001142 seconds, Stopping threads took: 0.0000351 seconds
2017-06-01T12:23:08.699-0100: 3149.957: Total time for which application threads were stopped: 0.0001274 seconds, Stopping threads took: 0.0000404 seconds
2017-06-01T12:23:08.699-0100: 3149.958: Total time for which application threads were stopped: 0.0001068 seconds, Stopping threads took: 0.0000332 seconds
2017-06-01T12:23:08.703-0100: 3149.962: Total time for which application threads were stopped: 0.0001516 seconds, Stopping threads took: 0.0000482 seconds
2017-06-01T12:23:08.703-0100: 3149.962: Total time for which application threads were stopped: 0.0001095 seconds, Stopping threads took: 0.0000248 seconds
2017-06-01T12:23:08.707-0100: 3149.966: Total time for which application threads were stopped: 0.0001268 seconds, Stopping threads took: 0.0000208 seconds
2017-06-01T12:23:08.708-0100: 3149.966: Total time for which application threads were stopped: 0.0001037 seconds, Stopping threads took: 0.0000235 seconds
2017-06-01T12:23:08.712-0100: 3149.971: Total time for which application threads were stopped: 0.0001348 seconds, Stopping threads took: 0.0000449 seconds
2017-06-01T12:23:08.712-0100: 3149.971: Total time for which application threads were stopped: 0.0000882 seconds, Stopping threads took: 0.0000205 seconds
2017-06-01T12:23:08.719-0100: 3149.977: Total time for which application threads were stopped: 0.0001057 seconds, Stopping threads took: 0.0000225 seconds
2017-06-01T12:23:08.719-0100: 3149.977: Total time for which application threads were stopped: 0.0000847 seconds, Stopping threads took: 0.0000185 seconds
2017-06-01T12:23:10.144-0100: 3151.402: Total time for which application threads were stopped: 0.0001106 seconds, Stopping threads took: 0.0000211 seconds
2017-06-01T12:23:10.144-0100: 3151.402: Total time for which application threads were stopped: 0.0000710 seconds, Stopping threads took: 0.0000079 seconds
2017-06-01T12:23:10.156-0100: 3151.415: Total time for which application threads were stopped: 0.0001954 seconds, Stopping threads took: 0.0000205 seconds
2017-06-01T12:23:10.157-0100: 3151.415: Total time for which application threads were stopped: 0.0000883 seconds, Stopping threads took: 0.0000091 seconds
2017-06-01T12:23:12.162-0100: 3153.420: Total time for which application threads were stopped: 0.0000825 seconds, Stopping threads took: 0.0000201 seconds
2017-06-01T12:23:34.972-0100: 3176.230: Total time for which application threads were stopped: 0.0001864 seconds, Stopping threads took: 0.0000390 seconds
2017-06-01T12:23:34.972-0100: 3176.230: Total time for which application threads were stopped: 0.0000692 seconds, Stopping threads took: 0.0000117 seconds
2017-06-01T12:23:34.982-0100: 3176.241: Total time for which application threads were stopped: 0.0001153 seconds, Stopping threads took: 0.0000232 seconds
2017-06-01T12:23:34.982-0100: 3176.241: Total time for which application threads were stopped: 0.0000593 seconds, Stopping threads took: 0.0000083 seconds
2017-06-01T12:23:35.009-0100: 3176.268: Total time for which application threads were stopped: 0.0001303 seconds, Stopping threads took: 0.0000295 seconds
2017-06-01T12:23:35.009-0100: 3176.268: Total time for which application threads were stopped: 0.0000796 seconds, Stopping threads took: 0.0000234 seconds
2017-06-01T12:23:35.018-0100: 3176.276: Total time for which application threads were stopped: 0.0000879 seconds, Stopping threads took: 0.0000209 seconds
2017-06-01T12:23:35.018-0100: 3176.276: Total time for which application threads were stopped: 0.0000448 seconds, Stopping threads took: 0.0000069 seconds
2017-06-01T12:23:35.067-0100: 3176.326: Total time for which application threads were stopped: 0.0001601 seconds, Stopping threads took: 0.0000676 seconds
2017-06-01T12:23:35.067-0100: 3176.326: Total time for which application threads were stopped: 0.0000717 seconds, Stopping threads took: 0.0000206 seconds
2017-06-01T12:23:35.077-0100: 3176.335: Total time for which application threads were stopped: 0.0001741 seconds, Stopping threads took: 0.0000216 seconds
2017-06-01T12:23:35.077-0100: 3176.335: Total time for which application threads were stopped: 0.0001163 seconds, Stopping threads took: 0.0000118 seconds
2017-06-01T12:23:35.077-0100: 3176.335: Total time for which application threads were stopped: 0.0000803 seconds, Stopping threads took: 0.0000071 seconds
2017-06-01T12:23:35.093-0100: 3176.351: Total time for which application threads were stopped: 0.0001199 seconds, Stopping threads took: 0.0000302 seconds
2017-06-01T12:23:35.093-0100: 3176.351: Total time for which application threads were stopped: 0.0000846 seconds, Stopping threads took: 0.0000130 seconds
2017-06-01T12:23:35.100-0100: 3176.358: Total time for which application threads were stopped: 0.0001111 seconds, Stopping threads took: 0.0000234 seconds
2017-06-01T12:23:35.100-0100: 3176.358: Total time for which application threads were stopped: 0.0000631 seconds, Stopping threads took: 0.0000103 seconds
2017-06-01T12:23:36.319-0100: 3177.577: Total time for which application threads were stopped: 0.0001463 seconds, Stopping threads took: 0.0000776 seconds
{Heap before GC invocations=11 (full 1):
 par new generation   total 109248K, used 100343K [0x00000007a0000000, 0x00000007a8000000, 0x00000007a8000000)
  eden space 87424K,  99% used [0x00000007a0000000, 0x00000007a5559b60, 0x00000007a5560000)
  from space 21824K,  59% used [0x00000007a6ab0000, 0x00000007a7754130, 0x00000007a8000000)
  to   space 21824K,   0% used [0x00000007a5560000, 0x00000007a5560000, 0x00000007a6ab0000)
 concurrent mark-sweep generation total 393216K, used 6759K [0x00000007a8000000, 0x00000007c0000000, 0x00000007c0000000)
 Metaspace       used 34518K, capacity 35126K, committed 35268K, reserved 1081344K
  class space    used 4044K, capacity 4243K, committed 4324K, reserved 1048576K
2017-06-01T12:23:36.362-0100: 3177.621: [GC (Allocation Failure) 2017-06-01T12:23:36.362-0100: 3177.621: [ParNew
Desired survivor size 20112992 bytes, new threshold 8 (max 8)
- age   1:    3117872 bytes,    3117872 total
- age   2:    1083312 bytes,    4201184 total
- age   3:     915376 bytes,    5116560 total
- age   4:     329640 bytes,    5446200 total
- age   5:     291104 bytes,    5737304 total
- age   6:     253992 bytes,    5991296 total
- age   7:    3116344 bytes,    9107640 total
- age   8:    1399864 bytes,   10507504 total
: 100343K->13216K(109248K), 0.0097556 secs] 107102K->20509K(502464K), 0.0098300 secs] [Times: user=0.04 sys=0.01, real=0.01 secs] 
Heap after GC invocations=12 (full 1):
 par new generation   total 109248K, used 13216K [0x00000007a0000000, 0x00000007a8000000, 0x00000007a8000000)
  eden space 87424K,   0% used [0x00000007a0000000, 0x00000007a0000000, 0x00000007a5560000)
  from space 21824K,  60% used [0x00000007a5560000, 0x00000007a62482e0, 0x00000007a6ab0000)
  to   space 21824K,   0% used [0x00000007a6ab0000, 0x00000007a6ab0000, 0x00000007a8000000)
 concurrent mark-sweep generation total 393216K, used 7292K [0x00000007a8000000, 0x00000007c0000000, 0x00000007c0000000)
 Metaspace       used 34518K, capacity 35126K, committed 35268K, reserved 1081344K
  class space    used 4044K, capacity 4243K, committed 4324K, reserved 1048576K
}
2017-06-01T12:23:36.372-0100: 3177.630: Total time for which application threads were stopped: 0.0100087 seconds, Stopping threads took: 0.0000166 seconds
2017-06-01T12:23:36.372-0100: 3177.631: Total time for which application threads were stopped: 0.0000866 seconds, Stopping threads took: 0.0000125 seconds
2017-06-01T12:23:36.373-0100: 3177.631: Total time for which application threads were stopped: 0.0001791 seconds, Stopping threads took: 0.0000519 seconds
2017-06-01T12:23:36.373-0100: 3177.631: Total time for which application threads were stopped: 0.0000864 seconds, Stopping threads took: 0.0000457 seconds
2017-06-01T12:23:36.379-0100: 3177.637: Total time for which application threads were stopped: 0.0001063 seconds, Stopping threads took: 0.0000285 seconds
2017-06-01T12:23:36.389-0100: 3177.647: Total time for which application threads were stopped: 0.0001249 seconds, Stopping threads took: 0.0000285 seconds
2017-06-01T12:23:36.389-0100: 3177.648: Total time for which application threads were stopped: 0.0000533 seconds, Stopping threads took: 0.0000085 seconds
2017-06-01T12:23:36.389-0100: 3177.648: Total time for which application threads were stopped: 0.0000374 seconds, Stopping threads took: 0.0000069 seconds
2017-06-01T12:23:36.390-0100: 3177.648: Total time for which application threads were stopped: 0.0000341 seconds, Stopping threads took: 0.0000062 seconds
2017-06-01T12:23:36.390-0100: 3177.648: Total time for which application threads were stopped: 0.0000335 seconds, Stopping threads took: 0.0000059 seconds
2017-06-01T12:23:36.390-0100: 3177.648: Total time for which application threads were stopped: 0.0000332 seconds, Stopping threads took: 0.0000058 seconds
2017-06-01T12:23:36.390-0100: 3177.648: Total time for which application threads were stopped: 0.0000333 seconds, Stopping threads took: 0.0000061 seconds
2017-06-01T12:23:36.390-0100: 3177.648: Total time for which application threads were stopped: 0.0000344 seconds, Stopping threads took: 0.0000060 seconds
2017-06-01T12:23:36.390-0100: 3177.648: Total time for which application threads were stopped: 0.0000362 seconds, Stopping threads took: 0.0000078 seconds
2017-06-01T12:23:36.394-0100: 3177.652: Total time for which application threads were stopped: 0.0001051 seconds, Stopping threads took: 0.0000402 seconds
2017-06-01T12:23:36.394-0100: 3177.652: Total time for which application threads were stopped: 0.0000756 seconds, Stopping threads took: 0.0000282 seconds
2017-06-01T12:23:36.394-0100: 3177.652: Total time for which application threads were stopped: 0.0000759 seconds, Stopping threads took: 0.0000304 seconds
2017-06-01T12:23:36.394-0100: 3177.652: Total time for which application threads were stopped: 0.0001099 seconds, Stopping threads took: 0.0000671 seconds
2017-06-01T12:23:36.394-0100: 3177.652: Total time for which application threads were stopped: 0.0000606 seconds, Stopping threads took: 0.0000245 seconds
2017-06-01T12:23:36.394-0100: 3177.652: Total time for which application threads were stopped: 0.0000614 seconds, Stopping threads took: 0.0000199 seconds
2017-06-01T12:23:36.394-0100: 3177.652: Total time for which application threads were stopped: 0.0000626 seconds, Stopping threads took: 0.0000187 seconds
2017-06-01T12:23:36.394-0100: 3177.653: Total time for which application threads were stopped: 0.0000762 seconds, Stopping threads took: 0.0000347 seconds
2017-06-01T12:23:36.395-0100: 3177.653: Total time for which application threads were stopped: 0.0000620 seconds, Stopping threads took: 0.0000235 seconds
2017-06-01T12:23:36.395-0100: 3177.653: Total time for which application threads were stopped: 0.0000517 seconds, Stopping threads took: 0.0000203 seconds
2017-06-01T12:23:36.395-0100: 3177.653: Total time for which application threads were stopped: 0.0000658 seconds, Stopping threads took: 0.0000365 seconds
2017-06-01T12:23:36.395-0100: 3177.653: Total time for which application threads were stopped: 0.0000445 seconds, Stopping threads took: 0.0000165 seconds
2017-06-01T12:23:36.395-0100: 3177.653: Total time for which application threads were stopped: 0.0000540 seconds, Stopping threads took: 0.0000162 seconds
2017-06-01T12:23:36.395-0100: 3177.653: Total time for which application threads were stopped: 0.0000463 seconds, Stopping threads took: 0.0000170 seconds
2017-06-01T12:23:36.395-0100: 3177.653: Total time for which application threads were stopped: 0.0000467 seconds, Stopping threads took: 0.0000141 seconds
2017-06-01T12:23:36.395-0100: 3177.653: Total time for which application threads were stopped: 0.0000508 seconds, Stopping threads took: 0.0000192 seconds
2017-06-01T12:23:36.395-0100: 3177.653: Total time for which application threads were stopped: 0.0000475 seconds, Stopping threads took: 0.0000094 seconds
2017-06-01T12:23:36.395-0100: 3177.654: Total time for which application threads were stopped: 0.0000334 seconds, Stopping threads took: 0.0000055 seconds
2017-06-01T12:23:36.395-0100: 3177.654: Total time for which application threads were stopped: 0.0000315 seconds, Stopping threads took: 0.0000052 seconds
2017-06-01T12:23:36.395-0100: 3177.654: Total time for which application threads were stopped: 0.0000444 seconds, Stopping threads took: 0.0000067 seconds
2017-06-01T12:23:36.396-0100: 3177.654: Total time for which application threads were stopped: 0.0000510 seconds, Stopping threads took: 0.0000162 seconds
2017-06-01T12:23:36.396-0100: 3177.654: Total time for which application threads were stopped: 0.0000932 seconds, Stopping threads took: 0.0000157 seconds
2017-06-01T12:23:36.397-0100: 3177.655: Total time for which application threads were stopped: 0.0000568 seconds, Stopping threads took: 0.0000177 seconds
2017-06-01T12:23:36.397-0100: 3177.655: Total time for which application threads were stopped: 0.0000518 seconds, Stopping threads took: 0.0000174 seconds
2017-06-01T12:23:36.401-0100: 3177.660: Total time for which application threads were stopped: 0.0001124 seconds, Stopping threads took: 0.0000176 seconds
2017-06-01T12:23:36.402-0100: 3177.660: Total time for which application threads were stopped: 0.0000466 seconds, Stopping threads took: 0.0000066 seconds
2017-06-01T12:23:37.425-0100: 3178.684: Total time for which application threads were stopped: 0.0001339 seconds, Stopping threads took: 0.0000541 seconds
2017-06-01T12:23:37.431-0100: 3178.689: Total time for which application threads were stopped: 0.0001250 seconds, Stopping threads took: 0.0000479 seconds
2017-06-01T12:23:37.431-0100: 3178.689: Total time for which application threads were stopped: 0.0000552 seconds, Stopping threads took: 0.0000078 seconds
2017-06-01T12:23:37.439-0100: 3178.697: Total time for which application threads were stopped: 0.0000892 seconds, Stopping threads took: 0.0000253 seconds
2017-06-01T12:23:37.439-0100: 3178.697: Total time for which application threads were stopped: 0.0000618 seconds, Stopping threads took: 0.0000108 seconds
2017-06-01T12:23:38.475-0100: 3179.734: Total time for which application threads were stopped: 0.0001380 seconds, Stopping threads took: 0.0000424 seconds
2017-06-01T12:23:38.476-0100: 3179.734: Total time for which application threads were stopped: 0.0002105 seconds, Stopping threads took: 0.0001291 seconds
2017-06-01T12:23:38.476-0100: 3179.734: Total time for which application threads were stopped: 0.0000861 seconds, Stopping threads took: 0.0000314 seconds
2017-06-01T12:23:38.476-0100: 3179.734: Total time for which application threads were stopped: 0.0001017 seconds, Stopping threads took: 0.0000370 seconds
2017-06-01T12:23:38.476-0100: 3179.734: Total time for which application threads were stopped: 0.0000943 seconds, Stopping threads took: 0.0000481 seconds
2017-06-01T12:23:38.476-0100: 3179.735: Total time for which application threads were stopped: 0.0000879 seconds, Stopping threads took: 0.0000256 seconds
2017-06-01T12:23:38.477-0100: 3179.735: Total time for which application threads were stopped: 0.0001345 seconds, Stopping threads took: 0.0000367 seconds
2017-06-01T12:23:38.477-0100: 3179.736: Total time for which application threads were stopped: 0.0000967 seconds, Stopping threads took: 0.0000243 seconds
2017-06-01T12:23:38.478-0100: 3179.736: Total time for which application threads were stopped: 0.0000949 seconds, Stopping threads took: 0.0000279 seconds
2017-06-01T12:23:38.478-0100: 3179.736: Total time for which application threads were stopped: 0.0000871 seconds, Stopping threads took: 0.0000247 seconds
2017-06-01T12:23:38.478-0100: 3179.736: Total time for which application threads were stopped: 0.0000847 seconds, Stopping threads took: 0.0000346 seconds
2017-06-01T12:23:38.478-0100: 3179.736: Total time for which application threads were stopped: 0.0000916 seconds, Stopping threads took: 0.0000348 seconds
2017-06-01T12:23:38.478-0100: 3179.736: Total time for which application threads were stopped: 0.0001510 seconds, Stopping threads took: 0.0000839 seconds
2017-06-01T12:23:38.478-0100: 3179.737: Total time for which application threads were stopped: 0.0001093 seconds, Stopping threads took: 0.0000378 seconds
2017-06-01T12:23:38.479-0100: 3179.737: Total time for which application threads were stopped: 0.0001215 seconds, Stopping threads took: 0.0000481 seconds
2017-06-01T12:23:38.479-0100: 3179.738: Total time for which application threads were stopped: 0.0000994 seconds, Stopping threads took: 0.0000272 seconds
2017-06-01T12:23:38.487-0100: 3179.745: Total time for which application threads were stopped: 0.0001318 seconds, Stopping threads took: 0.0000512 seconds
2017-06-01T12:23:38.487-0100: 3179.745: Total time for which application threads were stopped: 0.0001095 seconds, Stopping threads took: 0.0000228 seconds
2017-06-01T12:23:38.488-0100: 3179.746: Total time for which application threads were stopped: 0.0001159 seconds, Stopping threads took: 0.0000183 seconds
2017-06-01T12:23:38.488-0100: 3179.747: Total time for which application threads were stopped: 0.0000874 seconds, Stopping threads took: 0.0000105 seconds
2017-06-01T12:23:38.499-0100: 3179.757: Total time for which application threads were stopped: 0.0001074 seconds, Stopping threads took: 0.0000220 seconds
2017-06-01T12:23:38.499-0100: 3179.757: Total time for which application threads were stopped: 0.0000645 seconds, Stopping threads took: 0.0000078 seconds
2017-06-01T12:23:40.125-0100: 3181.384: Total time for which application threads were stopped: 0.0001233 seconds, Stopping threads took: 0.0000368 seconds
2017-06-01T12:23:40.126-0100: 3181.384: Total time for which application threads were stopped: 0.0000800 seconds, Stopping threads took: 0.0000105 seconds
2017-06-01T12:23:40.134-0100: 3181.392: Total time for which application threads were stopped: 0.0001110 seconds, Stopping threads took: 0.0000243 seconds
2017-06-01T12:23:40.134-0100: 3181.392: Total time for which application threads were stopped: 0.0000696 seconds, Stopping threads took: 0.0000127 seconds
2017-06-01T12:23:42.141-0100: 3183.399: Total time for which application threads were stopped: 0.0001407 seconds, Stopping threads took: 0.0000329 seconds
2017-06-01T12:24:38.500-0100: 3239.758: Total time for which application threads were stopped: 0.0001202 seconds, Stopping threads took: 0.0000300 seconds
2017-06-01T12:24:40.138-0100: 3241.396: Total time for which application threads were stopped: 0.0001300 seconds, Stopping threads took: 0.0000270 seconds
2017-06-01T12:25:37.271-0100: 3298.529: Total time for which application threads were stopped: 0.0001008 seconds, Stopping threads took: 0.0000249 seconds
2017-06-01T12:27:30.586-0100: 3411.843: Total time for which application threads were stopped: 0.0001520 seconds, Stopping threads took: 0.0000395 seconds
2017-06-01T12:27:30.587-0100: 3411.843: Total time for which application threads were stopped: 0.0000764 seconds, Stopping threads took: 0.0000111 seconds
2017-06-01T12:27:30.596-0100: 3411.852: Total time for which application threads were stopped: 0.0000947 seconds, Stopping threads took: 0.0000207 seconds
2017-06-01T12:27:30.596-0100: 3411.852: Total time for which application threads were stopped: 0.0000486 seconds, Stopping threads took: 0.0000068 seconds
2017-06-01T12:27:30.617-0100: 3411.874: Total time for which application threads were stopped: 0.0001167 seconds, Stopping threads took: 0.0000309 seconds
2017-06-01T12:27:30.617-0100: 3411.874: Total time for which application threads were stopped: 0.0000944 seconds, Stopping threads took: 0.0000259 seconds
2017-06-01T12:27:30.626-0100: 3411.883: Total time for which application threads were stopped: 0.0000932 seconds, Stopping threads took: 0.0000208 seconds
2017-06-01T12:27:30.626-0100: 3411.883: Total time for which application threads were stopped: 0.0000656 seconds, Stopping threads took: 0.0000102 seconds
2017-06-01T12:27:32.075-0100: 3413.331: Total time for which application threads were stopped: 0.0000869 seconds, Stopping threads took: 0.0000163 seconds
{Heap before GC invocations=12 (full 1):
 par new generation   total 109248K, used 100617K [0x00000007a0000000, 0x00000007a8000000, 0x00000007a8000000)
  eden space 87424K,  99% used [0x00000007a0000000, 0x00000007a555a3a8, 0x00000007a5560000)
  from space 21824K,  60% used [0x00000007a5560000, 0x00000007a62482e0, 0x00000007a6ab0000)
  to   space 21824K,   0% used [0x00000007a6ab0000, 0x00000007a6ab0000, 0x00000007a8000000)
 concurrent mark-sweep generation total 393216K, used 7292K [0x00000007a8000000, 0x00000007c0000000, 0x00000007c0000000)
 Metaspace       used 34606K, capacity 35278K, committed 35524K, reserved 1081344K
  class space    used 4046K, capacity 4247K, committed 4324K, reserved 1048576K
2017-06-01T12:27:32.119-0100: 3413.376: [GC (Allocation Failure) 2017-06-01T12:27:32.119-0100: 3413.376: [ParNew
Desired survivor size 20112992 bytes, new threshold 8 (max 8)
- age   1:    3263552 bytes,    3263552 total
- age   2:     931024 bytes,    4194576 total
- age   3:     828360 bytes,    5022936 total
- age   4:     406336 bytes,    5429272 total
- age   5:     328864 bytes,    5758136 total
- age   6:     291056 bytes,    6049192 total
- age   7:     253576 bytes,    6302768 total
- age   8:    3116344 bytes,    9419112 total
: 100617K->13138K(109248K), 0.0089273 secs] 107910K->21842K(502464K), 0.0089913 secs] [Times: user=0.04 sys=0.00, real=0.01 secs] 
Heap after GC invocations=13 (full 1):
 par new generation   total 109248K, used 13138K [0x00000007a0000000, 0x00000007a8000000, 0x00000007a8000000)
  eden space 87424K,   0% used [0x00000007a0000000, 0x00000007a0000000, 0x00000007a5560000)
  from space 21824K,  60% used [0x00000007a6ab0000, 0x00000007a77848a0, 0x00000007a8000000)
  to   space 21824K,   0% used [0x00000007a5560000, 0x00000007a5560000, 0x00000007a6ab0000)
 concurrent mark-sweep generation total 393216K, used 8704K [0x00000007a8000000, 0x00000007c0000000, 0x00000007c0000000)
 Metaspace       used 34606K, capacity 35278K, committed 35524K, reserved 1081344K
  class space    used 4046K, capacity 4247K, committed 4324K, reserved 1048576K
}
2017-06-01T12:27:32.128-0100: 3413.385: Total time for which application threads were stopped: 0.0092391 seconds, Stopping threads took: 0.0000202 seconds
2017-06-01T12:27:32.128-0100: 3413.385: Total time for which application threads were stopped: 0.0001536 seconds, Stopping threads took: 0.0000653 seconds
2017-06-01T12:27:32.129-0100: 3413.385: Total time for which application threads were stopped: 0.0001373 seconds, Stopping threads took: 0.0000692 seconds
2017-06-01T12:27:32.136-0100: 3413.393: Total time for which application threads were stopped: 0.0001142 seconds, Stopping threads took: 0.0000380 seconds
2017-06-01T12:27:32.287-0100: 3413.544: Total time for which application threads were stopped: 0.0002137 seconds, Stopping threads took: 0.0000357 seconds
2017-06-01T12:27:32.287-0100: 3413.544: Total time for which application threads were stopped: 0.0000543 seconds, Stopping threads took: 0.0000083 seconds
2017-06-01T12:27:32.288-0100: 3413.544: Total time for which application threads were stopped: 0.0000523 seconds, Stopping threads took: 0.0000090 seconds
2017-06-01T12:27:32.288-0100: 3413.544: Total time for which application threads were stopped: 0.0000413 seconds, Stopping threads took: 0.0000057 seconds
2017-06-01T12:27:32.288-0100: 3413.544: Total time for which application threads were stopped: 0.0000551 seconds, Stopping threads took: 0.0000084 seconds
2017-06-01T12:27:32.288-0100: 3413.544: Total time for which application threads were stopped: 0.0000433 seconds, Stopping threads took: 0.0000070 seconds
2017-06-01T12:27:32.288-0100: 3413.545: Total time for which application threads were stopped: 0.0000494 seconds, Stopping threads took: 0.0000065 seconds
2017-06-01T12:27:32.288-0100: 3413.545: Total time for which application threads were stopped: 0.0000426 seconds, Stopping threads took: 0.0000062 seconds
2017-06-01T12:27:32.288-0100: 3413.545: Total time for which application threads were stopped: 0.0000397 seconds, Stopping threads took: 0.0000054 seconds
2017-06-01T12:27:32.288-0100: 3413.545: Total time for which application threads were stopped: 0.0000421 seconds, Stopping threads took: 0.0000058 seconds
2017-06-01T12:27:32.292-0100: 3413.548: Total time for which application threads were stopped: 0.0001017 seconds, Stopping threads took: 0.0000312 seconds
2017-06-01T12:27:32.292-0100: 3413.548: Total time for which application threads were stopped: 0.0000642 seconds, Stopping threads took: 0.0000195 seconds
2017-06-01T12:27:32.292-0100: 3413.549: Total time for which application threads were stopped: 0.0000583 seconds, Stopping threads took: 0.0000107 seconds
2017-06-01T12:27:32.292-0100: 3413.549: Total time for which application threads were stopped: 0.0000636 seconds, Stopping threads took: 0.0000247 seconds
2017-06-01T12:27:32.292-0100: 3413.549: Total time for which application threads were stopped: 0.0000556 seconds, Stopping threads took: 0.0000089 seconds
2017-06-01T12:27:32.292-0100: 3413.549: Total time for which application threads were stopped: 0.0000448 seconds, Stopping threads took: 0.0000073 seconds
2017-06-01T12:27:32.292-0100: 3413.549: Total time for which application threads were stopped: 0.0000594 seconds, Stopping threads took: 0.0000239 seconds
2017-06-01T12:27:32.292-0100: 3413.549: Total time for which application threads were stopped: 0.0000503 seconds, Stopping threads took: 0.0000154 seconds
2017-06-01T12:27:32.292-0100: 3413.549: Total time for which application threads were stopped: 0.0000658 seconds, Stopping threads took: 0.0000216 seconds
2017-06-01T12:27:32.293-0100: 3413.549: Total time for which application threads were stopped: 0.0000813 seconds, Stopping threads took: 0.0000342 seconds
2017-06-01T12:27:32.293-0100: 3413.549: Total time for which application threads were stopped: 0.0000630 seconds, Stopping threads took: 0.0000193 seconds
2017-06-01T12:27:32.293-0100: 3413.550: Total time for which application threads were stopped: 0.0000553 seconds, Stopping threads took: 0.0000190 seconds
2017-06-01T12:27:32.293-0100: 3413.550: Total time for which application threads were stopped: 0.0000574 seconds, Stopping threads took: 0.0000187 seconds
2017-06-01T12:27:32.293-0100: 3413.550: Total time for which application threads were stopped: 0.0000557 seconds, Stopping threads took: 0.0000092 seconds
2017-06-01T12:27:32.293-0100: 3413.550: Total time for which application threads were stopped: 0.0000585 seconds, Stopping threads took: 0.0000201 seconds
2017-06-01T12:27:32.293-0100: 3413.550: Total time for which application threads were stopped: 0.0000606 seconds, Stopping threads took: 0.0000256 seconds
2017-06-01T12:27:32.293-0100: 3413.550: Total time for which application threads were stopped: 0.0000607 seconds, Stopping threads took: 0.0000206 seconds
2017-06-01T12:27:32.293-0100: 3413.550: Total time for which application threads were stopped: 0.0000630 seconds, Stopping threads took: 0.0000165 seconds
2017-06-01T12:27:32.294-0100: 3413.550: Total time for which application threads were stopped: 0.0000532 seconds, Stopping threads took: 0.0000172 seconds
2017-06-01T12:27:32.294-0100: 3413.550: Total time for which application threads were stopped: 0.0000522 seconds, Stopping threads took: 0.0000176 seconds
2017-06-01T12:27:32.294-0100: 3413.550: Total time for which application threads were stopped: 0.0000499 seconds, Stopping threads took: 0.0000162 seconds
2017-06-01T12:27:32.294-0100: 3413.551: Total time for which application threads were stopped: 0.0001209 seconds, Stopping threads took: 0.0000194 seconds
2017-06-01T12:27:32.295-0100: 3413.552: Total time for which application threads were stopped: 0.0000675 seconds, Stopping threads took: 0.0000185 seconds
2017-06-01T12:27:32.295-0100: 3413.552: Total time for which application threads were stopped: 0.0000446 seconds, Stopping threads took: 0.0000070 seconds
2017-06-01T12:27:32.300-0100: 3413.557: Total time for which application threads were stopped: 0.0001037 seconds, Stopping threads took: 0.0000391 seconds
2017-06-01T12:27:32.300-0100: 3413.557: Total time for which application threads were stopped: 0.0000562 seconds, Stopping threads took: 0.0000086 seconds
2017-06-01T12:27:32.300-0100: 3413.557: Total time for which application threads were stopped: 0.0000918 seconds, Stopping threads took: 0.0000456 seconds
2017-06-01T12:27:32.300-0100: 3413.557: Total time for which application threads were stopped: 0.0000423 seconds, Stopping threads took: 0.0000071 seconds
2017-06-01T12:27:32.300-0100: 3413.557: Total time for which application threads were stopped: 0.0000378 seconds, Stopping threads took: 0.0000067 seconds
2017-06-01T12:27:33.321-0100: 3414.578: Total time for which application threads were stopped: 0.0001305 seconds, Stopping threads took: 0.0000401 seconds
2017-06-01T12:27:33.327-0100: 3414.584: Total time for which application threads were stopped: 0.0001342 seconds, Stopping threads took: 0.0000340 seconds
2017-06-01T12:27:33.328-0100: 3414.584: Total time for which application threads were stopped: 0.0000694 seconds, Stopping threads took: 0.0000100 seconds
2017-06-01T12:27:33.336-0100: 3414.592: Total time for which application threads were stopped: 0.0001249 seconds, Stopping threads took: 0.0000231 seconds
2017-06-01T12:27:33.336-0100: 3414.593: Total time for which application threads were stopped: 0.0000692 seconds, Stopping threads took: 0.0000120 seconds
2017-06-01T12:27:36.150-0100: 3417.407: Total time for which application threads were stopped: 0.0001371 seconds, Stopping threads took: 0.0000393 seconds
2017-06-01T12:27:36.151-0100: 3417.408: Total time for which application threads were stopped: 0.0001371 seconds, Stopping threads took: 0.0000421 seconds
2017-06-01T12:27:36.151-0100: 3417.408: Total time for which application threads were stopped: 0.0000866 seconds, Stopping threads took: 0.0000146 seconds
2017-06-01T12:27:36.151-0100: 3417.408: Total time for which application threads were stopped: 0.0001160 seconds, Stopping threads took: 0.0000515 seconds
2017-06-01T12:27:36.152-0100: 3417.408: Total time for which application threads were stopped: 0.0000887 seconds, Stopping threads took: 0.0000300 seconds
2017-06-01T12:27:36.152-0100: 3417.408: Total time for which application threads were stopped: 0.0002122 seconds, Stopping threads took: 0.0000217 seconds
2017-06-01T12:27:36.155-0100: 3417.412: Total time for which application threads were stopped: 0.0001471 seconds, Stopping threads took: 0.0000439 seconds
2017-06-01T12:27:36.157-0100: 3417.414: Total time for which application threads were stopped: 0.0011424 seconds, Stopping threads took: 0.0010479 seconds
2017-06-01T12:27:36.157-0100: 3417.414: Total time for which application threads were stopped: 0.0002123 seconds, Stopping threads took: 0.0001442 seconds
2017-06-01T12:27:36.158-0100: 3417.414: Total time for which application threads were stopped: 0.0000798 seconds, Stopping threads took: 0.0000206 seconds
2017-06-01T12:27:36.158-0100: 3417.414: Total time for which application threads were stopped: 0.0000669 seconds, Stopping threads took: 0.0000089 seconds
2017-06-01T12:27:36.158-0100: 3417.414: Total time for which application threads were stopped: 0.0000673 seconds, Stopping threads took: 0.0000107 seconds
2017-06-01T12:27:36.158-0100: 3417.415: Total time for which application threads were stopped: 0.0000973 seconds, Stopping threads took: 0.0000111 seconds
2017-06-01T12:27:36.158-0100: 3417.415: Total time for which application threads were stopped: 0.0000838 seconds, Stopping threads took: 0.0000095 seconds
2017-06-01T12:27:36.158-0100: 3417.415: Total time for which application threads were stopped: 0.0000903 seconds, Stopping threads took: 0.0000110 seconds
2017-06-01T12:27:36.159-0100: 3417.416: Total time for which application threads were stopped: 0.0001303 seconds, Stopping threads took: 0.0000300 seconds
2017-06-01T12:27:36.159-0100: 3417.416: Total time for which application threads were stopped: 0.0000851 seconds, Stopping threads took: 0.0000121 seconds
2017-06-01T12:27:36.159-0100: 3417.416: Total time for which application threads were stopped: 0.0001114 seconds, Stopping threads took: 0.0000327 seconds
2017-06-01T12:27:36.167-0100: 3417.423: Total time for which application threads were stopped: 0.0001381 seconds, Stopping threads took: 0.0000268 seconds
2017-06-01T12:27:36.167-0100: 3417.423: Total time for which application threads were stopped: 0.0000987 seconds, Stopping threads took: 0.0000125 seconds
2017-06-01T12:27:36.170-0100: 3417.427: Total time for which application threads were stopped: 0.0001260 seconds, Stopping threads took: 0.0000252 seconds
2017-06-01T12:27:36.170-0100: 3417.427: Total time for which application threads were stopped: 0.0001152 seconds, Stopping threads took: 0.0000162 seconds
2017-06-01T12:27:36.178-0100: 3417.434: Total time for which application threads were stopped: 0.0000996 seconds, Stopping threads took: 0.0000250 seconds
2017-06-01T12:27:36.178-0100: 3417.435: Total time for which application threads were stopped: 0.0001758 seconds, Stopping threads took: 0.0001162 seconds
2017-06-01T12:27:37.357-0100: 3418.614: Total time for which application threads were stopped: 0.0001224 seconds, Stopping threads took: 0.0000321 seconds
2017-06-01T12:27:37.357-0100: 3418.614: Total time for which application threads were stopped: 0.0000884 seconds, Stopping threads took: 0.0000103 seconds
2017-06-01T12:27:37.367-0100: 3418.623: Total time for which application threads were stopped: 0.0001167 seconds, Stopping threads took: 0.0000251 seconds
2017-06-01T12:27:37.367-0100: 3418.623: Total time for which application threads were stopped: 0.0000681 seconds, Stopping threads took: 0.0000111 seconds
2017-06-01T12:27:39.373-0100: 3420.630: Total time for which application threads were stopped: 0.0001411 seconds, Stopping threads took: 0.0000322 seconds
2017-06-01T12:27:47.038-0100: 3428.294: Total time for which application threads were stopped: 0.0001729 seconds, Stopping threads took: 0.0000410 seconds
2017-06-01T12:27:47.038-0100: 3428.294: Total time for which application threads were stopped: 0.0000989 seconds, Stopping threads took: 0.0000138 seconds
2017-06-01T12:27:47.050-0100: 3428.306: Total time for which application threads were stopped: 0.0001213 seconds, Stopping threads took: 0.0000367 seconds
2017-06-01T12:27:47.050-0100: 3428.306: Total time for which application threads were stopped: 0.0000724 seconds, Stopping threads took: 0.0000115 seconds
2017-06-01T12:27:58.627-0100: 3439.883: Total time for which application threads were stopped: 0.0001066 seconds, Stopping threads took: 0.0000187 seconds
2017-06-01T12:27:58.627-0100: 3439.883: Total time for which application threads were stopped: 0.0000921 seconds, Stopping threads took: 0.0000316 seconds
2017-06-01T12:27:58.627-0100: 3439.884: Total time for which application threads were stopped: 0.0000610 seconds, Stopping threads took: 0.0000113 seconds
2017-06-01T12:27:58.628-0100: 3439.884: Total time for which application threads were stopped: 0.0000959 seconds, Stopping threads took: 0.0000129 seconds
2017-06-01T12:27:59.630-0100: 3440.886: Total time for which application threads were stopped: 0.0001915 seconds, Stopping threads took: 0.0000376 seconds
2017-06-01T12:28:20.021-0100: 3461.277: Total time for which application threads were stopped: 0.0001137 seconds, Stopping threads took: 0.0000287 seconds
2017-06-01T12:28:20.021-0100: 3461.277: Total time for which application threads were stopped: 0.0000695 seconds, Stopping threads took: 0.0000115 seconds
2017-06-01T12:28:20.029-0100: 3461.285: Total time for which application threads were stopped: 0.0001110 seconds, Stopping threads took: 0.0000228 seconds
2017-06-01T12:28:20.029-0100: 3461.286: Total time for which application threads were stopped: 0.0000809 seconds, Stopping threads took: 0.0000132 seconds
2017-06-01T12:28:21.801-0100: 3463.058: Total time for which application threads were stopped: 0.0001663 seconds, Stopping threads took: 0.0000473 seconds
2017-06-01T12:28:21.802-0100: 3463.058: Total time for which application threads were stopped: 0.0001174 seconds, Stopping threads took: 0.0000277 seconds
2017-06-01T12:28:21.810-0100: 3463.067: Total time for which application threads were stopped: 0.0001337 seconds, Stopping threads took: 0.0000385 seconds
2017-06-01T12:28:21.811-0100: 3463.068: Total time for which application threads were stopped: 0.0001237 seconds, Stopping threads took: 0.0000363 seconds
2017-06-01T12:28:26.822-0100: 3468.078: Total time for which application threads were stopped: 0.0001509 seconds, Stopping threads took: 0.0000351 seconds
2017-06-01T12:28:35.703-0100: 3476.960: Total time for which application threads were stopped: 0.0001764 seconds, Stopping threads took: 0.0000346 seconds
2017-06-01T12:28:35.704-0100: 3476.960: Total time for which application threads were stopped: 0.0000687 seconds, Stopping threads took: 0.0000113 seconds
2017-06-01T12:28:35.704-0100: 3476.960: Total time for which application threads were stopped: 0.0000713 seconds, Stopping threads took: 0.0000219 seconds
2017-06-01T12:28:35.705-0100: 3476.961: Total time for which application threads were stopped: 0.0000617 seconds, Stopping threads took: 0.0000107 seconds
2017-06-01T12:28:35.705-0100: 3476.961: Total time for which application threads were stopped: 0.0000785 seconds, Stopping threads took: 0.0000114 seconds
2017-06-01T12:28:35.705-0100: 3476.962: Total time for which application threads were stopped: 0.0000840 seconds, Stopping threads took: 0.0000094 seconds
2017-06-01T12:28:35.706-0100: 3476.963: Total time for which application threads were stopped: 0.0001664 seconds, Stopping threads took: 0.0000181 seconds
2017-06-01T12:28:35.706-0100: 3476.963: Total time for which application threads were stopped: 0.0001046 seconds, Stopping threads took: 0.0000331 seconds
2017-06-01T12:28:35.709-0100: 3476.965: Total time for which application threads were stopped: 0.0000790 seconds, Stopping threads took: 0.0000135 seconds
2017-06-01T12:28:35.709-0100: 3476.966: Total time for which application threads were stopped: 0.0000552 seconds, Stopping threads took: 0.0000090 seconds
2017-06-01T12:28:35.709-0100: 3476.966: Total time for which application threads were stopped: 0.0000588 seconds, Stopping threads took: 0.0000225 seconds
2017-06-01T12:28:35.710-0100: 3476.967: Total time for which application threads were stopped: 0.0000942 seconds, Stopping threads took: 0.0000390 seconds
2017-06-01T12:28:35.711-0100: 3476.967: Total time for which application threads were stopped: 0.0000672 seconds, Stopping threads took: 0.0000117 seconds
2017-06-01T12:28:35.711-0100: 3476.967: Total time for which application threads were stopped: 0.0000577 seconds, Stopping threads took: 0.0000162 seconds
2017-06-01T12:28:35.711-0100: 3476.967: Total time for which application threads were stopped: 0.0000701 seconds, Stopping threads took: 0.0000088 seconds
2017-06-01T12:28:36.170-0100: 3477.426: Total time for which application threads were stopped: 0.0000877 seconds, Stopping threads took: 0.0000191 seconds
2017-06-01T12:28:36.716-0100: 3477.972: Total time for which application threads were stopped: 0.0000919 seconds, Stopping threads took: 0.0000209 seconds
2017-06-01T12:28:36.717-0100: 3477.973: Total time for which application threads were stopped: 0.0000711 seconds, Stopping threads took: 0.0000118 seconds
2017-06-01T12:28:36.717-0100: 3477.973: Total time for which application threads were stopped: 0.0000450 seconds, Stopping threads took: 0.0000072 seconds
2017-06-01T12:28:36.717-0100: 3477.974: Total time for which application threads were stopped: 0.0000449 seconds, Stopping threads took: 0.0000078 seconds
2017-06-01T12:28:36.717-0100: 3477.974: Total time for which application threads were stopped: 0.0000534 seconds, Stopping threads took: 0.0000110 seconds
2017-06-01T12:28:37.718-0100: 3478.974: Total time for which application threads were stopped: 0.0001170 seconds, Stopping threads took: 0.0000235 seconds
2017-06-01T12:28:40.728-0100: 3481.984: Total time for which application threads were stopped: 0.0001715 seconds, Stopping threads took: 0.0000350 seconds
2017-06-01T12:28:48.505-0100: 3489.762: Total time for which application threads were stopped: 0.0001084 seconds, Stopping threads took: 0.0000269 seconds
2017-06-01T12:28:48.506-0100: 3489.762: Total time for which application threads were stopped: 0.0001990 seconds, Stopping threads took: 0.0000184 seconds
2017-06-01T12:28:50.716-0100: 3491.972: Total time for which application threads were stopped: 0.0001208 seconds, Stopping threads took: 0.0000401 seconds
2017-06-01T12:28:50.716-0100: 3491.973: Total time for which application threads were stopped: 0.0000876 seconds, Stopping threads took: 0.0000208 seconds
2017-06-01T12:28:50.717-0100: 3491.973: Total time for which application threads were stopped: 0.0000537 seconds, Stopping threads took: 0.0000122 seconds
2017-06-01T12:28:50.717-0100: 3491.973: Total time for which application threads were stopped: 0.0000545 seconds, Stopping threads took: 0.0000135 seconds
2017-06-01T12:28:50.720-0100: 3491.976: Total time for which application threads were stopped: 0.0000534 seconds, Stopping threads took: 0.0000103 seconds
2017-06-01T12:28:50.732-0100: 3491.988: Total time for which application threads were stopped: 0.0001211 seconds, Stopping threads took: 0.0000198 seconds
2017-06-01T12:28:50.735-0100: 3491.991: Total time for which application threads were stopped: 0.0000800 seconds, Stopping threads took: 0.0000176 seconds
2017-06-01T12:28:50.735-0100: 3491.991: Total time for which application threads were stopped: 0.0000679 seconds, Stopping threads took: 0.0000222 seconds
2017-06-01T12:28:50.735-0100: 3491.991: Total time for which application threads were stopped: 0.0000437 seconds, Stopping threads took: 0.0000089 seconds
2017-06-01T12:28:54.780-0100: 3496.037: Total time for which application threads were stopped: 0.0001248 seconds, Stopping threads took: 0.0000351 seconds
2017-06-01T12:28:54.781-0100: 3496.037: Total time for which application threads were stopped: 0.0000943 seconds, Stopping threads took: 0.0000351 seconds
2017-06-01T12:28:54.790-0100: 3496.047: Total time for which application threads were stopped: 0.0001925 seconds, Stopping threads took: 0.0000224 seconds
2017-06-01T12:28:54.791-0100: 3496.047: Total time for which application threads were stopped: 0.0001666 seconds, Stopping threads took: 0.0000121 seconds
2017-06-01T12:28:54.791-0100: 3496.047: Total time for which application threads were stopped: 0.0001657 seconds, Stopping threads took: 0.0000731 seconds
2017-06-01T12:28:54.814-0100: 3496.070: Total time for which application threads were stopped: 0.0001747 seconds, Stopping threads took: 0.0000426 seconds
2017-06-01T12:28:54.814-0100: 3496.070: Total time for which application threads were stopped: 0.0001131 seconds, Stopping threads took: 0.0000144 seconds
2017-06-01T12:28:54.823-0100: 3496.079: Total time for which application threads were stopped: 0.0001205 seconds, Stopping threads took: 0.0000223 seconds
2017-06-01T12:28:54.823-0100: 3496.079: Total time for which application threads were stopped: 0.0000762 seconds, Stopping threads took: 0.0000120 seconds
2017-06-01T12:28:57.435-0100: 3498.691: Total time for which application threads were stopped: 0.0001413 seconds, Stopping threads took: 0.0000219 seconds
{Heap before GC invocations=13 (full 1):
 par new generation   total 109248K, used 100562K [0x00000007a0000000, 0x00000007a8000000, 0x00000007a8000000)
  eden space 87424K, 100% used [0x00000007a0000000, 0x00000007a5560000, 0x00000007a5560000)
  from space 21824K,  60% used [0x00000007a6ab0000, 0x00000007a77848a0, 0x00000007a8000000)
  to   space 21824K,   0% used [0x00000007a5560000, 0x00000007a5560000, 0x00000007a6ab0000)
 concurrent mark-sweep generation total 393216K, used 8704K [0x00000007a8000000, 0x00000007c0000000, 0x00000007c0000000)
 Metaspace       used 34834K, capacity 35478K, committed 35780K, reserved 1081344K
  class space    used 4046K, capacity 4247K, committed 4324K, reserved 1048576K
2017-06-01T12:28:57.483-0100: 3498.739: [GC (Allocation Failure) 2017-06-01T12:28:57.483-0100: 3498.739: [ParNew
Desired survivor size 20112992 bytes, new threshold 8 (max 8)
- age   1:    3296616 bytes,    3296616 total
- age   2:     974432 bytes,    4271048 total
- age   3:     713040 bytes,    4984088 total
- age   4:     337936 bytes,    5322024 total
- age   5:     377800 bytes,    5699824 total
- age   6:     266880 bytes,    5966704 total
- age   7:     264480 bytes,    6231184 total
- age   8:     227464 bytes,    6458648 total
: 100562K->7433K(109248K), 0.0115332 secs] 109266K->19192K(502464K), 0.0116206 secs] [Times: user=0.04 sys=0.01, real=0.01 secs] 
Heap after GC invocations=14 (full 1):
 par new generation   total 109248K, used 7433K [0x00000007a0000000, 0x00000007a8000000, 0x00000007a8000000)
  eden space 87424K,   0% used [0x00000007a0000000, 0x00000007a0000000, 0x00000007a5560000)
  from space 21824K,  34% used [0x00000007a5560000, 0x00000007a5ca27f0, 0x00000007a6ab0000)
  to   space 21824K,   0% used [0x00000007a6ab0000, 0x00000007a6ab0000, 0x00000007a8000000)
 concurrent mark-sweep generation total 393216K, used 11758K [0x00000007a8000000, 0x00000007c0000000, 0x00000007c0000000)
 Metaspace       used 34834K, capacity 35478K, committed 35780K, reserved 1081344K
  class space    used 4046K, capacity 4247K, committed 4324K, reserved 1048576K
}
2017-06-01T12:28:57.495-0100: 3498.751: Total time for which application threads were stopped: 0.0118756 seconds, Stopping threads took: 0.0000271 seconds
2017-06-01T12:28:57.495-0100: 3498.751: Total time for which application threads were stopped: 0.0001535 seconds, Stopping threads took: 0.0000681 seconds
2017-06-01T12:28:57.495-0100: 3498.751: Total time for which application threads were stopped: 0.0001442 seconds, Stopping threads took: 0.0000572 seconds
2017-06-01T12:28:57.495-0100: 3498.752: Total time for which application threads were stopped: 0.0001859 seconds, Stopping threads took: 0.0000562 seconds
2017-06-01T12:28:57.504-0100: 3498.760: Total time for which application threads were stopped: 0.0001946 seconds, Stopping threads took: 0.0000685 seconds
2017-06-01T12:28:57.652-0100: 3498.909: Total time for which application threads were stopped: 0.0001567 seconds, Stopping threads took: 0.0000330 seconds
2017-06-01T12:28:57.653-0100: 3498.909: Total time for which application threads were stopped: 0.0000798 seconds, Stopping threads took: 0.0000136 seconds
2017-06-01T12:28:57.653-0100: 3498.909: Total time for which application threads were stopped: 0.0000632 seconds, Stopping threads took: 0.0000099 seconds
2017-06-01T12:28:57.657-0100: 3498.913: Total time for which application threads were stopped: 0.0001140 seconds, Stopping threads took: 0.0000142 seconds
2017-06-01T12:28:57.657-0100: 3498.913: Total time for which application threads were stopped: 0.0000702 seconds, Stopping threads took: 0.0000222 seconds
2017-06-01T12:28:57.657-0100: 3498.913: Total time for which application threads were stopped: 0.0000680 seconds, Stopping threads took: 0.0000205 seconds
2017-06-01T12:28:57.657-0100: 3498.913: Total time for which application threads were stopped: 0.0000452 seconds, Stopping threads took: 0.0000072 seconds
2017-06-01T12:28:57.657-0100: 3498.913: Total time for which application threads were stopped: 0.0000608 seconds, Stopping threads took: 0.0000099 seconds
2017-06-01T12:28:57.657-0100: 3498.914: Total time for which application threads were stopped: 0.0000594 seconds, Stopping threads took: 0.0000123 seconds
2017-06-01T12:28:57.658-0100: 3498.914: Total time for which application threads were stopped: 0.0000809 seconds, Stopping threads took: 0.0000265 seconds
2017-06-01T12:28:57.658-0100: 3498.914: Total time for which application threads were stopped: 0.0000677 seconds, Stopping threads took: 0.0000224 seconds
2017-06-01T12:28:57.658-0100: 3498.914: Total time for which application threads were stopped: 0.0000649 seconds, Stopping threads took: 0.0000110 seconds
2017-06-01T12:28:57.658-0100: 3498.914: Total time for which application threads were stopped: 0.0000571 seconds, Stopping threads took: 0.0000086 seconds
2017-06-01T12:28:57.658-0100: 3498.914: Total time for which application threads were stopped: 0.0000450 seconds, Stopping threads took: 0.0000067 seconds
2017-06-01T12:28:57.658-0100: 3498.914: Total time for which application threads were stopped: 0.0000773 seconds, Stopping threads took: 0.0000242 seconds
2017-06-01T12:28:57.658-0100: 3498.914: Total time for which application threads were stopped: 0.0000582 seconds, Stopping threads took: 0.0000081 seconds
2017-06-01T12:28:57.658-0100: 3498.914: Total time for which application threads were stopped: 0.0000625 seconds, Stopping threads took: 0.0000084 seconds
2017-06-01T12:28:57.658-0100: 3498.914: Total time for which application threads were stopped: 0.0000490 seconds, Stopping threads took: 0.0000077 seconds
2017-06-01T12:28:57.658-0100: 3498.915: Total time for which application threads were stopped: 0.0000628 seconds, Stopping threads took: 0.0000082 seconds
2017-06-01T12:28:57.659-0100: 3498.915: Total time for which application threads were stopped: 0.0000633 seconds, Stopping threads took: 0.0000084 seconds
2017-06-01T12:28:57.659-0100: 3498.915: Total time for which application threads were stopped: 0.0000430 seconds, Stopping threads took: 0.0000064 seconds
2017-06-01T12:28:57.659-0100: 3498.915: Total time for which application threads were stopped: 0.0000483 seconds, Stopping threads took: 0.0000085 seconds
2017-06-01T12:28:57.659-0100: 3498.915: Total time for which application threads were stopped: 0.0002172 seconds, Stopping threads took: 0.0000790 seconds
2017-06-01T12:28:57.661-0100: 3498.917: Total time for which application threads were stopped: 0.0000565 seconds, Stopping threads took: 0.0000076 seconds
2017-06-01T12:28:57.665-0100: 3498.921: Total time for which application threads were stopped: 0.0001302 seconds, Stopping threads took: 0.0000537 seconds
2017-06-01T12:28:58.668-0100: 3499.924: Total time for which application threads were stopped: 0.0001305 seconds, Stopping threads took: 0.0000317 seconds
2017-06-01T12:28:58.688-0100: 3499.944: Total time for which application threads were stopped: 0.0001358 seconds, Stopping threads took: 0.0000499 seconds
2017-06-01T12:28:58.695-0100: 3499.952: Total time for which application threads were stopped: 0.0001539 seconds, Stopping threads took: 0.0000375 seconds
2017-06-01T12:28:58.696-0100: 3499.952: Total time for which application threads were stopped: 0.0000919 seconds, Stopping threads took: 0.0000108 seconds
2017-06-01T12:28:58.704-0100: 3499.960: Total time for which application threads were stopped: 0.0001286 seconds, Stopping threads took: 0.0000220 seconds
2017-06-01T12:28:58.704-0100: 3499.960: Total time for which application threads were stopped: 0.0000643 seconds, Stopping threads took: 0.0000105 seconds
2017-06-01T12:29:10.737-0100: 3511.993: Total time for which application threads were stopped: 0.0000788 seconds, Stopping threads took: 0.0000192 seconds
2017-06-01T12:29:11.104-0100: 3512.360: Total time for which application threads were stopped: 0.0000934 seconds, Stopping threads took: 0.0000158 seconds
2017-06-01T12:29:11.108-0100: 3512.364: Total time for which application threads were stopped: 0.0001449 seconds, Stopping threads took: 0.0000704 seconds
{Heap before GC invocations=14 (full 1):
 par new generation   total 109248K, used 94857K [0x00000007a0000000, 0x00000007a8000000, 0x00000007a8000000)
  eden space 87424K, 100% used [0x00000007a0000000, 0x00000007a5560000, 0x00000007a5560000)
  from space 21824K,  34% used [0x00000007a5560000, 0x00000007a5ca27f0, 0x00000007a6ab0000)
  to   space 21824K,   0% used [0x00000007a6ab0000, 0x00000007a6ab0000, 0x00000007a8000000)
 concurrent mark-sweep generation total 393216K, used 11758K [0x00000007a8000000, 0x00000007c0000000, 0x00000007c0000000)
 Metaspace       used 34892K, capacity 35488K, committed 35780K, reserved 1081344K
  class space    used 4047K, capacity 4248K, committed 4324K, reserved 1048576K
2017-06-01T12:29:11.155-0100: 3512.411: [GC (Allocation Failure) 2017-06-01T12:29:11.155-0100: 3512.411: [ParNew
Desired survivor size 20112992 bytes, new threshold 8 (max 8)
- age   1:    3141568 bytes,    3141568 total
- age   2:    1079576 bytes,    4221144 total
- age   3:     757128 bytes,    4978272 total
- age   4:     222136 bytes,    5200408 total
- age   5:     337888 bytes,    5538296 total
- age   6:     377800 bytes,    5916096 total
- age   7:     266880 bytes,    6182976 total
- age   8:     264376 bytes,    6447352 total
: 94857K->8210K(109248K), 0.0123240 secs] 106616K->20193K(502464K), 0.0124790 secs] [Times: user=0.06 sys=0.00, real=0.01 secs] 
Heap after GC invocations=15 (full 1):
 par new generation   total 109248K, used 8210K [0x00000007a0000000, 0x00000007a8000000, 0x00000007a8000000)
  eden space 87424K,   0% used [0x00000007a0000000, 0x00000007a0000000, 0x00000007a5560000)
  from space 21824K,  37% used [0x00000007a6ab0000, 0x00000007a72b4b40, 0x00000007a8000000)
  to   space 21824K,   0% used [0x00000007a5560000, 0x00000007a5560000, 0x00000007a6ab0000)
 concurrent mark-sweep generation total 393216K, used 11982K [0x00000007a8000000, 0x00000007c0000000, 0x00000007c0000000)
 Metaspace       used 34892K, capacity 35488K, committed 35780K, reserved 1081344K
  class space    used 4047K, capacity 4248K, committed 4324K, reserved 1048576K
}
2017-06-01T12:29:11.167-0100: 3512.423: Total time for which application threads were stopped: 0.0127469 seconds, Stopping threads took: 0.0000740 seconds
2017-06-01T12:29:11.167-0100: 3512.423: Total time for which application threads were stopped: 0.0003010 seconds, Stopping threads took: 0.0002049 seconds
2017-06-01T12:29:11.168-0100: 3512.424: Total time for which application threads were stopped: 0.0001901 seconds, Stopping threads took: 0.0000968 seconds
2017-06-01T12:29:11.168-0100: 3512.424: Total time for which application threads were stopped: 0.0001090 seconds, Stopping threads took: 0.0000293 seconds
2017-06-01T12:29:11.176-0100: 3512.432: Total time for which application threads were stopped: 0.0001132 seconds, Stopping threads took: 0.0000322 seconds
2017-06-01T12:29:11.188-0100: 3512.444: Total time for which application threads were stopped: 0.0001491 seconds, Stopping threads took: 0.0000189 seconds
2017-06-01T12:29:11.189-0100: 3512.445: Total time for which application threads were stopped: 0.0000877 seconds, Stopping threads took: 0.0000123 seconds
2017-06-01T12:29:11.189-0100: 3512.445: Total time for which application threads were stopped: 0.0000648 seconds, Stopping threads took: 0.0000094 seconds
2017-06-01T12:29:11.189-0100: 3512.445: Total time for which application threads were stopped: 0.0000645 seconds, Stopping threads took: 0.0000094 seconds
2017-06-01T12:29:11.189-0100: 3512.445: Total time for which application threads were stopped: 0.0000663 seconds, Stopping threads took: 0.0000101 seconds
2017-06-01T12:29:11.189-0100: 3512.445: Total time for which application threads were stopped: 0.0001519 seconds, Stopping threads took: 0.0000919 seconds
2017-06-01T12:29:11.189-0100: 3512.445: Total time for which application threads were stopped: 0.0000763 seconds, Stopping threads took: 0.0000206 seconds
2017-06-01T12:29:11.189-0100: 3512.445: Total time for which application threads were stopped: 0.0000757 seconds, Stopping threads took: 0.0000215 seconds
2017-06-01T12:29:11.189-0100: 3512.445: Total time for which application threads were stopped: 0.0000726 seconds, Stopping threads took: 0.0000216 seconds
2017-06-01T12:29:11.190-0100: 3512.446: Total time for which application threads were stopped: 0.0000747 seconds, Stopping threads took: 0.0000201 seconds
2017-06-01T12:29:11.194-0100: 3512.450: Total time for which application threads were stopped: 0.0001151 seconds, Stopping threads took: 0.0000220 seconds
2017-06-01T12:29:11.195-0100: 3512.451: Total time for which application threads were stopped: 0.0001158 seconds, Stopping threads took: 0.0000562 seconds
2017-06-01T12:29:11.195-0100: 3512.451: Total time for which application threads were stopped: 0.0000697 seconds, Stopping threads took: 0.0000205 seconds
2017-06-01T12:29:11.195-0100: 3512.451: Total time for which application threads were stopped: 0.0000773 seconds, Stopping threads took: 0.0000216 seconds
2017-06-01T12:29:11.195-0100: 3512.451: Total time for which application threads were stopped: 0.0000732 seconds, Stopping threads took: 0.0000223 seconds
2017-06-01T12:29:11.195-0100: 3512.451: Total time for which application threads were stopped: 0.0000946 seconds, Stopping threads took: 0.0000212 seconds
2017-06-01T12:29:11.195-0100: 3512.451: Total time for which application threads were stopped: 0.0000720 seconds, Stopping threads took: 0.0000205 seconds
2017-06-01T12:29:11.195-0100: 3512.451: Total time for which application threads were stopped: 0.0000910 seconds, Stopping threads took: 0.0000208 seconds
2017-06-01T12:29:11.195-0100: 3512.451: Total time for which application threads were stopped: 0.0000727 seconds, Stopping threads took: 0.0000218 seconds
2017-06-01T12:29:11.195-0100: 3512.451: Total time for which application threads were stopped: 0.0000787 seconds, Stopping threads took: 0.0000232 seconds
2017-06-01T12:29:11.196-0100: 3512.452: Total time for which application threads were stopped: 0.0000744 seconds, Stopping threads took: 0.0000229 seconds
2017-06-01T12:29:11.196-0100: 3512.452: Total time for which application threads were stopped: 0.0000823 seconds, Stopping threads took: 0.0000235 seconds
2017-06-01T12:29:11.196-0100: 3512.452: Total time for which application threads were stopped: 0.0000792 seconds, Stopping threads took: 0.0000219 seconds
2017-06-01T12:29:11.196-0100: 3512.452: Total time for which application threads were stopped: 0.0000705 seconds, Stopping threads took: 0.0000201 seconds
2017-06-01T12:29:11.197-0100: 3512.453: Total time for which application threads were stopped: 0.0000623 seconds, Stopping threads took: 0.0000152 seconds
2017-06-01T12:29:11.197-0100: 3512.453: Total time for which application threads were stopped: 0.0000658 seconds, Stopping threads took: 0.0000223 seconds
2017-06-01T12:29:11.197-0100: 3512.453: Total time for which application threads were stopped: 0.0000508 seconds, Stopping threads took: 0.0000153 seconds
2017-06-01T12:29:11.197-0100: 3512.453: Total time for which application threads were stopped: 0.0000562 seconds, Stopping threads took: 0.0000206 seconds
2017-06-01T12:29:11.197-0100: 3512.453: Total time for which application threads were stopped: 0.0000667 seconds, Stopping threads took: 0.0000127 seconds
2017-06-01T12:29:11.197-0100: 3512.453: Total time for which application threads were stopped: 0.0001246 seconds, Stopping threads took: 0.0000071 seconds
2017-06-01T12:29:11.200-0100: 3512.456: Total time for which application threads were stopped: 0.0001047 seconds, Stopping threads took: 0.0000174 seconds
2017-06-01T12:29:11.200-0100: 3512.456: Total time for which application threads were stopped: 0.0000768 seconds, Stopping threads took: 0.0000118 seconds
2017-06-01T12:29:12.205-0100: 3513.461: Total time for which application threads were stopped: 0.0001571 seconds, Stopping threads took: 0.0000314 seconds
2017-06-01T12:29:12.229-0100: 3513.485: Total time for which application threads were stopped: 0.0001189 seconds, Stopping threads took: 0.0000373 seconds
2017-06-01T12:29:12.235-0100: 3513.491: Total time for which application threads were stopped: 0.0001036 seconds, Stopping threads took: 0.0000176 seconds
2017-06-01T12:29:12.235-0100: 3513.491: Total time for which application threads were stopped: 0.0000919 seconds, Stopping threads took: 0.0000122 seconds
2017-06-01T12:29:12.244-0100: 3513.500: Total time for which application threads were stopped: 0.0001073 seconds, Stopping threads took: 0.0000228 seconds
2017-06-01T12:29:12.244-0100: 3513.500: Total time for which application threads were stopped: 0.0000667 seconds, Stopping threads took: 0.0000119 seconds
2017-06-01T12:29:13.587-0100: 3514.843: Total time for which application threads were stopped: 0.0001117 seconds, Stopping threads took: 0.0000209 seconds
2017-06-01T12:29:13.588-0100: 3514.844: Total time for which application threads were stopped: 0.0001299 seconds, Stopping threads took: 0.0000456 seconds
2017-06-01T12:29:13.588-0100: 3514.844: Total time for which application threads were stopped: 0.0001429 seconds, Stopping threads took: 0.0000679 seconds
2017-06-01T12:29:13.588-0100: 3514.844: Total time for which application threads were stopped: 0.0001065 seconds, Stopping threads took: 0.0000459 seconds
2017-06-01T12:29:13.589-0100: 3514.845: Total time for which application threads were stopped: 0.0000812 seconds, Stopping threads took: 0.0000123 seconds
2017-06-01T12:29:13.589-0100: 3514.845: Total time for which application threads were stopped: 0.0000762 seconds, Stopping threads took: 0.0000284 seconds
2017-06-01T12:29:13.589-0100: 3514.845: Total time for which application threads were stopped: 0.0001176 seconds, Stopping threads took: 0.0000356 seconds
2017-06-01T12:29:13.589-0100: 3514.845: Total time for which application threads were stopped: 0.0000799 seconds, Stopping threads took: 0.0000126 seconds
2017-06-01T12:29:13.590-0100: 3514.846: Total time for which application threads were stopped: 0.0000896 seconds, Stopping threads took: 0.0000269 seconds
2017-06-01T12:29:13.590-0100: 3514.846: Total time for which application threads were stopped: 0.0000772 seconds, Stopping threads took: 0.0000241 seconds
2017-06-01T12:29:13.590-0100: 3514.846: Total time for which application threads were stopped: 0.0000760 seconds, Stopping threads took: 0.0000286 seconds
2017-06-01T12:29:13.590-0100: 3514.846: Total time for which application threads were stopped: 0.0001821 seconds, Stopping threads took: 0.0001269 seconds
2017-06-01T12:29:13.590-0100: 3514.846: Total time for which application threads were stopped: 0.0000902 seconds, Stopping threads took: 0.0000273 seconds
2017-06-01T12:29:13.591-0100: 3514.847: Total time for which application threads were stopped: 0.0001095 seconds, Stopping threads took: 0.0000320 seconds
2017-06-01T12:29:13.591-0100: 3514.847: Total time for which application threads were stopped: 0.0001146 seconds, Stopping threads took: 0.0000147 seconds
2017-06-01T12:29:13.592-0100: 3514.848: Total time for which application threads were stopped: 0.0001616 seconds, Stopping threads took: 0.0000541 seconds
2017-06-01T12:29:13.603-0100: 3514.859: Total time for which application threads were stopped: 0.0001939 seconds, Stopping threads took: 0.0000627 seconds
2017-06-01T12:29:13.603-0100: 3514.859: Total time for which application threads were stopped: 0.0001277 seconds, Stopping threads took: 0.0000282 seconds
2017-06-01T12:29:13.607-0100: 3514.863: Total time for which application threads were stopped: 0.0001932 seconds, Stopping threads took: 0.0000370 seconds
2017-06-01T12:29:13.607-0100: 3514.863: Total time for which application threads were stopped: 0.0001030 seconds, Stopping threads took: 0.0000127 seconds
2017-06-01T12:29:13.614-0100: 3514.870: Total time for which application threads were stopped: 0.0001433 seconds, Stopping threads took: 0.0000242 seconds
2017-06-01T12:29:13.614-0100: 3514.870: Total time for which application threads were stopped: 0.0000811 seconds, Stopping threads took: 0.0000106 seconds
2017-06-01T12:29:13.617-0100: 3514.873: Total time for which application threads were stopped: 0.0001157 seconds, Stopping threads took: 0.0000225 seconds
2017-06-01T12:29:13.617-0100: 3514.874: Total time for which application threads were stopped: 0.0000508 seconds, Stopping threads took: 0.0000099 seconds
2017-06-01T12:29:14.875-0100: 3516.131: Total time for which application threads were stopped: 0.0001728 seconds, Stopping threads took: 0.0000424 seconds
2017-06-01T12:29:14.875-0100: 3516.131: Total time for which application threads were stopped: 0.0001004 seconds, Stopping threads took: 0.0000135 seconds
2017-06-01T12:29:14.884-0100: 3516.140: Total time for which application threads were stopped: 0.0000917 seconds, Stopping threads took: 0.0000213 seconds
2017-06-01T12:29:14.884-0100: 3516.140: Total time for which application threads were stopped: 0.0000581 seconds, Stopping threads took: 0.0000112 seconds
2017-06-01T12:29:16.800-0100: 3518.056: Total time for which application threads were stopped: 0.0001443 seconds, Stopping threads took: 0.0000765 seconds
2017-06-01T12:29:16.801-0100: 3518.057: Total time for which application threads were stopped: 0.0000631 seconds, Stopping threads took: 0.0000199 seconds
2017-06-01T12:29:16.801-0100: 3518.057: Total time for which application threads were stopped: 0.0000541 seconds, Stopping threads took: 0.0000153 seconds
2017-06-01T12:29:16.801-0100: 3518.057: Total time for which application threads were stopped: 0.0000568 seconds, Stopping threads took: 0.0000161 seconds
2017-06-01T12:29:16.804-0100: 3518.060: Total time for which application threads were stopped: 0.0000900 seconds, Stopping threads took: 0.0000217 seconds
2017-06-01T12:29:17.805-0100: 3519.061: Total time for which application threads were stopped: 0.0000916 seconds, Stopping threads took: 0.0000224 seconds
2017-06-01T12:29:17.805-0100: 3519.061: Total time for which application threads were stopped: 0.0000588 seconds, Stopping threads took: 0.0000116 seconds
2017-06-01T12:29:17.805-0100: 3519.061: Total time for which application threads were stopped: 0.0000342 seconds, Stopping threads took: 0.0000060 seconds
2017-06-01T12:29:17.806-0100: 3519.062: Total time for which application threads were stopped: 0.0000394 seconds, Stopping threads took: 0.0000062 seconds
2017-06-01T12:29:17.806-0100: 3519.062: Total time for which application threads were stopped: 0.0000945 seconds, Stopping threads took: 0.0000246 seconds
2017-06-01T12:29:17.806-0100: 3519.062: Total time for which application threads were stopped: 0.0000613 seconds, Stopping threads took: 0.0000094 seconds
2017-06-01T12:29:17.807-0100: 3519.063: Total time for which application threads were stopped: 0.0000725 seconds, Stopping threads took: 0.0000265 seconds
2017-06-01T12:29:17.807-0100: 3519.063: Total time for which application threads were stopped: 0.0000929 seconds, Stopping threads took: 0.0000360 seconds
2017-06-01T12:29:17.809-0100: 3519.065: Total time for which application threads were stopped: 0.0000982 seconds, Stopping threads took: 0.0000207 seconds
2017-06-01T12:29:17.809-0100: 3519.065: Total time for which application threads were stopped: 0.0000784 seconds, Stopping threads took: 0.0000124 seconds
2017-06-01T12:29:17.810-0100: 3519.065: Total time for which application threads were stopped: 0.0000784 seconds, Stopping threads took: 0.0000212 seconds
2017-06-01T12:29:17.815-0100: 3519.071: Total time for which application threads were stopped: 0.0000748 seconds, Stopping threads took: 0.0000148 seconds
2017-06-01T12:29:18.468-0100: 3519.724: Total time for which application threads were stopped: 0.0001579 seconds, Stopping threads took: 0.0000476 seconds
2017-06-01T12:29:18.468-0100: 3519.724: Total time for which application threads were stopped: 0.0000629 seconds, Stopping threads took: 0.0000087 seconds
2017-06-01T12:29:18.475-0100: 3519.731: Total time for which application threads were stopped: 0.0001067 seconds, Stopping threads took: 0.0000232 seconds
2017-06-01T12:29:18.475-0100: 3519.731: Total time for which application threads were stopped: 0.0000478 seconds, Stopping threads took: 0.0000094 seconds
2017-06-01T12:29:31.808-0100: 3533.063: Total time for which application threads were stopped: 0.0000970 seconds, Stopping threads took: 0.0000207 seconds
2017-06-01T12:29:31.808-0100: 3533.064: Total time for which application threads were stopped: 0.0000602 seconds, Stopping threads took: 0.0000111 seconds
2017-06-01T12:29:31.815-0100: 3533.071: Total time for which application threads were stopped: 0.0000874 seconds, Stopping threads took: 0.0000169 seconds
2017-06-01T12:29:31.816-0100: 3533.072: Total time for which application threads were stopped: 0.0000770 seconds, Stopping threads took: 0.0000154 seconds
2017-06-01T12:29:31.816-0100: 3533.072: Total time for which application threads were stopped: 0.0000722 seconds, Stopping threads took: 0.0000193 seconds
2017-06-01T12:29:31.817-0100: 3533.072: Total time for which application threads were stopped: 0.0000718 seconds, Stopping threads took: 0.0000130 seconds
2017-06-01T12:29:31.817-0100: 3533.073: Total time for which application threads were stopped: 0.0000516 seconds, Stopping threads took: 0.0000086 seconds
2017-06-01T12:29:31.818-0100: 3533.073: Total time for which application threads were stopped: 0.0000763 seconds, Stopping threads took: 0.0000116 seconds
2017-06-01T12:29:31.818-0100: 3533.074: Total time for which application threads were stopped: 0.0000742 seconds, Stopping threads took: 0.0000118 seconds
2017-06-01T12:29:31.818-0100: 3533.074: Total time for which application threads were stopped: 0.0000899 seconds, Stopping threads took: 0.0000109 seconds
2017-06-01T12:29:31.819-0100: 3533.075: Total time for which application threads were stopped: 0.0000819 seconds, Stopping threads took: 0.0000134 seconds
2017-06-01T12:29:31.819-0100: 3533.075: Total time for which application threads were stopped: 0.0000574 seconds, Stopping threads took: 0.0000098 seconds
2017-06-01T12:29:31.822-0100: 3533.078: Total time for which application threads were stopped: 0.0000969 seconds, Stopping threads took: 0.0000145 seconds
2017-06-01T12:29:31.822-0100: 3533.078: Total time for which application threads were stopped: 0.0000513 seconds, Stopping threads took: 0.0000075 seconds
2017-06-01T12:29:31.823-0100: 3533.078: Total time for which application threads were stopped: 0.0000465 seconds, Stopping threads took: 0.0000072 seconds
2017-06-01T12:29:31.823-0100: 3533.079: Total time for which application threads were stopped: 0.0000365 seconds, Stopping threads took: 0.0000060 seconds
2017-06-01T12:29:31.823-0100: 3533.079: Total time for which application threads were stopped: 0.0000361 seconds, Stopping threads took: 0.0000054 seconds
2017-06-01T12:29:49.355-0100: 3550.611: Total time for which application threads were stopped: 0.0001949 seconds, Stopping threads took: 0.0000617 seconds
2017-06-01T12:29:49.355-0100: 3550.611: Total time for which application threads were stopped: 0.0001015 seconds, Stopping threads took: 0.0000122 seconds
2017-06-01T12:29:49.364-0100: 3550.620: Total time for which application threads were stopped: 0.0001050 seconds, Stopping threads took: 0.0000197 seconds
2017-06-01T12:29:49.364-0100: 3550.620: Total time for which application threads were stopped: 0.0000522 seconds, Stopping threads took: 0.0000097 seconds
2017-06-01T12:29:49.389-0100: 3550.644: Total time for which application threads were stopped: 0.0002147 seconds, Stopping threads took: 0.0000459 seconds
2017-06-01T12:29:49.389-0100: 3550.645: Total time for which application threads were stopped: 0.0001688 seconds, Stopping threads took: 0.0000252 seconds
2017-06-01T12:29:49.398-0100: 3550.654: Total time for which application threads were stopped: 0.0001378 seconds, Stopping threads took: 0.0000435 seconds
2017-06-01T12:29:49.398-0100: 3550.654: Total time for which application threads were stopped: 0.0000918 seconds, Stopping threads took: 0.0000327 seconds
2017-06-01T12:29:49.448-0100: 3550.703: Total time for which application threads were stopped: 0.0001512 seconds, Stopping threads took: 0.0000227 seconds
2017-06-01T12:29:49.448-0100: 3550.703: Total time for which application threads were stopped: 0.0000753 seconds, Stopping threads took: 0.0000129 seconds
2017-06-01T12:29:49.457-0100: 3550.713: Total time for which application threads were stopped: 0.0001260 seconds, Stopping threads took: 0.0000240 seconds
2017-06-01T12:29:49.457-0100: 3550.713: Total time for which application threads were stopped: 0.0000647 seconds, Stopping threads took: 0.0000111 seconds
2017-06-01T12:29:49.479-0100: 3550.735: Total time for which application threads were stopped: 0.0001856 seconds, Stopping threads took: 0.0000241 seconds
2017-06-01T12:29:49.479-0100: 3550.735: Total time for which application threads were stopped: 0.0001019 seconds, Stopping threads took: 0.0000127 seconds
2017-06-01T12:29:49.489-0100: 3550.744: Total time for which application threads were stopped: 0.0001157 seconds, Stopping threads took: 0.0000230 seconds
2017-06-01T12:29:49.489-0100: 3550.744: Total time for which application threads were stopped: 0.0000815 seconds, Stopping threads took: 0.0000153 seconds
2017-06-01T12:29:50.728-0100: 3551.984: Total time for which application threads were stopped: 0.0001206 seconds, Stopping threads took: 0.0000307 seconds
{Heap before GC invocations=15 (full 1):
 par new generation   total 109248K, used 95633K [0x00000007a0000000, 0x00000007a8000000, 0x00000007a8000000)
  eden space 87424K,  99% used [0x00000007a0000000, 0x00000007a555fa78, 0x00000007a5560000)
  from space 21824K,  37% used [0x00000007a6ab0000, 0x00000007a72b4b40, 0x00000007a8000000)
  to   space 21824K,   0% used [0x00000007a5560000, 0x00000007a5560000, 0x00000007a6ab0000)
 concurrent mark-sweep generation total 393216K, used 11982K [0x00000007a8000000, 0x00000007c0000000, 0x00000007c0000000)
 Metaspace       used 35087K, capacity 35704K, committed 35780K, reserved 1081344K
  class space    used 4051K, capacity 4252K, committed 4324K, reserved 1048576K
2017-06-01T12:29:50.771-0100: 3552.026: [GC (Allocation Failure) 2017-06-01T12:29:50.771-0100: 3552.027: [ParNew
Desired survivor size 20112992 bytes, new threshold 8 (max 8)
- age   1:    3365560 bytes,    3365560 total
- age   2:     914208 bytes,    4279768 total
- age   3:     839040 bytes,    5118808 total
- age   4:     262336 bytes,    5381144 total
- age   5:     221960 bytes,    5603104 total
- age   6:     337888 bytes,    5940992 total
- age   7:     377768 bytes,    6318760 total
- age   8:     266880 bytes,    6585640 total
: 95633K->8391K(109248K), 0.0109934 secs] 107615K->20635K(502464K), 0.0110552 secs] [Times: user=0.04 sys=0.00, real=0.01 secs] 
Heap after GC invocations=16 (full 1):
 par new generation   total 109248K, used 8391K [0x00000007a0000000, 0x00000007a8000000, 0x00000007a8000000)
  eden space 87424K,   0% used [0x00000007a0000000, 0x00000007a0000000, 0x00000007a5560000)
  from space 21824K,  38% used [0x00000007a5560000, 0x00000007a5d91e10, 0x00000007a6ab0000)
  to   space 21824K,   0% used [0x00000007a6ab0000, 0x00000007a6ab0000, 0x00000007a8000000)
 concurrent mark-sweep generation total 393216K, used 12244K [0x00000007a8000000, 0x00000007c0000000, 0x00000007c0000000)
 Metaspace       used 35087K, capacity 35704K, committed 35780K, reserved 1081344K
  class space    used 4051K, capacity 4252K, committed 4324K, reserved 1048576K
}
2017-06-01T12:29:50.782-0100: 3552.038: Total time for which application threads were stopped: 0.0113060 seconds, Stopping threads took: 0.0000258 seconds
2017-06-01T12:29:50.782-0100: 3552.038: Total time for which application threads were stopped: 0.0002515 seconds, Stopping threads took: 0.0001110 seconds
2017-06-01T12:29:50.783-0100: 3552.038: Total time for which application threads were stopped: 0.0001224 seconds, Stopping threads took: 0.0000613 seconds
2017-06-01T12:29:50.783-0100: 3552.038: Total time for which application threads were stopped: 0.0000914 seconds, Stopping threads took: 0.0000454 seconds
2017-06-01T12:29:50.792-0100: 3552.048: Total time for which application threads were stopped: 0.0001656 seconds, Stopping threads took: 0.0000346 seconds
2017-06-01T12:29:50.803-0100: 3552.059: Total time for which application threads were stopped: 0.0001238 seconds, Stopping threads took: 0.0000317 seconds
2017-06-01T12:29:50.807-0100: 3552.062: Total time for which application threads were stopped: 0.0000990 seconds, Stopping threads took: 0.0000293 seconds
2017-06-01T12:29:50.807-0100: 3552.062: Total time for which application threads were stopped: 0.0000828 seconds, Stopping threads took: 0.0000338 seconds
2017-06-01T12:29:50.808-0100: 3552.064: Total time for which application threads were stopped: 0.0000792 seconds, Stopping threads took: 0.0000219 seconds
2017-06-01T12:29:50.809-0100: 3552.064: Total time for which application threads were stopped: 0.0000773 seconds, Stopping threads took: 0.0000276 seconds
2017-06-01T12:29:50.813-0100: 3552.069: Total time for which application threads were stopped: 0.0001277 seconds, Stopping threads took: 0.0000401 seconds
2017-06-01T12:29:50.813-0100: 3552.069: Total time for which application threads were stopped: 0.0000658 seconds, Stopping threads took: 0.0000200 seconds
2017-06-01T12:29:50.813-0100: 3552.069: Total time for which application threads were stopped: 0.0000586 seconds, Stopping threads took: 0.0000192 seconds
2017-06-01T12:29:50.814-0100: 3552.069: Total time for which application threads were stopped: 0.0000418 seconds, Stopping threads took: 0.0000072 seconds
2017-06-01T12:29:50.814-0100: 3552.069: Total time for which application threads were stopped: 0.0000528 seconds, Stopping threads took: 0.0000179 seconds
2017-06-01T12:29:50.814-0100: 3552.070: Total time for which application threads were stopped: 0.0000637 seconds, Stopping threads took: 0.0000337 seconds
2017-06-01T12:29:50.814-0100: 3552.070: Total time for which application threads were stopped: 0.0000545 seconds, Stopping threads took: 0.0000220 seconds
2017-06-01T12:29:50.814-0100: 3552.070: Total time for which application threads were stopped: 0.0001173 seconds, Stopping threads took: 0.0000125 seconds
2017-06-01T12:29:51.832-0100: 3553.088: Total time for which application threads were stopped: 0.0001501 seconds, Stopping threads took: 0.0000574 seconds
2017-06-01T12:29:51.838-0100: 3553.094: Total time for which application threads were stopped: 0.0001074 seconds, Stopping threads took: 0.0000181 seconds
2017-06-01T12:29:51.838-0100: 3553.094: Total time for which application threads were stopped: 0.0000611 seconds, Stopping threads took: 0.0000074 seconds
2017-06-01T12:29:51.846-0100: 3553.102: Total time for which application threads were stopped: 0.0001016 seconds, Stopping threads took: 0.0000172 seconds
2017-06-01T12:29:51.846-0100: 3553.102: Total time for which application threads were stopped: 0.0000512 seconds, Stopping threads took: 0.0000094 seconds
2017-06-01T12:29:52.624-0100: 3553.880: Total time for which application threads were stopped: 0.0002604 seconds, Stopping threads took: 0.0001296 seconds
2017-06-01T12:29:52.625-0100: 3553.881: Total time for which application threads were stopped: 0.0001939 seconds, Stopping threads took: 0.0000825 seconds
2017-06-01T12:29:52.625-0100: 3553.881: Total time for which application threads were stopped: 0.0001431 seconds, Stopping threads took: 0.0000758 seconds
2017-06-01T12:29:52.625-0100: 3553.881: Total time for which application threads were stopped: 0.0000979 seconds, Stopping threads took: 0.0000382 seconds
2017-06-01T12:29:52.625-0100: 3553.881: Total time for which application threads were stopped: 0.0001006 seconds, Stopping threads took: 0.0000376 seconds
2017-06-01T12:29:52.626-0100: 3553.881: Total time for which application threads were stopped: 0.0002914 seconds, Stopping threads took: 0.0000787 seconds
2017-06-01T12:29:52.629-0100: 3553.885: Total time for which application threads were stopped: 0.0001268 seconds, Stopping threads took: 0.0000264 seconds
2017-06-01T12:29:52.630-0100: 3553.885: Total time for which application threads were stopped: 0.0001176 seconds, Stopping threads took: 0.0000183 seconds
2017-06-01T12:29:52.630-0100: 3553.885: Total time for which application threads were stopped: 0.0000885 seconds, Stopping threads took: 0.0000110 seconds
2017-06-01T12:29:52.630-0100: 3553.886: Total time for which application threads were stopped: 0.0001096 seconds, Stopping threads took: 0.0000499 seconds
2017-06-01T12:29:52.630-0100: 3553.886: Total time for which application threads were stopped: 0.0001201 seconds, Stopping threads took: 0.0000227 seconds
2017-06-01T12:29:52.630-0100: 3553.886: Total time for which application threads were stopped: 0.0001446 seconds, Stopping threads took: 0.0000850 seconds
2017-06-01T12:29:52.630-0100: 3553.886: Total time for which application threads were stopped: 0.0001497 seconds, Stopping threads took: 0.0000877 seconds
2017-06-01T12:29:52.631-0100: 3553.886: Total time for which application threads were stopped: 0.0001038 seconds, Stopping threads took: 0.0000209 seconds
2017-06-01T12:29:52.631-0100: 3553.886: Total time for which application threads were stopped: 0.0001216 seconds, Stopping threads took: 0.0000332 seconds
2017-06-01T12:29:52.631-0100: 3553.887: Total time for which application threads were stopped: 0.0001366 seconds, Stopping threads took: 0.0000394 seconds
2017-06-01T12:29:52.632-0100: 3553.887: Total time for which application threads were stopped: 0.0000946 seconds, Stopping threads took: 0.0000109 seconds
2017-06-01T12:29:52.634-0100: 3553.890: Total time for which application threads were stopped: 0.0001279 seconds, Stopping threads took: 0.0000193 seconds
2017-06-01T12:29:52.635-0100: 3553.890: Total time for which application threads were stopped: 0.0001058 seconds, Stopping threads took: 0.0000128 seconds
2017-06-01T12:29:52.638-0100: 3553.894: Total time for which application threads were stopped: 0.0001600 seconds, Stopping threads took: 0.0000260 seconds
2017-06-01T12:29:52.638-0100: 3553.894: Total time for which application threads were stopped: 0.0001065 seconds, Stopping threads took: 0.0000121 seconds
2017-06-01T12:29:52.645-0100: 3553.901: Total time for which application threads were stopped: 0.0001977 seconds, Stopping threads took: 0.0000221 seconds
2017-06-01T12:29:52.645-0100: 3553.901: Total time for which application threads were stopped: 0.0000824 seconds, Stopping threads took: 0.0000126 seconds
2017-06-01T12:29:52.649-0100: 3553.905: Total time for which application threads were stopped: 0.0001103 seconds, Stopping threads took: 0.0000207 seconds
2017-06-01T12:29:52.649-0100: 3553.905: Total time for which application threads were stopped: 0.0000666 seconds, Stopping threads took: 0.0000113 seconds
2017-06-01T12:29:54.350-0100: 3555.606: Total time for which application threads were stopped: 0.0001835 seconds, Stopping threads took: 0.0000525 seconds
2017-06-01T12:29:54.350-0100: 3555.606: Total time for which application threads were stopped: 0.0001222 seconds, Stopping threads took: 0.0000273 seconds
2017-06-01T12:29:54.360-0100: 3555.615: Total time for which application threads were stopped: 0.0001212 seconds, Stopping threads took: 0.0000259 seconds
2017-06-01T12:29:54.360-0100: 3555.615: Total time for which application threads were stopped: 0.0000771 seconds, Stopping threads took: 0.0000138 seconds
2017-06-01T12:29:55.824-0100: 3557.080: Total time for which application threads were stopped: 0.0001213 seconds, Stopping threads took: 0.0000210 seconds
2017-06-01T12:29:55.824-0100: 3557.080: Total time for which application threads were stopped: 0.0001060 seconds, Stopping threads took: 0.0000142 seconds
2017-06-01T12:29:55.834-0100: 3557.090: Total time for which application threads were stopped: 0.0001130 seconds, Stopping threads took: 0.0000236 seconds
2017-06-01T12:29:55.834-0100: 3557.090: Total time for which application threads were stopped: 0.0000686 seconds, Stopping threads took: 0.0000115 seconds
2017-06-01T12:30:11.687-0100: 3572.942: Total time for which application threads were stopped: 0.0001548 seconds, Stopping threads took: 0.0000617 seconds
2017-06-01T12:30:11.687-0100: 3572.942: Total time for which application threads were stopped: 0.0001003 seconds, Stopping threads took: 0.0000106 seconds
2017-06-01T12:30:11.695-0100: 3572.951: Total time for which application threads were stopped: 0.0002123 seconds, Stopping threads took: 0.0000216 seconds
2017-06-01T12:30:11.695-0100: 3572.951: Total time for which application threads were stopped: 0.0000993 seconds, Stopping threads took: 0.0000071 seconds
2017-06-01T12:30:11.695-0100: 3572.951: Total time for which application threads were stopped: 0.0000775 seconds, Stopping threads took: 0.0000063 seconds
2017-06-01T12:30:18.000-0100: 3579.255: Total time for which application threads were stopped: 0.0000908 seconds, Stopping threads took: 0.0000160 seconds
2017-06-01T12:30:18.000-0100: 3579.255: Total time for which application threads were stopped: 0.0000566 seconds, Stopping threads took: 0.0000083 seconds
2017-06-01T12:30:18.000-0100: 3579.256: Total time for which application threads were stopped: 0.0001139 seconds, Stopping threads took: 0.0000466 seconds
2017-06-01T12:30:18.000-0100: 3579.256: Total time for which application threads were stopped: 0.0001267 seconds, Stopping threads took: 0.0000282 seconds
2017-06-01T12:30:18.004-0100: 3579.260: Total time for which application threads were stopped: 0.0000830 seconds, Stopping threads took: 0.0000131 seconds
2017-06-01T12:30:19.007-0100: 3580.263: Total time for which application threads were stopped: 0.0001233 seconds, Stopping threads took: 0.0000259 seconds
2017-06-01T12:30:19.008-0100: 3580.264: Total time for which application threads were stopped: 0.0001226 seconds, Stopping threads took: 0.0000234 seconds
2017-06-01T12:30:19.008-0100: 3580.264: Total time for which application threads were stopped: 0.0000981 seconds, Stopping threads took: 0.0000189 seconds
2017-06-01T12:30:19.009-0100: 3580.264: Total time for which application threads were stopped: 0.0000530 seconds, Stopping threads took: 0.0000087 seconds
2017-06-01T12:30:19.009-0100: 3580.265: Total time for which application threads were stopped: 0.0001467 seconds, Stopping threads took: 0.0000350 seconds
2017-06-01T12:30:19.010-0100: 3580.265: Total time for which application threads were stopped: 0.0001588 seconds, Stopping threads took: 0.0000256 seconds
2017-06-01T12:30:19.013-0100: 3580.269: Total time for which application threads were stopped: 0.0000890 seconds, Stopping threads took: 0.0000168 seconds
2017-06-01T12:30:19.013-0100: 3580.269: Total time for which application threads were stopped: 0.0000565 seconds, Stopping threads took: 0.0000091 seconds
2017-06-01T12:30:19.013-0100: 3580.269: Total time for which application threads were stopped: 0.0000792 seconds, Stopping threads took: 0.0000330 seconds
2017-06-01T12:30:19.016-0100: 3580.271: Total time for which application threads were stopped: 0.0000797 seconds, Stopping threads took: 0.0000108 seconds
2017-06-01T12:30:19.671-0100: 3580.927: Total time for which application threads were stopped: 0.0001187 seconds, Stopping threads took: 0.0000195 seconds
2017-06-01T12:30:19.671-0100: 3580.927: Total time for which application threads were stopped: 0.0000760 seconds, Stopping threads took: 0.0000160 seconds
2017-06-01T12:30:19.679-0100: 3580.935: Total time for which application threads were stopped: 0.0001027 seconds, Stopping threads took: 0.0000237 seconds
2017-06-01T12:30:19.679-0100: 3580.935: Total time for which application threads were stopped: 0.0000679 seconds, Stopping threads took: 0.0000108 seconds
2017-06-01T12:30:33.005-0100: 3594.260: Total time for which application threads were stopped: 0.0000887 seconds, Stopping threads took: 0.0000197 seconds
2017-06-01T12:30:33.005-0100: 3594.261: Total time for which application threads were stopped: 0.0000621 seconds, Stopping threads took: 0.0000123 seconds
2017-06-01T12:30:33.012-0100: 3594.267: Total time for which application threads were stopped: 0.0000883 seconds, Stopping threads took: 0.0000182 seconds
2017-06-01T12:30:33.012-0100: 3594.268: Total time for which application threads were stopped: 0.0000608 seconds, Stopping threads took: 0.0000111 seconds
2017-06-01T12:30:33.013-0100: 3594.268: Total time for which application threads were stopped: 0.0000680 seconds, Stopping threads took: 0.0000242 seconds
2017-06-01T12:30:33.013-0100: 3594.268: Total time for which application threads were stopped: 0.0000520 seconds, Stopping threads took: 0.0000080 seconds
2017-06-01T12:30:33.013-0100: 3594.269: Total time for which application threads were stopped: 0.0000482 seconds, Stopping threads took: 0.0000086 seconds
2017-06-01T12:30:33.013-0100: 3594.269: Total time for which application threads were stopped: 0.0000424 seconds, Stopping threads took: 0.0000071 seconds
2017-06-01T12:30:33.014-0100: 3594.269: Total time for which application threads were stopped: 0.0000367 seconds, Stopping threads took: 0.0000058 seconds
2017-06-01T12:30:33.014-0100: 3594.269: Total time for which application threads were stopped: 0.0000437 seconds, Stopping threads took: 0.0000074 seconds
2017-06-01T12:30:33.014-0100: 3594.270: Total time for which application threads were stopped: 0.0000660 seconds, Stopping threads took: 0.0000101 seconds
2017-06-01T12:30:33.015-0100: 3594.270: Total time for which application threads were stopped: 0.0000600 seconds, Stopping threads took: 0.0000151 seconds
2017-06-01T12:30:33.015-0100: 3594.271: Total time for which application threads were stopped: 0.0000549 seconds, Stopping threads took: 0.0000087 seconds
2017-06-01T12:30:33.016-0100: 3594.271: Total time for which application threads were stopped: 0.0000498 seconds, Stopping threads took: 0.0000078 seconds
2017-06-01T12:30:33.016-0100: 3594.272: Total time for which application threads were stopped: 0.0000676 seconds, Stopping threads took: 0.0000230 seconds
2017-06-01T12:30:33.018-0100: 3594.274: Total time for which application threads were stopped: 0.0000776 seconds, Stopping threads took: 0.0000098 seconds
2017-06-01T12:30:33.019-0100: 3594.274: Total time for which application threads were stopped: 0.0000714 seconds, Stopping threads took: 0.0000236 seconds
2017-06-01T12:30:33.019-0100: 3594.275: Total time for which application threads were stopped: 0.0000717 seconds, Stopping threads took: 0.0000232 seconds
2017-06-01T12:30:33.019-0100: 3594.275: Total time for which application threads were stopped: 0.0000668 seconds, Stopping threads took: 0.0000221 seconds
2017-06-01T12:30:33.019-0100: 3594.275: Total time for which application threads were stopped: 0.0000613 seconds, Stopping threads took: 0.0000208 seconds
2017-06-01T12:30:50.059-0100: 3611.314: Total time for which application threads were stopped: 0.0001107 seconds, Stopping threads took: 0.0000256 seconds
2017-06-01T12:30:52.648-0100: 3613.904: Total time for which application threads were stopped: 0.0001475 seconds, Stopping threads took: 0.0000239 seconds
2017-06-01T12:32:33.542-0100: 3714.797: Total time for which application threads were stopped: 0.0001558 seconds, Stopping threads took: 0.0000593 seconds
2017-06-01T12:32:33.543-0100: 3714.798: Total time for which application threads were stopped: 0.0000925 seconds, Stopping threads took: 0.0000247 seconds
2017-06-01T12:32:33.544-0100: 3714.799: Total time for which application threads were stopped: 0.0000799 seconds, Stopping threads took: 0.0000189 seconds
2017-06-01T12:32:33.576-0100: 3714.831: Total time for which application threads were stopped: 0.0001185 seconds, Stopping threads took: 0.0000129 seconds
2017-06-01T12:32:33.582-0100: 3714.836: Total time for which application threads were stopped: 0.0001081 seconds, Stopping threads took: 0.0000189 seconds
2017-06-01T12:32:33.582-0100: 3714.836: Total time for which application threads were stopped: 0.0000783 seconds, Stopping threads took: 0.0000215 seconds
2017-06-01T12:32:33.582-0100: 3714.837: Total time for which application threads were stopped: 0.0000451 seconds, Stopping threads took: 0.0000074 seconds
2017-06-01T12:32:33.582-0100: 3714.837: Total time for which application threads were stopped: 0.0000539 seconds, Stopping threads took: 0.0000091 seconds
2017-06-01T12:32:33.582-0100: 3714.837: Total time for which application threads were stopped: 0.0000671 seconds, Stopping threads took: 0.0000185 seconds
2017-06-01T12:32:33.582-0100: 3714.837: Total time for which application threads were stopped: 0.0000503 seconds, Stopping threads took: 0.0000073 seconds
2017-06-01T12:32:33.582-0100: 3714.837: Total time for which application threads were stopped: 0.0000519 seconds, Stopping threads took: 0.0000071 seconds
2017-06-01T12:32:33.582-0100: 3714.837: Total time for which application threads were stopped: 0.0000720 seconds, Stopping threads took: 0.0000084 seconds
2017-06-01T12:32:34.585-0100: 3715.839: Total time for which application threads were stopped: 0.0000887 seconds, Stopping threads took: 0.0000206 seconds
2017-06-01T12:32:39.632-0100: 3720.887: Total time for which application threads were stopped: 0.0000955 seconds, Stopping threads took: 0.0000183 seconds
2017-06-01T12:32:39.634-0100: 3720.888: Total time for which application threads were stopped: 0.0001097 seconds, Stopping threads took: 0.0000233 seconds
2017-06-01T12:32:40.639-0100: 3721.893: Total time for which application threads were stopped: 0.0001178 seconds, Stopping threads took: 0.0000258 seconds
2017-06-01T12:34:26.826-0100: 3828.080: Total time for which application threads were stopped: 0.0002225 seconds, Stopping threads took: 0.0000243 seconds
2017-06-01T12:34:26.827-0100: 3828.081: Total time for which application threads were stopped: 0.0000956 seconds, Stopping threads took: 0.0000118 seconds
2017-06-01T12:34:26.837-0100: 3828.090: Total time for which application threads were stopped: 0.0001365 seconds, Stopping threads took: 0.0000361 seconds
2017-06-01T12:34:26.837-0100: 3828.091: Total time for which application threads were stopped: 0.0000758 seconds, Stopping threads took: 0.0000117 seconds
2017-06-01T12:34:26.857-0100: 3828.111: Total time for which application threads were stopped: 0.0001390 seconds, Stopping threads took: 0.0000361 seconds
2017-06-01T12:34:26.858-0100: 3828.112: Total time for which application threads were stopped: 0.0001066 seconds, Stopping threads took: 0.0000123 seconds
2017-06-01T12:34:26.867-0100: 3828.121: Total time for which application threads were stopped: 0.0001109 seconds, Stopping threads took: 0.0000230 seconds
2017-06-01T12:34:26.867-0100: 3828.121: Total time for which application threads were stopped: 0.0000675 seconds, Stopping threads took: 0.0000102 seconds
2017-06-01T12:34:27.964-0100: 3829.218: Total time for which application threads were stopped: 0.0000978 seconds, Stopping threads took: 0.0000155 seconds
{Heap before GC invocations=16 (full 1):
 par new generation   total 109248K, used 95815K [0x00000007a0000000, 0x00000007a8000000, 0x00000007a8000000)
  eden space 87424K,  99% used [0x00000007a0000000, 0x00000007a555fe30, 0x00000007a5560000)
  from space 21824K,  38% used [0x00000007a5560000, 0x00000007a5d91e10, 0x00000007a6ab0000)
  to   space 21824K,   0% used [0x00000007a6ab0000, 0x00000007a6ab0000, 0x00000007a8000000)
 concurrent mark-sweep generation total 393216K, used 12244K [0x00000007a8000000, 0x00000007c0000000, 0x00000007c0000000)
 Metaspace       used 35340K, capacity 35994K, committed 36036K, reserved 1081344K
  class space    used 4071K, capacity 4285K, committed 4324K, reserved 1048576K
2017-06-01T12:34:28.002-0100: 3829.256: [GC (Allocation Failure) 2017-06-01T12:34:28.002-0100: 3829.256: [ParNew
Desired survivor size 20112992 bytes, new threshold 8 (max 8)
- age   1:    2240240 bytes,    2240240 total
- age   2:    2639560 bytes,    4879800 total
- age   3:     682576 bytes,    5562376 total
- age   4:     326232 bytes,    5888608 total
- age   5:     226968 bytes,    6115576 total
- age   6:     221792 bytes,    6337368 total
- age   7:     337752 bytes,    6675120 total
- age   8:     377472 bytes,    7052592 total
: 95815K->8360K(109248K), 0.0109125 secs] 108059K->20868K(502464K), 0.0109756 secs] [Times: user=0.04 sys=0.00, real=0.01 secs] 
Heap after GC invocations=17 (full 1):
 par new generation   total 109248K, used 8360K [0x00000007a0000000, 0x00000007a8000000, 0x00000007a8000000)
  eden space 87424K,   0% used [0x00000007a0000000, 0x00000007a0000000, 0x00000007a5560000)
  from space 21824K,  38% used [0x00000007a6ab0000, 0x00000007a72da0a0, 0x00000007a8000000)
  to   space 21824K,   0% used [0x00000007a5560000, 0x00000007a5560000, 0x00000007a6ab0000)
 concurrent mark-sweep generation total 393216K, used 12508K [0x00000007a8000000, 0x00000007c0000000, 0x00000007c0000000)
 Metaspace       used 35340K, capacity 35994K, committed 36036K, reserved 1081344K
  class space    used 4071K, capacity 4285K, committed 4324K, reserved 1048576K
}
2017-06-01T12:34:28.013-0100: 3829.267: Total time for which application threads were stopped: 0.0111890 seconds, Stopping threads took: 0.0000277 seconds
2017-06-01T12:34:28.014-0100: 3829.268: Total time for which application threads were stopped: 0.0001229 seconds, Stopping threads took: 0.0000523 seconds
2017-06-01T12:34:28.014-0100: 3829.268: Total time for which application threads were stopped: 0.0000873 seconds, Stopping threads took: 0.0000167 seconds
2017-06-01T12:34:28.014-0100: 3829.268: Total time for which application threads were stopped: 0.0000763 seconds, Stopping threads took: 0.0000317 seconds
2017-06-01T12:34:28.016-0100: 3829.270: Total time for which application threads were stopped: 0.0000886 seconds, Stopping threads took: 0.0000119 seconds
2017-06-01T12:34:28.030-0100: 3829.284: Total time for which application threads were stopped: 0.0003930 seconds, Stopping threads took: 0.0000941 seconds
2017-06-01T12:34:29.062-0100: 3830.316: Total time for which application threads were stopped: 0.0001506 seconds, Stopping threads took: 0.0000402 seconds
2017-06-01T12:34:29.062-0100: 3830.316: Total time for which application threads were stopped: 0.0000779 seconds, Stopping threads took: 0.0000104 seconds
2017-06-01T12:34:29.070-0100: 3830.324: Total time for which application threads were stopped: 0.0001117 seconds, Stopping threads took: 0.0000218 seconds
2017-06-01T12:34:29.070-0100: 3830.324: Total time for which application threads were stopped: 0.0000787 seconds, Stopping threads took: 0.0000138 seconds
2017-06-01T12:35:29.074-0100: 3890.328: Total time for which application threads were stopped: 0.0000793 seconds, Stopping threads took: 0.0000161 seconds
{Heap before GC invocations=17 (full 1):
 par new generation   total 109248K, used 95784K [0x00000007a0000000, 0x00000007a8000000, 0x00000007a8000000)
  eden space 87424K, 100% used [0x00000007a0000000, 0x00000007a5560000, 0x00000007a5560000)
  from space 21824K,  38% used [0x00000007a6ab0000, 0x00000007a72da0a0, 0x00000007a8000000)
  to   space 21824K,   0% used [0x00000007a5560000, 0x00000007a5560000, 0x00000007a6ab0000)
 concurrent mark-sweep generation total 393216K, used 12508K [0x00000007a8000000, 0x00000007c0000000, 0x00000007c0000000)
 Metaspace       used 35367K, capacity 36064K, committed 36292K, reserved 1081344K
  class space    used 4072K, capacity 4286K, committed 4324K, reserved 1048576K
2017-06-01T12:35:54.222-0100: 3915.476: [GC (Allocation Failure) 2017-06-01T12:35:54.222-0100: 3915.476: [ParNew
Desired survivor size 20112992 bytes, new threshold 8 (max 8)
- age   1:    1247696 bytes,    1247696 total
- age   2:     755144 bytes,    2002840 total
- age   3:    2407216 bytes,    4410056 total
- age   4:     188016 bytes,    4598072 total
- age   5:     326184 bytes,    4924256 total
- age   6:     225344 bytes,    5149600 total
- age   7:     220096 bytes,    5369696 total
- age   8:     311480 bytes,    5681176 total
: 95784K->7501K(109248K), 0.0091914 secs] 108292K->20382K(502464K), 0.0092625 secs] [Times: user=0.03 sys=0.00, real=0.01 secs] 
Heap after GC invocations=18 (full 1):
 par new generation   total 109248K, used 7501K [0x00000007a0000000, 0x00000007a8000000, 0x00000007a8000000)
  eden space 87424K,   0% used [0x00000007a0000000, 0x00000007a0000000, 0x00000007a5560000)
  from space 21824K,  34% used [0x00000007a5560000, 0x00000007a5cb3780, 0x00000007a6ab0000)
  to   space 21824K,   0% used [0x00000007a6ab0000, 0x00000007a6ab0000, 0x00000007a8000000)
 concurrent mark-sweep generation total 393216K, used 12880K [0x00000007a8000000, 0x00000007c0000000, 0x00000007c0000000)
 Metaspace       used 35367K, capacity 36064K, committed 36292K, reserved 1081344K
  class space    used 4072K, capacity 4286K, committed 4324K, reserved 1048576K
}
2017-06-01T12:35:54.232-0100: 3915.485: Total time for which application threads were stopped: 0.0094612 seconds, Stopping threads took: 0.0000498 seconds
2017-06-01T12:35:54.232-0100: 3915.485: Total time for which application threads were stopped: 0.0001395 seconds, Stopping threads took: 0.0000681 seconds
2017-06-01T12:35:54.232-0100: 3915.485: Total time for which application threads were stopped: 0.0001878 seconds, Stopping threads took: 0.0000882 seconds
2017-06-01T12:35:54.245-0100: 3915.499: Total time for which application threads were stopped: 0.0006393 seconds, Stopping threads took: 0.0000176 seconds
2017-06-01T12:35:54.255-0100: 3915.509: Total time for which application threads were stopped: 0.0001211 seconds, Stopping threads took: 0.0000304 seconds
2017-06-01T12:35:54.348-0100: 3915.602: Total time for which application threads were stopped: 0.0001407 seconds, Stopping threads took: 0.0000224 seconds
2017-06-01T12:35:54.348-0100: 3915.602: Total time for which application threads were stopped: 0.0000654 seconds, Stopping threads took: 0.0000085 seconds
2017-06-01T12:35:54.349-0100: 3915.602: Total time for which application threads were stopped: 0.0000486 seconds, Stopping threads took: 0.0000066 seconds
2017-06-01T12:35:54.352-0100: 3915.605: Total time for which application threads were stopped: 0.0001541 seconds, Stopping threads took: 0.0000166 seconds
2017-06-01T12:35:54.352-0100: 3915.606: Total time for which application threads were stopped: 0.0000770 seconds, Stopping threads took: 0.0000178 seconds
2017-06-01T12:35:54.353-0100: 3915.606: Total time for which application threads were stopped: 0.0000632 seconds, Stopping threads took: 0.0000101 seconds
2017-06-01T12:35:54.353-0100: 3915.606: Total time for which application threads were stopped: 0.0000507 seconds, Stopping threads took: 0.0000076 seconds
2017-06-01T12:35:54.360-0100: 3915.613: Total time for which application threads were stopped: 0.0001300 seconds, Stopping threads took: 0.0000421 seconds
2017-06-01T12:35:54.360-0100: 3915.613: Total time for which application threads were stopped: 0.0000814 seconds, Stopping threads took: 0.0000120 seconds
2017-06-01T12:35:54.360-0100: 3915.614: Total time for which application threads were stopped: 0.0000572 seconds, Stopping threads took: 0.0000103 seconds
2017-06-01T12:35:54.360-0100: 3915.614: Total time for which application threads were stopped: 0.0000565 seconds, Stopping threads took: 0.0000092 seconds
2017-06-01T12:35:54.360-0100: 3915.614: Total time for which application threads were stopped: 0.0000563 seconds, Stopping threads took: 0.0000097 seconds
2017-06-01T12:35:54.360-0100: 3915.614: Total time for which application threads were stopped: 0.0000422 seconds, Stopping threads took: 0.0000073 seconds
2017-06-01T12:35:55.365-0100: 3916.618: Total time for which application threads were stopped: 0.0002025 seconds, Stopping threads took: 0.0000363 seconds
2017-06-01T12:35:55.389-0100: 3916.642: Total time for which application threads were stopped: 0.0001141 seconds, Stopping threads took: 0.0000316 seconds
2017-06-01T12:35:55.395-0100: 3916.648: Total time for which application threads were stopped: 0.0001345 seconds, Stopping threads took: 0.0000364 seconds
2017-06-01T12:35:55.395-0100: 3916.648: Total time for which application threads were stopped: 0.0000977 seconds, Stopping threads took: 0.0000120 seconds
2017-06-01T12:35:55.402-0100: 3916.656: Total time for which application threads were stopped: 0.0001124 seconds, Stopping threads took: 0.0000235 seconds
2017-06-01T12:35:55.402-0100: 3916.656: Total time for which application threads were stopped: 0.0000724 seconds, Stopping threads took: 0.0000157 seconds
2017-06-01T12:35:57.510-0100: 3918.764: Total time for which application threads were stopped: 0.0001413 seconds, Stopping threads took: 0.0000533 seconds
2017-06-01T12:35:57.511-0100: 3918.764: Total time for which application threads were stopped: 0.0002237 seconds, Stopping threads took: 0.0000121 seconds
2017-06-01T12:35:57.511-0100: 3918.764: Total time for which application threads were stopped: 0.0001021 seconds, Stopping threads took: 0.0000303 seconds
2017-06-01T12:35:57.511-0100: 3918.764: Total time for which application threads were stopped: 0.0000919 seconds, Stopping threads took: 0.0000293 seconds
2017-06-01T12:35:57.511-0100: 3918.765: Total time for which application threads were stopped: 0.0000952 seconds, Stopping threads took: 0.0000289 seconds
2017-06-01T12:35:57.512-0100: 3918.765: Total time for which application threads were stopped: 0.0001994 seconds, Stopping threads took: 0.0000861 seconds
2017-06-01T12:35:57.512-0100: 3918.766: Total time for which application threads were stopped: 0.0001860 seconds, Stopping threads took: 0.0000825 seconds
2017-06-01T12:35:57.512-0100: 3918.766: Total time for which application threads were stopped: 0.0001158 seconds, Stopping threads took: 0.0000298 seconds
2017-06-01T12:35:57.513-0100: 3918.766: Total time for which application threads were stopped: 0.0001544 seconds, Stopping threads took: 0.0000855 seconds
2017-06-01T12:35:57.513-0100: 3918.766: Total time for which application threads were stopped: 0.0001505 seconds, Stopping threads took: 0.0000702 seconds
2017-06-01T12:35:57.513-0100: 3918.766: Total time for which application threads were stopped: 0.0001247 seconds, Stopping threads took: 0.0000429 seconds
2017-06-01T12:35:57.514-0100: 3918.767: Total time for which application threads were stopped: 0.0001036 seconds, Stopping threads took: 0.0000298 seconds
2017-06-01T12:35:57.514-0100: 3918.767: Total time for which application threads were stopped: 0.0002770 seconds, Stopping threads took: 0.0000248 seconds
2017-06-01T12:35:57.516-0100: 3918.769: Total time for which application threads were stopped: 0.0005845 seconds, Stopping threads took: 0.0004057 seconds
2017-06-01T12:35:57.516-0100: 3918.769: Total time for which application threads were stopped: 0.0001550 seconds, Stopping threads took: 0.0000412 seconds
2017-06-01T12:35:57.522-0100: 3918.776: Total time for which application threads were stopped: 0.0001880 seconds, Stopping threads took: 0.0000372 seconds
2017-06-01T12:35:57.523-0100: 3918.776: Total time for which application threads were stopped: 0.0001203 seconds, Stopping threads took: 0.0000140 seconds
2017-06-01T12:35:57.523-0100: 3918.776: Total time for which application threads were stopped: 0.0001158 seconds, Stopping threads took: 0.0000134 seconds
2017-06-01T12:35:57.523-0100: 3918.777: Total time for which application threads were stopped: 0.0000907 seconds, Stopping threads took: 0.0000101 seconds
2017-06-01T12:35:57.532-0100: 3918.785: Total time for which application threads were stopped: 0.0001416 seconds, Stopping threads took: 0.0000227 seconds
2017-06-01T12:35:57.532-0100: 3918.786: Total time for which application threads were stopped: 0.0001166 seconds, Stopping threads took: 0.0000307 seconds
2017-06-01T12:35:57.534-0100: 3918.787: Total time for which application threads were stopped: 0.0001053 seconds, Stopping threads took: 0.0000197 seconds
2017-06-01T12:35:57.534-0100: 3918.787: Total time for which application threads were stopped: 0.0000686 seconds, Stopping threads took: 0.0000107 seconds
2017-06-01T12:35:59.836-0100: 3921.089: Total time for which application threads were stopped: 0.0001460 seconds, Stopping threads took: 0.0000454 seconds
2017-06-01T12:35:59.836-0100: 3921.090: Total time for which application threads were stopped: 0.0000959 seconds, Stopping threads took: 0.0000299 seconds
2017-06-01T12:35:59.844-0100: 3921.097: Total time for which application threads were stopped: 0.0001053 seconds, Stopping threads took: 0.0000210 seconds
2017-06-01T12:35:59.844-0100: 3921.097: Total time for which application threads were stopped: 0.0000685 seconds, Stopping threads took: 0.0000110 seconds
2017-06-01T12:36:01.851-0100: 3923.105: Total time for which application threads were stopped: 0.0000992 seconds, Stopping threads took: 0.0000238 seconds
2017-06-01T12:36:57.533-0100: 3978.786: Total time for which application threads were stopped: 0.0001615 seconds, Stopping threads took: 0.0000304 seconds
2017-06-01T12:36:59.847-0100: 3981.100: Total time for which application threads were stopped: 0.0001844 seconds, Stopping threads took: 0.0000188 seconds
2017-06-01T12:37:00.147-0100: 3981.400: Total time for which application threads were stopped: 0.0002068 seconds, Stopping threads took: 0.0000235 seconds
2017-06-01T12:37:00.147-0100: 3981.400: Total time for which application threads were stopped: 0.0001026 seconds, Stopping threads took: 0.0000120 seconds
2017-06-01T12:37:00.159-0100: 3981.412: Total time for which application threads were stopped: 0.0001487 seconds, Stopping threads took: 0.0000350 seconds
2017-06-01T12:37:00.159-0100: 3981.412: Total time for which application threads were stopped: 0.0000686 seconds, Stopping threads took: 0.0000092 seconds
2017-06-01T12:37:00.183-0100: 3981.436: Total time for which application threads were stopped: 0.0001599 seconds, Stopping threads took: 0.0000223 seconds
2017-06-01T12:37:00.183-0100: 3981.436: Total time for which application threads were stopped: 0.0001045 seconds, Stopping threads took: 0.0000135 seconds
2017-06-01T12:37:00.192-0100: 3981.445: Total time for which application threads were stopped: 0.0001162 seconds, Stopping threads took: 0.0000258 seconds
2017-06-01T12:37:00.192-0100: 3981.445: Total time for which application threads were stopped: 0.0000759 seconds, Stopping threads took: 0.0000104 seconds
2017-06-01T12:37:00.211-0100: 3981.464: Total time for which application threads were stopped: 0.0001189 seconds, Stopping threads took: 0.0000193 seconds
2017-06-01T12:37:00.211-0100: 3981.464: Total time for which application threads were stopped: 0.0000641 seconds, Stopping threads took: 0.0000093 seconds
2017-06-01T12:37:00.220-0100: 3981.473: Total time for which application threads were stopped: 0.0001853 seconds, Stopping threads took: 0.0000223 seconds
2017-06-01T12:37:00.220-0100: 3981.473: Total time for which application threads were stopped: 0.0001220 seconds, Stopping threads took: 0.0000170 seconds
2017-06-01T12:37:00.220-0100: 3981.473: Total time for which application threads were stopped: 0.0000830 seconds, Stopping threads took: 0.0000073 seconds
2017-06-01T12:37:00.250-0100: 3981.503: Total time for which application threads were stopped: 0.0001253 seconds, Stopping threads took: 0.0000309 seconds
2017-06-01T12:37:00.250-0100: 3981.503: Total time for which application threads were stopped: 0.0001000 seconds, Stopping threads took: 0.0000112 seconds
2017-06-01T12:37:00.259-0100: 3981.512: Total time for which application threads were stopped: 0.0000837 seconds, Stopping threads took: 0.0000186 seconds
2017-06-01T12:37:00.259-0100: 3981.512: Total time for which application threads were stopped: 0.0000438 seconds, Stopping threads took: 0.0000081 seconds
2017-06-01T12:37:01.263-0100: 3982.516: Total time for which application threads were stopped: 0.0001155 seconds, Stopping threads took: 0.0000190 seconds
{Heap before GC invocations=18 (full 1):
 par new generation   total 109248K, used 94925K [0x00000007a0000000, 0x00000007a8000000, 0x00000007a8000000)
  eden space 87424K, 100% used [0x00000007a0000000, 0x00000007a5560000, 0x00000007a5560000)
  from space 21824K,  34% used [0x00000007a5560000, 0x00000007a5cb3780, 0x00000007a6ab0000)
  to   space 21824K,   0% used [0x00000007a6ab0000, 0x00000007a6ab0000, 0x00000007a8000000)
 concurrent mark-sweep generation total 393216K, used 12880K [0x00000007a8000000, 0x00000007c0000000, 0x00000007c0000000)
 Metaspace       used 35544K, capacity 36316K, committed 36548K, reserved 1081344K
  class space    used 4085K, capacity 4306K, committed 4324K, reserved 1048576K
2017-06-01T12:37:01.292-0100: 3982.545: [GC (Allocation Failure) 2017-06-01T12:37:01.292-0100: 3982.545: [ParNew
Desired survivor size 20112992 bytes, new threshold 8 (max 8)
- age   1:    2019456 bytes,    2019456 total
- age   2:     713656 bytes,    2733112 total
- age   3:     632648 bytes,    3365760 total
- age   4:    2407152 bytes,    5772912 total
- age   5:     188016 bytes,    5960928 total
- age   6:     312744 bytes,    6273672 total
- age   7:     200696 bytes,    6474368 total
- age   8:     220096 bytes,    6694464 total
: 94925K->8952K(109248K), 0.0097008 secs] 107806K->22139K(502464K), 0.0097520 secs] [Times: user=0.03 sys=0.00, real=0.01 secs] 
Heap after GC invocations=19 (full 1):
 par new generation   total 109248K, used 8952K [0x00000007a0000000, 0x00000007a8000000, 0x00000007a8000000)
  eden space 87424K,   0% used [0x00000007a0000000, 0x00000007a0000000, 0x00000007a5560000)
  from space 21824K,  41% used [0x00000007a6ab0000, 0x00000007a736e0c0, 0x00000007a8000000)
  to   space 21824K,   0% used [0x00000007a5560000, 0x00000007a5560000, 0x00000007a6ab0000)
 concurrent mark-sweep generation total 393216K, used 13187K [0x00000007a8000000, 0x00000007c0000000, 0x00000007c0000000)
 Metaspace       used 35544K, capacity 36316K, committed 36548K, reserved 1081344K
  class space    used 4085K, capacity 4306K, committed 4324K, reserved 1048576K
}
2017-06-01T12:37:01.302-0100: 3982.555: Total time for which application threads were stopped: 0.0099663 seconds, Stopping threads took: 0.0000174 seconds
2017-06-01T12:37:01.303-0100: 3982.555: Total time for which application threads were stopped: 0.0001964 seconds, Stopping threads took: 0.0000906 seconds
2017-06-01T12:37:01.303-0100: 3982.556: Total time for which application threads were stopped: 0.0001287 seconds, Stopping threads took: 0.0000558 seconds
2017-06-01T12:37:01.303-0100: 3982.556: Total time for which application threads were stopped: 0.0000884 seconds, Stopping threads took: 0.0000414 seconds
2017-06-01T12:37:01.316-0100: 3982.569: Total time for which application threads were stopped: 0.0001650 seconds, Stopping threads took: 0.0000712 seconds
2017-06-01T12:37:01.411-0100: 3982.664: Total time for which application threads were stopped: 0.0001617 seconds, Stopping threads took: 0.0000594 seconds
2017-06-01T12:37:01.411-0100: 3982.664: Total time for which application threads were stopped: 0.0000693 seconds, Stopping threads took: 0.0000115 seconds
2017-06-01T12:37:01.412-0100: 3982.665: Total time for which application threads were stopped: 0.0000668 seconds, Stopping threads took: 0.0000193 seconds
2017-06-01T12:37:01.412-0100: 3982.665: Total time for which application threads were stopped: 0.0000491 seconds, Stopping threads took: 0.0000078 seconds
2017-06-01T12:37:01.412-0100: 3982.665: Total time for which application threads were stopped: 0.0000631 seconds, Stopping threads took: 0.0000220 seconds
2017-06-01T12:37:01.412-0100: 3982.665: Total time for which application threads were stopped: 0.0000574 seconds, Stopping threads took: 0.0000098 seconds
2017-06-01T12:37:01.412-0100: 3982.665: Total time for which application threads were stopped: 0.0000582 seconds, Stopping threads took: 0.0000096 seconds
2017-06-01T12:37:01.412-0100: 3982.665: Total time for which application threads were stopped: 0.0000477 seconds, Stopping threads took: 0.0000065 seconds
2017-06-01T12:37:01.412-0100: 3982.665: Total time for which application threads were stopped: 0.0000416 seconds, Stopping threads took: 0.0000056 seconds
2017-06-01T12:37:01.412-0100: 3982.665: Total time for which application threads were stopped: 0.0000468 seconds, Stopping threads took: 0.0000077 seconds
2017-06-01T12:37:01.416-0100: 3982.669: Total time for which application threads were stopped: 0.0001021 seconds, Stopping threads took: 0.0000320 seconds
2017-06-01T12:37:01.416-0100: 3982.669: Total time for which application threads were stopped: 0.0000674 seconds, Stopping threads took: 0.0000204 seconds
2017-06-01T12:37:01.418-0100: 3982.671: Total time for which application threads were stopped: 0.0001391 seconds, Stopping threads took: 0.0000172 seconds
2017-06-01T12:37:01.418-0100: 3982.671: Total time for which application threads were stopped: 0.0000885 seconds, Stopping threads took: 0.0000127 seconds
2017-06-01T12:37:01.424-0100: 3982.677: Total time for which application threads were stopped: 0.0001033 seconds, Stopping threads took: 0.0000164 seconds
2017-06-01T12:37:01.424-0100: 3982.677: Total time for which application threads were stopped: 0.0000943 seconds, Stopping threads took: 0.0000129 seconds
2017-06-01T12:37:01.424-0100: 3982.677: Total time for which application threads were stopped: 0.0000883 seconds, Stopping threads took: 0.0000148 seconds
2017-06-01T12:37:01.424-0100: 3982.677: Total time for which application threads were stopped: 0.0000826 seconds, Stopping threads took: 0.0000243 seconds
2017-06-01T12:37:01.424-0100: 3982.677: Total time for which application threads were stopped: 0.0001102 seconds, Stopping threads took: 0.0000221 seconds
2017-06-01T12:37:02.427-0100: 3983.680: Total time for which application threads were stopped: 0.0001268 seconds, Stopping threads took: 0.0000285 seconds
2017-06-01T12:37:02.444-0100: 3983.697: Total time for which application threads were stopped: 0.0001385 seconds, Stopping threads took: 0.0000376 seconds
2017-06-01T12:37:02.452-0100: 3983.705: Total time for which application threads were stopped: 0.0002252 seconds, Stopping threads took: 0.0000223 seconds
2017-06-01T12:37:02.452-0100: 3983.705: Total time for which application threads were stopped: 0.0001398 seconds, Stopping threads took: 0.0000273 seconds
2017-06-01T12:37:02.460-0100: 3983.713: Total time for which application threads were stopped: 0.0001328 seconds, Stopping threads took: 0.0000219 seconds
2017-06-01T12:37:02.460-0100: 3983.713: Total time for which application threads were stopped: 0.0000555 seconds, Stopping threads took: 0.0000091 seconds
2017-06-01T12:37:04.518-0100: 3985.771: Total time for which application threads were stopped: 0.0001246 seconds, Stopping threads took: 0.0000240 seconds
2017-06-01T12:37:04.518-0100: 3985.771: Total time for which application threads were stopped: 0.0000881 seconds, Stopping threads took: 0.0000105 seconds
2017-06-01T12:37:04.518-0100: 3985.771: Total time for which application threads were stopped: 0.0000690 seconds, Stopping threads took: 0.0000091 seconds
2017-06-01T12:37:04.518-0100: 3985.771: Total time for which application threads were stopped: 0.0000602 seconds, Stopping threads took: 0.0000075 seconds
2017-06-01T12:37:04.518-0100: 3985.771: Total time for which application threads were stopped: 0.0001704 seconds, Stopping threads took: 0.0000074 seconds
2017-06-01T12:37:04.521-0100: 3985.774: Total time for which application threads were stopped: 0.0001675 seconds, Stopping threads took: 0.0000440 seconds
2017-06-01T12:37:04.525-0100: 3985.778: Total time for which application threads were stopped: 0.0001916 seconds, Stopping threads took: 0.0000419 seconds
2017-06-01T12:37:04.526-0100: 3985.779: Total time for which application threads were stopped: 0.0001666 seconds, Stopping threads took: 0.0000385 seconds
2017-06-01T12:37:04.526-0100: 3985.779: Total time for which application threads were stopped: 0.0001311 seconds, Stopping threads took: 0.0000153 seconds
2017-06-01T12:37:04.526-0100: 3985.779: Total time for which application threads were stopped: 0.0001097 seconds, Stopping threads took: 0.0000122 seconds
2017-06-01T12:37:04.526-0100: 3985.779: Total time for which application threads were stopped: 0.0000932 seconds, Stopping threads took: 0.0000096 seconds
2017-06-01T12:37:04.527-0100: 3985.779: Total time for which application threads were stopped: 0.0001142 seconds, Stopping threads took: 0.0000244 seconds
2017-06-01T12:37:04.527-0100: 3985.780: Total time for which application threads were stopped: 0.0001612 seconds, Stopping threads took: 0.0000920 seconds
2017-06-01T12:37:04.527-0100: 3985.780: Total time for which application threads were stopped: 0.0001463 seconds, Stopping threads took: 0.0000267 seconds
2017-06-01T12:37:04.527-0100: 3985.780: Total time for which application threads were stopped: 0.0001333 seconds, Stopping threads took: 0.0000301 seconds
2017-06-01T12:37:04.528-0100: 3985.781: Total time for which application threads were stopped: 0.0001228 seconds, Stopping threads took: 0.0000514 seconds
2017-06-01T12:37:04.528-0100: 3985.781: Total time for which application threads were stopped: 0.0001125 seconds, Stopping threads took: 0.0000511 seconds
2017-06-01T12:37:04.535-0100: 3985.788: Total time for which application threads were stopped: 0.0001910 seconds, Stopping threads took: 0.0000840 seconds
2017-06-01T12:37:04.535-0100: 3985.788: Total time for which application threads were stopped: 0.0001333 seconds, Stopping threads took: 0.0000610 seconds
2017-06-01T12:37:04.536-0100: 3985.789: Total time for which application threads were stopped: 0.0001665 seconds, Stopping threads took: 0.0000490 seconds
2017-06-01T12:37:04.537-0100: 3985.789: Total time for which application threads were stopped: 0.0001416 seconds, Stopping threads took: 0.0000250 seconds
2017-06-01T12:37:04.545-0100: 3985.798: Total time for which application threads were stopped: 0.0001204 seconds, Stopping threads took: 0.0000262 seconds
2017-06-01T12:37:04.546-0100: 3985.798: Total time for which application threads were stopped: 0.0000862 seconds, Stopping threads took: 0.0000150 seconds
2017-06-01T12:37:05.759-0100: 3987.012: Total time for which application threads were stopped: 0.0001303 seconds, Stopping threads took: 0.0000359 seconds
2017-06-01T12:37:05.759-0100: 3987.012: Total time for which application threads were stopped: 0.0000858 seconds, Stopping threads took: 0.0000211 seconds
2017-06-01T12:37:05.767-0100: 3987.019: Total time for which application threads were stopped: 0.0000983 seconds, Stopping threads took: 0.0000208 seconds
2017-06-01T12:37:05.767-0100: 3987.020: Total time for which application threads were stopped: 0.0000574 seconds, Stopping threads took: 0.0000105 seconds
2017-06-01T12:37:07.770-0100: 3989.022: Total time for which application threads were stopped: 0.0001360 seconds, Stopping threads took: 0.0000314 seconds
2017-06-01T12:38:04.541-0100: 4045.793: Total time for which application threads were stopped: 0.0000929 seconds, Stopping threads took: 0.0000218 seconds
2017-06-01T12:38:05.768-0100: 4047.020: Total time for which application threads were stopped: 0.0000926 seconds, Stopping threads took: 0.0000211 seconds
2017-06-01T12:45:29.798-0100: 4491.048: Total time for which application threads were stopped: 0.0001356 seconds, Stopping threads took: 0.0000194 seconds
2017-06-01T12:45:29.799-0100: 4491.048: Total time for which application threads were stopped: 0.0000806 seconds, Stopping threads took: 0.0000115 seconds
2017-06-01T12:45:29.808-0100: 4491.057: Total time for which application threads were stopped: 0.0000903 seconds, Stopping threads took: 0.0000209 seconds
2017-06-01T12:45:29.808-0100: 4491.057: Total time for which application threads were stopped: 0.0000637 seconds, Stopping threads took: 0.0000120 seconds
2017-06-01T12:45:29.825-0100: 4491.074: Total time for which application threads were stopped: 0.0001474 seconds, Stopping threads took: 0.0000502 seconds
2017-06-01T12:45:29.825-0100: 4491.074: Total time for which application threads were stopped: 0.0000807 seconds, Stopping threads took: 0.0000176 seconds
2017-06-01T12:45:29.833-0100: 4491.082: Total time for which application threads were stopped: 0.0001132 seconds, Stopping threads took: 0.0000211 seconds
2017-06-01T12:45:29.833-0100: 4491.083: Total time for which application threads were stopped: 0.0000680 seconds, Stopping threads took: 0.0000109 seconds
2017-06-01T12:45:30.966-0100: 4492.215: Total time for which application threads were stopped: 0.0001050 seconds, Stopping threads took: 0.0000298 seconds
{Heap before GC invocations=19 (full 1):
 par new generation   total 109248K, used 96368K [0x00000007a0000000, 0x00000007a8000000, 0x00000007a8000000)
  eden space 87424K,  99% used [0x00000007a0000000, 0x00000007a555e238, 0x00000007a5560000)
  from space 21824K,  41% used [0x00000007a6ab0000, 0x00000007a736e0c0, 0x00000007a8000000)
  to   space 21824K,   0% used [0x00000007a5560000, 0x00000007a5560000, 0x00000007a6ab0000)
 concurrent mark-sweep generation total 393216K, used 13187K [0x00000007a8000000, 0x00000007c0000000, 0x00000007c0000000)
 Metaspace       used 35609K, capacity 36346K, committed 36548K, reserved 1081344K
  class space    used 4088K, capacity 4311K, committed 4324K, reserved 1048576K
2017-06-01T12:45:31.005-0100: 4492.255: [GC (Allocation Failure) 2017-06-01T12:45:31.005-0100: 4492.255: [ParNew
Desired survivor size 20112992 bytes, new threshold 8 (max 8)
- age   1:    2089088 bytes,    2089088 total
- age   2:     973024 bytes,    3062112 total
- age   3:     686736 bytes,    3748848 total
- age   4:     401976 bytes,    4150824 total
- age   5:    1913560 bytes,    6064384 total
- age   6:     187968 bytes,    6252352 total
- age   7:     312712 bytes,    6565064 total
- age   8:     200664 bytes,    6765728 total
: 96368K->8367K(109248K), 0.0107385 secs] 109556K->21772K(502464K), 0.0108329 secs] [Times: user=0.04 sys=0.00, real=0.01 secs] 
Heap after GC invocations=20 (full 1):
 par new generation   total 109248K, used 8367K [0x00000007a0000000, 0x00000007a8000000, 0x00000007a8000000)
  eden space 87424K,   0% used [0x00000007a0000000, 0x00000007a0000000, 0x00000007a5560000)
  from space 21824K,  38% used [0x00000007a5560000, 0x00000007a5d8bc20, 0x00000007a6ab0000)
  to   space 21824K,   0% used [0x00000007a6ab0000, 0x00000007a6ab0000, 0x00000007a8000000)
 concurrent mark-sweep generation total 393216K, used 13405K [0x00000007a8000000, 0x00000007c0000000, 0x00000007c0000000)
 Metaspace       used 35609K, capacity 36346K, committed 36548K, reserved 1081344K
  class space    used 4088K, capacity 4311K, committed 4324K, reserved 1048576K
}
2017-06-01T12:45:31.016-0100: 4492.266: Total time for which application threads were stopped: 0.0110026 seconds, Stopping threads took: 0.0000181 seconds
2017-06-01T12:45:31.017-0100: 4492.266: Total time for which application threads were stopped: 0.0001017 seconds, Stopping threads took: 0.0000155 seconds
2017-06-01T12:45:31.017-0100: 4492.266: Total time for which application threads were stopped: 0.0000599 seconds, Stopping threads took: 0.0000069 seconds
2017-06-01T12:45:31.017-0100: 4492.266: Total time for which application threads were stopped: 0.0000630 seconds, Stopping threads took: 0.0000247 seconds
2017-06-01T12:45:31.030-0100: 4492.280: Total time for which application threads were stopped: 0.0001218 seconds, Stopping threads took: 0.0000298 seconds
2017-06-01T12:45:31.176-0100: 4492.425: Total time for which application threads were stopped: 0.0001664 seconds, Stopping threads took: 0.0000370 seconds
2017-06-01T12:45:31.176-0100: 4492.426: Total time for which application threads were stopped: 0.0000986 seconds, Stopping threads took: 0.0000271 seconds
2017-06-01T12:45:31.176-0100: 4492.426: Total time for which application threads were stopped: 0.0001025 seconds, Stopping threads took: 0.0000318 seconds
2017-06-01T12:45:31.177-0100: 4492.426: Total time for which application threads were stopped: 0.0000625 seconds, Stopping threads took: 0.0000098 seconds
2017-06-01T12:45:31.177-0100: 4492.426: Total time for which application threads were stopped: 0.0000659 seconds, Stopping threads took: 0.0000108 seconds
2017-06-01T12:45:31.177-0100: 4492.427: Total time for which application threads were stopped: 0.0001170 seconds, Stopping threads took: 0.0000558 seconds
2017-06-01T12:45:31.177-0100: 4492.427: Total time for which application threads were stopped: 0.0001181 seconds, Stopping threads took: 0.0000103 seconds
2017-06-01T12:45:31.177-0100: 4492.427: Total time for which application threads were stopped: 0.0000633 seconds, Stopping threads took: 0.0000102 seconds
2017-06-01T12:45:31.177-0100: 4492.427: Total time for which application threads were stopped: 0.0000738 seconds, Stopping threads took: 0.0000320 seconds
2017-06-01T12:45:31.178-0100: 4492.427: Total time for which application threads were stopped: 0.0001887 seconds, Stopping threads took: 0.0000218 seconds
2017-06-01T12:45:31.187-0100: 4492.436: Total time for which application threads were stopped: 0.0000981 seconds, Stopping threads took: 0.0000156 seconds
2017-06-01T12:45:31.193-0100: 4492.442: Total time for which application threads were stopped: 0.0006349 seconds, Stopping threads took: 0.0000214 seconds
2017-06-01T12:45:31.198-0100: 4492.447: Total time for which application threads were stopped: 0.0001237 seconds, Stopping threads took: 0.0000402 seconds
2017-06-01T12:45:31.198-0100: 4492.447: Total time for which application threads were stopped: 0.0000972 seconds, Stopping threads took: 0.0000335 seconds
2017-06-01T12:45:31.198-0100: 4492.448: Total time for which application threads were stopped: 0.0001473 seconds, Stopping threads took: 0.0000996 seconds
2017-06-01T12:45:31.198-0100: 4492.448: Total time for which application threads were stopped: 0.0000826 seconds, Stopping threads took: 0.0000289 seconds
2017-06-01T12:45:31.200-0100: 4492.450: Total time for which application threads were stopped: 0.0003628 seconds, Stopping threads took: 0.0003016 seconds
2017-06-01T12:45:31.201-0100: 4492.450: Total time for which application threads were stopped: 0.0000885 seconds, Stopping threads took: 0.0000240 seconds
2017-06-01T12:45:31.210-0100: 4492.459: Total time for which application threads were stopped: 0.0001167 seconds, Stopping threads took: 0.0000208 seconds
2017-06-01T12:45:31.210-0100: 4492.460: Total time for which application threads were stopped: 0.0000644 seconds, Stopping threads took: 0.0000104 seconds
2017-06-01T12:45:31.210-0100: 4492.460: Total time for which application threads were stopped: 0.0000516 seconds, Stopping threads took: 0.0000085 seconds
2017-06-01T12:45:31.210-0100: 4492.460: Total time for which application threads were stopped: 0.0000340 seconds, Stopping threads took: 0.0000068 seconds
2017-06-01T12:45:31.210-0100: 4492.460: Total time for which application threads were stopped: 0.0000330 seconds, Stopping threads took: 0.0000066 seconds
2017-06-01T12:45:31.210-0100: 4492.460: Total time for which application threads were stopped: 0.0000416 seconds, Stopping threads took: 0.0000066 seconds
2017-06-01T12:45:32.211-0100: 4493.461: Total time for which application threads were stopped: 0.0000893 seconds, Stopping threads took: 0.0000228 seconds
2017-06-01T12:45:32.224-0100: 4493.474: Total time for which application threads were stopped: 0.0001749 seconds, Stopping threads took: 0.0000466 seconds
2017-06-01T12:45:32.231-0100: 4493.481: Total time for which application threads were stopped: 0.0001111 seconds, Stopping threads took: 0.0000178 seconds
2017-06-01T12:45:32.231-0100: 4493.481: Total time for which application threads were stopped: 0.0000779 seconds, Stopping threads took: 0.0000100 seconds
2017-06-01T12:45:32.240-0100: 4493.489: Total time for which application threads were stopped: 0.0001231 seconds, Stopping threads took: 0.0000250 seconds
2017-06-01T12:45:32.240-0100: 4493.489: Total time for which application threads were stopped: 0.0001281 seconds, Stopping threads took: 0.0000518 seconds
2017-06-01T12:45:34.363-0100: 4495.612: Total time for which application threads were stopped: 0.0001333 seconds, Stopping threads took: 0.0000432 seconds
2017-06-01T12:45:34.363-0100: 4495.613: Total time for which application threads were stopped: 0.0001454 seconds, Stopping threads took: 0.0000460 seconds
2017-06-01T12:45:34.364-0100: 4495.613: Total time for which application threads were stopped: 0.0001455 seconds, Stopping threads took: 0.0000302 seconds
2017-06-01T12:45:34.364-0100: 4495.613: Total time for which application threads were stopped: 0.0000870 seconds, Stopping threads took: 0.0000288 seconds
2017-06-01T12:45:34.364-0100: 4495.613: Total time for which application threads were stopped: 0.0001023 seconds, Stopping threads took: 0.0000285 seconds
2017-06-01T12:45:34.364-0100: 4495.614: Total time for which application threads were stopped: 0.0000928 seconds, Stopping threads took: 0.0000268 seconds
2017-06-01T12:45:34.365-0100: 4495.614: Total time for which application threads were stopped: 0.0000965 seconds, Stopping threads took: 0.0000143 seconds
2017-06-01T12:45:34.365-0100: 4495.614: Total time for which application threads were stopped: 0.0000833 seconds, Stopping threads took: 0.0000116 seconds
2017-06-01T12:45:34.365-0100: 4495.615: Total time for which application threads were stopped: 0.0000849 seconds, Stopping threads took: 0.0000123 seconds
2017-06-01T12:45:34.365-0100: 4495.615: Total time for which application threads were stopped: 0.0001246 seconds, Stopping threads took: 0.0000544 seconds
2017-06-01T12:45:34.366-0100: 4495.615: Total time for which application threads were stopped: 0.0001204 seconds, Stopping threads took: 0.0000350 seconds
2017-06-01T12:45:34.366-0100: 4495.615: Total time for which application threads were stopped: 0.0001056 seconds, Stopping threads took: 0.0000316 seconds
2017-06-01T12:45:34.366-0100: 4495.616: Total time for which application threads were stopped: 0.0001072 seconds, Stopping threads took: 0.0000231 seconds
2017-06-01T12:45:34.366-0100: 4495.616: Total time for which application threads were stopped: 0.0001314 seconds, Stopping threads took: 0.0000404 seconds
2017-06-01T12:45:34.367-0100: 4495.617: Total time for which application threads were stopped: 0.0001985 seconds, Stopping threads took: 0.0000918 seconds
2017-06-01T12:45:34.368-0100: 4495.617: Total time for which application threads were stopped: 0.0002013 seconds, Stopping threads took: 0.0001322 seconds
2017-06-01T12:45:34.374-0100: 4495.623: Total time for which application threads were stopped: 0.0001654 seconds, Stopping threads took: 0.0000230 seconds
2017-06-01T12:45:34.374-0100: 4495.624: Total time for which application threads were stopped: 0.0000978 seconds, Stopping threads took: 0.0000130 seconds
2017-06-01T12:45:34.375-0100: 4495.625: Total time for which application threads were stopped: 0.0001879 seconds, Stopping threads took: 0.0000373 seconds
2017-06-01T12:45:34.376-0100: 4495.625: Total time for which application threads were stopped: 0.0001408 seconds, Stopping threads took: 0.0000334 seconds
2017-06-01T12:45:34.383-0100: 4495.633: Total time for which application threads were stopped: 0.0001680 seconds, Stopping threads took: 0.0000371 seconds
2017-06-01T12:45:34.383-0100: 4495.633: Total time for which application threads were stopped: 0.0000739 seconds, Stopping threads took: 0.0000123 seconds
2017-06-01T12:45:34.387-0100: 4495.636: Total time for which application threads were stopped: 0.0001194 seconds, Stopping threads took: 0.0000244 seconds
2017-06-01T12:45:34.387-0100: 4495.637: Total time for which application threads were stopped: 0.0000625 seconds, Stopping threads took: 0.0000115 seconds
2017-06-01T12:45:35.391-0100: 4496.641: Total time for which application threads were stopped: 0.0001419 seconds, Stopping threads took: 0.0000322 seconds
2017-06-01T12:45:36.012-0100: 4497.261: Total time for which application threads were stopped: 0.0001462 seconds, Stopping threads took: 0.0000300 seconds
2017-06-01T12:45:36.012-0100: 4497.261: Total time for which application threads were stopped: 0.0001318 seconds, Stopping threads took: 0.0000261 seconds
2017-06-01T12:45:36.020-0100: 4497.269: Total time for which application threads were stopped: 0.0001084 seconds, Stopping threads took: 0.0000246 seconds
2017-06-01T12:45:36.020-0100: 4497.269: Total time for which application threads were stopped: 0.0000501 seconds, Stopping threads took: 0.0000099 seconds
2017-06-01T12:45:41.028-0100: 4502.278: Total time for which application threads were stopped: 0.0000924 seconds, Stopping threads took: 0.0000223 seconds
2017-06-01T12:45:44.904-0100: 4506.154: Total time for which application threads were stopped: 0.0001417 seconds, Stopping threads took: 0.0000175 seconds
2017-06-01T12:45:44.905-0100: 4506.154: Total time for which application threads were stopped: 0.0000650 seconds, Stopping threads took: 0.0000082 seconds
2017-06-01T12:45:44.905-0100: 4506.154: Total time for which application threads were stopped: 0.0000420 seconds, Stopping threads took: 0.0000057 seconds
2017-06-01T12:45:44.905-0100: 4506.154: Total time for which application threads were stopped: 0.0000388 seconds, Stopping threads took: 0.0000050 seconds
2017-06-01T12:45:45.909-0100: 4507.159: Total time for which application threads were stopped: 0.0001019 seconds, Stopping threads took: 0.0000207 seconds
2017-06-01T12:46:34.384-0100: 4555.633: Total time for which application threads were stopped: 0.0000840 seconds, Stopping threads took: 0.0000188 seconds
2017-06-01T12:46:36.023-0100: 4557.272: Total time for which application threads were stopped: 0.0001048 seconds, Stopping threads took: 0.0000227 seconds
2017-06-01T12:46:43.049-0100: 4564.299: Total time for which application threads were stopped: 0.0001344 seconds, Stopping threads took: 0.0000318 seconds
2017-06-01T12:46:54.007-0100: 4575.256: Total time for which application threads were stopped: 0.0005370 seconds, Stopping threads took: 0.0000147 seconds
2017-06-01T12:46:55.008-0100: 4576.257: Total time for which application threads were stopped: 0.0000932 seconds, Stopping threads took: 0.0000317 seconds
2017-06-01T12:46:58.020-0100: 4579.269: Total time for which application threads were stopped: 0.0000999 seconds, Stopping threads took: 0.0000399 seconds
2017-06-01T12:47:03.158-0100: 4584.407: Total time for which application threads were stopped: 0.0001074 seconds, Stopping threads took: 0.0000174 seconds
2017-06-01T12:47:04.162-0100: 4585.411: Total time for which application threads were stopped: 0.0000833 seconds, Stopping threads took: 0.0000221 seconds
2017-06-01T12:47:57.304-0100: 4638.552: Total time for which application threads were stopped: 0.0000933 seconds, Stopping threads took: 0.0000231 seconds
2017-06-01T12:48:15.165-0100: 4656.413: Total time for which application threads were stopped: 0.0001277 seconds, Stopping threads took: 0.0000620 seconds
2017-06-01T12:48:15.165-0100: 4656.414: Total time for which application threads were stopped: 0.0000559 seconds, Stopping threads took: 0.0000154 seconds
2017-06-01T12:48:15.165-0100: 4656.414: Total time for which application threads were stopped: 0.0000474 seconds, Stopping threads took: 0.0000126 seconds
2017-06-01T12:48:15.166-0100: 4656.414: Total time for which application threads were stopped: 0.0000661 seconds, Stopping threads took: 0.0000227 seconds
2017-06-01T12:48:16.170-0100: 4657.419: Total time for which application threads were stopped: 0.0002092 seconds, Stopping threads took: 0.0000308 seconds
2017-06-01T12:48:21.182-0100: 4662.431: Total time for which application threads were stopped: 0.0001344 seconds, Stopping threads took: 0.0000317 seconds
2017-06-01T12:50:20.773-0100: 4782.020: Total time for which application threads were stopped: 0.0001568 seconds, Stopping threads took: 0.0000604 seconds
2017-06-01T12:50:20.773-0100: 4782.020: Total time for which application threads were stopped: 0.0001396 seconds, Stopping threads took: 0.0000429 seconds
2017-06-01T12:50:20.779-0100: 4782.027: Total time for which application threads were stopped: 0.0001982 seconds, Stopping threads took: 0.0000444 seconds
2017-06-01T12:50:20.779-0100: 4782.027: Total time for which application threads were stopped: 0.0001066 seconds, Stopping threads took: 0.0000125 seconds
2017-06-01T12:50:20.790-0100: 4782.038: Total time for which application threads were stopped: 0.0001375 seconds, Stopping threads took: 0.0000309 seconds
2017-06-01T12:50:20.790-0100: 4782.038: Total time for which application threads were stopped: 0.0000568 seconds, Stopping threads took: 0.0000099 seconds
2017-06-01T12:50:20.812-0100: 4782.060: Total time for which application threads were stopped: 0.0001590 seconds, Stopping threads took: 0.0000595 seconds
2017-06-01T12:50:20.812-0100: 4782.060: Total time for which application threads were stopped: 0.0000701 seconds, Stopping threads took: 0.0000103 seconds
2017-06-01T12:50:20.821-0100: 4782.068: Total time for which application threads were stopped: 0.0001701 seconds, Stopping threads took: 0.0000227 seconds
2017-06-01T12:50:20.821-0100: 4782.068: Total time for which application threads were stopped: 0.0000584 seconds, Stopping threads took: 0.0000109 seconds
2017-06-01T12:50:21.695-0100: 4782.943: Total time for which application threads were stopped: 0.0000923 seconds, Stopping threads took: 0.0000151 seconds
{Heap before GC invocations=20 (full 1):
 par new generation   total 109248K, used 95791K [0x00000007a0000000, 0x00000007a8000000, 0x00000007a8000000)
  eden space 87424K, 100% used [0x00000007a0000000, 0x00000007a5560000, 0x00000007a5560000)
  from space 21824K,  38% used [0x00000007a5560000, 0x00000007a5d8bc20, 0x00000007a6ab0000)
  to   space 21824K,   0% used [0x00000007a6ab0000, 0x00000007a6ab0000, 0x00000007a8000000)
 concurrent mark-sweep generation total 393216K, used 13405K [0x00000007a8000000, 0x00000007c0000000, 0x00000007c0000000)
 Metaspace       used 35923K, capacity 36634K, committed 36932K, reserved 1081344K
  class space    used 4113K, capacity 4343K, committed 4452K, reserved 1048576K
2017-06-01T12:50:21.728-0100: 4782.976: [GC (Allocation Failure) 2017-06-01T12:50:21.728-0100: 4782.976: [ParNew
Desired survivor size 20112992 bytes, new threshold 8 (max 8)
- age   1:    2316960 bytes,    2316960 total
- age   2:     987080 bytes,    3304040 total
- age   3:     699280 bytes,    4003320 total
- age   4:     193720 bytes,    4197040 total
- age   5:     374544 bytes,    4571584 total
- age   6:    1887112 bytes,    6458696 total
- age   7:     186584 bytes,    6645280 total
- age   8:     312712 bytes,    6957992 total
: 95791K->10136K(109248K), 0.0079017 secs] 109196K->23739K(502464K), 0.0079724 secs] [Times: user=0.03 sys=0.00, real=0.01 secs] 
Heap after GC invocations=21 (full 1):
 par new generation   total 109248K, used 10136K [0x00000007a0000000, 0x00000007a8000000, 0x00000007a8000000)
  eden space 87424K,   0% used [0x00000007a0000000, 0x00000007a0000000, 0x00000007a5560000)
  from space 21824K,  46% used [0x00000007a6ab0000, 0x00000007a74960a8, 0x00000007a8000000)
  to   space 21824K,   0% used [0x00000007a5560000, 0x00000007a5560000, 0x00000007a6ab0000)
 concurrent mark-sweep generation total 393216K, used 13603K [0x00000007a8000000, 0x00000007c0000000, 0x00000007c0000000)
 Metaspace       used 35923K, capacity 36634K, committed 36932K, reserved 1081344K
  class space    used 4113K, capacity 4343K, committed 4452K, reserved 1048576K
}
2017-06-01T12:50:21.736-0100: 4782.984: Total time for which application threads were stopped: 0.0081446 seconds, Stopping threads took: 0.0000170 seconds
2017-06-01T12:50:21.737-0100: 4782.984: Total time for which application threads were stopped: 0.0002326 seconds, Stopping threads took: 0.0000776 seconds
2017-06-01T12:50:21.737-0100: 4782.985: Total time for which application threads were stopped: 0.0001111 seconds, Stopping threads took: 0.0000521 seconds
2017-06-01T12:50:21.737-0100: 4782.985: Total time for which application threads were stopped: 0.0000900 seconds, Stopping threads took: 0.0000441 seconds
2017-06-01T12:50:21.751-0100: 4782.999: Total time for which application threads were stopped: 0.0001773 seconds, Stopping threads took: 0.0000425 seconds
2017-06-01T12:50:21.846-0100: 4783.094: Total time for which application threads were stopped: 0.0001290 seconds, Stopping threads took: 0.0000276 seconds
2017-06-01T12:50:21.846-0100: 4783.094: Total time for which application threads were stopped: 0.0001315 seconds, Stopping threads took: 0.0000102 seconds
2017-06-01T12:50:21.846-0100: 4783.094: Total time for which application threads were stopped: 0.0000796 seconds, Stopping threads took: 0.0000078 seconds
2017-06-01T12:50:21.846-0100: 4783.094: Total time for which application threads were stopped: 0.0000579 seconds, Stopping threads took: 0.0000085 seconds
2017-06-01T12:50:21.847-0100: 4783.094: Total time for which application threads were stopped: 0.0000595 seconds, Stopping threads took: 0.0000080 seconds
2017-06-01T12:50:21.849-0100: 4783.097: Total time for which application threads were stopped: 0.0000735 seconds, Stopping threads took: 0.0000126 seconds
2017-06-01T12:50:21.849-0100: 4783.097: Total time for which application threads were stopped: 0.0000552 seconds, Stopping threads took: 0.0000084 seconds
2017-06-01T12:50:21.849-0100: 4783.097: Total time for which application threads were stopped: 0.0000596 seconds, Stopping threads took: 0.0000101 seconds
2017-06-01T12:50:21.850-0100: 4783.098: Total time for which application threads were stopped: 0.0000801 seconds, Stopping threads took: 0.0000246 seconds
2017-06-01T12:50:21.851-0100: 4783.099: Total time for which application threads were stopped: 0.0000786 seconds, Stopping threads took: 0.0000122 seconds
2017-06-01T12:50:21.861-0100: 4783.109: Total time for which application threads were stopped: 0.0001109 seconds, Stopping threads took: 0.0000246 seconds
2017-06-01T12:50:21.868-0100: 4783.116: Total time for which application threads were stopped: 0.0000935 seconds, Stopping threads took: 0.0000178 seconds
2017-06-01T12:50:21.869-0100: 4783.116: Total time for which application threads were stopped: 0.0000624 seconds, Stopping threads took: 0.0000094 seconds
2017-06-01T12:50:21.869-0100: 4783.116: Total time for which application threads were stopped: 0.0000572 seconds, Stopping threads took: 0.0000083 seconds
2017-06-01T12:50:21.869-0100: 4783.116: Total time for which application threads were stopped: 0.0000531 seconds, Stopping threads took: 0.0000155 seconds
2017-06-01T12:50:21.869-0100: 4783.117: Total time for which application threads were stopped: 0.0000586 seconds, Stopping threads took: 0.0000117 seconds
2017-06-01T12:50:21.869-0100: 4783.117: Total time for which application threads were stopped: 0.0000429 seconds, Stopping threads took: 0.0000076 seconds
2017-06-01T12:50:21.869-0100: 4783.117: Total time for which application threads were stopped: 0.0000496 seconds, Stopping threads took: 0.0000089 seconds
2017-06-01T12:50:21.869-0100: 4783.117: Total time for which application threads were stopped: 0.0000666 seconds, Stopping threads took: 0.0000106 seconds
2017-06-01T12:50:22.873-0100: 4784.121: Total time for which application threads were stopped: 0.0000873 seconds, Stopping threads took: 0.0000216 seconds
2017-06-01T12:50:22.884-0100: 4784.132: Total time for which application threads were stopped: 0.0001471 seconds, Stopping threads took: 0.0000518 seconds
2017-06-01T12:50:22.892-0100: 4784.140: Total time for which application threads were stopped: 0.0003879 seconds, Stopping threads took: 0.0002629 seconds
2017-06-01T12:50:22.892-0100: 4784.140: Total time for which application threads were stopped: 0.0001038 seconds, Stopping threads took: 0.0000119 seconds
2017-06-01T12:50:22.900-0100: 4784.148: Total time for which application threads were stopped: 0.0001137 seconds, Stopping threads took: 0.0000444 seconds
2017-06-01T12:50:22.900-0100: 4784.148: Total time for which application threads were stopped: 0.0000602 seconds, Stopping threads took: 0.0000189 seconds
2017-06-01T12:50:24.220-0100: 4785.468: Total time for which application threads were stopped: 0.0001547 seconds, Stopping threads took: 0.0000398 seconds
2017-06-01T12:50:24.220-0100: 4785.468: Total time for which application threads were stopped: 0.0001018 seconds, Stopping threads took: 0.0000255 seconds
2017-06-01T12:50:24.221-0100: 4785.468: Total time for which application threads were stopped: 0.0001340 seconds, Stopping threads took: 0.0000664 seconds
2017-06-01T12:50:24.221-0100: 4785.468: Total time for which application threads were stopped: 0.0000997 seconds, Stopping threads took: 0.0000279 seconds
2017-06-01T12:50:24.221-0100: 4785.469: Total time for which application threads were stopped: 0.0003218 seconds, Stopping threads took: 0.0000692 seconds
2017-06-01T12:50:24.225-0100: 4785.473: Total time for which application threads were stopped: 0.0001587 seconds, Stopping threads took: 0.0000379 seconds
2017-06-01T12:50:24.225-0100: 4785.473: Total time for which application threads were stopped: 0.0001294 seconds, Stopping threads took: 0.0000157 seconds
2017-06-01T12:50:24.226-0100: 4785.473: Total time for which application threads were stopped: 0.0001219 seconds, Stopping threads took: 0.0000333 seconds
2017-06-01T12:50:24.226-0100: 4785.473: Total time for which application threads were stopped: 0.0000969 seconds, Stopping threads took: 0.0000107 seconds
2017-06-01T12:50:24.226-0100: 4785.474: Total time for which application threads were stopped: 0.0000968 seconds, Stopping threads took: 0.0000107 seconds
2017-06-01T12:50:24.226-0100: 4785.474: Total time for which application threads were stopped: 0.0001065 seconds, Stopping threads took: 0.0000375 seconds
2017-06-01T12:50:24.226-0100: 4785.474: Total time for which application threads were stopped: 0.0001283 seconds, Stopping threads took: 0.0000617 seconds
2017-06-01T12:50:24.226-0100: 4785.474: Total time for which application threads were stopped: 0.0001637 seconds, Stopping threads took: 0.0000607 seconds
2017-06-01T12:50:24.227-0100: 4785.474: Total time for which application threads were stopped: 0.0001413 seconds, Stopping threads took: 0.0000536 seconds
2017-06-01T12:50:24.227-0100: 4785.475: Total time for which application threads were stopped: 0.0001658 seconds, Stopping threads took: 0.0000394 seconds
2017-06-01T12:50:24.228-0100: 4785.475: Total time for which application threads were stopped: 0.0001736 seconds, Stopping threads took: 0.0000568 seconds
2017-06-01T12:50:24.229-0100: 4785.477: Total time for which application threads were stopped: 0.0001377 seconds, Stopping threads took: 0.0000191 seconds
2017-06-01T12:50:24.229-0100: 4785.477: Total time for which application threads were stopped: 0.0000933 seconds, Stopping threads took: 0.0000107 seconds
2017-06-01T12:50:24.234-0100: 4785.482: Total time for which application threads were stopped: 0.0003141 seconds, Stopping threads took: 0.0000415 seconds
2017-06-01T12:50:24.234-0100: 4785.482: Total time for which application threads were stopped: 0.0002004 seconds, Stopping threads took: 0.0000112 seconds
2017-06-01T12:50:24.234-0100: 4785.482: Total time for which application threads were stopped: 0.0002038 seconds, Stopping threads took: 0.0000124 seconds
2017-06-01T12:50:24.239-0100: 4785.487: Total time for which application threads were stopped: 0.0001534 seconds, Stopping threads took: 0.0000247 seconds
2017-06-01T12:50:24.239-0100: 4785.487: Total time for which application threads were stopped: 0.0000875 seconds, Stopping threads took: 0.0000114 seconds
2017-06-01T12:50:24.246-0100: 4785.493: Total time for which application threads were stopped: 0.0001090 seconds, Stopping threads took: 0.0000350 seconds
2017-06-01T12:50:24.246-0100: 4785.494: Total time for which application threads were stopped: 0.0000642 seconds, Stopping threads took: 0.0000210 seconds
2017-06-01T12:50:25.251-0100: 4786.499: Total time for which application threads were stopped: 0.0001805 seconds, Stopping threads took: 0.0000324 seconds
2017-06-01T12:50:25.732-0100: 4786.980: Total time for which application threads were stopped: 0.0001967 seconds, Stopping threads took: 0.0000431 seconds
2017-06-01T12:50:25.733-0100: 4786.980: Total time for which application threads were stopped: 0.0001073 seconds, Stopping threads took: 0.0000131 seconds
2017-06-01T12:50:25.742-0100: 4786.989: Total time for which application threads were stopped: 0.0000954 seconds, Stopping threads took: 0.0000294 seconds
2017-06-01T12:50:25.742-0100: 4786.989: Total time for which application threads were stopped: 0.0000458 seconds, Stopping threads took: 0.0000075 seconds
2017-06-01T12:50:33.221-0100: 4794.468: Total time for which application threads were stopped: 0.0000808 seconds, Stopping threads took: 0.0000158 seconds
2017-06-01T12:50:33.221-0100: 4794.469: Total time for which application threads were stopped: 0.0000679 seconds, Stopping threads took: 0.0000215 seconds
2017-06-01T12:50:33.221-0100: 4794.469: Total time for which application threads were stopped: 0.0001314 seconds, Stopping threads took: 0.0000074 seconds
2017-06-01T12:50:33.222-0100: 4794.469: Total time for which application threads were stopped: 0.0000566 seconds, Stopping threads took: 0.0000094 seconds
2017-06-01T12:50:34.227-0100: 4795.474: Total time for which application threads were stopped: 0.0000932 seconds, Stopping threads took: 0.0000214 seconds
2017-06-01T12:50:57.342-0100: 4818.590: Total time for which application threads were stopped: 0.0000951 seconds, Stopping threads took: 0.0000176 seconds
2017-06-01T12:50:57.342-0100: 4818.590: Total time for which application threads were stopped: 0.0000542 seconds, Stopping threads took: 0.0000078 seconds
2017-06-01T12:50:57.343-0100: 4818.590: Total time for which application threads were stopped: 0.0000555 seconds, Stopping threads took: 0.0000079 seconds
2017-06-01T12:50:57.343-0100: 4818.590: Total time for which application threads were stopped: 0.0000448 seconds, Stopping threads took: 0.0000057 seconds
2017-06-01T12:50:57.343-0100: 4818.591: Total time for which application threads were stopped: 0.0000539 seconds, Stopping threads took: 0.0000062 seconds
2017-06-01T12:50:57.343-0100: 4818.591: Total time for which application threads were stopped: 0.0000748 seconds, Stopping threads took: 0.0000083 seconds
2017-06-01T12:50:57.344-0100: 4818.592: Total time for which application threads were stopped: 0.0000801 seconds, Stopping threads took: 0.0000193 seconds
2017-06-01T12:50:57.344-0100: 4818.592: Total time for which application threads were stopped: 0.0000771 seconds, Stopping threads took: 0.0000187 seconds
2017-06-01T12:50:57.346-0100: 4818.594: Total time for which application threads were stopped: 0.0000728 seconds, Stopping threads took: 0.0000137 seconds
2017-06-01T12:50:57.346-0100: 4818.594: Total time for which application threads were stopped: 0.0000674 seconds, Stopping threads took: 0.0000206 seconds
2017-06-01T12:50:57.347-0100: 4818.594: Total time for which application threads were stopped: 0.0000921 seconds, Stopping threads took: 0.0000198 seconds
2017-06-01T12:50:57.347-0100: 4818.594: Total time for which application threads were stopped: 0.0000667 seconds, Stopping threads took: 0.0000218 seconds
2017-06-01T12:50:57.348-0100: 4818.595: Total time for which application threads were stopped: 0.0000870 seconds, Stopping threads took: 0.0000277 seconds
2017-06-01T12:50:57.348-0100: 4818.596: Total time for which application threads were stopped: 0.0000753 seconds, Stopping threads took: 0.0000237 seconds
2017-06-01T12:50:58.351-0100: 4819.598: Total time for which application threads were stopped: 0.0001017 seconds, Stopping threads took: 0.0000222 seconds
2017-06-01T12:50:58.360-0100: 4819.608: Total time for which application threads were stopped: 0.0000969 seconds, Stopping threads took: 0.0000156 seconds
2017-06-01T12:50:58.360-0100: 4819.608: Total time for which application threads were stopped: 0.0000574 seconds, Stopping threads took: 0.0000159 seconds
2017-06-01T12:50:58.360-0100: 4819.608: Total time for which application threads were stopped: 0.0000623 seconds, Stopping threads took: 0.0000110 seconds
2017-06-01T12:50:58.361-0100: 4819.608: Total time for which application threads were stopped: 0.0000641 seconds, Stopping threads took: 0.0000250 seconds
2017-06-01T12:50:59.583-0100: 4820.831: Total time for which application threads were stopped: 0.0001353 seconds, Stopping threads took: 0.0000283 seconds
2017-06-01T12:50:59.584-0100: 4820.831: Total time for which application threads were stopped: 0.0001284 seconds, Stopping threads took: 0.0000524 seconds
2017-06-01T12:50:59.593-0100: 4820.841: Total time for which application threads were stopped: 0.0001058 seconds, Stopping threads took: 0.0000288 seconds
2017-06-01T12:50:59.593-0100: 4820.841: Total time for which application threads were stopped: 0.0000836 seconds, Stopping threads took: 0.0000283 seconds
2017-06-01T12:50:59.618-0100: 4820.866: Total time for which application threads were stopped: 0.0001236 seconds, Stopping threads took: 0.0000183 seconds
2017-06-01T12:50:59.618-0100: 4820.866: Total time for which application threads were stopped: 0.0000739 seconds, Stopping threads took: 0.0000104 seconds
2017-06-01T12:50:59.627-0100: 4820.875: Total time for which application threads were stopped: 0.0001155 seconds, Stopping threads took: 0.0000224 seconds
2017-06-01T12:50:59.627-0100: 4820.875: Total time for which application threads were stopped: 0.0000671 seconds, Stopping threads took: 0.0000098 seconds
2017-06-01T12:51:00.371-0100: 4821.618: Total time for which application threads were stopped: 0.0002313 seconds, Stopping threads took: 0.0000240 seconds
2017-06-01T12:51:00.371-0100: 4821.619: Total time for which application threads were stopped: 0.0001097 seconds, Stopping threads took: 0.0000120 seconds
2017-06-01T12:51:00.379-0100: 4821.627: Total time for which application threads were stopped: 0.0001205 seconds, Stopping threads took: 0.0000233 seconds
2017-06-01T12:51:00.379-0100: 4821.627: Total time for which application threads were stopped: 0.0000743 seconds, Stopping threads took: 0.0000108 seconds
2017-06-01T12:51:12.350-0100: 4833.598: Total time for which application threads were stopped: 0.0001861 seconds, Stopping threads took: 0.0000408 seconds
2017-06-01T12:51:12.362-0100: 4833.609: Total time for which application threads were stopped: 0.0001293 seconds, Stopping threads took: 0.0000375 seconds
2017-06-01T12:51:12.362-0100: 4833.610: Total time for which application threads were stopped: 0.0000659 seconds, Stopping threads took: 0.0000103 seconds
2017-06-01T12:51:12.362-0100: 4833.610: Total time for which application threads were stopped: 0.0000449 seconds, Stopping threads took: 0.0000078 seconds
2017-06-01T12:51:12.362-0100: 4833.610: Total time for which application threads were stopped: 0.0000550 seconds, Stopping threads took: 0.0000141 seconds
2017-06-01T12:51:24.239-0100: 4845.486: Total time for which application threads were stopped: 0.0001542 seconds, Stopping threads took: 0.0000234 seconds
2017-06-01T12:52:00.383-0100: 4881.630: Total time for which application threads were stopped: 0.0001478 seconds, Stopping threads took: 0.0000301 seconds
2017-06-01T12:52:16.279-0100: 4897.526: Total time for which application threads were stopped: 0.0001647 seconds, Stopping threads took: 0.0000526 seconds
2017-06-01T12:52:16.280-0100: 4897.527: Total time for which application threads were stopped: 0.0002404 seconds, Stopping threads took: 0.0000280 seconds
2017-06-01T12:52:17.281-0100: 4898.528: Total time for which application threads were stopped: 0.0001563 seconds, Stopping threads took: 0.0000474 seconds
2017-06-01T12:52:44.037-0100: 4925.284: Total time for which application threads were stopped: 0.0001636 seconds, Stopping threads took: 0.0000768 seconds
2017-06-01T12:52:44.037-0100: 4925.284: Total time for which application threads were stopped: 0.0000999 seconds, Stopping threads took: 0.0000418 seconds
2017-06-01T12:52:44.043-0100: 4925.290: Total time for which application threads were stopped: 0.0001509 seconds, Stopping threads took: 0.0000212 seconds
2017-06-01T12:52:44.043-0100: 4925.290: Total time for which application threads were stopped: 0.0000924 seconds, Stopping threads took: 0.0000123 seconds
2017-06-01T12:52:44.059-0100: 4925.306: Total time for which application threads were stopped: 0.0002280 seconds, Stopping threads took: 0.0000921 seconds
2017-06-01T12:52:44.059-0100: 4925.306: Total time for which application threads were stopped: 0.0001054 seconds, Stopping threads took: 0.0000289 seconds
2017-06-01T12:52:44.084-0100: 4925.331: Total time for which application threads were stopped: 0.0001877 seconds, Stopping threads took: 0.0000261 seconds
2017-06-01T12:52:44.084-0100: 4925.331: Total time for which application threads were stopped: 0.0001190 seconds, Stopping threads took: 0.0000141 seconds
2017-06-01T12:52:44.093-0100: 4925.340: Total time for which application threads were stopped: 0.0001102 seconds, Stopping threads took: 0.0000235 seconds
2017-06-01T12:52:44.093-0100: 4925.340: Total time for which application threads were stopped: 0.0000632 seconds, Stopping threads took: 0.0000101 seconds
2017-06-01T12:52:45.561-0100: 4926.808: Total time for which application threads were stopped: 0.0001031 seconds, Stopping threads took: 0.0000191 seconds
{Heap before GC invocations=21 (full 1):
 par new generation   total 109248K, used 97543K [0x00000007a0000000, 0x00000007a8000000, 0x00000007a8000000)
  eden space 87424K,  99% used [0x00000007a0000000, 0x00000007a555bbc8, 0x00000007a5560000)
  from space 21824K,  46% used [0x00000007a6ab0000, 0x00000007a74960a8, 0x00000007a8000000)
  to   space 21824K,   0% used [0x00000007a5560000, 0x00000007a5560000, 0x00000007a6ab0000)
 concurrent mark-sweep generation total 393216K, used 13603K [0x00000007a8000000, 0x00000007c0000000, 0x00000007c0000000)
 Metaspace       used 36028K, capacity 36762K, committed 36932K, reserved 1081344K
  class space    used 4114K, capacity 4343K, committed 4452K, reserved 1048576K
2017-06-01T12:52:45.595-0100: 4926.842: [GC (Allocation Failure) 2017-06-01T12:52:45.595-0100: 4926.842: [ParNew
Desired survivor size 20112992 bytes, new threshold 8 (max 8)
- age   1:    2304976 bytes,    2304976 total
- age   2:    1094240 bytes,    3399216 total
- age   3:     710992 bytes,    4110208 total
- age   4:     213328 bytes,    4323536 total
- age   5:     193672 bytes,    4517208 total
- age   6:     374432 bytes,    4891640 total
- age   7:    1887112 bytes,    6778752 total
- age   8:     186584 bytes,    6965336 total
: 97543K->7992K(109248K), 0.0077990 secs] 111146K->21903K(502464K), 0.0078699 secs] [Times: user=0.02 sys=0.00, real=0.01 secs] 
Heap after GC invocations=22 (full 1):
 par new generation   total 109248K, used 7992K [0x00000007a0000000, 0x00000007a8000000, 0x00000007a8000000)
  eden space 87424K,   0% used [0x00000007a0000000, 0x00000007a0000000, 0x00000007a5560000)
  from space 21824K,  36% used [0x00000007a5560000, 0x00000007a5d2e100, 0x00000007a6ab0000)
  to   space 21824K,   0% used [0x00000007a6ab0000, 0x00000007a6ab0000, 0x00000007a8000000)
 concurrent mark-sweep generation total 393216K, used 13911K [0x00000007a8000000, 0x00000007c0000000, 0x00000007c0000000)
 Metaspace       used 36028K, capacity 36762K, committed 36932K, reserved 1081344K
  class space    used 4114K, capacity 4343K, committed 4452K, reserved 1048576K
}
2017-06-01T12:52:45.603-0100: 4926.850: Total time for which application threads were stopped: 0.0080395 seconds, Stopping threads took: 0.0000187 seconds
2017-06-01T12:52:45.603-0100: 4926.850: Total time for which application threads were stopped: 0.0001692 seconds, Stopping threads took: 0.0000548 seconds
2017-06-01T12:52:45.603-0100: 4926.850: Total time for which application threads were stopped: 0.0000677 seconds, Stopping threads took: 0.0000104 seconds
2017-06-01T12:52:45.604-0100: 4926.850: Total time for which application threads were stopped: 0.0000933 seconds, Stopping threads took: 0.0000433 seconds
2017-06-01T12:52:45.621-0100: 4926.868: Total time for which application threads were stopped: 0.0001427 seconds, Stopping threads took: 0.0000309 seconds
2017-06-01T12:52:45.712-0100: 4926.958: Total time for which application threads were stopped: 0.0001398 seconds, Stopping threads took: 0.0000297 seconds
2017-06-01T12:52:45.712-0100: 4926.959: Total time for which application threads were stopped: 0.0000801 seconds, Stopping threads took: 0.0000127 seconds
2017-06-01T12:52:45.715-0100: 4926.962: Total time for which application threads were stopped: 0.0000900 seconds, Stopping threads took: 0.0000180 seconds
2017-06-01T12:52:45.730-0100: 4926.977: Total time for which application threads were stopped: 0.0001113 seconds, Stopping threads took: 0.0000172 seconds
2017-06-01T12:52:45.735-0100: 4926.982: Total time for which application threads were stopped: 0.0001201 seconds, Stopping threads took: 0.0000365 seconds
2017-06-01T12:52:45.736-0100: 4926.982: Total time for which application threads were stopped: 0.0001419 seconds, Stopping threads took: 0.0000507 seconds
2017-06-01T12:52:46.740-0100: 4927.987: Total time for which application threads were stopped: 0.0001457 seconds, Stopping threads took: 0.0000434 seconds
2017-06-01T12:52:46.759-0100: 4928.005: Total time for which application threads were stopped: 0.0001032 seconds, Stopping threads took: 0.0000264 seconds
2017-06-01T12:52:46.763-0100: 4928.010: Total time for which application threads were stopped: 0.0001174 seconds, Stopping threads took: 0.0000200 seconds
2017-06-01T12:52:46.764-0100: 4928.010: Total time for which application threads were stopped: 0.0000976 seconds, Stopping threads took: 0.0000129 seconds
2017-06-01T12:52:46.771-0100: 4928.018: Total time for which application threads were stopped: 0.0001113 seconds, Stopping threads took: 0.0000303 seconds
2017-06-01T12:52:46.771-0100: 4928.018: Total time for which application threads were stopped: 0.0000630 seconds, Stopping threads took: 0.0000086 seconds
2017-06-01T12:52:47.670-0100: 4928.917: Total time for which application threads were stopped: 0.0001934 seconds, Stopping threads took: 0.0000567 seconds
2017-06-01T12:52:47.671-0100: 4928.918: Total time for which application threads were stopped: 0.0001597 seconds, Stopping threads took: 0.0000405 seconds
2017-06-01T12:52:47.671-0100: 4928.918: Total time for which application threads were stopped: 0.0001743 seconds, Stopping threads took: 0.0000806 seconds
2017-06-01T12:52:47.671-0100: 4928.918: Total time for which application threads were stopped: 0.0001025 seconds, Stopping threads took: 0.0000254 seconds
2017-06-01T12:52:47.672-0100: 4928.918: Total time for which application threads were stopped: 0.0001467 seconds, Stopping threads took: 0.0000779 seconds
2017-06-01T12:52:47.674-0100: 4928.920: Total time for which application threads were stopped: 0.0001380 seconds, Stopping threads took: 0.0000397 seconds
2017-06-01T12:52:47.674-0100: 4928.921: Total time for which application threads were stopped: 0.0001528 seconds, Stopping threads took: 0.0000495 seconds
2017-06-01T12:52:47.675-0100: 4928.921: Total time for which application threads were stopped: 0.0001871 seconds, Stopping threads took: 0.0000821 seconds
2017-06-01T12:52:47.675-0100: 4928.922: Total time for which application threads were stopped: 0.0001186 seconds, Stopping threads took: 0.0000254 seconds
2017-06-01T12:52:47.675-0100: 4928.922: Total time for which application threads were stopped: 0.0001302 seconds, Stopping threads took: 0.0000329 seconds
2017-06-01T12:52:47.677-0100: 4928.924: Total time for which application threads were stopped: 0.0001769 seconds, Stopping threads took: 0.0000442 seconds
2017-06-01T12:52:47.677-0100: 4928.924: Total time for which application threads were stopped: 0.0000958 seconds, Stopping threads took: 0.0000225 seconds
2017-06-01T12:52:47.678-0100: 4928.924: Total time for which application threads were stopped: 0.0002646 seconds, Stopping threads took: 0.0001605 seconds
2017-06-01T12:52:47.678-0100: 4928.925: Total time for which application threads were stopped: 0.0001551 seconds, Stopping threads took: 0.0000571 seconds
2017-06-01T12:52:47.679-0100: 4928.926: Total time for which application threads were stopped: 0.0000974 seconds, Stopping threads took: 0.0000113 seconds
2017-06-01T12:52:47.679-0100: 4928.926: Total time for which application threads were stopped: 0.0000965 seconds, Stopping threads took: 0.0000075 seconds
2017-06-01T12:52:47.684-0100: 4928.931: Total time for which application threads were stopped: 0.0001355 seconds, Stopping threads took: 0.0000198 seconds
2017-06-01T12:52:47.684-0100: 4928.931: Total time for which application threads were stopped: 0.0001107 seconds, Stopping threads took: 0.0000190 seconds
2017-06-01T12:52:47.685-0100: 4928.932: Total time for which application threads were stopped: 0.0001417 seconds, Stopping threads took: 0.0000170 seconds
2017-06-01T12:52:47.685-0100: 4928.932: Total time for which application threads were stopped: 0.0001172 seconds, Stopping threads took: 0.0000137 seconds
2017-06-01T12:52:47.693-0100: 4928.940: Total time for which application threads were stopped: 0.0001275 seconds, Stopping threads took: 0.0000222 seconds
2017-06-01T12:52:47.693-0100: 4928.940: Total time for which application threads were stopped: 0.0000627 seconds, Stopping threads took: 0.0000101 seconds
2017-06-01T12:52:47.696-0100: 4928.943: Total time for which application threads were stopped: 0.0001189 seconds, Stopping threads took: 0.0000235 seconds
2017-06-01T12:52:47.696-0100: 4928.943: Total time for which application threads were stopped: 0.0000707 seconds, Stopping threads took: 0.0000093 seconds
2017-06-01T12:52:48.797-0100: 4930.044: Total time for which application threads were stopped: 0.0001741 seconds, Stopping threads took: 0.0000418 seconds
2017-06-01T12:52:48.797-0100: 4930.044: Total time for which application threads were stopped: 0.0001267 seconds, Stopping threads took: 0.0000287 seconds
2017-06-01T12:52:48.807-0100: 4930.053: Total time for which application threads were stopped: 0.0000983 seconds, Stopping threads took: 0.0000222 seconds
2017-06-01T12:52:48.807-0100: 4930.054: Total time for which application threads were stopped: 0.0000581 seconds, Stopping threads took: 0.0000085 seconds
2017-06-01T12:52:51.212-0100: 4932.458: Total time for which application threads were stopped: 0.0001544 seconds, Stopping threads took: 0.0000622 seconds
2017-06-01T12:52:51.212-0100: 4932.458: Total time for which application threads were stopped: 0.0001195 seconds, Stopping threads took: 0.0000454 seconds
2017-06-01T12:52:51.212-0100: 4932.459: Total time for which application threads were stopped: 0.0000831 seconds, Stopping threads took: 0.0000118 seconds
2017-06-01T12:52:51.212-0100: 4932.459: Total time for which application threads were stopped: 0.0000832 seconds, Stopping threads took: 0.0000250 seconds
2017-06-01T12:53:26.389-0100: 4967.636: Total time for which application threads were stopped: 0.0001472 seconds, Stopping threads took: 0.0000204 seconds
2017-06-01T12:53:26.389-0100: 4967.636: Total time for which application threads were stopped: 0.0001167 seconds, Stopping threads took: 0.0000311 seconds
2017-06-01T12:53:26.395-0100: 4967.642: Total time for which application threads were stopped: 0.0001768 seconds, Stopping threads took: 0.0000415 seconds
2017-06-01T12:53:26.396-0100: 4967.642: Total time for which application threads were stopped: 0.0000999 seconds, Stopping threads took: 0.0000111 seconds
2017-06-01T12:53:26.405-0100: 4967.651: Total time for which application threads were stopped: 0.0001921 seconds, Stopping threads took: 0.0000202 seconds
2017-06-01T12:53:26.405-0100: 4967.652: Total time for which application threads were stopped: 0.0001398 seconds, Stopping threads took: 0.0000073 seconds
2017-06-01T12:53:26.405-0100: 4967.652: Total time for which application threads were stopped: 0.0000888 seconds, Stopping threads took: 0.0000081 seconds
2017-06-01T12:53:26.427-0100: 4967.673: Total time for which application threads were stopped: 0.0001478 seconds, Stopping threads took: 0.0000317 seconds
2017-06-01T12:53:26.427-0100: 4967.673: Total time for which application threads were stopped: 0.0001192 seconds, Stopping threads took: 0.0000443 seconds
2017-06-01T12:53:26.437-0100: 4967.683: Total time for which application threads were stopped: 0.0001096 seconds, Stopping threads took: 0.0000221 seconds
2017-06-01T12:53:26.437-0100: 4967.684: Total time for which application threads were stopped: 0.0000602 seconds, Stopping threads took: 0.0000108 seconds
2017-06-01T12:53:27.568-0100: 4968.815: Total time for which application threads were stopped: 0.0001209 seconds, Stopping threads took: 0.0000328 seconds
{Heap before GC invocations=22 (full 1):
 par new generation   total 109248K, used 95415K [0x00000007a0000000, 0x00000007a8000000, 0x00000007a8000000)
  eden space 87424K,  99% used [0x00000007a0000000, 0x00000007a555fc30, 0x00000007a5560000)
  from space 21824K,  36% used [0x00000007a5560000, 0x00000007a5d2e100, 0x00000007a6ab0000)
  to   space 21824K,   0% used [0x00000007a6ab0000, 0x00000007a6ab0000, 0x00000007a8000000)
 concurrent mark-sweep generation total 393216K, used 13911K [0x00000007a8000000, 0x00000007c0000000, 0x00000007c0000000)
 Metaspace       used 36130K, capacity 36902K, committed 37188K, reserved 1081344K
  class space    used 4120K, capacity 4355K, committed 4452K, reserved 1048576K
2017-06-01T12:53:27.607-0100: 4968.853: [GC (Allocation Failure) 2017-06-01T12:53:27.607-0100: 4968.853: [ParNew
Desired survivor size 20112992 bytes, new threshold 8 (max 8)
- age   1:    2045536 bytes,    2045536 total
- age   2:    1198888 bytes,    3244424 total
- age   3:     757384 bytes,    4001808 total
- age   4:     216864 bytes,    4218672 total
- age   5:     213280 bytes,    4431952 total
- age   6:     193672 bytes,    4625624 total
- age   7:     374432 bytes,    5000056 total
- age   8:    1887112 bytes,    6887168 total
: 95415K->10675K(109248K), 0.0110101 secs] 109326K->24772K(502464K), 0.0111050 secs] [Times: user=0.05 sys=0.00, real=0.01 secs] 
Heap after GC invocations=23 (full 1):
 par new generation   total 109248K, used 10675K [0x00000007a0000000, 0x00000007a8000000, 0x00000007a8000000)
  eden space 87424K,   0% used [0x00000007a0000000, 0x00000007a0000000, 0x00000007a5560000)
  from space 21824K,  48% used [0x00000007a6ab0000, 0x00000007a751cfb8, 0x00000007a8000000)
  to   space 21824K,   0% used [0x00000007a5560000, 0x00000007a5560000, 0x00000007a6ab0000)
 concurrent mark-sweep generation total 393216K, used 14096K [0x00000007a8000000, 0x00000007c0000000, 0x00000007c0000000)
 Metaspace       used 36130K, capacity 36902K, committed 37188K, reserved 1081344K
  class space    used 4120K, capacity 4355K, committed 4452K, reserved 1048576K
}
2017-06-01T12:53:27.618-0100: 4968.864: Total time for which application threads were stopped: 0.0112970 seconds, Stopping threads took: 0.0000205 seconds
2017-06-01T12:53:27.618-0100: 4968.865: Total time for which application threads were stopped: 0.0002606 seconds, Stopping threads took: 0.0000179 seconds
2017-06-01T12:53:27.619-0100: 4968.865: Total time for which application threads were stopped: 0.0001551 seconds, Stopping threads took: 0.0000638 seconds
2017-06-01T12:53:27.619-0100: 4968.865: Total time for which application threads were stopped: 0.0001846 seconds, Stopping threads took: 0.0000762 seconds
2017-06-01T12:53:27.636-0100: 4968.883: Total time for which application threads were stopped: 0.0000972 seconds, Stopping threads took: 0.0000171 seconds
2017-06-01T12:53:27.786-0100: 4969.032: Total time for which application threads were stopped: 0.0001507 seconds, Stopping threads took: 0.0000158 seconds
2017-06-01T12:53:27.786-0100: 4969.032: Total time for which application threads were stopped: 0.0000649 seconds, Stopping threads took: 0.0000097 seconds
2017-06-01T12:53:27.786-0100: 4969.033: Total time for which application threads were stopped: 0.0000491 seconds, Stopping threads took: 0.0000065 seconds
2017-06-01T12:53:27.786-0100: 4969.033: Total time for which application threads were stopped: 0.0000466 seconds, Stopping threads took: 0.0000064 seconds
2017-06-01T12:53:27.786-0100: 4969.033: Total time for which application threads were stopped: 0.0000528 seconds, Stopping threads took: 0.0000072 seconds
2017-06-01T12:53:27.789-0100: 4969.035: Total time for which application threads were stopped: 0.0000666 seconds, Stopping threads took: 0.0000104 seconds
2017-06-01T12:53:27.789-0100: 4969.035: Total time for which application threads were stopped: 0.0000760 seconds, Stopping threads took: 0.0000212 seconds
2017-06-01T12:53:27.789-0100: 4969.035: Total time for which application threads were stopped: 0.0000724 seconds, Stopping threads took: 0.0000234 seconds
2017-06-01T12:53:27.789-0100: 4969.036: Total time for which application threads were stopped: 0.0000597 seconds, Stopping threads took: 0.0000117 seconds
2017-06-01T12:53:27.803-0100: 4969.050: Total time for which application threads were stopped: 0.0001003 seconds, Stopping threads took: 0.0000143 seconds
2017-06-01T12:53:28.807-0100: 4970.054: Total time for which application threads were stopped: 0.0001616 seconds, Stopping threads took: 0.0000420 seconds
2017-06-01T12:53:28.832-0100: 4970.078: Total time for which application threads were stopped: 0.0001562 seconds, Stopping threads took: 0.0000652 seconds
2017-06-01T12:53:28.838-0100: 4970.084: Total time for which application threads were stopped: 0.0001639 seconds, Stopping threads took: 0.0000221 seconds
2017-06-01T12:53:28.838-0100: 4970.085: Total time for which application threads were stopped: 0.0001414 seconds, Stopping threads took: 0.0000286 seconds
2017-06-01T12:53:28.838-0100: 4970.085: Total time for which application threads were stopped: 0.0001008 seconds, Stopping threads took: 0.0000254 seconds
2017-06-01T12:53:28.838-0100: 4970.085: Total time for which application threads were stopped: 0.0001010 seconds, Stopping threads took: 0.0000412 seconds
2017-06-01T12:53:28.847-0100: 4970.093: Total time for which application threads were stopped: 0.0001109 seconds, Stopping threads took: 0.0000324 seconds
2017-06-01T12:53:28.847-0100: 4970.093: Total time for which application threads were stopped: 0.0000811 seconds, Stopping threads took: 0.0000129 seconds
2017-06-01T12:53:29.329-0100: 4970.576: Total time for which application threads were stopped: 0.0001139 seconds, Stopping threads took: 0.0000201 seconds
2017-06-01T12:53:29.333-0100: 4970.579: Total time for which application threads were stopped: 0.0000952 seconds, Stopping threads took: 0.0000161 seconds
{Heap before GC invocations=23 (full 1):
 par new generation   total 109248K, used 98099K [0x00000007a0000000, 0x00000007a8000000, 0x00000007a8000000)
  eden space 87424K, 100% used [0x00000007a0000000, 0x00000007a5560000, 0x00000007a5560000)
  from space 21824K,  48% used [0x00000007a6ab0000, 0x00000007a751cfb8, 0x00000007a8000000)
  to   space 21824K,   0% used [0x00000007a5560000, 0x00000007a5560000, 0x00000007a6ab0000)
 concurrent mark-sweep generation total 393216K, used 14096K [0x00000007a8000000, 0x00000007c0000000, 0x00000007c0000000)
 Metaspace       used 36166K, capacity 36902K, committed 37188K, reserved 1081344K
  class space    used 4120K, capacity 4355K, committed 4452K, reserved 1048576K
2017-06-01T12:53:29.367-0100: 4970.613: [GC (Allocation Failure) 2017-06-01T12:53:29.367-0100: 4970.613: [ParNew
Desired survivor size 20112992 bytes, new threshold 8 (max 8)
- age   1:    1681120 bytes,    1681120 total
- age   2:    1053984 bytes,    2735104 total
- age   3:     896584 bytes,    3631688 total
- age   4:     264416 bytes,    3896104 total
- age   5:     216816 bytes,    4112920 total
- age   6:     213280 bytes,    4326200 total
- age   7:     193672 bytes,    4519872 total
- age   8:     374232 bytes,    4894104 total
: 98099K->6413K(109248K), 0.0220970 secs] 112196K->22355K(502464K), 0.0221615 secs] [Times: user=0.06 sys=0.00, real=0.02 secs] 
Heap after GC invocations=24 (full 1):
 par new generation   total 109248K, used 6413K [0x00000007a0000000, 0x00000007a8000000, 0x00000007a8000000)
  eden space 87424K,   0% used [0x00000007a0000000, 0x00000007a0000000, 0x00000007a5560000)
  from space 21824K,  29% used [0x00000007a5560000, 0x00000007a5ba3480, 0x00000007a6ab0000)
  to   space 21824K,   0% used [0x00000007a6ab0000, 0x00000007a6ab0000, 0x00000007a8000000)
 concurrent mark-sweep generation total 393216K, used 15941K [0x00000007a8000000, 0x00000007c0000000, 0x00000007c0000000)
 Metaspace       used 36166K, capacity 36902K, committed 37188K, reserved 1081344K
  class space    used 4120K, capacity 4355K, committed 4452K, reserved 1048576K
}
2017-06-01T12:53:29.389-0100: 4970.636: Total time for which application threads were stopped: 0.0223518 seconds, Stopping threads took: 0.0000187 seconds
2017-06-01T12:53:29.389-0100: 4970.636: Total time for which application threads were stopped: 0.0001221 seconds, Stopping threads took: 0.0000397 seconds
2017-06-01T12:53:29.390-0100: 4970.636: Total time for which application threads were stopped: 0.0002807 seconds, Stopping threads took: 0.0000585 seconds
2017-06-01T12:53:29.390-0100: 4970.636: Total time for which application threads were stopped: 0.0001702 seconds, Stopping threads took: 0.0000697 seconds
2017-06-01T12:53:29.418-0100: 4970.665: Total time for which application threads were stopped: 0.0001928 seconds, Stopping threads took: 0.0000223 seconds
2017-06-01T12:53:29.439-0100: 4970.685: Total time for which application threads were stopped: 0.0002574 seconds, Stopping threads took: 0.0000881 seconds
2017-06-01T12:53:29.440-0100: 4970.686: Total time for which application threads were stopped: 0.0001233 seconds, Stopping threads took: 0.0000148 seconds
2017-06-01T12:53:29.440-0100: 4970.686: Total time for which application threads were stopped: 0.0001056 seconds, Stopping threads took: 0.0000248 seconds
2017-06-01T12:53:29.440-0100: 4970.687: Total time for which application threads were stopped: 0.0000711 seconds, Stopping threads took: 0.0000111 seconds
2017-06-01T12:53:29.440-0100: 4970.687: Total time for which application threads were stopped: 0.0000775 seconds, Stopping threads took: 0.0000105 seconds
2017-06-01T12:53:29.440-0100: 4970.687: Total time for which application threads were stopped: 0.0000834 seconds, Stopping threads took: 0.0000341 seconds
2017-06-01T12:53:29.440-0100: 4970.687: Total time for which application threads were stopped: 0.0000577 seconds, Stopping threads took: 0.0000172 seconds
2017-06-01T12:53:29.441-0100: 4970.687: Total time for which application threads were stopped: 0.0000657 seconds, Stopping threads took: 0.0000202 seconds
2017-06-01T12:53:29.441-0100: 4970.687: Total time for which application threads were stopped: 0.0001478 seconds, Stopping threads took: 0.0000175 seconds
2017-06-01T12:53:29.441-0100: 4970.688: Total time for which application threads were stopped: 0.0001425 seconds, Stopping threads took: 0.0000205 seconds
2017-06-01T12:53:29.450-0100: 4970.696: Total time for which application threads were stopped: 0.0001041 seconds, Stopping threads took: 0.0000166 seconds
2017-06-01T12:53:29.450-0100: 4970.696: Total time for which application threads were stopped: 0.0000639 seconds, Stopping threads took: 0.0000094 seconds
2017-06-01T12:53:30.454-0100: 4971.701: Total time for which application threads were stopped: 0.0001149 seconds, Stopping threads took: 0.0000281 seconds
2017-06-01T12:53:30.479-0100: 4971.725: Total time for which application threads were stopped: 0.0001463 seconds, Stopping threads took: 0.0000378 seconds
2017-06-01T12:53:30.485-0100: 4971.731: Total time for which application threads were stopped: 0.0001418 seconds, Stopping threads took: 0.0000271 seconds
2017-06-01T12:53:30.485-0100: 4971.731: Total time for which application threads were stopped: 0.0000772 seconds, Stopping threads took: 0.0000231 seconds
2017-06-01T12:53:30.492-0100: 4971.739: Total time for which application threads were stopped: 0.0001192 seconds, Stopping threads took: 0.0000209 seconds
2017-06-01T12:53:30.493-0100: 4971.739: Total time for which application threads were stopped: 0.0000592 seconds, Stopping threads took: 0.0000097 seconds
2017-06-01T12:53:30.908-0100: 4972.154: Total time for which application threads were stopped: 0.0001516 seconds, Stopping threads took: 0.0000415 seconds
2017-06-01T12:53:30.908-0100: 4972.155: Total time for which application threads were stopped: 0.0001118 seconds, Stopping threads took: 0.0000266 seconds
2017-06-01T12:53:30.908-0100: 4972.155: Total time for which application threads were stopped: 0.0001155 seconds, Stopping threads took: 0.0000290 seconds
2017-06-01T12:53:30.908-0100: 4972.155: Total time for which application threads were stopped: 0.0001720 seconds, Stopping threads took: 0.0000699 seconds
2017-06-01T12:53:30.909-0100: 4972.155: Total time for which application threads were stopped: 0.0002613 seconds, Stopping threads took: 0.0000324 seconds
2017-06-01T12:53:30.912-0100: 4972.159: Total time for which application threads were stopped: 0.0001525 seconds, Stopping threads took: 0.0000210 seconds
2017-06-01T12:53:30.913-0100: 4972.159: Total time for which application threads were stopped: 0.0001465 seconds, Stopping threads took: 0.0000275 seconds
2017-06-01T12:53:30.913-0100: 4972.159: Total time for which application threads were stopped: 0.0001195 seconds, Stopping threads took: 0.0000267 seconds
2017-06-01T12:53:30.913-0100: 4972.160: Total time for which application threads were stopped: 0.0001069 seconds, Stopping threads took: 0.0000122 seconds
2017-06-01T12:53:30.913-0100: 4972.160: Total time for which application threads were stopped: 0.0000949 seconds, Stopping threads took: 0.0000094 seconds
2017-06-01T12:53:30.913-0100: 4972.160: Total time for which application threads were stopped: 0.0000979 seconds, Stopping threads took: 0.0000159 seconds
2017-06-01T12:53:30.913-0100: 4972.160: Total time for which application threads were stopped: 0.0000957 seconds, Stopping threads took: 0.0000098 seconds
2017-06-01T12:53:30.914-0100: 4972.160: Total time for which application threads were stopped: 0.0000939 seconds, Stopping threads took: 0.0000100 seconds
2017-06-01T12:53:30.914-0100: 4972.160: Total time for which application threads were stopped: 0.0001143 seconds, Stopping threads took: 0.0000253 seconds
2017-06-01T12:53:30.915-0100: 4972.161: Total time for which application threads were stopped: 0.0001573 seconds, Stopping threads took: 0.0000441 seconds
2017-06-01T12:53:30.915-0100: 4972.161: Total time for which application threads were stopped: 0.0001237 seconds, Stopping threads took: 0.0000268 seconds
2017-06-01T12:53:30.916-0100: 4972.163: Total time for which application threads were stopped: 0.0001592 seconds, Stopping threads took: 0.0000214 seconds
2017-06-01T12:53:30.917-0100: 4972.163: Total time for which application threads were stopped: 0.0001253 seconds, Stopping threads took: 0.0000147 seconds
2017-06-01T12:53:30.921-0100: 4972.167: Total time for which application threads were stopped: 0.0001663 seconds, Stopping threads took: 0.0000235 seconds
2017-06-01T12:53:30.921-0100: 4972.168: Total time for which application threads were stopped: 0.0001248 seconds, Stopping threads took: 0.0000139 seconds
2017-06-01T12:53:30.926-0100: 4972.172: Total time for which application threads were stopped: 0.0001316 seconds, Stopping threads took: 0.0000220 seconds
2017-06-01T12:53:30.926-0100: 4972.173: Total time for which application threads were stopped: 0.0000892 seconds, Stopping threads took: 0.0000107 seconds
2017-06-01T12:53:30.933-0100: 4972.179: Total time for which application threads were stopped: 0.0001356 seconds, Stopping threads took: 0.0000387 seconds
2017-06-01T12:53:30.933-0100: 4972.179: Total time for which application threads were stopped: 0.0000818 seconds, Stopping threads took: 0.0000229 seconds
2017-06-01T12:53:31.935-0100: 4973.181: Total time for which application threads were stopped: 0.0001136 seconds, Stopping threads took: 0.0000226 seconds
2017-06-01T12:53:32.295-0100: 4973.541: Total time for which application threads were stopped: 0.0002204 seconds, Stopping threads took: 0.0000946 seconds
2017-06-01T12:53:32.295-0100: 4973.541: Total time for which application threads were stopped: 0.0000797 seconds, Stopping threads took: 0.0000097 seconds
2017-06-01T12:53:32.304-0100: 4973.550: Total time for which application threads were stopped: 0.0001141 seconds, Stopping threads took: 0.0000245 seconds
2017-06-01T12:53:32.304-0100: 4973.550: Total time for which application threads were stopped: 0.0000873 seconds, Stopping threads took: 0.0000106 seconds
2017-06-01T12:53:35.158-0100: 4976.405: Total time for which application threads were stopped: 0.0001625 seconds, Stopping threads took: 0.0000210 seconds
2017-06-01T12:53:35.159-0100: 4976.405: Total time for which application threads were stopped: 0.0001039 seconds, Stopping threads took: 0.0000124 seconds
2017-06-01T12:53:35.167-0100: 4976.413: Total time for which application threads were stopped: 0.0001200 seconds, Stopping threads took: 0.0000241 seconds
2017-06-01T12:53:35.167-0100: 4976.413: Total time for which application threads were stopped: 0.0000933 seconds, Stopping threads took: 0.0000157 seconds
2017-06-01T12:53:43.993-0100: 4985.240: Total time for which application threads were stopped: 0.0001336 seconds, Stopping threads took: 0.0000417 seconds
2017-06-01T12:53:43.993-0100: 4985.240: Total time for which application threads were stopped: 0.0000939 seconds, Stopping threads took: 0.0000325 seconds
2017-06-01T12:53:43.994-0100: 4985.240: Total time for which application threads were stopped: 0.0000750 seconds, Stopping threads took: 0.0000208 seconds
2017-06-01T12:53:43.994-0100: 4985.240: Total time for which application threads were stopped: 0.0000855 seconds, Stopping threads took: 0.0000299 seconds
2017-06-01T12:53:43.996-0100: 4985.242: Total time for which application threads were stopped: 0.0000959 seconds, Stopping threads took: 0.0000282 seconds
2017-06-01T12:53:45.001-0100: 4986.247: Total time for which application threads were stopped: 0.0001944 seconds, Stopping threads took: 0.0000567 seconds
2017-06-01T12:53:45.001-0100: 4986.247: Total time for which application threads were stopped: 0.0000591 seconds, Stopping threads took: 0.0000098 seconds
2017-06-01T12:53:45.001-0100: 4986.248: Total time for which application threads were stopped: 0.0000515 seconds, Stopping threads took: 0.0000078 seconds
2017-06-01T12:53:45.001-0100: 4986.248: Total time for which application threads were stopped: 0.0000705 seconds, Stopping threads took: 0.0000090 seconds
2017-06-01T12:53:45.002-0100: 4986.248: Total time for which application threads were stopped: 0.0000495 seconds, Stopping threads took: 0.0000073 seconds
2017-06-01T12:53:45.003-0100: 4986.249: Total time for which application threads were stopped: 0.0000872 seconds, Stopping threads took: 0.0000278 seconds
2017-06-01T12:53:45.003-0100: 4986.249: Total time for which application threads were stopped: 0.0000657 seconds, Stopping threads took: 0.0000237 seconds
2017-06-01T12:53:45.003-0100: 4986.249: Total time for which application threads were stopped: 0.0001021 seconds, Stopping threads took: 0.0000565 seconds
2017-06-01T12:53:45.003-0100: 4986.249: Total time for which application threads were stopped: 0.0000878 seconds, Stopping threads took: 0.0000481 seconds
2017-06-01T12:53:45.005-0100: 4986.251: Total time for which application threads were stopped: 0.0000764 seconds, Stopping threads took: 0.0000253 seconds
2017-06-01T12:53:45.005-0100: 4986.251: Total time for which application threads were stopped: 0.0000635 seconds, Stopping threads took: 0.0000218 seconds
2017-06-01T12:53:45.005-0100: 4986.251: Total time for which application threads were stopped: 0.0000607 seconds, Stopping threads took: 0.0000229 seconds
2017-06-01T12:53:45.005-0100: 4986.252: Total time for which application threads were stopped: 0.0000806 seconds, Stopping threads took: 0.0000382 seconds
2017-06-01T12:53:45.006-0100: 4986.252: Total time for which application threads were stopped: 0.0000765 seconds, Stopping threads took: 0.0000239 seconds
2017-06-01T12:53:45.006-0100: 4986.253: Total time for which application threads were stopped: 0.0000589 seconds, Stopping threads took: 0.0000148 seconds
2017-06-01T12:53:46.009-0100: 4987.255: Total time for which application threads were stopped: 0.0001590 seconds, Stopping threads took: 0.0000440 seconds
2017-06-01T12:53:52.529-0100: 4993.775: Total time for which application threads were stopped: 0.0001179 seconds, Stopping threads took: 0.0000181 seconds
2017-06-01T12:53:52.529-0100: 4993.775: Total time for which application threads were stopped: 0.0000587 seconds, Stopping threads took: 0.0000067 seconds
2017-06-01T12:53:52.535-0100: 4993.781: Total time for which application threads were stopped: 0.0000877 seconds, Stopping threads took: 0.0000182 seconds
2017-06-01T12:53:52.535-0100: 4993.781: Total time for which application threads were stopped: 0.0000453 seconds, Stopping threads took: 0.0000074 seconds
2017-06-01T12:53:53.535-0100: 4994.782: Total time for which application threads were stopped: 0.0001162 seconds, Stopping threads took: 0.0000250 seconds
2017-06-01T12:53:59.001-0100: 5000.247: Total time for which application threads were stopped: 0.0001308 seconds, Stopping threads took: 0.0000190 seconds
2017-06-01T12:53:59.001-0100: 5000.247: Total time for which application threads were stopped: 0.0000691 seconds, Stopping threads took: 0.0000136 seconds
2017-06-01T12:53:59.008-0100: 5000.255: Total time for which application threads were stopped: 0.0001849 seconds, Stopping threads took: 0.0000314 seconds
2017-06-01T12:53:59.009-0100: 5000.255: Total time for which application threads were stopped: 0.0000994 seconds, Stopping threads took: 0.0000181 seconds
2017-06-01T12:53:59.009-0100: 5000.256: Total time for which application threads were stopped: 0.0000719 seconds, Stopping threads took: 0.0000167 seconds
2017-06-01T12:53:59.010-0100: 5000.256: Total time for which application threads were stopped: 0.0000728 seconds, Stopping threads took: 0.0000123 seconds
2017-06-01T12:53:59.011-0100: 5000.257: Total time for which application threads were stopped: 0.0000736 seconds, Stopping threads took: 0.0000129 seconds
2017-06-01T12:53:59.012-0100: 5000.258: Total time for which application threads were stopped: 0.0002988 seconds, Stopping threads took: 0.0000116 seconds
2017-06-01T12:53:59.016-0100: 5000.262: Total time for which application threads were stopped: 0.0001353 seconds, Stopping threads took: 0.0000400 seconds
2017-06-01T12:53:59.017-0100: 5000.263: Total time for which application threads were stopped: 0.0000871 seconds, Stopping threads took: 0.0000265 seconds
2017-06-01T12:53:59.017-0100: 5000.263: Total time for which application threads were stopped: 0.0000739 seconds, Stopping threads took: 0.0000244 seconds
2017-06-01T12:53:59.017-0100: 5000.264: Total time for which application threads were stopped: 0.0000571 seconds, Stopping threads took: 0.0000185 seconds
2017-06-01T12:53:59.017-0100: 5000.264: Total time for which application threads were stopped: 0.0000700 seconds, Stopping threads took: 0.0000109 seconds
2017-06-01T12:54:10.175-0100: 5011.422: Total time for which application threads were stopped: 0.0001694 seconds, Stopping threads took: 0.0000551 seconds
2017-06-01T12:54:10.175-0100: 5011.422: Total time for which application threads were stopped: 0.0001082 seconds, Stopping threads took: 0.0000090 seconds
2017-06-01T12:54:10.187-0100: 5011.433: Total time for which application threads were stopped: 0.0001198 seconds, Stopping threads took: 0.0000228 seconds
2017-06-01T12:54:10.187-0100: 5011.433: Total time for which application threads were stopped: 0.0000764 seconds, Stopping threads took: 0.0000129 seconds
2017-06-01T12:54:10.209-0100: 5011.455: Total time for which application threads were stopped: 0.0003277 seconds, Stopping threads took: 0.0000384 seconds
2017-06-01T12:54:10.215-0100: 5011.461: Total time for which application threads were stopped: 0.0001411 seconds, Stopping threads took: 0.0000227 seconds
2017-06-01T12:54:10.215-0100: 5011.461: Total time for which application threads were stopped: 0.0001468 seconds, Stopping threads took: 0.0000152 seconds
2017-06-01T12:54:10.224-0100: 5011.470: Total time for which application threads were stopped: 0.0001189 seconds, Stopping threads took: 0.0000244 seconds
2017-06-01T12:54:10.224-0100: 5011.470: Total time for which application threads were stopped: 0.0000691 seconds, Stopping threads took: 0.0000125 seconds
{Heap before GC invocations=24 (full 1):
 par new generation   total 109248K, used 93837K [0x00000007a0000000, 0x00000007a8000000, 0x00000007a8000000)
  eden space 87424K, 100% used [0x00000007a0000000, 0x00000007a5560000, 0x00000007a5560000)
  from space 21824K,  29% used [0x00000007a5560000, 0x00000007a5ba3480, 0x00000007a6ab0000)
  to   space 21824K,   0% used [0x00000007a6ab0000, 0x00000007a6ab0000, 0x00000007a8000000)
 concurrent mark-sweep generation total 393216K, used 15941K [0x00000007a8000000, 0x00000007c0000000, 0x00000007c0000000)
 Metaspace       used 36559K, capacity 37506K, committed 37700K, reserved 1083392K
  class space    used 4170K, capacity 4445K, committed 4452K, reserved 1048576K
2017-06-01T12:54:11.488-0100: 5012.734: [GC (Allocation Failure) 2017-06-01T12:54:11.488-0100: 5012.734: [ParNew
Desired survivor size 20112992 bytes, new threshold 8 (max 8)
- age   1:    1490112 bytes,    1490112 total
- age   2:     980696 bytes,    2470808 total
- age   3:     747176 bytes,    3217984 total
- age   4:     407992 bytes,    3625976 total
- age   5:     264336 bytes,    3890312 total
- age   6:     216752 bytes,    4107064 total
- age   7:     213280 bytes,    4320344 total
- age   8:     193464 bytes,    4513808 total
: 93837K->5187K(109248K), 0.0060476 secs] 109779K->21498K(502464K), 0.0061205 secs] [Times: user=0.02 sys=0.00, real=0.01 secs] 
Heap after GC invocations=25 (full 1):
 par new generation   total 109248K, used 5187K [0x00000007a0000000, 0x00000007a8000000, 0x00000007a8000000)
  eden space 87424K,   0% used [0x00000007a0000000, 0x00000007a0000000, 0x00000007a5560000)
  from space 21824K,  23% used [0x00000007a6ab0000, 0x00000007a6fc0f40, 0x00000007a8000000)
  to   space 21824K,   0% used [0x00000007a5560000, 0x00000007a5560000, 0x00000007a6ab0000)
 concurrent mark-sweep generation total 393216K, used 16310K [0x00000007a8000000, 0x00000007c0000000, 0x00000007c0000000)
 Metaspace       used 36559K, capacity 37506K, committed 37700K, reserved 1083392K
  class space    used 4170K, capacity 4445K, committed 4452K, reserved 1048576K
}
2017-06-01T12:54:11.494-0100: 5012.740: Total time for which application threads were stopped: 0.0063055 seconds, Stopping threads took: 0.0000181 seconds
2017-06-01T12:54:11.494-0100: 5012.741: Total time for which application threads were stopped: 0.0001702 seconds, Stopping threads took: 0.0000582 seconds
2017-06-01T12:54:11.495-0100: 5012.741: Total time for which application threads were stopped: 0.0001280 seconds, Stopping threads took: 0.0000447 seconds
2017-06-01T12:54:11.495-0100: 5012.741: Total time for which application threads were stopped: 0.0000947 seconds, Stopping threads took: 0.0000246 seconds
2017-06-01T12:54:11.519-0100: 5012.765: Total time for which application threads were stopped: 0.0001618 seconds, Stopping threads took: 0.0000505 seconds
2017-06-01T12:54:11.610-0100: 5012.856: Total time for which application threads were stopped: 0.0001765 seconds, Stopping threads took: 0.0000586 seconds
2017-06-01T12:54:11.613-0100: 5012.859: Total time for which application threads were stopped: 0.0001079 seconds, Stopping threads took: 0.0000304 seconds
2017-06-01T12:54:11.613-0100: 5012.860: Total time for which application threads were stopped: 0.0001179 seconds, Stopping threads took: 0.0000565 seconds
2017-06-01T12:54:11.615-0100: 5012.861: Total time for which application threads were stopped: 0.0000698 seconds, Stopping threads took: 0.0000090 seconds
2017-06-01T12:54:11.619-0100: 5012.865: Total time for which application threads were stopped: 0.0001281 seconds, Stopping threads took: 0.0000492 seconds
2017-06-01T12:54:11.623-0100: 5012.869: Total time for which application threads were stopped: 0.0000712 seconds, Stopping threads took: 0.0000163 seconds
2017-06-01T12:54:11.623-0100: 5012.869: Total time for which application threads were stopped: 0.0000554 seconds, Stopping threads took: 0.0000084 seconds
2017-06-01T12:54:11.623-0100: 5012.870: Total time for which application threads were stopped: 0.0001486 seconds, Stopping threads took: 0.0000253 seconds
2017-06-01T12:54:12.624-0100: 5013.870: Total time for which application threads were stopped: 0.0000975 seconds, Stopping threads took: 0.0000220 seconds
2017-06-01T12:54:12.639-0100: 5013.886: Total time for which application threads were stopped: 0.0001156 seconds, Stopping threads took: 0.0000302 seconds
2017-06-01T12:54:12.646-0100: 5013.892: Total time for which application threads were stopped: 0.0001164 seconds, Stopping threads took: 0.0000174 seconds
2017-06-01T12:54:12.646-0100: 5013.892: Total time for which application threads were stopped: 0.0000653 seconds, Stopping threads took: 0.0000087 seconds
2017-06-01T12:54:12.653-0100: 5013.899: Total time for which application threads were stopped: 0.0001168 seconds, Stopping threads took: 0.0000234 seconds
2017-06-01T12:54:12.653-0100: 5013.899: Total time for which application threads were stopped: 0.0000536 seconds, Stopping threads took: 0.0000081 seconds
2017-06-01T12:54:13.627-0100: 5014.873: Total time for which application threads were stopped: 0.0001714 seconds, Stopping threads took: 0.0000497 seconds
2017-06-01T12:54:13.627-0100: 5014.873: Total time for which application threads were stopped: 0.0001146 seconds, Stopping threads took: 0.0000212 seconds
2017-06-01T12:54:13.627-0100: 5014.874: Total time for which application threads were stopped: 0.0001087 seconds, Stopping threads took: 0.0000244 seconds
2017-06-01T12:54:13.627-0100: 5014.874: Total time for which application threads were stopped: 0.0000614 seconds, Stopping threads took: 0.0000096 seconds
2017-06-01T12:54:13.628-0100: 5014.874: Total time for which application threads were stopped: 0.0000951 seconds, Stopping threads took: 0.0000509 seconds
2017-06-01T12:54:13.628-0100: 5014.874: Total time for which application threads were stopped: 0.0001577 seconds, Stopping threads took: 0.0000790 seconds
2017-06-01T12:54:13.629-0100: 5014.875: Total time for which application threads were stopped: 0.0001248 seconds, Stopping threads took: 0.0000254 seconds
2017-06-01T12:54:13.629-0100: 5014.875: Total time for which application threads were stopped: 0.0001080 seconds, Stopping threads took: 0.0000303 seconds
2017-06-01T12:54:13.629-0100: 5014.875: Total time for which application threads were stopped: 0.0001339 seconds, Stopping threads took: 0.0000724 seconds
2017-06-01T12:54:13.629-0100: 5014.875: Total time for which application threads were stopped: 0.0002112 seconds, Stopping threads took: 0.0001206 seconds
2017-06-01T12:54:13.630-0100: 5014.876: Total time for which application threads were stopped: 0.0001769 seconds, Stopping threads took: 0.0000346 seconds
2017-06-01T12:54:13.630-0100: 5014.876: Total time for which application threads were stopped: 0.0001220 seconds, Stopping threads took: 0.0000343 seconds
2017-06-01T12:54:13.630-0100: 5014.876: Total time for which application threads were stopped: 0.0001665 seconds, Stopping threads took: 0.0000839 seconds
2017-06-01T12:54:13.630-0100: 5014.877: Total time for which application threads were stopped: 0.0001336 seconds, Stopping threads took: 0.0000605 seconds
2017-06-01T12:54:13.631-0100: 5014.877: Total time for which application threads were stopped: 0.0001859 seconds, Stopping threads took: 0.0000672 seconds
2017-06-01T12:54:13.632-0100: 5014.878: Total time for which application threads were stopped: 0.0001422 seconds, Stopping threads took: 0.0000185 seconds
2017-06-01T12:54:13.639-0100: 5014.885: Total time for which application threads were stopped: 0.0001529 seconds, Stopping threads took: 0.0000238 seconds
2017-06-01T12:54:13.639-0100: 5014.885: Total time for which application threads were stopped: 0.0001146 seconds, Stopping threads took: 0.0000223 seconds
2017-06-01T12:54:13.639-0100: 5014.885: Total time for which application threads were stopped: 0.0000906 seconds, Stopping threads took: 0.0000238 seconds
2017-06-01T12:54:13.650-0100: 5014.896: Total time for which application threads were stopped: 0.0001164 seconds, Stopping threads took: 0.0000229 seconds
2017-06-01T12:54:13.650-0100: 5014.896: Total time for which application threads were stopped: 0.0000872 seconds, Stopping threads took: 0.0000119 seconds
2017-06-01T12:54:17.520-0100: 5018.766: Total time for which application threads were stopped: 0.0001506 seconds, Stopping threads took: 0.0000306 seconds
2017-06-01T12:54:17.520-0100: 5018.766: Total time for which application threads were stopped: 0.0000835 seconds, Stopping threads took: 0.0000092 seconds
2017-06-01T12:54:17.529-0100: 5018.775: Total time for which application threads were stopped: 0.0001098 seconds, Stopping threads took: 0.0000196 seconds
2017-06-01T12:54:17.529-0100: 5018.775: Total time for which application threads were stopped: 0.0000819 seconds, Stopping threads took: 0.0000145 seconds
2017-06-01T12:54:19.702-0100: 5020.948: Total time for which application threads were stopped: 0.0001123 seconds, Stopping threads took: 0.0000310 seconds
2017-06-01T12:54:19.702-0100: 5020.948: Total time for which application threads were stopped: 0.0000758 seconds, Stopping threads took: 0.0000260 seconds
2017-06-01T12:54:19.702-0100: 5020.949: Total time for which application threads were stopped: 0.0000898 seconds, Stopping threads took: 0.0000346 seconds
2017-06-01T12:54:19.703-0100: 5020.949: Total time for which application threads were stopped: 0.0001127 seconds, Stopping threads took: 0.0000521 seconds
2017-06-01T12:54:20.707-0100: 5021.954: Total time for which application threads were stopped: 0.0001513 seconds, Stopping threads took: 0.0000325 seconds
2017-06-01T12:55:15.224-0100: 5076.470: Total time for which application threads were stopped: 0.0002241 seconds, Stopping threads took: 0.0000362 seconds
2017-06-01T12:55:15.225-0100: 5076.471: Total time for which application threads were stopped: 0.0001070 seconds, Stopping threads took: 0.0000347 seconds
2017-06-01T12:55:15.225-0100: 5076.471: Total time for which application threads were stopped: 0.0000837 seconds, Stopping threads took: 0.0000257 seconds
2017-06-01T12:55:15.231-0100: 5076.476: Total time for which application threads were stopped: 0.0001801 seconds, Stopping threads took: 0.0000333 seconds
2017-06-01T12:55:15.231-0100: 5076.477: Total time for which application threads were stopped: 0.0001085 seconds, Stopping threads took: 0.0000154 seconds
2017-06-01T12:55:15.241-0100: 5076.487: Total time for which application threads were stopped: 0.0001197 seconds, Stopping threads took: 0.0000257 seconds
2017-06-01T12:55:15.241-0100: 5076.487: Total time for which application threads were stopped: 0.0000673 seconds, Stopping threads took: 0.0000100 seconds
2017-06-01T12:55:15.272-0100: 5076.518: Total time for which application threads were stopped: 0.0001798 seconds, Stopping threads took: 0.0000220 seconds
2017-06-01T12:55:15.272-0100: 5076.518: Total time for which application threads were stopped: 0.0000878 seconds, Stopping threads took: 0.0000146 seconds
2017-06-01T12:55:15.281-0100: 5076.527: Total time for which application threads were stopped: 0.0000835 seconds, Stopping threads took: 0.0000185 seconds
2017-06-01T12:55:15.281-0100: 5076.527: Total time for which application threads were stopped: 0.0000817 seconds, Stopping threads took: 0.0000302 seconds
2017-06-01T12:55:16.477-0100: 5077.723: Total time for which application threads were stopped: 0.0001061 seconds, Stopping threads took: 0.0000333 seconds
{Heap before GC invocations=25 (full 1):
 par new generation   total 109248K, used 92611K [0x00000007a0000000, 0x00000007a8000000, 0x00000007a8000000)
  eden space 87424K, 100% used [0x00000007a0000000, 0x00000007a5560000, 0x00000007a5560000)
  from space 21824K,  23% used [0x00000007a6ab0000, 0x00000007a6fc0f40, 0x00000007a8000000)
  to   space 21824K,   0% used [0x00000007a5560000, 0x00000007a5560000, 0x00000007a6ab0000)
 concurrent mark-sweep generation total 393216K, used 16310K [0x00000007a8000000, 0x00000007c0000000, 0x00000007c0000000)
 Metaspace       used 36596K, capacity 37582K, committed 37700K, reserved 1083392K
  class space    used 4172K, capacity 4447K, committed 4452K, reserved 1048576K
2017-06-01T12:55:16.504-0100: 5077.750: [GC (Allocation Failure) 2017-06-01T12:55:16.504-0100: 5077.750: [ParNew
Desired survivor size 20112992 bytes, new threshold 8 (max 8)
- age   1:    1873368 bytes,    1873368 total
- age   2:    1185040 bytes,    3058408 total
- age   3:     673856 bytes,    3732264 total
- age   4:     241776 bytes,    3974040 total
- age   5:     373104 bytes,    4347144 total
- age   6:     261584 bytes,    4608728 total
- age   7:     192104 bytes,    4800832 total
- age   8:     213280 bytes,    5014112 total
: 92611K->6920K(109248K), 0.0061386 secs] 108922K->23421K(502464K), 0.0061977 secs] [Times: user=0.02 sys=0.00, real=0.01 secs] 
Heap after GC invocations=26 (full 1):
 par new generation   total 109248K, used 6920K [0x00000007a0000000, 0x00000007a8000000, 0x00000007a8000000)
  eden space 87424K,   0% used [0x00000007a0000000, 0x00000007a0000000, 0x00000007a5560000)
  from space 21824K,  31% used [0x00000007a5560000, 0x00000007a5c22180, 0x00000007a6ab0000)
  to   space 21824K,   0% used [0x00000007a6ab0000, 0x00000007a6ab0000, 0x00000007a8000000)
 concurrent mark-sweep generation total 393216K, used 16501K [0x00000007a8000000, 0x00000007c0000000, 0x00000007c0000000)
 Metaspace       used 36596K, capacity 37582K, committed 37700K, reserved 1083392K
  class space    used 4172K, capacity 4447K, committed 4452K, reserved 1048576K
}
2017-06-01T12:55:16.511-0100: 5077.757: Total time for which application threads were stopped: 0.0073876 seconds, Stopping threads took: 0.0000293 seconds
2017-06-01T12:55:16.512-0100: 5077.757: Total time for which application threads were stopped: 0.0001599 seconds, Stopping threads took: 0.0000571 seconds
2017-06-01T12:55:16.512-0100: 5077.758: Total time for which application threads were stopped: 0.0001003 seconds, Stopping threads took: 0.0000489 seconds
2017-06-01T12:55:16.512-0100: 5077.758: Total time for which application threads were stopped: 0.0000952 seconds, Stopping threads took: 0.0000471 seconds
2017-06-01T12:55:16.539-0100: 5077.785: Total time for which application threads were stopped: 0.0001594 seconds, Stopping threads took: 0.0000667 seconds
2017-06-01T12:55:16.637-0100: 5077.883: Total time for which application threads were stopped: 0.0001008 seconds, Stopping threads took: 0.0000133 seconds
2017-06-01T12:55:16.638-0100: 5077.883: Total time for which application threads were stopped: 0.0000484 seconds, Stopping threads took: 0.0000075 seconds
2017-06-01T12:55:16.638-0100: 5077.884: Total time for which application threads were stopped: 0.0000374 seconds, Stopping threads took: 0.0000055 seconds
2017-06-01T12:55:16.638-0100: 5077.884: Total time for which application threads were stopped: 0.0000418 seconds, Stopping threads took: 0.0000071 seconds
2017-06-01T12:55:16.638-0100: 5077.884: Total time for which application threads were stopped: 0.0000433 seconds, Stopping threads took: 0.0000057 seconds
2017-06-01T12:55:16.639-0100: 5077.885: Total time for which application threads were stopped: 0.0000855 seconds, Stopping threads took: 0.0000362 seconds
2017-06-01T12:55:16.640-0100: 5077.885: Total time for which application threads were stopped: 0.0000503 seconds, Stopping threads took: 0.0000087 seconds
2017-06-01T12:55:16.640-0100: 5077.886: Total time for which application threads were stopped: 0.0000434 seconds, Stopping threads took: 0.0000124 seconds
2017-06-01T12:55:16.653-0100: 5077.899: Total time for which application threads were stopped: 0.0001039 seconds, Stopping threads took: 0.0000155 seconds
2017-06-01T12:55:16.659-0100: 5077.905: Total time for which application threads were stopped: 0.0000712 seconds, Stopping threads took: 0.0000130 seconds
2017-06-01T12:55:16.659-0100: 5077.905: Total time for which application threads were stopped: 0.0000444 seconds, Stopping threads took: 0.0000066 seconds
2017-06-01T12:55:16.659-0100: 5077.905: Total time for which application threads were stopped: 0.0000326 seconds, Stopping threads took: 0.0000057 seconds
2017-06-01T12:55:16.659-0100: 5077.905: Total time for which application threads were stopped: 0.0000292 seconds, Stopping threads took: 0.0000049 seconds
2017-06-01T12:55:16.659-0100: 5077.905: Total time for which application threads were stopped: 0.0000289 seconds, Stopping threads took: 0.0000049 seconds
2017-06-01T12:55:16.659-0100: 5077.905: Total time for which application threads were stopped: 0.0000288 seconds, Stopping threads took: 0.0000049 seconds
2017-06-01T12:55:17.681-0100: 5078.926: Total time for which application threads were stopped: 0.0001654 seconds, Stopping threads took: 0.0000648 seconds
2017-06-01T12:55:17.688-0100: 5078.934: Total time for which application threads were stopped: 0.0002624 seconds, Stopping threads took: 0.0001428 seconds
2017-06-01T12:55:17.688-0100: 5078.934: Total time for which application threads were stopped: 0.0001418 seconds, Stopping threads took: 0.0000327 seconds
2017-06-01T12:55:17.696-0100: 5078.942: Total time for which application threads were stopped: 0.0002191 seconds, Stopping threads took: 0.0000245 seconds
2017-06-01T12:55:17.696-0100: 5078.942: Total time for which application threads were stopped: 0.0001337 seconds, Stopping threads took: 0.0000094 seconds
2017-06-01T12:55:17.696-0100: 5078.942: Total time for which application threads were stopped: 0.0001093 seconds, Stopping threads took: 0.0000144 seconds
2017-06-01T12:55:19.419-0100: 5080.665: Total time for which application threads were stopped: 0.0001452 seconds, Stopping threads took: 0.0000383 seconds
2017-06-01T12:55:19.420-0100: 5080.666: Total time for which application threads were stopped: 0.0002001 seconds, Stopping threads took: 0.0000990 seconds
2017-06-01T12:55:19.420-0100: 5080.666: Total time for which application threads were stopped: 0.0001240 seconds, Stopping threads took: 0.0000374 seconds
2017-06-01T12:55:19.420-0100: 5080.666: Total time for which application threads were stopped: 0.0001138 seconds, Stopping threads took: 0.0000285 seconds
2017-06-01T12:55:19.420-0100: 5080.666: Total time for which application threads were stopped: 0.0001595 seconds, Stopping threads took: 0.0000801 seconds
2017-06-01T12:55:19.421-0100: 5080.666: Total time for which application threads were stopped: 0.0002669 seconds, Stopping threads took: 0.0000647 seconds
2017-06-01T12:55:19.423-0100: 5080.668: Total time for which application threads were stopped: 0.0001688 seconds, Stopping threads took: 0.0000328 seconds
2017-06-01T12:55:19.423-0100: 5080.669: Total time for which application threads were stopped: 0.0001549 seconds, Stopping threads took: 0.0000389 seconds
2017-06-01T12:55:19.424-0100: 5080.669: Total time for which application threads were stopped: 0.0001296 seconds, Stopping threads took: 0.0000288 seconds
2017-06-01T12:55:19.424-0100: 5080.670: Total time for which application threads were stopped: 0.0001135 seconds, Stopping threads took: 0.0000251 seconds
2017-06-01T12:55:19.424-0100: 5080.670: Total time for which application threads were stopped: 0.0001012 seconds, Stopping threads took: 0.0000099 seconds
2017-06-01T12:55:19.424-0100: 5080.670: Total time for which application threads were stopped: 0.0001239 seconds, Stopping threads took: 0.0000251 seconds
2017-06-01T12:55:19.424-0100: 5080.670: Total time for which application threads were stopped: 0.0001323 seconds, Stopping threads took: 0.0000396 seconds
2017-06-01T12:55:19.424-0100: 5080.670: Total time for which application threads were stopped: 0.0001166 seconds, Stopping threads took: 0.0000260 seconds
2017-06-01T12:55:19.425-0100: 5080.670: Total time for which application threads were stopped: 0.0000993 seconds, Stopping threads took: 0.0000100 seconds
2017-06-01T12:55:19.425-0100: 5080.671: Total time for which application threads were stopped: 0.0000879 seconds, Stopping threads took: 0.0000130 seconds
2017-06-01T12:55:19.425-0100: 5080.671: Total time for which application threads were stopped: 0.0001027 seconds, Stopping threads took: 0.0000110 seconds
2017-06-01T12:55:19.428-0100: 5080.674: Total time for which application threads were stopped: 0.0001608 seconds, Stopping threads took: 0.0000220 seconds
2017-06-01T12:55:19.428-0100: 5080.674: Total time for which application threads were stopped: 0.0000982 seconds, Stopping threads took: 0.0000118 seconds
2017-06-01T12:55:19.431-0100: 5080.677: Total time for which application threads were stopped: 0.0002010 seconds, Stopping threads took: 0.0000224 seconds
2017-06-01T12:55:19.431-0100: 5080.677: Total time for which application threads were stopped: 0.0000996 seconds, Stopping threads took: 0.0000110 seconds
2017-06-01T12:55:19.439-0100: 5080.685: Total time for which application threads were stopped: 0.0001331 seconds, Stopping threads took: 0.0000235 seconds
2017-06-01T12:55:19.439-0100: 5080.685: Total time for which application threads were stopped: 0.0001007 seconds, Stopping threads took: 0.0000139 seconds
2017-06-01T12:55:19.443-0100: 5080.689: Total time for which application threads were stopped: 0.0001405 seconds, Stopping threads took: 0.0000709 seconds
2017-06-01T12:55:19.443-0100: 5080.689: Total time for which application threads were stopped: 0.0000896 seconds, Stopping threads took: 0.0000325 seconds
2017-06-01T12:55:21.203-0100: 5082.449: Total time for which application threads were stopped: 0.0001511 seconds, Stopping threads took: 0.0000278 seconds
2017-06-01T12:55:21.203-0100: 5082.449: Total time for which application threads were stopped: 0.0000788 seconds, Stopping threads took: 0.0000095 seconds
2017-06-01T12:55:21.212-0100: 5082.457: Total time for which application threads were stopped: 0.0001125 seconds, Stopping threads took: 0.0000240 seconds
2017-06-01T12:55:21.212-0100: 5082.457: Total time for which application threads were stopped: 0.0000666 seconds, Stopping threads took: 0.0000098 seconds
2017-06-01T12:55:23.677-0100: 5084.922: Total time for which application threads were stopped: 0.0000994 seconds, Stopping threads took: 0.0000255 seconds
2017-06-01T12:55:23.677-0100: 5084.923: Total time for which application threads were stopped: 0.0000666 seconds, Stopping threads took: 0.0000196 seconds
2017-06-01T12:55:23.677-0100: 5084.923: Total time for which application threads were stopped: 0.0000665 seconds, Stopping threads took: 0.0000199 seconds
2017-06-01T12:55:23.677-0100: 5084.923: Total time for which application threads were stopped: 0.0000517 seconds, Stopping threads took: 0.0000072 seconds
2017-06-01T12:55:23.679-0100: 5084.924: Total time for which application threads were stopped: 0.0001084 seconds, Stopping threads took: 0.0000535 seconds
2017-06-01T12:55:24.682-0100: 5085.928: Total time for which application threads were stopped: 0.0002306 seconds, Stopping threads took: 0.0000403 seconds
2017-06-01T12:55:24.682-0100: 5085.928: Total time for which application threads were stopped: 0.0001097 seconds, Stopping threads took: 0.0000093 seconds
2017-06-01T12:55:24.683-0100: 5085.929: Total time for which application threads were stopped: 0.0001016 seconds, Stopping threads took: 0.0000238 seconds
2017-06-01T12:55:24.683-0100: 5085.929: Total time for which application threads were stopped: 0.0000978 seconds, Stopping threads took: 0.0000097 seconds
2017-06-01T12:55:24.684-0100: 5085.929: Total time for which application threads were stopped: 0.0000729 seconds, Stopping threads took: 0.0000264 seconds
2017-06-01T12:55:24.684-0100: 5085.930: Total time for which application threads were stopped: 0.0000770 seconds, Stopping threads took: 0.0000235 seconds
2017-06-01T12:55:24.684-0100: 5085.930: Total time for which application threads were stopped: 0.0000663 seconds, Stopping threads took: 0.0000209 seconds
2017-06-01T12:55:24.685-0100: 5085.930: Total time for which application threads were stopped: 0.0000624 seconds, Stopping threads took: 0.0000216 seconds
2017-06-01T12:55:24.685-0100: 5085.931: Total time for which application threads were stopped: 0.0000536 seconds, Stopping threads took: 0.0000095 seconds
2017-06-01T12:55:24.686-0100: 5085.932: Total time for which application threads were stopped: 0.0000553 seconds, Stopping threads took: 0.0000095 seconds
2017-06-01T12:55:24.686-0100: 5085.932: Total time for which application threads were stopped: 0.0000430 seconds, Stopping threads took: 0.0000068 seconds
2017-06-01T12:55:24.686-0100: 5085.932: Total time for which application threads were stopped: 0.0000509 seconds, Stopping threads took: 0.0000119 seconds
2017-06-01T12:55:24.686-0100: 5085.932: Total time for which application threads were stopped: 0.0000500 seconds, Stopping threads took: 0.0000089 seconds
2017-06-01T12:55:24.687-0100: 5085.933: Total time for which application threads were stopped: 0.0000509 seconds, Stopping threads took: 0.0000083 seconds
2017-06-01T12:55:24.697-0100: 5085.942: Total time for which application threads were stopped: 0.0000803 seconds, Stopping threads took: 0.0000134 seconds
2017-06-01T12:55:24.697-0100: 5085.942: Total time for which application threads were stopped: 0.0000447 seconds, Stopping threads took: 0.0000063 seconds
2017-06-01T12:55:24.697-0100: 5085.943: Total time for which application threads were stopped: 0.0000382 seconds, Stopping threads took: 0.0000054 seconds
2017-06-01T12:55:24.697-0100: 5085.943: Total time for which application threads were stopped: 0.0000367 seconds, Stopping threads took: 0.0000053 seconds
2017-06-01T12:55:24.697-0100: 5085.943: Total time for which application threads were stopped: 0.0000368 seconds, Stopping threads took: 0.0000053 seconds
2017-06-01T12:55:38.681-0100: 5099.927: Total time for which application threads were stopped: 0.0001004 seconds, Stopping threads took: 0.0000196 seconds
2017-06-01T12:55:38.682-0100: 5099.927: Total time for which application threads were stopped: 0.0000763 seconds, Stopping threads took: 0.0000092 seconds
2017-06-01T12:55:38.688-0100: 5099.934: Total time for which application threads were stopped: 0.0000874 seconds, Stopping threads took: 0.0000166 seconds
2017-06-01T12:55:38.688-0100: 5099.934: Total time for which application threads were stopped: 0.0000536 seconds, Stopping threads took: 0.0000083 seconds
2017-06-01T12:55:38.689-0100: 5099.934: Total time for which application threads were stopped: 0.0000441 seconds, Stopping threads took: 0.0000066 seconds
2017-06-01T12:55:38.689-0100: 5099.935: Total time for which application threads were stopped: 0.0000460 seconds, Stopping threads took: 0.0000068 seconds
2017-06-01T12:55:38.690-0100: 5099.936: Total time for which application threads were stopped: 0.0000683 seconds, Stopping threads took: 0.0000108 seconds
2017-06-01T12:55:38.690-0100: 5099.936: Total time for which application threads were stopped: 0.0000970 seconds, Stopping threads took: 0.0000291 seconds
2017-06-01T12:55:38.691-0100: 5099.937: Total time for which application threads were stopped: 0.0000975 seconds, Stopping threads took: 0.0000287 seconds
2017-06-01T12:55:38.691-0100: 5099.937: Total time for which application threads were stopped: 0.0000821 seconds, Stopping threads took: 0.0000126 seconds
2017-06-01T12:55:38.692-0100: 5099.937: Total time for which application threads were stopped: 0.0001375 seconds, Stopping threads took: 0.0000849 seconds
2017-06-01T12:55:38.692-0100: 5099.938: Total time for which application threads were stopped: 0.0000824 seconds, Stopping threads took: 0.0000211 seconds
2017-06-01T12:55:38.696-0100: 5099.941: Total time for which application threads were stopped: 0.0000867 seconds, Stopping threads took: 0.0000174 seconds
2017-06-01T12:55:38.696-0100: 5099.942: Total time for which application threads were stopped: 0.0000688 seconds, Stopping threads took: 0.0000123 seconds
2017-06-01T12:55:38.697-0100: 5099.942: Total time for which application threads were stopped: 0.0000899 seconds, Stopping threads took: 0.0000132 seconds
2017-06-01T12:55:38.697-0100: 5099.942: Total time for which application threads were stopped: 0.0000532 seconds, Stopping threads took: 0.0000071 seconds
2017-06-01T12:55:38.697-0100: 5099.942: Total time for which application threads were stopped: 0.0000430 seconds, Stopping threads took: 0.0000069 seconds
2017-06-01T12:55:40.942-0100: 5102.188: Total time for which application threads were stopped: 0.0000972 seconds, Stopping threads took: 0.0000264 seconds
2017-06-01T12:55:40.943-0100: 5102.189: Total time for which application threads were stopped: 0.0000790 seconds, Stopping threads took: 0.0000104 seconds
2017-06-01T12:55:40.943-0100: 5102.189: Total time for which application threads were stopped: 0.0000560 seconds, Stopping threads took: 0.0000079 seconds
{Heap before GC invocations=26 (full 1):
 par new generation   total 109248K, used 94332K [0x00000007a0000000, 0x00000007a8000000, 0x00000007a8000000)
  eden space 87424K,  99% used [0x00000007a0000000, 0x00000007a555d1a0, 0x00000007a5560000)
  from space 21824K,  31% used [0x00000007a5560000, 0x00000007a5c22180, 0x00000007a6ab0000)
  to   space 21824K,   0% used [0x00000007a6ab0000, 0x00000007a6ab0000, 0x00000007a8000000)
 concurrent mark-sweep generation total 393216K, used 16501K [0x00000007a8000000, 0x00000007c0000000, 0x00000007c0000000)
 Metaspace       used 36905K, capacity 37948K, committed 37956K, reserved 1083392K
  class space    used 4173K, capacity 4448K, committed 4452K, reserved 1048576K
2017-06-01T12:55:41.088-0100: 5102.334: [GC (Allocation Failure) 2017-06-01T12:55:41.088-0100: 5102.334: [ParNew
Desired survivor size 20112992 bytes, new threshold 8 (max 8)
- age   1:    1373952 bytes,    1373952 total
- age   2:    1071968 bytes,    2445920 total
- age   3:     839296 bytes,    3285216 total
- age   4:     188440 bytes,    3473656 total
- age   5:     241728 bytes,    3715384 total
- age   6:     356072 bytes,    4071456 total
- age   7:     261584 bytes,    4333040 total
- age   8:     192104 bytes,    4525144 total
: 94332K->6355K(109248K), 0.0074656 secs] 110833K->23068K(502464K), 0.0075309 secs] [Times: user=0.04 sys=0.01, real=0.01 secs] 
Heap after GC invocations=27 (full 1):
 par new generation   total 109248K, used 6355K [0x00000007a0000000, 0x00000007a8000000, 0x00000007a8000000)
  eden space 87424K,   0% used [0x00000007a0000000, 0x00000007a0000000, 0x00000007a5560000)
  from space 21824K,  29% used [0x00000007a6ab0000, 0x00000007a70e4f50, 0x00000007a8000000)
  to   space 21824K,   0% used [0x00000007a5560000, 0x00000007a5560000, 0x00000007a6ab0000)
 concurrent mark-sweep generation total 393216K, used 16712K [0x00000007a8000000, 0x00000007c0000000, 0x00000007c0000000)
 Metaspace       used 36905K, capacity 37948K, committed 37956K, reserved 1083392K
  class space    used 4173K, capacity 4448K, committed 4452K, reserved 1048576K
}
2017-06-01T12:55:41.096-0100: 5102.341: Total time for which application threads were stopped: 0.0078438 seconds, Stopping threads took: 0.0000213 seconds
2017-06-01T12:55:41.096-0100: 5102.342: Total time for which application threads were stopped: 0.0001419 seconds, Stopping threads took: 0.0000355 seconds
2017-06-01T12:55:41.096-0100: 5102.342: Total time for which application threads were stopped: 0.0001449 seconds, Stopping threads took: 0.0000637 seconds
2017-06-01T12:55:41.104-0100: 5102.350: Total time for which application threads were stopped: 0.0001508 seconds, Stopping threads took: 0.0000381 seconds
2017-06-01T12:55:41.113-0100: 5102.358: Total time for which application threads were stopped: 0.0001371 seconds, Stopping threads took: 0.0000196 seconds
2017-06-01T12:55:41.113-0100: 5102.358: Total time for which application threads were stopped: 0.0001142 seconds, Stopping threads took: 0.0000243 seconds
2017-06-01T12:55:41.114-0100: 5102.360: Total time for which application threads were stopped: 0.0001225 seconds, Stopping threads took: 0.0000316 seconds
2017-06-01T12:55:41.114-0100: 5102.360: Total time for which application threads were stopped: 0.0001040 seconds, Stopping threads took: 0.0000274 seconds
2017-06-01T12:55:41.114-0100: 5102.360: Total time for which application threads were stopped: 0.0000848 seconds, Stopping threads took: 0.0000120 seconds
2017-06-01T12:55:41.114-0100: 5102.360: Total time for which application threads were stopped: 0.0000724 seconds, Stopping threads took: 0.0000095 seconds
2017-06-01T12:55:41.115-0100: 5102.360: Total time for which application threads were stopped: 0.0000799 seconds, Stopping threads took: 0.0000213 seconds
2017-06-01T12:55:41.115-0100: 5102.360: Total time for which application threads were stopped: 0.0001270 seconds, Stopping threads took: 0.0000678 seconds
2017-06-01T12:55:41.115-0100: 5102.360: Total time for which application threads were stopped: 0.0000781 seconds, Stopping threads took: 0.0000210 seconds
2017-06-01T12:55:41.115-0100: 5102.361: Total time for which application threads were stopped: 0.0000952 seconds, Stopping threads took: 0.0000106 seconds
2017-06-01T12:55:42.116-0100: 5103.362: Total time for which application threads were stopped: 0.0001757 seconds, Stopping threads took: 0.0000281 seconds
2017-06-01T12:55:45.902-0100: 5107.148: Total time for which application threads were stopped: 0.0001931 seconds, Stopping threads took: 0.0000265 seconds
2017-06-01T12:55:45.902-0100: 5107.148: Total time for which application threads were stopped: 0.0001118 seconds, Stopping threads took: 0.0000126 seconds
2017-06-01T12:55:45.910-0100: 5107.156: Total time for which application threads were stopped: 0.0001176 seconds, Stopping threads took: 0.0000251 seconds
2017-06-01T12:55:45.911-0100: 5107.156: Total time for which application threads were stopped: 0.0000846 seconds, Stopping threads took: 0.0000146 seconds
2017-06-01T12:55:47.919-0100: 5109.165: Total time for which application threads were stopped: 0.0001839 seconds, Stopping threads took: 0.0000344 seconds
2017-06-01T12:55:57.444-0100: 5118.690: Total time for which application threads were stopped: 0.0000980 seconds, Stopping threads took: 0.0000188 seconds
2017-06-01T12:56:10.476-0100: 5131.722: Total time for which application threads were stopped: 0.0001295 seconds, Stopping threads took: 0.0000368 seconds
2017-06-01T12:56:45.911-0100: 5167.157: Total time for which application threads were stopped: 0.0000937 seconds, Stopping threads took: 0.0000217 seconds
2017-06-01T12:57:38.465-0100: 5219.710: Total time for which application threads were stopped: 0.0001633 seconds, Stopping threads took: 0.0000448 seconds
2017-06-01T12:57:38.465-0100: 5219.710: Total time for which application threads were stopped: 0.0001368 seconds, Stopping threads took: 0.0000319 seconds
2017-06-01T12:57:38.466-0100: 5219.710: Total time for which application threads were stopped: 0.0001009 seconds, Stopping threads took: 0.0000268 seconds
2017-06-01T12:57:38.466-0100: 5219.711: Total time for which application threads were stopped: 0.0001514 seconds, Stopping threads took: 0.0000700 seconds
2017-06-01T12:57:38.466-0100: 5219.711: Total time for which application threads were stopped: 0.0001419 seconds, Stopping threads took: 0.0000564 seconds
2017-06-01T12:57:38.467-0100: 5219.712: Total time for which application threads were stopped: 0.0001065 seconds, Stopping threads took: 0.0000151 seconds
2017-06-01T12:57:38.467-0100: 5219.712: Total time for which application threads were stopped: 0.0000888 seconds, Stopping threads took: 0.0000098 seconds
2017-06-01T12:57:38.467-0100: 5219.712: Total time for which application threads were stopped: 0.0000709 seconds, Stopping threads took: 0.0000082 seconds
2017-06-01T12:57:38.467-0100: 5219.712: Total time for which application threads were stopped: 0.0000658 seconds, Stopping threads took: 0.0000079 seconds
2017-06-01T12:57:38.467-0100: 5219.712: Total time for which application threads were stopped: 0.0000674 seconds, Stopping threads took: 0.0000074 seconds
2017-06-01T12:57:38.467-0100: 5219.712: Total time for which application threads were stopped: 0.0000661 seconds, Stopping threads took: 0.0000076 seconds
2017-06-01T12:57:38.467-0100: 5219.712: Total time for which application threads were stopped: 0.0000669 seconds, Stopping threads took: 0.0000076 seconds
2017-06-01T12:57:38.467-0100: 5219.712: Total time for which application threads were stopped: 0.0000798 seconds, Stopping threads took: 0.0000107 seconds
2017-06-01T12:57:38.468-0100: 5219.713: Total time for which application threads were stopped: 0.0001082 seconds, Stopping threads took: 0.0000167 seconds
2017-06-01T12:57:38.468-0100: 5219.713: Total time for which application threads were stopped: 0.0000701 seconds, Stopping threads took: 0.0000091 seconds
2017-06-01T12:57:38.475-0100: 5219.720: Total time for which application threads were stopped: 0.0001274 seconds, Stopping threads took: 0.0000175 seconds
2017-06-01T12:57:38.475-0100: 5219.720: Total time for which application threads were stopped: 0.0000951 seconds, Stopping threads took: 0.0000099 seconds
2017-06-01T12:57:38.484-0100: 5219.729: Total time for which application threads were stopped: 0.0001038 seconds, Stopping threads took: 0.0000221 seconds
2017-06-01T12:57:38.484-0100: 5219.729: Total time for which application threads were stopped: 0.0000784 seconds, Stopping threads took: 0.0000118 seconds
2017-06-01T12:57:38.506-0100: 5219.750: Total time for which application threads were stopped: 0.0001811 seconds, Stopping threads took: 0.0000487 seconds
2017-06-01T12:57:38.506-0100: 5219.751: Total time for which application threads were stopped: 0.0000830 seconds, Stopping threads took: 0.0000112 seconds
2017-06-01T12:57:38.514-0100: 5219.759: Total time for which application threads were stopped: 0.0001130 seconds, Stopping threads took: 0.0000248 seconds
2017-06-01T12:57:38.514-0100: 5219.759: Total time for which application threads were stopped: 0.0000699 seconds, Stopping threads took: 0.0000101 seconds
{Heap before GC invocations=27 (full 1):
 par new generation   total 109248K, used 93779K [0x00000007a0000000, 0x00000007a8000000, 0x00000007a8000000)
  eden space 87424K, 100% used [0x00000007a0000000, 0x00000007a5560000, 0x00000007a5560000)
  from space 21824K,  29% used [0x00000007a6ab0000, 0x00000007a70e4f50, 0x00000007a8000000)
  to   space 21824K,   0% used [0x00000007a5560000, 0x00000007a5560000, 0x00000007a6ab0000)
 concurrent mark-sweep generation total 393216K, used 16712K [0x00000007a8000000, 0x00000007c0000000, 0x00000007c0000000)
 Metaspace       used 36930K, capacity 37948K, committed 37956K, reserved 1083392K
  class space    used 4173K, capacity 4448K, committed 4452K, reserved 1048576K
2017-06-01T12:57:39.799-0100: 5221.044: [GC (Allocation Failure) 2017-06-01T12:57:39.799-0100: 5221.044: [ParNew
Desired survivor size 20112992 bytes, new threshold 8 (max 8)
- age   1:    1494744 bytes,    1494744 total
- age   2:     584080 bytes,    2078824 total
- age   3:     663040 bytes,    2741864 total
- age   4:     307872 bytes,    3049736 total
- age   5:     188392 bytes,    3238128 total
- age   6:     241696 bytes,    3479824 total
- age   7:     288888 bytes,    3768712 total
- age   8:     261384 bytes,    4030096 total
: 93779K->5317K(109248K), 0.0055513 secs] 110492K->22220K(502464K), 0.0056137 secs] [Times: user=0.02 sys=0.00, real=0.01 secs] 
Heap after GC invocations=28 (full 1):
 par new generation   total 109248K, used 5317K [0x00000007a0000000, 0x00000007a8000000, 0x00000007a8000000)
  eden space 87424K,   0% used [0x00000007a0000000, 0x00000007a0000000, 0x00000007a5560000)
  from space 21824K,  24% used [0x00000007a5560000, 0x00000007a5a91618, 0x00000007a6ab0000)
  to   space 21824K,   0% used [0x00000007a6ab0000, 0x00000007a6ab0000, 0x00000007a8000000)
 concurrent mark-sweep generation total 393216K, used 16903K [0x00000007a8000000, 0x00000007c0000000, 0x00000007c0000000)
 Metaspace       used 36930K, capacity 37948K, committed 37956K, reserved 1083392K
  class space    used 4173K, capacity 4448K, committed 4452K, reserved 1048576K
}
2017-06-01T12:57:39.805-0100: 5221.049: Total time for which application threads were stopped: 0.0058199 seconds, Stopping threads took: 0.0000319 seconds
2017-06-01T12:57:39.805-0100: 5221.050: Total time for which application threads were stopped: 0.0001397 seconds, Stopping threads took: 0.0000601 seconds
2017-06-01T12:57:39.811-0100: 5221.056: Total time for which application threads were stopped: 0.0001788 seconds, Stopping threads took: 0.0000717 seconds
2017-06-01T12:57:39.909-0100: 5221.154: Total time for which application threads were stopped: 0.0001512 seconds, Stopping threads took: 0.0000162 seconds
2017-06-01T12:57:39.910-0100: 5221.154: Total time for which application threads were stopped: 0.0000669 seconds, Stopping threads took: 0.0000090 seconds
2017-06-01T12:57:39.910-0100: 5221.155: Total time for which application threads were stopped: 0.0001271 seconds, Stopping threads took: 0.0000080 seconds
2017-06-01T12:57:39.914-0100: 5221.158: Total time for which application threads were stopped: 0.0001417 seconds, Stopping threads took: 0.0000234 seconds
2017-06-01T12:57:39.914-0100: 5221.159: Total time for which application threads were stopped: 0.0001788 seconds, Stopping threads took: 0.0000726 seconds
2017-06-01T12:57:39.915-0100: 5221.159: Total time for which application threads were stopped: 0.0000988 seconds, Stopping threads took: 0.0000110 seconds
2017-06-01T12:57:39.915-0100: 5221.160: Total time for which application threads were stopped: 0.0000984 seconds, Stopping threads took: 0.0000237 seconds
2017-06-01T12:57:39.915-0100: 5221.160: Total time for which application threads were stopped: 0.0001111 seconds, Stopping threads took: 0.0000647 seconds
2017-06-01T12:57:39.921-0100: 5221.166: Total time for which application threads were stopped: 0.0001503 seconds, Stopping threads took: 0.0000395 seconds
2017-06-01T12:57:39.941-0100: 5221.186: Total time for which application threads were stopped: 0.0001473 seconds, Stopping threads took: 0.0000269 seconds
2017-06-01T12:57:39.941-0100: 5221.186: Total time for which application threads were stopped: 0.0000739 seconds, Stopping threads took: 0.0000180 seconds
2017-06-01T12:57:39.941-0100: 5221.186: Total time for which application threads were stopped: 0.0000511 seconds, Stopping threads took: 0.0000187 seconds
2017-06-01T12:57:39.941-0100: 5221.186: Total time for which application threads were stopped: 0.0000397 seconds, Stopping threads took: 0.0000126 seconds
2017-06-01T12:57:39.941-0100: 5221.186: Total time for which application threads were stopped: 0.0000754 seconds, Stopping threads took: 0.0000413 seconds
2017-06-01T12:57:39.941-0100: 5221.186: Total time for which application threads were stopped: 0.0000423 seconds, Stopping threads took: 0.0000161 seconds
2017-06-01T12:57:40.943-0100: 5222.188: Total time for which application threads were stopped: 0.0001845 seconds, Stopping threads took: 0.0000513 seconds
2017-06-01T12:57:40.943-0100: 5222.188: Total time for which application threads were stopped: 0.0002212 seconds, Stopping threads took: 0.0000152 seconds
2017-06-01T12:57:40.950-0100: 5222.195: Total time for which application threads were stopped: 0.0001590 seconds, Stopping threads took: 0.0000340 seconds
2017-06-01T12:57:40.950-0100: 5222.195: Total time for which application threads were stopped: 0.0000976 seconds, Stopping threads took: 0.0000225 seconds
2017-06-01T12:57:40.958-0100: 5222.203: Total time for which application threads were stopped: 0.0001061 seconds, Stopping threads took: 0.0000345 seconds
2017-06-01T12:57:40.958-0100: 5222.203: Total time for which application threads were stopped: 0.0000782 seconds, Stopping threads took: 0.0000291 seconds
2017-06-01T12:57:41.675-0100: 5222.920: Total time for which application threads were stopped: 0.0001433 seconds, Stopping threads took: 0.0000220 seconds
2017-06-01T12:57:41.676-0100: 5222.920: Total time for which application threads were stopped: 0.0000843 seconds, Stopping threads took: 0.0000126 seconds
2017-06-01T12:57:41.676-0100: 5222.920: Total time for which application threads were stopped: 0.0000728 seconds, Stopping threads took: 0.0000099 seconds
2017-06-01T12:57:41.676-0100: 5222.921: Total time for which application threads were stopped: 0.0000839 seconds, Stopping threads took: 0.0000117 seconds
2017-06-01T12:57:41.676-0100: 5222.921: Total time for which application threads were stopped: 0.0001678 seconds, Stopping threads took: 0.0000084 seconds
2017-06-01T12:57:41.676-0100: 5222.921: Total time for which application threads were stopped: 0.0001557 seconds, Stopping threads took: 0.0000334 seconds
2017-06-01T12:57:41.678-0100: 5222.923: Total time for which application threads were stopped: 0.0001566 seconds, Stopping threads took: 0.0000458 seconds
2017-06-01T12:57:41.679-0100: 5222.924: Total time for which application threads were stopped: 0.0001918 seconds, Stopping threads took: 0.0000493 seconds
2017-06-01T12:57:41.680-0100: 5222.925: Total time for which application threads were stopped: 0.0001665 seconds, Stopping threads took: 0.0000341 seconds
2017-06-01T12:57:41.681-0100: 5222.925: Total time for which application threads were stopped: 0.0002415 seconds, Stopping threads took: 0.0000497 seconds
2017-06-01T12:57:41.681-0100: 5222.926: Total time for which application threads were stopped: 0.0001210 seconds, Stopping threads took: 0.0000275 seconds
2017-06-01T12:57:41.681-0100: 5222.926: Total time for which application threads were stopped: 0.0001234 seconds, Stopping threads took: 0.0000270 seconds
2017-06-01T12:57:41.681-0100: 5222.926: Total time for which application threads were stopped: 0.0001038 seconds, Stopping threads took: 0.0000100 seconds
2017-06-01T12:57:41.681-0100: 5222.926: Total time for which application threads were stopped: 0.0001421 seconds, Stopping threads took: 0.0000304 seconds
2017-06-01T12:57:41.681-0100: 5222.926: Total time for which application threads were stopped: 0.0001182 seconds, Stopping threads took: 0.0000330 seconds
2017-06-01T12:57:41.682-0100: 5222.926: Total time for which application threads were stopped: 0.0000874 seconds, Stopping threads took: 0.0000089 seconds
2017-06-01T12:57:41.682-0100: 5222.927: Total time for which application threads were stopped: 0.0001159 seconds, Stopping threads took: 0.0000136 seconds
2017-06-01T12:57:41.683-0100: 5222.928: Total time for which application threads were stopped: 0.0001379 seconds, Stopping threads took: 0.0000320 seconds
2017-06-01T12:57:41.686-0100: 5222.930: Total time for which application threads were stopped: 0.0001852 seconds, Stopping threads took: 0.0000409 seconds
2017-06-01T12:57:41.686-0100: 5222.931: Total time for which application threads were stopped: 0.0002397 seconds, Stopping threads took: 0.0001366 seconds
2017-06-01T12:57:41.688-0100: 5222.933: Total time for which application threads were stopped: 0.0001655 seconds, Stopping threads took: 0.0000225 seconds
2017-06-01T12:57:41.689-0100: 5222.933: Total time for which application threads were stopped: 0.0001111 seconds, Stopping threads took: 0.0000122 seconds
2017-06-01T12:57:41.694-0100: 5222.939: Total time for which application threads were stopped: 0.0001448 seconds, Stopping threads took: 0.0000275 seconds
2017-06-01T12:57:41.695-0100: 5222.939: Total time for which application threads were stopped: 0.0000729 seconds, Stopping threads took: 0.0000089 seconds
2017-06-01T12:57:41.698-0100: 5222.943: Total time for which application threads were stopped: 0.0001068 seconds, Stopping threads took: 0.0000338 seconds
2017-06-01T12:57:41.698-0100: 5222.943: Total time for which application threads were stopped: 0.0000776 seconds, Stopping threads took: 0.0000138 seconds
2017-06-01T12:57:45.705-0100: 5226.950: Total time for which application threads were stopped: 0.0001553 seconds, Stopping threads took: 0.0000215 seconds
2017-06-01T12:57:45.705-0100: 5226.950: Total time for which application threads were stopped: 0.0001160 seconds, Stopping threads took: 0.0000128 seconds
2017-06-01T12:57:45.714-0100: 5226.959: Total time for which application threads were stopped: 0.0001224 seconds, Stopping threads took: 0.0000189 seconds
2017-06-01T12:57:45.714-0100: 5226.959: Total time for which application threads were stopped: 0.0000912 seconds, Stopping threads took: 0.0000232 seconds
2017-06-01T12:57:48.253-0100: 5229.498: Total time for which application threads were stopped: 0.0001890 seconds, Stopping threads took: 0.0000475 seconds
2017-06-01T12:57:48.253-0100: 5229.498: Total time for which application threads were stopped: 0.0001237 seconds, Stopping threads took: 0.0000135 seconds
2017-06-01T12:57:48.261-0100: 5229.505: Total time for which application threads were stopped: 0.0001124 seconds, Stopping threads took: 0.0000226 seconds
2017-06-01T12:57:48.261-0100: 5229.506: Total time for which application threads were stopped: 0.0000606 seconds, Stopping threads took: 0.0000112 seconds
2017-06-01T12:57:51.271-0100: 5232.516: Total time for which application threads were stopped: 0.0001530 seconds, Stopping threads took: 0.0000216 seconds
2017-06-01T12:57:58.400-0100: 5239.645: Total time for which application threads were stopped: 0.0001771 seconds, Stopping threads took: 0.0000261 seconds
2017-06-01T12:58:19.949-0100: 5261.194: Total time for which application threads were stopped: 0.0002288 seconds, Stopping threads took: 0.0000669 seconds
{Heap before GC invocations=28 (full 1):
 par new generation   total 109248K, used 92741K [0x00000007a0000000, 0x00000007a8000000, 0x00000007a8000000)
  eden space 87424K, 100% used [0x00000007a0000000, 0x00000007a5560000, 0x00000007a5560000)
  from space 21824K,  24% used [0x00000007a5560000, 0x00000007a5a91618, 0x00000007a6ab0000)
  to   space 21824K,   0% used [0x00000007a6ab0000, 0x00000007a6ab0000, 0x00000007a8000000)
 concurrent mark-sweep generation total 393216K, used 16903K [0x00000007a8000000, 0x00000007c0000000, 0x00000007c0000000)
 Metaspace       used 37317K, capacity 38344K, committed 38468K, reserved 1083392K
  class space    used 4176K, capacity 4448K, committed 4452K, reserved 1048576K
2017-06-01T12:58:20.019-0100: 5261.263: [GC (Allocation Failure) 2017-06-01T12:58:20.019-0100: 5261.263: [ParNew
Desired survivor size 20112992 bytes, new threshold 8 (max 8)
- age   1:    2940312 bytes,    2940312 total
- age   2:     874408 bytes,    3814720 total
- age   3:     564160 bytes,    4378880 total
- age   4:     662848 bytes,    5041728 total
- age   5:     307744 bytes,    5349472 total
- age   6:     188360 bytes,    5537832 total
- age   7:     241696 bytes,    5779528 total
- age   8:     288888 bytes,    6068416 total
: 92741K->6716K(109248K), 0.0071678 secs] 109644K->23878K(502464K), 0.0072537 secs] [Times: user=0.04 sys=0.00, real=0.01 secs] 
Heap after GC invocations=29 (full 1):
 par new generation   total 109248K, used 6716K [0x00000007a0000000, 0x00000007a8000000, 0x00000007a8000000)
  eden space 87424K,   0% used [0x00000007a0000000, 0x00000007a0000000, 0x00000007a5560000)
  from space 21824K,  30% used [0x00000007a6ab0000, 0x00000007a713f2f0, 0x00000007a8000000)
  to   space 21824K,   0% used [0x00000007a5560000, 0x00000007a5560000, 0x00000007a6ab0000)
 concurrent mark-sweep generation total 393216K, used 17161K [0x00000007a8000000, 0x00000007c0000000, 0x00000007c0000000)
 Metaspace       used 37317K, capacity 38344K, committed 38468K, reserved 1083392K
  class space    used 4176K, capacity 4448K, committed 4452K, reserved 1048576K
}
2017-06-01T12:58:20.026-0100: 5261.270: Total time for which application threads were stopped: 0.0075376 seconds, Stopping threads took: 0.0000191 seconds
2017-06-01T12:58:20.026-0100: 5261.271: Total time for which application threads were stopped: 0.0004107 seconds, Stopping threads took: 0.0002788 seconds
2017-06-01T12:58:20.027-0100: 5261.271: Total time for which application threads were stopped: 0.0001760 seconds, Stopping threads took: 0.0000763 seconds
2017-06-01T12:58:20.282-0100: 5261.527: Total time for which application threads were stopped: 0.0002443 seconds, Stopping threads took: 0.0000718 seconds
2017-06-01T12:58:20.285-0100: 5261.530: Total time for which application threads were stopped: 0.0001325 seconds, Stopping threads took: 0.0000155 seconds
2017-06-01T12:58:21.289-0100: 5262.534: Total time for which application threads were stopped: 0.0001747 seconds, Stopping threads took: 0.0000336 seconds
2017-06-01T12:58:27.292-0100: 5268.537: Total time for which application threads were stopped: 0.0000955 seconds, Stopping threads took: 0.0000226 seconds
2017-06-01T12:58:27.292-0100: 5268.537: Total time for which application threads were stopped: 0.0000598 seconds, Stopping threads took: 0.0000087 seconds
2017-06-01T12:58:27.293-0100: 5268.537: Total time for which application threads were stopped: 0.0000707 seconds, Stopping threads took: 0.0000244 seconds
2017-06-01T12:58:27.293-0100: 5268.538: Total time for which application threads were stopped: 0.0000473 seconds, Stopping threads took: 0.0000066 seconds
2017-06-01T12:58:27.293-0100: 5268.538: Total time for which application threads were stopped: 0.0000452 seconds, Stopping threads took: 0.0000061 seconds
2017-06-01T12:58:27.294-0100: 5268.538: Total time for which application threads were stopped: 0.0000719 seconds, Stopping threads took: 0.0000074 seconds
2017-06-01T12:58:27.294-0100: 5268.539: Total time for which application threads were stopped: 0.0000676 seconds, Stopping threads took: 0.0000160 seconds
{Heap before GC invocations=29 (full 1):
 par new generation   total 109248K, used 94136K [0x00000007a0000000, 0x00000007a8000000, 0x00000007a8000000)
  eden space 87424K,  99% used [0x00000007a0000000, 0x00000007a555ef00, 0x00000007a5560000)
  from space 21824K,  30% used [0x00000007a6ab0000, 0x00000007a713f2f0, 0x00000007a8000000)
  to   space 21824K,   0% used [0x00000007a5560000, 0x00000007a5560000, 0x00000007a6ab0000)
 concurrent mark-sweep generation total 393216K, used 17161K [0x00000007a8000000, 0x00000007c0000000, 0x00000007c0000000)
 Metaspace       used 37509K, capacity 38536K, committed 38724K, reserved 1083392K
  class space    used 4188K, capacity 4448K, committed 4452K, reserved 1048576K
2017-06-01T12:58:27.315-0100: 5268.559: [GC (Allocation Failure) 2017-06-01T12:58:27.315-0100: 5268.559: [ParNew
Desired survivor size 20112992 bytes, new threshold 8 (max 8)
- age   1:    1665296 bytes,    1665296 total
- age   2:     620752 bytes,    2286048 total
- age   3:     761040 bytes,    3047088 total
- age   4:     112208 bytes,    3159296 total
- age   5:     206232 bytes,    3365528 total
- age   6:     307696 bytes,    3673224 total
- age   7:     188360 bytes,    3861584 total
- age   8:     241696 bytes,    4103280 total
: 94136K->7442K(109248K), 0.0056711 secs] 111297K->24887K(502464K), 0.0057577 secs] [Times: user=0.02 sys=0.00, real=0.01 secs] 
Heap after GC invocations=30 (full 1):
 par new generation   total 109248K, used 7442K [0x00000007a0000000, 0x00000007a8000000, 0x00000007a8000000)
  eden space 87424K,   0% used [0x00000007a0000000, 0x00000007a0000000, 0x00000007a5560000)
  from space 21824K,  34% used [0x00000007a5560000, 0x00000007a5ca4810, 0x00000007a6ab0000)
  to   space 21824K,   0% used [0x00000007a6ab0000, 0x00000007a6ab0000, 0x00000007a8000000)
 concurrent mark-sweep generation total 393216K, used 17445K [0x00000007a8000000, 0x00000007c0000000, 0x00000007c0000000)
 Metaspace       used 37509K, capacity 38536K, committed 38724K, reserved 1083392K
  class space    used 4188K, capacity 4448K, committed 4452K, reserved 1048576K
}
2017-06-01T12:58:27.321-0100: 5268.565: Total time for which application threads were stopped: 0.0059797 seconds, Stopping threads took: 0.0000214 seconds
{Heap before GC invocations=30 (full 1):
 par new generation   total 109248K, used 94838K [0x00000007a0000000, 0x00000007a8000000, 0x00000007a8000000)
  eden space 87424K,  99% used [0x00000007a0000000, 0x00000007a55593c8, 0x00000007a5560000)
  from space 21824K,  34% used [0x00000007a5560000, 0x00000007a5ca4810, 0x00000007a6ab0000)
  to   space 21824K,   0% used [0x00000007a6ab0000, 0x00000007a6ab0000, 0x00000007a8000000)
 concurrent mark-sweep generation total 393216K, used 17445K [0x00000007a8000000, 0x00000007c0000000, 0x00000007c0000000)
 Metaspace       used 37515K, capacity 38536K, committed 38724K, reserved 1083392K
  class space    used 4189K, capacity 4448K, committed 4452K, reserved 1048576K
2017-06-01T12:58:27.520-0100: 5268.765: [GC (Allocation Failure) 2017-06-01T12:58:27.520-0100: 5268.765: [ParNew
Desired survivor size 20112992 bytes, new threshold 8 (max 8)
- age   1:    2154184 bytes,    2154184 total
- age   2:    1398104 bytes,    3552288 total
- age   3:     619936 bytes,    4172224 total
- age   4:     761040 bytes,    4933264 total
- age   5:     112208 bytes,    5045472 total
- age   6:     206232 bytes,    5251704 total
- age   7:     307696 bytes,    5559400 total
- age   8:     188360 bytes,    5747760 total
: 94838K->6970K(109248K), 0.0074390 secs] 112284K->24655K(502464K), 0.0075025 secs] [Times: user=0.03 sys=0.00, real=0.00 secs] 
Heap after GC invocations=31 (full 1):
 par new generation   total 109248K, used 6970K [0x00000007a0000000, 0x00000007a8000000, 0x00000007a8000000)
  eden space 87424K,   0% used [0x00000007a0000000, 0x00000007a0000000, 0x00000007a5560000)
  from space 21824K,  31% used [0x00000007a6ab0000, 0x00000007a717eb30, 0x00000007a8000000)
  to   space 21824K,   0% used [0x00000007a5560000, 0x00000007a5560000, 0x00000007a6ab0000)
 concurrent mark-sweep generation total 393216K, used 17684K [0x00000007a8000000, 0x00000007c0000000, 0x00000007c0000000)
 Metaspace       used 37515K, capacity 38536K, committed 38724K, reserved 1083392K
  class space    used 4189K, capacity 4448K, committed 4452K, reserved 1048576K
}
2017-06-01T12:58:27.528-0100: 5268.772: Total time for which application threads were stopped: 0.0077044 seconds, Stopping threads took: 0.0000215 seconds
{Heap before GC invocations=31 (full 1):
 par new generation   total 109248K, used 94394K [0x00000007a0000000, 0x00000007a8000000, 0x00000007a8000000)
  eden space 87424K, 100% used [0x00000007a0000000, 0x00000007a5560000, 0x00000007a5560000)
  from space 21824K,  31% used [0x00000007a6ab0000, 0x00000007a717eb30, 0x00000007a8000000)
  to   space 21824K,   0% used [0x00000007a5560000, 0x00000007a5560000, 0x00000007a6ab0000)
 concurrent mark-sweep generation total 393216K, used 17684K [0x00000007a8000000, 0x00000007c0000000, 0x00000007c0000000)
 Metaspace       used 37517K, capacity 38536K, committed 38724K, reserved 1083392K
  class space    used 4189K, capacity 4448K, committed 4452K, reserved 1048576K
2017-06-01T12:58:27.720-0100: 5268.965: [GC (Allocation Failure) 2017-06-01T12:58:27.720-0100: 5268.965: [ParNew
Desired survivor size 20112992 bytes, new threshold 8 (max 8)
- age   1:    2660992 bytes,    2660992 total
- age   2:    1130056 bytes,    3791048 total
- age   3:    1398024 bytes,    5189072 total
- age   4:     619936 bytes,    5809008 total
- age   5:     761040 bytes,    6570048 total
- age   6:     112208 bytes,    6682256 total
- age   7:     206232 bytes,    6888488 total
- age   8:     307696 bytes,    7196184 total
: 94394K->9415K(109248K), 0.0065901 secs] 112079K->27286K(502464K), 0.0067305 secs] [Times: user=0.04 sys=0.00, real=0.00 secs] 
Heap after GC invocations=32 (full 1):
 par new generation   total 109248K, used 9415K [0x00000007a0000000, 0x00000007a8000000, 0x00000007a8000000)
  eden space 87424K,   0% used [0x00000007a0000000, 0x00000007a0000000, 0x00000007a5560000)
  from space 21824K,  43% used [0x00000007a5560000, 0x00000007a5e91dc0, 0x00000007a6ab0000)
  to   space 21824K,   0% used [0x00000007a6ab0000, 0x00000007a6ab0000, 0x00000007a8000000)
 concurrent mark-sweep generation total 393216K, used 17871K [0x00000007a8000000, 0x00000007c0000000, 0x00000007c0000000)
 Metaspace       used 37517K, capacity 38536K, committed 38724K, reserved 1083392K
  class space    used 4189K, capacity 4448K, committed 4452K, reserved 1048576K
}
2017-06-01T12:58:27.727-0100: 5268.972: Total time for which application threads were stopped: 0.0070218 seconds, Stopping threads took: 0.0000291 seconds
{Heap before GC invocations=32 (full 1):
 par new generation   total 109248K, used 96839K [0x00000007a0000000, 0x00000007a8000000, 0x00000007a8000000)
  eden space 87424K, 100% used [0x00000007a0000000, 0x00000007a5560000, 0x00000007a5560000)
  from space 21824K,  43% used [0x00000007a5560000, 0x00000007a5e91dc0, 0x00000007a6ab0000)
  to   space 21824K,   0% used [0x00000007a6ab0000, 0x00000007a6ab0000, 0x00000007a8000000)
 concurrent mark-sweep generation total 393216K, used 17871K [0x00000007a8000000, 0x00000007c0000000, 0x00000007c0000000)
 Metaspace       used 37518K, capacity 38536K, committed 38724K, reserved 1083392K
  class space    used 4189K, capacity 4448K, committed 4452K, reserved 1048576K
2017-06-01T12:58:27.921-0100: 5269.165: [GC (Allocation Failure) 2017-06-01T12:58:27.921-0100: 5269.165: [ParNew
Desired survivor size 20112992 bytes, new threshold 8 (max 8)
- age   1:    3028096 bytes,    3028096 total
- age   2:    1293456 bytes,    4321552 total
- age   3:    1048088 bytes,    5369640 total
- age   4:    1397968 bytes,    6767608 total
- age   5:     619976 bytes,    7387584 total
- age   6:     761040 bytes,    8148624 total
- age   7:     112208 bytes,    8260832 total
- age   8:     206232 bytes,    8467064 total
: 96839K->9658K(109248K), 0.0071492 secs] 114710K->27837K(502464K), 0.0072242 secs] [Times: user=0.04 sys=0.00, real=0.00 secs] 
Heap after GC invocations=33 (full 1):
 par new generation   total 109248K, used 9658K [0x00000007a0000000, 0x00000007a8000000, 0x00000007a8000000)
  eden space 87424K,   0% used [0x00000007a0000000, 0x00000007a0000000, 0x00000007a5560000)
  from space 21824K,  44% used [0x00000007a6ab0000, 0x00000007a741ea90, 0x00000007a8000000)
  to   space 21824K,   0% used [0x00000007a5560000, 0x00000007a5560000, 0x00000007a6ab0000)
 concurrent mark-sweep generation total 393216K, used 18178K [0x00000007a8000000, 0x00000007c0000000, 0x00000007c0000000)
 Metaspace       used 37518K, capacity 38536K, committed 38724K, reserved 1083392K
  class space    used 4189K, capacity 4448K, committed 4452K, reserved 1048576K
}
2017-06-01T12:58:27.928-0100: 5269.173: Total time for which application threads were stopped: 0.0074453 seconds, Stopping threads took: 0.0000211 seconds
{Heap before GC invocations=33 (full 1):
 par new generation   total 109248K, used 97082K [0x00000007a0000000, 0x00000007a8000000, 0x00000007a8000000)
  eden space 87424K, 100% used [0x00000007a0000000, 0x00000007a5560000, 0x00000007a5560000)
  from space 21824K,  44% used [0x00000007a6ab0000, 0x00000007a741ea90, 0x00000007a8000000)
  to   space 21824K,   0% used [0x00000007a5560000, 0x00000007a5560000, 0x00000007a6ab0000)
 concurrent mark-sweep generation total 393216K, used 18178K [0x00000007a8000000, 0x00000007c0000000, 0x00000007c0000000)
 Metaspace       used 37519K, capacity 38536K, committed 38724K, reserved 1083392K
  class space    used 4189K, capacity 4448K, committed 4452K, reserved 1048576K
2017-06-01T12:58:28.119-0100: 5269.364: [GC (Allocation Failure) 2017-06-01T12:58:28.119-0100: 5269.364: [ParNew
Desired survivor size 20112992 bytes, new threshold 8 (max 8)
- age   1:    3099160 bytes,    3099160 total
- age   2:    1472056 bytes,    4571216 total
- age   3:    1162368 bytes,    5733584 total
- age   4:    1048088 bytes,    6781672 total
- age   5:    1397968 bytes,    8179640 total
- age   6:     619936 bytes,    8799576 total
- age   7:     761040 bytes,    9560616 total
- age   8:     112208 bytes,    9672824 total
: 97082K->14117K(109248K), 0.0060764 secs] 115261K->32499K(502464K), 0.0061380 secs] [Times: user=0.02 sys=0.00, real=0.01 secs] 
Heap after GC invocations=34 (full 1):
 par new generation   total 109248K, used 14117K [0x00000007a0000000, 0x00000007a8000000, 0x00000007a8000000)
  eden space 87424K,   0% used [0x00000007a0000000, 0x00000007a0000000, 0x00000007a5560000)
  from space 21824K,  64% used [0x00000007a5560000, 0x00000007a6329440, 0x00000007a6ab0000)
  to   space 21824K,   0% used [0x00000007a6ab0000, 0x00000007a6ab0000, 0x00000007a8000000)
 concurrent mark-sweep generation total 393216K, used 18382K [0x00000007a8000000, 0x00000007c0000000, 0x00000007c0000000)
 Metaspace       used 37519K, capacity 38536K, committed 38724K, reserved 1083392K
  class space    used 4189K, capacity 4448K, committed 4452K, reserved 1048576K
}
2017-06-01T12:58:28.126-0100: 5269.370: Total time for which application threads were stopped: 0.0063478 seconds, Stopping threads took: 0.0000193 seconds
2017-06-01T12:58:29.131-0100: 5270.375: Total time for which application threads were stopped: 0.0001194 seconds, Stopping threads took: 0.0000279 seconds
2017-06-01T12:58:40.159-0100: 5281.403: Total time for which application threads were stopped: 0.0001452 seconds, Stopping threads took: 0.0000400 seconds
2017-06-01T12:58:41.699-0100: 5282.943: Total time for which application threads were stopped: 0.0000939 seconds, Stopping threads took: 0.0000215 seconds
2017-06-01T12:58:42.299-0100: 5283.544: Total time for which application threads were stopped: 0.0001468 seconds, Stopping threads took: 0.0000290 seconds
2017-06-01T12:58:42.299-0100: 5283.544: Total time for which application threads were stopped: 0.0000706 seconds, Stopping threads took: 0.0000130 seconds
2017-06-01T12:58:42.311-0100: 5283.555: Total time for which application threads were stopped: 0.0001166 seconds, Stopping threads took: 0.0000202 seconds
2017-06-01T12:58:42.327-0100: 5283.571: Total time for which application threads were stopped: 0.0002882 seconds, Stopping threads took: 0.0000225 seconds
2017-06-01T12:58:42.536-0100: 5283.780: Total time for which application threads were stopped: 0.0001539 seconds, Stopping threads took: 0.0000249 seconds
2017-06-01T12:58:42.536-0100: 5283.780: Total time for which application threads were stopped: 0.0000973 seconds, Stopping threads took: 0.0000299 seconds
2017-06-01T12:58:42.536-0100: 5283.780: Total time for which application threads were stopped: 0.0000482 seconds, Stopping threads took: 0.0000097 seconds
2017-06-01T12:58:42.536-0100: 5283.780: Total time for which application threads were stopped: 0.0000659 seconds, Stopping threads took: 0.0000267 seconds
2017-06-01T12:58:42.542-0100: 5283.787: Total time for which application threads were stopped: 0.0001045 seconds, Stopping threads took: 0.0000353 seconds
2017-06-01T12:58:42.546-0100: 5283.791: Total time for which application threads were stopped: 0.0000894 seconds, Stopping threads took: 0.0000184 seconds
2017-06-01T12:58:42.547-0100: 5283.791: Total time for which application threads were stopped: 0.0000551 seconds, Stopping threads took: 0.0000105 seconds
2017-06-01T12:58:42.547-0100: 5283.791: Total time for which application threads were stopped: 0.0000342 seconds, Stopping threads took: 0.0000068 seconds
2017-06-01T12:58:42.547-0100: 5283.792: Total time for which application threads were stopped: 0.0000894 seconds, Stopping threads took: 0.0000463 seconds
2017-06-01T12:58:42.547-0100: 5283.792: Total time for which application threads were stopped: 0.0000658 seconds, Stopping threads took: 0.0000202 seconds
2017-06-01T12:58:42.548-0100: 5283.792: Total time for which application threads were stopped: 0.0000767 seconds, Stopping threads took: 0.0000443 seconds
2017-06-01T12:58:42.548-0100: 5283.792: Total time for which application threads were stopped: 0.0000756 seconds, Stopping threads took: 0.0000456 seconds
2017-06-01T12:58:42.548-0100: 5283.792: Total time for which application threads were stopped: 0.0001306 seconds, Stopping threads took: 0.0000834 seconds
2017-06-01T12:58:42.548-0100: 5283.792: Total time for which application threads were stopped: 0.0000774 seconds, Stopping threads took: 0.0000453 seconds
2017-06-01T12:58:43.549-0100: 5284.793: Total time for which application threads were stopped: 0.0002184 seconds, Stopping threads took: 0.0000309 seconds
2017-06-01T12:58:48.266-0100: 5289.511: Total time for which application threads were stopped: 0.0000918 seconds, Stopping threads took: 0.0000201 seconds
2017-06-01T12:59:37.382-0100: 5338.626: Total time for which application threads were stopped: 0.0001035 seconds, Stopping threads took: 0.0000267 seconds
2017-06-01T12:59:57.780-0100: 5359.024: Total time for which application threads were stopped: 0.0001331 seconds, Stopping threads took: 0.0000141 seconds
2017-06-01T12:59:57.781-0100: 5359.025: Total time for which application threads were stopped: 0.0000813 seconds, Stopping threads took: 0.0000262 seconds
2017-06-01T12:59:58.786-0100: 5360.030: Total time for which application threads were stopped: 0.0001649 seconds, Stopping threads took: 0.0000349 seconds
2017-06-01T13:00:04.557-0100: 5365.801: Total time for which application threads were stopped: 0.0001015 seconds, Stopping threads took: 0.0000175 seconds
2017-06-01T13:00:04.557-0100: 5365.801: Total time for which application threads were stopped: 0.0000683 seconds, Stopping threads took: 0.0000100 seconds
2017-06-01T13:00:04.557-0100: 5365.801: Total time for which application threads were stopped: 0.0000533 seconds, Stopping threads took: 0.0000079 seconds
2017-06-01T13:00:05.558-0100: 5366.802: Total time for which application threads were stopped: 0.0000840 seconds, Stopping threads took: 0.0000205 seconds
2017-06-01T13:00:07.779-0100: 5369.023: Total time for which application threads were stopped: 0.0000996 seconds, Stopping threads took: 0.0000177 seconds
2017-06-01T13:00:07.779-0100: 5369.023: Total time for which application threads were stopped: 0.0000667 seconds, Stopping threads took: 0.0000101 seconds
2017-06-01T13:00:08.782-0100: 5370.026: Total time for which application threads were stopped: 0.0000903 seconds, Stopping threads took: 0.0000217 seconds
2017-06-01T13:00:09.783-0100: 5371.027: Total time for which application threads were stopped: 0.0001067 seconds, Stopping threads took: 0.0000250 seconds
{Heap before GC invocations=34 (full 1):
 par new generation   total 109248K, used 101538K [0x00000007a0000000, 0x00000007a8000000, 0x00000007a8000000)
  eden space 87424K,  99% used [0x00000007a0000000, 0x00000007a555f720, 0x00000007a5560000)
  from space 21824K,  64% used [0x00000007a5560000, 0x00000007a6329440, 0x00000007a6ab0000)
  to   space 21824K,   0% used [0x00000007a6ab0000, 0x00000007a6ab0000, 0x00000007a8000000)
 concurrent mark-sweep generation total 393216K, used 18382K [0x00000007a8000000, 0x00000007c0000000, 0x00000007c0000000)
 Metaspace       used 37560K, capacity 38536K, committed 38724K, reserved 1083392K
  class space    used 4189K, capacity 4448K, committed 4452K, reserved 1048576K
2017-06-01T13:00:45.095-0100: 5406.339: [GC (Allocation Failure) 2017-06-01T13:00:45.095-0100: 5406.339: [ParNew
Desired survivor size 20112992 bytes, new threshold 8 (max 8)
- age   1:    1527456 bytes,    1527456 total
- age   2:     144168 bytes,    1671624 total
- age   3:     143688 bytes,    1815312 total
- age   4:     141704 bytes,    1957016 total
- age   5:     140256 bytes,    2097272 total
- age   6:     764904 bytes,    2862176 total
- age   7:     507560 bytes,    3369736 total
- age   8:     707224 bytes,    4076960 total
: 101538K->7960K(109248K), 0.0069958 secs] 119921K->26387K(502464K), 0.0070817 secs] [Times: user=0.04 sys=0.00, real=0.01 secs] 
Heap after GC invocations=35 (full 1):
 par new generation   total 109248K, used 7960K [0x00000007a0000000, 0x00000007a8000000, 0x00000007a8000000)
  eden space 87424K,   0% used [0x00000007a0000000, 0x00000007a0000000, 0x00000007a5560000)
  from space 21824K,  36% used [0x00000007a6ab0000, 0x00000007a7276170, 0x00000007a8000000)
  to   space 21824K,   0% used [0x00000007a5560000, 0x00000007a5560000, 0x00000007a6ab0000)
 concurrent mark-sweep generation total 393216K, used 18426K [0x00000007a8000000, 0x00000007c0000000, 0x00000007c0000000)
 Metaspace       used 37560K, capacity 38536K, committed 38724K, reserved 1083392K
  class space    used 4189K, capacity 4448K, committed 4452K, reserved 1048576K
}
2017-06-01T13:00:45.102-0100: 5406.346: Total time for which application threads were stopped: 0.0072888 seconds, Stopping threads took: 0.0000213 seconds
{Heap before GC invocations=35 (full 1):
 par new generation   total 109248K, used 95384K [0x00000007a0000000, 0x00000007a8000000, 0x00000007a8000000)
  eden space 87424K, 100% used [0x00000007a0000000, 0x00000007a5560000, 0x00000007a5560000)
  from space 21824K,  36% used [0x00000007a6ab0000, 0x00000007a7276170, 0x00000007a8000000)
  to   space 21824K,   0% used [0x00000007a5560000, 0x00000007a5560000, 0x00000007a6ab0000)
 concurrent mark-sweep generation total 393216K, used 18426K [0x00000007a8000000, 0x00000007c0000000, 0x00000007c0000000)
 Metaspace       used 37574K, capacity 38536K, committed 38724K, reserved 1083392K
  class space    used 4189K, capacity 4448K, committed 4452K, reserved 1048576K
2017-06-01T13:00:45.316-0100: 5406.560: [GC (Allocation Failure) 2017-06-01T13:00:45.316-0100: 5406.560: [ParNew
Desired survivor size 20112992 bytes, new threshold 8 (max 8)
- age   1:    2157152 bytes,    2157152 total
- age   2:    1094624 bytes,    3251776 total
- age   3:     144168 bytes,    3395944 total
- age   4:     143688 bytes,    3539632 total
- age   5:     141704 bytes,    3681336 total
- age   6:     140256 bytes,    3821592 total
- age   7:     764088 bytes,    4585680 total
- age   8:     507560 bytes,    5093240 total
: 95384K->6183K(109248K), 0.0078251 secs] 113811K->25305K(502464K), 0.0078935 secs] [Times: user=0.04 sys=0.01, real=0.01 secs] 
Heap after GC invocations=36 (full 1):
 par new generation   total 109248K, used 6183K [0x00000007a0000000, 0x00000007a8000000, 0x00000007a8000000)
  eden space 87424K,   0% used [0x00000007a0000000, 0x00000007a0000000, 0x00000007a5560000)
  from space 21824K,  28% used [0x00000007a5560000, 0x00000007a5b69ea0, 0x00000007a6ab0000)
  to   space 21824K,   0% used [0x00000007a6ab0000, 0x00000007a6ab0000, 0x00000007a8000000)
 concurrent mark-sweep generation total 393216K, used 19121K [0x00000007a8000000, 0x00000007c0000000, 0x00000007c0000000)
 Metaspace       used 37574K, capacity 38536K, committed 38724K, reserved 1083392K
  class space    used 4189K, capacity 4448K, committed 4452K, reserved 1048576K
}
2017-06-01T13:00:45.324-0100: 5406.568: Total time for which application threads were stopped: 0.0081107 seconds, Stopping threads took: 0.0000209 seconds
{Heap before GC invocations=36 (full 1):
 par new generation   total 109248K, used 93607K [0x00000007a0000000, 0x00000007a8000000, 0x00000007a8000000)
  eden space 87424K, 100% used [0x00000007a0000000, 0x00000007a5560000, 0x00000007a5560000)
  from space 21824K,  28% used [0x00000007a5560000, 0x00000007a5b69ea0, 0x00000007a6ab0000)
  to   space 21824K,   0% used [0x00000007a6ab0000, 0x00000007a6ab0000, 0x00000007a8000000)
 concurrent mark-sweep generation total 393216K, used 19121K [0x00000007a8000000, 0x00000007c0000000, 0x00000007c0000000)
 Metaspace       used 37578K, capacity 38536K, committed 38724K, reserved 1083392K
  class space    used 4189K, capacity 4448K, committed 4452K, reserved 1048576K
2017-06-01T13:00:45.488-0100: 5406.731: [GC (Allocation Failure) 2017-06-01T13:00:45.488-0100: 5406.731: [ParNew
Desired survivor size 20112992 bytes, new threshold 8 (max 8)
- age   1:    2847696 bytes,    2847696 total
- age   2:    1092920 bytes,    3940616 total
- age   3:    1094808 bytes,    5035424 total
- age   4:     144168 bytes,    5179592 total
- age   5:     143688 bytes,    5323280 total
- age   6:     141704 bytes,    5464984 total
- age   7:     140256 bytes,    5605240 total
- age   8:     764088 bytes,    6369328 total
: 93607K->8491K(109248K), 0.0056566 secs] 112729K->28115K(502464K), 0.0057233 secs] [Times: user=0.02 sys=0.00, real=0.01 secs] 
Heap after GC invocations=37 (full 1):
 par new generation   total 109248K, used 8491K [0x00000007a0000000, 0x00000007a8000000, 0x00000007a8000000)
  eden space 87424K,   0% used [0x00000007a0000000, 0x00000007a0000000, 0x00000007a5560000)
  from space 21824K,  38% used [0x00000007a6ab0000, 0x00000007a72fadc0, 0x00000007a8000000)
  to   space 21824K,   0% used [0x00000007a5560000, 0x00000007a5560000, 0x00000007a6ab0000)
 concurrent mark-sweep generation total 393216K, used 19623K [0x00000007a8000000, 0x00000007c0000000, 0x00000007c0000000)
 Metaspace       used 37578K, capacity 38536K, committed 38724K, reserved 1083392K
  class space    used 4189K, capacity 4448K, committed 4452K, reserved 1048576K
}
2017-06-01T13:00:45.493-0100: 5406.737: Total time for which application threads were stopped: 0.0059379 seconds, Stopping threads took: 0.0000379 seconds
{Heap before GC invocations=37 (full 1):
 par new generation   total 109248K, used 95915K [0x00000007a0000000, 0x00000007a8000000, 0x00000007a8000000)
  eden space 87424K, 100% used [0x00000007a0000000, 0x00000007a5560000, 0x00000007a5560000)
  from space 21824K,  38% used [0x00000007a6ab0000, 0x00000007a72fadc0, 0x00000007a8000000)
  to   space 21824K,   0% used [0x00000007a5560000, 0x00000007a5560000, 0x00000007a6ab0000)
 concurrent mark-sweep generation total 393216K, used 19623K [0x00000007a8000000, 0x00000007c0000000, 0x00000007c0000000)
 Metaspace       used 37581K, capacity 38600K, committed 38724K, reserved 1083392K
  class space    used 4189K, capacity 4448K, committed 4452K, reserved 1048576K
2017-06-01T13:00:45.645-0100: 5406.889: [GC (Allocation Failure) 2017-06-01T13:00:45.645-0100: 5406.889: [ParNew
Desired survivor size 20112992 bytes, new threshold 8 (max 8)
- age   1:    3121904 bytes,    3121904 total
- age   2:    1381184 bytes,    4503088 total
- age   3:    1018440 bytes,    5521528 total
- age   4:    1094656 bytes,    6616184 total
- age   5:     144168 bytes,    6760352 total
- age   6:     143688 bytes,    6904040 total
- age   7:     141704 bytes,    7045744 total
- age   8:     140256 bytes,    7186000 total
: 95915K->8604K(109248K), 0.0050609 secs] 115539K->28975K(502464K), 0.0051281 secs] [Times: user=0.01 sys=0.00, real=0.01 secs] 
Heap after GC invocations=38 (full 1):
 par new generation   total 109248K, used 8604K [0x00000007a0000000, 0x00000007a8000000, 0x00000007a8000000)
  eden space 87424K,   0% used [0x00000007a0000000, 0x00000007a0000000, 0x00000007a5560000)
  from space 21824K,  39% used [0x00000007a5560000, 0x00000007a5dc7340, 0x00000007a6ab0000)
  to   space 21824K,   0% used [0x00000007a6ab0000, 0x00000007a6ab0000, 0x00000007a8000000)
 concurrent mark-sweep generation total 393216K, used 20370K [0x00000007a8000000, 0x00000007c0000000, 0x00000007c0000000)
 Metaspace       used 37581K, capacity 38600K, committed 38724K, reserved 1083392K
  class space    used 4189K, capacity 4448K, committed 4452K, reserved 1048576K
}
2017-06-01T13:00:45.650-0100: 5406.894: Total time for which application threads were stopped: 0.0053014 seconds, Stopping threads took: 0.0000173 seconds
2017-06-01T13:00:46.655-0100: 5407.898: Total time for which application threads were stopped: 0.0001008 seconds, Stopping threads took: 0.0000243 seconds
2017-06-01T13:01:00.050-0100: 5421.293: Total time for which application threads were stopped: 0.0000815 seconds, Stopping threads took: 0.0000171 seconds
2017-06-01T13:01:00.061-0100: 5421.305: Total time for which application threads were stopped: 0.0001347 seconds, Stopping threads took: 0.0000237 seconds
2017-06-01T13:01:00.061-0100: 5421.305: Total time for which application threads were stopped: 0.0000797 seconds, Stopping threads took: 0.0000122 seconds
2017-06-01T13:01:00.062-0100: 5421.305: Total time for which application threads were stopped: 0.0000813 seconds, Stopping threads took: 0.0000133 seconds
2017-06-01T13:01:00.062-0100: 5421.305: Total time for which application threads were stopped: 0.0000958 seconds, Stopping threads took: 0.0000311 seconds
{Heap before GC invocations=38 (full 1):
 par new generation   total 109248K, used 96028K [0x00000007a0000000, 0x00000007a8000000, 0x00000007a8000000)
  eden space 87424K, 100% used [0x00000007a0000000, 0x00000007a5560000, 0x00000007a5560000)
  from space 21824K,  39% used [0x00000007a5560000, 0x00000007a5dc7340, 0x00000007a6ab0000)
  to   space 21824K,   0% used [0x00000007a6ab0000, 0x00000007a6ab0000, 0x00000007a8000000)
 concurrent mark-sweep generation total 393216K, used 20370K [0x00000007a8000000, 0x00000007c0000000, 0x00000007c0000000)
 Metaspace       used 37590K, capacity 38600K, committed 38724K, reserved 1083392K
  class space    used 4189K, capacity 4448K, committed 4452K, reserved 1048576K
2017-06-01T13:01:00.104-0100: 5421.348: [GC (Allocation Failure) 2017-06-01T13:01:00.104-0100: 5421.348: [ParNew
Desired survivor size 20112992 bytes, new threshold 8 (max 8)
- age   1:    3030280 bytes,    3030280 total
- age   2:    1404072 bytes,    4434352 total
- age   3:    1195592 bytes,    5629944 total
- age   4:     987136 bytes,    6617080 total
- age   5:     772928 bytes,    7390008 total
- age   6:     144168 bytes,    7534176 total
- age   7:     143688 bytes,    7677864 total
- age   8:     141704 bytes,    7819568 total
: 96028K->10520K(109248K), 0.0059166 secs] 116399K->31028K(502464K), 0.0059698 secs] [Times: user=0.03 sys=0.00, real=0.01 secs] 
Heap after GC invocations=39 (full 1):
 par new generation   total 109248K, used 10520K [0x00000007a0000000, 0x00000007a8000000, 0x00000007a8000000)
  eden space 87424K,   0% used [0x00000007a0000000, 0x00000007a0000000, 0x00000007a5560000)
  from space 21824K,  48% used [0x00000007a6ab0000, 0x00000007a74f6320, 0x00000007a8000000)
  to   space 21824K,   0% used [0x00000007a5560000, 0x00000007a5560000, 0x00000007a6ab0000)
 concurrent mark-sweep generation total 393216K, used 20507K [0x00000007a8000000, 0x00000007c0000000, 0x00000007c0000000)
 Metaspace       used 37590K, capacity 38600K, committed 38724K, reserved 1083392K
  class space    used 4189K, capacity 4448K, committed 4452K, reserved 1048576K
}
2017-06-01T13:01:00.110-0100: 5421.354: Total time for which application threads were stopped: 0.0061822 seconds, Stopping threads took: 0.0000806 seconds
2017-06-01T13:01:00.192-0100: 5421.436: Total time for which application threads were stopped: 0.0000901 seconds, Stopping threads took: 0.0000199 seconds
2017-06-01T13:01:00.193-0100: 5421.436: Total time for which application threads were stopped: 0.0000571 seconds, Stopping threads took: 0.0000099 seconds
2017-06-01T13:01:00.193-0100: 5421.436: Total time for which application threads were stopped: 0.0000760 seconds, Stopping threads took: 0.0000243 seconds
2017-06-01T13:01:00.193-0100: 5421.436: Total time for which application threads were stopped: 0.0000667 seconds, Stopping threads took: 0.0000221 seconds
{Heap before GC invocations=39 (full 1):
 par new generation   total 109248K, used 97944K [0x00000007a0000000, 0x00000007a8000000, 0x00000007a8000000)
  eden space 87424K, 100% used [0x00000007a0000000, 0x00000007a5560000, 0x00000007a5560000)
  from space 21824K,  48% used [0x00000007a6ab0000, 0x00000007a74f6320, 0x00000007a8000000)
  to   space 21824K,   0% used [0x00000007a5560000, 0x00000007a5560000, 0x00000007a6ab0000)
 concurrent mark-sweep generation total 393216K, used 20507K [0x00000007a8000000, 0x00000007c0000000, 0x00000007c0000000)
 Metaspace       used 37624K, capacity 38608K, committed 38724K, reserved 1083392K
  class space    used 4191K, capacity 4452K, committed 4452K, reserved 1048576K
2017-06-01T13:01:10.390-0100: 5431.633: [GC (Allocation Failure) 2017-06-01T13:01:10.390-0100: 5431.633: [ParNew
Desired survivor size 20112992 bytes, new threshold 8 (max 8)
- age   1:    1652032 bytes,    1652032 total
- age   2:     147576 bytes,    1799608 total
- age   3:     172312 bytes,    1971920 total
- age   4:     163368 bytes,    2135288 total
- age   5:     139288 bytes,    2274576 total
- age   6:     341376 bytes,    2615952 total
- age   7:     144168 bytes,    2760120 total
- age   8:     143688 bytes,    2903808 total
: 97944K->5458K(109248K), 0.0063409 secs] 118452K->26103K(502464K), 0.0064381 secs] [Times: user=0.02 sys=0.00, real=0.00 secs] 
Heap after GC invocations=40 (full 1):
 par new generation   total 109248K, used 5458K [0x00000007a0000000, 0x00000007a8000000, 0x00000007a8000000)
  eden space 87424K,   0% used [0x00000007a0000000, 0x00000007a0000000, 0x00000007a5560000)
  from space 21824K,  25% used [0x00000007a5560000, 0x00000007a5ab48d0, 0x00000007a6ab0000)
  to   space 21824K,   0% used [0x00000007a6ab0000, 0x00000007a6ab0000, 0x00000007a8000000)
 concurrent mark-sweep generation total 393216K, used 20645K [0x00000007a8000000, 0x00000007c0000000, 0x00000007c0000000)
 Metaspace       used 37624K, capacity 38608K, committed 38724K, reserved 1083392K
  class space    used 4191K, capacity 4452K, committed 4452K, reserved 1048576K
}
2017-06-01T13:01:10.396-0100: 5431.640: Total time for which application threads were stopped: 0.0066932 seconds, Stopping threads took: 0.0000239 seconds
{Heap before GC invocations=40 (full 1):
 par new generation   total 109248K, used 92882K [0x00000007a0000000, 0x00000007a8000000, 0x00000007a8000000)
  eden space 87424K, 100% used [0x00000007a0000000, 0x00000007a5560000, 0x00000007a5560000)
  from space 21824K,  25% used [0x00000007a5560000, 0x00000007a5ab48d0, 0x00000007a6ab0000)
  to   space 21824K,   0% used [0x00000007a6ab0000, 0x00000007a6ab0000, 0x00000007a8000000)
 concurrent mark-sweep generation total 393216K, used 20645K [0x00000007a8000000, 0x00000007c0000000, 0x00000007c0000000)
 Metaspace       used 37624K, capacity 38608K, committed 38724K, reserved 1083392K
  class space    used 4191K, capacity 4452K, committed 4452K, reserved 1048576K
2017-06-01T13:01:10.600-0100: 5431.844: [GC (Allocation Failure) 2017-06-01T13:01:10.600-0100: 5431.844: [ParNew
Desired survivor size 20112992 bytes, new threshold 8 (max 8)
- age   1:    2329776 bytes,    2329776 total
- age   2:    1110296 bytes,    3440072 total
- age   3:     147400 bytes,    3587472 total
- age   4:     172312 bytes,    3759784 total
- age   5:     163368 bytes,    3923152 total
- age   6:     139288 bytes,    4062440 total
- age   7:     341376 bytes,    4403816 total
- age   8:     144168 bytes,    4547984 total
: 92882K->5745K(109248K), 0.0066288 secs] 113527K->26531K(502464K), 0.0067059 secs] [Times: user=0.03 sys=0.00, real=0.00 secs] 
Heap after GC invocations=41 (full 1):
 par new generation   total 109248K, used 5745K [0x00000007a0000000, 0x00000007a8000000, 0x00000007a8000000)
  eden space 87424K,   0% used [0x00000007a0000000, 0x00000007a0000000, 0x00000007a5560000)
  from space 21824K,  26% used [0x00000007a6ab0000, 0x00000007a704c6e0, 0x00000007a8000000)
  to   space 21824K,   0% used [0x00000007a5560000, 0x00000007a5560000, 0x00000007a6ab0000)
 concurrent mark-sweep generation total 393216K, used 20786K [0x00000007a8000000, 0x00000007c0000000, 0x00000007c0000000)
 Metaspace       used 37624K, capacity 38608K, committed 38724K, reserved 1083392K
  class space    used 4191K, capacity 4452K, committed 4452K, reserved 1048576K
}
2017-06-01T13:01:10.607-0100: 5431.851: Total time for which application threads were stopped: 0.0069039 seconds, Stopping threads took: 0.0000218 seconds
{Heap before GC invocations=41 (full 1):
 par new generation   total 109248K, used 93169K [0x00000007a0000000, 0x00000007a8000000, 0x00000007a8000000)
  eden space 87424K, 100% used [0x00000007a0000000, 0x00000007a5560000, 0x00000007a5560000)
  from space 21824K,  26% used [0x00000007a6ab0000, 0x00000007a704c6e0, 0x00000007a8000000)
  to   space 21824K,   0% used [0x00000007a5560000, 0x00000007a5560000, 0x00000007a6ab0000)
 concurrent mark-sweep generation total 393216K, used 20786K [0x00000007a8000000, 0x00000007c0000000, 0x00000007c0000000)
 Metaspace       used 37626K, capacity 38608K, committed 38724K, reserved 1083392K
  class space    used 4191K, capacity 4452K, committed 4452K, reserved 1048576K
2017-06-01T13:01:10.770-0100: 5432.013: [GC (Allocation Failure) 2017-06-01T13:01:10.770-0100: 5432.013: [ParNew
Desired survivor size 20112992 bytes, new threshold 8 (max 8)
- age   1:    2757688 bytes,    2757688 total
- age   2:    1193336 bytes,    3951024 total
- age   3:    1101920 bytes,    5052944 total
- age   4:     147400 bytes,    5200344 total
- age   5:     172312 bytes,    5372656 total
- age   6:     163368 bytes,    5536024 total
- age   7:     139288 bytes,    5675312 total
- age   8:     341376 bytes,    6016688 total
: 93169K->8296K(109248K), 0.0052012 secs] 113955K->29223K(502464K), 0.0052700 secs] [Times: user=0.02 sys=0.00, real=0.00 secs] 
Heap after GC invocations=42 (full 1):
 par new generation   total 109248K, used 8296K [0x00000007a0000000, 0x00000007a8000000, 0x00000007a8000000)
  eden space 87424K,   0% used [0x00000007a0000000, 0x00000007a0000000, 0x00000007a5560000)
  from space 21824K,  38% used [0x00000007a5560000, 0x00000007a5d7a188, 0x00000007a6ab0000)
  to   space 21824K,   0% used [0x00000007a6ab0000, 0x00000007a6ab0000, 0x00000007a8000000)
 concurrent mark-sweep generation total 393216K, used 20926K [0x00000007a8000000, 0x00000007c0000000, 0x00000007c0000000)
 Metaspace       used 37626K, capacity 38608K, committed 38724K, reserved 1083392K
  class space    used 4191K, capacity 4452K, committed 4452K, reserved 1048576K
}
2017-06-01T13:01:10.775-0100: 5432.019: Total time for which application threads were stopped: 0.0054346 seconds, Stopping threads took: 0.0000196 seconds
{Heap before GC invocations=42 (full 1):
 par new generation   total 109248K, used 95720K [0x00000007a0000000, 0x00000007a8000000, 0x00000007a8000000)
  eden space 87424K, 100% used [0x00000007a0000000, 0x00000007a5560000, 0x00000007a5560000)
  from space 21824K,  38% used [0x00000007a5560000, 0x00000007a5d7a188, 0x00000007a6ab0000)
  to   space 21824K,   0% used [0x00000007a6ab0000, 0x00000007a6ab0000, 0x00000007a8000000)
 concurrent mark-sweep generation total 393216K, used 20926K [0x00000007a8000000, 0x00000007c0000000, 0x00000007c0000000)
 Metaspace       used 37626K, capacity 38608K, committed 38724K, reserved 1083392K
  class space    used 4191K, capacity 4452K, committed 4452K, reserved 1048576K
2017-06-01T13:01:10.928-0100: 5432.172: [GC (Allocation Failure) 2017-06-01T13:01:10.928-0100: 5432.172: [ParNew
Desired survivor size 20112992 bytes, new threshold 8 (max 8)
- age   1:    3322288 bytes,    3322288 total
- age   2:    1238064 bytes,    4560352 total
- age   3:    1021072 bytes,    5581424 total
- age   4:    1101864 bytes,    6683288 total
- age   5:     147232 bytes,    6830520 total
- age   6:     172168 bytes,    7002688 total
- age   7:     163368 bytes,    7166056 total
- age   8:     139288 bytes,    7305344 total
: 95720K->8850K(109248K), 0.0063697 secs] 116647K->30112K(502464K), 0.0064457 secs] [Times: user=0.03 sys=0.00, real=0.01 secs] 
Heap after GC invocations=43 (full 1):
 par new generation   total 109248K, used 8850K [0x00000007a0000000, 0x00000007a8000000, 0x00000007a8000000)
  eden space 87424K,   0% used [0x00000007a0000000, 0x00000007a0000000, 0x00000007a5560000)
  from space 21824K,  40% used [0x00000007a6ab0000, 0x00000007a7354920, 0x00000007a8000000)
  to   space 21824K,   0% used [0x00000007a5560000, 0x00000007a5560000, 0x00000007a6ab0000)
 concurrent mark-sweep generation total 393216K, used 21261K [0x00000007a8000000, 0x00000007c0000000, 0x00000007c0000000)
 Metaspace       used 37626K, capacity 38608K, committed 38724K, reserved 1083392K
  class space    used 4191K, capacity 4452K, committed 4452K, reserved 1048576K
}
2017-06-01T13:01:10.935-0100: 5432.178: Total time for which application threads were stopped: 0.0066094 seconds, Stopping threads took: 0.0000191 seconds
2017-06-01T13:01:11.938-0100: 5433.181: Total time for which application threads were stopped: 0.0001425 seconds, Stopping threads took: 0.0000359 seconds
2017-06-01T13:01:25.337-0100: 5446.580: Total time for which application threads were stopped: 0.0000939 seconds, Stopping threads took: 0.0000291 seconds
2017-06-01T13:01:25.346-0100: 5446.590: Total time for which application threads were stopped: 0.0001227 seconds, Stopping threads took: 0.0000161 seconds
2017-06-01T13:01:25.346-0100: 5446.590: Total time for which application threads were stopped: 0.0000557 seconds, Stopping threads took: 0.0000101 seconds
2017-06-01T13:01:25.347-0100: 5446.590: Total time for which application threads were stopped: 0.0000805 seconds, Stopping threads took: 0.0000182 seconds
2017-06-01T13:01:25.347-0100: 5446.590: Total time for which application threads were stopped: 0.0000658 seconds, Stopping threads took: 0.0000101 seconds
{Heap before GC invocations=43 (full 1):
 par new generation   total 109248K, used 96274K [0x00000007a0000000, 0x00000007a8000000, 0x00000007a8000000)
  eden space 87424K, 100% used [0x00000007a0000000, 0x00000007a5560000, 0x00000007a5560000)
  from space 21824K,  40% used [0x00000007a6ab0000, 0x00000007a7354920, 0x00000007a8000000)
  to   space 21824K,   0% used [0x00000007a5560000, 0x00000007a5560000, 0x00000007a6ab0000)
 concurrent mark-sweep generation total 393216K, used 21261K [0x00000007a8000000, 0x00000007c0000000, 0x00000007c0000000)
 Metaspace       used 37627K, capacity 38608K, committed 38724K, reserved 1083392K
  class space    used 4191K, capacity 4452K, committed 4452K, reserved 1048576K
2017-06-01T13:01:25.401-0100: 5446.644: [GC (Allocation Failure) 2017-06-01T13:01:25.401-0100: 5446.644: [ParNew
Desired survivor size 20112992 bytes, new threshold 8 (max 8)
- age   1:    2642240 bytes,    2642240 total
- age   2:    1566152 bytes,    4208392 total
- age   3:    1183296 bytes,    5391688 total
- age   4:     989968 bytes,    6381656 total
- age   5:     763384 bytes,    7145040 total
- age   6:     147024 bytes,    7292064 total
- age   7:     172144 bytes,    7464208 total
- age   8:     163368 bytes,    7627576 total
: 96274K->12135K(109248K), 0.0059476 secs] 117536K->33533K(502464K), 0.0060005 secs] [Times: user=0.03 sys=0.00, real=0.00 secs] 
Heap after GC invocations=44 (full 1):
 par new generation   total 109248K, used 12135K [0x00000007a0000000, 0x00000007a8000000, 0x00000007a8000000)
  eden space 87424K,   0% used [0x00000007a0000000, 0x00000007a0000000, 0x00000007a5560000)
  from space 21824K,  55% used [0x00000007a5560000, 0x00000007a6139f10, 0x00000007a6ab0000)
  to   space 21824K,   0% used [0x00000007a6ab0000, 0x00000007a6ab0000, 0x00000007a8000000)
 concurrent mark-sweep generation total 393216K, used 21397K [0x00000007a8000000, 0x00000007c0000000, 0x00000007c0000000)
 Metaspace       used 37627K, capacity 38608K, committed 38724K, reserved 1083392K
  class space    used 4191K, capacity 4452K, committed 4452K, reserved 1048576K
}
2017-06-01T13:01:25.407-0100: 5446.650: Total time for which application threads were stopped: 0.0061739 seconds, Stopping threads took: 0.0000180 seconds
2017-06-01T13:01:25.469-0100: 5446.712: Total time for which application threads were stopped: 0.0001403 seconds, Stopping threads took: 0.0000237 seconds
2017-06-01T13:01:25.469-0100: 5446.712: Total time for which application threads were stopped: 0.0000761 seconds, Stopping threads took: 0.0000129 seconds
2017-06-01T13:01:25.469-0100: 5446.712: Total time for which application threads were stopped: 0.0000700 seconds, Stopping threads took: 0.0000122 seconds
2017-06-01T13:01:25.469-0100: 5446.713: Total time for which application threads were stopped: 0.0000810 seconds, Stopping threads took: 0.0000240 seconds
2017-06-01T13:01:43.335-0100: 5464.579: Total time for which application threads were stopped: 0.0001276 seconds, Stopping threads took: 0.0000185 seconds
2017-06-01T13:01:43.335-0100: 5464.579: Total time for which application threads were stopped: 0.0000931 seconds, Stopping threads took: 0.0000126 seconds
2017-06-01T13:01:43.343-0100: 5464.587: Total time for which application threads were stopped: 0.0001050 seconds, Stopping threads took: 0.0000278 seconds
2017-06-01T13:01:43.343-0100: 5464.587: Total time for which application threads were stopped: 0.0000609 seconds, Stopping threads took: 0.0000119 seconds
2017-06-01T13:01:43.379-0100: 5464.622: Total time for which application threads were stopped: 0.0001274 seconds, Stopping threads took: 0.0000204 seconds
2017-06-01T13:01:43.379-0100: 5464.622: Total time for which application threads were stopped: 0.0000838 seconds, Stopping threads took: 0.0000113 seconds
2017-06-01T13:01:43.379-0100: 5464.622: Total time for which application threads were stopped: 0.0000929 seconds, Stopping threads took: 0.0000336 seconds
2017-06-01T13:01:43.379-0100: 5464.623: Total time for which application threads were stopped: 0.0001256 seconds, Stopping threads took: 0.0000733 seconds
2017-06-01T13:01:43.379-0100: 5464.623: Total time for which application threads were stopped: 0.0000814 seconds, Stopping threads took: 0.0000240 seconds
2017-06-01T13:01:43.380-0100: 5464.623: Total time for which application threads were stopped: 0.0001061 seconds, Stopping threads took: 0.0000462 seconds
2017-06-01T13:01:43.380-0100: 5464.623: Total time for which application threads were stopped: 0.0000653 seconds, Stopping threads took: 0.0000114 seconds
2017-06-01T13:01:43.380-0100: 5464.624: Total time for which application threads were stopped: 0.0000817 seconds, Stopping threads took: 0.0000268 seconds
2017-06-01T13:01:43.380-0100: 5464.624: Total time for which application threads were stopped: 0.0000938 seconds, Stopping threads took: 0.0000373 seconds
2017-06-01T13:01:43.381-0100: 5464.624: Total time for which application threads were stopped: 0.0000833 seconds, Stopping threads took: 0.0000335 seconds
2017-06-01T13:01:43.381-0100: 5464.624: Total time for which application threads were stopped: 0.0000724 seconds, Stopping threads took: 0.0000188 seconds
2017-06-01T13:01:43.381-0100: 5464.624: Total time for which application threads were stopped: 0.0000919 seconds, Stopping threads took: 0.0000354 seconds
2017-06-01T13:01:43.381-0100: 5464.624: Total time for which application threads were stopped: 0.0000856 seconds, Stopping threads took: 0.0000362 seconds
2017-06-01T13:01:43.382-0100: 5464.625: Total time for which application threads were stopped: 0.0001035 seconds, Stopping threads took: 0.0000119 seconds
2017-06-01T13:01:43.382-0100: 5464.625: Total time for which application threads were stopped: 0.0000631 seconds, Stopping threads took: 0.0000083 seconds
2017-06-01T13:01:43.388-0100: 5464.631: Total time for which application threads were stopped: 0.0001960 seconds, Stopping threads took: 0.0000444 seconds
2017-06-01T13:01:43.388-0100: 5464.631: Total time for which application threads were stopped: 0.0001246 seconds, Stopping threads took: 0.0000149 seconds
2017-06-01T13:01:43.397-0100: 5464.640: Total time for which application threads were stopped: 0.0001990 seconds, Stopping threads took: 0.0000207 seconds
2017-06-01T13:01:43.397-0100: 5464.640: Total time for which application threads were stopped: 0.0000998 seconds, Stopping threads took: 0.0000086 seconds
2017-06-01T13:01:43.397-0100: 5464.640: Total time for which application threads were stopped: 0.0000986 seconds, Stopping threads took: 0.0000082 seconds
2017-06-01T13:01:44.495-0100: 5465.739: Total time for which application threads were stopped: 0.0000915 seconds, Stopping threads took: 0.0000166 seconds
{Heap before GC invocations=44 (full 1):
 par new generation   total 109248K, used 99532K [0x00000007a0000000, 0x00000007a8000000, 0x00000007a8000000)
  eden space 87424K,  99% used [0x00000007a0000000, 0x00000007a55591e8, 0x00000007a5560000)
  from space 21824K,  55% used [0x00000007a5560000, 0x00000007a6139f10, 0x00000007a6ab0000)
  to   space 21824K,   0% used [0x00000007a6ab0000, 0x00000007a6ab0000, 0x00000007a8000000)
 concurrent mark-sweep generation total 393216K, used 21397K [0x00000007a8000000, 0x00000007c0000000, 0x00000007c0000000)
 Metaspace       used 37635K, capacity 38608K, committed 38724K, reserved 1083392K
  class space    used 4191K, capacity 4452K, committed 4452K, reserved 1048576K
2017-06-01T13:01:44.526-0100: 5465.769: [GC (Allocation Failure) 2017-06-01T13:01:44.526-0100: 5465.769: [ParNew
Desired survivor size 20112992 bytes, new threshold 8 (max 8)
- age   1:    1486368 bytes,    1486368 total
- age   2:     131560 bytes,    1617928 total
- age   3:     136408 bytes,    1754336 total
- age   4:     149896 bytes,    1904232 total
- age   5:     140800 bytes,    2045032 total
- age   6:     127344 bytes,    2172376 total
- age   7:     146776 bytes,    2319152 total
- age   8:     172144 bytes,    2491296 total
: 99532K->4103K(109248K), 0.0058099 secs] 120930K->25661K(502464K), 0.0058808 secs] [Times: user=0.01 sys=0.00, real=0.01 secs] 
Heap after GC invocations=45 (full 1):
 par new generation   total 109248K, used 4103K [0x00000007a0000000, 0x00000007a8000000, 0x00000007a8000000)
  eden space 87424K,   0% used [0x00000007a0000000, 0x00000007a0000000, 0x00000007a5560000)
  from space 21824K,  18% used [0x00000007a6ab0000, 0x00000007a6eb1fc8, 0x00000007a8000000)
  to   space 21824K,   0% used [0x00000007a5560000, 0x00000007a5560000, 0x00000007a6ab0000)
 concurrent mark-sweep generation total 393216K, used 21557K [0x00000007a8000000, 0x00000007c0000000, 0x00000007c0000000)
 Metaspace       used 37635K, capacity 38608K, committed 38724K, reserved 1083392K
  class space    used 4191K, capacity 4452K, committed 4452K, reserved 1048576K
}
2017-06-01T13:01:44.532-0100: 5465.775: Total time for which application threads were stopped: 0.0060702 seconds, Stopping threads took: 0.0000214 seconds
2017-06-01T13:01:44.532-0100: 5465.776: Total time for which application threads were stopped: 0.0002487 seconds, Stopping threads took: 0.0000749 seconds
2017-06-01T13:01:44.547-0100: 5465.791: Total time for which application threads were stopped: 0.0001763 seconds, Stopping threads took: 0.0000545 seconds
2017-06-01T13:01:44.690-0100: 5465.933: Total time for which application threads were stopped: 0.0001928 seconds, Stopping threads took: 0.0000732 seconds
2017-06-01T13:01:44.690-0100: 5465.934: Total time for which application threads were stopped: 0.0000779 seconds, Stopping threads took: 0.0000117 seconds
2017-06-01T13:01:44.691-0100: 5465.934: Total time for which application threads were stopped: 0.0000963 seconds, Stopping threads took: 0.0000374 seconds
2017-06-01T13:01:44.691-0100: 5465.934: Total time for which application threads were stopped: 0.0000779 seconds, Stopping threads took: 0.0000244 seconds
2017-06-01T13:01:44.691-0100: 5465.934: Total time for which application threads were stopped: 0.0000729 seconds, Stopping threads took: 0.0000122 seconds
2017-06-01T13:01:44.700-0100: 5465.944: Total time for which application threads were stopped: 0.0001590 seconds, Stopping threads took: 0.0000692 seconds
2017-06-01T13:01:44.711-0100: 5465.954: Total time for which application threads were stopped: 0.0001683 seconds, Stopping threads took: 0.0000827 seconds
2017-06-01T13:01:44.711-0100: 5465.954: Total time for which application threads were stopped: 0.0001168 seconds, Stopping threads took: 0.0000592 seconds
2017-06-01T13:01:44.711-0100: 5465.955: Total time for which application threads were stopped: 0.0000661 seconds, Stopping threads took: 0.0000214 seconds
2017-06-01T13:01:44.712-0100: 5465.955: Total time for which application threads were stopped: 0.0000824 seconds, Stopping threads took: 0.0000295 seconds
2017-06-01T13:01:44.712-0100: 5465.955: Total time for which application threads were stopped: 0.0000800 seconds, Stopping threads took: 0.0000304 seconds
2017-06-01T13:01:44.712-0100: 5465.955: Total time for which application threads were stopped: 0.0000962 seconds, Stopping threads took: 0.0000538 seconds
2017-06-01T13:01:44.758-0100: 5466.002: Total time for which application threads were stopped: 0.0000988 seconds, Stopping threads took: 0.0000250 seconds
2017-06-01T13:01:44.759-0100: 5466.002: Total time for which application threads were stopped: 0.0000571 seconds, Stopping threads took: 0.0000171 seconds
2017-06-01T13:01:44.759-0100: 5466.002: Total time for which application threads were stopped: 0.0000552 seconds, Stopping threads took: 0.0000244 seconds
2017-06-01T13:01:44.759-0100: 5466.002: Total time for which application threads were stopped: 0.0000416 seconds, Stopping threads took: 0.0000165 seconds
2017-06-01T13:01:44.759-0100: 5466.002: Total time for which application threads were stopped: 0.0000562 seconds, Stopping threads took: 0.0000203 seconds
2017-06-01T13:01:44.759-0100: 5466.002: Total time for which application threads were stopped: 0.0000561 seconds, Stopping threads took: 0.0000064 seconds
2017-06-01T13:01:44.759-0100: 5466.002: Total time for which application threads were stopped: 0.0000454 seconds, Stopping threads took: 0.0000159 seconds
2017-06-01T13:01:44.759-0100: 5466.002: Total time for which application threads were stopped: 0.0000572 seconds, Stopping threads took: 0.0000079 seconds
2017-06-01T13:01:44.759-0100: 5466.002: Total time for which application threads were stopped: 0.0000579 seconds, Stopping threads took: 0.0000071 seconds
2017-06-01T13:01:44.759-0100: 5466.002: Total time for which application threads were stopped: 0.0000610 seconds, Stopping threads took: 0.0000319 seconds
2017-06-01T13:01:44.759-0100: 5466.003: Total time for which application threads were stopped: 0.0000995 seconds, Stopping threads took: 0.0000163 seconds
2017-06-01T13:01:44.759-0100: 5466.003: Total time for which application threads were stopped: 0.0000496 seconds, Stopping threads took: 0.0000180 seconds
2017-06-01T13:01:44.760-0100: 5466.003: Total time for which application threads were stopped: 0.0000385 seconds, Stopping threads took: 0.0000142 seconds
2017-06-01T13:01:45.735-0100: 5466.978: Total time for which application threads were stopped: 0.0001427 seconds, Stopping threads took: 0.0000233 seconds
2017-06-01T13:01:45.744-0100: 5466.987: Total time for which application threads were stopped: 0.0001764 seconds, Stopping threads took: 0.0000353 seconds
2017-06-01T13:01:45.744-0100: 5466.987: Total time for which application threads were stopped: 0.0001255 seconds, Stopping threads took: 0.0000099 seconds
2017-06-01T13:01:45.752-0100: 5466.995: Total time for which application threads were stopped: 0.0001148 seconds, Stopping threads took: 0.0000270 seconds
2017-06-01T13:01:45.752-0100: 5466.996: Total time for which application threads were stopped: 0.0000912 seconds, Stopping threads took: 0.0000152 seconds
2017-06-01T13:01:46.757-0100: 5468.000: Total time for which application threads were stopped: 0.0000913 seconds, Stopping threads took: 0.0000212 seconds
2017-06-01T13:01:47.941-0100: 5469.184: Total time for which application threads were stopped: 0.0001323 seconds, Stopping threads took: 0.0000260 seconds
2017-06-01T13:01:47.941-0100: 5469.184: Total time for which application threads were stopped: 0.0001481 seconds, Stopping threads took: 0.0000382 seconds
2017-06-01T13:01:47.941-0100: 5469.185: Total time for which application threads were stopped: 0.0001252 seconds, Stopping threads took: 0.0000276 seconds
2017-06-01T13:01:47.942-0100: 5469.185: Total time for which application threads were stopped: 0.0001734 seconds, Stopping threads took: 0.0000867 seconds
2017-06-01T13:01:47.942-0100: 5469.185: Total time for which application threads were stopped: 0.0002456 seconds, Stopping threads took: 0.0000306 seconds
2017-06-01T13:01:47.942-0100: 5469.185: Total time for which application threads were stopped: 0.0001167 seconds, Stopping threads took: 0.0000294 seconds
2017-06-01T13:01:47.946-0100: 5469.189: Total time for which application threads were stopped: 0.0001587 seconds, Stopping threads took: 0.0000195 seconds
2017-06-01T13:01:47.946-0100: 5469.189: Total time for which application threads were stopped: 0.0001453 seconds, Stopping threads took: 0.0000186 seconds
2017-06-01T13:01:47.946-0100: 5469.190: Total time for which application threads were stopped: 0.0001258 seconds, Stopping threads took: 0.0000391 seconds
2017-06-01T13:01:47.947-0100: 5469.190: Total time for which application threads were stopped: 0.0001965 seconds, Stopping threads took: 0.0001171 seconds
2017-06-01T13:01:47.947-0100: 5469.190: Total time for which application threads were stopped: 0.0001019 seconds, Stopping threads took: 0.0000406 seconds
2017-06-01T13:01:47.947-0100: 5469.190: Total time for which application threads were stopped: 0.0001929 seconds, Stopping threads took: 0.0001108 seconds
2017-06-01T13:01:47.947-0100: 5469.190: Total time for which application threads were stopped: 0.0001270 seconds, Stopping threads took: 0.0000294 seconds
2017-06-01T13:01:47.948-0100: 5469.191: Total time for which application threads were stopped: 0.0001755 seconds, Stopping threads took: 0.0000338 seconds
2017-06-01T13:01:47.948-0100: 5469.192: Total time for which application threads were stopped: 0.0001496 seconds, Stopping threads took: 0.0000303 seconds
2017-06-01T13:01:47.949-0100: 5469.192: Total time for which application threads were stopped: 0.0001399 seconds, Stopping threads took: 0.0000381 seconds
2017-06-01T13:01:47.949-0100: 5469.192: Total time for which application threads were stopped: 0.0001124 seconds, Stopping threads took: 0.0000361 seconds
2017-06-01T13:01:47.949-0100: 5469.192: Total time for which application threads were stopped: 0.0001137 seconds, Stopping threads took: 0.0000372 seconds
2017-06-01T13:01:47.949-0100: 5469.192: Total time for which application threads were stopped: 0.0001174 seconds, Stopping threads took: 0.0000238 seconds
2017-06-01T13:01:47.950-0100: 5469.193: Total time for which application threads were stopped: 0.0000871 seconds, Stopping threads took: 0.0000111 seconds
2017-06-01T13:01:47.950-0100: 5469.193: Total time for which application threads were stopped: 0.0001149 seconds, Stopping threads took: 0.0000120 seconds
2017-06-01T13:01:47.956-0100: 5469.200: Total time for which application threads were stopped: 0.0002999 seconds, Stopping threads took: 0.0001308 seconds
2017-06-01T13:01:47.957-0100: 5469.201: Total time for which application threads were stopped: 0.0001770 seconds, Stopping threads took: 0.0000372 seconds
2017-06-01T13:01:47.959-0100: 5469.202: Total time for which application threads were stopped: 0.0001352 seconds, Stopping threads took: 0.0000201 seconds
2017-06-01T13:01:47.959-0100: 5469.202: Total time for which application threads were stopped: 0.0000891 seconds, Stopping threads took: 0.0000104 seconds
2017-06-01T13:01:47.967-0100: 5469.211: Total time for which application threads were stopped: 0.0001051 seconds, Stopping threads took: 0.0000219 seconds
2017-06-01T13:01:47.967-0100: 5469.211: Total time for which application threads were stopped: 0.0000766 seconds, Stopping threads took: 0.0000133 seconds
2017-06-01T13:01:49.277-0100: 5470.520: Total time for which application threads were stopped: 0.0001828 seconds, Stopping threads took: 0.0000358 seconds
2017-06-01T13:01:49.277-0100: 5470.520: Total time for which application threads were stopped: 0.0001048 seconds, Stopping threads took: 0.0000108 seconds
2017-06-01T13:01:49.285-0100: 5470.528: Total time for which application threads were stopped: 0.0000856 seconds, Stopping threads took: 0.0000189 seconds
2017-06-01T13:01:49.285-0100: 5470.528: Total time for which application threads were stopped: 0.0000625 seconds, Stopping threads took: 0.0000124 seconds
2017-06-01T13:01:51.289-0100: 5472.532: Total time for which application threads were stopped: 0.0002375 seconds, Stopping threads took: 0.0000361 seconds
2017-06-01T13:01:54.581-0100: 5475.824: Total time for which application threads were stopped: 0.0001809 seconds, Stopping threads took: 0.0000169 seconds
2017-06-01T13:01:54.581-0100: 5475.824: Total time for which application threads were stopped: 0.0001227 seconds, Stopping threads took: 0.0000147 seconds
2017-06-01T13:01:54.581-0100: 5475.824: Total time for which application threads were stopped: 0.0000606 seconds, Stopping threads took: 0.0000048 seconds
2017-06-01T13:01:54.581-0100: 5475.825: Total time for which application threads were stopped: 0.0000517 seconds, Stopping threads took: 0.0000067 seconds
2017-06-01T13:01:54.582-0100: 5475.825: Total time for which application threads were stopped: 0.0000503 seconds, Stopping threads took: 0.0000064 seconds
2017-06-01T13:01:54.582-0100: 5475.825: Total time for which application threads were stopped: 0.0001210 seconds, Stopping threads took: 0.0000068 seconds
{Heap before GC invocations=45 (full 1):
 par new generation   total 109248K, used 91527K [0x00000007a0000000, 0x00000007a8000000, 0x00000007a8000000)
  eden space 87424K, 100% used [0x00000007a0000000, 0x00000007a5560000, 0x00000007a5560000)
  from space 21824K,  18% used [0x00000007a6ab0000, 0x00000007a6eb1fc8, 0x00000007a8000000)
  to   space 21824K,   0% used [0x00000007a5560000, 0x00000007a5560000, 0x00000007a6ab0000)
 concurrent mark-sweep generation total 393216K, used 21557K [0x00000007a8000000, 0x00000007c0000000, 0x00000007c0000000)
 Metaspace       used 37665K, capacity 38682K, committed 38852K, reserved 1083392K
  class space    used 4192K, capacity 4453K, committed 4580K, reserved 1048576K
2017-06-01T13:01:54.649-0100: 5475.892: [GC (Allocation Failure) 2017-06-01T13:01:54.649-0100: 5475.892: [ParNew
Desired survivor size 20112992 bytes, new threshold 8 (max 8)
- age   1:    2285528 bytes,    2285528 total
- age   2:     758464 bytes,    3043992 total
- age   3:      18072 bytes,    3062064 total
- age   4:        168 bytes,    3062232 total
- age   5:        136 bytes,    3062368 total
- age   6:       2480 bytes,    3064848 total
- age   7:      74336 bytes,    3139184 total
- age   8:     146776 bytes,    3285960 total
: 91527K->4287K(109248K), 0.0066224 secs] 113085K->26012K(502464K), 0.0066783 secs] [Times: user=0.02 sys=0.00, real=0.01 secs] 
Heap after GC invocations=46 (full 1):
 par new generation   total 109248K, used 4287K [0x00000007a0000000, 0x00000007a8000000, 0x00000007a8000000)
  eden space 87424K,   0% used [0x00000007a0000000, 0x00000007a0000000, 0x00000007a5560000)
  from space 21824K,  19% used [0x00000007a5560000, 0x00000007a598fc00, 0x00000007a6ab0000)
  to   space 21824K,   0% used [0x00000007a6ab0000, 0x00000007a6ab0000, 0x00000007a8000000)
 concurrent mark-sweep generation total 393216K, used 21725K [0x00000007a8000000, 0x00000007c0000000, 0x00000007c0000000)
 Metaspace       used 37665K, capacity 38682K, committed 38852K, reserved 1083392K
  class space    used 4192K, capacity 4453K, committed 4580K, reserved 1048576K
}
2017-06-01T13:01:54.655-0100: 5475.898: Total time for which application threads were stopped: 0.0068877 seconds, Stopping threads took: 0.0000202 seconds
2017-06-01T13:01:54.656-0100: 5475.899: Total time for which application threads were stopped: 0.0001362 seconds, Stopping threads took: 0.0000584 seconds
2017-06-01T13:01:54.656-0100: 5475.899: Total time for which application threads were stopped: 0.0001033 seconds, Stopping threads took: 0.0000477 seconds
{Heap before GC invocations=46 (full 1):
 par new generation   total 109248K, used 91711K [0x00000007a0000000, 0x00000007a8000000, 0x00000007a8000000)
  eden space 87424K, 100% used [0x00000007a0000000, 0x00000007a5560000, 0x00000007a5560000)
  from space 21824K,  19% used [0x00000007a5560000, 0x00000007a598fc00, 0x00000007a6ab0000)
  to   space 21824K,   0% used [0x00000007a6ab0000, 0x00000007a6ab0000, 0x00000007a8000000)
 concurrent mark-sweep generation total 393216K, used 21725K [0x00000007a8000000, 0x00000007c0000000, 0x00000007c0000000)
 Metaspace       used 37665K, capacity 38682K, committed 38852K, reserved 1083392K
  class space    used 4192K, capacity 4453K, committed 4580K, reserved 1048576K
2017-06-01T13:01:54.819-0100: 5476.062: [GC (Allocation Failure) 2017-06-01T13:01:54.819-0100: 5476.062: [ParNew
Desired survivor size 20112992 bytes, new threshold 8 (max 8)
- age   1:    2408664 bytes,    2408664 total
- age   2:    1708720 bytes,    4117384 total
- age   3:     748720 bytes,    4866104 total
- age   4:      18072 bytes,    4884176 total
- age   5:        168 bytes,    4884344 total
- age   6:        136 bytes,    4884480 total
- age   7:       2480 bytes,    4886960 total
- age   8:      74336 bytes,    4961296 total
: 91711K->5462K(109248K), 0.0052257 secs] 113436K->27330K(502464K), 0.0052962 secs] [Times: user=0.02 sys=0.01, real=0.01 secs] 
Heap after GC invocations=47 (full 1):
 par new generation   total 109248K, used 5462K [0x00000007a0000000, 0x00000007a8000000, 0x00000007a8000000)
  eden space 87424K,   0% used [0x00000007a0000000, 0x00000007a0000000, 0x00000007a5560000)
  from space 21824K,  25% used [0x00000007a6ab0000, 0x00000007a7005850, 0x00000007a8000000)
  to   space 21824K,   0% used [0x00000007a5560000, 0x00000007a5560000, 0x00000007a6ab0000)
 concurrent mark-sweep generation total 393216K, used 21868K [0x00000007a8000000, 0x00000007c0000000, 0x00000007c0000000)
 Metaspace       used 37665K, capacity 38682K, committed 38852K, reserved 1083392K
  class space    used 4192K, capacity 4453K, committed 4580K, reserved 1048576K
}
2017-06-01T13:01:54.824-0100: 5476.068: Total time for which application threads were stopped: 0.0054586 seconds, Stopping threads took: 0.0000166 seconds
{Heap before GC invocations=47 (full 1):
 par new generation   total 109248K, used 92886K [0x00000007a0000000, 0x00000007a8000000, 0x00000007a8000000)
  eden space 87424K, 100% used [0x00000007a0000000, 0x00000007a5560000, 0x00000007a5560000)
  from space 21824K,  25% used [0x00000007a6ab0000, 0x00000007a7005850, 0x00000007a8000000)
  to   space 21824K,   0% used [0x00000007a5560000, 0x00000007a5560000, 0x00000007a6ab0000)
 concurrent mark-sweep generation total 393216K, used 21868K [0x00000007a8000000, 0x00000007c0000000, 0x00000007c0000000)
 Metaspace       used 37665K, capacity 38682K, committed 38852K, reserved 1083392K
  class space    used 4192K, capacity 4453K, committed 4580K, reserved 1048576K
2017-06-01T13:01:54.958-0100: 5476.201: [GC (Allocation Failure) 2017-06-01T13:01:54.958-0100: 5476.201: [ParNew
Desired survivor size 20112992 bytes, new threshold 8 (max 8)
- age   1:    2661712 bytes,    2661712 total
- age   2:    1327680 bytes,    3989392 total
- age   3:    1733296 bytes,    5722688 total
- age   4:     748720 bytes,    6471408 total
- age   5:      18072 bytes,    6489480 total
- age   6:        168 bytes,    6489648 total
- age   7:        136 bytes,    6489784 total
- age   8:       2480 bytes,    6492264 total
: 92886K->9053K(109248K), 0.0050575 secs] 114754K->30995K(502464K), 0.0051288 secs] [Times: user=0.01 sys=0.00, real=0.01 secs] 
Heap after GC invocations=48 (full 1):
 par new generation   total 109248K, used 9053K [0x00000007a0000000, 0x00000007a8000000, 0x00000007a8000000)
  eden space 87424K,   0% used [0x00000007a0000000, 0x00000007a0000000, 0x00000007a5560000)
  from space 21824K,  41% used [0x00000007a5560000, 0x00000007a5e37728, 0x00000007a6ab0000)
  to   space 21824K,   0% used [0x00000007a6ab0000, 0x00000007a6ab0000, 0x00000007a8000000)
 concurrent mark-sweep generation total 393216K, used 21941K [0x00000007a8000000, 0x00000007c0000000, 0x00000007c0000000)
 Metaspace       used 37665K, capacity 38682K, committed 38852K, reserved 1083392K
  class space    used 4192K, capacity 4453K, committed 4580K, reserved 1048576K
}
2017-06-01T13:01:54.963-0100: 5476.206: Total time for which application threads were stopped: 0.0054250 seconds, Stopping threads took: 0.0000419 seconds
{Heap before GC invocations=48 (full 1):
 par new generation   total 109248K, used 96477K [0x00000007a0000000, 0x00000007a8000000, 0x00000007a8000000)
  eden space 87424K, 100% used [0x00000007a0000000, 0x00000007a5560000, 0x00000007a5560000)
  from space 21824K,  41% used [0x00000007a5560000, 0x00000007a5e37728, 0x00000007a6ab0000)
  to   space 21824K,   0% used [0x00000007a6ab0000, 0x00000007a6ab0000, 0x00000007a8000000)
 concurrent mark-sweep generation total 393216K, used 21941K [0x00000007a8000000, 0x00000007c0000000, 0x00000007c0000000)
 Metaspace       used 37667K, capacity 38682K, committed 38852K, reserved 1083392K
  class space    used 4192K, capacity 4453K, committed 4580K, reserved 1048576K
2017-06-01T13:01:55.102-0100: 5476.345: [GC (Allocation Failure) 2017-06-01T13:01:55.102-0100: 5476.345: [ParNew
Desired survivor size 20112992 bytes, new threshold 8 (max 8)
- age   1:    3331744 bytes,    3331744 total
- age   2:    1253568 bytes,    4585312 total
- age   3:    1032536 bytes,    5617848 total
- age   4:    1700456 bytes,    7318304 total
- age   5:     748720 bytes,    8067024 total
- age   6:      18072 bytes,    8085096 total
- age   7:        168 bytes,    8085264 total
- age   8:        136 bytes,    8085400 total
: 96477K->9399K(109248K), 0.0064518 secs] 118419K->31343K(502464K), 0.0065090 secs] [Times: user=0.02 sys=0.00, real=0.00 secs] 
Heap after GC invocations=49 (full 1):
 par new generation   total 109248K, used 9399K [0x00000007a0000000, 0x00000007a8000000, 0x00000007a8000000)
  eden space 87424K,   0% used [0x00000007a0000000, 0x00000007a0000000, 0x00000007a5560000)
  from space 21824K,  43% used [0x00000007a6ab0000, 0x00000007a73dde90, 0x00000007a8000000)
  to   space 21824K,   0% used [0x00000007a5560000, 0x00000007a5560000, 0x00000007a6ab0000)
 concurrent mark-sweep generation total 393216K, used 21943K [0x00000007a8000000, 0x00000007c0000000, 0x00000007c0000000)
 Metaspace       used 37667K, capacity 38682K, committed 38852K, reserved 1083392K
  class space    used 4192K, capacity 4453K, committed 4580K, reserved 1048576K
}
2017-06-01T13:01:55.109-0100: 5476.352: Total time for which application threads were stopped: 0.0066843 seconds, Stopping threads took: 0.0000354 seconds
{Heap before GC invocations=49 (full 1):
 par new generation   total 109248K, used 96823K [0x00000007a0000000, 0x00000007a8000000, 0x00000007a8000000)
  eden space 87424K, 100% used [0x00000007a0000000, 0x00000007a5560000, 0x00000007a5560000)
  from space 21824K,  43% used [0x00000007a6ab0000, 0x00000007a73dde90, 0x00000007a8000000)
  to   space 21824K,   0% used [0x00000007a5560000, 0x00000007a5560000, 0x00000007a6ab0000)
 concurrent mark-sweep generation total 393216K, used 21943K [0x00000007a8000000, 0x00000007c0000000, 0x00000007c0000000)
 Metaspace       used 37667K, capacity 38682K, committed 38852K, reserved 1083392K
  class space    used 4192K, capacity 4453K, committed 4580K, reserved 1048576K
2017-06-01T13:01:55.244-0100: 5476.487: [GC (Allocation Failure) 2017-06-01T13:01:55.244-0100: 5476.487: [ParNew
Desired survivor size 20112992 bytes, new threshold 8 (max 8)
- age   1:    3203440 bytes,    3203440 total
- age   2:    1505688 bytes,    4709128 total
- age   3:    1220112 bytes,    5929240 total
- age   4:    1032536 bytes,    6961776 total
- age   5:    1700456 bytes,    8662232 total
- age   6:     748720 bytes,    9410952 total
- age   7:      18072 bytes,    9429024 total
- age   8:        168 bytes,    9429192 total
: 96823K->13337K(109248K), 0.0057658 secs] 118767K->35281K(502464K), 0.0058452 secs] [Times: user=0.03 sys=0.00, real=0.01 secs] 
Heap after GC invocations=50 (full 1):
 par new generation   total 109248K, used 13337K [0x00000007a0000000, 0x00000007a8000000, 0x00000007a8000000)
  eden space 87424K,   0% used [0x00000007a0000000, 0x00000007a0000000, 0x00000007a5560000)
  from space 21824K,  61% used [0x00000007a5560000, 0x00000007a6266680, 0x00000007a6ab0000)
  to   space 21824K,   0% used [0x00000007a6ab0000, 0x00000007a6ab0000, 0x00000007a8000000)
 concurrent mark-sweep generation total 393216K, used 21944K [0x00000007a8000000, 0x00000007c0000000, 0x00000007c0000000)
 Metaspace       used 37667K, capacity 38682K, committed 38852K, reserved 1083392K
  class space    used 4192K, capacity 4453K, committed 4580K, reserved 1048576K
}
2017-06-01T13:01:55.250-0100: 5476.493: Total time for which application threads were stopped: 0.0060250 seconds, Stopping threads took: 0.0000185 seconds
{Heap before GC invocations=50 (full 1):
 par new generation   total 109248K, used 100761K [0x00000007a0000000, 0x00000007a8000000, 0x00000007a8000000)
  eden space 87424K, 100% used [0x00000007a0000000, 0x00000007a5560000, 0x00000007a5560000)
  from space 21824K,  61% used [0x00000007a5560000, 0x00000007a6266680, 0x00000007a6ab0000)
  to   space 21824K,   0% used [0x00000007a6ab0000, 0x00000007a6ab0000, 0x00000007a8000000)
 concurrent mark-sweep generation total 393216K, used 21944K [0x00000007a8000000, 0x00000007c0000000, 0x00000007c0000000)
 Metaspace       used 37667K, capacity 38682K, committed 38852K, reserved 1083392K
  class space    used 4192K, capacity 4453K, committed 4580K, reserved 1048576K
2017-06-01T13:01:55.397-0100: 5476.640: [GC (Allocation Failure) 2017-06-01T13:01:55.397-0100: 5476.640: [ParNew
Desired survivor size 20112992 bytes, new threshold 8 (max 8)
- age   1:    3584680 bytes,    3584680 total
- age   2:    1085936 bytes,    4670616 total
- age   3:    1505880 bytes,    6176496 total
- age   4:    1138512 bytes,    7315008 total
- age   5:    1032848 bytes,    8347856 total
- age   6:    1700624 bytes,   10048480 total
- age   7:     748720 bytes,   10797200 total
- age   8:      18072 bytes,   10815272 total
: 100761K->14464K(109248K), 0.0061066 secs] 122705K->36409K(502464K), 0.0061691 secs] [Times: user=0.02 sys=0.00, real=0.01 secs] 
Heap after GC invocations=51 (full 1):
 par new generation   total 109248K, used 14464K [0x00000007a0000000, 0x00000007a8000000, 0x00000007a8000000)
  eden space 87424K,   0% used [0x00000007a0000000, 0x00000007a0000000, 0x00000007a5560000)
  from space 21824K,  66% used [0x00000007a6ab0000, 0x00000007a78d0338, 0x00000007a8000000)
  to   space 21824K,   0% used [0x00000007a5560000, 0x00000007a5560000, 0x00000007a6ab0000)
 concurrent mark-sweep generation total 393216K, used 21944K [0x00000007a8000000, 0x00000007c0000000, 0x00000007c0000000)
 Metaspace       used 37667K, capacity 38682K, committed 38852K, reserved 1083392K
  class space    used 4192K, capacity 4453K, committed 4580K, reserved 1048576K
}
2017-06-01T13:01:55.403-0100: 5476.646: Total time for which application threads were stopped: 0.0063396 seconds, Stopping threads took: 0.0000188 seconds
2017-06-01T13:01:55.493-0100: 5476.736: Total time for which application threads were stopped: 0.0001696 seconds, Stopping threads took: 0.0000166 seconds
2017-06-01T13:01:55.493-0100: 5476.736: Total time for which application threads were stopped: 0.0000995 seconds, Stopping threads took: 0.0000071 seconds
{Heap before GC invocations=51 (full 1):
 par new generation   total 109248K, used 101888K [0x00000007a0000000, 0x00000007a8000000, 0x00000007a8000000)
  eden space 87424K, 100% used [0x00000007a0000000, 0x00000007a5560000, 0x00000007a5560000)
  from space 21824K,  66% used [0x00000007a6ab0000, 0x00000007a78d0338, 0x00000007a8000000)
  to   space 21824K,   0% used [0x00000007a5560000, 0x00000007a5560000, 0x00000007a6ab0000)
 concurrent mark-sweep generation total 393216K, used 21944K [0x00000007a8000000, 0x00000007c0000000, 0x00000007c0000000)
 Metaspace       used 37677K, capacity 38682K, committed 38852K, reserved 1083392K
  class space    used 4192K, capacity 4453K, committed 4580K, reserved 1048576K
2017-06-01T13:01:55.582-0100: 5476.825: [GC (Allocation Failure) 2017-06-01T13:01:55.582-0100: 5476.825: [ParNew
Desired survivor size 20112992 bytes, new threshold 8 (max 8)
- age   1:    3554960 bytes,    3554960 total
- age   2:    1449384 bytes,    5004344 total
- age   3:    1017192 bytes,    6021536 total
- age   4:    1188992 bytes,    7210528 total
- age   5:    1018432 bytes,    8228960 total
- age   6:    1001432 bytes,    9230392 total
- age   7:    1377320 bytes,   10607712 total
- age   8:     748720 bytes,   11356432 total
: 101888K->15543K(109248K), 0.0064136 secs] 123833K->37505K(502464K), 0.0064751 secs] [Times: user=0.03 sys=0.00, real=0.00 secs] 
Heap after GC invocations=52 (full 1):
 par new generation   total 109248K, used 15543K [0x00000007a0000000, 0x00000007a8000000, 0x00000007a8000000)
  eden space 87424K,   0% used [0x00000007a0000000, 0x00000007a0000000, 0x00000007a5560000)
  from space 21824K,  71% used [0x00000007a5560000, 0x00000007a648dcb0, 0x00000007a6ab0000)
  to   space 21824K,   0% used [0x00000007a6ab0000, 0x00000007a6ab0000, 0x00000007a8000000)
 concurrent mark-sweep generation total 393216K, used 21961K [0x00000007a8000000, 0x00000007c0000000, 0x00000007c0000000)
 Metaspace       used 37677K, capacity 38682K, committed 38852K, reserved 1083392K
  class space    used 4192K, capacity 4453K, committed 4580K, reserved 1048576K
}
2017-06-01T13:01:55.588-0100: 5476.831: Total time for which application threads were stopped: 0.0067015 seconds, Stopping threads took: 0.0000201 seconds
2017-06-01T13:01:55.633-0100: 5476.876: Total time for which application threads were stopped: 0.0001883 seconds, Stopping threads took: 0.0000325 seconds
2017-06-01T13:01:55.633-0100: 5476.877: Total time for which application threads were stopped: 0.0001583 seconds, Stopping threads took: 0.0000116 seconds
2017-06-01T13:01:55.634-0100: 5476.877: Total time for which application threads were stopped: 0.0001394 seconds, Stopping threads took: 0.0000856 seconds
2017-06-01T13:01:55.634-0100: 5476.877: Total time for which application threads were stopped: 0.0000398 seconds, Stopping threads took: 0.0000072 seconds
2017-06-01T13:01:55.634-0100: 5476.877: Total time for which application threads were stopped: 0.0000368 seconds, Stopping threads took: 0.0000058 seconds
2017-06-01T13:01:55.643-0100: 5476.886: Total time for which application threads were stopped: 0.0001222 seconds, Stopping threads took: 0.0000354 seconds
2017-06-01T13:01:55.682-0100: 5476.925: Total time for which application threads were stopped: 0.0001017 seconds, Stopping threads took: 0.0000178 seconds
2017-06-01T13:01:59.098-0100: 5480.341: Total time for which application threads were stopped: 0.0001117 seconds, Stopping threads took: 0.0000169 seconds
2017-06-01T13:01:59.098-0100: 5480.341: Total time for which application threads were stopped: 0.0001097 seconds, Stopping threads took: 0.0000318 seconds
2017-06-01T13:01:59.098-0100: 5480.341: Total time for which application threads were stopped: 0.0000621 seconds, Stopping threads took: 0.0000068 seconds
2017-06-01T13:02:02.109-0100: 5483.352: Total time for which application threads were stopped: 0.0000960 seconds, Stopping threads took: 0.0000220 seconds
2017-06-01T13:02:14.218-0100: 5495.461: Total time for which application threads were stopped: 0.0000990 seconds, Stopping threads took: 0.0000183 seconds
2017-06-01T13:02:47.960-0100: 5529.203: Total time for which application threads were stopped: 0.0000949 seconds, Stopping threads took: 0.0000184 seconds
2017-06-01T13:02:49.287-0100: 5530.530: Total time for which application threads were stopped: 0.0001065 seconds, Stopping threads took: 0.0000212 seconds
2017-06-01T13:02:51.098-0100: 5532.341: Total time for which application threads were stopped: 0.0000875 seconds, Stopping threads took: 0.0000172 seconds
2017-06-01T13:02:52.102-0100: 5533.345: Total time for which application threads were stopped: 0.0001037 seconds, Stopping threads took: 0.0000248 seconds
2017-06-01T13:02:54.818-0100: 5536.061: Total time for which application threads were stopped: 0.0001131 seconds, Stopping threads took: 0.0000313 seconds
2017-06-01T13:02:54.819-0100: 5536.062: Total time for which application threads were stopped: 0.0000906 seconds, Stopping threads took: 0.0000150 seconds
2017-06-01T13:02:55.823-0100: 5537.066: Total time for which application threads were stopped: 0.0001194 seconds, Stopping threads took: 0.0000340 seconds
2017-06-01T13:03:15.876-0100: 5557.119: Total time for which application threads were stopped: 0.0001067 seconds, Stopping threads took: 0.0000311 seconds
{Heap before GC invocations=52 (full 1):
 par new generation   total 109248K, used 102967K [0x00000007a0000000, 0x00000007a8000000, 0x00000007a8000000)
  eden space 87424K, 100% used [0x00000007a0000000, 0x00000007a5560000, 0x00000007a5560000)
  from space 21824K,  71% used [0x00000007a5560000, 0x00000007a648dcb0, 0x00000007a6ab0000)
  to   space 21824K,   0% used [0x00000007a6ab0000, 0x00000007a6ab0000, 0x00000007a8000000)
 concurrent mark-sweep generation total 393216K, used 21961K [0x00000007a8000000, 0x00000007c0000000, 0x00000007c0000000)
 Metaspace       used 37763K, capacity 38810K, committed 39108K, reserved 1083392K
  class space    used 4201K, capacity 4453K, committed 4580K, reserved 1048576K
2017-06-01T13:03:32.377-0100: 5573.619: [GC (Allocation Failure) 2017-06-01T13:03:32.377-0100: 5573.619: [ParNew
Desired survivor size 20112992 bytes, new threshold 8 (max 8)
- age   1:    2000216 bytes,    2000216 total
- age   2:     148600 bytes,    2148816 total
- age   3:     251240 bytes,    2400056 total
- age   4:     230600 bytes,    2630656 total
- age   5:     216536 bytes,    2847192 total
- age   6:     227144 bytes,    3074336 total
- age   7:     229944 bytes,    3304280 total
- age   8:     591312 bytes,    3895592 total
: 102967K->8005K(109248K), 0.0048883 secs] 124929K->30666K(502464K), 0.0049310 secs] [Times: user=0.01 sys=0.00, real=0.01 secs] 
Heap after GC invocations=53 (full 1):
 par new generation   total 109248K, used 8005K [0x00000007a0000000, 0x00000007a8000000, 0x00000007a8000000)
  eden space 87424K,   0% used [0x00000007a0000000, 0x00000007a0000000, 0x00000007a5560000)
  from space 21824K,  36% used [0x00000007a6ab0000, 0x00000007a72814b0, 0x00000007a8000000)
  to   space 21824K,   0% used [0x00000007a5560000, 0x00000007a5560000, 0x00000007a6ab0000)
 concurrent mark-sweep generation total 393216K, used 22661K [0x00000007a8000000, 0x00000007c0000000, 0x00000007c0000000)
 Metaspace       used 37763K, capacity 38810K, committed 39108K, reserved 1083392K
  class space    used 4201K, capacity 4453K, committed 4580K, reserved 1048576K
}
2017-06-01T13:03:32.382-0100: 5573.624: Total time for which application threads were stopped: 0.0051203 seconds, Stopping threads took: 0.0000179 seconds
{Heap before GC invocations=53 (full 1):
 par new generation   total 109248K, used 95429K [0x00000007a0000000, 0x00000007a8000000, 0x00000007a8000000)
  eden space 87424K, 100% used [0x00000007a0000000, 0x00000007a5560000, 0x00000007a5560000)
  from space 21824K,  36% used [0x00000007a6ab0000, 0x00000007a72814b0, 0x00000007a8000000)
  to   space 21824K,   0% used [0x00000007a5560000, 0x00000007a5560000, 0x00000007a6ab0000)
 concurrent mark-sweep generation total 393216K, used 22661K [0x00000007a8000000, 0x00000007c0000000, 0x00000007c0000000)
 Metaspace       used 37763K, capacity 38810K, committed 39108K, reserved 1083392K
  class space    used 4201K, capacity 4453K, committed 4580K, reserved 1048576K
2017-06-01T13:03:32.515-0100: 5573.758: [GC (Allocation Failure) 2017-06-01T13:03:32.515-0100: 5573.758: [ParNew
Desired survivor size 20112992 bytes, new threshold 8 (max 8)
- age   1:    2397736 bytes,    2397736 total
- age   2:    1366584 bytes,    3764320 total
- age   3:     148600 bytes,    3912920 total
- age   4:     251240 bytes,    4164160 total
- age   5:     230600 bytes,    4394760 total
- age   6:     216536 bytes,    4611296 total
- age   7:     227144 bytes,    4838440 total
- age   8:     229752 bytes,    5068192 total
: 95429K->6142K(109248K), 0.0050394 secs] 118090K->29388K(502464K), 0.0051070 secs] [Times: user=0.02 sys=0.00, real=0.01 secs] 
Heap after GC invocations=54 (full 1):
 par new generation   total 109248K, used 6142K [0x00000007a0000000, 0x00000007a8000000, 0x00000007a8000000)
  eden space 87424K,   0% used [0x00000007a0000000, 0x00000007a0000000, 0x00000007a5560000)
  from space 21824K,  28% used [0x00000007a5560000, 0x00000007a5b5f9a0, 0x00000007a6ab0000)
  to   space 21824K,   0% used [0x00000007a6ab0000, 0x00000007a6ab0000, 0x00000007a8000000)
 concurrent mark-sweep generation total 393216K, used 23245K [0x00000007a8000000, 0x00000007c0000000, 0x00000007c0000000)
 Metaspace       used 37763K, capacity 38810K, committed 39108K, reserved 1083392K
  class space    used 4201K, capacity 4453K, committed 4580K, reserved 1048576K
}
2017-06-01T13:03:32.520-0100: 5573.763: Total time for which application threads were stopped: 0.0052915 seconds, Stopping threads took: 0.0000302 seconds
{Heap before GC invocations=54 (full 1):
 par new generation   total 109248K, used 93566K [0x00000007a0000000, 0x00000007a8000000, 0x00000007a8000000)
  eden space 87424K, 100% used [0x00000007a0000000, 0x00000007a5560000, 0x00000007a5560000)
  from space 21824K,  28% used [0x00000007a5560000, 0x00000007a5b5f9a0, 0x00000007a6ab0000)
  to   space 21824K,   0% used [0x00000007a6ab0000, 0x00000007a6ab0000, 0x00000007a8000000)
 concurrent mark-sweep generation total 393216K, used 23245K [0x00000007a8000000, 0x00000007c0000000, 0x00000007c0000000)
 Metaspace       used 37764K, capacity 38810K, committed 39108K, reserved 1083392K
  class space    used 4201K, capacity 4453K, committed 4580K, reserved 1048576K
2017-06-01T13:03:32.654-0100: 5573.897: [GC (Allocation Failure) 2017-06-01T13:03:32.654-0100: 5573.897: [ParNew
Desired survivor size 20112992 bytes, new threshold 8 (max 8)
- age   1:    2686728 bytes,    2686728 total
- age   2:    1318504 bytes,    4005232 total
- age   3:    1359072 bytes,    5364304 total
- age   4:     148600 bytes,    5512904 total
- age   5:     251072 bytes,    5763976 total
- age   6:     230600 bytes,    5994576 total
- age   7:     216536 bytes,    6211112 total
- age   8:     227144 bytes,    6438256 total
: 93566K->9503K(109248K), 0.0053584 secs] 116812K->32974K(502464K), 0.0054176 secs] [Times: user=0.02 sys=0.00, real=0.01 secs] 
Heap after GC invocations=55 (full 1):
 par new generation   total 109248K, used 9503K [0x00000007a0000000, 0x00000007a8000000, 0x00000007a8000000)
  eden space 87424K,   0% used [0x00000007a0000000, 0x00000007a0000000, 0x00000007a5560000)
  from space 21824K,  43% used [0x00000007a6ab0000, 0x00000007a73f7fb8, 0x00000007a8000000)
  to   space 21824K,   0% used [0x00000007a5560000, 0x00000007a5560000, 0x00000007a6ab0000)
 concurrent mark-sweep generation total 393216K, used 23470K [0x00000007a8000000, 0x00000007c0000000, 0x00000007c0000000)
 Metaspace       used 37764K, capacity 38810K, committed 39108K, reserved 1083392K
  class space    used 4201K, capacity 4453K, committed 4580K, reserved 1048576K
}
2017-06-01T13:03:32.660-0100: 5573.902: Total time for which application threads were stopped: 0.0055851 seconds, Stopping threads took: 0.0000193 seconds
{Heap before GC invocations=55 (full 1):
 par new generation   total 109248K, used 96927K [0x00000007a0000000, 0x00000007a8000000, 0x00000007a8000000)
  eden space 87424K, 100% used [0x00000007a0000000, 0x00000007a5560000, 0x00000007a5560000)
  from space 21824K,  43% used [0x00000007a6ab0000, 0x00000007a73f7fb8, 0x00000007a8000000)
  to   space 21824K,   0% used [0x00000007a5560000, 0x00000007a5560000, 0x00000007a6ab0000)
 concurrent mark-sweep generation total 393216K, used 23470K [0x00000007a8000000, 0x00000007c0000000, 0x00000007c0000000)
 Metaspace       used 37764K, capacity 38810K, committed 39108K, reserved 1083392K
  class space    used 4201K, capacity 4453K, committed 4580K, reserved 1048576K
2017-06-01T13:03:32.791-0100: 5574.033: [GC (Allocation Failure) 2017-06-01T13:03:32.791-0100: 5574.033: [ParNew
Desired survivor size 20112992 bytes, new threshold 8 (max 8)
- age   1:    3351712 bytes,    3351712 total
- age   2:    1251624 bytes,    4603336 total
- age   3:    1024160 bytes,    5627496 total
- age   4:    1359320 bytes,    6986816 total
- age   5:     148600 bytes,    7135416 total
- age   6:     251072 bytes,    7386488 total
- age   7:     230600 bytes,    7617088 total
- age   8:     216536 bytes,    7833624 total
: 96927K->9588K(109248K), 0.0048475 secs] 120398K->33280K(502464K), 0.0049317 secs] [Times: user=0.02 sys=0.00, real=0.00 secs] 
Heap after GC invocations=56 (full 1):
 par new generation   total 109248K, used 9588K [0x00000007a0000000, 0x00000007a8000000, 0x00000007a8000000)
  eden space 87424K,   0% used [0x00000007a0000000, 0x00000007a0000000, 0x00000007a5560000)
  from space 21824K,  43% used [0x00000007a5560000, 0x00000007a5ebd320, 0x00000007a6ab0000)
  to   space 21824K,   0% used [0x00000007a6ab0000, 0x00000007a6ab0000, 0x00000007a8000000)
 concurrent mark-sweep generation total 393216K, used 23691K [0x00000007a8000000, 0x00000007c0000000, 0x00000007c0000000)
 Metaspace       used 37764K, capacity 38810K, committed 39108K, reserved 1083392K
  class space    used 4201K, capacity 4453K, committed 4580K, reserved 1048576K
}
2017-06-01T13:03:32.796-0100: 5574.038: Total time for which application threads were stopped: 0.0051307 seconds, Stopping threads took: 0.0000217 seconds
{Heap before GC invocations=56 (full 1):
 par new generation   total 109248K, used 97012K [0x00000007a0000000, 0x00000007a8000000, 0x00000007a8000000)
  eden space 87424K, 100% used [0x00000007a0000000, 0x00000007a5560000, 0x00000007a5560000)
  from space 21824K,  43% used [0x00000007a5560000, 0x00000007a5ebd320, 0x00000007a6ab0000)
  to   space 21824K,   0% used [0x00000007a6ab0000, 0x00000007a6ab0000, 0x00000007a8000000)
 concurrent mark-sweep generation total 393216K, used 23691K [0x00000007a8000000, 0x00000007c0000000, 0x00000007c0000000)
 Metaspace       used 37764K, capacity 38810K, committed 39108K, reserved 1083392K
  class space    used 4201K, capacity 4453K, committed 4580K, reserved 1048576K
2017-06-01T13:03:32.925-0100: 5574.167: [GC (Allocation Failure) 2017-06-01T13:03:32.925-0100: 5574.167: [ParNew
Desired survivor size 20112992 bytes, new threshold 8 (max 8)
- age   1:    3173520 bytes,    3173520 total
- age   2:    1509096 bytes,    4682616 total
- age   3:    1216128 bytes,    5898744 total
- age   4:    1022000 bytes,    6920744 total
- age   5:    1391048 bytes,    8311792 total
- age   6:     148600 bytes,    8460392 total
- age   7:     251072 bytes,    8711464 total
- age   8:     230600 bytes,    8942064 total
: 97012K->12170K(109248K), 0.0048140 secs] 120704K->36074K(502464K), 0.0048706 secs] [Times: user=0.01 sys=0.00, real=0.01 secs] 
Heap after GC invocations=57 (full 1):
 par new generation   total 109248K, used 12170K [0x00000007a0000000, 0x00000007a8000000, 0x00000007a8000000)
  eden space 87424K,   0% used [0x00000007a0000000, 0x00000007a0000000, 0x00000007a5560000)
  from space 21824K,  55% used [0x00000007a6ab0000, 0x00000007a7692b40, 0x00000007a8000000)
  to   space 21824K,   0% used [0x00000007a5560000, 0x00000007a5560000, 0x00000007a6ab0000)
 concurrent mark-sweep generation total 393216K, used 23903K [0x00000007a8000000, 0x00000007c0000000, 0x00000007c0000000)
 Metaspace       used 37764K, capacity 38810K, committed 39108K, reserved 1083392K
  class space    used 4201K, capacity 4453K, committed 4580K, reserved 1048576K
}
2017-06-01T13:03:32.930-0100: 5574.172: Total time for which application threads were stopped: 0.0050257 seconds, Stopping threads took: 0.0000171 seconds
{Heap before GC invocations=57 (full 1):
 par new generation   total 109248K, used 99594K [0x00000007a0000000, 0x00000007a8000000, 0x00000007a8000000)
  eden space 87424K, 100% used [0x00000007a0000000, 0x00000007a5560000, 0x00000007a5560000)
  from space 21824K,  55% used [0x00000007a6ab0000, 0x00000007a7692b40, 0x00000007a8000000)
  to   space 21824K,   0% used [0x00000007a5560000, 0x00000007a5560000, 0x00000007a6ab0000)
 concurrent mark-sweep generation total 393216K, used 23903K [0x00000007a8000000, 0x00000007c0000000, 0x00000007c0000000)
 Metaspace       used 37764K, capacity 38810K, committed 39108K, reserved 1083392K
  class space    used 4201K, capacity 4453K, committed 4580K, reserved 1048576K
2017-06-01T13:03:33.063-0100: 5574.306: [GC (Allocation Failure) 2017-06-01T13:03:33.064-0100: 5574.306: [ParNew
Desired survivor size 20112992 bytes, new threshold 8 (max 8)
- age   1:    3463080 bytes,    3463080 total
- age   2:    1049912 bytes,    4512992 total
- age   3:    1509096 bytes,    6022088 total
- age   4:    1134144 bytes,    7156232 total
- age   5:    1022000 bytes,    8178232 total
- age   6:    1358264 bytes,    9536496 total
- age   7:     148600 bytes,    9685096 total
- age   8:     250904 bytes,    9936000 total
: 99594K->13156K(109248K), 0.0046207 secs] 123498K->37284K(502464K), 0.0046921 secs] [Times: user=0.02 sys=0.00, real=0.00 secs] 
Heap after GC invocations=58 (full 1):
 par new generation   total 109248K, used 13156K [0x00000007a0000000, 0x00000007a8000000, 0x00000007a8000000)
  eden space 87424K,   0% used [0x00000007a0000000, 0x00000007a0000000, 0x00000007a5560000)
  from space 21824K,  60% used [0x00000007a5560000, 0x00000007a6239058, 0x00000007a6ab0000)
  to   space 21824K,   0% used [0x00000007a6ab0000, 0x00000007a6ab0000, 0x00000007a8000000)
 concurrent mark-sweep generation total 393216K, used 24128K [0x00000007a8000000, 0x00000007c0000000, 0x00000007c0000000)
 Metaspace       used 37764K, capacity 38810K, committed 39108K, reserved 1083392K
  class space    used 4201K, capacity 4453K, committed 4580K, reserved 1048576K
}
2017-06-01T13:03:33.068-0100: 5574.311: Total time for which application threads were stopped: 0.0048426 seconds, Stopping threads took: 0.0000155 seconds
{Heap before GC invocations=58 (full 1):
 par new generation   total 109248K, used 100580K [0x00000007a0000000, 0x00000007a8000000, 0x00000007a8000000)
  eden space 87424K, 100% used [0x00000007a0000000, 0x00000007a5560000, 0x00000007a5560000)
  from space 21824K,  60% used [0x00000007a5560000, 0x00000007a6239058, 0x00000007a6ab0000)
  to   space 21824K,   0% used [0x00000007a6ab0000, 0x00000007a6ab0000, 0x00000007a8000000)
 concurrent mark-sweep generation total 393216K, used 24128K [0x00000007a8000000, 0x00000007c0000000, 0x00000007c0000000)
 Metaspace       used 37764K, capacity 38810K, committed 39108K, reserved 1083392K
  class space    used 4201K, capacity 4453K, committed 4580K, reserved 1048576K
2017-06-01T13:03:33.207-0100: 5574.449: [GC (Allocation Failure) 2017-06-01T13:03:33.207-0100: 5574.450: [ParNew
Desired survivor size 20112992 bytes, new threshold 8 (max 8)
- age   1:    4677192 bytes,    4677192 total
- age   2:    1055952 bytes,    5733144 total
- age   3:     969288 bytes,    6702432 total
- age   4:    1246920 bytes,    7949352 total
- age   5:    1003040 bytes,    8952392 total
- age   6:    1022000 bytes,    9974392 total
- age   7:    1358264 bytes,   11332656 total
- age   8:     148600 bytes,   11481256 total
: 100580K->13934K(109248K), 0.0048330 secs] 124708K->38307K(502464K), 0.0049010 secs] [Times: user=0.02 sys=0.00, real=0.01 secs] 
Heap after GC invocations=59 (full 1):
 par new generation   total 109248K, used 13934K [0x00000007a0000000, 0x00000007a8000000, 0x00000007a8000000)
  eden space 87424K,   0% used [0x00000007a0000000, 0x00000007a0000000, 0x00000007a5560000)
  from space 21824K,  63% used [0x00000007a6ab0000, 0x00000007a784b830, 0x00000007a8000000)
  to   space 21824K,   0% used [0x00000007a5560000, 0x00000007a5560000, 0x00000007a6ab0000)
 concurrent mark-sweep generation total 393216K, used 24373K [0x00000007a8000000, 0x00000007c0000000, 0x00000007c0000000)
 Metaspace       used 37764K, capacity 38810K, committed 39108K, reserved 1083392K
  class space    used 4201K, capacity 4453K, committed 4580K, reserved 1048576K
}
2017-06-01T13:03:33.212-0100: 5574.454: Total time for which application threads were stopped: 0.0050886 seconds, Stopping threads took: 0.0000210 seconds
{Heap before GC invocations=59 (full 1):
 par new generation   total 109248K, used 101358K [0x00000007a0000000, 0x00000007a8000000, 0x00000007a8000000)
  eden space 87424K, 100% used [0x00000007a0000000, 0x00000007a5560000, 0x00000007a5560000)
  from space 21824K,  63% used [0x00000007a6ab0000, 0x00000007a784b830, 0x00000007a8000000)
  to   space 21824K,   0% used [0x00000007a5560000, 0x00000007a5560000, 0x00000007a6ab0000)
 concurrent mark-sweep generation total 393216K, used 24373K [0x00000007a8000000, 0x00000007c0000000, 0x00000007c0000000)
 Metaspace       used 37764K, capacity 38810K, committed 39108K, reserved 1083392K
  class space    used 4201K, capacity 4453K, committed 4580K, reserved 1048576K
2017-06-01T13:03:33.353-0100: 5574.596: [GC (Allocation Failure) 2017-06-01T13:03:33.353-0100: 5574.596: [ParNew
Desired survivor size 20112992 bytes, new threshold 8 (max 8)
- age   1:    4483336 bytes,    4483336 total
- age   2:    2034584 bytes,    6517920 total
- age   3:    1055952 bytes,    7573872 total
- age   4:     969184 bytes,    8543056 total
- age   5:     984760 bytes,    9527816 total
- age   6:     953856 bytes,   10481672 total
- age   7:     989216 bytes,   11470888 total
- age   8:    1358264 bytes,   12829152 total
: 101358K->15947K(109248K), 0.0062673 secs] 125731K->40465K(502464K), 0.0063509 secs] [Times: user=0.03 sys=0.01, real=0.01 secs] 
Heap after GC invocations=60 (full 1):
 par new generation   total 109248K, used 15947K [0x00000007a0000000, 0x00000007a8000000, 0x00000007a8000000)
  eden space 87424K,   0% used [0x00000007a0000000, 0x00000007a0000000, 0x00000007a5560000)
  from space 21824K,  73% used [0x00000007a5560000, 0x00000007a64f2c98, 0x00000007a6ab0000)
  to   space 21824K,   0% used [0x00000007a6ab0000, 0x00000007a6ab0000, 0x00000007a8000000)
 concurrent mark-sweep generation total 393216K, used 24518K [0x00000007a8000000, 0x00000007c0000000, 0x00000007c0000000)
 Metaspace       used 37764K, capacity 38810K, committed 39108K, reserved 1083392K
  class space    used 4201K, capacity 4453K, committed 4580K, reserved 1048576K
}
2017-06-01T13:03:33.360-0100: 5574.602: Total time for which application threads were stopped: 0.0065563 seconds, Stopping threads took: 0.0000203 seconds
{Heap before GC invocations=60 (full 1):
 par new generation   total 109248K, used 103371K [0x00000007a0000000, 0x00000007a8000000, 0x00000007a8000000)
  eden space 87424K, 100% used [0x00000007a0000000, 0x00000007a5560000, 0x00000007a5560000)
  from space 21824K,  73% used [0x00000007a5560000, 0x00000007a64f2c98, 0x00000007a6ab0000)
  to   space 21824K,   0% used [0x00000007a6ab0000, 0x00000007a6ab0000, 0x00000007a8000000)
 concurrent mark-sweep generation total 393216K, used 24518K [0x00000007a8000000, 0x00000007c0000000, 0x00000007c0000000)
 Metaspace       used 37777K, capacity 38810K, committed 39108K, reserved 1083392K
  class space    used 4201K, capacity 4453K, committed 4580K, reserved 1048576K
2017-06-01T13:03:33.515-0100: 5574.758: [GC (Allocation Failure) 2017-06-01T13:03:33.515-0100: 5574.758: [ParNew
Desired survivor size 20112992 bytes, new threshold 8 (max 8)
- age   1:     328152 bytes,     328152 total
- age   2:    4368752 bytes,    4696904 total
- age   3:    1980424 bytes,    6677328 total
- age   4:    1000880 bytes,    7678208 total
- age   5:     937312 bytes,    8615520 total
- age   6:     930248 bytes,    9545768 total
- age   7:     899504 bytes,   10445272 total
- age   8:     958064 bytes,   11403336 total
: 103371K->17511K(109248K), 0.0064953 secs] 127889K->43044K(502464K), 0.0065504 secs] [Times: user=0.03 sys=0.00, real=0.01 secs] 
Heap after GC invocations=61 (full 1):
 par new generation   total 109248K, used 17511K [0x00000007a0000000, 0x00000007a8000000, 0x00000007a8000000)
  eden space 87424K,   0% used [0x00000007a0000000, 0x00000007a0000000, 0x00000007a5560000)
  from space 21824K,  80% used [0x00000007a6ab0000, 0x00000007a7bc9f60, 0x00000007a8000000)
  to   space 21824K,   0% used [0x00000007a5560000, 0x00000007a5560000, 0x00000007a6ab0000)
 concurrent mark-sweep generation total 393216K, used 25533K [0x00000007a8000000, 0x00000007c0000000, 0x00000007c0000000)
 Metaspace       used 37777K, capacity 38810K, committed 39108K, reserved 1083392K
  class space    used 4201K, capacity 4453K, committed 4580K, reserved 1048576K
}
2017-06-01T13:03:33.522-0100: 5574.765: Total time for which application threads were stopped: 0.0067713 seconds, Stopping threads took: 0.0000208 seconds
2017-06-01T13:03:34.523-0100: 5575.766: Total time for which application threads were stopped: 0.0001254 seconds, Stopping threads took: 0.0000246 seconds
2017-06-01T13:03:42.820-0100: 5584.063: Total time for which application threads were stopped: 0.0001042 seconds, Stopping threads took: 0.0000311 seconds
2017-06-01T13:03:42.821-0100: 5584.063: Total time for which application threads were stopped: 0.0001047 seconds, Stopping threads took: 0.0000131 seconds
2017-06-01T13:03:42.821-0100: 5584.063: Total time for which application threads were stopped: 0.0000683 seconds, Stopping threads took: 0.0000096 seconds
2017-06-01T13:03:42.822-0100: 5584.064: Total time for which application threads were stopped: 0.0001272 seconds, Stopping threads took: 0.0000146 seconds
2017-06-01T13:03:42.822-0100: 5584.065: Total time for which application threads were stopped: 0.0001082 seconds, Stopping threads took: 0.0000143 seconds
2017-06-01T13:03:42.823-0100: 5584.065: Total time for which application threads were stopped: 0.0000746 seconds, Stopping threads took: 0.0000098 seconds
2017-06-01T13:03:42.823-0100: 5584.065: Total time for which application threads were stopped: 0.0000828 seconds, Stopping threads took: 0.0000216 seconds
2017-06-01T13:03:50.839-0100: 5592.082: Total time for which application threads were stopped: 0.0000866 seconds, Stopping threads took: 0.0000196 seconds
2017-06-01T13:11:36.764-0100: 6058.003: Total time for which application threads were stopped: 0.0002066 seconds, Stopping threads took: 0.0000441 seconds
2017-06-01T13:11:36.777-0100: 6058.016: Total time for which application threads were stopped: 0.0001651 seconds, Stopping threads took: 0.0000424 seconds
2017-06-01T13:11:36.777-0100: 6058.017: Total time for which application threads were stopped: 0.0001163 seconds, Stopping threads took: 0.0000126 seconds
2017-06-01T13:11:36.787-0100: 6058.026: Total time for which application threads were stopped: 0.0001186 seconds, Stopping threads took: 0.0000244 seconds
2017-06-01T13:11:36.787-0100: 6058.026: Total time for which application threads were stopped: 0.0000681 seconds, Stopping threads took: 0.0000105 seconds
2017-06-01T13:11:36.809-0100: 6058.048: Total time for which application threads were stopped: 0.0001373 seconds, Stopping threads took: 0.0000367 seconds
2017-06-01T13:11:36.809-0100: 6058.049: Total time for which application threads were stopped: 0.0001076 seconds, Stopping threads took: 0.0000288 seconds
2017-06-01T13:11:36.809-0100: 6058.049: Total time for which application threads were stopped: 0.0001107 seconds, Stopping threads took: 0.0000283 seconds
2017-06-01T13:11:36.810-0100: 6058.049: Total time for which application threads were stopped: 0.0001482 seconds, Stopping threads took: 0.0000874 seconds
2017-06-01T13:11:36.810-0100: 6058.049: Total time for which application threads were stopped: 0.0000605 seconds, Stopping threads took: 0.0000087 seconds
2017-06-01T13:11:36.810-0100: 6058.050: Total time for which application threads were stopped: 0.0000910 seconds, Stopping threads took: 0.0000258 seconds
2017-06-01T13:11:36.810-0100: 6058.050: Total time for which application threads were stopped: 0.0001296 seconds, Stopping threads took: 0.0000684 seconds
2017-06-01T13:11:36.811-0100: 6058.050: Total time for which application threads were stopped: 0.0001097 seconds, Stopping threads took: 0.0000582 seconds
2017-06-01T13:11:36.811-0100: 6058.050: Total time for which application threads were stopped: 0.0001238 seconds, Stopping threads took: 0.0000489 seconds
2017-06-01T13:11:36.811-0100: 6058.050: Total time for which application threads were stopped: 0.0000776 seconds, Stopping threads took: 0.0000087 seconds
2017-06-01T13:11:36.811-0100: 6058.050: Total time for which application threads were stopped: 0.0000902 seconds, Stopping threads took: 0.0000214 seconds
2017-06-01T13:11:36.811-0100: 6058.051: Total time for which application threads were stopped: 0.0000790 seconds, Stopping threads took: 0.0000098 seconds
2017-06-01T13:11:36.811-0100: 6058.051: Total time for which application threads were stopped: 0.0000882 seconds, Stopping threads took: 0.0000220 seconds
2017-06-01T13:11:36.812-0100: 6058.051: Total time for which application threads were stopped: 0.0000980 seconds, Stopping threads took: 0.0000137 seconds
2017-06-01T13:11:36.812-0100: 6058.051: Total time for which application threads were stopped: 0.0000907 seconds, Stopping threads took: 0.0000130 seconds
2017-06-01T13:11:36.818-0100: 6058.057: Total time for which application threads were stopped: 0.0001529 seconds, Stopping threads took: 0.0000231 seconds
2017-06-01T13:11:36.818-0100: 6058.057: Total time for which application threads were stopped: 0.0001000 seconds, Stopping threads took: 0.0000114 seconds
2017-06-01T13:11:36.827-0100: 6058.067: Total time for which application threads were stopped: 0.0001107 seconds, Stopping threads took: 0.0000227 seconds
2017-06-01T13:11:36.827-0100: 6058.067: Total time for which application threads were stopped: 0.0000749 seconds, Stopping threads took: 0.0000130 seconds
2017-06-01T13:11:37.975-0100: 6059.214: Total time for which application threads were stopped: 0.0000899 seconds, Stopping threads took: 0.0000150 seconds
{Heap before GC invocations=61 (full 1):
 par new generation   total 109248K, used 104933K [0x00000007a0000000, 0x00000007a8000000, 0x00000007a8000000)
  eden space 87424K,  99% used [0x00000007a0000000, 0x00000007a555f758, 0x00000007a5560000)
  from space 21824K,  80% used [0x00000007a6ab0000, 0x00000007a7bc9f60, 0x00000007a8000000)
  to   space 21824K,   0% used [0x00000007a5560000, 0x00000007a5560000, 0x00000007a6ab0000)
 concurrent mark-sweep generation total 393216K, used 25533K [0x00000007a8000000, 0x00000007c0000000, 0x00000007c0000000)
 Metaspace       used 37787K, capacity 38810K, committed 39108K, reserved 1083392K
  class space    used 4201K, capacity 4453K, committed 4580K, reserved 1048576K
2017-06-01T13:11:38.017-0100: 6059.256: [GC (Allocation Failure) 2017-06-01T13:11:38.017-0100: 6059.256: [ParNew
Desired survivor size 20112992 bytes, new threshold 8 (max 8)
- age   1:    1563520 bytes,    1563520 total
- age   2:     176304 bytes,    1739824 total
- age   3:    4287448 bytes,    6027272 total
- age   4:    1900552 bytes,    7927824 total
- age   5:     917376 bytes,    8845200 total
- age   6:     856160 bytes,    9701360 total
- age   7:     848632 bytes,   10549992 total
- age   8:     818736 bytes,   11368728 total
: 104933K->14603K(109248K), 0.0064673 secs] 130466K->40993K(502464K), 0.0065317 secs] [Times: user=0.03 sys=0.00, real=0.01 secs] 
Heap after GC invocations=62 (full 1):
 par new generation   total 109248K, used 14603K [0x00000007a0000000, 0x00000007a8000000, 0x00000007a8000000)
  eden space 87424K,   0% used [0x00000007a0000000, 0x00000007a0000000, 0x00000007a5560000)
  from space 21824K,  66% used [0x00000007a5560000, 0x00000007a63a2dd0, 0x00000007a6ab0000)
  to   space 21824K,   0% used [0x00000007a6ab0000, 0x00000007a6ab0000, 0x00000007a8000000)
 concurrent mark-sweep generation total 393216K, used 26390K [0x00000007a8000000, 0x00000007c0000000, 0x00000007c0000000)
 Metaspace       used 37787K, capacity 38810K, committed 39108K, reserved 1083392K
  class space    used 4201K, capacity 4453K, committed 4580K, reserved 1048576K
}
2017-06-01T13:11:38.023-0100: 6059.263: Total time for which application threads were stopped: 0.0067051 seconds, Stopping threads took: 0.0000179 seconds
2017-06-01T13:11:38.024-0100: 6059.263: Total time for which application threads were stopped: 0.0001894 seconds, Stopping threads took: 0.0000708 seconds
2017-06-01T13:11:38.039-0100: 6059.279: Total time for which application threads were stopped: 0.0002379 seconds, Stopping threads took: 0.0000204 seconds
2017-06-01T13:11:38.223-0100: 6059.463: Total time for which application threads were stopped: 0.0001468 seconds, Stopping threads took: 0.0000292 seconds
2017-06-01T13:11:38.224-0100: 6059.463: Total time for which application threads were stopped: 0.0001335 seconds, Stopping threads took: 0.0000578 seconds
2017-06-01T13:11:38.224-0100: 6059.463: Total time for which application threads were stopped: 0.0000564 seconds, Stopping threads took: 0.0000085 seconds
2017-06-01T13:11:38.224-0100: 6059.463: Total time for which application threads were stopped: 0.0000734 seconds, Stopping threads took: 0.0000106 seconds
2017-06-01T13:11:38.224-0100: 6059.463: Total time for which application threads were stopped: 0.0000766 seconds, Stopping threads took: 0.0000178 seconds
2017-06-01T13:11:38.224-0100: 6059.464: Total time for which application threads were stopped: 0.0000719 seconds, Stopping threads took: 0.0000110 seconds
2017-06-01T13:11:38.224-0100: 6059.464: Total time for which application threads were stopped: 0.0000534 seconds, Stopping threads took: 0.0000074 seconds
2017-06-01T13:11:38.224-0100: 6059.464: Total time for which application threads were stopped: 0.0000833 seconds, Stopping threads took: 0.0000119 seconds
2017-06-01T13:11:38.225-0100: 6059.464: Total time for which application threads were stopped: 0.0000712 seconds, Stopping threads took: 0.0000199 seconds
2017-06-01T13:11:38.225-0100: 6059.464: Total time for which application threads were stopped: 0.0000694 seconds, Stopping threads took: 0.0000095 seconds
2017-06-01T13:11:38.225-0100: 6059.464: Total time for which application threads were stopped: 0.0000679 seconds, Stopping threads took: 0.0000175 seconds
2017-06-01T13:11:38.225-0100: 6059.464: Total time for which application threads were stopped: 0.0000869 seconds, Stopping threads took: 0.0000382 seconds
2017-06-01T13:11:38.228-0100: 6059.467: Total time for which application threads were stopped: 0.0001007 seconds, Stopping threads took: 0.0000262 seconds
2017-06-01T13:11:38.228-0100: 6059.468: Total time for which application threads were stopped: 0.0001324 seconds, Stopping threads took: 0.0000679 seconds
2017-06-01T13:11:38.230-0100: 6059.469: Total time for which application threads were stopped: 0.0001240 seconds, Stopping threads took: 0.0000444 seconds
2017-06-01T13:11:38.230-0100: 6059.469: Total time for which application threads were stopped: 0.0000958 seconds, Stopping threads took: 0.0000383 seconds
2017-06-01T13:11:38.232-0100: 6059.472: Total time for which application threads were stopped: 0.0001833 seconds, Stopping threads took: 0.0000971 seconds
2017-06-01T13:11:38.234-0100: 6059.474: Total time for which application threads were stopped: 0.0001806 seconds, Stopping threads took: 0.0001083 seconds
2017-06-01T13:11:38.242-0100: 6059.481: Total time for which application threads were stopped: 0.0002099 seconds, Stopping threads took: 0.0001011 seconds
2017-06-01T13:11:38.242-0100: 6059.482: Total time for which application threads were stopped: 0.0001701 seconds, Stopping threads took: 0.0000965 seconds
2017-06-01T13:11:38.317-0100: 6059.557: Total time for which application threads were stopped: 0.0000837 seconds, Stopping threads took: 0.0000142 seconds
2017-06-01T13:11:38.317-0100: 6059.557: Total time for which application threads were stopped: 0.0000461 seconds, Stopping threads took: 0.0000061 seconds
2017-06-01T13:11:38.318-0100: 6059.557: Total time for which application threads were stopped: 0.0000631 seconds, Stopping threads took: 0.0000071 seconds
2017-06-01T13:11:38.318-0100: 6059.557: Total time for which application threads were stopped: 0.0000393 seconds, Stopping threads took: 0.0000070 seconds
2017-06-01T13:11:38.318-0100: 6059.557: Total time for which application threads were stopped: 0.0000456 seconds, Stopping threads took: 0.0000186 seconds
2017-06-01T13:11:38.318-0100: 6059.557: Total time for which application threads were stopped: 0.0000378 seconds, Stopping threads took: 0.0000058 seconds
2017-06-01T13:11:38.318-0100: 6059.557: Total time for which application threads were stopped: 0.0000416 seconds, Stopping threads took: 0.0000153 seconds
2017-06-01T13:11:38.318-0100: 6059.557: Total time for which application threads were stopped: 0.0000286 seconds, Stopping threads took: 0.0000066 seconds
2017-06-01T13:11:38.318-0100: 6059.557: Total time for which application threads were stopped: 0.0000752 seconds, Stopping threads took: 0.0000330 seconds
2017-06-01T13:11:38.318-0100: 6059.557: Total time for which application threads were stopped: 0.0000632 seconds, Stopping threads took: 0.0000245 seconds
2017-06-01T13:11:38.318-0100: 6059.558: Total time for which application threads were stopped: 0.0000453 seconds, Stopping threads took: 0.0000087 seconds
2017-06-01T13:11:38.318-0100: 6059.558: Total time for which application threads were stopped: 0.0000418 seconds, Stopping threads took: 0.0000149 seconds
2017-06-01T13:11:38.318-0100: 6059.558: Total time for which application threads were stopped: 0.0000305 seconds, Stopping threads took: 0.0000057 seconds
2017-06-01T13:11:38.318-0100: 6059.558: Total time for which application threads were stopped: 0.0000582 seconds, Stopping threads took: 0.0000303 seconds
2017-06-01T13:11:38.318-0100: 6059.558: Total time for which application threads were stopped: 0.0000625 seconds, Stopping threads took: 0.0000261 seconds
2017-06-01T13:11:38.319-0100: 6059.558: Total time for which application threads were stopped: 0.0000393 seconds, Stopping threads took: 0.0000109 seconds
2017-06-01T13:11:38.319-0100: 6059.558: Total time for which application threads were stopped: 0.0000321 seconds, Stopping threads took: 0.0000055 seconds
2017-06-01T13:11:38.319-0100: 6059.558: Total time for which application threads were stopped: 0.0000862 seconds, Stopping threads took: 0.0000052 seconds
2017-06-01T13:11:38.319-0100: 6059.558: Total time for which application threads were stopped: 0.0000526 seconds, Stopping threads took: 0.0000147 seconds
2017-06-01T13:11:38.319-0100: 6059.558: Total time for which application threads were stopped: 0.0000347 seconds, Stopping threads took: 0.0000062 seconds
2017-06-01T13:11:39.265-0100: 6060.504: Total time for which application threads were stopped: 0.0001512 seconds, Stopping threads took: 0.0000227 seconds
2017-06-01T13:11:39.272-0100: 6060.511: Total time for which application threads were stopped: 0.0001725 seconds, Stopping threads took: 0.0000364 seconds
2017-06-01T13:11:39.272-0100: 6060.511: Total time for which application threads were stopped: 0.0001195 seconds, Stopping threads took: 0.0000147 seconds
2017-06-01T13:11:39.280-0100: 6060.520: Total time for which application threads were stopped: 0.0001096 seconds, Stopping threads took: 0.0000231 seconds
2017-06-01T13:11:39.280-0100: 6060.520: Total time for which application threads were stopped: 0.0000723 seconds, Stopping threads took: 0.0000188 seconds
2017-06-01T13:11:40.729-0100: 6061.968: Total time for which application threads were stopped: 0.0003096 seconds, Stopping threads took: 0.0000353 seconds
2017-06-01T13:11:40.729-0100: 6061.969: Total time for which application threads were stopped: 0.0002071 seconds, Stopping threads took: 0.0000991 seconds
2017-06-01T13:11:40.730-0100: 6061.969: Total time for which application threads were stopped: 0.0000882 seconds, Stopping threads took: 0.0000136 seconds
2017-06-01T13:11:40.730-0100: 6061.969: Total time for which application threads were stopped: 0.0001497 seconds, Stopping threads took: 0.0000644 seconds
2017-06-01T13:11:40.731-0100: 6061.970: Total time for which application threads were stopped: 0.0001403 seconds, Stopping threads took: 0.0000176 seconds
2017-06-01T13:11:40.731-0100: 6061.970: Total time for which application threads were stopped: 0.0003512 seconds, Stopping threads took: 0.0000908 seconds
2017-06-01T13:11:40.735-0100: 6061.974: Total time for which application threads were stopped: 0.0002519 seconds, Stopping threads took: 0.0000749 seconds
2017-06-01T13:11:40.735-0100: 6061.975: Total time for which application threads were stopped: 0.0001700 seconds, Stopping threads took: 0.0000344 seconds
2017-06-01T13:11:40.736-0100: 6061.975: Total time for which application threads were stopped: 0.0001333 seconds, Stopping threads took: 0.0000154 seconds
2017-06-01T13:11:40.736-0100: 6061.975: Total time for which application threads were stopped: 0.0000841 seconds, Stopping threads took: 0.0000111 seconds
2017-06-01T13:11:40.736-0100: 6061.976: Total time for which application threads were stopped: 0.0000692 seconds, Stopping threads took: 0.0000103 seconds
2017-06-01T13:11:40.736-0100: 6061.976: Total time for which application threads were stopped: 0.0001039 seconds, Stopping threads took: 0.0000125 seconds
2017-06-01T13:11:40.736-0100: 6061.976: Total time for which application threads were stopped: 0.0000889 seconds, Stopping threads took: 0.0000087 seconds
2017-06-01T13:11:40.737-0100: 6061.976: Total time for which application threads were stopped: 0.0001225 seconds, Stopping threads took: 0.0000277 seconds
2017-06-01T13:11:40.737-0100: 6061.976: Total time for which application threads were stopped: 0.0000965 seconds, Stopping threads took: 0.0000099 seconds
2017-06-01T13:11:40.737-0100: 6061.977: Total time for which application threads were stopped: 0.0001132 seconds, Stopping threads took: 0.0000300 seconds
2017-06-01T13:11:40.738-0100: 6061.977: Total time for which application threads were stopped: 0.0000952 seconds, Stopping threads took: 0.0000275 seconds
2017-06-01T13:11:40.740-0100: 6061.979: Total time for which application threads were stopped: 0.0002157 seconds, Stopping threads took: 0.0000554 seconds
2017-06-01T13:11:40.740-0100: 6061.980: Total time for which application threads were stopped: 0.0001023 seconds, Stopping threads took: 0.0000113 seconds
2017-06-01T13:11:40.744-0100: 6061.983: Total time for which application threads were stopped: 0.0001869 seconds, Stopping threads took: 0.0000354 seconds
2017-06-01T13:11:40.744-0100: 6061.984: Total time for which application threads were stopped: 0.0001496 seconds, Stopping threads took: 0.0000316 seconds
2017-06-01T13:11:40.751-0100: 6061.990: Total time for which application threads were stopped: 0.0001379 seconds, Stopping threads took: 0.0000242 seconds
2017-06-01T13:11:40.751-0100: 6061.990: Total time for which application threads were stopped: 0.0000951 seconds, Stopping threads took: 0.0000135 seconds
2017-06-01T13:11:40.754-0100: 6061.994: Total time for which application threads were stopped: 0.0001090 seconds, Stopping threads took: 0.0000227 seconds
2017-06-01T13:11:40.754-0100: 6061.994: Total time for which application threads were stopped: 0.0000727 seconds, Stopping threads took: 0.0000121 seconds
2017-06-01T13:11:41.910-0100: 6063.149: Total time for which application threads were stopped: 0.0001282 seconds, Stopping threads took: 0.0000192 seconds
2017-06-01T13:11:41.910-0100: 6063.149: Total time for which application threads were stopped: 0.0000939 seconds, Stopping threads took: 0.0000121 seconds
2017-06-01T13:11:41.918-0100: 6063.157: Total time for which application threads were stopped: 0.0000831 seconds, Stopping threads took: 0.0000184 seconds
2017-06-01T13:11:41.918-0100: 6063.158: Total time for which application threads were stopped: 0.0000479 seconds, Stopping threads took: 0.0000083 seconds
2017-06-01T13:11:42.923-0100: 6064.162: Total time for which application threads were stopped: 0.0002185 seconds, Stopping threads took: 0.0000946 seconds
2017-06-01T13:11:51.817-0100: 6073.057: Total time for which application threads were stopped: 0.0001002 seconds, Stopping threads took: 0.0000176 seconds
2017-06-01T13:12:40.755-0100: 6121.994: Total time for which application threads were stopped: 0.0002116 seconds, Stopping threads took: 0.0000313 seconds
2017-06-01T13:13:29.898-0100: 6171.136: Total time for which application threads were stopped: 0.0001206 seconds, Stopping threads took: 0.0000255 seconds
2017-06-01T13:14:01.324-0100: 6202.563: Total time for which application threads were stopped: 0.0001745 seconds, Stopping threads took: 0.0000270 seconds
2017-06-01T13:14:01.324-0100: 6202.563: Total time for which application threads were stopped: 0.0000992 seconds, Stopping threads took: 0.0000109 seconds
2017-06-01T13:14:01.333-0100: 6202.571: Total time for which application threads were stopped: 0.0001098 seconds, Stopping threads took: 0.0000237 seconds
2017-06-01T13:14:01.333-0100: 6202.572: Total time for which application threads were stopped: 0.0000567 seconds, Stopping threads took: 0.0000103 seconds
2017-06-01T13:14:01.369-0100: 6202.608: Total time for which application threads were stopped: 0.0001651 seconds, Stopping threads took: 0.0000178 seconds
2017-06-01T13:14:01.369-0100: 6202.608: Total time for which application threads were stopped: 0.0000801 seconds, Stopping threads took: 0.0000116 seconds
2017-06-01T13:14:01.377-0100: 6202.615: Total time for which application threads were stopped: 0.0000865 seconds, Stopping threads took: 0.0000181 seconds
2017-06-01T13:14:01.377-0100: 6202.616: Total time for which application threads were stopped: 0.0000565 seconds, Stopping threads took: 0.0000104 seconds
{Heap before GC invocations=62 (full 1):
 par new generation   total 109248K, used 102027K [0x00000007a0000000, 0x00000007a8000000, 0x00000007a8000000)
  eden space 87424K, 100% used [0x00000007a0000000, 0x00000007a5560000, 0x00000007a5560000)
  from space 21824K,  66% used [0x00000007a5560000, 0x00000007a63a2dd0, 0x00000007a6ab0000)
  to   space 21824K,   0% used [0x00000007a6ab0000, 0x00000007a6ab0000, 0x00000007a8000000)
 concurrent mark-sweep generation total 393216K, used 26390K [0x00000007a8000000, 0x00000007c0000000, 0x00000007c0000000)
 Metaspace       used 37807K, capacity 38810K, committed 39108K, reserved 1083392K
  class space    used 4201K, capacity 4453K, committed 4580K, reserved 1048576K
2017-06-01T13:14:02.838-0100: 6204.077: [GC (Allocation Failure) 2017-06-01T13:14:02.838-0100: 6204.077: [ParNew
Desired survivor size 20112992 bytes, new threshold 8 (max 8)
- age   1:    2065056 bytes,    2065056 total
- age   2:     943752 bytes,    3008808 total
- age   3:     176304 bytes,    3185112 total
- age   4:    4287448 bytes,    7472560 total
- age   5:    1900552 bytes,    9373112 total
- age   6:     917376 bytes,   10290488 total
- age   7:     856160 bytes,   11146648 total
- age   8:     848632 bytes,   11995280 total
: 102027K->14914K(109248K), 0.0064693 secs] 128417K->42104K(502464K), 0.0065607 secs] [Times: user=0.02 sys=0.00, real=0.01 secs] 
Heap after GC invocations=63 (full 1):
 par new generation   total 109248K, used 14914K [0x00000007a0000000, 0x00000007a8000000, 0x00000007a8000000)
  eden space 87424K,   0% used [0x00000007a0000000, 0x00000007a0000000, 0x00000007a5560000)
  from space 21824K,  68% used [0x00000007a6ab0000, 0x00000007a7940ba8, 0x00000007a8000000)
  to   space 21824K,   0% used [0x00000007a5560000, 0x00000007a5560000, 0x00000007a6ab0000)
 concurrent mark-sweep generation total 393216K, used 27189K [0x00000007a8000000, 0x00000007c0000000, 0x00000007c0000000)
 Metaspace       used 37807K, capacity 38810K, committed 39108K, reserved 1083392K
  class space    used 4201K, capacity 4453K, committed 4580K, reserved 1048576K
}
2017-06-01T13:14:02.845-0100: 6204.083: Total time for which application threads were stopped: 0.0067565 seconds, Stopping threads took: 0.0000223 seconds
2017-06-01T13:14:02.845-0100: 6204.084: Total time for which application threads were stopped: 0.0001347 seconds, Stopping threads took: 0.0000308 seconds
2017-06-01T13:14:02.845-0100: 6204.084: Total time for which application threads were stopped: 0.0001574 seconds, Stopping threads took: 0.0000717 seconds
2017-06-01T13:14:02.846-0100: 6204.084: Total time for which application threads were stopped: 0.0001266 seconds, Stopping threads took: 0.0000556 seconds
2017-06-01T13:14:02.857-0100: 6204.096: Total time for which application threads were stopped: 0.0001104 seconds, Stopping threads took: 0.0000135 seconds
2017-06-01T13:14:02.953-0100: 6204.192: Total time for which application threads were stopped: 0.0001456 seconds, Stopping threads took: 0.0000182 seconds
2017-06-01T13:14:02.958-0100: 6204.196: Total time for which application threads were stopped: 0.0001062 seconds, Stopping threads took: 0.0000181 seconds
2017-06-01T13:14:02.958-0100: 6204.196: Total time for which application threads were stopped: 0.0000654 seconds, Stopping threads took: 0.0000090 seconds
2017-06-01T13:14:03.040-0100: 6204.278: Total time for which application threads were stopped: 0.0000723 seconds, Stopping threads took: 0.0000119 seconds
2017-06-01T13:14:03.040-0100: 6204.279: Total time for which application threads were stopped: 0.0000577 seconds, Stopping threads took: 0.0000077 seconds
2017-06-01T13:14:03.040-0100: 6204.279: Total time for which application threads were stopped: 0.0000550 seconds, Stopping threads took: 0.0000050 seconds
2017-06-01T13:14:03.040-0100: 6204.279: Total time for which application threads were stopped: 0.0000615 seconds, Stopping threads took: 0.0000176 seconds
2017-06-01T13:14:03.040-0100: 6204.279: Total time for which application threads were stopped: 0.0000278 seconds, Stopping threads took: 0.0000046 seconds
2017-06-01T13:14:03.040-0100: 6204.279: Total time for which application threads were stopped: 0.0000275 seconds, Stopping threads took: 0.0000047 seconds
2017-06-01T13:14:03.041-0100: 6204.279: Total time for which application threads were stopped: 0.0000277 seconds, Stopping threads took: 0.0000047 seconds
2017-06-01T13:14:03.041-0100: 6204.279: Total time for which application threads were stopped: 0.0000702 seconds, Stopping threads took: 0.0000047 seconds
2017-06-01T13:14:03.041-0100: 6204.279: Total time for which application threads were stopped: 0.0000694 seconds, Stopping threads took: 0.0000044 seconds
2017-06-01T13:14:03.041-0100: 6204.279: Total time for which application threads were stopped: 0.0000529 seconds, Stopping threads took: 0.0000044 seconds
2017-06-01T13:14:03.041-0100: 6204.279: Total time for which application threads were stopped: 0.0000487 seconds, Stopping threads took: 0.0000198 seconds
2017-06-01T13:14:03.041-0100: 6204.280: Total time for which application threads were stopped: 0.0000504 seconds, Stopping threads took: 0.0000052 seconds
2017-06-01T13:14:03.041-0100: 6204.280: Total time for which application threads were stopped: 0.0000642 seconds, Stopping threads took: 0.0000054 seconds
2017-06-01T13:14:03.041-0100: 6204.280: Total time for which application threads were stopped: 0.0000747 seconds, Stopping threads took: 0.0000176 seconds
2017-06-01T13:14:03.041-0100: 6204.280: Total time for which application threads were stopped: 0.0000406 seconds, Stopping threads took: 0.0000078 seconds
2017-06-01T13:14:03.042-0100: 6204.280: Total time for which application threads were stopped: 0.0000682 seconds, Stopping threads took: 0.0000051 seconds
2017-06-01T13:14:03.042-0100: 6204.280: Total time for which application threads were stopped: 0.0000656 seconds, Stopping threads took: 0.0000242 seconds
2017-06-01T13:14:03.042-0100: 6204.280: Total time for which application threads were stopped: 0.0000432 seconds, Stopping threads took: 0.0000187 seconds
2017-06-01T13:14:03.991-0100: 6205.229: Total time for which application threads were stopped: 0.0001132 seconds, Stopping threads took: 0.0000192 seconds
2017-06-01T13:14:03.998-0100: 6205.236: Total time for which application threads were stopped: 0.0001257 seconds, Stopping threads took: 0.0000199 seconds
2017-06-01T13:14:03.998-0100: 6205.236: Total time for which application threads were stopped: 0.0001160 seconds, Stopping threads took: 0.0000136 seconds
2017-06-01T13:14:04.007-0100: 6205.245: Total time for which application threads were stopped: 0.0000961 seconds, Stopping threads took: 0.0000240 seconds
2017-06-01T13:14:04.007-0100: 6205.245: Total time for which application threads were stopped: 0.0000570 seconds, Stopping threads took: 0.0000172 seconds
2017-06-01T13:14:05.080-0100: 6206.318: Total time for which application threads were stopped: 0.0001142 seconds, Stopping threads took: 0.0000207 seconds
2017-06-01T13:14:05.080-0100: 6206.319: Total time for which application threads were stopped: 0.0001720 seconds, Stopping threads took: 0.0000889 seconds
2017-06-01T13:14:05.080-0100: 6206.319: Total time for which application threads were stopped: 0.0001443 seconds, Stopping threads took: 0.0000705 seconds
2017-06-01T13:14:05.081-0100: 6206.319: Total time for which application threads were stopped: 0.0001539 seconds, Stopping threads took: 0.0000728 seconds
2017-06-01T13:14:05.081-0100: 6206.319: Total time for which application threads were stopped: 0.0000911 seconds, Stopping threads took: 0.0000277 seconds
2017-06-01T13:14:05.081-0100: 6206.319: Total time for which application threads were stopped: 0.0000997 seconds, Stopping threads took: 0.0000300 seconds
2017-06-01T13:14:05.082-0100: 6206.320: Total time for which application threads were stopped: 0.0002033 seconds, Stopping threads took: 0.0000851 seconds
2017-06-01T13:14:05.082-0100: 6206.320: Total time for which application threads were stopped: 0.0001313 seconds, Stopping threads took: 0.0000359 seconds
2017-06-01T13:14:05.082-0100: 6206.320: Total time for which application threads were stopped: 0.0001023 seconds, Stopping threads took: 0.0000290 seconds
2017-06-01T13:14:05.082-0100: 6206.321: Total time for which application threads were stopped: 0.0000915 seconds, Stopping threads took: 0.0000290 seconds
2017-06-01T13:14:05.082-0100: 6206.321: Total time for which application threads were stopped: 0.0001218 seconds, Stopping threads took: 0.0000670 seconds
2017-06-01T13:14:05.082-0100: 6206.321: Total time for which application threads were stopped: 0.0001321 seconds, Stopping threads took: 0.0000484 seconds
2017-06-01T13:14:05.083-0100: 6206.321: Total time for which application threads were stopped: 0.0001167 seconds, Stopping threads took: 0.0000323 seconds
2017-06-01T13:14:05.083-0100: 6206.322: Total time for which application threads were stopped: 0.0001458 seconds, Stopping threads took: 0.0000169 seconds
2017-06-01T13:14:05.084-0100: 6206.323: Total time for which application threads were stopped: 0.0001740 seconds, Stopping threads took: 0.0000350 seconds
2017-06-01T13:14:05.085-0100: 6206.323: Total time for which application threads were stopped: 0.0001373 seconds, Stopping threads took: 0.0000262 seconds
2017-06-01T13:14:05.091-0100: 6206.329: Total time for which application threads were stopped: 0.0001740 seconds, Stopping threads took: 0.0000365 seconds
2017-06-01T13:14:05.091-0100: 6206.329: Total time for which application threads were stopped: 0.0001381 seconds, Stopping threads took: 0.0000546 seconds
2017-06-01T13:14:05.091-0100: 6206.330: Total time for which application threads were stopped: 0.0002090 seconds, Stopping threads took: 0.0000265 seconds
2017-06-01T13:14:05.092-0100: 6206.330: Total time for which application threads were stopped: 0.0001986 seconds, Stopping threads took: 0.0000100 seconds
2017-06-01T13:14:05.092-0100: 6206.330: Total time for which application threads were stopped: 0.0001653 seconds, Stopping threads took: 0.0000088 seconds
2017-06-01T13:14:05.102-0100: 6206.340: Total time for which application threads were stopped: 0.0001157 seconds, Stopping threads took: 0.0000233 seconds
2017-06-01T13:14:05.102-0100: 6206.341: Total time for which application threads were stopped: 0.0000719 seconds, Stopping threads took: 0.0000106 seconds
2017-06-01T13:14:07.190-0100: 6208.428: Total time for which application threads were stopped: 0.0001158 seconds, Stopping threads took: 0.0000161 seconds
2017-06-01T13:14:07.190-0100: 6208.429: Total time for which application threads were stopped: 0.0000607 seconds, Stopping threads took: 0.0000069 seconds
2017-06-01T13:14:07.198-0100: 6208.436: Total time for which application threads were stopped: 0.0001138 seconds, Stopping threads took: 0.0000233 seconds
2017-06-01T13:14:07.198-0100: 6208.437: Total time for which application threads were stopped: 0.0000806 seconds, Stopping threads took: 0.0000142 seconds
2017-06-01T13:14:08.201-0100: 6209.440: Total time for which application threads were stopped: 0.0001280 seconds, Stopping threads took: 0.0000292 seconds
2017-06-01T13:14:12.210-0100: 6213.449: Total time for which application threads were stopped: 0.0001906 seconds, Stopping threads took: 0.0000538 seconds
2017-06-01T13:14:15.006-0100: 6216.245: Total time for which application threads were stopped: 0.0000928 seconds, Stopping threads took: 0.0000165 seconds
2017-06-01T13:14:16.008-0100: 6217.246: Total time for which application threads were stopped: 0.0001956 seconds, Stopping threads took: 0.0000329 seconds
2017-06-01T13:15:05.107-0100: 6266.345: Total time for which application threads were stopped: 0.0001484 seconds, Stopping threads took: 0.0000296 seconds
2017-06-01T13:15:06.189-0100: 6267.427: Total time for which application threads were stopped: 0.0001163 seconds, Stopping threads took: 0.0000175 seconds
2017-06-01T13:15:06.189-0100: 6267.427: Total time for which application threads were stopped: 0.0000652 seconds, Stopping threads took: 0.0000079 seconds
2017-06-01T13:15:06.195-0100: 6267.433: Total time for which application threads were stopped: 0.0000703 seconds, Stopping threads took: 0.0000147 seconds
2017-06-01T13:15:06.195-0100: 6267.433: Total time for which application threads were stopped: 0.0000385 seconds, Stopping threads took: 0.0000071 seconds
2017-06-01T13:15:06.219-0100: 6267.457: Total time for which application threads were stopped: 0.0001011 seconds, Stopping threads took: 0.0000145 seconds
2017-06-01T13:15:06.219-0100: 6267.457: Total time for which application threads were stopped: 0.0000701 seconds, Stopping threads took: 0.0000095 seconds
2017-06-01T13:15:06.225-0100: 6267.463: Total time for which application threads were stopped: 0.0000973 seconds, Stopping threads took: 0.0000199 seconds
2017-06-01T13:15:06.225-0100: 6267.463: Total time for which application threads were stopped: 0.0000691 seconds, Stopping threads took: 0.0000115 seconds
{Heap before GC invocations=63 (full 1):
 par new generation   total 109248K, used 102330K [0x00000007a0000000, 0x00000007a8000000, 0x00000007a8000000)
  eden space 87424K,  99% used [0x00000007a0000000, 0x00000007a555dce8, 0x00000007a5560000)
  from space 21824K,  68% used [0x00000007a6ab0000, 0x00000007a7940ba8, 0x00000007a8000000)
  to   space 21824K,   0% used [0x00000007a5560000, 0x00000007a5560000, 0x00000007a6ab0000)
 concurrent mark-sweep generation total 393216K, used 27189K [0x00000007a8000000, 0x00000007c0000000, 0x00000007c0000000)
 Metaspace       used 37865K, capacity 38874K, committed 39108K, reserved 1083392K
  class space    used 4201K, capacity 4453K, committed 4580K, reserved 1048576K
2017-06-01T13:15:06.307-0100: 6267.545: [GC (Allocation Failure) 2017-06-01T13:15:06.307-0100: 6267.545: [ParNew
Desired survivor size 20112992 bytes, new threshold 8 (max 8)
- age   1:    2547480 bytes,    2547480 total
- age   2:    1279304 bytes,    3826784 total
- age   3:     932728 bytes,    4759512 total
- age   4:     176304 bytes,    4935816 total
- age   5:    4287448 bytes,    9223264 total
- age   6:    1900552 bytes,   11123816 total
- age   7:     917376 bytes,   12041192 total
- age   8:     856160 bytes,   12897352 total
: 102330K->14848K(109248K), 0.0077343 secs] 129520K->42867K(502464K), 0.0077863 secs] [Times: user=0.02 sys=0.00, real=0.01 secs] 
Heap after GC invocations=64 (full 1):
 par new generation   total 109248K, used 14848K [0x00000007a0000000, 0x00000007a8000000, 0x00000007a8000000)
  eden space 87424K,   0% used [0x00000007a0000000, 0x00000007a0000000, 0x00000007a5560000)
  from space 21824K,  68% used [0x00000007a5560000, 0x00000007a63e0358, 0x00000007a6ab0000)
  to   space 21824K,   0% used [0x00000007a6ab0000, 0x00000007a6ab0000, 0x00000007a8000000)
 concurrent mark-sweep generation total 393216K, used 28018K [0x00000007a8000000, 0x00000007c0000000, 0x00000007c0000000)
 Metaspace       used 37865K, capacity 38874K, committed 39108K, reserved 1083392K
  class space    used 4201K, capacity 4453K, committed 4580K, reserved 1048576K
}
2017-06-01T13:15:06.314-0100: 6267.553: Total time for which application threads were stopped: 0.0080026 seconds, Stopping threads took: 0.0000211 seconds
2017-06-01T13:15:06.315-0100: 6267.553: Total time for which application threads were stopped: 0.0000902 seconds, Stopping threads took: 0.0000210 seconds
2017-06-01T13:15:06.315-0100: 6267.553: Total time for which application threads were stopped: 0.0001384 seconds, Stopping threads took: 0.0000246 seconds
2017-06-01T13:15:06.315-0100: 6267.553: Total time for which application threads were stopped: 0.0001214 seconds, Stopping threads took: 0.0000537 seconds
{Heap before GC invocations=64 (full 1):
 par new generation   total 109248K, used 102272K [0x00000007a0000000, 0x00000007a8000000, 0x00000007a8000000)
  eden space 87424K, 100% used [0x00000007a0000000, 0x00000007a5560000, 0x00000007a5560000)
  from space 21824K,  68% used [0x00000007a5560000, 0x00000007a63e0358, 0x00000007a6ab0000)
  to   space 21824K,   0% used [0x00000007a6ab0000, 0x00000007a6ab0000, 0x00000007a8000000)
 concurrent mark-sweep generation total 393216K, used 28018K [0x00000007a8000000, 0x00000007c0000000, 0x00000007c0000000)
 Metaspace       used 37865K, capacity 38874K, committed 39108K, reserved 1083392K
  class space    used 4201K, capacity 4453K, committed 4580K, reserved 1048576K
2017-06-01T13:15:06.352-0100: 6267.590: [GC (Allocation Failure) 2017-06-01T13:15:06.353-0100: 6267.591: [ParNew
Desired survivor size 20112992 bytes, new threshold 8 (max 8)
- age   1:     208920 bytes,     208920 total
- age   2:    2227672 bytes,    2436592 total
- age   3:     743672 bytes,    3180264 total
- age   4:     426048 bytes,    3606312 total
- age   5:     176304 bytes,    3782616 total
- age   6:    4287448 bytes,    8070064 total
- age   7:    1900552 bytes,    9970616 total
- age   8:     917376 bytes,   10887992 total
: 102272K->17717K(109248K), 0.0060200 secs] 130291K->46572K(502464K), 0.0068235 secs] [Times: user=0.02 sys=0.00, real=0.00 secs] 
Heap after GC invocations=65 (full 1):
 par new generation   total 109248K, used 17717K [0x00000007a0000000, 0x00000007a8000000, 0x00000007a8000000)
  eden space 87424K,   0% used [0x00000007a0000000, 0x00000007a0000000, 0x00000007a5560000)
  from space 21824K,  81% used [0x00000007a6ab0000, 0x00000007a7bfd550, 0x00000007a8000000)
  to   space 21824K,   0% used [0x00000007a5560000, 0x00000007a5560000, 0x00000007a6ab0000)
 concurrent mark-sweep generation total 393216K, used 28855K [0x00000007a8000000, 0x00000007c0000000, 0x00000007c0000000)
 Metaspace       used 37865K, capacity 38874K, committed 39108K, reserved 1083392K
  class space    used 4201K, capacity 4453K, committed 4580K, reserved 1048576K
}
2017-06-01T13:15:06.359-0100: 6267.597: Total time for which application threads were stopped: 0.0070094 seconds, Stopping threads took: 0.0000228 seconds
2017-06-01T13:15:06.407-0100: 6267.645: Total time for which application threads were stopped: 0.0001299 seconds, Stopping threads took: 0.0000287 seconds
2017-06-01T13:15:06.500-0100: 6267.738: Total time for which application threads were stopped: 0.0001107 seconds, Stopping threads took: 0.0000172 seconds
2017-06-01T13:15:06.500-0100: 6267.738: Total time for which application threads were stopped: 0.0000523 seconds, Stopping threads took: 0.0000092 seconds
2017-06-01T13:15:06.500-0100: 6267.738: Total time for which application threads were stopped: 0.0000478 seconds, Stopping threads took: 0.0000074 seconds
2017-06-01T13:15:07.505-0100: 6268.743: Total time for which application threads were stopped: 0.0001118 seconds, Stopping threads took: 0.0000282 seconds
2017-06-01T13:16:06.231-0100: 6327.469: Total time for which application threads were stopped: 0.0001624 seconds, Stopping threads took: 0.0000325 seconds
2017-06-01T13:26:05.725-0100: 6926.958: Total time for which application threads were stopped: 0.0001035 seconds, Stopping threads took: 0.0000157 seconds
2017-06-01T13:26:06.729-0100: 6927.962: Total time for which application threads were stopped: 0.0001346 seconds, Stopping threads took: 0.0000315 seconds
2017-06-01T13:27:21.585-0100: 7002.818: Total time for which application threads were stopped: 0.0001640 seconds, Stopping threads took: 0.0000229 seconds
2017-06-01T13:27:21.586-0100: 7002.819: Total time for which application threads were stopped: 0.0001387 seconds, Stopping threads took: 0.0000234 seconds
2017-06-01T13:27:21.587-0100: 7002.820: Total time for which application threads were stopped: 0.0001198 seconds, Stopping threads took: 0.0000170 seconds
2017-06-01T13:27:21.599-0100: 7002.832: Total time for which application threads were stopped: 0.0001713 seconds, Stopping threads took: 0.0000221 seconds
2017-06-01T13:27:21.599-0100: 7002.832: Total time for which application threads were stopped: 0.0001178 seconds, Stopping threads took: 0.0000144 seconds
2017-06-01T13:27:21.609-0100: 7002.842: Total time for which application threads were stopped: 0.0001071 seconds, Stopping threads took: 0.0000219 seconds
2017-06-01T13:27:21.609-0100: 7002.842: Total time for which application threads were stopped: 0.0000759 seconds, Stopping threads took: 0.0000137 seconds
2017-06-01T13:27:21.624-0100: 7002.857: Total time for which application threads were stopped: 0.0001392 seconds, Stopping threads took: 0.0000226 seconds
2017-06-01T13:27:21.625-0100: 7002.859: Total time for which application threads were stopped: 0.0006401 seconds, Stopping threads took: 0.0004356 seconds
2017-06-01T13:27:21.626-0100: 7002.859: Total time for which application threads were stopped: 0.0001145 seconds, Stopping threads took: 0.0000286 seconds
2017-06-01T13:27:21.626-0100: 7002.859: Total time for which application threads were stopped: 0.0001270 seconds, Stopping threads took: 0.0000568 seconds
2017-06-01T13:27:21.626-0100: 7002.859: Total time for which application threads were stopped: 0.0002624 seconds, Stopping threads took: 0.0000089 seconds
2017-06-01T13:27:21.632-0100: 7002.865: Total time for which application threads were stopped: 0.0001965 seconds, Stopping threads took: 0.0000921 seconds
2017-06-01T13:27:21.632-0100: 7002.866: Total time for which application threads were stopped: 0.0000882 seconds, Stopping threads took: 0.0000104 seconds
2017-06-01T13:27:21.641-0100: 7002.874: Total time for which application threads were stopped: 0.0001068 seconds, Stopping threads took: 0.0000221 seconds
2017-06-01T13:27:21.641-0100: 7002.874: Total time for which application threads were stopped: 0.0000475 seconds, Stopping threads took: 0.0000082 seconds
2017-06-01T13:27:22.820-0100: 7004.054: Total time for which application threads were stopped: 0.0001355 seconds, Stopping threads took: 0.0000225 seconds
2017-06-01T13:27:22.821-0100: 7004.055: Total time for which application threads were stopped: 0.0001230 seconds, Stopping threads took: 0.0000207 seconds
2017-06-01T13:27:22.821-0100: 7004.055: Total time for which application threads were stopped: 0.0001077 seconds, Stopping threads took: 0.0000143 seconds
2017-06-01T13:27:22.822-0100: 7004.055: Total time for which application threads were stopped: 0.0002096 seconds, Stopping threads took: 0.0001262 seconds
2017-06-01T13:27:22.822-0100: 7004.055: Total time for which application threads were stopped: 0.0002035 seconds, Stopping threads took: 0.0001281 seconds
2017-06-01T13:27:22.822-0100: 7004.055: Total time for which application threads were stopped: 0.0001220 seconds, Stopping threads took: 0.0000532 seconds
2017-06-01T13:27:22.822-0100: 7004.056: Total time for which application threads were stopped: 0.0001255 seconds, Stopping threads took: 0.0000639 seconds
2017-06-01T13:27:22.823-0100: 7004.056: Total time for which application threads were stopped: 0.0001582 seconds, Stopping threads took: 0.0000949 seconds
2017-06-01T13:27:22.823-0100: 7004.056: Total time for which application threads were stopped: 0.0001329 seconds, Stopping threads took: 0.0000563 seconds
2017-06-01T13:27:22.824-0100: 7004.057: Total time for which application threads were stopped: 0.0002018 seconds, Stopping threads took: 0.0000946 seconds
2017-06-01T13:27:22.825-0100: 7004.058: Total time for which application threads were stopped: 0.0002192 seconds, Stopping threads took: 0.0001141 seconds
2017-06-01T13:27:22.834-0100: 7004.067: Total time for which application threads were stopped: 0.0001568 seconds, Stopping threads took: 0.0000221 seconds
2017-06-01T13:27:22.834-0100: 7004.068: Total time for which application threads were stopped: 0.0001409 seconds, Stopping threads took: 0.0000156 seconds
2017-06-01T13:27:22.844-0100: 7004.077: Total time for which application threads were stopped: 0.0001028 seconds, Stopping threads took: 0.0000229 seconds
2017-06-01T13:27:22.844-0100: 7004.077: Total time for which application threads were stopped: 0.0000642 seconds, Stopping threads took: 0.0000101 seconds
2017-06-01T13:27:23.885-0100: 7005.119: Total time for which application threads were stopped: 0.0001074 seconds, Stopping threads took: 0.0000287 seconds
{Heap before GC invocations=65 (full 1):
 par new generation   total 109248K, used 105139K [0x00000007a0000000, 0x00000007a8000000, 0x00000007a8000000)
  eden space 87424K,  99% used [0x00000007a0000000, 0x00000007a555f970, 0x00000007a5560000)
  from space 21824K,  81% used [0x00000007a6ab0000, 0x00000007a7bfd550, 0x00000007a8000000)
  to   space 21824K,   0% used [0x00000007a5560000, 0x00000007a5560000, 0x00000007a6ab0000)
 concurrent mark-sweep generation total 393216K, used 28855K [0x00000007a8000000, 0x00000007c0000000, 0x00000007c0000000)
 Metaspace       used 37920K, capacity 38882K, committed 39108K, reserved 1083392K
  class space    used 4201K, capacity 4453K, committed 4580K, reserved 1048576K
2017-06-01T13:27:23.909-0100: 7005.142: [GC (Allocation Failure) 2017-06-01T13:27:23.909-0100: 7005.142: [ParNew
Desired survivor size 20112992 bytes, new threshold 8 (max 8)
- age   1:    3524144 bytes,    3524144 total
- age   2:      86552 bytes,    3610696 total
- age   3:    1437320 bytes,    5048016 total
- age   4:     691128 bytes,    5739144 total
- age   5:     425976 bytes,    6165120 total
- age   6:     176304 bytes,    6341424 total
- age   7:    4287448 bytes,   10628872 total
- age   8:    1900552 bytes,   12529424 total
: 105139K->14925K(109248K), 0.0094140 secs] 133994K->44677K(502464K), 0.0094965 secs] [Times: user=0.04 sys=0.00, real=0.01 secs] 
Heap after GC invocations=66 (full 1):
 par new generation   total 109248K, used 14925K [0x00000007a0000000, 0x00000007a8000000, 0x00000007a8000000)
  eden space 87424K,   0% used [0x00000007a0000000, 0x00000007a0000000, 0x00000007a5560000)
  from space 21824K,  68% used [0x00000007a5560000, 0x00000007a63f37c8, 0x00000007a6ab0000)
  to   space 21824K,   0% used [0x00000007a6ab0000, 0x00000007a6ab0000, 0x00000007a8000000)
 concurrent mark-sweep generation total 393216K, used 29751K [0x00000007a8000000, 0x00000007c0000000, 0x00000007c0000000)
 Metaspace       used 37920K, capacity 38882K, committed 39108K, reserved 1083392K
  class space    used 4201K, capacity 4453K, committed 4580K, reserved 1048576K
}
2017-06-01T13:27:23.919-0100: 7005.152: Total time for which application threads were stopped: 0.0096748 seconds, Stopping threads took: 0.0000272 seconds
2017-06-01T13:27:23.919-0100: 7005.152: Total time for which application threads were stopped: 0.0001681 seconds, Stopping threads took: 0.0000582 seconds
2017-06-01T13:27:23.919-0100: 7005.152: Total time for which application threads were stopped: 0.0001525 seconds, Stopping threads took: 0.0000887 seconds
{Heap before GC invocations=66 (full 1):
 par new generation   total 109248K, used 102345K [0x00000007a0000000, 0x00000007a8000000, 0x00000007a8000000)
  eden space 87424K,  99% used [0x00000007a0000000, 0x00000007a555f028, 0x00000007a5560000)
  from space 21824K,  68% used [0x00000007a5560000, 0x00000007a63f37c8, 0x00000007a6ab0000)
  to   space 21824K,   0% used [0x00000007a6ab0000, 0x00000007a6ab0000, 0x00000007a8000000)
 concurrent mark-sweep generation total 393216K, used 29751K [0x00000007a8000000, 0x00000007c0000000, 0x00000007c0000000)
 Metaspace       used 37949K, capacity 38914K, committed 39108K, reserved 1083392K
  class space    used 4204K, capacity 4485K, committed 4580K, reserved 1048576K
2017-06-01T13:27:23.958-0100: 7005.191: [GC (Allocation Failure) 2017-06-01T13:27:23.958-0100: 7005.191: [ParNew
Desired survivor size 20112992 bytes, new threshold 8 (max 8)
- age   1:     969488 bytes,     969488 total
- age   2:    3184696 bytes,    4154184 total
- age   3:      82448 bytes,    4236632 total
- age   4:    1411288 bytes,    5647920 total
- age   5:     689752 bytes,    6337672 total
- age   6:     401328 bytes,    6739000 total
- age   7:     176304 bytes,    6915304 total
- age   8:    4287448 bytes,   11202752 total
: 102345K->17469K(109248K), 0.0067132 secs] 132097K->49076K(502464K), 0.0067831 secs] [Times: user=0.02 sys=0.00, real=0.01 secs] 
Heap after GC invocations=67 (full 1):
 par new generation   total 109248K, used 17469K [0x00000007a0000000, 0x00000007a8000000, 0x00000007a8000000)
  eden space 87424K,   0% used [0x00000007a0000000, 0x00000007a0000000, 0x00000007a5560000)
  from space 21824K,  80% used [0x00000007a6ab0000, 0x00000007a7bbf5b8, 0x00000007a8000000)
  to   space 21824K,   0% used [0x00000007a5560000, 0x00000007a5560000, 0x00000007a6ab0000)
 concurrent mark-sweep generation total 393216K, used 31607K [0x00000007a8000000, 0x00000007c0000000, 0x00000007c0000000)
 Metaspace       used 37949K, capacity 38914K, committed 39108K, reserved 1083392K
  class space    used 4204K, capacity 4485K, committed 4580K, reserved 1048576K
}
2017-06-01T13:27:23.965-0100: 7005.198: Total time for which application threads were stopped: 0.0069629 seconds, Stopping threads took: 0.0000191 seconds
2017-06-01T13:27:23.965-0100: 7005.198: Total time for which application threads were stopped: 0.0001578 seconds, Stopping threads took: 0.0000546 seconds
2017-06-01T13:27:24.969-0100: 7006.202: Total time for which application threads were stopped: 0.0001051 seconds, Stopping threads took: 0.0000255 seconds
2017-06-01T13:27:25.032-0100: 7006.265: Total time for which application threads were stopped: 0.0001935 seconds, Stopping threads took: 0.0000606 seconds
2017-06-01T13:27:25.032-0100: 7006.266: Total time for which application threads were stopped: 0.0001206 seconds, Stopping threads took: 0.0000131 seconds
2017-06-01T13:27:25.040-0100: 7006.273: Total time for which application threads were stopped: 0.0001180 seconds, Stopping threads took: 0.0000244 seconds
2017-06-01T13:27:25.040-0100: 7006.273: Total time for which application threads were stopped: 0.0000763 seconds, Stopping threads took: 0.0000092 seconds
2017-06-01T13:28:25.041-0100: 7066.274: Total time for which application threads were stopped: 0.0001129 seconds, Stopping threads took: 0.0000247 seconds
{Heap before GC invocations=67 (full 1):
 par new generation   total 109248K, used 104878K [0x00000007a0000000, 0x00000007a8000000, 0x00000007a8000000)
  eden space 87424K,  99% used [0x00000007a0000000, 0x00000007a555c380, 0x00000007a5560000)
  from space 21824K,  80% used [0x00000007a6ab0000, 0x00000007a7bbf5b8, 0x00000007a8000000)
  to   space 21824K,   0% used [0x00000007a5560000, 0x00000007a5560000, 0x00000007a6ab0000)
 concurrent mark-sweep generation total 393216K, used 31607K [0x00000007a8000000, 0x00000007c0000000, 0x00000007c0000000)
 Metaspace       used 37977K, capacity 38984K, committed 39108K, reserved 1083392K
  class space    used 4204K, capacity 4486K, committed 4580K, reserved 1048576K
2017-06-01T13:28:37.353-0100: 7078.586: [GC (Allocation Failure) 2017-06-01T13:28:37.353-0100: 7078.586: [ParNew
Desired survivor size 20112992 bytes, new threshold 8 (max 8)
- age   1:     968600 bytes,     968600 total
- age   2:       6040 bytes,     974640 total
- age   3:    2651280 bytes,    3625920 total
- age   4:      81984 bytes,    3707904 total
- age   5:    1411288 bytes,    5119192 total
- age   6:     689752 bytes,    5808944 total
- age   7:     401200 bytes,    6210144 total
- age   8:     176304 bytes,    6386448 total
: 104878K->7845K(109248K), 0.0097969 secs] 136485K->43640K(502464K), 0.0101411 secs] [Times: user=0.04 sys=0.00, real=0.01 secs] 
Heap after GC invocations=68 (full 1):
 par new generation   total 109248K, used 7845K [0x00000007a0000000, 0x00000007a8000000, 0x00000007a8000000)
  eden space 87424K,   0% used [0x00000007a0000000, 0x00000007a0000000, 0x00000007a5560000)
  from space 21824K,  35% used [0x00000007a5560000, 0x00000007a5d097f0, 0x00000007a6ab0000)
  to   space 21824K,   0% used [0x00000007a6ab0000, 0x00000007a6ab0000, 0x00000007a8000000)
 concurrent mark-sweep generation total 393216K, used 35794K [0x00000007a8000000, 0x00000007c0000000, 0x00000007c0000000)
 Metaspace       used 37977K, capacity 38984K, committed 39108K, reserved 1083392K
  class space    used 4204K, capacity 4486K, committed 4580K, reserved 1048576K
}
2017-06-01T13:28:37.363-0100: 7078.596: Total time for which application threads were stopped: 0.0103420 seconds, Stopping threads took: 0.0000192 seconds
2017-06-01T13:28:37.363-0100: 7078.596: Total time for which application threads were stopped: 0.0001715 seconds, Stopping threads took: 0.0000559 seconds
{Heap before GC invocations=68 (full 1):
 par new generation   total 109248K, used 95269K [0x00000007a0000000, 0x00000007a8000000, 0x00000007a8000000)
  eden space 87424K, 100% used [0x00000007a0000000, 0x00000007a5560000, 0x00000007a5560000)
  from space 21824K,  35% used [0x00000007a5560000, 0x00000007a5d097f0, 0x00000007a6ab0000)
  to   space 21824K,   0% used [0x00000007a6ab0000, 0x00000007a6ab0000, 0x00000007a8000000)
 concurrent mark-sweep generation total 393216K, used 35794K [0x00000007a8000000, 0x00000007c0000000, 0x00000007c0000000)
 Metaspace       used 37979K, capacity 38984K, committed 39108K, reserved 1083392K
  class space    used 4204K, capacity 4486K, committed 4580K, reserved 1048576K
2017-06-01T13:28:37.399-0100: 7078.632: [GC (Allocation Failure) 2017-06-01T13:28:37.399-0100: 7078.632: [ParNew
Desired survivor size 20112992 bytes, new threshold 8 (max 8)
- age   1:     994000 bytes,     994000 total
- age   2:     694104 bytes,    1688104 total
- age   3:       6040 bytes,    1694144 total
- age   4:    2651280 bytes,    4345424 total
- age   5:      81984 bytes,    4427408 total
- age   6:    1411288 bytes,    5838696 total
- age   7:     689752 bytes,    6528448 total
- age   8:     401200 bytes,    6929648 total
: 95269K->10730K(109248K), 0.0080444 secs] 131064K->46697K(502464K), 0.0081051 secs] [Times: user=0.02 sys=0.00, real=0.01 secs] 
Heap after GC invocations=69 (full 1):
 par new generation   total 109248K, used 10730K [0x00000007a0000000, 0x00000007a8000000, 0x00000007a8000000)
  eden space 87424K,   0% used [0x00000007a0000000, 0x00000007a0000000, 0x00000007a5560000)
  from space 21824K,  49% used [0x00000007a6ab0000, 0x00000007a752a8d0, 0x00000007a8000000)
  to   space 21824K,   0% used [0x00000007a5560000, 0x00000007a5560000, 0x00000007a6ab0000)
 concurrent mark-sweep generation total 393216K, used 35966K [0x00000007a8000000, 0x00000007c0000000, 0x00000007c0000000)
 Metaspace       used 37979K, capacity 38984K, committed 39108K, reserved 1083392K
  class space    used 4204K, capacity 4486K, committed 4580K, reserved 1048576K
}
2017-06-01T13:28:37.407-0100: 7078.640: Total time for which application threads were stopped: 0.0082778 seconds, Stopping threads took: 0.0000180 seconds
2017-06-01T13:28:37.407-0100: 7078.640: Total time for which application threads were stopped: 0.0001609 seconds, Stopping threads took: 0.0000545 seconds
2017-06-01T13:28:38.409-0100: 7079.642: Total time for which application threads were stopped: 0.0001202 seconds, Stopping threads took: 0.0000297 seconds
2017-06-01T13:28:38.487-0100: 7079.719: Total time for which application threads were stopped: 0.0001835 seconds, Stopping threads took: 0.0000236 seconds
2017-06-01T13:28:38.487-0100: 7079.720: Total time for which application threads were stopped: 0.0001371 seconds, Stopping threads took: 0.0000145 seconds
2017-06-01T13:28:38.496-0100: 7079.729: Total time for which application threads were stopped: 0.0000909 seconds, Stopping threads took: 0.0000224 seconds
2017-06-01T13:28:38.496-0100: 7079.729: Total time for which application threads were stopped: 0.0000604 seconds, Stopping threads took: 0.0000117 seconds
{Heap before GC invocations=69 (full 1):
 par new generation   total 109248K, used 98142K [0x00000007a0000000, 0x00000007a8000000, 0x00000007a8000000)
  eden space 87424K,  99% used [0x00000007a0000000, 0x00000007a555cfb8, 0x00000007a5560000)
  from space 21824K,  49% used [0x00000007a6ab0000, 0x00000007a752a8d0, 0x00000007a8000000)
  to   space 21824K,   0% used [0x00000007a5560000, 0x00000007a5560000, 0x00000007a6ab0000)
 concurrent mark-sweep generation total 393216K, used 35966K [0x00000007a8000000, 0x00000007c0000000, 0x00000007c0000000)
 Metaspace       used 37983K, capacity 38984K, committed 39108K, reserved 1083392K
  class space    used 4204K, capacity 4486K, committed 4580K, reserved 1048576K
2017-06-01T13:29:01.821-0100: 7103.054: [GC (Allocation Failure) 2017-06-01T13:29:01.821-0100: 7103.054: [ParNew
Desired survivor size 20112992 bytes, new threshold 8 (max 8)
- age   1:    1029784 bytes,    1029784 total
- age   2:       2832 bytes,    1032616 total
- age   3:     219304 bytes,    1251920 total
- age   4:       6040 bytes,    1257960 total
- age   5:    2650432 bytes,    3908392 total
- age   6:      81984 bytes,    3990376 total
- age   7:    1411288 bytes,    5401664 total
- age   8:     689752 bytes,    6091416 total
: 98142K->7029K(109248K), 0.0079575 secs] 134108K->43390K(502464K), 0.0080304 secs] [Times: user=0.03 sys=0.00, real=0.00 secs] 
Heap after GC invocations=70 (full 1):
 par new generation   total 109248K, used 7029K [0x00000007a0000000, 0x00000007a8000000, 0x00000007a8000000)
  eden space 87424K,   0% used [0x00000007a0000000, 0x00000007a0000000, 0x00000007a5560000)
  from space 21824K,  32% used [0x00000007a5560000, 0x00000007a5c3d4d8, 0x00000007a6ab0000)
  to   space 21824K,   0% used [0x00000007a6ab0000, 0x00000007a6ab0000, 0x00000007a8000000)
 concurrent mark-sweep generation total 393216K, used 36361K [0x00000007a8000000, 0x00000007c0000000, 0x00000007c0000000)
 Metaspace       used 37983K, capacity 38984K, committed 39108K, reserved 1083392K
  class space    used 4204K, capacity 4486K, committed 4580K, reserved 1048576K
}
2017-06-01T13:29:01.829-0100: 7103.062: Total time for which application threads were stopped: 0.0082106 seconds, Stopping threads took: 0.0000195 seconds
2017-06-01T13:29:01.830-0100: 7103.062: Total time for which application threads were stopped: 0.0002094 seconds, Stopping threads took: 0.0000755 seconds
{Heap before GC invocations=70 (full 1):
 par new generation   total 109248K, used 94453K [0x00000007a0000000, 0x00000007a8000000, 0x00000007a8000000)
  eden space 87424K, 100% used [0x00000007a0000000, 0x00000007a5560000, 0x00000007a5560000)
  from space 21824K,  32% used [0x00000007a5560000, 0x00000007a5c3d4d8, 0x00000007a6ab0000)
  to   space 21824K,   0% used [0x00000007a6ab0000, 0x00000007a6ab0000, 0x00000007a8000000)
 concurrent mark-sweep generation total 393216K, used 36361K [0x00000007a8000000, 0x00000007c0000000, 0x00000007c0000000)
 Metaspace       used 37988K, capacity 38990K, committed 39108K, reserved 1083392K
  class space    used 4205K, capacity 4487K, committed 4580K, reserved 1048576K
2017-06-01T13:29:01.869-0100: 7103.102: [GC (Allocation Failure) 2017-06-01T13:29:01.869-0100: 7103.102: [ParNew
Desired survivor size 20112992 bytes, new threshold 8 (max 8)
- age   1:     972272 bytes,     972272 total
- age   2:     668776 bytes,    1641048 total
- age   3:       2832 bytes,    1643880 total
- age   4:     219304 bytes,    1863184 total
- age   5:       6040 bytes,    1869224 total
- age   6:    2650432 bytes,    4519656 total
- age   7:      81880 bytes,    4601536 total
- age   8:    1411288 bytes,    6012824 total
: 94453K->7863K(109248K), 0.0082335 secs] 130814K->44903K(502464K), 0.0083058 secs] [Times: user=0.03 sys=0.00, real=0.01 secs] 
Heap after GC invocations=71 (full 1):
 par new generation   total 109248K, used 7863K [0x00000007a0000000, 0x00000007a8000000, 0x00000007a8000000)
  eden space 87424K,   0% used [0x00000007a0000000, 0x00000007a0000000, 0x00000007a5560000)
  from space 21824K,  36% used [0x00000007a6ab0000, 0x00000007a725df30, 0x00000007a8000000)
  to   space 21824K,   0% used [0x00000007a5560000, 0x00000007a5560000, 0x00000007a6ab0000)
 concurrent mark-sweep generation total 393216K, used 37039K [0x00000007a8000000, 0x00000007c0000000, 0x00000007c0000000)
 Metaspace       used 37988K, capacity 38990K, committed 39108K, reserved 1083392K
  class space    used 4205K, capacity 4487K, committed 4580K, reserved 1048576K
}
2017-06-01T13:29:01.877-0100: 7103.110: Total time for which application threads were stopped: 0.0084947 seconds, Stopping threads took: 0.0000195 seconds
2017-06-01T13:29:01.878-0100: 7103.110: Total time for which application threads were stopped: 0.0002175 seconds, Stopping threads took: 0.0000539 seconds
2017-06-01T13:29:01.957-0100: 7103.189: Total time for which application threads were stopped: 0.0001034 seconds, Stopping threads took: 0.0000190 seconds
2017-06-01T13:29:01.958-0100: 7103.191: Total time for which application threads were stopped: 0.0001414 seconds, Stopping threads took: 0.0000526 seconds
2017-06-01T13:29:02.049-0100: 7103.282: Total time for which application threads were stopped: 0.0001190 seconds, Stopping threads took: 0.0000172 seconds
2017-06-01T13:29:02.049-0100: 7103.282: Total time for which application threads were stopped: 0.0000559 seconds, Stopping threads took: 0.0000066 seconds
2017-06-01T13:29:02.050-0100: 7103.282: Total time for which application threads were stopped: 0.0000402 seconds, Stopping threads took: 0.0000055 seconds
2017-06-01T13:29:02.050-0100: 7103.282: Total time for which application threads were stopped: 0.0000388 seconds, Stopping threads took: 0.0000050 seconds
2017-06-01T13:29:02.050-0100: 7103.282: Total time for which application threads were stopped: 0.0000400 seconds, Stopping threads took: 0.0000052 seconds
2017-06-01T13:29:02.050-0100: 7103.282: Total time for which application threads were stopped: 0.0000395 seconds, Stopping threads took: 0.0000053 seconds
2017-06-01T13:29:02.050-0100: 7103.282: Total time for which application threads were stopped: 0.0000389 seconds, Stopping threads took: 0.0000052 seconds
2017-06-01T13:29:02.053-0100: 7103.286: Total time for which application threads were stopped: 0.0000874 seconds, Stopping threads took: 0.0000159 seconds
2017-06-01T13:29:02.055-0100: 7103.288: Total time for which application threads were stopped: 0.0000784 seconds, Stopping threads took: 0.0000236 seconds
2017-06-01T13:29:02.055-0100: 7103.288: Total time for which application threads were stopped: 0.0000358 seconds, Stopping threads took: 0.0000046 seconds
2017-06-01T13:29:02.056-0100: 7103.289: Total time for which application threads were stopped: 0.0000522 seconds, Stopping threads took: 0.0000079 seconds
2017-06-01T13:29:03.059-0100: 7104.292: Total time for which application threads were stopped: 0.0001572 seconds, Stopping threads took: 0.0000362 seconds
{Heap before GC invocations=71 (full 1):
 par new generation   total 109248K, used 95287K [0x00000007a0000000, 0x00000007a8000000, 0x00000007a8000000)
  eden space 87424K, 100% used [0x00000007a0000000, 0x00000007a5560000, 0x00000007a5560000)
  from space 21824K,  36% used [0x00000007a6ab0000, 0x00000007a725df30, 0x00000007a8000000)
  to   space 21824K,   0% used [0x00000007a5560000, 0x00000007a5560000, 0x00000007a6ab0000)
 concurrent mark-sweep generation total 393216K, used 37039K [0x00000007a8000000, 0x00000007c0000000, 0x00000007c0000000)
 Metaspace       used 38005K, capacity 39060K, committed 39364K, reserved 1083392K
  class space    used 4205K, capacity 4488K, committed 4580K, reserved 1048576K
2017-06-01T13:29:03.081-0100: 7104.313: [GC (Allocation Failure) 2017-06-01T13:29:03.081-0100: 7104.313: [ParNew
Desired survivor size 20112992 bytes, new threshold 8 (max 8)
- age   1:     684880 bytes,     684880 total
- age   2:     142440 bytes,     827320 total
- age   3:     642096 bytes,    1469416 total
- age   4:       2832 bytes,    1472248 total
- age   5:     219272 bytes,    1691520 total
- age   6:       6040 bytes,    1697560 total
- age   7:    2636888 bytes,    4334448 total
- age   8:      81776 bytes,    4416224 total
: 95287K->5268K(109248K), 0.0094657 secs] 132327K->43698K(502464K), 0.0095416 secs] [Times: user=0.03 sys=0.01, real=0.01 secs] 
Heap after GC invocations=72 (full 1):
 par new generation   total 109248K, used 5268K [0x00000007a0000000, 0x00000007a8000000, 0x00000007a8000000)
  eden space 87424K,   0% used [0x00000007a0000000, 0x00000007a0000000, 0x00000007a5560000)
  from space 21824K,  24% used [0x00000007a5560000, 0x00000007a5a85390, 0x00000007a6ab0000)
  to   space 21824K,   0% used [0x00000007a6ab0000, 0x00000007a6ab0000, 0x00000007a8000000)
 concurrent mark-sweep generation total 393216K, used 38429K [0x00000007a8000000, 0x00000007c0000000, 0x00000007c0000000)
 Metaspace       used 38005K, capacity 39060K, committed 39364K, reserved 1083392K
  class space    used 4205K, capacity 4488K, committed 4580K, reserved 1048576K
}
2017-06-01T13:29:03.090-0100: 7104.323: Total time for which application threads were stopped: 0.0097758 seconds, Stopping threads took: 0.0000355 seconds
2017-06-01T13:29:03.090-0100: 7104.323: Total time for which application threads were stopped: 0.0002138 seconds, Stopping threads took: 0.0000833 seconds
2017-06-01T13:29:03.093-0100: 7104.325: Total time for which application threads were stopped: 0.0003377 seconds, Stopping threads took: 0.0002326 seconds
2017-06-01T13:29:03.098-0100: 7104.330: Total time for which application threads were stopped: 0.0001618 seconds, Stopping threads took: 0.0000534 seconds
2017-06-01T13:29:03.098-0100: 7104.331: Total time for which application threads were stopped: 0.0000801 seconds, Stopping threads took: 0.0000105 seconds
2017-06-01T13:29:03.106-0100: 7104.338: Total time for which application threads were stopped: 0.0000830 seconds, Stopping threads took: 0.0000190 seconds
2017-06-01T13:29:03.106-0100: 7104.338: Total time for which application threads were stopped: 0.0000460 seconds, Stopping threads took: 0.0000071 seconds
2017-06-01T13:29:05.065-0100: 7106.298: Total time for which application threads were stopped: 0.0002031 seconds, Stopping threads took: 0.0000944 seconds
2017-06-01T13:29:05.066-0100: 7106.298: Total time for which application threads were stopped: 0.0001708 seconds, Stopping threads took: 0.0000906 seconds
2017-06-01T13:29:05.066-0100: 7106.298: Total time for which application threads were stopped: 0.0001655 seconds, Stopping threads took: 0.0000945 seconds
2017-06-01T13:29:05.066-0100: 7106.299: Total time for which application threads were stopped: 0.0001249 seconds, Stopping threads took: 0.0000552 seconds
2017-06-01T13:29:05.066-0100: 7106.299: Total time for which application threads were stopped: 0.0001323 seconds, Stopping threads took: 0.0000531 seconds
2017-06-01T13:29:05.066-0100: 7106.299: Total time for which application threads were stopped: 0.0000934 seconds, Stopping threads took: 0.0000109 seconds
2017-06-01T13:29:05.067-0100: 7106.300: Total time for which application threads were stopped: 0.0001345 seconds, Stopping threads took: 0.0000346 seconds
2017-06-01T13:29:05.067-0100: 7106.300: Total time for which application threads were stopped: 0.0000911 seconds, Stopping threads took: 0.0000123 seconds
2017-06-01T13:29:05.067-0100: 7106.300: Total time for which application threads were stopped: 0.0001613 seconds, Stopping threads took: 0.0000925 seconds
2017-06-01T13:29:05.068-0100: 7106.300: Total time for which application threads were stopped: 0.0001142 seconds, Stopping threads took: 0.0000497 seconds
2017-06-01T13:29:05.068-0100: 7106.300: Total time for which application threads were stopped: 0.0001314 seconds, Stopping threads took: 0.0000417 seconds
2017-06-01T13:29:05.068-0100: 7106.301: Total time for which application threads were stopped: 0.0001352 seconds, Stopping threads took: 0.0000663 seconds
2017-06-01T13:29:05.068-0100: 7106.301: Total time for which application threads were stopped: 0.0001056 seconds, Stopping threads took: 0.0000355 seconds
2017-06-01T13:29:05.068-0100: 7106.301: Total time for which application threads were stopped: 0.0001521 seconds, Stopping threads took: 0.0000653 seconds
2017-06-01T13:29:05.069-0100: 7106.302: Total time for which application threads were stopped: 0.0001835 seconds, Stopping threads took: 0.0000613 seconds
2017-06-01T13:29:05.069-0100: 7106.302: Total time for which application threads were stopped: 0.0001848 seconds, Stopping threads took: 0.0001040 seconds
2017-06-01T13:29:05.075-0100: 7106.308: Total time for which application threads were stopped: 0.0001418 seconds, Stopping threads took: 0.0000191 seconds
2017-06-01T13:29:05.075-0100: 7106.308: Total time for which application threads were stopped: 0.0001352 seconds, Stopping threads took: 0.0000140 seconds
2017-06-01T13:29:05.076-0100: 7106.308: Total time for which application threads were stopped: 0.0001168 seconds, Stopping threads took: 0.0000129 seconds
2017-06-01T13:29:05.076-0100: 7106.308: Total time for which application threads were stopped: 0.0001085 seconds, Stopping threads took: 0.0000105 seconds
2017-06-01T13:29:05.086-0100: 7106.319: Total time for which application threads were stopped: 0.0001911 seconds, Stopping threads took: 0.0000243 seconds
2017-06-01T13:29:05.086-0100: 7106.319: Total time for which application threads were stopped: 0.0001385 seconds, Stopping threads took: 0.0000229 seconds
2017-06-01T13:29:05.086-0100: 7106.319: Total time for which application threads were stopped: 0.0001028 seconds, Stopping threads took: 0.0000184 seconds
2017-06-01T13:29:06.886-0100: 7108.119: Total time for which application threads were stopped: 0.0001369 seconds, Stopping threads took: 0.0000178 seconds
2017-06-01T13:29:06.886-0100: 7108.119: Total time for which application threads were stopped: 0.0000715 seconds, Stopping threads took: 0.0000089 seconds
2017-06-01T13:29:06.894-0100: 7108.127: Total time for which application threads were stopped: 0.0001186 seconds, Stopping threads took: 0.0000238 seconds
2017-06-01T13:29:06.894-0100: 7108.127: Total time for which application threads were stopped: 0.0000700 seconds, Stopping threads took: 0.0000100 seconds
2017-06-01T13:29:10.898-0100: 7112.131: Total time for which application threads were stopped: 0.0000832 seconds, Stopping threads took: 0.0000192 seconds
2017-06-01T13:29:56.003-0100: 7157.236: Total time for which application threads were stopped: 0.0001321 seconds, Stopping threads took: 0.0000306 seconds
2017-06-01T13:29:57.008-0100: 7158.240: Total time for which application threads were stopped: 0.0001558 seconds, Stopping threads took: 0.0000356 seconds
2017-06-01T13:30:05.090-0100: 7166.322: Total time for which application threads were stopped: 0.0001093 seconds, Stopping threads took: 0.0000205 seconds
2017-06-01T13:30:06.897-0100: 7168.129: Total time for which application threads were stopped: 0.0001018 seconds, Stopping threads took: 0.0000229 seconds
2017-06-01T13:34:04.858-0100: 7406.089: Total time for which application threads were stopped: 0.0002029 seconds, Stopping threads took: 0.0000172 seconds
2017-06-01T13:34:04.963-0100: 7406.194: Total time for which application threads were stopped: 0.0001654 seconds, Stopping threads took: 0.0000198 seconds
2017-06-01T13:34:18.997-0100: 7420.227: Total time for which application threads were stopped: 0.0001005 seconds, Stopping threads took: 0.0000352 seconds
2017-06-01T13:34:29.442-0100: 7430.673: Total time for which application threads were stopped: 0.0000943 seconds, Stopping threads took: 0.0000160 seconds
2017-06-01T13:34:29.445-0100: 7430.675: Total time for which application threads were stopped: 0.0000734 seconds, Stopping threads took: 0.0000093 seconds
2017-06-01T13:34:46.769-0100: 7448.000: Total time for which application threads were stopped: 0.0001800 seconds, Stopping threads took: 0.0000175 seconds
2017-06-01T13:36:11.999-0100: 7533.229: Total time for which application threads were stopped: 0.0001822 seconds, Stopping threads took: 0.0000208 seconds
2017-06-01T13:36:12.018-0100: 7533.248: Total time for which application threads were stopped: 0.0001780 seconds, Stopping threads took: 0.0000232 seconds
2017-06-01T13:36:12.018-0100: 7533.248: Total time for which application threads were stopped: 0.0001032 seconds, Stopping threads took: 0.0000121 seconds
2017-06-01T13:36:12.028-0100: 7533.258: Total time for which application threads were stopped: 0.0001143 seconds, Stopping threads took: 0.0000233 seconds
2017-06-01T13:36:12.028-0100: 7533.258: Total time for which application threads were stopped: 0.0000900 seconds, Stopping threads took: 0.0000157 seconds
2017-06-01T13:36:12.044-0100: 7533.274: Total time for which application threads were stopped: 0.0001139 seconds, Stopping threads took: 0.0000171 seconds
2017-06-01T13:36:12.044-0100: 7533.274: Total time for which application threads were stopped: 0.0000609 seconds, Stopping threads took: 0.0000069 seconds
2017-06-01T13:36:12.052-0100: 7533.282: Total time for which application threads were stopped: 0.0001081 seconds, Stopping threads took: 0.0000243 seconds
2017-06-01T13:36:12.052-0100: 7533.282: Total time for which application threads were stopped: 0.0000619 seconds, Stopping threads took: 0.0000118 seconds
2017-06-01T13:36:13.040-0100: 7534.269: Total time for which application threads were stopped: 0.0000928 seconds, Stopping threads took: 0.0000146 seconds
{Heap before GC invocations=72 (full 1):
 par new generation   total 109248K, used 92690K [0x00000007a0000000, 0x00000007a8000000, 0x00000007a8000000)
  eden space 87424K,  99% used [0x00000007a0000000, 0x00000007a555f690, 0x00000007a5560000)
  from space 21824K,  24% used [0x00000007a5560000, 0x00000007a5a85390, 0x00000007a6ab0000)
  to   space 21824K,   0% used [0x00000007a6ab0000, 0x00000007a6ab0000, 0x00000007a8000000)
 concurrent mark-sweep generation total 393216K, used 38429K [0x00000007a8000000, 0x00000007c0000000, 0x00000007c0000000)
 Metaspace       used 38143K, capacity 39128K, committed 39364K, reserved 1083392K
  class space    used 4220K, capacity 4490K, committed 4580K, reserved 1048576K
2017-06-01T13:36:13.081-0100: 7534.311: [GC (Allocation Failure) 2017-06-01T13:36:13.081-0100: 7534.311: [ParNew
Desired survivor size 20112992 bytes, new threshold 8 (max 8)
- age   1:    5375264 bytes,    5375264 total
- age   2:     254800 bytes,    5630064 total
- age   3:     142176 bytes,    5772240 total
- age   4:     610312 bytes,    6382552 total
- age   5:       2832 bytes,    6385384 total
- age   6:     199288 bytes,    6584672 total
- age   7:       6008 bytes,    6590680 total
- age   8:    2630696 bytes,    9221376 total
: 92690K->11429K(109248K), 0.0072071 secs] 131119K->49940K(502464K), 0.0072665 secs] [Times: user=0.02 sys=0.00, real=0.00 secs] 
Heap after GC invocations=73 (full 1):
 par new generation   total 109248K, used 11429K [0x00000007a0000000, 0x00000007a8000000, 0x00000007a8000000)
  eden space 87424K,   0% used [0x00000007a0000000, 0x00000007a0000000, 0x00000007a5560000)
  from space 21824K,  52% used [0x00000007a6ab0000, 0x00000007a75d9688, 0x00000007a8000000)
  to   space 21824K,   0% used [0x00000007a5560000, 0x00000007a5560000, 0x00000007a6ab0000)
 concurrent mark-sweep generation total 393216K, used 38511K [0x00000007a8000000, 0x00000007c0000000, 0x00000007c0000000)
 Metaspace       used 38143K, capacity 39128K, committed 39364K, reserved 1083392K
  class space    used 4220K, capacity 4490K, committed 4580K, reserved 1048576K
}
2017-06-01T13:36:13.088-0100: 7534.318: Total time for which application threads were stopped: 0.0074377 seconds, Stopping threads took: 0.0000169 seconds
2017-06-01T13:36:13.089-0100: 7534.319: Total time for which application threads were stopped: 0.0001736 seconds, Stopping threads took: 0.0000549 seconds
2017-06-01T13:36:13.107-0100: 7534.336: Total time for which application threads were stopped: 0.0001078 seconds, Stopping threads took: 0.0000157 seconds
2017-06-01T13:36:13.196-0100: 7534.426: Total time for which application threads were stopped: 0.0001463 seconds, Stopping threads took: 0.0000163 seconds
2017-06-01T13:36:13.197-0100: 7534.426: Total time for which application threads were stopped: 0.0001487 seconds, Stopping threads took: 0.0000244 seconds
2017-06-01T13:36:13.197-0100: 7534.427: Total time for which application threads were stopped: 0.0000647 seconds, Stopping threads took: 0.0000093 seconds
2017-06-01T13:36:13.197-0100: 7534.427: Total time for which application threads were stopped: 0.0000523 seconds, Stopping threads took: 0.0000067 seconds
2017-06-01T13:36:13.197-0100: 7534.427: Total time for which application threads were stopped: 0.0000763 seconds, Stopping threads took: 0.0000077 seconds
2017-06-01T13:36:13.197-0100: 7534.427: Total time for which application threads were stopped: 0.0000583 seconds, Stopping threads took: 0.0000079 seconds
2017-06-01T13:36:13.197-0100: 7534.427: Total time for which application threads were stopped: 0.0000647 seconds, Stopping threads took: 0.0000098 seconds
2017-06-01T13:36:13.197-0100: 7534.427: Total time for which application threads were stopped: 0.0000494 seconds, Stopping threads took: 0.0000060 seconds
2017-06-01T13:36:13.197-0100: 7534.427: Total time for which application threads were stopped: 0.0000466 seconds, Stopping threads took: 0.0000055 seconds
2017-06-01T13:36:13.197-0100: 7534.427: Total time for which application threads were stopped: 0.0000459 seconds, Stopping threads took: 0.0000054 seconds
2017-06-01T13:36:13.197-0100: 7534.427: Total time for which application threads were stopped: 0.0000603 seconds, Stopping threads took: 0.0000062 seconds
2017-06-01T13:36:13.198-0100: 7534.427: Total time for which application threads were stopped: 0.0000602 seconds, Stopping threads took: 0.0000085 seconds
2017-06-01T13:36:13.198-0100: 7534.428: Total time for which application threads were stopped: 0.0000533 seconds, Stopping threads took: 0.0000068 seconds
2017-06-01T13:36:13.198-0100: 7534.428: Total time for which application threads were stopped: 0.0000614 seconds, Stopping threads took: 0.0000079 seconds
2017-06-01T13:36:13.198-0100: 7534.428: Total time for which application threads were stopped: 0.0000517 seconds, Stopping threads took: 0.0000066 seconds
2017-06-01T13:36:13.198-0100: 7534.428: Total time for which application threads were stopped: 0.0000486 seconds, Stopping threads took: 0.0000062 seconds
2017-06-01T13:36:13.209-0100: 7534.438: Total time for which application threads were stopped: 0.0001707 seconds, Stopping threads took: 0.0000621 seconds
2017-06-01T13:36:13.209-0100: 7534.439: Total time for which application threads were stopped: 0.0001136 seconds, Stopping threads took: 0.0000448 seconds
2017-06-01T13:36:13.283-0100: 7534.512: Total time for which application threads were stopped: 0.0001331 seconds, Stopping threads took: 0.0000138 seconds
2017-06-01T13:36:13.283-0100: 7534.513: Total time for which application threads were stopped: 0.0000408 seconds, Stopping threads took: 0.0000070 seconds
2017-06-01T13:36:13.283-0100: 7534.513: Total time for which application threads were stopped: 0.0000784 seconds, Stopping threads took: 0.0000049 seconds
2017-06-01T13:36:14.240-0100: 7535.469: Total time for which application threads were stopped: 0.0000897 seconds, Stopping threads took: 0.0000167 seconds
2017-06-01T13:36:14.245-0100: 7535.475: Total time for which application threads were stopped: 0.0001753 seconds, Stopping threads took: 0.0000646 seconds
2017-06-01T13:36:14.245-0100: 7535.475: Total time for which application threads were stopped: 0.0000975 seconds, Stopping threads took: 0.0000120 seconds
2017-06-01T13:36:14.253-0100: 7535.483: Total time for which application threads were stopped: 0.0000926 seconds, Stopping threads took: 0.0000181 seconds
2017-06-01T13:36:14.253-0100: 7535.483: Total time for which application threads were stopped: 0.0000516 seconds, Stopping threads took: 0.0000086 seconds
2017-06-01T13:36:15.426-0100: 7536.656: Total time for which application threads were stopped: 0.0001779 seconds, Stopping threads took: 0.0000457 seconds
2017-06-01T13:36:15.426-0100: 7536.656: Total time for which application threads were stopped: 0.0001131 seconds, Stopping threads took: 0.0000250 seconds
2017-06-01T13:36:15.426-0100: 7536.656: Total time for which application threads were stopped: 0.0000975 seconds, Stopping threads took: 0.0000108 seconds
2017-06-01T13:36:15.427-0100: 7536.656: Total time for which application threads were stopped: 0.0000919 seconds, Stopping threads took: 0.0000125 seconds
2017-06-01T13:36:15.427-0100: 7536.657: Total time for which application threads were stopped: 0.0002670 seconds, Stopping threads took: 0.0000120 seconds
2017-06-01T13:36:15.440-0100: 7536.670: Total time for which application threads were stopped: 0.0001508 seconds, Stopping threads took: 0.0000276 seconds
2017-06-01T13:36:15.440-0100: 7536.670: Total time for which application threads were stopped: 0.0001118 seconds, Stopping threads took: 0.0000134 seconds
2017-06-01T13:36:15.448-0100: 7536.678: Total time for which application threads were stopped: 0.0000892 seconds, Stopping threads took: 0.0000179 seconds
2017-06-01T13:36:15.448-0100: 7536.678: Total time for which application threads were stopped: 0.0000491 seconds, Stopping threads took: 0.0000087 seconds
2017-06-01T13:36:16.257-0100: 7537.487: Total time for which application threads were stopped: 0.0001171 seconds, Stopping threads took: 0.0000194 seconds
{Heap before GC invocations=73 (full 1):
 par new generation   total 109248K, used 98853K [0x00000007a0000000, 0x00000007a8000000, 0x00000007a8000000)
  eden space 87424K, 100% used [0x00000007a0000000, 0x00000007a5560000, 0x00000007a5560000)
  from space 21824K,  52% used [0x00000007a6ab0000, 0x00000007a75d9688, 0x00000007a8000000)
  to   space 21824K,   0% used [0x00000007a5560000, 0x00000007a5560000, 0x00000007a6ab0000)
 concurrent mark-sweep generation total 393216K, used 38511K [0x00000007a8000000, 0x00000007c0000000, 0x00000007c0000000)
 Metaspace       used 38175K, capacity 39192K, committed 39364K, reserved 1083392K
  class space    used 4220K, capacity 4490K, committed 4580K, reserved 1048576K
2017-06-01T13:36:16.289-0100: 7537.519: [GC (Allocation Failure) 2017-06-01T13:36:16.290-0100: 7537.520: [ParNew
Desired survivor size 20112992 bytes, new threshold 8 (max 8)
- age   1:    1953448 bytes,    1953448 total
- age   2:    4788328 bytes,    6741776 total
- age   3:     252872 bytes,    6994648 total
- age   4:     142176 bytes,    7136824 total
- age   5:     609912 bytes,    7746736 total
- age   6:       2832 bytes,    7749568 total
- age   7:     197768 bytes,    7947336 total
- age   8:       6008 bytes,    7953344 total
: 98853K->10273K(109248K), 0.0101468 secs] 137364K->51361K(502464K), 0.0112791 secs] [Times: user=0.03 sys=0.00, real=0.02 secs] 
Heap after GC invocations=74 (full 1):
 par new generation   total 109248K, used 10273K [0x00000007a0000000, 0x00000007a8000000, 0x00000007a8000000)
  eden space 87424K,   0% used [0x00000007a0000000, 0x00000007a0000000, 0x00000007a5560000)
  from space 21824K,  47% used [0x00000007a5560000, 0x00000007a5f686c0, 0x00000007a6ab0000)
  to   space 21824K,   0% used [0x00000007a6ab0000, 0x00000007a6ab0000, 0x00000007a8000000)
 concurrent mark-sweep generation total 393216K, used 41088K [0x00000007a8000000, 0x00000007c0000000, 0x00000007c0000000)
 Metaspace       used 38175K, capacity 39192K, committed 39364K, reserved 1083392K
  class space    used 4220K, capacity 4490K, committed 4580K, reserved 1048576K
}
2017-06-01T13:36:16.300-0100: 7537.530: Total time for which application threads were stopped: 0.0114603 seconds, Stopping threads took: 0.0000251 seconds
2017-06-01T13:36:16.301-0100: 7537.531: Total time for which application threads were stopped: 0.0003407 seconds, Stopping threads took: 0.0000969 seconds
2017-06-01T13:36:16.301-0100: 7537.531: Total time for which application threads were stopped: 0.0000991 seconds, Stopping threads took: 0.0000442 seconds
2017-06-01T13:36:16.301-0100: 7537.531: Total time for which application threads were stopped: 0.0001414 seconds, Stopping threads took: 0.0000515 seconds
{Heap before GC invocations=74 (full 1):
 par new generation   total 109248K, used 97697K [0x00000007a0000000, 0x00000007a8000000, 0x00000007a8000000)
  eden space 87424K, 100% used [0x00000007a0000000, 0x00000007a5560000, 0x00000007a5560000)
  from space 21824K,  47% used [0x00000007a5560000, 0x00000007a5f686c0, 0x00000007a6ab0000)
  to   space 21824K,   0% used [0x00000007a6ab0000, 0x00000007a6ab0000, 0x00000007a8000000)
 concurrent mark-sweep generation total 393216K, used 41088K [0x00000007a8000000, 0x00000007c0000000, 0x00000007c0000000)
 Metaspace       used 38175K, capacity 39192K, committed 39364K, reserved 1083392K
  class space    used 4220K, capacity 4490K, committed 4580K, reserved 1048576K
2017-06-01T13:36:16.326-0100: 7537.556: [GC (Allocation Failure) 2017-06-01T13:36:16.326-0100: 7537.556: [ParNew
Desired survivor size 20112992 bytes, new threshold 8 (max 8)
- age   1:     478784 bytes,     478784 total
- age   2:    1741416 bytes,    2220200 total
- age   3:    4778584 bytes,    6998784 total
- age   4:     252872 bytes,    7251656 total
- age   5:     142176 bytes,    7393832 total
- age   6:     609912 bytes,    8003744 total
- age   7:       2832 bytes,    8006576 total
- age   8:     197768 bytes,    8204344 total
: 97697K->8858K(109248K), 0.0055192 secs] 138785K->49953K(502464K), 0.0055925 secs] [Times: user=0.01 sys=0.00, real=0.01 secs] 
Heap after GC invocations=75 (full 1):
 par new generation   total 109248K, used 8858K [0x00000007a0000000, 0x00000007a8000000, 0x00000007a8000000)
  eden space 87424K,   0% used [0x00000007a0000000, 0x00000007a0000000, 0x00000007a5560000)
  from space 21824K,  40% used [0x00000007a6ab0000, 0x00000007a7356bb8, 0x00000007a8000000)
  to   space 21824K,   0% used [0x00000007a5560000, 0x00000007a5560000, 0x00000007a6ab0000)
 concurrent mark-sweep generation total 393216K, used 41094K [0x00000007a8000000, 0x00000007c0000000, 0x00000007c0000000)
 Metaspace       used 38175K, capacity 39192K, committed 39364K, reserved 1083392K
  class space    used 4220K, capacity 4490K, committed 4580K, reserved 1048576K
}
2017-06-01T13:36:16.332-0100: 7537.561: Total time for which application threads were stopped: 0.0058040 seconds, Stopping threads took: 0.0000212 seconds
2017-06-01T13:36:16.332-0100: 7537.562: Total time for which application threads were stopped: 0.0001775 seconds, Stopping threads took: 0.0000585 seconds
2017-06-01T13:36:16.355-0100: 7537.585: Total time for which application threads were stopped: 0.0001769 seconds, Stopping threads took: 0.0000158 seconds
2017-06-01T13:36:17.378-0100: 7538.608: Total time for which application threads were stopped: 0.0001321 seconds, Stopping threads took: 0.0000192 seconds
2017-06-01T13:36:17.378-0100: 7538.608: Total time for which application threads were stopped: 0.0000768 seconds, Stopping threads took: 0.0000162 seconds
2017-06-01T13:36:17.386-0100: 7538.616: Total time for which application threads were stopped: 0.0000932 seconds, Stopping threads took: 0.0000209 seconds
2017-06-01T13:36:17.386-0100: 7538.616: Total time for which application threads were stopped: 0.0000724 seconds, Stopping threads took: 0.0000112 seconds
2017-06-01T13:36:55.303-0100: 7576.533: Total time for which application threads were stopped: 0.0001282 seconds, Stopping threads took: 0.0000217 seconds
2017-06-01T13:36:55.304-0100: 7576.533: Total time for which application threads were stopped: 0.0001687 seconds, Stopping threads took: 0.0000768 seconds
2017-06-01T13:36:55.304-0100: 7576.533: Total time for which application threads were stopped: 0.0000879 seconds, Stopping threads took: 0.0000112 seconds
2017-06-01T13:36:55.304-0100: 7576.533: Total time for which application threads were stopped: 0.0001320 seconds, Stopping threads took: 0.0000602 seconds
2017-06-01T13:36:55.304-0100: 7576.534: Total time for which application threads were stopped: 0.0001229 seconds, Stopping threads took: 0.0000590 seconds
2017-06-01T13:36:55.305-0100: 7576.534: Total time for which application threads were stopped: 0.0001965 seconds, Stopping threads took: 0.0000983 seconds
2017-06-01T13:36:55.305-0100: 7576.535: Total time for which application threads were stopped: 0.0001081 seconds, Stopping threads took: 0.0000201 seconds
2017-06-01T13:36:55.305-0100: 7576.535: Total time for which application threads were stopped: 0.0001245 seconds, Stopping threads took: 0.0000555 seconds
2017-06-01T13:36:55.305-0100: 7576.535: Total time for which application threads were stopped: 0.0001228 seconds, Stopping threads took: 0.0000618 seconds
2017-06-01T13:36:55.306-0100: 7576.535: Total time for which application threads were stopped: 0.0001293 seconds, Stopping threads took: 0.0000591 seconds
2017-06-01T13:36:55.306-0100: 7576.535: Total time for which application threads were stopped: 0.0001259 seconds, Stopping threads took: 0.0000446 seconds
2017-06-01T13:36:55.306-0100: 7576.535: Total time for which application threads were stopped: 0.0000865 seconds, Stopping threads took: 0.0000325 seconds
2017-06-01T13:36:55.306-0100: 7576.536: Total time for which application threads were stopped: 0.0000748 seconds, Stopping threads took: 0.0000222 seconds
2017-06-01T13:36:55.307-0100: 7576.536: Total time for which application threads were stopped: 0.0001295 seconds, Stopping threads took: 0.0000304 seconds
2017-06-01T13:36:55.307-0100: 7576.537: Total time for which application threads were stopped: 0.0001491 seconds, Stopping threads took: 0.0000305 seconds
2017-06-01T13:36:55.313-0100: 7576.543: Total time for which application threads were stopped: 0.0001821 seconds, Stopping threads took: 0.0000242 seconds
2017-06-01T13:36:55.313-0100: 7576.543: Total time for which application threads were stopped: 0.0000839 seconds, Stopping threads took: 0.0000120 seconds
2017-06-01T13:36:55.313-0100: 7576.543: Total time for which application threads were stopped: 0.0000820 seconds, Stopping threads took: 0.0000090 seconds
2017-06-01T13:36:55.313-0100: 7576.543: Total time for which application threads were stopped: 0.0000995 seconds, Stopping threads took: 0.0000231 seconds
2017-06-01T13:36:55.324-0100: 7576.554: Total time for which application threads were stopped: 0.0001072 seconds, Stopping threads took: 0.0000333 seconds
2017-06-01T13:36:55.324-0100: 7576.554: Total time for which application threads were stopped: 0.0000562 seconds, Stopping threads took: 0.0000080 seconds
2017-06-01T13:36:57.126-0100: 7578.356: Total time for which application threads were stopped: 0.0001803 seconds, Stopping threads took: 0.0000336 seconds
2017-06-01T13:36:57.126-0100: 7578.356: Total time for which application threads were stopped: 0.0001047 seconds, Stopping threads took: 0.0000312 seconds
2017-06-01T13:36:57.135-0100: 7578.364: Total time for which application threads were stopped: 0.0001252 seconds, Stopping threads took: 0.0000415 seconds
2017-06-01T13:36:57.135-0100: 7578.365: Total time for which application threads were stopped: 0.0001083 seconds, Stopping threads took: 0.0000371 seconds
2017-06-01T13:37:11.192-0100: 7592.421: Total time for which application threads were stopped: 0.0000962 seconds, Stopping threads took: 0.0000183 seconds
2017-06-01T13:37:11.192-0100: 7592.422: Total time for which application threads were stopped: 0.0001026 seconds, Stopping threads took: 0.0000252 seconds
2017-06-01T13:37:11.193-0100: 7592.422: Total time for which application threads were stopped: 0.0000981 seconds, Stopping threads took: 0.0000363 seconds
2017-06-01T13:37:11.193-0100: 7592.423: Total time for which application threads were stopped: 0.0000734 seconds, Stopping threads took: 0.0000100 seconds
2017-06-01T13:37:11.193-0100: 7592.423: Total time for which application threads were stopped: 0.0000762 seconds, Stopping threads took: 0.0000100 seconds
2017-06-01T13:37:11.193-0100: 7592.423: Total time for which application threads were stopped: 0.0000877 seconds, Stopping threads took: 0.0000093 seconds
2017-06-01T13:37:11.202-0100: 7592.432: Total time for which application threads were stopped: 0.0001570 seconds, Stopping threads took: 0.0000430 seconds
2017-06-01T13:37:11.203-0100: 7592.432: Total time for which application threads were stopped: 0.0001015 seconds, Stopping threads took: 0.0000239 seconds
2017-06-01T13:37:11.203-0100: 7592.432: Total time for which application threads were stopped: 0.0000969 seconds, Stopping threads took: 0.0000379 seconds
2017-06-01T13:37:12.204-0100: 7593.434: Total time for which application threads were stopped: 0.0001045 seconds, Stopping threads took: 0.0000171 seconds
2017-06-01T13:37:13.270-0100: 7594.499: Total time for which application threads were stopped: 0.0001895 seconds, Stopping threads took: 0.0000669 seconds
2017-06-01T13:37:13.270-0100: 7594.500: Total time for which application threads were stopped: 0.0001226 seconds, Stopping threads took: 0.0000397 seconds
2017-06-01T13:37:13.279-0100: 7594.508: Total time for which application threads were stopped: 0.0001103 seconds, Stopping threads took: 0.0000240 seconds
2017-06-01T13:37:13.279-0100: 7594.508: Total time for which application threads were stopped: 0.0000678 seconds, Stopping threads took: 0.0000093 seconds
2017-06-01T13:37:13.316-0100: 7594.546: Total time for which application threads were stopped: 0.0001716 seconds, Stopping threads took: 0.0000230 seconds
2017-06-01T13:37:13.316-0100: 7594.546: Total time for which application threads were stopped: 0.0001268 seconds, Stopping threads took: 0.0000134 seconds
2017-06-01T13:37:13.325-0100: 7594.554: Total time for which application threads were stopped: 0.0002482 seconds, Stopping threads took: 0.0000261 seconds
2017-06-01T13:37:13.325-0100: 7594.555: Total time for which application threads were stopped: 0.0001769 seconds, Stopping threads took: 0.0000093 seconds
2017-06-01T13:37:13.325-0100: 7594.555: Total time for which application threads were stopped: 0.0001554 seconds, Stopping threads took: 0.0000108 seconds
2017-06-01T13:37:25.113-0100: 7606.342: Total time for which application threads were stopped: 0.0001159 seconds, Stopping threads took: 0.0000200 seconds
2017-06-01T13:37:25.116-0100: 7606.345: Total time for which application threads were stopped: 0.0001063 seconds, Stopping threads took: 0.0000170 seconds
{Heap before GC invocations=75 (full 1):
 par new generation   total 109248K, used 96282K [0x00000007a0000000, 0x00000007a8000000, 0x00000007a8000000)
  eden space 87424K, 100% used [0x00000007a0000000, 0x00000007a5560000, 0x00000007a5560000)
  from space 21824K,  40% used [0x00000007a6ab0000, 0x00000007a7356bb8, 0x00000007a8000000)
  to   space 21824K,   0% used [0x00000007a5560000, 0x00000007a5560000, 0x00000007a6ab0000)
 concurrent mark-sweep generation total 393216K, used 41094K [0x00000007a8000000, 0x00000007c0000000, 0x00000007c0000000)
 Metaspace       used 38213K, capacity 39192K, committed 39364K, reserved 1083392K
  class space    used 4221K, capacity 4490K, committed 4580K, reserved 1048576K
2017-06-01T13:37:25.145-0100: 7606.375: [GC (Allocation Failure) 2017-06-01T13:37:25.145-0100: 7606.375: [ParNew
Desired survivor size 20112992 bytes, new threshold 8 (max 8)
- age   1:    1298488 bytes,    1298488 total
- age   2:       2480 bytes,    1300968 total
- age   3:     839856 bytes,    2140824 total
- age   4:    4715024 bytes,    6855848 total
- age   5:     252864 bytes,    7108712 total
- age   6:     142176 bytes,    7250888 total
- age   7:     609776 bytes,    7860664 total
- age   8:       2832 bytes,    7863496 total
: 96282K->9421K(109248K), 0.0082678 secs] 137377K->50710K(502464K), 0.0083325 secs] [Times: user=0.03 sys=0.00, real=0.01 secs] 
Heap after GC invocations=76 (full 1):
 par new generation   total 109248K, used 9421K [0x00000007a0000000, 0x00000007a8000000, 0x00000007a8000000)
  eden space 87424K,   0% used [0x00000007a0000000, 0x00000007a0000000, 0x00000007a5560000)
  from space 21824K,  43% used [0x00000007a5560000, 0x00000007a5e936e8, 0x00000007a6ab0000)
  to   space 21824K,   0% used [0x00000007a6ab0000, 0x00000007a6ab0000, 0x00000007a8000000)
 concurrent mark-sweep generation total 393216K, used 41289K [0x00000007a8000000, 0x00000007c0000000, 0x00000007c0000000)
 Metaspace       used 38213K, capacity 39192K, committed 39364K, reserved 1083392K
  class space    used 4221K, capacity 4490K, committed 4580K, reserved 1048576K
}
2017-06-01T13:37:25.154-0100: 7606.383: Total time for which application threads were stopped: 0.0085299 seconds, Stopping threads took: 0.0000284 seconds
2017-06-01T13:37:25.154-0100: 7606.383: Total time for which application threads were stopped: 0.0002922 seconds, Stopping threads took: 0.0000897 seconds
2017-06-01T13:37:25.170-0100: 7606.399: Total time for which application threads were stopped: 0.0001533 seconds, Stopping threads took: 0.0000477 seconds
2017-06-01T13:37:25.261-0100: 7606.490: Total time for which application threads were stopped: 0.0001742 seconds, Stopping threads took: 0.0000567 seconds
2017-06-01T13:37:25.261-0100: 7606.490: Total time for which application threads were stopped: 0.0000580 seconds, Stopping threads took: 0.0000076 seconds
2017-06-01T13:37:25.261-0100: 7606.491: Total time for which application threads were stopped: 0.0000497 seconds, Stopping threads took: 0.0000060 seconds
2017-06-01T13:37:25.261-0100: 7606.491: Total time for which application threads were stopped: 0.0000480 seconds, Stopping threads took: 0.0000059 seconds
2017-06-01T13:37:25.261-0100: 7606.491: Total time for which application threads were stopped: 0.0000497 seconds, Stopping threads took: 0.0000060 seconds
2017-06-01T13:37:25.261-0100: 7606.491: Total time for which application threads were stopped: 0.0000632 seconds, Stopping threads took: 0.0000108 seconds
2017-06-01T13:37:25.261-0100: 7606.491: Total time for which application threads were stopped: 0.0000606 seconds, Stopping threads took: 0.0000084 seconds
2017-06-01T13:37:25.262-0100: 7606.491: Total time for which application threads were stopped: 0.0000518 seconds, Stopping threads took: 0.0000065 seconds
2017-06-01T13:37:25.262-0100: 7606.491: Total time for which application threads were stopped: 0.0001417 seconds, Stopping threads took: 0.0000060 seconds
2017-06-01T13:37:25.268-0100: 7606.497: Total time for which application threads were stopped: 0.0002794 seconds, Stopping threads took: 0.0000883 seconds
2017-06-01T13:37:25.268-0100: 7606.498: Total time for which application threads were stopped: 0.0002012 seconds, Stopping threads took: 0.0000094 seconds
2017-06-01T13:37:25.334-0100: 7606.563: Total time for which application threads were stopped: 0.0000874 seconds, Stopping threads took: 0.0000131 seconds
2017-06-01T13:37:25.334-0100: 7606.563: Total time for which application threads were stopped: 0.0000378 seconds, Stopping threads took: 0.0000056 seconds
2017-06-01T13:37:25.334-0100: 7606.564: Total time for which application threads were stopped: 0.0000306 seconds, Stopping threads took: 0.0000043 seconds
2017-06-01T13:37:25.334-0100: 7606.564: Total time for which application threads were stopped: 0.0000392 seconds, Stopping threads took: 0.0000060 seconds
2017-06-01T13:37:25.334-0100: 7606.564: Total time for which application threads were stopped: 0.0000662 seconds, Stopping threads took: 0.0000166 seconds
2017-06-01T13:37:25.334-0100: 7606.564: Total time for which application threads were stopped: 0.0000396 seconds, Stopping threads took: 0.0000060 seconds
2017-06-01T13:37:25.334-0100: 7606.564: Total time for which application threads were stopped: 0.0000321 seconds, Stopping threads took: 0.0000048 seconds
2017-06-01T13:37:25.335-0100: 7606.564: Total time for which application threads were stopped: 0.0000307 seconds, Stopping threads took: 0.0000047 seconds
2017-06-01T13:37:25.335-0100: 7606.564: Total time for which application threads were stopped: 0.0000324 seconds, Stopping threads took: 0.0000049 seconds
2017-06-01T13:37:25.335-0100: 7606.564: Total time for which application threads were stopped: 0.0000305 seconds, Stopping threads took: 0.0000044 seconds
2017-06-01T13:37:25.335-0100: 7606.564: Total time for which application threads were stopped: 0.0000397 seconds, Stopping threads took: 0.0000062 seconds
2017-06-01T13:37:25.335-0100: 7606.564: Total time for which application threads were stopped: 0.0000326 seconds, Stopping threads took: 0.0000048 seconds
2017-06-01T13:37:25.335-0100: 7606.564: Total time for which application threads were stopped: 0.0000305 seconds, Stopping threads took: 0.0000044 seconds
2017-06-01T13:37:25.335-0100: 7606.564: Total time for which application threads were stopped: 0.0000298 seconds, Stopping threads took: 0.0000042 seconds
2017-06-01T13:37:26.205-0100: 7607.435: Total time for which application threads were stopped: 0.0002546 seconds, Stopping threads took: 0.0000383 seconds
2017-06-01T13:37:26.214-0100: 7607.444: Total time for which application threads were stopped: 0.0001142 seconds, Stopping threads took: 0.0000224 seconds
2017-06-01T13:37:26.215-0100: 7607.444: Total time for which application threads were stopped: 0.0000704 seconds, Stopping threads took: 0.0000120 seconds
2017-06-01T13:37:26.215-0100: 7607.444: Total time for which application threads were stopped: 0.0000643 seconds, Stopping threads took: 0.0000115 seconds
2017-06-01T13:37:26.215-0100: 7607.445: Total time for which application threads were stopped: 0.0000471 seconds, Stopping threads took: 0.0000074 seconds
2017-06-01T13:37:26.295-0100: 7607.524: Total time for which application threads were stopped: 0.0001288 seconds, Stopping threads took: 0.0000217 seconds
2017-06-01T13:37:26.301-0100: 7607.531: Total time for which application threads were stopped: 0.0001331 seconds, Stopping threads took: 0.0000188 seconds
2017-06-01T13:37:26.301-0100: 7607.531: Total time for which application threads were stopped: 0.0001267 seconds, Stopping threads took: 0.0000136 seconds
2017-06-01T13:37:26.309-0100: 7607.539: Total time for which application threads were stopped: 0.0001161 seconds, Stopping threads took: 0.0000234 seconds
2017-06-01T13:37:26.309-0100: 7607.539: Total time for which application threads were stopped: 0.0000647 seconds, Stopping threads took: 0.0000106 seconds
2017-06-01T13:37:28.196-0100: 7609.426: Total time for which application threads were stopped: 0.0001370 seconds, Stopping threads took: 0.0000415 seconds
2017-06-01T13:37:28.200-0100: 7609.429: Total time for which application threads were stopped: 0.0001125 seconds, Stopping threads took: 0.0000203 seconds
{Heap before GC invocations=76 (full 1):
 par new generation   total 109248K, used 96833K [0x00000007a0000000, 0x00000007a8000000, 0x00000007a8000000)
  eden space 87424K,  99% used [0x00000007a0000000, 0x00000007a555ceb8, 0x00000007a5560000)
  from space 21824K,  43% used [0x00000007a5560000, 0x00000007a5e936e8, 0x00000007a6ab0000)
  to   space 21824K,   0% used [0x00000007a6ab0000, 0x00000007a6ab0000, 0x00000007a8000000)
 concurrent mark-sweep generation total 393216K, used 41289K [0x00000007a8000000, 0x00000007c0000000, 0x00000007c0000000)
 Metaspace       used 38229K, capacity 39256K, committed 39364K, reserved 1083392K
  class space    used 4221K, capacity 4490K, committed 4580K, reserved 1048576K
2017-06-01T13:37:28.223-0100: 7609.452: [GC (Allocation Failure) 2017-06-01T13:37:28.223-0100: 7609.452: [ParNew
Desired survivor size 20112992 bytes, new threshold 8 (max 8)
- age   1:    1653968 bytes,    1653968 total
- age   2:     838768 bytes,    2492736 total
- age   3:       2480 bytes,    2495216 total
- age   4:     711464 bytes,    3206680 total
- age   5:    4707360 bytes,    7914040 total
- age   6:     248416 bytes,    8162456 total
- age   7:     142096 bytes,    8304552 total
- age   8:     608472 bytes,    8913024 total
: 96833K->10067K(109248K), 0.0064449 secs] 138122K->51359K(502464K), 0.0065205 secs] [Times: user=0.02 sys=0.00, real=0.00 secs] 
Heap after GC invocations=77 (full 1):
 par new generation   total 109248K, used 10067K [0x00000007a0000000, 0x00000007a8000000, 0x00000007a8000000)
  eden space 87424K,   0% used [0x00000007a0000000, 0x00000007a0000000, 0x00000007a5560000)
  from space 21824K,  46% used [0x00000007a6ab0000, 0x00000007a7484e80, 0x00000007a8000000)
  to   space 21824K,   0% used [0x00000007a5560000, 0x00000007a5560000, 0x00000007a6ab0000)
 concurrent mark-sweep generation total 393216K, used 41292K [0x00000007a8000000, 0x00000007c0000000, 0x00000007c0000000)
 Metaspace       used 38229K, capacity 39256K, committed 39364K, reserved 1083392K
  class space    used 4221K, capacity 4490K, committed 4580K, reserved 1048576K
}
2017-06-01T13:37:28.229-0100: 7609.458: Total time for which application threads were stopped: 0.0067094 seconds, Stopping threads took: 0.0000187 seconds
2017-06-01T13:37:28.229-0100: 7609.459: Total time for which application threads were stopped: 0.0001774 seconds, Stopping threads took: 0.0000603 seconds
2017-06-01T13:37:28.230-0100: 7609.459: Total time for which application threads were stopped: 0.0002169 seconds, Stopping threads took: 0.0000471 seconds
2017-06-01T13:37:28.230-0100: 7609.459: Total time for which application threads were stopped: 0.0000805 seconds, Stopping threads took: 0.0000367 seconds
2017-06-01T13:37:28.254-0100: 7609.483: Total time for which application threads were stopped: 0.0001883 seconds, Stopping threads took: 0.0000455 seconds
2017-06-01T13:37:28.259-0100: 7609.489: Total time for which application threads were stopped: 0.0003837 seconds, Stopping threads took: 0.0000700 seconds
2017-06-01T13:37:28.260-0100: 7609.489: Total time for which application threads were stopped: 0.0000665 seconds, Stopping threads took: 0.0000109 seconds
2017-06-01T13:37:28.260-0100: 7609.489: Total time for which application threads were stopped: 0.0000524 seconds, Stopping threads took: 0.0000092 seconds
2017-06-01T13:37:28.260-0100: 7609.489: Total time for which application threads were stopped: 0.0000820 seconds, Stopping threads took: 0.0000117 seconds
2017-06-01T13:37:28.260-0100: 7609.489: Total time for which application threads were stopped: 0.0000780 seconds, Stopping threads took: 0.0000101 seconds
2017-06-01T13:37:28.260-0100: 7609.489: Total time for which application threads were stopped: 0.0000683 seconds, Stopping threads took: 0.0000091 seconds
2017-06-01T13:37:28.260-0100: 7609.489: Total time for which application threads were stopped: 0.0000699 seconds, Stopping threads took: 0.0000094 seconds
2017-06-01T13:37:28.260-0100: 7609.490: Total time for which application threads were stopped: 0.0000698 seconds, Stopping threads took: 0.0000089 seconds
2017-06-01T13:37:28.260-0100: 7609.490: Total time for which application threads were stopped: 0.0000658 seconds, Stopping threads took: 0.0000082 seconds
2017-06-01T13:37:28.260-0100: 7609.490: Total time for which application threads were stopped: 0.0000718 seconds, Stopping threads took: 0.0000088 seconds
2017-06-01T13:37:28.261-0100: 7609.490: Total time for which application threads were stopped: 0.0000689 seconds, Stopping threads took: 0.0000094 seconds
2017-06-01T13:37:28.261-0100: 7609.490: Total time for which application threads were stopped: 0.0000621 seconds, Stopping threads took: 0.0000085 seconds
2017-06-01T13:37:28.261-0100: 7609.490: Total time for which application threads were stopped: 0.0000651 seconds, Stopping threads took: 0.0000083 seconds
2017-06-01T13:37:28.261-0100: 7609.490: Total time for which application threads were stopped: 0.0000613 seconds, Stopping threads took: 0.0000076 seconds
2017-06-01T13:37:28.261-0100: 7609.490: Total time for which application threads were stopped: 0.0000584 seconds, Stopping threads took: 0.0000075 seconds
2017-06-01T13:37:28.261-0100: 7609.490: Total time for which application threads were stopped: 0.0000534 seconds, Stopping threads took: 0.0000080 seconds
2017-06-01T13:37:28.267-0100: 7609.497: Total time for which application threads were stopped: 0.0001896 seconds, Stopping threads took: 0.0000697 seconds
2017-06-01T13:37:28.350-0100: 7609.580: Total time for which application threads were stopped: 0.0000719 seconds, Stopping threads took: 0.0000130 seconds
2017-06-01T13:37:28.351-0100: 7609.580: Total time for which application threads were stopped: 0.0001117 seconds, Stopping threads took: 0.0000055 seconds
2017-06-01T13:37:28.351-0100: 7609.580: Total time for which application threads were stopped: 0.0000394 seconds, Stopping threads took: 0.0000061 seconds
2017-06-01T13:37:28.351-0100: 7609.580: Total time for which application threads were stopped: 0.0000322 seconds, Stopping threads took: 0.0000051 seconds
2017-06-01T13:37:28.351-0100: 7609.580: Total time for which application threads were stopped: 0.0000312 seconds, Stopping threads took: 0.0000050 seconds
2017-06-01T13:37:29.295-0100: 7610.524: Total time for which application threads were stopped: 0.0001197 seconds, Stopping threads took: 0.0000211 seconds
2017-06-01T13:37:29.301-0100: 7610.530: Total time for which application threads were stopped: 0.0002229 seconds, Stopping threads took: 0.0000448 seconds
2017-06-01T13:37:29.301-0100: 7610.531: Total time for which application threads were stopped: 0.0001217 seconds, Stopping threads took: 0.0000125 seconds
2017-06-01T13:37:29.309-0100: 7610.538: Total time for which application threads were stopped: 0.0001283 seconds, Stopping threads took: 0.0000298 seconds
2017-06-01T13:37:29.309-0100: 7610.538: Total time for which application threads were stopped: 0.0000707 seconds, Stopping threads took: 0.0000128 seconds
2017-06-01T13:37:49.500-0100: 7630.729: Total time for which application threads were stopped: 0.0001375 seconds, Stopping threads took: 0.0000226 seconds
2017-06-01T13:37:49.503-0100: 7630.733: Total time for which application threads were stopped: 0.0001143 seconds, Stopping threads took: 0.0000194 seconds
{Heap before GC invocations=77 (full 1):
 par new generation   total 109248K, used 97491K [0x00000007a0000000, 0x00000007a8000000, 0x00000007a8000000)
  eden space 87424K, 100% used [0x00000007a0000000, 0x00000007a5560000, 0x00000007a5560000)
  from space 21824K,  46% used [0x00000007a6ab0000, 0x00000007a7484e80, 0x00000007a8000000)
  to   space 21824K,   0% used [0x00000007a5560000, 0x00000007a5560000, 0x00000007a6ab0000)
 concurrent mark-sweep generation total 393216K, used 41292K [0x00000007a8000000, 0x00000007c0000000, 0x00000007c0000000)
 Metaspace       used 38241K, capacity 39256K, committed 39364K, reserved 1083392K
  class space    used 4221K, capacity 4490K, committed 4580K, reserved 1048576K
2017-06-01T13:37:49.521-0100: 7630.750: [GC (Allocation Failure) 2017-06-01T13:37:49.521-0100: 7630.750: [ParNew
Desired survivor size 20112992 bytes, new threshold 8 (max 8)
- age   1:    1591472 bytes,    1591472 total
- age   2:    1227624 bytes,    2819096 total
- age   3:     825648 bytes,    3644744 total
- age   4:       2480 bytes,    3647224 total
- age   5:     194888 bytes,    3842112 total
- age   6:    4201256 bytes,    8043368 total
- age   7:     248416 bytes,    8291784 total
- age   8:     142096 bytes,    8433880 total
: 97491K->10892K(109248K), 0.0074081 secs] 138783K->52780K(502464K), 0.0074817 secs] [Times: user=0.02 sys=0.00, real=0.00 secs] 
Heap after GC invocations=78 (full 1):
 par new generation   total 109248K, used 10892K [0x00000007a0000000, 0x00000007a8000000, 0x00000007a8000000)
  eden space 87424K,   0% used [0x00000007a0000000, 0x00000007a0000000, 0x00000007a5560000)
  from space 21824K,  49% used [0x00000007a5560000, 0x00000007a60033f0, 0x00000007a6ab0000)
  to   space 21824K,   0% used [0x00000007a6ab0000, 0x00000007a6ab0000, 0x00000007a8000000)
 concurrent mark-sweep generation total 393216K, used 41887K [0x00000007a8000000, 0x00000007c0000000, 0x00000007c0000000)
 Metaspace       used 38241K, capacity 39256K, committed 39364K, reserved 1083392K
  class space    used 4221K, capacity 4490K, committed 4580K, reserved 1048576K
}
2017-06-01T13:37:49.528-0100: 7630.757: Total time for which application threads were stopped: 0.0076670 seconds, Stopping threads took: 0.0000178 seconds
2017-06-01T13:37:49.529-0100: 7630.758: Total time for which application threads were stopped: 0.0001948 seconds, Stopping threads took: 0.0000652 seconds
2017-06-01T13:37:49.529-0100: 7630.758: Total time for which application threads were stopped: 0.0001593 seconds, Stopping threads took: 0.0000620 seconds
2017-06-01T13:37:49.529-0100: 7630.758: Total time for which application threads were stopped: 0.0001635 seconds, Stopping threads took: 0.0000622 seconds
2017-06-01T13:37:49.554-0100: 7630.783: Total time for which application threads were stopped: 0.0001353 seconds, Stopping threads took: 0.0000311 seconds
2017-06-01T13:37:49.563-0100: 7630.793: Total time for which application threads were stopped: 0.0001327 seconds, Stopping threads took: 0.0000164 seconds
2017-06-01T13:37:49.564-0100: 7630.793: Total time for which application threads were stopped: 0.0000668 seconds, Stopping threads took: 0.0000085 seconds
2017-06-01T13:37:49.564-0100: 7630.793: Total time for which application threads were stopped: 0.0000502 seconds, Stopping threads took: 0.0000063 seconds
2017-06-01T13:37:49.564-0100: 7630.793: Total time for which application threads were stopped: 0.0000483 seconds, Stopping threads took: 0.0000057 seconds
2017-06-01T13:37:49.564-0100: 7630.793: Total time for which application threads were stopped: 0.0000492 seconds, Stopping threads took: 0.0000059 seconds
2017-06-01T13:37:49.564-0100: 7630.793: Total time for which application threads were stopped: 0.0000742 seconds, Stopping threads took: 0.0000206 seconds
2017-06-01T13:37:49.564-0100: 7630.793: Total time for which application threads were stopped: 0.0000497 seconds, Stopping threads took: 0.0000060 seconds
2017-06-01T13:37:49.564-0100: 7630.793: Total time for which application threads were stopped: 0.0000600 seconds, Stopping threads took: 0.0000084 seconds
2017-06-01T13:37:49.564-0100: 7630.794: Total time for which application threads were stopped: 0.0001442 seconds, Stopping threads took: 0.0000801 seconds
2017-06-01T13:37:49.564-0100: 7630.794: Total time for which application threads were stopped: 0.0000530 seconds, Stopping threads took: 0.0000080 seconds
2017-06-01T13:37:49.565-0100: 7630.794: Total time for which application threads were stopped: 0.0000803 seconds, Stopping threads took: 0.0000205 seconds
2017-06-01T13:37:49.565-0100: 7630.794: Total time for which application threads were stopped: 0.0000626 seconds, Stopping threads took: 0.0000072 seconds
2017-06-01T13:37:49.571-0100: 7630.800: Total time for which application threads were stopped: 0.0001960 seconds, Stopping threads took: 0.0000896 seconds
2017-06-01T13:37:49.571-0100: 7630.800: Total time for which application threads were stopped: 0.0001292 seconds, Stopping threads took: 0.0000607 seconds
2017-06-01T13:37:49.636-0100: 7630.865: Total time for which application threads were stopped: 0.0000919 seconds, Stopping threads took: 0.0000134 seconds
2017-06-01T13:37:49.636-0100: 7630.865: Total time for which application threads were stopped: 0.0000395 seconds, Stopping threads took: 0.0000061 seconds
2017-06-01T13:37:49.636-0100: 7630.865: Total time for which application threads were stopped: 0.0000304 seconds, Stopping threads took: 0.0000045 seconds
2017-06-01T13:37:49.636-0100: 7630.865: Total time for which application threads were stopped: 0.0000308 seconds, Stopping threads took: 0.0000045 seconds
2017-06-01T13:37:49.636-0100: 7630.865: Total time for which application threads were stopped: 0.0000297 seconds, Stopping threads took: 0.0000043 seconds
2017-06-01T13:37:49.636-0100: 7630.865: Total time for which application threads were stopped: 0.0000304 seconds, Stopping threads took: 0.0000048 seconds
2017-06-01T13:37:49.636-0100: 7630.865: Total time for which application threads were stopped: 0.0000340 seconds, Stopping threads took: 0.0000047 seconds
2017-06-01T13:37:49.636-0100: 7630.865: Total time for which application threads were stopped: 0.0000302 seconds, Stopping threads took: 0.0000046 seconds
2017-06-01T13:37:49.636-0100: 7630.865: Total time for which application threads were stopped: 0.0000295 seconds, Stopping threads took: 0.0000044 seconds
2017-06-01T13:37:49.636-0100: 7630.866: Total time for which application threads were stopped: 0.0000392 seconds, Stopping threads took: 0.0000059 seconds
2017-06-01T13:37:49.636-0100: 7630.866: Total time for which application threads were stopped: 0.0000349 seconds, Stopping threads took: 0.0000048 seconds
2017-06-01T13:37:49.636-0100: 7630.866: Total time for which application threads were stopped: 0.0000316 seconds, Stopping threads took: 0.0000048 seconds
2017-06-01T13:37:49.637-0100: 7630.866: Total time for which application threads were stopped: 0.0000303 seconds, Stopping threads took: 0.0000044 seconds
2017-06-01T13:37:49.637-0100: 7630.866: Total time for which application threads were stopped: 0.0000302 seconds, Stopping threads took: 0.0000046 seconds
2017-06-01T13:37:49.637-0100: 7630.866: Total time for which application threads were stopped: 0.0000412 seconds, Stopping threads took: 0.0000064 seconds
2017-06-01T13:37:49.637-0100: 7630.866: Total time for which application threads were stopped: 0.0000446 seconds, Stopping threads took: 0.0000083 seconds
2017-06-01T13:37:49.637-0100: 7630.866: Total time for which application threads were stopped: 0.0000337 seconds, Stopping threads took: 0.0000051 seconds
2017-06-01T13:37:49.637-0100: 7630.866: Total time for which application threads were stopped: 0.0000324 seconds, Stopping threads took: 0.0000051 seconds
2017-06-01T13:37:50.605-0100: 7631.834: Total time for which application threads were stopped: 0.0001246 seconds, Stopping threads took: 0.0000178 seconds
2017-06-01T13:37:50.609-0100: 7631.838: Total time for which application threads were stopped: 0.0001530 seconds, Stopping threads took: 0.0000378 seconds
2017-06-01T13:37:50.609-0100: 7631.838: Total time for which application threads were stopped: 0.0000829 seconds, Stopping threads took: 0.0000091 seconds
2017-06-01T13:37:50.617-0100: 7631.846: Total time for which application threads were stopped: 0.0000956 seconds, Stopping threads took: 0.0000187 seconds
2017-06-01T13:37:50.617-0100: 7631.847: Total time for which application threads were stopped: 0.0000482 seconds, Stopping threads took: 0.0000078 seconds
2017-06-01T13:37:54.811-0100: 7636.040: Total time for which application threads were stopped: 0.0001663 seconds, Stopping threads took: 0.0000357 seconds
2017-06-01T13:37:54.811-0100: 7636.040: Total time for which application threads were stopped: 0.0001513 seconds, Stopping threads took: 0.0000716 seconds
2017-06-01T13:37:54.811-0100: 7636.040: Total time for which application threads were stopped: 0.0001055 seconds, Stopping threads took: 0.0000146 seconds
2017-06-01T13:37:54.811-0100: 7636.041: Total time for which application threads were stopped: 0.0001115 seconds, Stopping threads took: 0.0000260 seconds
2017-06-01T13:37:54.812-0100: 7636.041: Total time for which application threads were stopped: 0.0002539 seconds, Stopping threads took: 0.0000107 seconds
2017-06-01T13:37:54.818-0100: 7636.047: Total time for which application threads were stopped: 0.0001558 seconds, Stopping threads took: 0.0000380 seconds
2017-06-01T13:37:54.818-0100: 7636.047: Total time for which application threads were stopped: 0.0000803 seconds, Stopping threads took: 0.0000091 seconds
2017-06-01T13:37:54.827-0100: 7636.056: Total time for which application threads were stopped: 0.0001192 seconds, Stopping threads took: 0.0000251 seconds
2017-06-01T13:37:54.827-0100: 7636.056: Total time for which application threads were stopped: 0.0001124 seconds, Stopping threads took: 0.0000340 seconds
{Heap before GC invocations=78 (full 1):
 par new generation   total 109248K, used 98316K [0x00000007a0000000, 0x00000007a8000000, 0x00000007a8000000)
  eden space 87424K, 100% used [0x00000007a0000000, 0x00000007a5560000, 0x00000007a5560000)
  from space 21824K,  49% used [0x00000007a5560000, 0x00000007a60033f0, 0x00000007a6ab0000)
  to   space 21824K,   0% used [0x00000007a6ab0000, 0x00000007a6ab0000, 0x00000007a8000000)
 concurrent mark-sweep generation total 393216K, used 41887K [0x00000007a8000000, 0x00000007c0000000, 0x00000007c0000000)
 Metaspace       used 38252K, capacity 39256K, committed 39364K, reserved 1083392K
  class space    used 4221K, capacity 4490K, committed 4580K, reserved 1048576K
2017-06-01T13:37:57.748-0100: 7638.977: [GC (Allocation Failure) 2017-06-01T13:37:57.748-0100: 7638.977: [ParNew
Desired survivor size 20112992 bytes, new threshold 8 (max 8)
- age   1:    1665416 bytes,    1665416 total
- age   2:    1197440 bytes,    2862856 total
- age   3:     696040 bytes,    3558896 total
- age   4:     337048 bytes,    3895944 total
- age   5:       2480 bytes,    3898424 total
- age   6:     194520 bytes,    4092944 total
- age   7:    4201208 bytes,    8294152 total
- age   8:     248416 bytes,    8542568 total
: 98316K->10131K(109248K), 0.0076867 secs] 140204K->52160K(502464K), 0.0077615 secs] [Times: user=0.02 sys=0.01, real=0.01 secs] 
Heap after GC invocations=79 (full 1):
 par new generation   total 109248K, used 10131K [0x00000007a0000000, 0x00000007a8000000, 0x00000007a8000000)
  eden space 87424K,   0% used [0x00000007a0000000, 0x00000007a0000000, 0x00000007a5560000)
  from space 21824K,  46% used [0x00000007a6ab0000, 0x00000007a7494cc0, 0x00000007a8000000)
  to   space 21824K,   0% used [0x00000007a5560000, 0x00000007a5560000, 0x00000007a6ab0000)
 concurrent mark-sweep generation total 393216K, used 42029K [0x00000007a8000000, 0x00000007c0000000, 0x00000007c0000000)
 Metaspace       used 38252K, capacity 39256K, committed 39364K, reserved 1083392K
  class space    used 4221K, capacity 4490K, committed 4580K, reserved 1048576K
}
2017-06-01T13:37:57.755-0100: 7638.984: Total time for which application threads were stopped: 0.0079477 seconds, Stopping threads took: 0.0000187 seconds
2017-06-01T13:37:57.756-0100: 7638.985: Total time for which application threads were stopped: 0.0001461 seconds, Stopping threads took: 0.0000642 seconds
2017-06-01T13:37:57.756-0100: 7638.985: Total time for which application threads were stopped: 0.0001434 seconds, Stopping threads took: 0.0000504 seconds
2017-06-01T13:37:57.756-0100: 7638.985: Total time for which application threads were stopped: 0.0000937 seconds, Stopping threads took: 0.0000434 seconds
{Heap before GC invocations=79 (full 1):
 par new generation   total 109248K, used 97555K [0x00000007a0000000, 0x00000007a8000000, 0x00000007a8000000)
  eden space 87424K, 100% used [0x00000007a0000000, 0x00000007a5560000, 0x00000007a5560000)
  from space 21824K,  46% used [0x00000007a6ab0000, 0x00000007a7494cc0, 0x00000007a8000000)
  to   space 21824K,   0% used [0x00000007a5560000, 0x00000007a5560000, 0x00000007a6ab0000)
 concurrent mark-sweep generation total 393216K, used 42029K [0x00000007a8000000, 0x00000007c0000000, 0x00000007c0000000)
 Metaspace       used 38252K, capacity 39256K, committed 39364K, reserved 1083392K
  class space    used 4221K, capacity 4490K, committed 4580K, reserved 1048576K
2017-06-01T13:37:57.787-0100: 7639.016: [GC (Allocation Failure) 2017-06-01T13:37:57.787-0100: 7639.016: [ParNew
Desired survivor size 20112992 bytes, new threshold 8 (max 8)
- age   1:     813704 bytes,     813704 total
- age   2:    1363992 bytes,    2177696 total
- age   3:     640648 bytes,    2818344 total
- age   4:     238440 bytes,    3056784 total
- age   5:     337000 bytes,    3393784 total
- age   6:       2480 bytes,    3396264 total
- age   7:     194520 bytes,    3590784 total
- age   8:    4201208 bytes,    7791992 total
: 97555K->9501K(109248K), 0.0062534 secs] 139584K->51779K(502464K), 0.0063307 secs] [Times: user=0.02 sys=0.00, real=0.01 secs] 
Heap after GC invocations=80 (full 1):
 par new generation   total 109248K, used 9501K [0x00000007a0000000, 0x00000007a8000000, 0x00000007a8000000)
  eden space 87424K,   0% used [0x00000007a0000000, 0x00000007a0000000, 0x00000007a5560000)
  from space 21824K,  43% used [0x00000007a5560000, 0x00000007a5ea7550, 0x00000007a6ab0000)
  to   space 21824K,   0% used [0x00000007a6ab0000, 0x00000007a6ab0000, 0x00000007a8000000)
 concurrent mark-sweep generation total 393216K, used 42278K [0x00000007a8000000, 0x00000007c0000000, 0x00000007c0000000)
 Metaspace       used 38252K, capacity 39256K, committed 39364K, reserved 1083392K
  class space    used 4221K, capacity 4490K, committed 4580K, reserved 1048576K
}
2017-06-01T13:37:57.793-0100: 7639.022: Total time for which application threads were stopped: 0.0065421 seconds, Stopping threads took: 0.0000205 seconds
2017-06-01T13:37:57.794-0100: 7639.023: Total time for which application threads were stopped: 0.0002069 seconds, Stopping threads took: 0.0000909 seconds
2017-06-01T13:37:57.857-0100: 7639.087: Total time for which application threads were stopped: 0.0001176 seconds, Stopping threads took: 0.0000157 seconds
{Heap before GC invocations=80 (full 1):
 par new generation   total 109248K, used 96925K [0x00000007a0000000, 0x00000007a8000000, 0x00000007a8000000)
  eden space 87424K, 100% used [0x00000007a0000000, 0x00000007a5560000, 0x00000007a5560000)
  from space 21824K,  43% used [0x00000007a5560000, 0x00000007a5ea7550, 0x00000007a6ab0000)
  to   space 21824K,   0% used [0x00000007a6ab0000, 0x00000007a6ab0000, 0x00000007a8000000)
 concurrent mark-sweep generation total 393216K, used 42278K [0x00000007a8000000, 0x00000007c0000000, 0x00000007c0000000)
 Metaspace       used 38258K, capacity 39256K, committed 39364K, reserved 1083392K
  class space    used 4221K, capacity 4490K, committed 4580K, reserved 1048576K
2017-06-01T13:37:57.865-0100: 7639.095: [GC (Allocation Failure) 2017-06-01T13:37:57.865-0100: 7639.095: [ParNew
Desired survivor size 20112992 bytes, new threshold 8 (max 8)
- age   1:     648232 bytes,     648232 total
- age   2:     138592 bytes,     786824 total
- age   3:    1351592 bytes,    2138416 total
- age   4:     640648 bytes,    2779064 total
- age   5:     236928 bytes,    3015992 total
- age   6:     337000 bytes,    3352992 total
- age   7:       2480 bytes,    3355472 total
- age   8:     194520 bytes,    3549992 total
: 96925K->4207K(109248K), 0.0064419 secs] 139203K->50597K(502464K), 0.0065079 secs] [Times: user=0.03 sys=0.01, real=0.01 secs] 
Heap after GC invocations=81 (full 1):
 par new generation   total 109248K, used 4207K [0x00000007a0000000, 0x00000007a8000000, 0x00000007a8000000)
  eden space 87424K,   0% used [0x00000007a0000000, 0x00000007a0000000, 0x00000007a5560000)
  from space 21824K,  19% used [0x00000007a6ab0000, 0x00000007a6ecbf48, 0x00000007a8000000)
  to   space 21824K,   0% used [0x00000007a5560000, 0x00000007a5560000, 0x00000007a6ab0000)
 concurrent mark-sweep generation total 393216K, used 46389K [0x00000007a8000000, 0x00000007c0000000, 0x00000007c0000000)
 Metaspace       used 38258K, capacity 39256K, committed 39364K, reserved 1083392K
  class space    used 4221K, capacity 4490K, committed 4580K, reserved 1048576K
}
2017-06-01T13:37:57.872-0100: 7639.101: Total time for which application threads were stopped: 0.0066765 seconds, Stopping threads took: 0.0000251 seconds
2017-06-01T13:37:57.872-0100: 7639.101: Total time for which application threads were stopped: 0.0001231 seconds, Stopping threads took: 0.0000210 seconds
2017-06-01T13:37:57.875-0100: 7639.104: Total time for which application threads were stopped: 0.0001031 seconds, Stopping threads took: 0.0000172 seconds
2017-06-01T13:37:57.877-0100: 7639.107: Total time for which application threads were stopped: 0.0000995 seconds, Stopping threads took: 0.0000317 seconds
2017-06-01T13:37:58.902-0100: 7640.131: Total time for which application threads were stopped: 0.0001632 seconds, Stopping threads took: 0.0000374 seconds
2017-06-01T13:37:58.908-0100: 7640.137: Total time for which application threads were stopped: 0.0001578 seconds, Stopping threads took: 0.0000179 seconds
2017-06-01T13:37:58.908-0100: 7640.137: Total time for which application threads were stopped: 0.0001011 seconds, Stopping threads took: 0.0000092 seconds
2017-06-01T13:37:58.916-0100: 7640.145: Total time for which application threads were stopped: 0.0001331 seconds, Stopping threads took: 0.0000224 seconds
2017-06-01T13:37:58.916-0100: 7640.146: Total time for which application threads were stopped: 0.0000766 seconds, Stopping threads took: 0.0000129 seconds
2017-06-01T13:38:01.005-0100: 7642.234: Total time for which application threads were stopped: 0.0001522 seconds, Stopping threads took: 0.0000661 seconds
2017-06-01T13:38:01.005-0100: 7642.234: Total time for which application threads were stopped: 0.0001010 seconds, Stopping threads took: 0.0000275 seconds
2017-06-01T13:38:01.005-0100: 7642.234: Total time for which application threads were stopped: 0.0001264 seconds, Stopping threads took: 0.0000282 seconds
2017-06-01T13:38:01.005-0100: 7642.234: Total time for which application threads were stopped: 0.0001878 seconds, Stopping threads took: 0.0000664 seconds
2017-06-01T13:38:01.005-0100: 7642.235: Total time for which application threads were stopped: 0.0001441 seconds, Stopping threads took: 0.0000617 seconds
2017-06-01T13:38:01.006-0100: 7642.235: Total time for which application threads were stopped: 0.0001057 seconds, Stopping threads took: 0.0000159 seconds
2017-06-01T13:38:01.006-0100: 7642.236: Total time for which application threads were stopped: 0.0001963 seconds, Stopping threads took: 0.0000929 seconds
2017-06-01T13:38:01.007-0100: 7642.236: Total time for which application threads were stopped: 0.0001275 seconds, Stopping threads took: 0.0000563 seconds
2017-06-01T13:38:01.007-0100: 7642.236: Total time for which application threads were stopped: 0.0000906 seconds, Stopping threads took: 0.0000106 seconds
2017-06-01T13:38:01.007-0100: 7642.236: Total time for which application threads were stopped: 0.0001258 seconds, Stopping threads took: 0.0000637 seconds
2017-06-01T13:38:01.007-0100: 7642.236: Total time for which application threads were stopped: 0.0001122 seconds, Stopping threads took: 0.0000558 seconds
2017-06-01T13:38:01.007-0100: 7642.236: Total time for which application threads were stopped: 0.0001064 seconds, Stopping threads took: 0.0000273 seconds
2017-06-01T13:38:01.008-0100: 7642.237: Total time for which application threads were stopped: 0.0001045 seconds, Stopping threads took: 0.0000115 seconds
2017-06-01T13:38:01.009-0100: 7642.238: Total time for which application threads were stopped: 0.0001770 seconds, Stopping threads took: 0.0000558 seconds
2017-06-01T13:38:01.009-0100: 7642.238: Total time for which application threads were stopped: 0.0002045 seconds, Stopping threads took: 0.0000819 seconds
2017-06-01T13:38:01.015-0100: 7642.244: Total time for which application threads were stopped: 0.0001481 seconds, Stopping threads took: 0.0000190 seconds
2017-06-01T13:38:01.015-0100: 7642.244: Total time for which application threads were stopped: 0.0001304 seconds, Stopping threads took: 0.0000146 seconds
2017-06-01T13:38:01.017-0100: 7642.246: Total time for which application threads were stopped: 0.0001454 seconds, Stopping threads took: 0.0000216 seconds
2017-06-01T13:38:01.017-0100: 7642.246: Total time for which application threads were stopped: 0.0001180 seconds, Stopping threads took: 0.0000104 seconds
2017-06-01T13:38:01.026-0100: 7642.256: Total time for which application threads were stopped: 0.0001041 seconds, Stopping threads took: 0.0000218 seconds
2017-06-01T13:38:01.027-0100: 7642.256: Total time for which application threads were stopped: 0.0000862 seconds, Stopping threads took: 0.0000229 seconds
2017-06-01T13:38:02.403-0100: 7643.632: Total time for which application threads were stopped: 0.0001676 seconds, Stopping threads took: 0.0000248 seconds
2017-06-01T13:38:02.403-0100: 7643.632: Total time for which application threads were stopped: 0.0000880 seconds, Stopping threads took: 0.0000108 seconds
2017-06-01T13:38:02.412-0100: 7643.641: Total time for which application threads were stopped: 0.0001187 seconds, Stopping threads took: 0.0000260 seconds
2017-06-01T13:38:02.412-0100: 7643.641: Total time for which application threads were stopped: 0.0000844 seconds, Stopping threads took: 0.0000137 seconds
2017-06-01T13:38:49.302-0100: 7690.531: Total time for which application threads were stopped: 0.0000873 seconds, Stopping threads took: 0.0000159 seconds
2017-06-01T13:38:49.303-0100: 7690.531: Total time for which application threads were stopped: 0.0000708 seconds, Stopping threads took: 0.0000150 seconds
2017-06-01T13:38:49.303-0100: 7690.532: Total time for which application threads were stopped: 0.0000501 seconds, Stopping threads took: 0.0000066 seconds
2017-06-01T13:38:49.304-0100: 7690.533: Total time for which application threads were stopped: 0.0000764 seconds, Stopping threads took: 0.0000220 seconds
2017-06-01T13:38:49.383-0100: 7690.612: Total time for which application threads were stopped: 0.0001155 seconds, Stopping threads took: 0.0000171 seconds
2017-06-01T13:38:49.383-0100: 7690.612: Total time for which application threads were stopped: 0.0000618 seconds, Stopping threads took: 0.0000185 seconds
2017-06-01T13:38:49.399-0100: 7690.627: Total time for which application threads were stopped: 0.0000947 seconds, Stopping threads took: 0.0000185 seconds
2017-06-01T13:38:49.409-0100: 7690.638: Total time for which application threads were stopped: 0.0000981 seconds, Stopping threads took: 0.0000199 seconds
2017-06-01T13:38:49.410-0100: 7690.639: Total time for which application threads were stopped: 0.0000898 seconds, Stopping threads took: 0.0000170 seconds
2017-06-01T13:38:56.607-0100: 7697.836: Total time for which application threads were stopped: 0.0001609 seconds, Stopping threads took: 0.0000303 seconds
2017-06-01T13:38:56.607-0100: 7697.836: Total time for which application threads were stopped: 0.0001114 seconds, Stopping threads took: 0.0000114 seconds
2017-06-01T13:38:56.616-0100: 7697.844: Total time for which application threads were stopped: 0.0000925 seconds, Stopping threads took: 0.0000203 seconds
2017-06-01T13:38:56.616-0100: 7697.845: Total time for which application threads were stopped: 0.0000712 seconds, Stopping threads took: 0.0000097 seconds
2017-06-01T13:39:00.680-0100: 7701.909: Total time for which application threads were stopped: 0.0000967 seconds, Stopping threads took: 0.0000180 seconds
2017-06-01T13:39:00.680-0100: 7701.909: Total time for which application threads were stopped: 0.0000593 seconds, Stopping threads took: 0.0000079 seconds
2017-06-01T13:39:00.682-0100: 7701.911: Total time for which application threads were stopped: 0.0008099 seconds, Stopping threads took: 0.0000075 seconds
2017-06-01T13:39:00.683-0100: 7701.911: Total time for which application threads were stopped: 0.0000885 seconds, Stopping threads took: 0.0000113 seconds
2017-06-01T13:39:00.690-0100: 7701.919: Total time for which application threads were stopped: 0.0001000 seconds, Stopping threads took: 0.0000160 seconds
2017-06-01T13:39:01.028-0100: 7702.257: Total time for which application threads were stopped: 0.0000946 seconds, Stopping threads took: 0.0000191 seconds
2017-06-01T13:39:17.320-0100: 7718.549: Total time for which application threads were stopped: 0.0001082 seconds, Stopping threads took: 0.0000190 seconds
2017-06-01T13:39:20.681-0100: 7721.909: Total time for which application threads were stopped: 0.0001056 seconds, Stopping threads took: 0.0000197 seconds
2017-06-01T13:39:58.512-0100: 7759.740: Total time for which application threads were stopped: 0.0000986 seconds, Stopping threads took: 0.0000190 seconds
2017-06-01T13:40:03.519-0100: 7764.747: Total time for which application threads were stopped: 0.0000875 seconds, Stopping threads took: 0.0000205 seconds
2017-06-01T14:01:19.970-0100: 8267.267: Total time for which application threads were stopped: 0.0000948 seconds, Stopping threads took: 0.0000242 seconds
2017-06-01T14:01:37.009-0100: 8284.305: Total time for which application threads were stopped: 0.0001281 seconds, Stopping threads took: 0.0000297 seconds
2017-06-01T14:02:40.691-0100: 8347.987: Total time for which application threads were stopped: 0.0002147 seconds, Stopping threads took: 0.0000232 seconds
2017-06-01T14:02:40.691-0100: 8347.988: Total time for which application threads were stopped: 0.0001340 seconds, Stopping threads took: 0.0000106 seconds
2017-06-01T14:02:40.704-0100: 8348.000: Total time for which application threads were stopped: 0.0001060 seconds, Stopping threads took: 0.0000200 seconds
2017-06-01T14:02:40.704-0100: 8348.000: Total time for which application threads were stopped: 0.0000752 seconds, Stopping threads took: 0.0000130 seconds
2017-06-01T14:02:42.466-0100: 8349.762: Total time for which application threads were stopped: 0.0001974 seconds, Stopping threads took: 0.0000230 seconds
2017-06-01T14:02:42.466-0100: 8349.762: Total time for which application threads were stopped: 0.0001124 seconds, Stopping threads took: 0.0000127 seconds
2017-06-01T14:02:42.475-0100: 8349.771: Total time for which application threads were stopped: 0.0001943 seconds, Stopping threads took: 0.0000251 seconds
2017-06-01T14:02:42.475-0100: 8349.771: Total time for which application threads were stopped: 0.0001737 seconds, Stopping threads took: 0.0000103 seconds
2017-06-01T14:02:42.475-0100: 8349.771: Total time for which application threads were stopped: 0.0001076 seconds, Stopping threads took: 0.0000088 seconds
2017-06-01T14:02:44.484-0100: 8351.780: Total time for which application threads were stopped: 0.0001421 seconds, Stopping threads took: 0.0000318 seconds
2017-06-01T14:03:40.709-0100: 8408.004: Total time for which application threads were stopped: 0.0001423 seconds, Stopping threads took: 0.0000295 seconds
2017-06-01T14:03:42.480-0100: 8409.776: Total time for which application threads were stopped: 0.0001028 seconds, Stopping threads took: 0.0000236 seconds
2017-06-01T14:04:02.471-0100: 8429.767: Total time for which application threads were stopped: 0.0002775 seconds, Stopping threads took: 0.0000418 seconds
2017-06-01T14:04:02.471-0100: 8429.767: Total time for which application threads were stopped: 0.0000951 seconds, Stopping threads took: 0.0000093 seconds
2017-06-01T14:04:02.484-0100: 8429.779: Total time for which application threads were stopped: 0.0001332 seconds, Stopping threads took: 0.0000261 seconds
2017-06-01T14:04:02.484-0100: 8429.780: Total time for which application threads were stopped: 0.0000820 seconds, Stopping threads took: 0.0000142 seconds
2017-06-01T14:04:04.888-0100: 8432.184: Total time for which application threads were stopped: 0.0001410 seconds, Stopping threads took: 0.0000218 seconds
2017-06-01T14:04:04.888-0100: 8432.184: Total time for which application threads were stopped: 0.0000854 seconds, Stopping threads took: 0.0000111 seconds
2017-06-01T14:04:04.897-0100: 8432.193: Total time for which application threads were stopped: 0.0001167 seconds, Stopping threads took: 0.0000232 seconds
2017-06-01T14:04:04.897-0100: 8432.193: Total time for which application threads were stopped: 0.0000922 seconds, Stopping threads took: 0.0000149 seconds
2017-06-01T14:04:05.812-0100: 8433.108: Total time for which application threads were stopped: 0.0001115 seconds, Stopping threads took: 0.0000205 seconds
2017-06-01T14:04:06.814-0100: 8434.109: Total time for which application threads were stopped: 0.0001302 seconds, Stopping threads took: 0.0000290 seconds
2017-06-01T14:05:02.486-0100: 8489.781: Total time for which application threads were stopped: 0.0001015 seconds, Stopping threads took: 0.0000225 seconds
2017-06-01T14:05:04.899-0100: 8492.194: Total time for which application threads were stopped: 0.0001245 seconds, Stopping threads took: 0.0000251 seconds
2017-06-01T14:05:46.001-0100: 8533.296: Total time for which application threads were stopped: 0.0001080 seconds, Stopping threads took: 0.0000221 seconds
2017-06-01T14:05:47.002-0100: 8534.297: Total time for which application threads were stopped: 0.0000887 seconds, Stopping threads took: 0.0000214 seconds
2017-06-01T14:08:37.268-0100: 8704.561: Total time for which application threads were stopped: 0.0002994 seconds, Stopping threads took: 0.0000501 seconds
2017-06-01T14:08:37.278-0100: 8704.572: Total time for which application threads were stopped: 0.0001990 seconds, Stopping threads took: 0.0000247 seconds
2017-06-01T14:08:37.278-0100: 8704.572: Total time for which application threads were stopped: 0.0001374 seconds, Stopping threads took: 0.0000153 seconds
2017-06-01T14:08:37.279-0100: 8704.573: Total time for which application threads were stopped: 0.0001723 seconds, Stopping threads took: 0.0000191 seconds
2017-06-01T14:08:37.280-0100: 8704.574: Total time for which application threads were stopped: 0.0001734 seconds, Stopping threads took: 0.0000181 seconds
2017-06-01T14:08:37.292-0100: 8704.586: Total time for which application threads were stopped: 0.0001252 seconds, Stopping threads took: 0.0000232 seconds
2017-06-01T14:08:37.292-0100: 8704.586: Total time for which application threads were stopped: 0.0001007 seconds, Stopping threads took: 0.0000213 seconds
2017-06-01T14:08:38.805-0100: 8706.099: Total time for which application threads were stopped: 0.0001714 seconds, Stopping threads took: 0.0000438 seconds
2017-06-01T14:08:38.805-0100: 8706.099: Total time for which application threads were stopped: 0.0001015 seconds, Stopping threads took: 0.0000123 seconds
2017-06-01T14:08:38.813-0100: 8706.107: Total time for which application threads were stopped: 0.0001110 seconds, Stopping threads took: 0.0000228 seconds
2017-06-01T14:08:38.813-0100: 8706.107: Total time for which application threads were stopped: 0.0000813 seconds, Stopping threads took: 0.0000144 seconds
2017-06-01T14:09:37.294-0100: 8764.587: Total time for which application threads were stopped: 0.0000889 seconds, Stopping threads took: 0.0000206 seconds
2017-06-01T14:09:38.818-0100: 8766.111: Total time for which application threads were stopped: 0.0001678 seconds, Stopping threads took: 0.0000328 seconds
2017-06-01T14:09:49.511-0100: 8776.804: Total time for which application threads were stopped: 0.0001102 seconds, Stopping threads took: 0.0000164 seconds
2017-06-01T14:09:49.514-0100: 8776.808: Total time for which application threads were stopped: 0.0001120 seconds, Stopping threads took: 0.0000139 seconds
2017-06-01T14:09:50.520-0100: 8777.813: Total time for which application threads were stopped: 0.0001947 seconds, Stopping threads took: 0.0000332 seconds
2017-06-01T14:09:55.493-0100: 8782.787: Total time for which application threads were stopped: 0.0004112 seconds, Stopping threads took: 0.0000185 seconds
2017-06-01T14:09:55.494-0100: 8782.787: Total time for which application threads were stopped: 0.0000835 seconds, Stopping threads took: 0.0000120 seconds
2017-06-01T14:09:55.494-0100: 8782.787: Total time for which application threads were stopped: 0.0000474 seconds, Stopping threads took: 0.0000062 seconds
2017-06-01T14:09:55.494-0100: 8782.788: Total time for which application threads were stopped: 0.0000503 seconds, Stopping threads took: 0.0000062 seconds
2017-06-01T14:09:55.494-0100: 8782.788: Total time for which application threads were stopped: 0.0000477 seconds, Stopping threads took: 0.0000063 seconds
2017-06-01T14:10:10.443-0100: 8797.736: Total time for which application threads were stopped: 0.0000947 seconds, Stopping threads took: 0.0000176 seconds
2017-06-01T14:10:10.443-0100: 8797.736: Total time for which application threads were stopped: 0.0000725 seconds, Stopping threads took: 0.0000103 seconds
2017-06-01T14:10:10.443-0100: 8797.737: Total time for which application threads were stopped: 0.0000814 seconds, Stopping threads took: 0.0000192 seconds
2017-06-01T14:10:10.443-0100: 8797.737: Total time for which application threads were stopped: 0.0000503 seconds, Stopping threads took: 0.0000072 seconds
2017-06-01T14:10:10.444-0100: 8797.737: Total time for which application threads were stopped: 0.0000487 seconds, Stopping threads took: 0.0000089 seconds
2017-06-01T14:10:10.444-0100: 8797.737: Total time for which application threads were stopped: 0.0000576 seconds, Stopping threads took: 0.0000203 seconds
2017-06-01T14:10:10.444-0100: 8797.737: Total time for which application threads were stopped: 0.0002066 seconds, Stopping threads took: 0.0000595 seconds
2017-06-01T14:10:34.501-0100: 8821.794: Total time for which application threads were stopped: 0.0000857 seconds, Stopping threads took: 0.0000202 seconds
2017-06-01T14:11:41.534-0100: 8888.827: Total time for which application threads were stopped: 0.0002097 seconds, Stopping threads took: 0.0000226 seconds
2017-06-01T14:11:41.534-0100: 8888.827: Total time for which application threads were stopped: 0.0001227 seconds, Stopping threads took: 0.0000128 seconds
2017-06-01T14:11:41.544-0100: 8888.837: Total time for which application threads were stopped: 0.0001304 seconds, Stopping threads took: 0.0000253 seconds
2017-06-01T14:11:41.544-0100: 8888.837: Total time for which application threads were stopped: 0.0001573 seconds, Stopping threads took: 0.0000867 seconds
2017-06-01T14:11:44.023-0100: 8891.316: Total time for which application threads were stopped: 0.0001617 seconds, Stopping threads took: 0.0000226 seconds
2017-06-01T14:11:44.023-0100: 8891.316: Total time for which application threads were stopped: 0.0001639 seconds, Stopping threads took: 0.0000535 seconds
2017-06-01T14:11:44.033-0100: 8891.326: Total time for which application threads were stopped: 0.0001349 seconds, Stopping threads took: 0.0000250 seconds
2017-06-01T14:11:44.033-0100: 8891.326: Total time for which application threads were stopped: 0.0000865 seconds, Stopping threads took: 0.0000096 seconds
2017-06-01T14:12:00.555-0100: 8907.847: Total time for which application threads were stopped: 0.0001757 seconds, Stopping threads took: 0.0000241 seconds
2017-06-01T14:12:00.555-0100: 8907.847: Total time for which application threads were stopped: 0.0001199 seconds, Stopping threads took: 0.0000153 seconds
2017-06-01T14:12:00.565-0100: 8907.858: Total time for which application threads were stopped: 0.0001549 seconds, Stopping threads took: 0.0000230 seconds
2017-06-01T14:12:00.565-0100: 8907.858: Total time for which application threads were stopped: 0.0000782 seconds, Stopping threads took: 0.0000121 seconds
2017-06-01T14:12:03.284-0100: 8910.576: Total time for which application threads were stopped: 0.0022548 seconds, Stopping threads took: 0.0020685 seconds
2017-06-01T14:12:03.284-0100: 8910.576: Total time for which application threads were stopped: 0.0001759 seconds, Stopping threads took: 0.0000372 seconds
2017-06-01T14:12:03.292-0100: 8910.584: Total time for which application threads were stopped: 0.0001936 seconds, Stopping threads took: 0.0000281 seconds
2017-06-01T14:12:03.292-0100: 8910.585: Total time for which application threads were stopped: 0.0001953 seconds, Stopping threads took: 0.0000459 seconds
2017-06-01T14:12:03.292-0100: 8910.585: Total time for which application threads were stopped: 0.0001562 seconds, Stopping threads took: 0.0000130 seconds
2017-06-01T14:12:07.876-0100: 8915.169: Total time for which application threads were stopped: 0.0001449 seconds, Stopping threads took: 0.0000214 seconds
2017-06-01T14:12:07.876-0100: 8915.169: Total time for which application threads were stopped: 0.0001021 seconds, Stopping threads took: 0.0000113 seconds
2017-06-01T14:12:07.885-0100: 8915.177: Total time for which application threads were stopped: 0.0001300 seconds, Stopping threads took: 0.0000288 seconds
2017-06-01T14:12:07.885-0100: 8915.178: Total time for which application threads were stopped: 0.0000729 seconds, Stopping threads took: 0.0000137 seconds
2017-06-01T14:13:07.889-0100: 8975.181: Total time for which application threads were stopped: 0.0001048 seconds, Stopping threads took: 0.0000218 seconds
2017-06-01T14:13:53.635-0100: 9020.927: Total time for which application threads were stopped: 0.0001927 seconds, Stopping threads took: 0.0000298 seconds
2017-06-01T14:13:53.636-0100: 9020.927: Total time for which application threads were stopped: 0.0001688 seconds, Stopping threads took: 0.0000325 seconds
2017-06-01T14:13:53.644-0100: 9020.936: Total time for which application threads were stopped: 0.0001191 seconds, Stopping threads took: 0.0000251 seconds
2017-06-01T14:13:53.644-0100: 9020.936: Total time for which application threads were stopped: 0.0000855 seconds, Stopping threads took: 0.0000151 seconds
2017-06-01T14:13:53.693-0100: 9020.984: Total time for which application threads were stopped: 0.0002422 seconds, Stopping threads took: 0.0001112 seconds
2017-06-01T14:13:53.693-0100: 9020.985: Total time for which application threads were stopped: 0.0001132 seconds, Stopping threads took: 0.0000142 seconds
2017-06-01T14:13:53.703-0100: 9020.995: Total time for which application threads were stopped: 0.0001145 seconds, Stopping threads took: 0.0000248 seconds
2017-06-01T14:13:53.703-0100: 9020.995: Total time for which application threads were stopped: 0.0000840 seconds, Stopping threads took: 0.0000145 seconds
2017-06-01T14:13:54.957-0100: 9022.249: Total time for which application threads were stopped: 0.0001107 seconds, Stopping threads took: 0.0000168 seconds
{Heap before GC invocations=81 (full 1):
 par new generation   total 109248K, used 91631K [0x00000007a0000000, 0x00000007a8000000, 0x00000007a8000000)
  eden space 87424K, 100% used [0x00000007a0000000, 0x00000007a5560000, 0x00000007a5560000)
  from space 21824K,  19% used [0x00000007a6ab0000, 0x00000007a6ecbf48, 0x00000007a8000000)
  to   space 21824K,   0% used [0x00000007a5560000, 0x00000007a5560000, 0x00000007a6ab0000)
 concurrent mark-sweep generation total 393216K, used 46389K [0x00000007a8000000, 0x00000007c0000000, 0x00000007c0000000)
 Metaspace       used 38354K, capacity 39320K, committed 39620K, reserved 1085440K
  class space    used 4224K, capacity 4490K, committed 4580K, reserved 1048576K
2017-06-01T14:13:54.991-0100: 9022.283: [GC (Allocation Failure) 2017-06-01T14:13:54.992-0100: 9022.283: [ParNew
Desired survivor size 20112992 bytes, new threshold 8 (max 8)
- age   1:    1881760 bytes,    1881760 total
- age   2:     638632 bytes,    2520392 total
- age   3:     138360 bytes,    2658752 total
- age   4:    1331560 bytes,    3990312 total
- age   5:     639432 bytes,    4629744 total
- age   6:     226120 bytes,    4855864 total
- age   7:     304784 bytes,    5160648 total
- age   8:       2480 bytes,    5163128 total
: 91631K->7202K(109248K), 0.0100912 secs] 138021K->53784K(502464K), 0.0101606 secs] [Times: user=0.02 sys=0.00, real=0.01 secs] 
Heap after GC invocations=82 (full 1):
 par new generation   total 109248K, used 7202K [0x00000007a0000000, 0x00000007a8000000, 0x00000007a8000000)
  eden space 87424K,   0% used [0x00000007a0000000, 0x00000007a0000000, 0x00000007a5560000)
  from space 21824K,  33% used [0x00000007a5560000, 0x00000007a5c68b40, 0x00000007a6ab0000)
  to   space 21824K,   0% used [0x00000007a6ab0000, 0x00000007a6ab0000, 0x00000007a8000000)
 concurrent mark-sweep generation total 393216K, used 46582K [0x00000007a8000000, 0x00000007c0000000, 0x00000007c0000000)
 Metaspace       used 38354K, capacity 39320K, committed 39620K, reserved 1085440K
  class space    used 4224K, capacity 4490K, committed 4580K, reserved 1048576K
}
2017-06-01T14:13:55.002-0100: 9022.293: Total time for which application threads were stopped: 0.0103374 seconds, Stopping threads took: 0.0000159 seconds
2017-06-01T14:13:55.002-0100: 9022.294: Total time for which application threads were stopped: 0.0001789 seconds, Stopping threads took: 0.0000672 seconds
2017-06-01T14:13:55.002-0100: 9022.294: Total time for which application threads were stopped: 0.0001238 seconds, Stopping threads took: 0.0000651 seconds
2017-06-01T14:13:55.020-0100: 9022.311: Total time for which application threads were stopped: 0.0000961 seconds, Stopping threads took: 0.0000163 seconds
2017-06-01T14:13:55.119-0100: 9022.411: Total time for which application threads were stopped: 0.0001685 seconds, Stopping threads took: 0.0000321 seconds
2017-06-01T14:13:55.119-0100: 9022.411: Total time for which application threads were stopped: 0.0000784 seconds, Stopping threads took: 0.0000090 seconds
2017-06-01T14:13:55.119-0100: 9022.411: Total time for which application threads were stopped: 0.0000672 seconds, Stopping threads took: 0.0000081 seconds
2017-06-01T14:13:55.119-0100: 9022.411: Total time for which application threads were stopped: 0.0000817 seconds, Stopping threads took: 0.0000118 seconds
2017-06-01T14:13:55.119-0100: 9022.411: Total time for which application threads were stopped: 0.0000665 seconds, Stopping threads took: 0.0000092 seconds
2017-06-01T14:13:55.120-0100: 9022.411: Total time for which application threads were stopped: 0.0000657 seconds, Stopping threads took: 0.0000090 seconds
2017-06-01T14:13:55.120-0100: 9022.411: Total time for which application threads were stopped: 0.0000548 seconds, Stopping threads took: 0.0000067 seconds
2017-06-01T14:13:55.120-0100: 9022.412: Total time for which application threads were stopped: 0.0000554 seconds, Stopping threads took: 0.0000065 seconds
2017-06-01T14:13:55.120-0100: 9022.412: Total time for which application threads were stopped: 0.0000512 seconds, Stopping threads took: 0.0000061 seconds
2017-06-01T14:13:55.120-0100: 9022.412: Total time for which application threads were stopped: 0.0000512 seconds, Stopping threads took: 0.0000062 seconds
2017-06-01T14:13:55.120-0100: 9022.412: Total time for which application threads were stopped: 0.0000508 seconds, Stopping threads took: 0.0000061 seconds
2017-06-01T14:13:55.120-0100: 9022.412: Total time for which application threads were stopped: 0.0000678 seconds, Stopping threads took: 0.0000104 seconds
2017-06-01T14:13:55.120-0100: 9022.412: Total time for which application threads were stopped: 0.0000799 seconds, Stopping threads took: 0.0000118 seconds
2017-06-01T14:13:55.120-0100: 9022.412: Total time for which application threads were stopped: 0.0000552 seconds, Stopping threads took: 0.0000068 seconds
2017-06-01T14:13:55.120-0100: 9022.412: Total time for which application threads were stopped: 0.0000530 seconds, Stopping threads took: 0.0000063 seconds
2017-06-01T14:13:55.121-0100: 9022.412: Total time for which application threads were stopped: 0.0000523 seconds, Stopping threads took: 0.0000061 seconds
2017-06-01T14:13:55.132-0100: 9022.424: Total time for which application threads were stopped: 0.0001363 seconds, Stopping threads took: 0.0000551 seconds
2017-06-01T14:13:55.133-0100: 9022.424: Total time for which application threads were stopped: 0.0000900 seconds, Stopping threads took: 0.0000405 seconds
2017-06-01T14:13:55.194-0100: 9022.486: Total time for which application threads were stopped: 0.0000724 seconds, Stopping threads took: 0.0000138 seconds
2017-06-01T14:13:55.194-0100: 9022.486: Total time for which application threads were stopped: 0.0000394 seconds, Stopping threads took: 0.0000056 seconds
2017-06-01T14:13:55.194-0100: 9022.486: Total time for which application threads were stopped: 0.0000330 seconds, Stopping threads took: 0.0000054 seconds
2017-06-01T14:13:55.194-0100: 9022.486: Total time for which application threads were stopped: 0.0000296 seconds, Stopping threads took: 0.0000046 seconds
2017-06-01T14:13:55.194-0100: 9022.486: Total time for which application threads were stopped: 0.0000290 seconds, Stopping threads took: 0.0000047 seconds
2017-06-01T14:13:55.194-0100: 9022.486: Total time for which application threads were stopped: 0.0000331 seconds, Stopping threads took: 0.0000049 seconds
2017-06-01T14:13:55.194-0100: 9022.486: Total time for which application threads were stopped: 0.0000327 seconds, Stopping threads took: 0.0000049 seconds
2017-06-01T14:13:55.194-0100: 9022.486: Total time for which application threads were stopped: 0.0000424 seconds, Stopping threads took: 0.0000070 seconds
2017-06-01T14:13:55.194-0100: 9022.486: Total time for which application threads were stopped: 0.0000345 seconds, Stopping threads took: 0.0000055 seconds
2017-06-01T14:13:55.194-0100: 9022.486: Total time for which application threads were stopped: 0.0000341 seconds, Stopping threads took: 0.0000053 seconds
2017-06-01T14:13:55.194-0100: 9022.486: Total time for which application threads were stopped: 0.0000327 seconds, Stopping threads took: 0.0000050 seconds
2017-06-01T14:13:55.195-0100: 9022.486: Total time for which application threads were stopped: 0.0000390 seconds, Stopping threads took: 0.0000066 seconds
2017-06-01T14:13:55.195-0100: 9022.486: Total time for which application threads were stopped: 0.0000318 seconds, Stopping threads took: 0.0000054 seconds
2017-06-01T14:13:55.195-0100: 9022.487: Total time for which application threads were stopped: 0.0000337 seconds, Stopping threads took: 0.0000051 seconds
2017-06-01T14:13:55.195-0100: 9022.487: Total time for which application threads were stopped: 0.0000423 seconds, Stopping threads took: 0.0000071 seconds
2017-06-01T14:13:55.195-0100: 9022.487: Total time for which application threads were stopped: 0.0000470 seconds, Stopping threads took: 0.0000084 seconds
2017-06-01T14:13:55.195-0100: 9022.487: Total time for which application threads were stopped: 0.0000315 seconds, Stopping threads took: 0.0000053 seconds
2017-06-01T14:13:55.195-0100: 9022.487: Total time for which application threads were stopped: 0.0000330 seconds, Stopping threads took: 0.0000057 seconds
2017-06-01T14:13:55.195-0100: 9022.487: Total time for which application threads were stopped: 0.0000334 seconds, Stopping threads took: 0.0000050 seconds
2017-06-01T14:13:55.195-0100: 9022.487: Total time for which application threads were stopped: 0.0000858 seconds, Stopping threads took: 0.0000054 seconds
2017-06-01T14:13:56.166-0100: 9023.458: Total time for which application threads were stopped: 0.0001519 seconds, Stopping threads took: 0.0000395 seconds
2017-06-01T14:13:56.172-0100: 9023.464: Total time for which application threads were stopped: 0.0001553 seconds, Stopping threads took: 0.0000354 seconds
2017-06-01T14:13:56.172-0100: 9023.464: Total time for which application threads were stopped: 0.0001288 seconds, Stopping threads took: 0.0000106 seconds
2017-06-01T14:13:56.181-0100: 9023.473: Total time for which application threads were stopped: 0.0000869 seconds, Stopping threads took: 0.0000186 seconds
2017-06-01T14:13:56.181-0100: 9023.473: Total time for which application threads were stopped: 0.0000475 seconds, Stopping threads took: 0.0000084 seconds
2017-06-01T14:14:56.182-0100: 9083.474: Total time for which application threads were stopped: 0.0001666 seconds, Stopping threads took: 0.0000317 seconds
2017-06-01T14:30:00.550-0100: 9987.836: Total time for which application threads were stopped: 0.0002232 seconds, Stopping threads took: 0.0000593 seconds
2017-06-01T14:30:00.555-0100: 9987.841: Total time for which application threads were stopped: 0.0002368 seconds, Stopping threads took: 0.0000983 seconds
2017-06-01T14:30:00.556-0100: 9987.842: Total time for which application threads were stopped: 0.0004628 seconds, Stopping threads took: 0.0000765 seconds
2017-06-01T14:30:00.557-0100: 9987.843: Total time for which application threads were stopped: 0.0002267 seconds, Stopping threads took: 0.0000472 seconds
2017-06-01T14:30:00.557-0100: 9987.843: Total time for which application threads were stopped: 0.0001543 seconds, Stopping threads took: 0.0000309 seconds
2017-06-01T14:30:00.561-0100: 9987.847: Total time for which application threads were stopped: 0.0004633 seconds, Stopping threads took: 0.0003141 seconds
2017-06-01T14:30:00.561-0100: 9987.847: Total time for which application threads were stopped: 0.0001587 seconds, Stopping threads took: 0.0000641 seconds
2017-06-01T14:30:00.562-0100: 9987.847: Total time for which application threads were stopped: 0.0001225 seconds, Stopping threads took: 0.0000273 seconds
2017-06-01T14:30:00.562-0100: 9987.847: Total time for which application threads were stopped: 0.0001152 seconds, Stopping threads took: 0.0000300 seconds
2017-06-01T14:30:00.562-0100: 9987.848: Total time for which application threads were stopped: 0.0001520 seconds, Stopping threads took: 0.0000595 seconds
2017-06-01T14:30:00.562-0100: 9987.848: Total time for which application threads were stopped: 0.0003428 seconds, Stopping threads took: 0.0000442 seconds
2017-06-01T14:30:00.563-0100: 9987.848: Total time for which application threads were stopped: 0.0001494 seconds, Stopping threads took: 0.0000384 seconds
2017-06-01T14:30:00.563-0100: 9987.848: Total time for which application threads were stopped: 0.0001287 seconds, Stopping threads took: 0.0000300 seconds
2017-06-01T14:30:00.564-0100: 9987.850: Total time for which application threads were stopped: 0.0001607 seconds, Stopping threads took: 0.0000202 seconds
2017-06-01T14:30:00.564-0100: 9987.850: Total time for which application threads were stopped: 0.0001228 seconds, Stopping threads took: 0.0000124 seconds
2017-06-01T14:30:00.577-0100: 9987.862: Total time for which application threads were stopped: 0.0001970 seconds, Stopping threads took: 0.0000213 seconds
2017-06-01T14:30:00.577-0100: 9987.863: Total time for which application threads were stopped: 0.0001342 seconds, Stopping threads took: 0.0000134 seconds
2017-06-01T14:30:00.588-0100: 9987.874: Total time for which application threads were stopped: 0.0001151 seconds, Stopping threads took: 0.0000248 seconds
2017-06-01T14:30:00.588-0100: 9987.874: Total time for which application threads were stopped: 0.0000703 seconds, Stopping threads took: 0.0000107 seconds
2017-06-01T14:30:02.784-0100: 9990.070: Total time for which application threads were stopped: 0.0001234 seconds, Stopping threads took: 0.0000186 seconds
2017-06-01T14:30:02.784-0100: 9990.070: Total time for which application threads were stopped: 0.0000664 seconds, Stopping threads took: 0.0000073 seconds
2017-06-01T14:30:02.791-0100: 9990.077: Total time for which application threads were stopped: 0.0001189 seconds, Stopping threads took: 0.0000236 seconds
2017-06-01T14:30:02.791-0100: 9990.077: Total time for which application threads were stopped: 0.0000742 seconds, Stopping threads took: 0.0000122 seconds
2017-06-01T14:30:55.880-0100: 10043.165: Total time for which application threads were stopped: 0.0001342 seconds, Stopping threads took: 0.0000323 seconds
2017-06-01T14:31:00.591-0100: 10047.877: Total time for which application threads were stopped: 0.0001351 seconds, Stopping threads took: 0.0000259 seconds
2017-06-01T14:31:02.796-0100: 10050.082: Total time for which application threads were stopped: 0.0001585 seconds, Stopping threads took: 0.0000313 seconds
2017-06-01T14:31:37.882-0100: 10085.167: Total time for which application threads were stopped: 0.0001070 seconds, Stopping threads took: 0.0000254 seconds
2017-06-01T14:33:52.560-0100: 10219.845: Total time for which application threads were stopped: 0.0007411 seconds, Stopping threads took: 0.0000237 seconds
2017-06-01T14:33:52.564-0100: 10219.848: Total time for which application threads were stopped: 0.0002432 seconds, Stopping threads took: 0.0000557 seconds
2017-06-01T14:33:52.564-0100: 10219.848: Total time for which application threads were stopped: 0.0001572 seconds, Stopping threads took: 0.0000290 seconds
2017-06-01T14:33:52.571-0100: 10219.855: Total time for which application threads were stopped: 0.0001839 seconds, Stopping threads took: 0.0000253 seconds
2017-06-01T14:33:52.571-0100: 10219.855: Total time for which application threads were stopped: 0.0001085 seconds, Stopping threads took: 0.0000112 seconds
2017-06-01T14:33:52.574-0100: 10219.858: Total time for which application threads were stopped: 0.0001461 seconds, Stopping threads took: 0.0000249 seconds
2017-06-01T14:33:52.574-0100: 10219.858: Total time for which application threads were stopped: 0.0000733 seconds, Stopping threads took: 0.0000087 seconds
2017-06-01T14:33:52.583-0100: 10219.867: Total time for which application threads were stopped: 0.0000853 seconds, Stopping threads took: 0.0000196 seconds
2017-06-01T14:33:52.583-0100: 10219.867: Total time for which application threads were stopped: 0.0000454 seconds, Stopping threads took: 0.0000123 seconds
2017-06-01T14:33:54.998-0100: 10222.283: Total time for which application threads were stopped: 0.0001641 seconds, Stopping threads took: 0.0000223 seconds
2017-06-01T14:33:54.999-0100: 10222.283: Total time for which application threads were stopped: 0.0001031 seconds, Stopping threads took: 0.0000115 seconds
2017-06-01T14:33:55.007-0100: 10222.292: Total time for which application threads were stopped: 0.0001048 seconds, Stopping threads took: 0.0000225 seconds
2017-06-01T14:33:55.007-0100: 10222.292: Total time for which application threads were stopped: 0.0000696 seconds, Stopping threads took: 0.0000105 seconds
2017-06-01T14:33:57.012-0100: 10224.296: Total time for which application threads were stopped: 0.0000876 seconds, Stopping threads took: 0.0000193 seconds
2017-06-01T14:34:52.573-0100: 10279.857: Total time for which application threads were stopped: 0.0001469 seconds, Stopping threads took: 0.0000310 seconds
2017-06-01T14:34:55.010-0100: 10282.294: Total time for which application threads were stopped: 0.0000948 seconds, Stopping threads took: 0.0000218 seconds
2017-06-01T14:44:21.303-0100: 10848.584: Total time for which application threads were stopped: 0.0002496 seconds, Stopping threads took: 0.0000486 seconds
2017-06-01T14:44:21.313-0100: 10848.593: Total time for which application threads were stopped: 0.0001836 seconds, Stopping threads took: 0.0000228 seconds
2017-06-01T14:44:21.313-0100: 10848.593: Total time for which application threads were stopped: 0.0001157 seconds, Stopping threads took: 0.0000161 seconds
2017-06-01T14:44:21.315-0100: 10848.595: Total time for which application threads were stopped: 0.0003167 seconds, Stopping threads took: 0.0000227 seconds
2017-06-01T14:44:21.315-0100: 10848.595: Total time for which application threads were stopped: 0.0002315 seconds, Stopping threads took: 0.0000156 seconds
2017-06-01T14:44:21.315-0100: 10848.595: Total time for which application threads were stopped: 0.0002363 seconds, Stopping threads took: 0.0000132 seconds
2017-06-01T14:44:21.330-0100: 10848.611: Total time for which application threads were stopped: 0.0001460 seconds, Stopping threads took: 0.0000235 seconds
2017-06-01T14:44:21.331-0100: 10848.611: Total time for which application threads were stopped: 0.0001000 seconds, Stopping threads took: 0.0000137 seconds
2017-06-01T14:44:21.334-0100: 10848.614: Total time for which application threads were stopped: 0.0001001 seconds, Stopping threads took: 0.0000186 seconds
2017-06-01T14:44:21.334-0100: 10848.614: Total time for which application threads were stopped: 0.0000840 seconds, Stopping threads took: 0.0000130 seconds
2017-06-01T14:44:23.456-0100: 10850.737: Total time for which application threads were stopped: 0.0001859 seconds, Stopping threads took: 0.0000232 seconds
2017-06-01T14:44:23.457-0100: 10850.737: Total time for which application threads were stopped: 0.0001134 seconds, Stopping threads took: 0.0000127 seconds
2017-06-01T14:44:23.465-0100: 10850.745: Total time for which application threads were stopped: 0.0001189 seconds, Stopping threads took: 0.0000233 seconds
2017-06-01T14:44:23.465-0100: 10850.745: Total time for which application threads were stopped: 0.0000826 seconds, Stopping threads took: 0.0000145 seconds
2017-06-01T14:44:25.473-0100: 10852.754: Total time for which application threads were stopped: 0.0001557 seconds, Stopping threads took: 0.0000329 seconds
2017-06-01T14:45:21.335-0100: 10908.615: Total time for which application threads were stopped: 0.0001362 seconds, Stopping threads took: 0.0000244 seconds
2017-06-01T14:45:23.470-0100: 10910.750: Total time for which application threads were stopped: 0.0001399 seconds, Stopping threads took: 0.0000317 seconds
2017-06-01T15:34:51.714-0100: 13878.975: Total time for which application threads were stopped: 0.0005151 seconds, Stopping threads took: 0.0001147 seconds
2017-06-01T23:07:39.934-0100: 41047.166: Total time for which application threads were stopped: 0.0172267 seconds, Stopping threads took: 0.0105719 seconds
2017-06-02T04:03:13.421-0100: 58780.478: Total time for which application threads were stopped: 0.0001768 seconds, Stopping threads took: 0.0000234 seconds
2017-06-02T04:18:12.353-0100: 59679.402: Total time for which application threads were stopped: 0.0000870 seconds, Stopping threads took: 0.0000274 seconds
2017-06-02T16:29:26.525-0100: 100746.386: Total time for which application threads were stopped: 0.0156972 seconds, Stopping threads took: 0.0008188 seconds
2017-06-02T16:29:26.527-0100: 100746.388: Total time for which application threads were stopped: 0.0019331 seconds, Stopping threads took: 0.0005656 seconds
2017-06-02T16:29:26.538-0100: 100746.400: Total time for which application threads were stopped: 0.0013316 seconds, Stopping threads took: 0.0005719 seconds
2017-06-02T16:29:26.539-0100: 100746.401: Total time for which application threads were stopped: 0.0012440 seconds, Stopping threads took: 0.0005789 seconds
2017-06-02T16:29:26.572-0100: 100746.434: Total time for which application threads were stopped: 0.0001247 seconds, Stopping threads took: 0.0000193 seconds
2017-06-02T16:29:26.572-0100: 100746.434: Total time for which application threads were stopped: 0.0000940 seconds, Stopping threads took: 0.0000105 seconds
2017-06-02T16:29:26.580-0100: 100746.441: Total time for which application threads were stopped: 0.0006086 seconds, Stopping threads took: 0.0000191 seconds
2017-06-02T16:29:26.580-0100: 100746.441: Total time for which application threads were stopped: 0.0000564 seconds, Stopping threads took: 0.0000091 seconds
2017-06-02T16:29:28.704-0100: 100748.566: Total time for which application threads were stopped: 0.0010872 seconds, Stopping threads took: 0.0000150 seconds
{Heap before GC invocations=82 (full 1):
 par new generation   total 109248K, used 94617K [0x00000007a0000000, 0x00000007a8000000, 0x00000007a8000000)
  eden space 87424K,  99% used [0x00000007a0000000, 0x00000007a555d9a0, 0x00000007a5560000)
  from space 21824K,  33% used [0x00000007a5560000, 0x00000007a5c68b40, 0x00000007a6ab0000)
  to   space 21824K,   0% used [0x00000007a6ab0000, 0x00000007a6ab0000, 0x00000007a8000000)
 concurrent mark-sweep generation total 393216K, used 46582K [0x00000007a8000000, 0x00000007c0000000, 0x00000007c0000000)
 Metaspace       used 38405K, capacity 39396K, committed 39620K, reserved 1085440K
  class space    used 4226K, capacity 4492K, committed 4580K, reserved 1048576K
2017-06-02T16:29:28.864-0100: 100748.725: [GC (Allocation Failure) 2017-06-02T16:29:28.864-0100: 100748.726: [ParNew
Desired survivor size 20112992 bytes, new threshold 8 (max 8)
- age   1:    1828024 bytes,    1828024 total
- age   2:    1047072 bytes,    2875096 total
- age   3:     633776 bytes,    3508872 total
- age   4:     138360 bytes,    3647232 total
- age   5:    1204712 bytes,    4851944 total
- age   6:     638008 bytes,    5489952 total
- age   7:     199224 bytes,    5689176 total
- age   8:     278040 bytes,    5967216 total
: 94617K->7400K(109248K), 0.0776908 secs] 141199K->53985K(502464K), 0.0780093 secs] [Times: user=0.03 sys=0.12, real=0.08 secs] 
Heap after GC invocations=83 (full 1):
 par new generation   total 109248K, used 7400K [0x00000007a0000000, 0x00000007a8000000, 0x00000007a8000000)
  eden space 87424K,   0% used [0x00000007a0000000, 0x00000007a0000000, 0x00000007a5560000)
  from space 21824K,  33% used [0x00000007a6ab0000, 0x00000007a71ea208, 0x00000007a8000000)
  to   space 21824K,   0% used [0x00000007a5560000, 0x00000007a5560000, 0x00000007a6ab0000)
 concurrent mark-sweep generation total 393216K, used 46584K [0x00000007a8000000, 0x00000007c0000000, 0x00000007c0000000)
 Metaspace       used 38405K, capacity 39396K, committed 39620K, reserved 1085440K
  class space    used 4226K, capacity 4492K, committed 4580K, reserved 1048576K
}
2017-06-02T16:29:28.942-0100: 100748.803: Total time for which application threads were stopped: 0.0801841 seconds, Stopping threads took: 0.0000151 seconds
2017-06-02T16:29:28.944-0100: 100748.806: Total time for which application threads were stopped: 0.0003108 seconds, Stopping threads took: 0.0001924 seconds
2017-06-02T16:29:28.945-0100: 100748.807: Total time for which application threads were stopped: 0.0012572 seconds, Stopping threads took: 0.0005810 seconds
2017-06-02T16:29:28.946-0100: 100748.807: Total time for which application threads were stopped: 0.0001507 seconds, Stopping threads took: 0.0000616 seconds
2017-06-02T16:29:29.502-0100: 100749.364: Total time for which application threads were stopped: 0.0017466 seconds, Stopping threads took: 0.0002723 seconds
2017-06-02T16:29:29.746-0100: 100749.608: Total time for which application threads were stopped: 0.0003558 seconds, Stopping threads took: 0.0002270 seconds
2017-06-02T16:29:29.747-0100: 100749.609: Total time for which application threads were stopped: 0.0000854 seconds, Stopping threads took: 0.0000091 seconds
2017-06-02T16:29:29.747-0100: 100749.609: Total time for which application threads were stopped: 0.0000444 seconds, Stopping threads took: 0.0000059 seconds
2017-06-02T16:29:29.748-0100: 100749.610: Total time for which application threads were stopped: 0.0005297 seconds, Stopping threads took: 0.0000072 seconds
2017-06-02T16:29:29.749-0100: 100749.611: Total time for which application threads were stopped: 0.0000572 seconds, Stopping threads took: 0.0000069 seconds
2017-06-02T16:29:29.749-0100: 100749.611: Total time for which application threads were stopped: 0.0000427 seconds, Stopping threads took: 0.0000067 seconds
2017-06-02T16:29:29.750-0100: 100749.611: Total time for which application threads were stopped: 0.0000452 seconds, Stopping threads took: 0.0000069 seconds
2017-06-02T16:29:29.751-0100: 100749.612: Total time for which application threads were stopped: 0.0000545 seconds, Stopping threads took: 0.0000067 seconds
2017-06-02T16:29:29.751-0100: 100749.612: Total time for which application threads were stopped: 0.0000407 seconds, Stopping threads took: 0.0000061 seconds
2017-06-02T16:29:29.751-0100: 100749.612: Total time for which application threads were stopped: 0.0000405 seconds, Stopping threads took: 0.0000057 seconds
2017-06-02T16:29:29.751-0100: 100749.612: Total time for which application threads were stopped: 0.0000399 seconds, Stopping threads took: 0.0000063 seconds
2017-06-02T16:29:29.751-0100: 100749.613: Total time for which application threads were stopped: 0.0005412 seconds, Stopping threads took: 0.0005016 seconds
2017-06-02T16:29:29.761-0100: 100749.623: Total time for which application threads were stopped: 0.0001012 seconds, Stopping threads took: 0.0000340 seconds
2017-06-02T16:29:29.789-0100: 100749.651: Total time for which application threads were stopped: 0.0007743 seconds, Stopping threads took: 0.0001359 seconds
2017-06-02T16:29:29.789-0100: 100749.651: Total time for which application threads were stopped: 0.0001106 seconds, Stopping threads took: 0.0000272 seconds
2017-06-02T16:29:29.809-0100: 100749.670: Total time for which application threads were stopped: 0.0001162 seconds, Stopping threads took: 0.0000179 seconds
2017-06-02T16:29:29.809-0100: 100749.671: Total time for which application threads were stopped: 0.0000709 seconds, Stopping threads took: 0.0000104 seconds
2017-06-02T16:29:29.830-0100: 100749.692: Total time for which application threads were stopped: 0.0010861 seconds, Stopping threads took: 0.0000138 seconds
2017-06-02T16:29:29.831-0100: 100749.692: Total time for which application threads were stopped: 0.0000665 seconds, Stopping threads took: 0.0000096 seconds
2017-06-02T16:29:29.831-0100: 100749.692: Total time for which application threads were stopped: 0.0000455 seconds, Stopping threads took: 0.0000065 seconds
2017-06-02T16:29:29.831-0100: 100749.692: Total time for which application threads were stopped: 0.0000443 seconds, Stopping threads took: 0.0000067 seconds
2017-06-02T16:29:29.831-0100: 100749.693: Total time for which application threads were stopped: 0.0000404 seconds, Stopping threads took: 0.0000057 seconds
2017-06-02T16:29:30.855-0100: 100750.716: Total time for which application threads were stopped: 0.0007432 seconds, Stopping threads took: 0.0005161 seconds
2017-06-02T16:29:30.861-0100: 100750.722: Total time for which application threads were stopped: 0.0001719 seconds, Stopping threads took: 0.0000202 seconds
2017-06-02T16:29:30.861-0100: 100750.722: Total time for which application threads were stopped: 0.0001086 seconds, Stopping threads took: 0.0000110 seconds
2017-06-02T16:29:30.869-0100: 100750.731: Total time for which application threads were stopped: 0.0001134 seconds, Stopping threads took: 0.0000273 seconds
2017-06-02T16:29:30.869-0100: 100750.731: Total time for which application threads were stopped: 0.0000763 seconds, Stopping threads took: 0.0000126 seconds
2017-06-02T16:29:33.280-0100: 100753.142: Total time for which application threads were stopped: 0.0007168 seconds, Stopping threads took: 0.0000407 seconds
2017-06-02T16:29:33.281-0100: 100753.142: Total time for which application threads were stopped: 0.0006898 seconds, Stopping threads took: 0.0000356 seconds
2017-06-02T16:29:33.281-0100: 100753.143: Total time for which application threads were stopped: 0.0001963 seconds, Stopping threads took: 0.0000744 seconds
2017-06-02T16:29:33.281-0100: 100753.143: Total time for which application threads were stopped: 0.0001465 seconds, Stopping threads took: 0.0000511 seconds
2017-06-02T16:29:33.282-0100: 100753.143: Total time for which application threads were stopped: 0.0001361 seconds, Stopping threads took: 0.0000655 seconds
2017-06-02T16:29:33.282-0100: 100753.144: Total time for which application threads were stopped: 0.0003561 seconds, Stopping threads took: 0.0000716 seconds
2017-06-02T16:29:33.283-0100: 100753.144: Total time for which application threads were stopped: 0.0002373 seconds, Stopping threads took: 0.0000861 seconds
2017-06-02T16:29:33.283-0100: 100753.145: Total time for which application threads were stopped: 0.0001378 seconds, Stopping threads took: 0.0000342 seconds
2017-06-02T16:29:33.283-0100: 100753.145: Total time for which application threads were stopped: 0.0001444 seconds, Stopping threads took: 0.0000557 seconds
2017-06-02T16:29:33.283-0100: 100753.145: Total time for which application threads were stopped: 0.0001509 seconds, Stopping threads took: 0.0000539 seconds
2017-06-02T16:29:33.283-0100: 100753.145: Total time for which application threads were stopped: 0.0001111 seconds, Stopping threads took: 0.0000264 seconds
2017-06-02T16:29:33.284-0100: 100753.145: Total time for which application threads were stopped: 0.0001008 seconds, Stopping threads took: 0.0000192 seconds
2017-06-02T16:29:33.285-0100: 100753.147: Total time for which application threads were stopped: 0.0013001 seconds, Stopping threads took: 0.0000749 seconds
2017-06-02T16:29:33.285-0100: 100753.147: Total time for which application threads were stopped: 0.0001107 seconds, Stopping threads took: 0.0000254 seconds
2017-06-02T16:29:33.286-0100: 100753.148: Total time for which application threads were stopped: 0.0006023 seconds, Stopping threads took: 0.0004563 seconds
2017-06-02T16:29:33.286-0100: 100753.148: Total time for which application threads were stopped: 0.0001971 seconds, Stopping threads took: 0.0000758 seconds
2017-06-02T16:29:33.293-0100: 100753.154: Total time for which application threads were stopped: 0.0007080 seconds, Stopping threads took: 0.0000213 seconds
2017-06-02T16:29:33.293-0100: 100753.155: Total time for which application threads were stopped: 0.0001346 seconds, Stopping threads took: 0.0000128 seconds
2017-06-02T16:29:33.293-0100: 100753.155: Total time for which application threads were stopped: 0.0001086 seconds, Stopping threads took: 0.0000273 seconds
2017-06-02T16:29:33.303-0100: 100753.165: Total time for which application threads were stopped: 0.0001026 seconds, Stopping threads took: 0.0000210 seconds
2017-06-02T16:29:33.303-0100: 100753.165: Total time for which application threads were stopped: 0.0000761 seconds, Stopping threads took: 0.0000121 seconds
2017-06-02T16:29:34.959-0100: 100754.821: Total time for which application threads were stopped: 0.0001606 seconds, Stopping threads took: 0.0000211 seconds
2017-06-02T16:29:34.959-0100: 100754.821: Total time for which application threads were stopped: 0.0001078 seconds, Stopping threads took: 0.0000116 seconds
2017-06-02T16:29:34.968-0100: 100754.829: Total time for which application threads were stopped: 0.0001120 seconds, Stopping threads took: 0.0000224 seconds
2017-06-02T16:29:34.968-0100: 100754.829: Total time for which application threads were stopped: 0.0000658 seconds, Stopping threads took: 0.0000099 seconds
2017-06-02T16:29:35.968-0100: 100755.829: Total time for which application threads were stopped: 0.0000991 seconds, Stopping threads took: 0.0000209 seconds
2017-06-02T16:29:39.496-0100: 100759.358: Total time for which application threads were stopped: 0.0002035 seconds, Stopping threads took: 0.0000150 seconds
2017-06-02T16:30:33.304-0100: 100813.165: Total time for which application threads were stopped: 0.0000788 seconds, Stopping threads took: 0.0000156 seconds
2017-06-02T16:30:34.969-0100: 100814.829: Total time for which application threads were stopped: 0.0000785 seconds, Stopping threads took: 0.0000161 seconds
2017-06-02T16:30:58.001-0100: 100837.861: Total time for which application threads were stopped: 0.0022303 seconds, Stopping threads took: 0.0000380 seconds
2017-06-02T16:30:59.002-0100: 100838.863: Total time for which application threads were stopped: 0.0001281 seconds, Stopping threads took: 0.0000268 seconds
2017-06-02T16:31:18.053-0100: 100857.914: Total time for which application threads were stopped: 0.0002486 seconds, Stopping threads took: 0.0000967 seconds
2017-06-02T16:31:18.053-0100: 100857.914: Total time for which application threads were stopped: 0.0001235 seconds, Stopping threads took: 0.0000129 seconds
2017-06-02T16:31:18.063-0100: 100857.923: Total time for which application threads were stopped: 0.0001005 seconds, Stopping threads took: 0.0000192 seconds
2017-06-02T16:31:18.063-0100: 100857.923: Total time for which application threads were stopped: 0.0000821 seconds, Stopping threads took: 0.0000112 seconds
2017-06-02T16:31:18.087-0100: 100857.948: Total time for which application threads were stopped: 0.0001694 seconds, Stopping threads took: 0.0000263 seconds
2017-06-02T16:31:18.087-0100: 100857.948: Total time for which application threads were stopped: 0.0000916 seconds, Stopping threads took: 0.0000104 seconds
2017-06-02T16:31:18.096-0100: 100857.956: Total time for which application threads were stopped: 0.0001120 seconds, Stopping threads took: 0.0000226 seconds
2017-06-02T16:31:18.096-0100: 100857.956: Total time for which application threads were stopped: 0.0000752 seconds, Stopping threads took: 0.0000130 seconds
2017-06-02T16:31:19.249-0100: 100859.109: Total time for which application threads were stopped: 0.0001421 seconds, Stopping threads took: 0.0000469 seconds
{Heap before GC invocations=83 (full 1):
 par new generation   total 109248K, used 94824K [0x00000007a0000000, 0x00000007a8000000, 0x00000007a8000000)
  eden space 87424K, 100% used [0x00000007a0000000, 0x00000007a5560000, 0x00000007a5560000)
  from space 21824K,  33% used [0x00000007a6ab0000, 0x00000007a71ea208, 0x00000007a8000000)
  to   space 21824K,   0% used [0x00000007a5560000, 0x00000007a5560000, 0x00000007a6ab0000)
 concurrent mark-sweep generation total 393216K, used 46584K [0x00000007a8000000, 0x00000007c0000000, 0x00000007c0000000)
 Metaspace       used 38546K, capacity 39524K, committed 39620K, reserved 1085440K
  class space    used 4237K, capacity 4492K, committed 4580K, reserved 1048576K
2017-06-02T16:31:19.262-0100: 100859.122: [GC (Allocation Failure) 2017-06-02T16:31:19.262-0100: 100859.122: [ParNew
Desired survivor size 20112992 bytes, new threshold 8 (max 8)
- age   1:    1912904 bytes,    1912904 total
- age   2:    1220936 bytes,    3133840 total
- age   3:     937384 bytes,    4071224 total
- age   4:     633776 bytes,    4705000 total
- age   5:     138360 bytes,    4843360 total
- age   6:     636952 bytes,    5480312 total
- age   7:     200768 bytes,    5681080 total
- age   8:     199176 bytes,    5880256 total
: 94824K->8825K(109248K), 0.0121069 secs] 141409K->55687K(502464K), 0.0121530 secs] [Times: user=0.03 sys=0.01, real=0.01 secs] 
Heap after GC invocations=84 (full 1):
 par new generation   total 109248K, used 8825K [0x00000007a0000000, 0x00000007a8000000, 0x00000007a8000000)
  eden space 87424K,   0% used [0x00000007a0000000, 0x00000007a0000000, 0x00000007a5560000)
  from space 21824K,  40% used [0x00000007a5560000, 0x00000007a5dfe6f8, 0x00000007a6ab0000)
  to   space 21824K,   0% used [0x00000007a6ab0000, 0x00000007a6ab0000, 0x00000007a8000000)
 concurrent mark-sweep generation total 393216K, used 46861K [0x00000007a8000000, 0x00000007c0000000, 0x00000007c0000000)
 Metaspace       used 38546K, capacity 39524K, committed 39620K, reserved 1085440K
  class space    used 4237K, capacity 4492K, committed 4580K, reserved 1048576K
}
2017-06-02T16:31:19.274-0100: 100859.134: Total time for which application threads were stopped: 0.0123872 seconds, Stopping threads took: 0.0000170 seconds
2017-06-02T16:31:19.274-0100: 100859.135: Total time for which application threads were stopped: 0.0002094 seconds, Stopping threads took: 0.0000808 seconds
2017-06-02T16:31:19.274-0100: 100859.135: Total time for which application threads were stopped: 0.0001439 seconds, Stopping threads took: 0.0000577 seconds
2017-06-02T16:31:19.275-0100: 100859.135: Total time for which application threads were stopped: 0.0000980 seconds, Stopping threads took: 0.0000474 seconds
2017-06-02T16:31:19.309-0100: 100859.169: Total time for which application threads were stopped: 0.0031412 seconds, Stopping threads took: 0.0000342 seconds
2017-06-02T16:31:19.406-0100: 100859.266: Total time for which application threads were stopped: 0.0023434 seconds, Stopping threads took: 0.0000161 seconds
2017-06-02T16:31:19.406-0100: 100859.267: Total time for which application threads were stopped: 0.0000587 seconds, Stopping threads took: 0.0000078 seconds
2017-06-02T16:31:19.406-0100: 100859.267: Total time for which application threads were stopped: 0.0000468 seconds, Stopping threads took: 0.0000075 seconds
2017-06-02T16:31:19.406-0100: 100859.267: Total time for which application threads were stopped: 0.0000435 seconds, Stopping threads took: 0.0000075 seconds
2017-06-02T16:31:19.406-0100: 100859.267: Total time for which application threads were stopped: 0.0000452 seconds, Stopping threads took: 0.0000068 seconds
2017-06-02T16:31:19.407-0100: 100859.267: Total time for which application threads were stopped: 0.0000389 seconds, Stopping threads took: 0.0000056 seconds
2017-06-02T16:31:19.407-0100: 100859.267: Total time for which application threads were stopped: 0.0000398 seconds, Stopping threads took: 0.0000058 seconds
2017-06-02T16:31:19.407-0100: 100859.267: Total time for which application threads were stopped: 0.0000396 seconds, Stopping threads took: 0.0000060 seconds
2017-06-02T16:31:19.407-0100: 100859.267: Total time for which application threads were stopped: 0.0000446 seconds, Stopping threads took: 0.0000064 seconds
2017-06-02T16:31:19.407-0100: 100859.267: Total time for which application threads were stopped: 0.0000392 seconds, Stopping threads took: 0.0000058 seconds
2017-06-02T16:31:19.407-0100: 100859.267: Total time for which application threads were stopped: 0.0000366 seconds, Stopping threads took: 0.0000051 seconds
2017-06-02T16:31:19.407-0100: 100859.267: Total time for which application threads were stopped: 0.0000545 seconds, Stopping threads took: 0.0000085 seconds
2017-06-02T16:31:19.407-0100: 100859.268: Total time for which application threads were stopped: 0.0000531 seconds, Stopping threads took: 0.0000055 seconds
2017-06-02T16:31:19.407-0100: 100859.268: Total time for which application threads were stopped: 0.0000399 seconds, Stopping threads took: 0.0000059 seconds
2017-06-02T16:31:19.407-0100: 100859.268: Total time for which application threads were stopped: 0.0000377 seconds, Stopping threads took: 0.0000054 seconds
2017-06-02T16:31:19.407-0100: 100859.268: Total time for which application threads were stopped: 0.0000366 seconds, Stopping threads took: 0.0000048 seconds
2017-06-02T16:31:19.408-0100: 100859.268: Total time for which application threads were stopped: 0.0000655 seconds, Stopping threads took: 0.0000077 seconds
2017-06-02T16:31:19.410-0100: 100859.271: Total time for which application threads were stopped: 0.0001376 seconds, Stopping threads took: 0.0000698 seconds
2017-06-02T16:31:19.411-0100: 100859.271: Total time for which application threads were stopped: 0.0000753 seconds, Stopping threads took: 0.0000184 seconds
2017-06-02T16:31:19.413-0100: 100859.273: Total time for which application threads were stopped: 0.0000782 seconds, Stopping threads took: 0.0000233 seconds
2017-06-02T16:31:19.413-0100: 100859.273: Total time for which application threads were stopped: 0.0000605 seconds, Stopping threads took: 0.0000184 seconds
2017-06-02T16:31:19.419-0100: 100859.279: Total time for which application threads were stopped: 0.0000826 seconds, Stopping threads took: 0.0000139 seconds
2017-06-02T16:31:19.419-0100: 100859.279: Total time for which application threads were stopped: 0.0000816 seconds, Stopping threads took: 0.0000109 seconds
2017-06-02T16:31:19.419-0100: 100859.279: Total time for which application threads were stopped: 0.0000535 seconds, Stopping threads took: 0.0000063 seconds
2017-06-02T16:31:19.419-0100: 100859.279: Total time for which application threads were stopped: 0.0000384 seconds, Stopping threads took: 0.0000053 seconds
2017-06-02T16:31:19.419-0100: 100859.279: Total time for which application threads were stopped: 0.0000577 seconds, Stopping threads took: 0.0000075 seconds
2017-06-02T16:31:19.419-0100: 100859.280: Total time for which application threads were stopped: 0.0001837 seconds, Stopping threads took: 0.0001303 seconds
2017-06-02T16:31:19.419-0100: 100859.280: Total time for which application threads were stopped: 0.0000542 seconds, Stopping threads took: 0.0000186 seconds
2017-06-02T16:31:19.420-0100: 100859.280: Total time for which application threads were stopped: 0.0000503 seconds, Stopping threads took: 0.0000166 seconds
2017-06-02T16:31:19.420-0100: 100859.280: Total time for which application threads were stopped: 0.0000723 seconds, Stopping threads took: 0.0000266 seconds
2017-06-02T16:31:19.420-0100: 100859.280: Total time for which application threads were stopped: 0.0000522 seconds, Stopping threads took: 0.0000180 seconds
2017-06-02T16:31:19.420-0100: 100859.280: Total time for which application threads were stopped: 0.0000597 seconds, Stopping threads took: 0.0000193 seconds
2017-06-02T16:31:19.420-0100: 100859.281: Total time for which application threads were stopped: 0.0001765 seconds, Stopping threads took: 0.0000394 seconds
2017-06-02T16:31:19.420-0100: 100859.281: Total time for which application threads were stopped: 0.0000604 seconds, Stopping threads took: 0.0000206 seconds
2017-06-02T16:31:19.420-0100: 100859.281: Total time for which application threads were stopped: 0.0000672 seconds, Stopping threads took: 0.0000263 seconds
2017-06-02T16:31:20.450-0100: 100860.311: Total time for which application threads were stopped: 0.0001337 seconds, Stopping threads took: 0.0000194 seconds
2017-06-02T16:31:20.455-0100: 100860.315: Total time for which application threads were stopped: 0.0002157 seconds, Stopping threads took: 0.0000378 seconds
2017-06-02T16:31:20.455-0100: 100860.315: Total time for which application threads were stopped: 0.0001055 seconds, Stopping threads took: 0.0000134 seconds
2017-06-02T16:31:20.464-0100: 100860.325: Total time for which application threads were stopped: 0.0001169 seconds, Stopping threads took: 0.0000245 seconds
2017-06-02T16:31:20.464-0100: 100860.325: Total time for which application threads were stopped: 0.0000724 seconds, Stopping threads took: 0.0000116 seconds
2017-06-02T16:31:25.159-0100: 100865.019: Total time for which application threads were stopped: 0.0002691 seconds, Stopping threads took: 0.0000167 seconds
2017-06-02T16:31:31.325-0100: 100871.186: Total time for which application threads were stopped: 0.0001304 seconds, Stopping threads took: 0.0000204 seconds
2017-06-02T16:31:31.325-0100: 100871.186: Total time for which application threads were stopped: 0.0000935 seconds, Stopping threads took: 0.0000122 seconds
2017-06-02T16:31:31.326-0100: 100871.186: Total time for which application threads were stopped: 0.0001247 seconds, Stopping threads took: 0.0000478 seconds
2017-06-02T16:31:31.326-0100: 100871.186: Total time for which application threads were stopped: 0.0001574 seconds, Stopping threads took: 0.0000636 seconds
2017-06-02T16:31:31.326-0100: 100871.186: Total time for which application threads were stopped: 0.0002429 seconds, Stopping threads took: 0.0000093 seconds
2017-06-02T16:31:31.326-0100: 100871.187: Total time for which application threads were stopped: 0.0001052 seconds, Stopping threads took: 0.0000260 seconds
2017-06-02T16:31:31.333-0100: 100871.193: Total time for which application threads were stopped: 0.0003935 seconds, Stopping threads took: 0.0002302 seconds
2017-06-02T16:31:31.333-0100: 100871.193: Total time for which application threads were stopped: 0.0001380 seconds, Stopping threads took: 0.0000382 seconds
2017-06-02T16:31:31.334-0100: 100871.194: Total time for which application threads were stopped: 0.0001481 seconds, Stopping threads took: 0.0000137 seconds
2017-06-02T16:31:31.335-0100: 100871.195: Total time for which application threads were stopped: 0.0001249 seconds, Stopping threads took: 0.0000123 seconds
2017-06-02T16:31:31.335-0100: 100871.195: Total time for which application threads were stopped: 0.0001032 seconds, Stopping threads took: 0.0000107 seconds
2017-06-02T16:31:31.335-0100: 100871.195: Total time for which application threads were stopped: 0.0001085 seconds, Stopping threads took: 0.0000097 seconds
2017-06-02T16:31:31.335-0100: 100871.195: Total time for which application threads were stopped: 0.0001100 seconds, Stopping threads took: 0.0000238 seconds
2017-06-02T16:31:31.335-0100: 100871.195: Total time for which application threads were stopped: 0.0000846 seconds, Stopping threads took: 0.0000085 seconds
2017-06-02T16:31:31.335-0100: 100871.196: Total time for which application threads were stopped: 0.0001136 seconds, Stopping threads took: 0.0000104 seconds
2017-06-02T16:31:31.336-0100: 100871.196: Total time for which application threads were stopped: 0.0001132 seconds, Stopping threads took: 0.0000105 seconds
2017-06-02T16:31:31.336-0100: 100871.196: Total time for which application threads were stopped: 0.0001181 seconds, Stopping threads took: 0.0000216 seconds
2017-06-02T16:31:31.337-0100: 100871.197: Total time for which application threads were stopped: 0.0001289 seconds, Stopping threads took: 0.0000126 seconds
2017-06-02T16:31:31.337-0100: 100871.197: Total time for which application threads were stopped: 0.0001063 seconds, Stopping threads took: 0.0000103 seconds
2017-06-02T16:31:31.347-0100: 100871.207: Total time for which application threads were stopped: 0.0019394 seconds, Stopping threads took: 0.0000418 seconds
2017-06-02T16:31:31.347-0100: 100871.207: Total time for which application threads were stopped: 0.0002548 seconds, Stopping threads took: 0.0000128 seconds
2017-06-02T16:31:31.353-0100: 100871.214: Total time for which application threads were stopped: 0.0001164 seconds, Stopping threads took: 0.0000232 seconds
2017-06-02T16:31:31.353-0100: 100871.214: Total time for which application threads were stopped: 0.0000817 seconds, Stopping threads took: 0.0000137 seconds
2017-06-02T16:31:32.350-0100: 100872.210: Total time for which application threads were stopped: 0.0001575 seconds, Stopping threads took: 0.0000212 seconds
2017-06-02T16:31:32.350-0100: 100872.210: Total time for which application threads were stopped: 0.0001039 seconds, Stopping threads took: 0.0000119 seconds
2017-06-02T16:31:32.357-0100: 100872.218: Total time for which application threads were stopped: 0.0001134 seconds, Stopping threads took: 0.0000233 seconds
2017-06-02T16:31:32.357-0100: 100872.218: Total time for which application threads were stopped: 0.0000902 seconds, Stopping threads took: 0.0000124 seconds
2017-06-02T16:31:55.992-0100: 100895.852: Total time for which application threads were stopped: 0.0002393 seconds, Stopping threads took: 0.0000222 seconds
2017-06-02T16:31:55.992-0100: 100895.852: Total time for which application threads were stopped: 0.0001120 seconds, Stopping threads took: 0.0000108 seconds
2017-06-02T16:31:56.002-0100: 100895.862: Total time for which application threads were stopped: 0.0001231 seconds, Stopping threads took: 0.0000246 seconds
2017-06-02T16:31:56.002-0100: 100895.862: Total time for which application threads were stopped: 0.0000920 seconds, Stopping threads took: 0.0000105 seconds
2017-06-02T16:32:11.468-0100: 100911.328: Total time for which application threads were stopped: 0.0000927 seconds, Stopping threads took: 0.0000154 seconds
2017-06-02T16:32:11.470-0100: 100911.330: Total time for which application threads were stopped: 0.0005700 seconds, Stopping threads took: 0.0000103 seconds
2017-06-02T16:32:11.470-0100: 100911.330: Total time for which application threads were stopped: 0.0000474 seconds, Stopping threads took: 0.0000062 seconds
2017-06-02T16:32:11.472-0100: 100911.332: Total time for which application threads were stopped: 0.0000693 seconds, Stopping threads took: 0.0000091 seconds
2017-06-02T16:32:11.472-0100: 100911.332: Total time for which application threads were stopped: 0.0000496 seconds, Stopping threads took: 0.0000062 seconds
2017-06-02T16:32:11.472-0100: 100911.332: Total time for which application threads were stopped: 0.0000423 seconds, Stopping threads took: 0.0000054 seconds
2017-06-02T16:32:11.473-0100: 100911.333: Total time for which application threads were stopped: 0.0001262 seconds, Stopping threads took: 0.0000085 seconds
2017-06-02T16:32:11.473-0100: 100911.333: Total time for which application threads were stopped: 0.0000721 seconds, Stopping threads took: 0.0000075 seconds
2017-06-02T16:32:11.473-0100: 100911.333: Total time for which application threads were stopped: 0.0000781 seconds, Stopping threads took: 0.0000081 seconds
2017-06-02T16:32:11.474-0100: 100911.333: Total time for which application threads were stopped: 0.0000649 seconds, Stopping threads took: 0.0000077 seconds
2017-06-02T16:32:11.474-0100: 100911.333: Total time for which application threads were stopped: 0.0000675 seconds, Stopping threads took: 0.0000089 seconds
2017-06-02T16:32:11.474-0100: 100911.334: Total time for which application threads were stopped: 0.0001009 seconds, Stopping threads took: 0.0000196 seconds
2017-06-02T16:32:11.474-0100: 100911.334: Total time for which application threads were stopped: 0.0000891 seconds, Stopping threads took: 0.0000098 seconds
2017-06-02T16:32:11.477-0100: 100911.337: Total time for which application threads were stopped: 0.0001367 seconds, Stopping threads took: 0.0000579 seconds
2017-06-02T16:32:11.478-0100: 100911.338: Total time for which application threads were stopped: 0.0001075 seconds, Stopping threads took: 0.0000111 seconds
2017-06-02T16:32:11.479-0100: 100911.339: Total time for which application threads were stopped: 0.0000735 seconds, Stopping threads took: 0.0000115 seconds
2017-06-02T16:32:11.479-0100: 100911.339: Total time for which application threads were stopped: 0.0000909 seconds, Stopping threads took: 0.0000259 seconds
2017-06-02T16:32:11.479-0100: 100911.339: Total time for which application threads were stopped: 0.0000777 seconds, Stopping threads took: 0.0000236 seconds
2017-06-02T16:32:12.481-0100: 100912.341: Total time for which application threads were stopped: 0.0001067 seconds, Stopping threads took: 0.0000322 seconds
2017-06-02T16:32:12.481-0100: 100912.341: Total time for which application threads were stopped: 0.0000719 seconds, Stopping threads took: 0.0000088 seconds
2017-06-02T16:32:12.482-0100: 100912.342: Total time for which application threads were stopped: 0.0001632 seconds, Stopping threads took: 0.0000264 seconds
{Heap before GC invocations=84 (full 1):
 par new generation   total 109248K, used 96249K [0x00000007a0000000, 0x00000007a8000000, 0x00000007a8000000)
  eden space 87424K, 100% used [0x00000007a0000000, 0x00000007a5560000, 0x00000007a5560000)
  from space 21824K,  40% used [0x00000007a5560000, 0x00000007a5dfe6f8, 0x00000007a6ab0000)
  to   space 21824K,   0% used [0x00000007a6ab0000, 0x00000007a6ab0000, 0x00000007a8000000)
 concurrent mark-sweep generation total 393216K, used 46861K [0x00000007a8000000, 0x00000007c0000000, 0x00000007c0000000)
 Metaspace       used 38554K, capacity 39524K, committed 39620K, reserved 1085440K
  class space    used 4237K, capacity 4492K, committed 4580K, reserved 1048576K
2017-06-02T16:32:12.482-0100: 100912.342: [GC (Allocation Failure) 2017-06-02T16:32:12.482-0100: 100912.342: [ParNew
Desired survivor size 20112992 bytes, new threshold 8 (max 8)
- age   1:     670096 bytes,     670096 total
- age   2:    1133040 bytes,    1803136 total
- age   3:     691024 bytes,    2494160 total
- age   4:     450840 bytes,    2945000 total
- age   5:     633280 bytes,    3578280 total
- age   6:     138360 bytes,    3716640 total
- age   7:     636584 bytes,    4353224 total
- age   8:     200720 bytes,    4553944 total
: 96249K->6066K(109248K), 0.0090890 secs] 143111K->53125K(502464K), 0.0091417 secs] [Times: user=0.02 sys=0.00, real=0.01 secs] 
Heap after GC invocations=85 (full 1):
 par new generation   total 109248K, used 6066K [0x00000007a0000000, 0x00000007a8000000, 0x00000007a8000000)
  eden space 87424K,   0% used [0x00000007a0000000, 0x00000007a0000000, 0x00000007a5560000)
  from space 21824K,  27% used [0x00000007a6ab0000, 0x00000007a709cba8, 0x00000007a8000000)
  to   space 21824K,   0% used [0x00000007a5560000, 0x00000007a5560000, 0x00000007a6ab0000)
 concurrent mark-sweep generation total 393216K, used 47058K [0x00000007a8000000, 0x00000007c0000000, 0x00000007c0000000)
 Metaspace       used 38554K, capacity 39524K, committed 39620K, reserved 1085440K
  class space    used 4237K, capacity 4492K, committed 4580K, reserved 1048576K
}
2017-06-02T16:32:12.492-0100: 100912.351: Total time for which application threads were stopped: 0.0093029 seconds, Stopping threads took: 0.0000168 seconds
2017-06-02T16:32:12.492-0100: 100912.352: Total time for which application threads were stopped: 0.0000982 seconds, Stopping threads took: 0.0000312 seconds
2017-06-02T16:32:12.492-0100: 100912.352: Total time for which application threads were stopped: 0.0000814 seconds, Stopping threads took: 0.0000356 seconds
2017-06-02T16:32:26.482-0100: 100926.342: Total time for which application threads were stopped: 0.0000889 seconds, Stopping threads took: 0.0000198 seconds
2017-06-02T16:32:26.485-0100: 100926.344: Total time for which application threads were stopped: 0.0022265 seconds, Stopping threads took: 0.0000104 seconds
2017-06-02T16:32:26.493-0100: 100926.352: Total time for which application threads were stopped: 0.0000941 seconds, Stopping threads took: 0.0000184 seconds
2017-06-02T16:32:26.493-0100: 100926.353: Total time for which application threads were stopped: 0.0000631 seconds, Stopping threads took: 0.0000081 seconds
2017-06-02T16:32:26.493-0100: 100926.353: Total time for which application threads were stopped: 0.0000653 seconds, Stopping threads took: 0.0000087 seconds
2017-06-02T16:32:26.493-0100: 100926.353: Total time for which application threads were stopped: 0.0000729 seconds, Stopping threads took: 0.0000229 seconds
2017-06-02T16:32:31.348-0100: 100931.207: Total time for which application threads were stopped: 0.0000872 seconds, Stopping threads took: 0.0000178 seconds
2017-06-02T16:32:56.003-0100: 100955.862: Total time for which application threads were stopped: 0.0001185 seconds, Stopping threads took: 0.0000290 seconds
2017-06-02T16:33:07.300-0100: 100967.159: Total time for which application threads were stopped: 0.0002234 seconds, Stopping threads took: 0.0000151 seconds
{Heap before GC invocations=85 (full 1):
 par new generation   total 109248K, used 93490K [0x00000007a0000000, 0x00000007a8000000, 0x00000007a8000000)
  eden space 87424K, 100% used [0x00000007a0000000, 0x00000007a5560000, 0x00000007a5560000)
  from space 21824K,  27% used [0x00000007a6ab0000, 0x00000007a709cba8, 0x00000007a8000000)
  to   space 21824K,   0% used [0x00000007a5560000, 0x00000007a5560000, 0x00000007a6ab0000)
 concurrent mark-sweep generation total 393216K, used 47058K [0x00000007a8000000, 0x00000007c0000000, 0x00000007c0000000)
 Metaspace       used 38555K, capacity 39524K, committed 39620K, reserved 1085440K
  class space    used 4237K, capacity 4492K, committed 4580K, reserved 1048576K
2017-06-02T16:33:07.553-0100: 100967.412: [GC (Allocation Failure) 2017-06-02T16:33:07.553-0100: 100967.412: [ParNew
Desired survivor size 20112992 bytes, new threshold 8 (max 8)
- age   1:    2634656 bytes,    2634656 total
- age   2:     465808 bytes,    3100464 total
- age   3:     708264 bytes,    3808728 total
- age   4:     254440 bytes,    4063168 total
- age   5:     450656 bytes,    4513824 total
- age   6:     633280 bytes,    5147104 total
- age   7:     138360 bytes,    5285464 total
- age   8:     636584 bytes,    5922048 total
: 93490K->7610K(109248K), 0.0074622 secs] 140549K->54867K(502464K), 0.0075463 secs] [Times: user=0.03 sys=0.00, real=0.01 secs] 
Heap after GC invocations=86 (full 1):
 par new generation   total 109248K, used 7610K [0x00000007a0000000, 0x00000007a8000000, 0x00000007a8000000)
  eden space 87424K,   0% used [0x00000007a0000000, 0x00000007a0000000, 0x00000007a5560000)
  from space 21824K,  34% used [0x00000007a5560000, 0x00000007a5cceb90, 0x00000007a6ab0000)
  to   space 21824K,   0% used [0x00000007a6ab0000, 0x00000007a6ab0000, 0x00000007a8000000)
 concurrent mark-sweep generation total 393216K, used 47256K [0x00000007a8000000, 0x00000007c0000000, 0x00000007c0000000)
 Metaspace       used 38555K, capacity 39524K, committed 39620K, reserved 1085440K
  class space    used 4237K, capacity 4492K, committed 4580K, reserved 1048576K
}
2017-06-02T16:33:07.561-0100: 100967.420: Total time for which application threads were stopped: 0.0078140 seconds, Stopping threads took: 0.0000212 seconds
{Heap before GC invocations=86 (full 1):
 par new generation   total 109248K, used 95034K [0x00000007a0000000, 0x00000007a8000000, 0x00000007a8000000)
  eden space 87424K, 100% used [0x00000007a0000000, 0x00000007a5560000, 0x00000007a5560000)
  from space 21824K,  34% used [0x00000007a5560000, 0x00000007a5cceb90, 0x00000007a6ab0000)
  to   space 21824K,   0% used [0x00000007a6ab0000, 0x00000007a6ab0000, 0x00000007a8000000)
 concurrent mark-sweep generation total 393216K, used 47256K [0x00000007a8000000, 0x00000007c0000000, 0x00000007c0000000)
 Metaspace       used 38555K, capacity 39524K, committed 39620K, reserved 1085440K
  class space    used 4237K, capacity 4492K, committed 4580K, reserved 1048576K
2017-06-02T16:33:07.787-0100: 100967.646: [GC (Allocation Failure) 2017-06-02T16:33:07.787-0100: 100967.646: [ParNew
Desired survivor size 20112992 bytes, new threshold 8 (max 8)
- age   1:    2611480 bytes,    2611480 total
- age   2:    1711848 bytes,    4323328 total
- age   3:     465032 bytes,    4788360 total
- age   4:     708264 bytes,    5496624 total
- age   5:     254440 bytes,    5751064 total
- age   6:     450656 bytes,    6201720 total
- age   7:     633280 bytes,    6835000 total
- age   8:     138360 bytes,    6973360 total
: 95034K->8262K(109248K), 0.0106554 secs] 142291K->56143K(502464K), 0.0107154 secs] [Times: user=0.02 sys=0.00, real=0.01 secs] 
Heap after GC invocations=87 (full 1):
 par new generation   total 109248K, used 8262K [0x00000007a0000000, 0x00000007a8000000, 0x00000007a8000000)
  eden space 87424K,   0% used [0x00000007a0000000, 0x00000007a0000000, 0x00000007a5560000)
  from space 21824K,  37% used [0x00000007a6ab0000, 0x00000007a72c1a40, 0x00000007a8000000)
  to   space 21824K,   0% used [0x00000007a5560000, 0x00000007a5560000, 0x00000007a6ab0000)
 concurrent mark-sweep generation total 393216K, used 47881K [0x00000007a8000000, 0x00000007c0000000, 0x00000007c0000000)
 Metaspace       used 38555K, capacity 39524K, committed 39620K, reserved 1085440K
  class space    used 4237K, capacity 4492K, committed 4580K, reserved 1048576K
}
2017-06-02T16:33:07.798-0100: 100967.657: Total time for which application threads were stopped: 0.0109166 seconds, Stopping threads took: 0.0000177 seconds
{Heap before GC invocations=87 (full 1):
 par new generation   total 109248K, used 95686K [0x00000007a0000000, 0x00000007a8000000, 0x00000007a8000000)
  eden space 87424K, 100% used [0x00000007a0000000, 0x00000007a5560000, 0x00000007a5560000)
  from space 21824K,  37% used [0x00000007a6ab0000, 0x00000007a72c1a40, 0x00000007a8000000)
  to   space 21824K,   0% used [0x00000007a5560000, 0x00000007a5560000, 0x00000007a6ab0000)
 concurrent mark-sweep generation total 393216K, used 47881K [0x00000007a8000000, 0x00000007c0000000, 0x00000007c0000000)
 Metaspace       used 38555K, capacity 39524K, committed 39620K, reserved 1085440K
  class space    used 4237K, capacity 4492K, committed 4580K, reserved 1048576K
2017-06-02T16:33:07.940-0100: 100967.799: [GC (Allocation Failure) 2017-06-02T16:33:07.940-0100: 100967.799: [ParNew
Desired survivor size 20112992 bytes, new threshold 8 (max 8)
- age   1:    3138256 bytes,    3138256 total
- age   2:    1231016 bytes,    4369272 total
- age   3:    1629768 bytes,    5999040 total
- age   4:     464992 bytes,    6464032 total
- age   5:     708264 bytes,    7172296 total
- age   6:     254440 bytes,    7426736 total
- age   7:     450656 bytes,    7877392 total
- age   8:     633280 bytes,    8510672 total
: 95686K->11592K(109248K), 0.0182569 secs] 143567K->59610K(502464K), 0.0183368 secs] [Times: user=0.04 sys=0.01, real=0.01 secs] 
Heap after GC invocations=88 (full 1):
 par new generation   total 109248K, used 11592K [0x00000007a0000000, 0x00000007a8000000, 0x00000007a8000000)
  eden space 87424K,   0% used [0x00000007a0000000, 0x00000007a0000000, 0x00000007a5560000)
  from space 21824K,  53% used [0x00000007a5560000, 0x00000007a60b2000, 0x00000007a6ab0000)
  to   space 21824K,   0% used [0x00000007a6ab0000, 0x00000007a6ab0000, 0x00000007a8000000)
 concurrent mark-sweep generation total 393216K, used 48018K [0x00000007a8000000, 0x00000007c0000000, 0x00000007c0000000)
 Metaspace       used 38555K, capacity 39524K, committed 39620K, reserved 1085440K
  class space    used 4237K, capacity 4492K, committed 4580K, reserved 1048576K
}
2017-06-02T16:33:07.959-0100: 100967.818: Total time for which application threads were stopped: 0.0185520 seconds, Stopping threads took: 0.0000237 seconds
{Heap before GC invocations=88 (full 1):
 par new generation   total 109248K, used 99016K [0x00000007a0000000, 0x00000007a8000000, 0x00000007a8000000)
  eden space 87424K, 100% used [0x00000007a0000000, 0x00000007a5560000, 0x00000007a5560000)
  from space 21824K,  53% used [0x00000007a5560000, 0x00000007a60b2000, 0x00000007a6ab0000)
  to   space 21824K,   0% used [0x00000007a6ab0000, 0x00000007a6ab0000, 0x00000007a8000000)
 concurrent mark-sweep generation total 393216K, used 48018K [0x00000007a8000000, 0x00000007c0000000, 0x00000007c0000000)
 Metaspace       used 38555K, capacity 39524K, committed 39620K, reserved 1085440K
  class space    used 4237K, capacity 4492K, committed 4580K, reserved 1048576K
2017-06-02T16:33:08.143-0100: 100968.003: [GC (Allocation Failure) 2017-06-02T16:33:08.144-0100: 100968.003: [ParNew
Desired survivor size 20112992 bytes, new threshold 8 (max 8)
- age   1:    3212992 bytes,    3212992 total
- age   2:    1478664 bytes,    4691656 total
- age   3:    1099856 bytes,    5791512 total
- age   4:    1695312 bytes,    7486824 total
- age   5:     464992 bytes,    7951816 total
- age   6:     708264 bytes,    8660080 total
- age   7:     254488 bytes,    8914568 total
- age   8:     450656 bytes,    9365224 total
: 99016K->11414K(109248K), 0.0111152 secs] 147034K->60057K(502464K), 0.0111791 secs] [Times: user=0.04 sys=0.01, real=0.01 secs] 
Heap after GC invocations=89 (full 1):
 par new generation   total 109248K, used 11414K [0x00000007a0000000, 0x00000007a8000000, 0x00000007a8000000)
  eden space 87424K,   0% used [0x00000007a0000000, 0x00000007a0000000, 0x00000007a5560000)
  from space 21824K,  52% used [0x00000007a6ab0000, 0x00000007a75d5840, 0x00000007a8000000)
  to   space 21824K,   0% used [0x00000007a5560000, 0x00000007a5560000, 0x00000007a6ab0000)
 concurrent mark-sweep generation total 393216K, used 48643K [0x00000007a8000000, 0x00000007c0000000, 0x00000007c0000000)
 Metaspace       used 38555K, capacity 39524K, committed 39620K, reserved 1085440K
  class space    used 4237K, capacity 4492K, committed 4580K, reserved 1048576K
}
2017-06-02T16:33:08.155-0100: 100968.014: Total time for which application threads were stopped: 0.0113567 seconds, Stopping threads took: 0.0000181 seconds
{Heap before GC invocations=89 (full 1):
 par new generation   total 109248K, used 98838K [0x00000007a0000000, 0x00000007a8000000, 0x00000007a8000000)
  eden space 87424K, 100% used [0x00000007a0000000, 0x00000007a5560000, 0x00000007a5560000)
  from space 21824K,  52% used [0x00000007a6ab0000, 0x00000007a75d5840, 0x00000007a8000000)
  to   space 21824K,   0% used [0x00000007a5560000, 0x00000007a5560000, 0x00000007a6ab0000)
 concurrent mark-sweep generation total 393216K, used 48643K [0x00000007a8000000, 0x00000007c0000000, 0x00000007c0000000)
 Metaspace       used 38555K, capacity 39524K, committed 39620K, reserved 1085440K
  class space    used 4237K, capacity 4492K, committed 4580K, reserved 1048576K
2017-06-02T16:33:08.381-0100: 100968.240: [GC (Allocation Failure) 2017-06-02T16:33:08.381-0100: 100968.240: [ParNew
Desired survivor size 20112992 bytes, new threshold 8 (max 8)
- age   1:    3634328 bytes,    3634328 total
- age   2:    1227768 bytes,    4862096 total
- age   3:    1428576 bytes,    6290672 total
- age   4:    1034936 bytes,    7325608 total
- age   5:    1630248 bytes,    8955856 total
- age   6:     464992 bytes,    9420848 total
- age   7:     708264 bytes,   10129112 total
- age   8:     254504 bytes,   10383616 total
: 98838K->15905K(109248K), 0.0154487 secs] 147481K->64996K(502464K), 0.0155219 secs] [Times: user=0.06 sys=0.01, real=0.01 secs] 
Heap after GC invocations=90 (full 1):
 par new generation   total 109248K, used 15905K [0x00000007a0000000, 0x00000007a8000000, 0x00000007a8000000)
  eden space 87424K,   0% used [0x00000007a0000000, 0x00000007a0000000, 0x00000007a5560000)
  from space 21824K,  72% used [0x00000007a5560000, 0x00000007a64e8540, 0x00000007a6ab0000)
  to   space 21824K,   0% used [0x00000007a6ab0000, 0x00000007a6ab0000, 0x00000007a8000000)
 concurrent mark-sweep generation total 393216K, used 49091K [0x00000007a8000000, 0x00000007c0000000, 0x00000007c0000000)
 Metaspace       used 38555K, capacity 39524K, committed 39620K, reserved 1085440K
  class space    used 4237K, capacity 4492K, committed 4580K, reserved 1048576K
}
2017-06-02T16:33:08.397-0100: 100968.256: Total time for which application threads were stopped: 0.0157340 seconds, Stopping threads took: 0.0000205 seconds
{Heap before GC invocations=90 (full 1):
 par new generation   total 109248K, used 103329K [0x00000007a0000000, 0x00000007a8000000, 0x00000007a8000000)
  eden space 87424K, 100% used [0x00000007a0000000, 0x00000007a5560000, 0x00000007a5560000)
  from space 21824K,  72% used [0x00000007a5560000, 0x00000007a64e8540, 0x00000007a6ab0000)
  to   space 21824K,   0% used [0x00000007a6ab0000, 0x00000007a6ab0000, 0x00000007a8000000)
 concurrent mark-sweep generation total 393216K, used 49091K [0x00000007a8000000, 0x00000007c0000000, 0x00000007c0000000)
 Metaspace       used 38555K, capacity 39524K, committed 39620K, reserved 1085440K
  class space    used 4237K, capacity 4492K, committed 4580K, reserved 1048576K
2017-06-02T16:33:08.586-0100: 100968.445: [GC (Allocation Failure) 2017-06-02T16:33:08.586-0100: 100968.445: [ParNew
Desired survivor size 20112992 bytes, new threshold 8 (max 8)
- age   1:    4305536 bytes,    4305536 total
- age   2:    1233392 bytes,    5538928 total
- age   3:    1191880 bytes,    6730808 total
- age   4:    1034624 bytes,    7765432 total
- age   5:    1034288 bytes,    8799720 total
- age   6:    1662528 bytes,   10462248 total
- age   7:     464992 bytes,   10927240 total
- age   8:     708264 bytes,   11635504 total
: 103329K->12948K(109248K), 0.0126301 secs] 152420K->62290K(502464K), 0.0126986 secs] [Times: user=0.05 sys=0.02, real=0.01 secs] 
Heap after GC invocations=91 (full 1):
 par new generation   total 109248K, used 12948K [0x00000007a0000000, 0x00000007a8000000, 0x00000007a8000000)
  eden space 87424K,   0% used [0x00000007a0000000, 0x00000007a0000000, 0x00000007a5560000)
  from space 21824K,  59% used [0x00000007a6ab0000, 0x00000007a7755030, 0x00000007a8000000)
  to   space 21824K,   0% used [0x00000007a5560000, 0x00000007a5560000, 0x00000007a6ab0000)
 concurrent mark-sweep generation total 393216K, used 49342K [0x00000007a8000000, 0x00000007c0000000, 0x00000007c0000000)
 Metaspace       used 38555K, capacity 39524K, committed 39620K, reserved 1085440K
  class space    used 4237K, capacity 4492K, committed 4580K, reserved 1048576K
}
2017-06-02T16:33:08.598-0100: 100968.458: Total time for which application threads were stopped: 0.0129161 seconds, Stopping threads took: 0.0000227 seconds
{Heap before GC invocations=91 (full 1):
 par new generation   total 109248K, used 100372K [0x00000007a0000000, 0x00000007a8000000, 0x00000007a8000000)
  eden space 87424K, 100% used [0x00000007a0000000, 0x00000007a5560000, 0x00000007a5560000)
  from space 21824K,  59% used [0x00000007a6ab0000, 0x00000007a7755030, 0x00000007a8000000)
  to   space 21824K,   0% used [0x00000007a5560000, 0x00000007a5560000, 0x00000007a6ab0000)
 concurrent mark-sweep generation total 393216K, used 49342K [0x00000007a8000000, 0x00000007c0000000, 0x00000007c0000000)
 Metaspace       used 38555K, capacity 39524K, committed 39620K, reserved 1085440K
  class space    used 4237K, capacity 4492K, committed 4580K, reserved 1048576K
2017-06-02T16:33:08.787-0100: 100968.646: [GC (Allocation Failure) 2017-06-02T16:33:08.787-0100: 100968.646: [ParNew
Desired survivor size 20112992 bytes, new threshold 8 (max 8)
- age   1:    3942584 bytes,    3942584 total
- age   2:    1755520 bytes,    5698104 total
- age   3:    1233288 bytes,    6931392 total
- age   4:    1191880 bytes,    8123272 total
- age   5:    1001840 bytes,    9125112 total
- age   6:    1034288 bytes,   10159400 total
- age   7:    1629744 bytes,   11789144 total
- age   8:     464992 bytes,   12254136 total
: 100372K->16434K(109248K), 0.0125069 secs] 149714K->66473K(502464K), 0.0125787 secs] [Times: user=0.04 sys=0.01, real=0.02 secs] 
Heap after GC invocations=92 (full 1):
 par new generation   total 109248K, used 16434K [0x00000007a0000000, 0x00000007a8000000, 0x00000007a8000000)
  eden space 87424K,   0% used [0x00000007a0000000, 0x00000007a0000000, 0x00000007a5560000)
  from space 21824K,  75% used [0x00000007a5560000, 0x00000007a656c8a8, 0x00000007a6ab0000)
  to   space 21824K,   0% used [0x00000007a6ab0000, 0x00000007a6ab0000, 0x00000007a8000000)
 concurrent mark-sweep generation total 393216K, used 50039K [0x00000007a8000000, 0x00000007c0000000, 0x00000007c0000000)
 Metaspace       used 38555K, capacity 39524K, committed 39620K, reserved 1085440K
  class space    used 4237K, capacity 4492K, committed 4580K, reserved 1048576K
}
2017-06-02T16:33:08.800-0100: 100968.659: Total time for which application threads were stopped: 0.0127511 seconds, Stopping threads took: 0.0000167 seconds
{Heap before GC invocations=92 (full 1):
 par new generation   total 109248K, used 103858K [0x00000007a0000000, 0x00000007a8000000, 0x00000007a8000000)
  eden space 87424K, 100% used [0x00000007a0000000, 0x00000007a5560000, 0x00000007a5560000)
  from space 21824K,  75% used [0x00000007a5560000, 0x00000007a656c8a8, 0x00000007a6ab0000)
  to   space 21824K,   0% used [0x00000007a6ab0000, 0x00000007a6ab0000, 0x00000007a8000000)
 concurrent mark-sweep generation total 393216K, used 50039K [0x00000007a8000000, 0x00000007c0000000, 0x00000007c0000000)
 Metaspace       used 38555K, capacity 39524K, committed 39620K, reserved 1085440K
  class space    used 4237K, capacity 4492K, committed 4580K, reserved 1048576K
2017-06-02T16:33:09.009-0100: 100968.869: [GC (Allocation Failure) 2017-06-02T16:33:09.009-0100: 100968.869: [ParNew
Desired survivor size 20112992 bytes, new threshold 8 (max 8)
- age   1:    4070424 bytes,    4070424 total
- age   2:    1722272 bytes,    5792696 total
- age   3:    1632048 bytes,    7424744 total
- age   4:    1154880 bytes,    8579624 total
- age   5:     929720 bytes,    9509344 total
- age   6:    1001840 bytes,   10511184 total
- age   7:    1034288 bytes,   11545472 total
- age   8:    1629744 bytes,   13175216 total
: 103858K->15849K(109248K), 0.0102824 secs] 153897K->66351K(502464K), 0.0103629 secs] [Times: user=0.04 sys=0.01, real=0.02 secs] 
Heap after GC invocations=93 (full 1):
 par new generation   total 109248K, used 15849K [0x00000007a0000000, 0x00000007a8000000, 0x00000007a8000000)
  eden space 87424K,   0% used [0x00000007a0000000, 0x00000007a0000000, 0x00000007a5560000)
  from space 21824K,  72% used [0x00000007a6ab0000, 0x00000007a7a2a4e0, 0x00000007a8000000)
  to   space 21824K,   0% used [0x00000007a5560000, 0x00000007a5560000, 0x00000007a6ab0000)
 concurrent mark-sweep generation total 393216K, used 50501K [0x00000007a8000000, 0x00000007c0000000, 0x00000007c0000000)
 Metaspace       used 38555K, capacity 39524K, committed 39620K, reserved 1085440K
  class space    used 4237K, capacity 4492K, committed 4580K, reserved 1048576K
}
2017-06-02T16:33:09.020-0100: 100968.879: Total time for which application threads were stopped: 0.0106222 seconds, Stopping threads took: 0.0000250 seconds
{Heap before GC invocations=93 (full 1):
 par new generation   total 109248K, used 103273K [0x00000007a0000000, 0x00000007a8000000, 0x00000007a8000000)
  eden space 87424K, 100% used [0x00000007a0000000, 0x00000007a5560000, 0x00000007a5560000)
  from space 21824K,  72% used [0x00000007a6ab0000, 0x00000007a7a2a4e0, 0x00000007a8000000)
  to   space 21824K,   0% used [0x00000007a5560000, 0x00000007a5560000, 0x00000007a6ab0000)
 concurrent mark-sweep generation total 393216K, used 50501K [0x00000007a8000000, 0x00000007c0000000, 0x00000007c0000000)
 Metaspace       used 38555K, capacity 39524K, committed 39620K, reserved 1085440K
  class space    used 4237K, capacity 4492K, committed 4580K, reserved 1048576K
2017-06-02T16:33:09.234-0100: 100969.093: [GC (Allocation Failure) 2017-06-02T16:33:09.234-0100: 100969.093: [ParNew
Desired survivor size 20112992 bytes, new threshold 8 (max 8)
- age   1:    3875112 bytes,    3875112 total
- age   2:    2200680 bytes,    6075792 total
- age   3:    1035096 bytes,    7110888 total
- age   4:    1628648 bytes,    8739536 total
- age   5:    1156272 bytes,    9895808 total
- age   6:     931112 bytes,   10826920 total
- age   7:     937392 bytes,   11764312 total
- age   8:    1018992 bytes,   12783304 total
: 103273K->18811K(109248K), 0.0146252 secs] 153775K->70915K(502464K), 0.0146973 secs] [Times: user=0.05 sys=0.00, real=0.01 secs] 
Heap after GC invocations=94 (full 1):
 par new generation   total 109248K, used 18811K [0x00000007a0000000, 0x00000007a8000000, 0x00000007a8000000)
  eden space 87424K,   0% used [0x00000007a0000000, 0x00000007a0000000, 0x00000007a5560000)
  from space 21824K,  86% used [0x00000007a5560000, 0x00000007a67bee80, 0x00000007a6ab0000)
  to   space 21824K,   0% used [0x00000007a6ab0000, 0x00000007a6ab0000, 0x00000007a8000000)
 concurrent mark-sweep generation total 393216K, used 52103K [0x00000007a8000000, 0x00000007c0000000, 0x00000007c0000000)
 Metaspace       used 38555K, capacity 39524K, committed 39620K, reserved 1085440K
  class space    used 4237K, capacity 4492K, committed 4580K, reserved 1048576K
}
2017-06-02T16:33:09.249-0100: 100969.108: Total time for which application threads were stopped: 0.0209557 seconds, Stopping threads took: 0.0000187 seconds
{Heap before GC invocations=94 (full 1):
 par new generation   total 109248K, used 106235K [0x00000007a0000000, 0x00000007a8000000, 0x00000007a8000000)
  eden space 87424K, 100% used [0x00000007a0000000, 0x00000007a5560000, 0x00000007a5560000)
  from space 21824K,  86% used [0x00000007a5560000, 0x00000007a67bee80, 0x00000007a6ab0000)
  to   space 21824K,   0% used [0x00000007a6ab0000, 0x00000007a6ab0000, 0x00000007a8000000)
 concurrent mark-sweep generation total 393216K, used 52103K [0x00000007a8000000, 0x00000007c0000000, 0x00000007c0000000)
 Metaspace       used 38555K, capacity 39524K, committed 39620K, reserved 1085440K
  class space    used 4237K, capacity 4492K, committed 4580K, reserved 1048576K
2017-06-02T16:33:09.427-0100: 100969.286: [GC (Allocation Failure) 2017-06-02T16:33:09.427-0100: 100969.286: [ParNew
Desired survivor size 20112992 bytes, new threshold 8 (max 8)
- age   1:    4306312 bytes,    4306312 total
- age   2:    1809504 bytes,    6115816 total
- age   3:    1433088 bytes,    7548904 total
- age   4:     991064 bytes,    8539968 total
- age   5:    1627928 bytes,   10167896 total
- age   6:    1057608 bytes,   11225504 total
- age   7:     930680 bytes,   12156184 total
- age   8:     937104 bytes,   13093288 total
: 106235K->16848K(109248K), 0.0139642 secs] 158339K->69924K(502464K), 0.0140302 secs] [Times: user=0.04 sys=0.01, real=0.02 secs] 
Heap after GC invocations=95 (full 1):
 par new generation   total 109248K, used 16848K [0x00000007a0000000, 0x00000007a8000000, 0x00000007a8000000)
  eden space 87424K,   0% used [0x00000007a0000000, 0x00000007a0000000, 0x00000007a5560000)
  from space 21824K,  77% used [0x00000007a6ab0000, 0x00000007a7b24310, 0x00000007a8000000)
  to   space 21824K,   0% used [0x00000007a5560000, 0x00000007a5560000, 0x00000007a6ab0000)
 concurrent mark-sweep generation total 393216K, used 53075K [0x00000007a8000000, 0x00000007c0000000, 0x00000007c0000000)
 Metaspace       used 38555K, capacity 39524K, committed 39620K, reserved 1085440K
  class space    used 4237K, capacity 4492K, committed 4580K, reserved 1048576K
}
2017-06-02T16:33:09.441-0100: 100969.300: Total time for which application threads were stopped: 0.0142303 seconds, Stopping threads took: 0.0000179 seconds
{Heap before GC invocations=95 (full 1):
 par new generation   total 109248K, used 104272K [0x00000007a0000000, 0x00000007a8000000, 0x00000007a8000000)
  eden space 87424K, 100% used [0x00000007a0000000, 0x00000007a5560000, 0x00000007a5560000)
  from space 21824K,  77% used [0x00000007a6ab0000, 0x00000007a7b24310, 0x00000007a8000000)
  to   space 21824K,   0% used [0x00000007a5560000, 0x00000007a5560000, 0x00000007a6ab0000)
 concurrent mark-sweep generation total 393216K, used 53075K [0x00000007a8000000, 0x00000007c0000000, 0x00000007c0000000)
 Metaspace       used 38555K, capacity 39524K, committed 39620K, reserved 1085440K
  class space    used 4237K, capacity 4492K, committed 4580K, reserved 1048576K
2017-06-02T16:33:09.628-0100: 100969.487: [GC (Allocation Failure) 2017-06-02T16:33:09.628-0100: 100969.487: [ParNew
Desired survivor size 20112992 bytes, new threshold 8 (max 8)
- age   1:    2648272 bytes,    2648272 total
- age   2:    3721600 bytes,    6369872 total
- age   3:    1015768 bytes,    7385640 total
- age   4:    1433376 bytes,    8819016 total
- age   5:     991136 bytes,    9810152 total
- age   6:    1628336 bytes,   11438488 total
- age   7:     992152 bytes,   12430640 total
- age   8:     930704 bytes,   13361344 total
: 104272K->17133K(109248K), 0.0157340 secs] 157348K->71134K(502464K), 0.0157901 secs] [Times: user=0.04 sys=0.00, real=0.02 secs] 
Heap after GC invocations=96 (full 1):
 par new generation   total 109248K, used 17133K [0x00000007a0000000, 0x00000007a8000000, 0x00000007a8000000)
  eden space 87424K,   0% used [0x00000007a0000000, 0x00000007a0000000, 0x00000007a5560000)
  from space 21824K,  78% used [0x00000007a5560000, 0x00000007a661b698, 0x00000007a6ab0000)
  to   space 21824K,   0% used [0x00000007a6ab0000, 0x00000007a6ab0000, 0x00000007a8000000)
 concurrent mark-sweep generation total 393216K, used 54000K [0x00000007a8000000, 0x00000007c0000000, 0x00000007c0000000)
 Metaspace       used 38555K, capacity 39524K, committed 39620K, reserved 1085440K
  class space    used 4237K, capacity 4492K, committed 4580K, reserved 1048576K
}
2017-06-02T16:33:09.643-0100: 100969.503: Total time for which application threads were stopped: 0.0159864 seconds, Stopping threads took: 0.0000173 seconds
{Heap before GC invocations=96 (full 1):
 par new generation   total 109248K, used 104557K [0x00000007a0000000, 0x00000007a8000000, 0x00000007a8000000)
  eden space 87424K, 100% used [0x00000007a0000000, 0x00000007a5560000, 0x00000007a5560000)
  from space 21824K,  78% used [0x00000007a5560000, 0x00000007a661b698, 0x00000007a6ab0000)
  to   space 21824K,   0% used [0x00000007a6ab0000, 0x00000007a6ab0000, 0x00000007a8000000)
 concurrent mark-sweep generation total 393216K, used 54000K [0x00000007a8000000, 0x00000007c0000000, 0x00000007c0000000)
 Metaspace       used 38555K, capacity 39524K, committed 39620K, reserved 1085440K
  class space    used 4237K, capacity 4492K, committed 4580K, reserved 1048576K
2017-06-02T16:33:09.820-0100: 100969.679: [GC (Allocation Failure) 2017-06-02T16:33:09.820-0100: 100969.679: [ParNew
Desired survivor size 20112992 bytes, new threshold 8 (max 8)
- age   1:    5209792 bytes,    5209792 total
- age   2:    1888640 bytes,    7098432 total
- age   3:    1178816 bytes,    8277248 total
- age   4:    1015024 bytes,    9292272 total
- age   5:    1344208 bytes,   10636480 total
- age   6:     989904 bytes,   11626384 total
- age   7:    1365096 bytes,   12991480 total
- age   8:     925424 bytes,   13916904 total
: 104557K->16247K(109248K), 0.0134114 secs] 158558K->71166K(502464K), 0.0134781 secs] [Times: user=0.03 sys=0.01, real=0.01 secs] 
Heap after GC invocations=97 (full 1):
 par new generation   total 109248K, used 16247K [0x00000007a0000000, 0x00000007a8000000, 0x00000007a8000000)
  eden space 87424K,   0% used [0x00000007a0000000, 0x00000007a0000000, 0x00000007a5560000)
  from space 21824K,  74% used [0x00000007a6ab0000, 0x00000007a7a8de10, 0x00000007a8000000)
  to   space 21824K,   0% used [0x00000007a5560000, 0x00000007a5560000, 0x00000007a6ab0000)
 concurrent mark-sweep generation total 393216K, used 54919K [0x00000007a8000000, 0x00000007c0000000, 0x00000007c0000000)
 Metaspace       used 38555K, capacity 39524K, committed 39620K, reserved 1085440K
  class space    used 4237K, capacity 4492K, committed 4580K, reserved 1048576K
}
2017-06-02T16:33:09.834-0100: 100969.693: Total time for which application threads were stopped: 0.0136795 seconds, Stopping threads took: 0.0000344 seconds
{Heap before GC invocations=97 (full 1):
 par new generation   total 109248K, used 103671K [0x00000007a0000000, 0x00000007a8000000, 0x00000007a8000000)
  eden space 87424K, 100% used [0x00000007a0000000, 0x00000007a5560000, 0x00000007a5560000)
  from space 21824K,  74% used [0x00000007a6ab0000, 0x00000007a7a8de10, 0x00000007a8000000)
  to   space 21824K,   0% used [0x00000007a5560000, 0x00000007a5560000, 0x00000007a6ab0000)
 concurrent mark-sweep generation total 393216K, used 54919K [0x00000007a8000000, 0x00000007c0000000, 0x00000007c0000000)
 Metaspace       used 38555K, capacity 39524K, committed 39620K, reserved 1085440K
  class space    used 4237K, capacity 4492K, committed 4580K, reserved 1048576K
2017-06-02T16:33:10.028-0100: 100969.887: [GC (Allocation Failure) 2017-06-02T16:33:10.028-0100: 100969.887: [ParNew
Desired survivor size 20112992 bytes, new threshold 8 (max 8)
- age   1:    5147320 bytes,    5147320 total
- age   2:    2789520 bytes,    7936840 total
- age   3:     999536 bytes,    8936376 total
- age   4:    1129848 bytes,   10066224 total
- age   5:    1012808 bytes,   11079032 total
- age   6:    1344208 bytes,   12423240 total
- age   7:     989904 bytes,   13413144 total
- age   8:    1102936 bytes,   14516080 total
: 103671K->18857K(109248K), 0.0111354 secs] 158590K->74691K(502464K), 0.0111935 secs] [Times: user=0.03 sys=0.01, real=0.01 secs] 
Heap after GC invocations=98 (full 1):
 par new generation   total 109248K, used 18857K [0x00000007a0000000, 0x00000007a8000000, 0x00000007a8000000)
  eden space 87424K,   0% used [0x00000007a0000000, 0x00000007a0000000, 0x00000007a5560000)
  from space 21824K,  86% used [0x00000007a5560000, 0x00000007a67ca6e8, 0x00000007a6ab0000)
  to   space 21824K,   0% used [0x00000007a6ab0000, 0x00000007a6ab0000, 0x00000007a8000000)
 concurrent mark-sweep generation total 393216K, used 55833K [0x00000007a8000000, 0x00000007c0000000, 0x00000007c0000000)
 Metaspace       used 38555K, capacity 39524K, committed 39620K, reserved 1085440K
  class space    used 4237K, capacity 4492K, committed 4580K, reserved 1048576K
}
2017-06-02T16:33:10.039-0100: 100969.898: Total time for which application threads were stopped: 0.0113909 seconds, Stopping threads took: 0.0000178 seconds
{Heap before GC invocations=98 (full 1):
 par new generation   total 109248K, used 106281K [0x00000007a0000000, 0x00000007a8000000, 0x00000007a8000000)
  eden space 87424K, 100% used [0x00000007a0000000, 0x00000007a5560000, 0x00000007a5560000)
  from space 21824K,  86% used [0x00000007a5560000, 0x00000007a67ca6e8, 0x00000007a6ab0000)
  to   space 21824K,   0% used [0x00000007a6ab0000, 0x00000007a6ab0000, 0x00000007a8000000)
 concurrent mark-sweep generation total 393216K, used 55833K [0x00000007a8000000, 0x00000007c0000000, 0x00000007c0000000)
 Metaspace       used 38555K, capacity 39524K, committed 39620K, reserved 1085440K
  class space    used 4237K, capacity 4492K, committed 4580K, reserved 1048576K
2017-06-02T16:33:10.242-0100: 100970.102: [GC (Allocation Failure) 2017-06-02T16:33:10.243-0100: 100970.102: [ParNew
Desired survivor size 20112992 bytes, new threshold 8 (max 8)
- age   1:    2275704 bytes,    2275704 total
- age   2:    5062552 bytes,    7338256 total
- age   3:    1558152 bytes,    8896408 total
- age   4:     999536 bytes,    9895944 total
- age   5:    1129848 bytes,   11025792 total
- age   6:    1007856 bytes,   12033648 total
- age   7:    1344208 bytes,   13377856 total
- age   8:     989904 bytes,   14367760 total
: 106281K->18941K(109248K), 0.0158659 secs] 162115K->75862K(502464K), 0.0159305 secs] [Times: user=0.04 sys=0.01, real=0.01 secs] 
Heap after GC invocations=99 (full 1):
 par new generation   total 109248K, used 18941K [0x00000007a0000000, 0x00000007a8000000, 0x00000007a8000000)
  eden space 87424K,   0% used [0x00000007a0000000, 0x00000007a0000000, 0x00000007a5560000)
  from space 21824K,  86% used [0x00000007a6ab0000, 0x00000007a7d2f6c8, 0x00000007a8000000)
  to   space 21824K,   0% used [0x00000007a5560000, 0x00000007a5560000, 0x00000007a6ab0000)
 concurrent mark-sweep generation total 393216K, used 56921K [0x00000007a8000000, 0x00000007c0000000, 0x00000007c0000000)
 Metaspace       used 38555K, capacity 39524K, committed 39620K, reserved 1085440K
  class space    used 4237K, capacity 4492K, committed 4580K, reserved 1048576K
}
2017-06-02T16:33:10.258-0100: 100970.118: Total time for which application threads were stopped: 0.0184451 seconds, Stopping threads took: 0.0000332 seconds
{Heap before GC invocations=99 (full 1):
 par new generation   total 109248K, used 106365K [0x00000007a0000000, 0x00000007a8000000, 0x00000007a8000000)
  eden space 87424K, 100% used [0x00000007a0000000, 0x00000007a5560000, 0x00000007a5560000)
  from space 21824K,  86% used [0x00000007a6ab0000, 0x00000007a7d2f6c8, 0x00000007a8000000)
  to   space 21824K,   0% used [0x00000007a5560000, 0x00000007a5560000, 0x00000007a6ab0000)
 concurrent mark-sweep generation total 393216K, used 56921K [0x00000007a8000000, 0x00000007c0000000, 0x00000007c0000000)
 Metaspace       used 38558K, capacity 39524K, committed 39620K, reserved 1085440K
  class space    used 4237K, capacity 4492K, committed 4580K, reserved 1048576K
2017-06-02T16:33:10.585-0100: 100970.444: [GC (Allocation Failure) 2017-06-02T16:33:10.585-0100: 100970.444: [ParNew
Desired survivor size 20112992 bytes, new threshold 8 (max 8)
- age   1:    4876840 bytes,    4876840 total
- age   2:    2203896 bytes,    7080736 total
- age   3:    1422936 bytes,    8503672 total
- age   4:    1532616 bytes,   10036288 total
- age   5:     974384 bytes,   11010672 total
- age   6:    1104360 bytes,   12115032 total
- age   7:     982368 bytes,   13097400 total
- age   8:    1318768 bytes,   14416168 total
: 106365K->18143K(109248K), 0.0073385 secs] 163286K->76013K(502464K), 0.0073985 secs] [Times: user=0.03 sys=0.00, real=0.01 secs] 
Heap after GC invocations=100 (full 1):
 par new generation   total 109248K, used 18143K [0x00000007a0000000, 0x00000007a8000000, 0x00000007a8000000)
  eden space 87424K,   0% used [0x00000007a0000000, 0x00000007a0000000, 0x00000007a5560000)
  from space 21824K,  83% used [0x00000007a5560000, 0x00000007a6717fd0, 0x00000007a6ab0000)
  to   space 21824K,   0% used [0x00000007a6ab0000, 0x00000007a6ab0000, 0x00000007a8000000)
 concurrent mark-sweep generation total 393216K, used 57869K [0x00000007a8000000, 0x00000007c0000000, 0x00000007c0000000)
 Metaspace       used 38558K, capacity 39524K, committed 39620K, reserved 1085440K
  class space    used 4237K, capacity 4492K, committed 4580K, reserved 1048576K
}
2017-06-02T16:33:10.592-0100: 100970.451: Total time for which application threads were stopped: 0.0082843 seconds, Stopping threads took: 0.0000207 seconds
{Heap before GC invocations=100 (full 1):
 par new generation   total 109248K, used 105567K [0x00000007a0000000, 0x00000007a8000000, 0x00000007a8000000)
  eden space 87424K, 100% used [0x00000007a0000000, 0x00000007a5560000, 0x00000007a5560000)
  from space 21824K,  83% used [0x00000007a5560000, 0x00000007a6717fd0, 0x00000007a6ab0000)
  to   space 21824K,   0% used [0x00000007a6ab0000, 0x00000007a6ab0000, 0x00000007a8000000)
 concurrent mark-sweep generation total 393216K, used 57869K [0x00000007a8000000, 0x00000007c0000000, 0x00000007c0000000)
 Metaspace       used 38558K, capacity 39524K, committed 39620K, reserved 1085440K
  class space    used 4237K, capacity 4492K, committed 4580K, reserved 1048576K
2017-06-02T16:33:10.714-0100: 100970.573: [GC (Allocation Failure) 2017-06-02T16:33:10.714-0100: 100970.573: [ParNew
Desired survivor size 20112992 bytes, new threshold 8 (max 8)
- age   1:      54440 bytes,      54440 total
- age   2:    4859152 bytes,    4913592 total
- age   3:    2203896 bytes,    7117488 total
- age   4:    1422936 bytes,    8540424 total
- age   5:    1532616 bytes,   10073040 total
- age   6:     974384 bytes,   11047424 total
- age   7:    1104360 bytes,   12151784 total
- age   8:     982368 bytes,   13134152 total
: 105567K->16565K(109248K), 0.0080163 secs] 163437K->75728K(502464K), 0.0080919 secs] [Times: user=0.03 sys=0.00, real=0.01 secs] 
Heap after GC invocations=101 (full 1):
 par new generation   total 109248K, used 16565K [0x00000007a0000000, 0x00000007a8000000, 0x00000007a8000000)
  eden space 87424K,   0% used [0x00000007a0000000, 0x00000007a0000000, 0x00000007a5560000)
  from space 21824K,  75% used [0x00000007a6ab0000, 0x00000007a7add580, 0x00000007a8000000)
  to   space 21824K,   0% used [0x00000007a5560000, 0x00000007a5560000, 0x00000007a6ab0000)
 concurrent mark-sweep generation total 393216K, used 59163K [0x00000007a8000000, 0x00000007c0000000, 0x00000007c0000000)
 Metaspace       used 38558K, capacity 39524K, committed 39620K, reserved 1085440K
  class space    used 4237K, capacity 4492K, committed 4580K, reserved 1048576K
}
2017-06-02T16:33:10.722-0100: 100970.581: Total time for which application threads were stopped: 0.0105043 seconds, Stopping threads took: 0.0000210 seconds
2017-06-02T16:33:10.845-0100: 100970.704: Total time for which application threads were stopped: 0.0001158 seconds, Stopping threads took: 0.0000241 seconds
2017-06-02T16:33:10.856-0100: 100970.715: Total time for which application threads were stopped: 0.0025187 seconds, Stopping threads took: 0.0000203 seconds
2017-06-02T16:33:11.856-0100: 100971.715: Total time for which application threads were stopped: 0.0000912 seconds, Stopping threads took: 0.0000220 seconds
2017-06-02T16:33:16.680-0100: 100976.539: Total time for which application threads were stopped: 0.0001710 seconds, Stopping threads took: 0.0000250 seconds
2017-06-02T16:33:16.680-0100: 100976.539: Total time for which application threads were stopped: 0.0001326 seconds, Stopping threads took: 0.0000123 seconds
2017-06-02T16:33:16.689-0100: 100976.548: Total time for which application threads were stopped: 0.0001129 seconds, Stopping threads took: 0.0000236 seconds
2017-06-02T16:33:16.689-0100: 100976.548: Total time for which application threads were stopped: 0.0000751 seconds, Stopping threads took: 0.0000120 seconds
2017-06-02T16:34:16.690-0100: 101036.548: Total time for which application threads were stopped: 0.0000870 seconds, Stopping threads took: 0.0000179 seconds
2017-06-02T16:34:19.926-0100: 101039.785: Total time for which application threads were stopped: 0.0001018 seconds, Stopping threads took: 0.0000166 seconds
2017-06-02T16:34:19.930-0100: 101039.788: Total time for which application threads were stopped: 0.0016144 seconds, Stopping threads took: 0.0000120 seconds
2017-06-02T16:34:19.933-0100: 101039.791: Total time for which application threads were stopped: 0.0008320 seconds, Stopping threads took: 0.0000122 seconds
2017-06-02T16:34:19.945-0100: 101039.803: Total time for which application threads were stopped: 0.0012577 seconds, Stopping threads took: 0.0000144 seconds
{Heap before GC invocations=101 (full 1):
 par new generation   total 109248K, used 103989K [0x00000007a0000000, 0x00000007a8000000, 0x00000007a8000000)
  eden space 87424K, 100% used [0x00000007a0000000, 0x00000007a5560000, 0x00000007a5560000)
  from space 21824K,  75% used [0x00000007a6ab0000, 0x00000007a7add580, 0x00000007a8000000)
  to   space 21824K,   0% used [0x00000007a5560000, 0x00000007a5560000, 0x00000007a6ab0000)
 concurrent mark-sweep generation total 393216K, used 59163K [0x00000007a8000000, 0x00000007c0000000, 0x00000007c0000000)
 Metaspace       used 38732K, capacity 39684K, committed 39876K, reserved 1085440K
  class space    used 4250K, capacity 4524K, committed 4580K, reserved 1048576K
2017-06-02T16:34:20.178-0100: 101040.036: [GC (Allocation Failure) 2017-06-02T16:34:20.178-0100: 101040.037: [ParNew
Desired survivor size 20112992 bytes, new threshold 8 (max 8)
- age   1:     355792 bytes,     355792 total
- age   3:    4692392 bytes,    5048184 total
- age   4:    2139512 bytes,    7187696 total
- age   5:    1361240 bytes,    8548936 total
- age   6:    1468280 bytes,   10017216 total
- age   7:     912000 bytes,   10929216 total
- age   8:    1041688 bytes,   11970904 total
: 103989K->14848K(109248K), 0.0106870 secs] 163152K->74912K(502464K), 0.0110501 secs] [Times: user=0.06 sys=0.01, real=0.01 secs] 
Heap after GC invocations=102 (full 1):
 par new generation   total 109248K, used 14848K [0x00000007a0000000, 0x00000007a8000000, 0x00000007a8000000)
  eden space 87424K,   0% used [0x00000007a0000000, 0x00000007a0000000, 0x00000007a5560000)
  from space 21824K,  68% used [0x00000007a5560000, 0x00000007a63e0128, 0x00000007a6ab0000)
  to   space 21824K,   0% used [0x00000007a6ab0000, 0x00000007a6ab0000, 0x00000007a8000000)
 concurrent mark-sweep generation total 393216K, used 60064K [0x00000007a8000000, 0x00000007c0000000, 0x00000007c0000000)
 Metaspace       used 38732K, capacity 39684K, committed 39876K, reserved 1085440K
  class space    used 4250K, capacity 4524K, committed 4580K, reserved 1048576K
}
2017-06-02T16:34:20.189-0100: 101040.048: Total time for which application threads were stopped: 0.0113571 seconds, Stopping threads took: 0.0000221 seconds
{Heap before GC invocations=102 (full 1):
 par new generation   total 109248K, used 102272K [0x00000007a0000000, 0x00000007a8000000, 0x00000007a8000000)
  eden space 87424K, 100% used [0x00000007a0000000, 0x00000007a5560000, 0x00000007a5560000)
  from space 21824K,  68% used [0x00000007a5560000, 0x00000007a63e0128, 0x00000007a6ab0000)
  to   space 21824K,   0% used [0x00000007a6ab0000, 0x00000007a6ab0000, 0x00000007a8000000)
 concurrent mark-sweep generation total 393216K, used 60064K [0x00000007a8000000, 0x00000007c0000000, 0x00000007c0000000)
 Metaspace       used 38734K, capacity 39684K, committed 39876K, reserved 1085440K
  class space    used 4251K, capacity 4524K, committed 4580K, reserved 1048576K
2017-06-02T16:34:20.468-0100: 101040.326: [GC (Allocation Failure) 2017-06-02T16:34:20.468-0100: 101040.326: [ParNew
Desired survivor size 20112992 bytes, new threshold 8 (max 8)
- age   1:       7800 bytes,       7800 total
- age   2:     253808 bytes,     261608 total
- age   4:    4692392 bytes,    4954000 total
- age   5:    2139512 bytes,    7093512 total
- age   6:    1361240 bytes,    8454752 total
- age   7:    1468280 bytes,    9923032 total
- age   8:     912000 bytes,   10835032 total
: 102272K->14404K(109248K), 0.0069203 secs] 162336K->75488K(502464K), 0.0069903 secs] [Times: user=0.03 sys=0.01, real=0.01 secs] 
Heap after GC invocations=103 (full 1):
 par new generation   total 109248K, used 14404K [0x00000007a0000000, 0x00000007a8000000, 0x00000007a8000000)
  eden space 87424K,   0% used [0x00000007a0000000, 0x00000007a0000000, 0x00000007a5560000)
  from space 21824K,  66% used [0x00000007a6ab0000, 0x00000007a78c1260, 0x00000007a8000000)
  to   space 21824K,   0% used [0x00000007a5560000, 0x00000007a5560000, 0x00000007a6ab0000)
 concurrent mark-sweep generation total 393216K, used 61084K [0x00000007a8000000, 0x00000007c0000000, 0x00000007c0000000)
 Metaspace       used 38734K, capacity 39684K, committed 39876K, reserved 1085440K
  class space    used 4251K, capacity 4524K, committed 4580K, reserved 1048576K
}
2017-06-02T16:34:20.475-0100: 101040.333: Total time for which application threads were stopped: 0.0072574 seconds, Stopping threads took: 0.0000400 seconds
{Heap before GC invocations=103 (full 1):
 par new generation   total 109248K, used 101828K [0x00000007a0000000, 0x00000007a8000000, 0x00000007a8000000)
  eden space 87424K, 100% used [0x00000007a0000000, 0x00000007a5560000, 0x00000007a5560000)
  from space 21824K,  66% used [0x00000007a6ab0000, 0x00000007a78c1260, 0x00000007a8000000)
  to   space 21824K,   0% used [0x00000007a5560000, 0x00000007a5560000, 0x00000007a6ab0000)
 concurrent mark-sweep generation total 393216K, used 61084K [0x00000007a8000000, 0x00000007c0000000, 0x00000007c0000000)
 Metaspace       used 38735K, capacity 39684K, committed 39876K, reserved 1085440K
  class space    used 4251K, capacity 4524K, committed 4580K, reserved 1048576K
2017-06-02T16:34:20.686-0100: 101040.544: [GC (Allocation Failure) 2017-06-02T16:34:20.686-0100: 101040.544: [ParNew
Desired survivor size 20112992 bytes, new threshold 8 (max 8)
- age   1:       1928 bytes,       1928 total
- age   2:        648 bytes,       2576 total
- age   3:     253808 bytes,     256384 total
- age   5:    4692392 bytes,    4948776 total
- age   6:    2139512 bytes,    7088288 total
- age   7:    1361240 bytes,    8449528 total
- age   8:    1468280 bytes,    9917808 total
: 101828K->12928K(109248K), 0.0063195 secs] 162912K->74906K(502464K), 0.0063830 secs] [Times: user=0.03 sys=0.00, real=0.01 secs] 
Heap after GC invocations=104 (full 1):
 par new generation   total 109248K, used 12928K [0x00000007a0000000, 0x00000007a8000000, 0x00000007a8000000)
  eden space 87424K,   0% used [0x00000007a0000000, 0x00000007a0000000, 0x00000007a5560000)
  from space 21824K,  59% used [0x00000007a5560000, 0x00000007a62003e0, 0x00000007a6ab0000)
  to   space 21824K,   0% used [0x00000007a6ab0000, 0x00000007a6ab0000, 0x00000007a8000000)
 concurrent mark-sweep generation total 393216K, used 61977K [0x00000007a8000000, 0x00000007c0000000, 0x00000007c0000000)
 Metaspace       used 38735K, capacity 39684K, committed 39876K, reserved 1085440K
  class space    used 4251K, capacity 4524K, committed 4580K, reserved 1048576K
}
2017-06-02T16:34:20.693-0100: 101040.551: Total time for which application threads were stopped: 0.0065720 seconds, Stopping threads took: 0.0000187 seconds
2017-06-02T16:34:21.693-0100: 101041.551: Total time for which application threads were stopped: 0.0001502 seconds, Stopping threads took: 0.0000224 seconds
2017-06-02T16:34:37.820-0100: 101057.678: Total time for which application threads were stopped: 0.0001173 seconds, Stopping threads took: 0.0000252 seconds
2017-06-02T16:34:37.821-0100: 101057.679: Total time for which application threads were stopped: 0.0000867 seconds, Stopping threads took: 0.0000102 seconds
{Heap before GC invocations=104 (full 1):
 par new generation   total 109248K, used 100352K [0x00000007a0000000, 0x00000007a8000000, 0x00000007a8000000)
  eden space 87424K, 100% used [0x00000007a0000000, 0x00000007a5560000, 0x00000007a5560000)
  from space 21824K,  59% used [0x00000007a5560000, 0x00000007a62003e0, 0x00000007a6ab0000)
  to   space 21824K,   0% used [0x00000007a6ab0000, 0x00000007a6ab0000, 0x00000007a8000000)
 concurrent mark-sweep generation total 393216K, used 61977K [0x00000007a8000000, 0x00000007c0000000, 0x00000007c0000000)
 Metaspace       used 38821K, capacity 39812K, committed 39876K, reserved 1085440K
  class space    used 4259K, capacity 4524K, committed 4580K, reserved 1048576K
2017-06-02T16:34:37.842-0100: 101057.701: [GC (Allocation Failure) 2017-06-02T16:34:37.842-0100: 101057.701: [ParNew
Desired survivor size 20112992 bytes, new threshold 8 (max 8)
- age   1:    2126024 bytes,    2126024 total
- age   2:        560 bytes,    2126584 total
- age   3:        648 bytes,    2127232 total
- age   4:     196072 bytes,    2323304 total
- age   6:    4692392 bytes,    7015696 total
- age   7:    2139512 bytes,    9155208 total
- age   8:    1361240 bytes,   10516448 total
: 100352K->12920K(109248K), 0.0065939 secs] 162330K->76335K(502464K), 0.0066626 secs] [Times: user=0.03 sys=0.00, real=0.00 secs] 
Heap after GC invocations=105 (full 1):
 par new generation   total 109248K, used 12920K [0x00000007a0000000, 0x00000007a8000000, 0x00000007a8000000)
  eden space 87424K,   0% used [0x00000007a0000000, 0x00000007a0000000, 0x00000007a5560000)
  from space 21824K,  59% used [0x00000007a6ab0000, 0x00000007a774e3d0, 0x00000007a8000000)
  to   space 21824K,   0% used [0x00000007a5560000, 0x00000007a5560000, 0x00000007a6ab0000)
 concurrent mark-sweep generation total 393216K, used 63414K [0x00000007a8000000, 0x00000007c0000000, 0x00000007c0000000)
 Metaspace       used 38821K, capacity 39812K, committed 39876K, reserved 1085440K
  class space    used 4259K, capacity 4524K, committed 4580K, reserved 1048576K
}
2017-06-02T16:34:37.849-0100: 101057.707: Total time for which application threads were stopped: 0.0068927 seconds, Stopping threads took: 0.0000198 seconds
{Heap before GC invocations=105 (full 1):
 par new generation   total 109248K, used 100344K [0x00000007a0000000, 0x00000007a8000000, 0x00000007a8000000)
  eden space 87424K, 100% used [0x00000007a0000000, 0x00000007a5560000, 0x00000007a5560000)
  from space 21824K,  59% used [0x00000007a6ab0000, 0x00000007a774e3d0, 0x00000007a8000000)
  to   space 21824K,   0% used [0x00000007a5560000, 0x00000007a5560000, 0x00000007a6ab0000)
 concurrent mark-sweep generation total 393216K, used 63414K [0x00000007a8000000, 0x00000007c0000000, 0x00000007c0000000)
 Metaspace       used 38828K, capacity 39812K, committed 39876K, reserved 1085440K
  class space    used 4259K, capacity 4524K, committed 4580K, reserved 1048576K
2017-06-02T16:34:37.986-0100: 101057.844: [GC (Allocation Failure) 2017-06-02T16:34:37.986-0100: 101057.844: [ParNew
Desired survivor size 20112992 bytes, new threshold 8 (max 8)
- age   1:       4520 bytes,       4520 total
- age   2:    2057480 bytes,    2062000 total
- age   3:        560 bytes,    2062560 total
- age   4:        648 bytes,    2063208 total
- age   5:     196072 bytes,    2259280 total
- age   7:    4692392 bytes,    6951672 total
- age   8:    2139512 bytes,    9091184 total
: 100344K->11906K(109248K), 0.0061240 secs] 163759K->76652K(502464K), 0.0061789 secs] [Times: user=0.02 sys=0.00, real=0.01 secs] 
Heap after GC invocations=106 (full 1):
 par new generation   total 109248K, used 11906K [0x00000007a0000000, 0x00000007a8000000, 0x00000007a8000000)
  eden space 87424K,   0% used [0x00000007a0000000, 0x00000007a0000000, 0x00000007a5560000)
  from space 21824K,  54% used [0x00000007a5560000, 0x00000007a61009f8, 0x00000007a6ab0000)
  to   space 21824K,   0% used [0x00000007a6ab0000, 0x00000007a6ab0000, 0x00000007a8000000)
 concurrent mark-sweep generation total 393216K, used 64746K [0x00000007a8000000, 0x00000007c0000000, 0x00000007c0000000)
 Metaspace       used 38828K, capacity 39812K, committed 39876K, reserved 1085440K
  class space    used 4259K, capacity 4524K, committed 4580K, reserved 1048576K
}
2017-06-02T16:34:37.992-0100: 101057.851: Total time for which application threads were stopped: 0.0063675 seconds, Stopping threads took: 0.0000178 seconds
{Heap before GC invocations=106 (full 1):
 par new generation   total 109248K, used 99330K [0x00000007a0000000, 0x00000007a8000000, 0x00000007a8000000)
  eden space 87424K, 100% used [0x00000007a0000000, 0x00000007a5560000, 0x00000007a5560000)
  from space 21824K,  54% used [0x00000007a5560000, 0x00000007a61009f8, 0x00000007a6ab0000)
  to   space 21824K,   0% used [0x00000007a6ab0000, 0x00000007a6ab0000, 0x00000007a8000000)
 concurrent mark-sweep generation total 393216K, used 64746K [0x00000007a8000000, 0x00000007c0000000, 0x00000007c0000000)
 Metaspace       used 38828K, capacity 39812K, committed 39876K, reserved 1085440K
  class space    used 4259K, capacity 4524K, committed 4580K, reserved 1048576K
2017-06-02T16:34:38.121-0100: 101057.980: [GC (Allocation Failure) 2017-06-02T16:34:38.121-0100: 101057.980: [ParNew
Desired survivor size 20112992 bytes, new threshold 8 (max 8)
- age   1:       3376 bytes,       3376 total
- age   2:        704 bytes,       4080 total
- age   3:    2057480 bytes,    2061560 total
- age   4:        560 bytes,    2062120 total
- age   5:        648 bytes,    2062768 total
- age   6:     196072 bytes,    2258840 total
- age   8:    4692392 bytes,    6951232 total
: 99330K->7867K(109248K), 0.0061229 secs] 164076K->74705K(502464K), 0.0061814 secs] [Times: user=0.02 sys=0.00, real=0.00 secs] 
Heap after GC invocations=107 (full 1):
 par new generation   total 109248K, used 7867K [0x00000007a0000000, 0x00000007a8000000, 0x00000007a8000000)
  eden space 87424K,   0% used [0x00000007a0000000, 0x00000007a0000000, 0x00000007a5560000)
  from space 21824K,  36% used [0x00000007a6ab0000, 0x00000007a725ed18, 0x00000007a8000000)
  to   space 21824K,   0% used [0x00000007a5560000, 0x00000007a5560000, 0x00000007a6ab0000)
 concurrent mark-sweep generation total 393216K, used 66838K [0x00000007a8000000, 0x00000007c0000000, 0x00000007c0000000)
 Metaspace       used 38828K, capacity 39812K, committed 39876K, reserved 1085440K
  class space    used 4259K, capacity 4524K, committed 4580K, reserved 1048576K
}
2017-06-02T16:34:38.128-0100: 101057.986: Total time for which application threads were stopped: 0.0063598 seconds, Stopping threads took: 0.0000188 seconds
{Heap before GC invocations=107 (full 1):
 par new generation   total 109248K, used 95291K [0x00000007a0000000, 0x00000007a8000000, 0x00000007a8000000)
  eden space 87424K, 100% used [0x00000007a0000000, 0x00000007a5560000, 0x00000007a5560000)
  from space 21824K,  36% used [0x00000007a6ab0000, 0x00000007a725ed18, 0x00000007a8000000)
  to   space 21824K,   0% used [0x00000007a5560000, 0x00000007a5560000, 0x00000007a6ab0000)
 concurrent mark-sweep generation total 393216K, used 66838K [0x00000007a8000000, 0x00000007c0000000, 0x00000007c0000000)
 Metaspace       used 38828K, capacity 39812K, committed 39876K, reserved 1085440K
  class space    used 4259K, capacity 4524K, committed 4580K, reserved 1048576K
2017-06-02T16:34:38.415-0100: 101058.273: [GC (Allocation Failure) 2017-06-02T16:34:38.415-0100: 101058.273: [ParNew
Desired survivor size 20112992 bytes, new threshold 8 (max 8)
- age   1:    2848184 bytes,    2848184 total
- age   3:        704 bytes,    2848888 total
- age   4:    2022928 bytes,    4871816 total
- age   5:        560 bytes,    4872376 total
- age   6:        648 bytes,    4873024 total
- age   7:     196072 bytes,    5069096 total
: 95291K->7810K(109248K), 0.0108158 secs] 162129K->79232K(502464K), 0.0108986 secs] [Times: user=0.04 sys=0.01, real=0.01 secs] 
Heap after GC invocations=108 (full 1):
 par new generation   total 109248K, used 7810K [0x00000007a0000000, 0x00000007a8000000, 0x00000007a8000000)
  eden space 87424K,   0% used [0x00000007a0000000, 0x00000007a0000000, 0x00000007a5560000)
  from space 21824K,  35% used [0x00000007a5560000, 0x00000007a5d008c0, 0x00000007a6ab0000)
  to   space 21824K,   0% used [0x00000007a6ab0000, 0x00000007a6ab0000, 0x00000007a8000000)
 concurrent mark-sweep generation total 393216K, used 71422K [0x00000007a8000000, 0x00000007c0000000, 0x00000007c0000000)
 Metaspace       used 38828K, capacity 39812K, committed 39876K, reserved 1085440K
  class space    used 4259K, capacity 4524K, committed 4580K, reserved 1048576K
}
2017-06-02T16:34:38.426-0100: 101058.284: Total time for which application threads were stopped: 0.0111592 seconds, Stopping threads took: 0.0000250 seconds
{Heap before GC invocations=108 (full 1):
 par new generation   total 109248K, used 95234K [0x00000007a0000000, 0x00000007a8000000, 0x00000007a8000000)
  eden space 87424K, 100% used [0x00000007a0000000, 0x00000007a5560000, 0x00000007a5560000)
  from space 21824K,  35% used [0x00000007a5560000, 0x00000007a5d008c0, 0x00000007a6ab0000)
  to   space 21824K,   0% used [0x00000007a6ab0000, 0x00000007a6ab0000, 0x00000007a8000000)
 concurrent mark-sweep generation total 393216K, used 71422K [0x00000007a8000000, 0x00000007c0000000, 0x00000007c0000000)
 Metaspace       used 38829K, capacity 39812K, committed 39876K, reserved 1085440K
  class space    used 4259K, capacity 4524K, committed 4580K, reserved 1048576K
2017-06-02T16:34:48.608-0100: 101068.466: [GC (Allocation Failure) 2017-06-02T16:34:48.608-0100: 101068.466: [ParNew
Desired survivor size 20112992 bytes, new threshold 8 (max 8)
- age   1:     700608 bytes,     700608 total
- age   2:    1344328 bytes,    2044936 total
- age   4:        704 bytes,    2045640 total
- age   5:      33304 bytes,    2078944 total
- age   6:        560 bytes,    2079504 total
- age   7:        648 bytes,    2080152 total
- age   8:     195872 bytes,    2276024 total
: 95234K->3958K(109248K), 0.0061776 secs] 166656K->75381K(502464K), 0.0062347 secs] [Times: user=0.02 sys=0.00, real=0.01 secs] 
Heap after GC invocations=109 (full 1):
 par new generation   total 109248K, used 3958K [0x00000007a0000000, 0x00000007a8000000, 0x00000007a8000000)
  eden space 87424K,   0% used [0x00000007a0000000, 0x00000007a0000000, 0x00000007a5560000)
  from space 21824K,  18% used [0x00000007a6ab0000, 0x00000007a6e8da00, 0x00000007a8000000)
  to   space 21824K,   0% used [0x00000007a5560000, 0x00000007a5560000, 0x00000007a6ab0000)
 concurrent mark-sweep generation total 393216K, used 71422K [0x00000007a8000000, 0x00000007c0000000, 0x00000007c0000000)
 Metaspace       used 38829K, capacity 39812K, committed 39876K, reserved 1085440K
  class space    used 4259K, capacity 4524K, committed 4580K, reserved 1048576K
}
2017-06-02T16:34:48.615-0100: 101068.473: Total time for which application threads were stopped: 0.0064087 seconds, Stopping threads took: 0.0000165 seconds
{Heap before GC invocations=109 (full 1):
 par new generation   total 109248K, used 91382K [0x00000007a0000000, 0x00000007a8000000, 0x00000007a8000000)
  eden space 87424K, 100% used [0x00000007a0000000, 0x00000007a5560000, 0x00000007a5560000)
  from space 21824K,  18% used [0x00000007a6ab0000, 0x00000007a6e8da00, 0x00000007a8000000)
  to   space 21824K,   0% used [0x00000007a5560000, 0x00000007a5560000, 0x00000007a6ab0000)
 concurrent mark-sweep generation total 393216K, used 71422K [0x00000007a8000000, 0x00000007c0000000, 0x00000007c0000000)
 Metaspace       used 38829K, capacity 39812K, committed 39876K, reserved 1085440K
  class space    used 4259K, capacity 4524K, committed 4580K, reserved 1048576K
2017-06-02T16:34:48.761-0100: 101068.619: [GC (Allocation Failure) 2017-06-02T16:34:48.761-0100: 101068.619: [ParNew
Desired survivor size 20112992 bytes, new threshold 8 (max 8)
- age   1:       2432 bytes,       2432 total
- age   2:     699232 bytes,     701664 total
- age   3:    1344328 bytes,    2045992 total
- age   5:        704 bytes,    2046696 total
- age   6:      33304 bytes,    2080000 total
- age   7:        560 bytes,    2080560 total
- age   8:        648 bytes,    2081208 total
: 91382K->2977K(109248K), 0.0104471 secs] 162805K->74593K(502464K), 0.0105087 secs] [Times: user=0.04 sys=0.00, real=0.01 secs] 
Heap after GC invocations=110 (full 1):
 par new generation   total 109248K, used 2977K [0x00000007a0000000, 0x00000007a8000000, 0x00000007a8000000)
  eden space 87424K,   0% used [0x00000007a0000000, 0x00000007a0000000, 0x00000007a5560000)
  from space 21824K,  13% used [0x00000007a5560000, 0x00000007a5848798, 0x00000007a6ab0000)
  to   space 21824K,   0% used [0x00000007a6ab0000, 0x00000007a6ab0000, 0x00000007a8000000)
 concurrent mark-sweep generation total 393216K, used 71615K [0x00000007a8000000, 0x00000007c0000000, 0x00000007c0000000)
 Metaspace       used 38829K, capacity 39812K, committed 39876K, reserved 1085440K
  class space    used 4259K, capacity 4524K, committed 4580K, reserved 1048576K
}
2017-06-02T16:34:48.772-0100: 101068.630: Total time for which application threads were stopped: 0.0107208 seconds, Stopping threads took: 0.0000223 seconds
{Heap before GC invocations=110 (full 1):
 par new generation   total 109248K, used 90401K [0x00000007a0000000, 0x00000007a8000000, 0x00000007a8000000)
  eden space 87424K, 100% used [0x00000007a0000000, 0x00000007a5560000, 0x00000007a5560000)
  from space 21824K,  13% used [0x00000007a5560000, 0x00000007a5848798, 0x00000007a6ab0000)
  to   space 21824K,   0% used [0x00000007a6ab0000, 0x00000007a6ab0000, 0x00000007a8000000)
 concurrent mark-sweep generation total 393216K, used 71615K [0x00000007a8000000, 0x00000007c0000000, 0x00000007c0000000)
 Metaspace       used 38829K, capacity 39812K, committed 39876K, reserved 1085440K
  class space    used 4259K, capacity 4524K, committed 4580K, reserved 1048576K
2017-06-02T16:34:48.982-0100: 101068.840: [GC (Allocation Failure) 2017-06-02T16:34:48.982-0100: 101068.840: [ParNew
Desired survivor size 20112992 bytes, new threshold 8 (max 8)
- age   1:     736480 bytes,     736480 total
- age   3:     664680 bytes,    1401160 total
- age   4:    1344328 bytes,    2745488 total
- age   6:        704 bytes,    2746192 total
- age   7:      33304 bytes,    2779496 total
- age   8:        560 bytes,    2780056 total
: 90401K->2866K(109248K), 0.0065394 secs] 162017K->74483K(502464K), 0.0066276 secs] [Times: user=0.03 sys=0.01, real=0.00 secs] 
Heap after GC invocations=111 (full 1):
 par new generation   total 109248K, used 2866K [0x00000007a0000000, 0x00000007a8000000, 0x00000007a8000000)
  eden space 87424K,   0% used [0x00000007a0000000, 0x00000007a0000000, 0x00000007a5560000)
  from space 21824K,  13% used [0x00000007a6ab0000, 0x00000007a6d7caf8, 0x00000007a8000000)
  to   space 21824K,   0% used [0x00000007a5560000, 0x00000007a5560000, 0x00000007a6ab0000)
 concurrent mark-sweep generation total 393216K, used 71616K [0x00000007a8000000, 0x00000007c0000000, 0x00000007c0000000)
 Metaspace       used 38829K, capacity 39812K, committed 39876K, reserved 1085440K
  class space    used 4259K, capacity 4524K, committed 4580K, reserved 1048576K
}
2017-06-02T16:34:48.989-0100: 101068.847: Total time for which application threads were stopped: 0.0068789 seconds, Stopping threads took: 0.0000207 seconds
2017-06-02T17:00:42.307-0100: 102622.148: Total time for which application threads were stopped: 0.0002590 seconds, Stopping threads took: 0.0000225 seconds
2017-06-02T17:00:42.307-0100: 102622.148: Total time for which application threads were stopped: 0.0001085 seconds, Stopping threads took: 0.0000108 seconds
2017-06-02T17:00:42.316-0100: 102622.157: Total time for which application threads were stopped: 0.0001036 seconds, Stopping threads took: 0.0000205 seconds
2017-06-02T17:00:42.316-0100: 102622.157: Total time for which application threads were stopped: 0.0000815 seconds, Stopping threads took: 0.0000124 seconds
2017-06-02T17:00:42.332-0100: 102622.173: Total time for which application threads were stopped: 0.0007280 seconds, Stopping threads took: 0.0000218 seconds
2017-06-02T17:00:42.332-0100: 102622.173: Total time for which application threads were stopped: 0.0001761 seconds, Stopping threads took: 0.0000636 seconds
2017-06-02T17:00:42.334-0100: 102622.174: Total time for which application threads were stopped: 0.0012040 seconds, Stopping threads took: 0.0000399 seconds
2017-06-02T17:00:42.334-0100: 102622.175: Total time for which application threads were stopped: 0.0001491 seconds, Stopping threads took: 0.0000552 seconds
2017-06-02T17:00:42.335-0100: 102622.175: Total time for which application threads were stopped: 0.0006798 seconds, Stopping threads took: 0.0000538 seconds
2017-06-02T17:00:42.335-0100: 102622.176: Total time for which application threads were stopped: 0.0000938 seconds, Stopping threads took: 0.0000113 seconds
2017-06-02T17:00:42.335-0100: 102622.176: Total time for which application threads were stopped: 0.0000906 seconds, Stopping threads took: 0.0000104 seconds
2017-06-02T17:00:42.335-0100: 102622.176: Total time for which application threads were stopped: 0.0000866 seconds, Stopping threads took: 0.0000115 seconds
2017-06-02T17:00:42.336-0100: 102622.176: Total time for which application threads were stopped: 0.0001029 seconds, Stopping threads took: 0.0000232 seconds
2017-06-02T17:00:42.336-0100: 102622.177: Total time for which application threads were stopped: 0.0006982 seconds, Stopping threads took: 0.0000585 seconds
2017-06-02T17:00:42.337-0100: 102622.178: Total time for which application threads were stopped: 0.0007008 seconds, Stopping threads took: 0.0000489 seconds
2017-06-02T17:00:42.337-0100: 102622.178: Total time for which application threads were stopped: 0.0001178 seconds, Stopping threads took: 0.0000446 seconds
2017-06-02T17:00:42.337-0100: 102622.178: Total time for which application threads were stopped: 0.0000960 seconds, Stopping threads took: 0.0000426 seconds
2017-06-02T17:00:42.338-0100: 102622.179: Total time for which application threads were stopped: 0.0000977 seconds, Stopping threads took: 0.0000110 seconds
2017-06-02T17:00:42.338-0100: 102622.179: Total time for which application threads were stopped: 0.0000820 seconds, Stopping threads took: 0.0000100 seconds
2017-06-02T17:00:42.344-0100: 102622.185: Total time for which application threads were stopped: 0.0001697 seconds, Stopping threads took: 0.0000234 seconds
2017-06-02T17:00:42.344-0100: 102622.185: Total time for which application threads were stopped: 0.0001125 seconds, Stopping threads took: 0.0000137 seconds
2017-06-02T17:00:42.351-0100: 102622.192: Total time for which application threads were stopped: 0.0001112 seconds, Stopping threads took: 0.0000201 seconds
2017-06-02T17:00:42.351-0100: 102622.192: Total time for which application threads were stopped: 0.0000812 seconds, Stopping threads took: 0.0000131 seconds
{Heap before GC invocations=111 (full 1):
 par new generation   total 109248K, used 90290K [0x00000007a0000000, 0x00000007a8000000, 0x00000007a8000000)
  eden space 87424K, 100% used [0x00000007a0000000, 0x00000007a5560000, 0x00000007a5560000)
  from space 21824K,  13% used [0x00000007a6ab0000, 0x00000007a6d7caf8, 0x00000007a8000000)
  to   space 21824K,   0% used [0x00000007a5560000, 0x00000007a5560000, 0x00000007a6ab0000)
 concurrent mark-sweep generation total 393216K, used 71616K [0x00000007a8000000, 0x00000007c0000000, 0x00000007c0000000)
 Metaspace       used 38832K, capacity 39812K, committed 39876K, reserved 1085440K
  class space    used 4259K, capacity 4524K, committed 4580K, reserved 1048576K
2017-06-02T17:00:43.789-0100: 102623.630: [GC (Allocation Failure) 2017-06-02T17:00:43.789-0100: 102623.630: [ParNew
Desired survivor size 20112992 bytes, new threshold 8 (max 8)
- age   1:    2678360 bytes,    2678360 total
- age   2:     328024 bytes,    3006384 total
- age   4:      24248 bytes,    3030632 total
- age   7:        704 bytes,    3031336 total
- age   8:      32768 bytes,    3064104 total
: 90290K->3096K(109248K), 0.0064179 secs] 161907K->74713K(502464K), 0.0064736 secs] [Times: user=0.02 sys=0.00, real=0.01 secs] 
Heap after GC invocations=112 (full 1):
 par new generation   total 109248K, used 3096K [0x00000007a0000000, 0x00000007a8000000, 0x00000007a8000000)
  eden space 87424K,   0% used [0x00000007a0000000, 0x00000007a0000000, 0x00000007a5560000)
  from space 21824K,  14% used [0x00000007a5560000, 0x00000007a58661e8, 0x00000007a6ab0000)
  to   space 21824K,   0% used [0x00000007a6ab0000, 0x00000007a6ab0000, 0x00000007a8000000)
 concurrent mark-sweep generation total 393216K, used 71616K [0x00000007a8000000, 0x00000007c0000000, 0x00000007c0000000)
 Metaspace       used 38832K, capacity 39812K, committed 39876K, reserved 1085440K
  class space    used 4259K, capacity 4524K, committed 4580K, reserved 1048576K
}
2017-06-02T17:00:43.796-0100: 102623.636: Total time for which application threads were stopped: 0.0083235 seconds, Stopping threads took: 0.0000196 seconds
2017-06-02T17:00:43.796-0100: 102623.637: Total time for which application threads were stopped: 0.0002086 seconds, Stopping threads took: 0.0000745 seconds
2017-06-02T17:00:43.813-0100: 102623.653: Total time for which application threads were stopped: 0.0001532 seconds, Stopping threads took: 0.0000309 seconds
2017-06-02T17:00:43.961-0100: 102623.802: Total time for which application threads were stopped: 0.0007496 seconds, Stopping threads took: 0.0000573 seconds
2017-06-02T17:00:43.961-0100: 102623.802: Total time for which application threads were stopped: 0.0000711 seconds, Stopping threads took: 0.0000076 seconds
2017-06-02T17:00:43.961-0100: 102623.802: Total time for which application threads were stopped: 0.0000485 seconds, Stopping threads took: 0.0000061 seconds
2017-06-02T17:00:43.990-0100: 102623.830: Total time for which application threads were stopped: 0.0002550 seconds, Stopping threads took: 0.0000606 seconds
2017-06-02T17:00:43.990-0100: 102623.831: Total time for which application threads were stopped: 0.0000867 seconds, Stopping threads took: 0.0000233 seconds
2017-06-02T17:00:43.991-0100: 102623.832: Total time for which application threads were stopped: 0.0000829 seconds, Stopping threads took: 0.0000211 seconds
2017-06-02T17:00:43.991-0100: 102623.832: Total time for which application threads were stopped: 0.0000931 seconds, Stopping threads took: 0.0000209 seconds
2017-06-02T17:00:43.994-0100: 102623.835: Total time for which application threads were stopped: 0.0000912 seconds, Stopping threads took: 0.0000206 seconds
2017-06-02T17:00:44.000-0100: 102623.841: Total time for which application threads were stopped: 0.0007307 seconds, Stopping threads took: 0.0004718 seconds
2017-06-02T17:00:44.008-0100: 102623.849: Total time for which application threads were stopped: 0.0000917 seconds, Stopping threads took: 0.0000152 seconds
{Heap before GC invocations=112 (full 1):
 par new generation   total 109248K, used 90520K [0x00000007a0000000, 0x00000007a8000000, 0x00000007a8000000)
  eden space 87424K, 100% used [0x00000007a0000000, 0x00000007a5560000, 0x00000007a5560000)
  from space 21824K,  14% used [0x00000007a5560000, 0x00000007a58661e8, 0x00000007a6ab0000)
  to   space 21824K,   0% used [0x00000007a6ab0000, 0x00000007a6ab0000, 0x00000007a8000000)
 concurrent mark-sweep generation total 393216K, used 71616K [0x00000007a8000000, 0x00000007c0000000, 0x00000007c0000000)
 Metaspace       used 38915K, capacity 39876K, committed 40132K, reserved 1085440K
  class space    used 4267K, capacity 4524K, committed 4580K, reserved 1048576K
2017-06-02T17:00:44.139-0100: 102623.980: [GC (Allocation Failure) 2017-06-02T17:00:44.139-0100: 102623.980: [ParNew
Desired survivor size 20112992 bytes, new threshold 8 (max 8)
- age   1:    2724376 bytes,    2724376 total
- age   2:    2353608 bytes,    5077984 total
- age   3:     328024 bytes,    5406008 total
- age   5:      24248 bytes,    5430256 total
- age   8:        704 bytes,    5430960 total
: 90520K->5588K(109248K), 0.0068720 secs] 162137K->77237K(502464K), 0.0069547 secs] [Times: user=0.04 sys=0.00, real=0.01 secs] 
Heap after GC invocations=113 (full 1):
 par new generation   total 109248K, used 5588K [0x00000007a0000000, 0x00000007a8000000, 0x00000007a8000000)
  eden space 87424K,   0% used [0x00000007a0000000, 0x00000007a0000000, 0x00000007a5560000)
  from space 21824K,  25% used [0x00000007a6ab0000, 0x00000007a7025280, 0x00000007a8000000)
  to   space 21824K,   0% used [0x00000007a5560000, 0x00000007a5560000, 0x00000007a6ab0000)
 concurrent mark-sweep generation total 393216K, used 71648K [0x00000007a8000000, 0x00000007c0000000, 0x00000007c0000000)
 Metaspace       used 38915K, capacity 39876K, committed 40132K, reserved 1085440K
  class space    used 4267K, capacity 4524K, committed 4580K, reserved 1048576K
}
2017-06-02T17:00:44.146-0100: 102623.987: Total time for which application threads were stopped: 0.0077743 seconds, Stopping threads took: 0.0000241 seconds
2017-06-02T17:00:44.146-0100: 102623.987: Total time for which application threads were stopped: 0.0001501 seconds, Stopping threads took: 0.0000586 seconds
2017-06-02T17:00:44.146-0100: 102623.987: Total time for which application threads were stopped: 0.0000656 seconds, Stopping threads took: 0.0000106 seconds
2017-06-02T17:00:44.290-0100: 102624.131: Total time for which application threads were stopped: 0.0001260 seconds, Stopping threads took: 0.0000176 seconds
2017-06-02T17:00:44.290-0100: 102624.131: Total time for which application threads were stopped: 0.0000617 seconds, Stopping threads took: 0.0000119 seconds
2017-06-02T17:00:44.290-0100: 102624.131: Total time for which application threads were stopped: 0.0000632 seconds, Stopping threads took: 0.0000086 seconds
2017-06-02T17:00:44.290-0100: 102624.131: Total time for which application threads were stopped: 0.0000533 seconds, Stopping threads took: 0.0000078 seconds
2017-06-02T17:00:44.290-0100: 102624.131: Total time for which application threads were stopped: 0.0000603 seconds, Stopping threads took: 0.0000098 seconds
2017-06-02T17:00:44.290-0100: 102624.131: Total time for which application threads were stopped: 0.0000650 seconds, Stopping threads took: 0.0000081 seconds
2017-06-02T17:00:44.290-0100: 102624.131: Total time for which application threads were stopped: 0.0000515 seconds, Stopping threads took: 0.0000087 seconds
2017-06-02T17:00:44.290-0100: 102624.131: Total time for which application threads were stopped: 0.0000611 seconds, Stopping threads took: 0.0000083 seconds
2017-06-02T17:00:45.020-0100: 102624.861: Total time for which application threads were stopped: 0.0007584 seconds, Stopping threads took: 0.0000821 seconds
2017-06-02T17:00:45.028-0100: 102624.869: Total time for which application threads were stopped: 0.0001883 seconds, Stopping threads took: 0.0000228 seconds
2017-06-02T17:00:45.028-0100: 102624.869: Total time for which application threads were stopped: 0.0001124 seconds, Stopping threads took: 0.0000111 seconds
2017-06-02T17:00:45.035-0100: 102624.876: Total time for which application threads were stopped: 0.0001096 seconds, Stopping threads took: 0.0000220 seconds
2017-06-02T17:00:45.035-0100: 102624.876: Total time for which application threads were stopped: 0.0000702 seconds, Stopping threads took: 0.0000117 seconds
2017-06-02T17:00:47.323-0100: 102627.164: Total time for which application threads were stopped: 0.0001310 seconds, Stopping threads took: 0.0000217 seconds
2017-06-02T17:00:47.323-0100: 102627.164: Total time for which application threads were stopped: 0.0000933 seconds, Stopping threads took: 0.0000115 seconds
2017-06-02T17:00:47.323-0100: 102627.164: Total time for which application threads were stopped: 0.0000778 seconds, Stopping threads took: 0.0000104 seconds
2017-06-02T17:00:47.323-0100: 102627.164: Total time for which application threads were stopped: 0.0000746 seconds, Stopping threads took: 0.0000088 seconds
2017-06-02T17:00:47.324-0100: 102627.164: Total time for which application threads were stopped: 0.0001936 seconds, Stopping threads took: 0.0000082 seconds
2017-06-02T17:00:47.324-0100: 102627.165: Total time for which application threads were stopped: 0.0001157 seconds, Stopping threads took: 0.0000318 seconds
2017-06-02T17:00:47.327-0100: 102627.168: Total time for which application threads were stopped: 0.0008167 seconds, Stopping threads took: 0.0000326 seconds
2017-06-02T17:00:47.328-0100: 102627.169: Total time for which application threads were stopped: 0.0001842 seconds, Stopping threads took: 0.0000367 seconds
2017-06-02T17:00:47.328-0100: 102627.169: Total time for which application threads were stopped: 0.0001788 seconds, Stopping threads took: 0.0000619 seconds
2017-06-02T17:00:47.328-0100: 102627.169: Total time for which application threads were stopped: 0.0001640 seconds, Stopping threads took: 0.0000618 seconds
2017-06-02T17:00:47.329-0100: 102627.169: Total time for which application threads were stopped: 0.0001100 seconds, Stopping threads took: 0.0000232 seconds
2017-06-02T17:00:47.329-0100: 102627.170: Total time for which application threads were stopped: 0.0001324 seconds, Stopping threads took: 0.0000486 seconds
2017-06-02T17:00:47.329-0100: 102627.170: Total time for which application threads were stopped: 0.0000951 seconds, Stopping threads took: 0.0000188 seconds
2017-06-02T17:00:47.329-0100: 102627.170: Total time for which application threads were stopped: 0.0001029 seconds, Stopping threads took: 0.0000229 seconds
2017-06-02T17:00:47.329-0100: 102627.170: Total time for which application threads were stopped: 0.0001917 seconds, Stopping threads took: 0.0001033 seconds
2017-06-02T17:00:47.330-0100: 102627.171: Total time for which application threads were stopped: 0.0001219 seconds, Stopping threads took: 0.0000123 seconds
2017-06-02T17:00:47.330-0100: 102627.171: Total time for which application threads were stopped: 0.0001083 seconds, Stopping threads took: 0.0000108 seconds
2017-06-02T17:00:47.334-0100: 102627.175: Total time for which application threads were stopped: 0.0001643 seconds, Stopping threads took: 0.0000219 seconds
2017-06-02T17:00:47.334-0100: 102627.175: Total time for which application threads were stopped: 0.0001110 seconds, Stopping threads took: 0.0000119 seconds
2017-06-02T17:00:47.338-0100: 102627.179: Total time for which application threads were stopped: 0.0002014 seconds, Stopping threads took: 0.0000450 seconds
2017-06-02T17:00:47.338-0100: 102627.179: Total time for which application threads were stopped: 0.0001409 seconds, Stopping threads took: 0.0000321 seconds
2017-06-02T17:00:47.344-0100: 102627.185: Total time for which application threads were stopped: 0.0001450 seconds, Stopping threads took: 0.0000232 seconds
2017-06-02T17:00:47.344-0100: 102627.185: Total time for which application threads were stopped: 0.0000853 seconds, Stopping threads took: 0.0000104 seconds
2017-06-02T17:00:47.348-0100: 102627.189: Total time for which application threads were stopped: 0.0001174 seconds, Stopping threads took: 0.0000237 seconds
2017-06-02T17:00:47.348-0100: 102627.189: Total time for which application threads were stopped: 0.0000715 seconds, Stopping threads took: 0.0000112 seconds
2017-06-02T17:01:31.393-0100: 102671.233: Total time for which application threads were stopped: 0.0001166 seconds, Stopping threads took: 0.0000245 seconds
2017-06-02T17:01:47.345-0100: 102687.185: Total time for which application threads were stopped: 0.0000879 seconds, Stopping threads took: 0.0000183 seconds
2017-06-02T17:10:08.584-0100: 103188.419: Total time for which application threads were stopped: 0.0001876 seconds, Stopping threads took: 0.0000223 seconds
2017-06-02T17:10:12.721-0100: 103192.555: Total time for which application threads were stopped: 0.0001861 seconds, Stopping threads took: 0.0000231 seconds
2017-06-02T17:10:12.721-0100: 103192.555: Total time for which application threads were stopped: 0.0001048 seconds, Stopping threads took: 0.0000111 seconds
2017-06-02T17:10:12.730-0100: 103192.565: Total time for which application threads were stopped: 0.0000998 seconds, Stopping threads took: 0.0000205 seconds
2017-06-02T17:10:12.730-0100: 103192.565: Total time for which application threads were stopped: 0.0001342 seconds, Stopping threads took: 0.0000089 seconds
2017-06-02T17:10:12.751-0100: 103192.586: Total time for which application threads were stopped: 0.0001604 seconds, Stopping threads took: 0.0000197 seconds
2017-06-02T17:10:12.751-0100: 103192.586: Total time for which application threads were stopped: 0.0000960 seconds, Stopping threads took: 0.0000095 seconds
2017-06-02T17:10:12.759-0100: 103192.594: Total time for which application threads were stopped: 0.0001008 seconds, Stopping threads took: 0.0000197 seconds
2017-06-02T17:10:12.760-0100: 103192.594: Total time for which application threads were stopped: 0.0000725 seconds, Stopping threads took: 0.0000126 seconds
2017-06-02T17:10:13.794-0100: 103193.629: Total time for which application threads were stopped: 0.0000875 seconds, Stopping threads took: 0.0000138 seconds
{Heap before GC invocations=113 (full 1):
 par new generation   total 109248K, used 93012K [0x00000007a0000000, 0x00000007a8000000, 0x00000007a8000000)
  eden space 87424K, 100% used [0x00000007a0000000, 0x00000007a5560000, 0x00000007a5560000)
  from space 21824K,  25% used [0x00000007a6ab0000, 0x00000007a7025280, 0x00000007a8000000)
  to   space 21824K,   0% used [0x00000007a5560000, 0x00000007a5560000, 0x00000007a6ab0000)
 concurrent mark-sweep generation total 393216K, used 71648K [0x00000007a8000000, 0x00000007c0000000, 0x00000007c0000000)
 Metaspace       used 38923K, capacity 39876K, committed 40132K, reserved 1085440K
  class space    used 4268K, capacity 4524K, committed 4580K, reserved 1048576K
2017-06-02T17:10:13.822-0100: 103193.657: [GC (Allocation Failure) 2017-06-02T17:10:13.822-0100: 103193.657: [ParNew
Desired survivor size 20112992 bytes, new threshold 8 (max 8)
- age   1:    1085768 bytes,    1085768 total
- age   2:     447592 bytes,    1533360 total
- age   3:    2275504 bytes,    3808864 total
- age   4:     328024 bytes,    4136888 total
- age   6:      24208 bytes,    4161096 total
: 93012K->5049K(109248K), 0.0059635 secs] 164661K->76699K(502464K), 0.0060331 secs] [Times: user=0.02 sys=0.00, real=0.00 secs] 
Heap after GC invocations=114 (full 1):
 par new generation   total 109248K, used 5049K [0x00000007a0000000, 0x00000007a8000000, 0x00000007a8000000)
  eden space 87424K,   0% used [0x00000007a0000000, 0x00000007a0000000, 0x00000007a5560000)
  from space 21824K,  23% used [0x00000007a5560000, 0x00000007a5a4e5b8, 0x00000007a6ab0000)
  to   space 21824K,   0% used [0x00000007a6ab0000, 0x00000007a6ab0000, 0x00000007a8000000)
 concurrent mark-sweep generation total 393216K, used 71649K [0x00000007a8000000, 0x00000007c0000000, 0x00000007c0000000)
 Metaspace       used 38923K, capacity 39876K, committed 40132K, reserved 1085440K
  class space    used 4268K, capacity 4524K, committed 4580K, reserved 1048576K
}
2017-06-02T17:10:13.828-0100: 103193.663: Total time for which application threads were stopped: 0.0062457 seconds, Stopping threads took: 0.0000187 seconds
2017-06-02T17:10:13.829-0100: 103193.664: Total time for which application threads were stopped: 0.0007726 seconds, Stopping threads took: 0.0000495 seconds
2017-06-02T17:10:13.849-0100: 103193.684: Total time for which application threads were stopped: 0.0001582 seconds, Stopping threads took: 0.0000366 seconds
2017-06-02T17:10:13.943-0100: 103193.777: Total time for which application threads were stopped: 0.0001406 seconds, Stopping threads took: 0.0000146 seconds
2017-06-02T17:10:13.943-0100: 103193.777: Total time for which application threads were stopped: 0.0000677 seconds, Stopping threads took: 0.0000086 seconds
2017-06-02T17:10:13.943-0100: 103193.778: Total time for which application threads were stopped: 0.0000523 seconds, Stopping threads took: 0.0000078 seconds
2017-06-02T17:10:13.943-0100: 103193.778: Total time for which application threads were stopped: 0.0000418 seconds, Stopping threads took: 0.0000055 seconds
2017-06-02T17:10:13.943-0100: 103193.778: Total time for which application threads were stopped: 0.0000581 seconds, Stopping threads took: 0.0000080 seconds
2017-06-02T17:10:13.943-0100: 103193.778: Total time for which application threads were stopped: 0.0000405 seconds, Stopping threads took: 0.0000052 seconds
2017-06-02T17:10:13.943-0100: 103193.778: Total time for which application threads were stopped: 0.0000461 seconds, Stopping threads took: 0.0000065 seconds
2017-06-02T17:10:13.943-0100: 103193.778: Total time for which application threads were stopped: 0.0000438 seconds, Stopping threads took: 0.0000059 seconds
2017-06-02T17:10:13.943-0100: 103193.778: Total time for which application threads were stopped: 0.0000408 seconds, Stopping threads took: 0.0000060 seconds
2017-06-02T17:10:13.943-0100: 103193.778: Total time for which application threads were stopped: 0.0000416 seconds, Stopping threads took: 0.0000054 seconds
2017-06-02T17:10:13.949-0100: 103193.784: Total time for which application threads were stopped: 0.0001099 seconds, Stopping threads took: 0.0000378 seconds
2017-06-02T17:10:13.951-0100: 103193.785: Total time for which application threads were stopped: 0.0006073 seconds, Stopping threads took: 0.0000211 seconds
2017-06-02T17:10:13.954-0100: 103193.789: Total time for which application threads were stopped: 0.0000935 seconds, Stopping threads took: 0.0000285 seconds
2017-06-02T17:10:13.955-0100: 103193.789: Total time for which application threads were stopped: 0.0000709 seconds, Stopping threads took: 0.0000181 seconds
{Heap before GC invocations=114 (full 1):
 par new generation   total 109248K, used 92473K [0x00000007a0000000, 0x00000007a8000000, 0x00000007a8000000)
  eden space 87424K, 100% used [0x00000007a0000000, 0x00000007a5560000, 0x00000007a5560000)
  from space 21824K,  23% used [0x00000007a5560000, 0x00000007a5a4e5b8, 0x00000007a6ab0000)
  to   space 21824K,   0% used [0x00000007a6ab0000, 0x00000007a6ab0000, 0x00000007a8000000)
 concurrent mark-sweep generation total 393216K, used 71649K [0x00000007a8000000, 0x00000007c0000000, 0x00000007c0000000)
 Metaspace       used 38938K, capacity 39876K, committed 40132K, reserved 1085440K
  class space    used 4268K, capacity 4524K, committed 4580K, reserved 1048576K
2017-06-02T17:10:14.038-0100: 103193.873: [GC (Allocation Failure) 2017-06-02T17:10:14.038-0100: 103193.873: [ParNew
Desired survivor size 20112992 bytes, new threshold 8 (max 8)
- age   1:    2732168 bytes,    2732168 total
- age   2:     763592 bytes,    3495760 total
- age   3:     427472 bytes,    3923232 total
- age   4:    2275504 bytes,    6198736 total
- age   5:     328024 bytes,    6526760 total
- age   7:      24208 bytes,    6550968 total
: 92473K->8894K(109248K), 0.0064946 secs] 164123K->80544K(502464K), 0.0065665 secs] [Times: user=0.03 sys=0.00, real=0.01 secs] 
Heap after GC invocations=115 (full 1):
 par new generation   total 109248K, used 8894K [0x00000007a0000000, 0x00000007a8000000, 0x00000007a8000000)
  eden space 87424K,   0% used [0x00000007a0000000, 0x00000007a0000000, 0x00000007a5560000)
  from space 21824K,  40% used [0x00000007a6ab0000, 0x00000007a735fb90, 0x00000007a8000000)
  to   space 21824K,   0% used [0x00000007a5560000, 0x00000007a5560000, 0x00000007a6ab0000)
 concurrent mark-sweep generation total 393216K, used 71649K [0x00000007a8000000, 0x00000007c0000000, 0x00000007c0000000)
 Metaspace       used 38938K, capacity 39876K, committed 40132K, reserved 1085440K
  class space    used 4268K, capacity 4524K, committed 4580K, reserved 1048576K
}
2017-06-02T17:10:14.045-0100: 103193.879: Total time for which application threads were stopped: 0.0067449 seconds, Stopping threads took: 0.0000178 seconds
2017-06-02T17:10:14.045-0100: 103193.880: Total time for which application threads were stopped: 0.0001094 seconds, Stopping threads took: 0.0000307 seconds
2017-06-02T17:10:14.045-0100: 103193.880: Total time for which application threads were stopped: 0.0001013 seconds, Stopping threads took: 0.0000489 seconds
2017-06-02T17:10:14.121-0100: 103193.955: Total time for which application threads were stopped: 0.0000979 seconds, Stopping threads took: 0.0000293 seconds
2017-06-02T17:10:14.121-0100: 103193.955: Total time for which application threads were stopped: 0.0000555 seconds, Stopping threads took: 0.0000104 seconds
2017-06-02T17:10:14.121-0100: 103193.956: Total time for which application threads were stopped: 0.0000503 seconds, Stopping threads took: 0.0000098 seconds
2017-06-02T17:10:14.121-0100: 103193.956: Total time for which application threads were stopped: 0.0000405 seconds, Stopping threads took: 0.0000064 seconds
2017-06-02T17:10:14.121-0100: 103193.956: Total time for which application threads were stopped: 0.0000363 seconds, Stopping threads took: 0.0000056 seconds
2017-06-02T17:10:14.121-0100: 103193.956: Total time for which application threads were stopped: 0.0000429 seconds, Stopping threads took: 0.0000055 seconds
2017-06-02T17:10:14.121-0100: 103193.956: Total time for which application threads were stopped: 0.0000803 seconds, Stopping threads took: 0.0000147 seconds
2017-06-02T17:10:14.121-0100: 103193.956: Total time for which application threads were stopped: 0.0000431 seconds, Stopping threads took: 0.0000063 seconds
2017-06-02T17:10:14.977-0100: 103194.812: Total time for which application threads were stopped: 0.0001403 seconds, Stopping threads took: 0.0000187 seconds
2017-06-02T17:10:14.983-0100: 103194.818: Total time for which application threads were stopped: 0.0001635 seconds, Stopping threads took: 0.0000219 seconds
2017-06-02T17:10:14.983-0100: 103194.818: Total time for which application threads were stopped: 0.0001119 seconds, Stopping threads took: 0.0000115 seconds
2017-06-02T17:10:14.991-0100: 103194.826: Total time for which application threads were stopped: 0.0001172 seconds, Stopping threads took: 0.0000220 seconds
2017-06-02T17:10:14.992-0100: 103194.826: Total time for which application threads were stopped: 0.0000804 seconds, Stopping threads took: 0.0000102 seconds
2017-06-02T17:10:24.269-0100: 103204.104: Total time for which application threads were stopped: 0.0000970 seconds, Stopping threads took: 0.0000160 seconds
2017-06-02T17:11:14.993-0100: 103254.827: Total time for which application threads were stopped: 0.0000811 seconds, Stopping threads took: 0.0000170 seconds
2017-06-02T17:18:07.424-0100: 103667.254: Total time for which application threads were stopped: 0.0010439 seconds, Stopping threads took: 0.0009611 seconds
{Heap before GC invocations=115 (full 1):
 par new generation   total 109248K, used 96318K [0x00000007a0000000, 0x00000007a8000000, 0x00000007a8000000)
  eden space 87424K, 100% used [0x00000007a0000000, 0x00000007a5560000, 0x00000007a5560000)
  from space 21824K,  40% used [0x00000007a6ab0000, 0x00000007a735fb90, 0x00000007a8000000)
  to   space 21824K,   0% used [0x00000007a5560000, 0x00000007a5560000, 0x00000007a6ab0000)
 concurrent mark-sweep generation total 393216K, used 71649K [0x00000007a8000000, 0x00000007c0000000, 0x00000007c0000000)
 Metaspace       used 38946K, capacity 39940K, committed 40132K, reserved 1085440K
  class space    used 4268K, capacity 4524K, committed 4580K, reserved 1048576K
2017-06-02T17:18:07.454-0100: 103667.283: [GC (Allocation Failure) 2017-06-02T17:18:07.454-0100: 103667.284: [ParNew
Desired survivor size 20112992 bytes, new threshold 8 (max 8)
- age   1:    1302520 bytes,    1302520 total
- age   2:     459240 bytes,    1761760 total
- age   3:     684488 bytes,    2446248 total
- age   4:     358520 bytes,    2804768 total
- age   5:    2275336 bytes,    5080104 total
- age   6:     328024 bytes,    5408128 total
- age   8:      24208 bytes,    5432336 total
: 96318K->7262K(109248K), 0.0061698 secs] 167968K->78912K(502464K), 0.0062211 secs] [Times: user=0.02 sys=0.00, real=0.01 secs] 
Heap after GC invocations=116 (full 1):
 par new generation   total 109248K, used 7262K [0x00000007a0000000, 0x00000007a8000000, 0x00000007a8000000)
  eden space 87424K,   0% used [0x00000007a0000000, 0x00000007a0000000, 0x00000007a5560000)
  from space 21824K,  33% used [0x00000007a5560000, 0x00000007a5c77978, 0x00000007a6ab0000)
  to   space 21824K,   0% used [0x00000007a6ab0000, 0x00000007a6ab0000, 0x00000007a8000000)
 concurrent mark-sweep generation total 393216K, used 71649K [0x00000007a8000000, 0x00000007c0000000, 0x00000007c0000000)
 Metaspace       used 38946K, capacity 39940K, committed 40132K, reserved 1085440K
  class space    used 4268K, capacity 4524K, committed 4580K, reserved 1048576K
}
2017-06-02T17:18:07.460-0100: 103667.290: Total time for which application threads were stopped: 0.0085367 seconds, Stopping threads took: 0.0008651 seconds
2017-06-02T17:18:07.462-0100: 103667.291: Total time for which application threads were stopped: 0.0012294 seconds, Stopping threads took: 0.0006314 seconds
2017-06-02T17:18:07.475-0100: 103667.304: Total time for which application threads were stopped: 0.0001454 seconds, Stopping threads took: 0.0000158 seconds
2017-06-02T17:18:07.633-0100: 103667.463: Total time for which application threads were stopped: 0.0058314 seconds, Stopping threads took: 0.0056830 seconds
2017-06-02T17:18:07.634-0100: 103667.464: Total time for which application threads were stopped: 0.0004082 seconds, Stopping threads took: 0.0003176 seconds
2017-06-02T17:18:07.635-0100: 103667.464: Total time for which application threads were stopped: 0.0005683 seconds, Stopping threads took: 0.0005268 seconds
2017-06-02T17:18:07.635-0100: 103667.464: Total time for which application threads were stopped: 0.0000731 seconds, Stopping threads took: 0.0000230 seconds
2017-06-02T17:18:07.635-0100: 103667.464: Total time for which application threads were stopped: 0.0000403 seconds, Stopping threads took: 0.0000063 seconds
2017-06-02T17:18:07.635-0100: 103667.464: Total time for which application threads were stopped: 0.0000538 seconds, Stopping threads took: 0.0000073 seconds
2017-06-02T17:18:07.635-0100: 103667.465: Total time for which application threads were stopped: 0.0000994 seconds, Stopping threads took: 0.0000631 seconds
2017-06-02T17:18:07.636-0100: 103667.465: Total time for which application threads were stopped: 0.0005404 seconds, Stopping threads took: 0.0005024 seconds
2017-06-02T17:18:07.636-0100: 103667.465: Total time for which application threads were stopped: 0.0000618 seconds, Stopping threads took: 0.0000234 seconds
2017-06-02T17:18:07.636-0100: 103667.466: Total time for which application threads were stopped: 0.0004921 seconds, Stopping threads took: 0.0004460 seconds
2017-06-02T17:18:07.642-0100: 103667.472: Total time for which application threads were stopped: 0.0003728 seconds, Stopping threads took: 0.0002822 seconds
2017-06-02T17:18:07.642-0100: 103667.472: Total time for which application threads were stopped: 0.0000671 seconds, Stopping threads took: 0.0000105 seconds
2017-06-02T17:18:07.645-0100: 103667.475: Total time for which application threads were stopped: 0.0001110 seconds, Stopping threads took: 0.0000142 seconds
2017-06-02T17:18:07.647-0100: 103667.477: Total time for which application threads were stopped: 0.0018291 seconds, Stopping threads took: 0.0017541 seconds
2017-06-02T17:18:07.647-0100: 103667.477: Total time for which application threads were stopped: 0.0001856 seconds, Stopping threads took: 0.0000089 seconds
2017-06-02T17:18:08.674-0100: 103668.504: Total time for which application threads were stopped: 0.0058553 seconds, Stopping threads took: 0.0052254 seconds
2017-06-02T17:18:08.682-0100: 103668.511: Total time for which application threads were stopped: 0.0001567 seconds, Stopping threads took: 0.0000201 seconds
2017-06-02T17:18:08.682-0100: 103668.511: Total time for which application threads were stopped: 0.0001009 seconds, Stopping threads took: 0.0000109 seconds
2017-06-02T17:18:08.690-0100: 103668.520: Total time for which application threads were stopped: 0.0002242 seconds, Stopping threads took: 0.0000214 seconds
2017-06-02T17:18:08.690-0100: 103668.520: Total time for which application threads were stopped: 0.0001488 seconds, Stopping threads took: 0.0000107 seconds
2017-06-02T17:18:08.691-0100: 103668.520: Total time for which application threads were stopped: 0.0000475 seconds, Stopping threads took: 0.0000070 seconds
2017-06-02T17:18:12.735-0100: 103672.564: Total time for which application threads were stopped: 0.0001125 seconds, Stopping threads took: 0.0000168 seconds
2017-06-02T17:18:12.738-0100: 103672.568: Total time for which application threads were stopped: 0.0001138 seconds, Stopping threads took: 0.0000349 seconds
{Heap before GC invocations=116 (full 1):
 par new generation   total 109248K, used 94686K [0x00000007a0000000, 0x00000007a8000000, 0x00000007a8000000)
  eden space 87424K, 100% used [0x00000007a0000000, 0x00000007a5560000, 0x00000007a5560000)
  from space 21824K,  33% used [0x00000007a5560000, 0x00000007a5c77978, 0x00000007a6ab0000)
  to   space 21824K,   0% used [0x00000007a6ab0000, 0x00000007a6ab0000, 0x00000007a8000000)
 concurrent mark-sweep generation total 393216K, used 71649K [0x00000007a8000000, 0x00000007c0000000, 0x00000007c0000000)
 Metaspace       used 38963K, capacity 39940K, committed 40132K, reserved 1085440K
  class space    used 4268K, capacity 4524K, committed 4580K, reserved 1048576K
2017-06-02T17:18:12.768-0100: 103672.598: [GC (Allocation Failure) 2017-06-02T17:18:12.768-0100: 103672.598: [ParNew
Desired survivor size 20112992 bytes, new threshold 8 (max 8)
- age   1:    1459800 bytes,    1459800 total
- age   2:     722448 bytes,    2182248 total
- age   3:     362904 bytes,    2545152 total
- age   4:     650920 bytes,    3196072 total
- age   5:      45512 bytes,    3241584 total
- age   6:    1803464 bytes,    5045048 total
- age   7:     328024 bytes,    5373072 total
: 94686K->6990K(109248K), 0.0067322 secs] 166336K->78664K(502464K), 0.0068001 secs] [Times: user=0.02 sys=0.00, real=0.01 secs] 
Heap after GC invocations=117 (full 1):
 par new generation   total 109248K, used 6990K [0x00000007a0000000, 0x00000007a8000000, 0x00000007a8000000)
  eden space 87424K,   0% used [0x00000007a0000000, 0x00000007a0000000, 0x00000007a5560000)
  from space 21824K,  32% used [0x00000007a6ab0000, 0x00000007a7183ad0, 0x00000007a8000000)
  to   space 21824K,   0% used [0x00000007a5560000, 0x00000007a5560000, 0x00000007a6ab0000)
 concurrent mark-sweep generation total 393216K, used 71673K [0x00000007a8000000, 0x00000007c0000000, 0x00000007c0000000)
 Metaspace       used 38963K, capacity 39940K, committed 40132K, reserved 1085440K
  class space    used 4268K, capacity 4524K, committed 4580K, reserved 1048576K
}
2017-06-02T17:18:12.775-0100: 103672.605: Total time for which application threads were stopped: 0.0070036 seconds, Stopping threads took: 0.0000339 seconds
2017-06-02T17:18:12.775-0100: 103672.605: Total time for which application threads were stopped: 0.0001529 seconds, Stopping threads took: 0.0000360 seconds
2017-06-02T17:18:12.776-0100: 103672.605: Total time for which application threads were stopped: 0.0001828 seconds, Stopping threads took: 0.0000578 seconds
2017-06-02T17:18:12.776-0100: 103672.606: Total time for which application threads were stopped: 0.0006754 seconds, Stopping threads took: 0.0000410 seconds
2017-06-02T17:18:12.796-0100: 103672.625: Total time for which application threads were stopped: 0.0001794 seconds, Stopping threads took: 0.0000214 seconds
2017-06-02T17:18:12.806-0100: 103672.636: Total time for which application threads were stopped: 0.0002039 seconds, Stopping threads took: 0.0000612 seconds
2017-06-02T17:18:12.807-0100: 103672.636: Total time for which application threads were stopped: 0.0000815 seconds, Stopping threads took: 0.0000110 seconds
2017-06-02T17:18:12.807-0100: 103672.636: Total time for which application threads were stopped: 0.0000691 seconds, Stopping threads took: 0.0000086 seconds
2017-06-02T17:18:12.807-0100: 103672.636: Total time for which application threads were stopped: 0.0000720 seconds, Stopping threads took: 0.0000156 seconds
2017-06-02T17:18:12.807-0100: 103672.636: Total time for which application threads were stopped: 0.0000645 seconds, Stopping threads took: 0.0000081 seconds
2017-06-02T17:18:12.807-0100: 103672.637: Total time for which application threads were stopped: 0.0000430 seconds, Stopping threads took: 0.0000057 seconds
2017-06-02T17:18:12.807-0100: 103672.637: Total time for which application threads were stopped: 0.0000558 seconds, Stopping threads took: 0.0000080 seconds
2017-06-02T17:18:12.807-0100: 103672.637: Total time for which application threads were stopped: 0.0000462 seconds, Stopping threads took: 0.0000059 seconds
2017-06-02T17:18:12.807-0100: 103672.637: Total time for which application threads were stopped: 0.0001221 seconds, Stopping threads took: 0.0000068 seconds
2017-06-02T17:18:12.813-0100: 103672.643: Total time for which application threads were stopped: 0.0001366 seconds, Stopping threads took: 0.0000196 seconds
2017-06-02T17:18:12.813-0100: 103672.643: Total time for which application threads were stopped: 0.0000981 seconds, Stopping threads took: 0.0000113 seconds
2017-06-02T17:18:12.816-0100: 103672.646: Total time for which application threads were stopped: 0.0000872 seconds, Stopping threads took: 0.0000122 seconds
2017-06-02T17:18:12.816-0100: 103672.646: Total time for which application threads were stopped: 0.0000751 seconds, Stopping threads took: 0.0000159 seconds
2017-06-02T17:18:13.816-0100: 103673.646: Total time for which application threads were stopped: 0.0000799 seconds, Stopping threads took: 0.0000192 seconds
2017-06-02T17:18:13.835-0100: 103673.665: Total time for which application threads were stopped: 0.0001462 seconds, Stopping threads took: 0.0000203 seconds
2017-06-02T17:18:13.841-0100: 103673.671: Total time for which application threads were stopped: 0.0001571 seconds, Stopping threads took: 0.0000184 seconds
2017-06-02T17:18:13.842-0100: 103673.671: Total time for which application threads were stopped: 0.0000949 seconds, Stopping threads took: 0.0000119 seconds
2017-06-02T17:18:13.850-0100: 103673.679: Total time for which application threads were stopped: 0.0001210 seconds, Stopping threads took: 0.0000204 seconds
2017-06-02T17:18:13.850-0100: 103673.679: Total time for which application threads were stopped: 0.0000657 seconds, Stopping threads took: 0.0000113 seconds
2017-06-02T17:18:18.608-0100: 103678.438: Total time for which application threads were stopped: 0.0001110 seconds, Stopping threads took: 0.0000198 seconds
2017-06-02T17:18:18.640-0100: 103678.470: Total time for which application threads were stopped: 0.0008187 seconds, Stopping threads took: 0.0000304 seconds
2017-06-02T17:18:19.645-0100: 103679.474: Total time for which application threads were stopped: 0.0001020 seconds, Stopping threads took: 0.0000191 seconds
2017-06-02T17:18:36.650-0100: 103696.479: Total time for which application threads were stopped: 0.0000877 seconds, Stopping threads took: 0.0000198 seconds
2017-06-02T17:18:42.627-0100: 103702.456: Total time for which application threads were stopped: 0.0000996 seconds, Stopping threads took: 0.0000171 seconds
2017-06-02T17:18:42.628-0100: 103702.457: Total time for which application threads were stopped: 0.0006626 seconds, Stopping threads took: 0.0000106 seconds
2017-06-02T17:18:42.633-0100: 103702.462: Total time for which application threads were stopped: 0.0001303 seconds, Stopping threads took: 0.0000196 seconds
2017-06-02T17:19:13.851-0100: 103733.680: Total time for which application threads were stopped: 0.0001142 seconds, Stopping threads took: 0.0000236 seconds
2017-06-02T17:19:36.771-0100: 103756.599: Total time for which application threads were stopped: 0.0002629 seconds, Stopping threads took: 0.0000345 seconds
2017-06-02T17:19:55.774-0100: 103775.603: Total time for which application threads were stopped: 0.0001103 seconds, Stopping threads took: 0.0000308 seconds
2017-06-02T17:21:45.866-0100: 103885.693: Total time for which application threads were stopped: 0.0000954 seconds, Stopping threads took: 0.0000200 seconds
2017-06-02T17:21:47.563-0100: 103887.390: Total time for which application threads were stopped: 0.0004915 seconds, Stopping threads took: 0.0003793 seconds
2017-06-02T17:21:47.563-0100: 103887.391: Total time for which application threads were stopped: 0.0001133 seconds, Stopping threads took: 0.0000385 seconds
2017-06-02T17:21:47.564-0100: 103887.391: Total time for which application threads were stopped: 0.0000817 seconds, Stopping threads took: 0.0000112 seconds
2017-06-02T17:21:47.564-0100: 103887.391: Total time for which application threads were stopped: 0.0000767 seconds, Stopping threads took: 0.0000091 seconds
2017-06-02T17:21:47.565-0100: 103887.392: Total time for which application threads were stopped: 0.0000793 seconds, Stopping threads took: 0.0000095 seconds
{Heap before GC invocations=117 (full 1):
 par new generation   total 109248K, used 94401K [0x00000007a0000000, 0x00000007a8000000, 0x00000007a8000000)
  eden space 87424K,  99% used [0x00000007a0000000, 0x00000007a555c9e0, 0x00000007a5560000)
  from space 21824K,  32% used [0x00000007a6ab0000, 0x00000007a7183ad0, 0x00000007a8000000)
  to   space 21824K,   0% used [0x00000007a5560000, 0x00000007a5560000, 0x00000007a6ab0000)
 concurrent mark-sweep generation total 393216K, used 71673K [0x00000007a8000000, 0x00000007c0000000, 0x00000007c0000000)
 Metaspace       used 39190K, capacity 40228K, committed 40388K, reserved 1085440K
  class space    used 4290K, capacity 4556K, committed 4580K, reserved 1048576K
2017-06-02T17:21:47.609-0100: 103887.436: [GC (Allocation Failure) 2017-06-02T17:21:47.609-0100: 103887.436: [ParNew
Desired survivor size 20112992 bytes, new threshold 8 (max 8)
- age   1:    2332336 bytes,    2332336 total
- age   2:     958608 bytes,    3290944 total
- age   3:     662912 bytes,    3953856 total
- age   4:      27200 bytes,    3981056 total
- age   5:     181952 bytes,    4163008 total
- age   6:      44576 bytes,    4207584 total
- age   7:    1803416 bytes,    6011000 total
- age   8:     328024 bytes,    6339024 total
: 94401K->8000K(109248K), 0.0064578 secs] 166074K->79673K(502464K), 0.0067887 secs] [Times: user=0.02 sys=0.00, real=0.01 secs] 
Heap after GC invocations=118 (full 1):
 par new generation   total 109248K, used 8000K [0x00000007a0000000, 0x00000007a8000000, 0x00000007a8000000)
  eden space 87424K,   0% used [0x00000007a0000000, 0x00000007a0000000, 0x00000007a5560000)
  from space 21824K,  36% used [0x00000007a5560000, 0x00000007a5d30100, 0x00000007a6ab0000)
  to   space 21824K,   0% used [0x00000007a6ab0000, 0x00000007a6ab0000, 0x00000007a8000000)
 concurrent mark-sweep generation total 393216K, used 71673K [0x00000007a8000000, 0x00000007c0000000, 0x00000007c0000000)
 Metaspace       used 39190K, capacity 40228K, committed 40388K, reserved 1085440K
  class space    used 4290K, capacity 4556K, committed 4580K, reserved 1048576K
}
2017-06-02T17:21:47.616-0100: 103887.443: Total time for which application threads were stopped: 0.0069726 seconds, Stopping threads took: 0.0000194 seconds
2017-06-02T17:21:47.616-0100: 103887.443: Total time for which application threads were stopped: 0.0001435 seconds, Stopping threads took: 0.0000578 seconds
2017-06-02T17:21:47.616-0100: 103887.443: Total time for which application threads were stopped: 0.0001088 seconds, Stopping threads took: 0.0000426 seconds
{Heap before GC invocations=118 (full 1):
 par new generation   total 109248K, used 95424K [0x00000007a0000000, 0x00000007a8000000, 0x00000007a8000000)
  eden space 87424K, 100% used [0x00000007a0000000, 0x00000007a5560000, 0x00000007a5560000)
  from space 21824K,  36% used [0x00000007a5560000, 0x00000007a5d30100, 0x00000007a6ab0000)
  to   space 21824K,   0% used [0x00000007a6ab0000, 0x00000007a6ab0000, 0x00000007a8000000)
 concurrent mark-sweep generation total 393216K, used 71673K [0x00000007a8000000, 0x00000007c0000000, 0x00000007c0000000)
 Metaspace       used 39190K, capacity 40228K, committed 40388K, reserved 1085440K
  class space    used 4290K, capacity 4556K, committed 4580K, reserved 1048576K
2017-06-02T17:21:47.765-0100: 103887.592: [GC (Allocation Failure) 2017-06-02T17:21:47.765-0100: 103887.592: [ParNew
Desired survivor size 20112992 bytes, new threshold 8 (max 8)
- age   1:    2247320 bytes,    2247320 total
- age   2:    1876776 bytes,    4124096 total
- age   3:     669064 bytes,    4793160 total
- age   4:     188080 bytes,    4981240 total
- age   5:      26832 bytes,    5008072 total
- age   6:     181904 bytes,    5189976 total
- age   7:      43984 bytes,    5233960 total
- age   8:    1803416 bytes,    7037376 total
: 95424K->9291K(109248K), 0.0060640 secs] 167097K->81285K(502464K), 0.0061235 secs] [Times: user=0.02 sys=0.01, real=0.01 secs] 
Heap after GC invocations=119 (full 1):
 par new generation   total 109248K, used 9291K [0x00000007a0000000, 0x00000007a8000000, 0x00000007a8000000)
  eden space 87424K,   0% used [0x00000007a0000000, 0x00000007a0000000, 0x00000007a5560000)
  from space 21824K,  42% used [0x00000007a6ab0000, 0x00000007a73c2e80, 0x00000007a8000000)
  to   space 21824K,   0% used [0x00000007a5560000, 0x00000007a5560000, 0x00000007a6ab0000)
 concurrent mark-sweep generation total 393216K, used 71993K [0x00000007a8000000, 0x00000007c0000000, 0x00000007c0000000)
 Metaspace       used 39190K, capacity 40228K, committed 40388K, reserved 1085440K
  class space    used 4290K, capacity 4556K, committed 4580K, reserved 1048576K
}
2017-06-02T17:21:47.771-0100: 103887.598: Total time for which application threads were stopped: 0.0062976 seconds, Stopping threads took: 0.0000175 seconds
{Heap before GC invocations=119 (full 1):
 par new generation   total 109248K, used 96715K [0x00000007a0000000, 0x00000007a8000000, 0x00000007a8000000)
  eden space 87424K, 100% used [0x00000007a0000000, 0x00000007a5560000, 0x00000007a5560000)
  from space 21824K,  42% used [0x00000007a6ab0000, 0x00000007a73c2e80, 0x00000007a8000000)
  to   space 21824K,   0% used [0x00000007a5560000, 0x00000007a5560000, 0x00000007a6ab0000)
 concurrent mark-sweep generation total 393216K, used 71993K [0x00000007a8000000, 0x00000007c0000000, 0x00000007c0000000)
 Metaspace       used 39190K, capacity 40228K, committed 40388K, reserved 1085440K
  class space    used 4290K, capacity 4556K, committed 4580K, reserved 1048576K
2017-06-02T17:21:47.918-0100: 103887.745: [GC (Allocation Failure) 2017-06-02T17:21:47.918-0100: 103887.745: [ParNew
Desired survivor size 20112992 bytes, new threshold 8 (max 8)
- age   1:    2866216 bytes,    2866216 total
- age   2:    1135528 bytes,    4001744 total
- age   3:    1876776 bytes,    5878520 total
- age   4:     669064 bytes,    6547584 total
- age   5:     188080 bytes,    6735664 total
- age   6:      26832 bytes,    6762496 total
- age   7:     181904 bytes,    6944400 total
- age   8:      43984 bytes,    6988384 total
: 96715K->7937K(109248K), 0.0063124 secs] 168709K->81693K(502464K), 0.0063746 secs] [Times: user=0.01 sys=0.00, real=0.01 secs] 
Heap after GC invocations=120 (full 1):
 par new generation   total 109248K, used 7937K [0x00000007a0000000, 0x00000007a8000000, 0x00000007a8000000)
  eden space 87424K,   0% used [0x00000007a0000000, 0x00000007a0000000, 0x00000007a5560000)
  from space 21824K,  36% used [0x00000007a5560000, 0x00000007a5d20490, 0x00000007a6ab0000)
  to   space 21824K,   0% used [0x00000007a6ab0000, 0x00000007a6ab0000, 0x00000007a8000000)
 concurrent mark-sweep generation total 393216K, used 73756K [0x00000007a8000000, 0x00000007c0000000, 0x00000007c0000000)
 Metaspace       used 39190K, capacity 40228K, committed 40388K, reserved 1085440K
  class space    used 4290K, capacity 4556K, committed 4580K, reserved 1048576K
}
2017-06-02T17:21:47.924-0100: 103887.752: Total time for which application threads were stopped: 0.0065520 seconds, Stopping threads took: 0.0000167 seconds
{Heap before GC invocations=120 (full 1):
 par new generation   total 109248K, used 95361K [0x00000007a0000000, 0x00000007a8000000, 0x00000007a8000000)
  eden space 87424K, 100% used [0x00000007a0000000, 0x00000007a5560000, 0x00000007a5560000)
  from space 21824K,  36% used [0x00000007a5560000, 0x00000007a5d20490, 0x00000007a6ab0000)
  to   space 21824K,   0% used [0x00000007a6ab0000, 0x00000007a6ab0000, 0x00000007a8000000)
 concurrent mark-sweep generation total 393216K, used 73756K [0x00000007a8000000, 0x00000007c0000000, 0x00000007c0000000)
 Metaspace       used 39190K, capacity 40228K, committed 40388K, reserved 1085440K
  class space    used 4290K, capacity 4556K, committed 4580K, reserved 1048576K
2017-06-02T17:21:48.068-0100: 103887.895: [GC (Allocation Failure) 2017-06-02T17:21:48.068-0100: 103887.895: [ParNew
Desired survivor size 20112992 bytes, new threshold 8 (max 8)
- age   1:    3360896 bytes,    3360896 total
- age   2:    1240712 bytes,    4601608 total
- age   3:    1061720 bytes,    5663328 total
- age   4:    1876720 bytes,    7540048 total
- age   5:     669064 bytes,    8209112 total
- age   6:     188080 bytes,    8397192 total
- age   7:      26832 bytes,    8424024 total
- age   8:     181904 bytes,    8605928 total
: 95361K->13496K(109248K), 0.0060623 secs] 169117K->87298K(502464K), 0.0061238 secs] [Times: user=0.01 sys=0.00, real=0.01 secs] 
Heap after GC invocations=121 (full 1):
 par new generation   total 109248K, used 13496K [0x00000007a0000000, 0x00000007a8000000, 0x00000007a8000000)
  eden space 87424K,   0% used [0x00000007a0000000, 0x00000007a0000000, 0x00000007a5560000)
  from space 21824K,  61% used [0x00000007a6ab0000, 0x00000007a77de358, 0x00000007a8000000)
  to   space 21824K,   0% used [0x00000007a5560000, 0x00000007a5560000, 0x00000007a6ab0000)
 concurrent mark-sweep generation total 393216K, used 73801K [0x00000007a8000000, 0x00000007c0000000, 0x00000007c0000000)
 Metaspace       used 39190K, capacity 40228K, committed 40388K, reserved 1085440K
  class space    used 4290K, capacity 4556K, committed 4580K, reserved 1048576K
}
2017-06-02T17:21:48.074-0100: 103887.901: Total time for which application threads were stopped: 0.0069845 seconds, Stopping threads took: 0.0000181 seconds
{Heap before GC invocations=121 (full 1):
 par new generation   total 109248K, used 100920K [0x00000007a0000000, 0x00000007a8000000, 0x00000007a8000000)
  eden space 87424K, 100% used [0x00000007a0000000, 0x00000007a5560000, 0x00000007a5560000)
  from space 21824K,  61% used [0x00000007a6ab0000, 0x00000007a77de358, 0x00000007a8000000)
  to   space 21824K,   0% used [0x00000007a5560000, 0x00000007a5560000, 0x00000007a6ab0000)
 concurrent mark-sweep generation total 393216K, used 73801K [0x00000007a8000000, 0x00000007c0000000, 0x00000007c0000000)
 Metaspace       used 39190K, capacity 40228K, committed 40388K, reserved 1085440K
  class space    used 4290K, capacity 4556K, committed 4580K, reserved 1048576K
2017-06-02T17:21:48.215-0100: 103888.042: [GC (Allocation Failure) 2017-06-02T17:21:48.215-0100: 103888.043: [ParNew
Desired survivor size 20112992 bytes, new threshold 8 (max 8)
- age   1:    3239240 bytes,    3239240 total
- age   2:    1591264 bytes,    4830504 total
- age   3:    1207976 bytes,    6038480 total
- age   4:    1029056 bytes,    7067536 total
- age   5:    1876720 bytes,    8944256 total
- age   6:     669064 bytes,    9613320 total
- age   7:     188080 bytes,    9801400 total
- age   8:      26832 bytes,    9828232 total
: 100920K->11958K(109248K), 0.0060389 secs] 174722K->85939K(502464K), 0.0061081 secs] [Times: user=0.01 sys=0.00, real=0.01 secs] 
Heap after GC invocations=122 (full 1):
 par new generation   total 109248K, used 11958K [0x00000007a0000000, 0x00000007a8000000, 0x00000007a8000000)
  eden space 87424K,   0% used [0x00000007a0000000, 0x00000007a0000000, 0x00000007a5560000)
  from space 21824K,  54% used [0x00000007a5560000, 0x00000007a610d900, 0x00000007a6ab0000)
  to   space 21824K,   0% used [0x00000007a6ab0000, 0x00000007a6ab0000, 0x00000007a8000000)
 concurrent mark-sweep generation total 393216K, used 73981K [0x00000007a8000000, 0x00000007c0000000, 0x00000007c0000000)
 Metaspace       used 39190K, capacity 40228K, committed 40388K, reserved 1085440K
  class space    used 4290K, capacity 4556K, committed 4580K, reserved 1048576K
}
2017-06-02T17:21:48.222-0100: 103888.049: Total time for which application threads were stopped: 0.0062795 seconds, Stopping threads took: 0.0000183 seconds
{Heap before GC invocations=122 (full 1):
 par new generation   total 109248K, used 99382K [0x00000007a0000000, 0x00000007a8000000, 0x00000007a8000000)
  eden space 87424K, 100% used [0x00000007a0000000, 0x00000007a5560000, 0x00000007a5560000)
  from space 21824K,  54% used [0x00000007a5560000, 0x00000007a610d900, 0x00000007a6ab0000)
  to   space 21824K,   0% used [0x00000007a6ab0000, 0x00000007a6ab0000, 0x00000007a8000000)
 concurrent mark-sweep generation total 393216K, used 73981K [0x00000007a8000000, 0x00000007c0000000, 0x00000007c0000000)
 Metaspace       used 39190K, capacity 40228K, committed 40388K, reserved 1085440K
  class space    used 4290K, capacity 4556K, committed 4580K, reserved 1048576K
2017-06-02T17:21:48.363-0100: 103888.191: [GC (Allocation Failure) 2017-06-02T17:21:48.364-0100: 103888.191: [ParNew
Desired survivor size 20112992 bytes, new threshold 8 (max 8)
- age   1:    3582776 bytes,    3582776 total
- age   2:    1037736 bytes,    4620512 total
- age   3:    1541944 bytes,    6162456 total
- age   4:    1175144 bytes,    7337600 total
- age   5:    1028936 bytes,    8366536 total
- age   6:    1876720 bytes,   10243256 total
- age   7:     669064 bytes,   10912320 total
- age   8:     188080 bytes,   11100400 total
: 99382K->15812K(109248K), 0.0060385 secs] 173363K->89820K(502464K), 0.0061010 secs] [Times: user=0.01 sys=0.00, real=0.01 secs] 
Heap after GC invocations=123 (full 1):
 par new generation   total 109248K, used 15812K [0x00000007a0000000, 0x00000007a8000000, 0x00000007a8000000)
  eden space 87424K,   0% used [0x00000007a0000000, 0x00000007a0000000, 0x00000007a5560000)
  from space 21824K,  72% used [0x00000007a6ab0000, 0x00000007a7a210c0, 0x00000007a8000000)
  to   space 21824K,   0% used [0x00000007a5560000, 0x00000007a5560000, 0x00000007a6ab0000)
 concurrent mark-sweep generation total 393216K, used 74008K [0x00000007a8000000, 0x00000007c0000000, 0x00000007c0000000)
 Metaspace       used 39190K, capacity 40228K, committed 40388K, reserved 1085440K
  class space    used 4290K, capacity 4556K, committed 4580K, reserved 1048576K
}
2017-06-02T17:21:48.370-0100: 103888.197: Total time for which application threads were stopped: 0.0062740 seconds, Stopping threads took: 0.0000165 seconds
{Heap before GC invocations=123 (full 1):
 par new generation   total 109248K, used 103236K [0x00000007a0000000, 0x00000007a8000000, 0x00000007a8000000)
  eden space 87424K, 100% used [0x00000007a0000000, 0x00000007a5560000, 0x00000007a5560000)
  from space 21824K,  72% used [0x00000007a6ab0000, 0x00000007a7a210c0, 0x00000007a8000000)
  to   space 21824K,   0% used [0x00000007a5560000, 0x00000007a5560000, 0x00000007a6ab0000)
 concurrent mark-sweep generation total 393216K, used 74008K [0x00000007a8000000, 0x00000007c0000000, 0x00000007c0000000)
 Metaspace       used 39190K, capacity 40228K, committed 40388K, reserved 1085440K
  class space    used 4290K, capacity 4556K, committed 4580K, reserved 1048576K
2017-06-02T17:21:48.518-0100: 103888.345: [GC (Allocation Failure) 2017-06-02T17:21:48.518-0100: 103888.345: [ParNew
Desired survivor size 20112992 bytes, new threshold 8 (max 8)
- age   1:    4448016 bytes,    4448016 total
- age   2:    1202984 bytes,    5651000 total
- age   3:    1034528 bytes,    6685528 total
- age   4:    1279768 bytes,    7965296 total
- age   5:    1044040 bytes,    9009336 total
- age   6:    1028936 bytes,   10038272 total
- age   7:    1876720 bytes,   11914992 total
- age   8:     669064 bytes,   12584056 total
: 103236K->15616K(109248K), 0.0066231 secs] 177244K->89809K(502464K), 0.0066970 secs] [Times: user=0.02 sys=0.01, real=0.01 secs] 
Heap after GC invocations=124 (full 1):
 par new generation   total 109248K, used 15616K [0x00000007a0000000, 0x00000007a8000000, 0x00000007a8000000)
  eden space 87424K,   0% used [0x00000007a0000000, 0x00000007a0000000, 0x00000007a5560000)
  from space 21824K,  71% used [0x00000007a5560000, 0x00000007a64a0010, 0x00000007a6ab0000)
  to   space 21824K,   0% used [0x00000007a6ab0000, 0x00000007a6ab0000, 0x00000007a8000000)
 concurrent mark-sweep generation total 393216K, used 74193K [0x00000007a8000000, 0x00000007c0000000, 0x00000007c0000000)
 Metaspace       used 39190K, capacity 40228K, committed 40388K, reserved 1085440K
  class space    used 4290K, capacity 4556K, committed 4580K, reserved 1048576K
}
2017-06-02T17:21:48.525-0100: 103888.352: Total time for which application threads were stopped: 0.0068804 seconds, Stopping threads took: 0.0000177 seconds
{Heap before GC invocations=124 (full 1):
 par new generation   total 109248K, used 103040K [0x00000007a0000000, 0x00000007a8000000, 0x00000007a8000000)
  eden space 87424K, 100% used [0x00000007a0000000, 0x00000007a5560000, 0x00000007a5560000)
  from space 21824K,  71% used [0x00000007a5560000, 0x00000007a64a0010, 0x00000007a6ab0000)
  to   space 21824K,   0% used [0x00000007a6ab0000, 0x00000007a6ab0000, 0x00000007a8000000)
 concurrent mark-sweep generation total 393216K, used 74193K [0x00000007a8000000, 0x00000007c0000000, 0x00000007c0000000)
 Metaspace       used 39190K, capacity 40228K, committed 40388K, reserved 1085440K
  class space    used 4290K, capacity 4556K, committed 4580K, reserved 1048576K
2017-06-02T17:21:48.671-0100: 103888.498: [GC (Allocation Failure) 2017-06-02T17:21:48.671-0100: 103888.498: [ParNew
Desired survivor size 20112992 bytes, new threshold 8 (max 8)
- age   1:    3842744 bytes,    3842744 total
- age   2:    2066232 bytes,    5908976 total
- age   3:    1164296 bytes,    7073272 total
- age   4:    1034424 bytes,    8107696 total
- age   5:    1246984 bytes,    9354680 total
- age   6:    1044040 bytes,   10398720 total
- age   7:    1028936 bytes,   11427656 total
- age   8:    1876720 bytes,   13304376 total
: 103040K->18100K(109248K), 0.0129682 secs] 177233K->92950K(502464K), 0.0130419 secs] [Times: user=0.03 sys=0.00, real=0.01 secs] 
Heap after GC invocations=125 (full 1):
 par new generation   total 109248K, used 18100K [0x00000007a0000000, 0x00000007a8000000, 0x00000007a8000000)
  eden space 87424K,   0% used [0x00000007a0000000, 0x00000007a0000000, 0x00000007a5560000)
  from space 21824K,  82% used [0x00000007a6ab0000, 0x00000007a7c5d288, 0x00000007a8000000)
  to   space 21824K,   0% used [0x00000007a5560000, 0x00000007a5560000, 0x00000007a6ab0000)
 concurrent mark-sweep generation total 393216K, used 74850K [0x00000007a8000000, 0x00000007c0000000, 0x00000007c0000000)
 Metaspace       used 39190K, capacity 40228K, committed 40388K, reserved 1085440K
  class space    used 4290K, capacity 4556K, committed 4580K, reserved 1048576K
}
2017-06-02T17:21:48.684-0100: 103888.511: Total time for which application threads were stopped: 0.0132198 seconds, Stopping threads took: 0.0000176 seconds
{Heap before GC invocations=125 (full 1):
 par new generation   total 109248K, used 105524K [0x00000007a0000000, 0x00000007a8000000, 0x00000007a8000000)
  eden space 87424K, 100% used [0x00000007a0000000, 0x00000007a5560000, 0x00000007a5560000)
  from space 21824K,  82% used [0x00000007a6ab0000, 0x00000007a7c5d288, 0x00000007a8000000)
  to   space 21824K,   0% used [0x00000007a5560000, 0x00000007a5560000, 0x00000007a6ab0000)
 concurrent mark-sweep generation total 393216K, used 74850K [0x00000007a8000000, 0x00000007c0000000, 0x00000007c0000000)
 Metaspace       used 39190K, capacity 40228K, committed 40388K, reserved 1085440K
  class space    used 4290K, capacity 4556K, committed 4580K, reserved 1048576K
2017-06-02T17:21:48.844-0100: 103888.671: [GC (Allocation Failure) 2017-06-02T17:21:48.844-0100: 103888.671: [ParNew
Desired survivor size 20112992 bytes, new threshold 8 (max 8)
- age   1:    4184056 bytes,    4184056 total
- age   2:    1966128 bytes,    6150184 total
- age   3:    1720864 bytes,    7871048 total
- age   4:    1067224 bytes,    8938272 total
- age   5:    1036272 bytes,    9974544 total
- age   6:     921312 bytes,   10895856 total
- age   7:    1030064 bytes,   11925920 total
- age   8:    1031240 bytes,   12957160 total
: 105524K->17036K(109248K), 0.0081747 secs] 180374K->93729K(502464K), 0.0082461 secs] [Times: user=0.03 sys=0.00, real=0.01 secs] 
Heap after GC invocations=126 (full 1):
 par new generation   total 109248K, used 17036K [0x00000007a0000000, 0x00000007a8000000, 0x00000007a8000000)
  eden space 87424K,   0% used [0x00000007a0000000, 0x00000007a0000000, 0x00000007a5560000)
  from space 21824K,  78% used [0x00000007a5560000, 0x00000007a6603210, 0x00000007a6ab0000)
  to   space 21824K,   0% used [0x00000007a6ab0000, 0x00000007a6ab0000, 0x00000007a8000000)
 concurrent mark-sweep generation total 393216K, used 76693K [0x00000007a8000000, 0x00000007c0000000, 0x00000007c0000000)
 Metaspace       used 39190K, capacity 40228K, committed 40388K, reserved 1085440K
  class space    used 4290K, capacity 4556K, committed 4580K, reserved 1048576K
}
2017-06-02T17:21:48.853-0100: 103888.680: Total time for which application threads were stopped: 0.0149952 seconds, Stopping threads took: 0.0000222 seconds
{Heap before GC invocations=126 (full 1):
 par new generation   total 109248K, used 104443K [0x00000007a0000000, 0x00000007a8000000, 0x00000007a8000000)
  eden space 87424K,  99% used [0x00000007a0000000, 0x00000007a555bc60, 0x00000007a5560000)
  from space 21824K,  78% used [0x00000007a5560000, 0x00000007a6603210, 0x00000007a6ab0000)
  to   space 21824K,   0% used [0x00000007a6ab0000, 0x00000007a6ab0000, 0x00000007a8000000)
 concurrent mark-sweep generation total 393216K, used 76693K [0x00000007a8000000, 0x00000007c0000000, 0x00000007c0000000)
 Metaspace       used 39190K, capacity 40228K, committed 40388K, reserved 1085440K
  class space    used 4290K, capacity 4556K, committed 4580K, reserved 1048576K
2017-06-02T17:21:49.007-0100: 103888.834: [GC (Allocation Failure) 2017-06-02T17:21:49.007-0100: 103888.834: [ParNew
Desired survivor size 20112992 bytes, new threshold 8 (max 8)
- age   1:    3525144 bytes,    3525144 total
- age   2:    3008448 bytes,    6533592 total
- age   3:     936880 bytes,    7470472 total
- age   4:    1716664 bytes,    9187136 total
- age   5:     968056 bytes,   10155192 total
- age   6:    1035696 bytes,   11190888 total
- age   7:     920568 bytes,   12111456 total
- age   8:    1028792 bytes,   13140248 total
: 104443K->17889K(109248K), 0.0075589 secs] 181136K->95597K(502464K), 0.0076477 secs] [Times: user=0.02 sys=0.00, real=0.01 secs] 
Heap after GC invocations=127 (full 1):
 par new generation   total 109248K, used 17889K [0x00000007a0000000, 0x00000007a8000000, 0x00000007a8000000)
  eden space 87424K,   0% used [0x00000007a0000000, 0x00000007a0000000, 0x00000007a5560000)
  from space 21824K,  81% used [0x00000007a6ab0000, 0x00000007a7c28460, 0x00000007a8000000)
  to   space 21824K,   0% used [0x00000007a5560000, 0x00000007a5560000, 0x00000007a6ab0000)
 concurrent mark-sweep generation total 393216K, used 77708K [0x00000007a8000000, 0x00000007c0000000, 0x00000007c0000000)
 Metaspace       used 39190K, capacity 40228K, committed 40388K, reserved 1085440K
  class space    used 4290K, capacity 4556K, committed 4580K, reserved 1048576K
}
2017-06-02T17:21:49.015-0100: 103888.842: Total time for which application threads were stopped: 0.0078653 seconds, Stopping threads took: 0.0000209 seconds
{Heap before GC invocations=127 (full 1):
 par new generation   total 109248K, used 105313K [0x00000007a0000000, 0x00000007a8000000, 0x00000007a8000000)
  eden space 87424K, 100% used [0x00000007a0000000, 0x00000007a5560000, 0x00000007a5560000)
  from space 21824K,  81% used [0x00000007a6ab0000, 0x00000007a7c28460, 0x00000007a8000000)
  to   space 21824K,   0% used [0x00000007a5560000, 0x00000007a5560000, 0x00000007a6ab0000)
 concurrent mark-sweep generation total 393216K, used 77708K [0x00000007a8000000, 0x00000007c0000000, 0x00000007c0000000)
 Metaspace       used 39190K, capacity 40228K, committed 40388K, reserved 1085440K
  class space    used 4290K, capacity 4556K, committed 4580K, reserved 1048576K
2017-06-02T17:21:49.169-0100: 103888.996: [GC (Allocation Failure) 2017-06-02T17:21:49.169-0100: 103888.996: [ParNew
Desired survivor size 20112992 bytes, new threshold 8 (max 8)
- age   1:    4444368 bytes,    4444368 total
- age   2:    1688536 bytes,    6132904 total
- age   3:    1717616 bytes,    7850520 total
- age   4:     936856 bytes,    8787376 total
- age   5:    1716784 bytes,   10504160 total
- age   6:     968440 bytes,   11472600 total
- age   7:     970168 bytes,   12442768 total
- age   8:     920688 bytes,   13363456 total
: 105313K->16809K(109248K), 0.0068202 secs] 183021K->95532K(502464K), 0.0068873 secs] [Times: user=0.03 sys=0.00, real=0.01 secs] 
Heap after GC invocations=128 (full 1):
 par new generation   total 109248K, used 16809K [0x00000007a0000000, 0x00000007a8000000, 0x00000007a8000000)
  eden space 87424K,   0% used [0x00000007a0000000, 0x00000007a0000000, 0x00000007a5560000)
  from space 21824K,  77% used [0x00000007a5560000, 0x00000007a65ca5f0, 0x00000007a6ab0000)
  to   space 21824K,   0% used [0x00000007a6ab0000, 0x00000007a6ab0000, 0x00000007a8000000)
 concurrent mark-sweep generation total 393216K, used 78722K [0x00000007a8000000, 0x00000007c0000000, 0x00000007c0000000)
 Metaspace       used 39190K, capacity 40228K, committed 40388K, reserved 1085440K
  class space    used 4290K, capacity 4556K, committed 4580K, reserved 1048576K
}
2017-06-02T17:21:49.176-0100: 103889.003: Total time for which application threads were stopped: 0.0070691 seconds, Stopping threads took: 0.0000173 seconds
{Heap before GC invocations=128 (full 1):
 par new generation   total 109248K, used 104233K [0x00000007a0000000, 0x00000007a8000000, 0x00000007a8000000)
  eden space 87424K, 100% used [0x00000007a0000000, 0x00000007a5560000, 0x00000007a5560000)
  from space 21824K,  77% used [0x00000007a5560000, 0x00000007a65ca5f0, 0x00000007a6ab0000)
  to   space 21824K,   0% used [0x00000007a6ab0000, 0x00000007a6ab0000, 0x00000007a8000000)
 concurrent mark-sweep generation total 393216K, used 78722K [0x00000007a8000000, 0x00000007c0000000, 0x00000007c0000000)
 Metaspace       used 39190K, capacity 40228K, committed 40388K, reserved 1085440K
  class space    used 4290K, capacity 4556K, committed 4580K, reserved 1048576K
2017-06-02T17:21:49.330-0100: 103889.157: [GC (Allocation Failure) 2017-06-02T17:21:49.330-0100: 103889.157: [ParNew
Desired survivor size 20112992 bytes, new threshold 8 (max 8)
- age   1:    4005616 bytes,    4005616 total
- age   2:    2342880 bytes,    6348496 total
- age   3:    1070504 bytes,    7419000 total
- age   4:    1668744 bytes,    9087744 total
- age   5:     936976 bytes,   10024720 total
- age   6:    1716544 bytes,   11741264 total
- age   7:     968272 bytes,   12709536 total
- age   8:     970240 bytes,   13679776 total
: 104233K->17094K(109248K), 0.0066905 secs] 182956K->96725K(502464K), 0.0067537 secs] [Times: user=0.02 sys=0.00, real=0.00 secs] 
Heap after GC invocations=129 (full 1):
 par new generation   total 109248K, used 17094K [0x00000007a0000000, 0x00000007a8000000, 0x00000007a8000000)
  eden space 87424K,   0% used [0x00000007a0000000, 0x00000007a0000000, 0x00000007a5560000)
  from space 21824K,  78% used [0x00000007a6ab0000, 0x00000007a7b61bf0, 0x00000007a8000000)
  to   space 21824K,   0% used [0x00000007a5560000, 0x00000007a5560000, 0x00000007a6ab0000)
 concurrent mark-sweep generation total 393216K, used 79630K [0x00000007a8000000, 0x00000007c0000000, 0x00000007c0000000)
 Metaspace       used 39190K, capacity 40228K, committed 40388K, reserved 1085440K
  class space    used 4290K, capacity 4556K, committed 4580K, reserved 1048576K
}
2017-06-02T17:21:49.337-0100: 103889.164: Total time for which application threads were stopped: 0.0074921 seconds, Stopping threads took: 0.0000175 seconds
{Heap before GC invocations=129 (full 1):
 par new generation   total 109248K, used 104518K [0x00000007a0000000, 0x00000007a8000000, 0x00000007a8000000)
  eden space 87424K, 100% used [0x00000007a0000000, 0x00000007a5560000, 0x00000007a5560000)
  from space 21824K,  78% used [0x00000007a6ab0000, 0x00000007a7b61bf0, 0x00000007a8000000)
  to   space 21824K,   0% used [0x00000007a5560000, 0x00000007a5560000, 0x00000007a6ab0000)
 concurrent mark-sweep generation total 393216K, used 79630K [0x00000007a8000000, 0x00000007c0000000, 0x00000007c0000000)
 Metaspace       used 39190K, capacity 40228K, committed 40388K, reserved 1085440K
  class space    used 4290K, capacity 4556K, committed 4580K, reserved 1048576K
2017-06-02T17:21:49.497-0100: 103889.324: [GC (Allocation Failure) 2017-06-02T17:21:49.497-0100: 103889.324: [ParNew
Desired survivor size 20112992 bytes, new threshold 8 (max 8)
- age   1:    3350240 bytes,    3350240 total
- age   2:    3746504 bytes,    7096744 total
- age   3:     973128 bytes,    8069872 total
- age   4:    1070288 bytes,    9140160 total
- age   5:    1666672 bytes,   10806832 total
- age   6:     936680 bytes,   11743512 total
- age   7:    1454504 bytes,   13198016 total
- age   8:     902288 bytes,   14100304 total
: 104518K->17685K(109248K), 0.0068280 secs] 184149K->98273K(502464K), 0.0068886 secs] [Times: user=0.02 sys=0.00, real=0.01 secs] 
Heap after GC invocations=130 (full 1):
 par new generation   total 109248K, used 17685K [0x00000007a0000000, 0x00000007a8000000, 0x00000007a8000000)
  eden space 87424K,   0% used [0x00000007a0000000, 0x00000007a0000000, 0x00000007a5560000)
  from space 21824K,  81% used [0x00000007a5560000, 0x00000007a66a55f0, 0x00000007a6ab0000)
  to   space 21824K,   0% used [0x00000007a6ab0000, 0x00000007a6ab0000, 0x00000007a8000000)
 concurrent mark-sweep generation total 393216K, used 80587K [0x00000007a8000000, 0x00000007c0000000, 0x00000007c0000000)
 Metaspace       used 39190K, capacity 40228K, committed 40388K, reserved 1085440K
  class space    used 4290K, capacity 4556K, committed 4580K, reserved 1048576K
}
2017-06-02T17:21:49.504-0100: 103889.331: Total time for which application threads were stopped: 0.0070603 seconds, Stopping threads took: 0.0000198 seconds
{Heap before GC invocations=130 (full 1):
 par new generation   total 109248K, used 105109K [0x00000007a0000000, 0x00000007a8000000, 0x00000007a8000000)
  eden space 87424K, 100% used [0x00000007a0000000, 0x00000007a5560000, 0x00000007a5560000)
  from space 21824K,  81% used [0x00000007a5560000, 0x00000007a66a55f0, 0x00000007a6ab0000)
  to   space 21824K,   0% used [0x00000007a6ab0000, 0x00000007a6ab0000, 0x00000007a8000000)
 concurrent mark-sweep generation total 393216K, used 80587K [0x00000007a8000000, 0x00000007c0000000, 0x00000007c0000000)
 Metaspace       used 39190K, capacity 40228K, committed 40388K, reserved 1085440K
  class space    used 4290K, capacity 4556K, committed 4580K, reserved 1048576K
2017-06-02T17:21:49.654-0100: 103889.481: [GC (Allocation Failure) 2017-06-02T17:21:49.654-0100: 103889.481: [ParNew
Desired survivor size 20112992 bytes, new threshold 8 (max 8)
- age   1:    4535232 bytes,    4535232 total
- age   2:    3302568 bytes,    7837800 total
- age   3:     957152 bytes,    8794952 total
- age   4:     972936 bytes,    9767888 total
- age   5:    1064832 bytes,   10832720 total
- age   6:    1666120 bytes,   12498840 total
- age   7:     936632 bytes,   13435472 total
- age   8:    1192104 bytes,   14627576 total
: 105109K->17380K(109248K), 0.0138973 secs] 185697K->98858K(502464K), 0.0139684 secs] [Times: user=0.05 sys=0.01, real=0.01 secs] 
Heap after GC invocations=131 (full 1):
 par new generation   total 109248K, used 17380K [0x00000007a0000000, 0x00000007a8000000, 0x00000007a8000000)
  eden space 87424K,   0% used [0x00000007a0000000, 0x00000007a0000000, 0x00000007a5560000)
  from space 21824K,  79% used [0x00000007a6ab0000, 0x00000007a7ba9160, 0x00000007a8000000)
  to   space 21824K,   0% used [0x00000007a5560000, 0x00000007a5560000, 0x00000007a6ab0000)
 concurrent mark-sweep generation total 393216K, used 81478K [0x00000007a8000000, 0x00000007c0000000, 0x00000007c0000000)
 Metaspace       used 39190K, capacity 40228K, committed 40388K, reserved 1085440K
  class space    used 4290K, capacity 4556K, committed 4580K, reserved 1048576K
}
2017-06-02T17:21:49.668-0100: 103889.495: Total time for which application threads were stopped: 0.0141367 seconds, Stopping threads took: 0.0000171 seconds
{Heap before GC invocations=131 (full 1):
 par new generation   total 109248K, used 104804K [0x00000007a0000000, 0x00000007a8000000, 0x00000007a8000000)
  eden space 87424K, 100% used [0x00000007a0000000, 0x00000007a5560000, 0x00000007a5560000)
  from space 21824K,  79% used [0x00000007a6ab0000, 0x00000007a7ba9160, 0x00000007a8000000)
  to   space 21824K,   0% used [0x00000007a5560000, 0x00000007a5560000, 0x00000007a6ab0000)
 concurrent mark-sweep generation total 393216K, used 81478K [0x00000007a8000000, 0x00000007c0000000, 0x00000007c0000000)
 Metaspace       used 39190K, capacity 40228K, committed 40388K, reserved 1085440K
  class space    used 4290K, capacity 4556K, committed 4580K, reserved 1048576K
2017-06-02T17:21:49.829-0100: 103889.656: [GC (Allocation Failure) 2017-06-02T17:21:49.829-0100: 103889.656: [ParNew
Desired survivor size 20112992 bytes, new threshold 8 (max 8)
- age   1:    2974960 bytes,    2974960 total
- age   2:    4481384 bytes,    7456344 total
- age   3:    1538688 bytes,    8995032 total
- age   4:     901968 bytes,    9897000 total
- age   5:     972384 bytes,   10869384 total
- age   6:    1064592 bytes,   11933976 total
- age   7:    1665664 bytes,   13599640 total
- age   8:     936032 bytes,   14535672 total
: 104804K->18964K(109248K), 0.0092083 secs] 186282K->101616K(502464K), 0.0092693 secs] [Times: user=0.02 sys=0.00, real=0.01 secs] 
Heap after GC invocations=132 (full 1):
 par new generation   total 109248K, used 18964K [0x00000007a0000000, 0x00000007a8000000, 0x00000007a8000000)
  eden space 87424K,   0% used [0x00000007a0000000, 0x00000007a0000000, 0x00000007a5560000)
  from space 21824K,  86% used [0x00000007a5560000, 0x00000007a67e50d0, 0x00000007a6ab0000)
  to   space 21824K,   0% used [0x00000007a6ab0000, 0x00000007a6ab0000, 0x00000007a8000000)
 concurrent mark-sweep generation total 393216K, used 82652K [0x00000007a8000000, 0x00000007c0000000, 0x00000007c0000000)
 Metaspace       used 39190K, capacity 40228K, committed 40388K, reserved 1085440K
  class space    used 4290K, capacity 4556K, committed 4580K, reserved 1048576K
}
2017-06-02T17:21:49.839-0100: 103889.666: Total time for which application threads were stopped: 0.0094496 seconds, Stopping threads took: 0.0000177 seconds
{Heap before GC invocations=132 (full 1):
 par new generation   total 109248K, used 106388K [0x00000007a0000000, 0x00000007a8000000, 0x00000007a8000000)
  eden space 87424K, 100% used [0x00000007a0000000, 0x00000007a5560000, 0x00000007a5560000)
  from space 21824K,  86% used [0x00000007a5560000, 0x00000007a67e50d0, 0x00000007a6ab0000)
  to   space 21824K,   0% used [0x00000007a6ab0000, 0x00000007a6ab0000, 0x00000007a8000000)
 concurrent mark-sweep generation total 393216K, used 82652K [0x00000007a8000000, 0x00000007c0000000, 0x00000007c0000000)
 Metaspace       used 39190K, capacity 40228K, committed 40388K, reserved 1085440K
  class space    used 4290K, capacity 4556K, committed 4580K, reserved 1048576K
2017-06-02T17:21:49.985-0100: 103889.812: [GC (Allocation Failure) 2017-06-02T17:21:49.985-0100: 103889.812: [ParNew
Desired survivor size 20112992 bytes, new threshold 8 (max 8)
- age   1:    4728992 bytes,    4728992 total
- age   2:    2100400 bytes,    6829392 total
- age   3:    1894416 bytes,    8723808 total
- age   4:    1538304 bytes,   10262112 total
- age   5:     901464 bytes,   11163576 total
- age   6:     971904 bytes,   12135480 total
- age   7:    1064280 bytes,   13199760 total
- age   8:    1665112 bytes,   14864872 total
: 106388K->19360K(109248K), 0.0070185 secs] 189040K->102936K(502464K), 0.0070888 secs] [Times: user=0.02 sys=0.00, real=0.01 secs] 
Heap after GC invocations=133 (full 1):
 par new generation   total 109248K, used 19360K [0x00000007a0000000, 0x00000007a8000000, 0x00000007a8000000)
  eden space 87424K,   0% used [0x00000007a0000000, 0x00000007a0000000, 0x00000007a5560000)
  from space 21824K,  88% used [0x00000007a6ab0000, 0x00000007a7d98340, 0x00000007a8000000)
  to   space 21824K,   0% used [0x00000007a5560000, 0x00000007a5560000, 0x00000007a6ab0000)
 concurrent mark-sweep generation total 393216K, used 83576K [0x00000007a8000000, 0x00000007c0000000, 0x00000007c0000000)
 Metaspace       used 39190K, capacity 40228K, committed 40388K, reserved 1085440K
  class space    used 4290K, capacity 4556K, committed 4580K, reserved 1048576K
}
2017-06-02T17:21:49.992-0100: 103889.819: Total time for which application threads were stopped: 0.0072595 seconds, Stopping threads took: 0.0000171 seconds
{Heap before GC invocations=133 (full 1):
 par new generation   total 109248K, used 106784K [0x00000007a0000000, 0x00000007a8000000, 0x00000007a8000000)
  eden space 87424K, 100% used [0x00000007a0000000, 0x00000007a5560000, 0x00000007a5560000)
  from space 21824K,  88% used [0x00000007a6ab0000, 0x00000007a7d98340, 0x00000007a8000000)
  to   space 21824K,   0% used [0x00000007a5560000, 0x00000007a5560000, 0x00000007a6ab0000)
 concurrent mark-sweep generation total 393216K, used 83576K [0x00000007a8000000, 0x00000007c0000000, 0x00000007c0000000)
 Metaspace       used 39190K, capacity 40228K, committed 40388K, reserved 1085440K
  class space    used 4290K, capacity 4556K, committed 4580K, reserved 1048576K
2017-06-02T17:21:50.151-0100: 103889.979: [GC (Allocation Failure) 2017-06-02T17:21:50.151-0100: 103889.979: [ParNew
Desired survivor size 20112992 bytes, new threshold 8 (max 8)
- age   1:    1977600 bytes,    1977600 total
- age   2:    4670840 bytes,    6648440 total
- age   3:    1844976 bytes,    8493416 total
- age   4:    1336896 bytes,    9830312 total
- age   5:    1538160 bytes,   11368472 total
- age   6:     901344 bytes,   12269816 total
- age   7:     971808 bytes,   13241624 total
- age   8:    1064160 bytes,   14305784 total
: 106784K->17225K(109248K), 0.0076526 secs] 190360K->102328K(502464K), 0.0077140 secs] [Times: user=0.02 sys=0.01, real=0.00 secs] 
Heap after GC invocations=134 (full 1):
 par new generation   total 109248K, used 17225K [0x00000007a0000000, 0x00000007a8000000, 0x00000007a8000000)
  eden space 87424K,   0% used [0x00000007a0000000, 0x00000007a0000000, 0x00000007a5560000)
  from space 21824K,  78% used [0x00000007a5560000, 0x00000007a6632428, 0x00000007a6ab0000)
  to   space 21824K,   0% used [0x00000007a6ab0000, 0x00000007a6ab0000, 0x00000007a8000000)
 concurrent mark-sweep generation total 393216K, used 85103K [0x00000007a8000000, 0x00000007c0000000, 0x00000007c0000000)
 Metaspace       used 39190K, capacity 40228K, committed 40388K, reserved 1085440K
  class space    used 4290K, capacity 4556K, committed 4580K, reserved 1048576K
}
2017-06-02T17:21:50.159-0100: 103889.986: Total time for which application threads were stopped: 0.0078988 seconds, Stopping threads took: 0.0000179 seconds
{Heap before GC invocations=134 (full 1):
 par new generation   total 109248K, used 104649K [0x00000007a0000000, 0x00000007a8000000, 0x00000007a8000000)
  eden space 87424K, 100% used [0x00000007a0000000, 0x00000007a5560000, 0x00000007a5560000)
  from space 21824K,  78% used [0x00000007a5560000, 0x00000007a6632428, 0x00000007a6ab0000)
  to   space 21824K,   0% used [0x00000007a6ab0000, 0x00000007a6ab0000, 0x00000007a8000000)
 concurrent mark-sweep generation total 393216K, used 85103K [0x00000007a8000000, 0x00000007c0000000, 0x00000007c0000000)
 Metaspace       used 39190K, capacity 40228K, committed 40388K, reserved 1085440K
  class space    used 4290K, capacity 4556K, committed 4580K, reserved 1048576K
2017-06-02T17:21:50.324-0100: 103890.151: [GC (Allocation Failure) 2017-06-02T17:21:50.324-0100: 103890.151: [ParNew
Desired survivor size 20112992 bytes, new threshold 8 (max 8)
- age   1:    5971064 bytes,    5971064 total
- age   2:    1889608 bytes,    7860672 total
- age   3:    1983600 bytes,    9844272 total
- age   4:     942896 bytes,   10787168 total
- age   5:    1336896 bytes,   12124064 total
- age   6:    1538160 bytes,   13662224 total
- age   7:     901344 bytes,   14563568 total
- age   8:     971808 bytes,   15535376 total
: 104649K->20220K(109248K), 0.0071956 secs] 189752K->106374K(502464K), 0.0072602 secs] [Times: user=0.02 sys=0.00, real=0.01 secs] 
Heap after GC invocations=135 (full 1):
 par new generation   total 109248K, used 20220K [0x00000007a0000000, 0x00000007a8000000, 0x00000007a8000000)
  eden space 87424K,   0% used [0x00000007a0000000, 0x00000007a0000000, 0x00000007a5560000)
  from space 21824K,  92% used [0x00000007a6ab0000, 0x00000007a7e6f158, 0x00000007a8000000)
  to   space 21824K,   0% used [0x00000007a5560000, 0x00000007a5560000, 0x00000007a6ab0000)
 concurrent mark-sweep generation total 393216K, used 86153K [0x00000007a8000000, 0x00000007c0000000, 0x00000007c0000000)
 Metaspace       used 39190K, capacity 40228K, committed 40388K, reserved 1085440K
  class space    used 4290K, capacity 4556K, committed 4580K, reserved 1048576K
}
2017-06-02T17:21:50.331-0100: 103890.158: Total time for which application threads were stopped: 0.0134433 seconds, Stopping threads took: 0.0000165 seconds
{Heap before GC invocations=135 (full 1):
 par new generation   total 109248K, used 107644K [0x00000007a0000000, 0x00000007a8000000, 0x00000007a8000000)
  eden space 87424K, 100% used [0x00000007a0000000, 0x00000007a5560000, 0x00000007a5560000)
  from space 21824K,  92% used [0x00000007a6ab0000, 0x00000007a7e6f158, 0x00000007a8000000)
  to   space 21824K,   0% used [0x00000007a5560000, 0x00000007a5560000, 0x00000007a6ab0000)
 concurrent mark-sweep generation total 393216K, used 86153K [0x00000007a8000000, 0x00000007c0000000, 0x00000007c0000000)
 Metaspace       used 39190K, capacity 40228K, committed 40388K, reserved 1085440K
  class space    used 4290K, capacity 4556K, committed 4580K, reserved 1048576K
2017-06-02T17:21:50.485-0100: 103890.312: [GC (Allocation Failure) 2017-06-02T17:21:50.485-0100: 103890.312: [ParNew
Desired survivor size 20112992 bytes, new threshold 8 (max 8)
- age   1:    3471016 bytes,    3471016 total
- age   2:    5914320 bytes,    9385336 total
- age   3:    1602856 bytes,   10988192 total
- age   4:     831952 bytes,   11820144 total
- age   5:     943544 bytes,   12763688 total
- age   6:    1337352 bytes,   14101040 total
- age   7:    1535352 bytes,   15636392 total
- age   8:     901968 bytes,   16538360 total
: 107644K->20761K(109248K), 0.0075987 secs] 193798K->107875K(502464K), 0.0076716 secs] [Times: user=0.02 sys=0.00, real=0.01 secs] 
Heap after GC invocations=136 (full 1):
 par new generation   total 109248K, used 20761K [0x00000007a0000000, 0x00000007a8000000, 0x00000007a8000000)
  eden space 87424K,   0% used [0x00000007a0000000, 0x00000007a0000000, 0x00000007a5560000)
  from space 21824K,  95% used [0x00000007a5560000, 0x00000007a69a6758, 0x00000007a6ab0000)
  to   space 21824K,   0% used [0x00000007a6ab0000, 0x00000007a6ab0000, 0x00000007a8000000)
 concurrent mark-sweep generation total 393216K, used 87113K [0x00000007a8000000, 0x00000007c0000000, 0x00000007c0000000)
 Metaspace       used 39190K, capacity 40228K, committed 40388K, reserved 1085440K
  class space    used 4290K, capacity 4556K, committed 4580K, reserved 1048576K
}
2017-06-02T17:21:50.493-0100: 103890.320: Total time for which application threads were stopped: 0.0078444 seconds, Stopping threads took: 0.0000169 seconds
{Heap before GC invocations=136 (full 1):
 par new generation   total 109248K, used 108185K [0x00000007a0000000, 0x00000007a8000000, 0x00000007a8000000)
  eden space 87424K, 100% used [0x00000007a0000000, 0x00000007a5560000, 0x00000007a5560000)
  from space 21824K,  95% used [0x00000007a5560000, 0x00000007a69a6758, 0x00000007a6ab0000)
  to   space 21824K,   0% used [0x00000007a6ab0000, 0x00000007a6ab0000, 0x00000007a8000000)
 concurrent mark-sweep generation total 393216K, used 87113K [0x00000007a8000000, 0x00000007c0000000, 0x00000007c0000000)
 Metaspace       used 39190K, capacity 40228K, committed 40388K, reserved 1085440K
  class space    used 4290K, capacity 4556K, committed 4580K, reserved 1048576K
2017-06-02T17:21:50.657-0100: 103890.484: [GC (Allocation Failure) 2017-06-02T17:21:50.657-0100: 103890.484: [ParNew
Desired survivor size 20112992 bytes, new threshold 8 (max 8)
- age   1:    5163944 bytes,    5163944 total
- age   2:    3380120 bytes,    8544064 total
- age   3:    2890824 bytes,   11434888 total
- age   4:     975376 bytes,   12410264 total
- age   5:     831448 bytes,   13241712 total
- age   6:     881216 bytes,   14122928 total
- age   7:    1337256 bytes,   15460184 total
- age   8:    1535064 bytes,   16995248 total
: 108185K->21824K(109248K), 0.0076080 secs] 195299K->109828K(502464K), 0.0076651 secs] [Times: user=0.03 sys=0.00, real=0.01 secs] 
Heap after GC invocations=137 (full 1):
 par new generation   total 109248K, used 21824K [0x00000007a0000000, 0x00000007a8000000, 0x00000007a8000000)
  eden space 87424K,   0% used [0x00000007a0000000, 0x00000007a0000000, 0x00000007a5560000)
  from space 21824K, 100% used [0x00000007a6ab0000, 0x00000007a8000000, 0x00000007a8000000)
  to   space 21824K,   0% used [0x00000007a5560000, 0x00000007a5560000, 0x00000007a6ab0000)
 concurrent mark-sweep generation total 393216K, used 88004K [0x00000007a8000000, 0x00000007c0000000, 0x00000007c0000000)
 Metaspace       used 39190K, capacity 40228K, committed 40388K, reserved 1085440K
  class space    used 4290K, capacity 4556K, committed 4580K, reserved 1048576K
}
2017-06-02T17:21:50.664-0100: 103890.491: Total time for which application threads were stopped: 0.0078340 seconds, Stopping threads took: 0.0000173 seconds
{Heap before GC invocations=137 (full 1):
 par new generation   total 109248K, used 109248K [0x00000007a0000000, 0x00000007a8000000, 0x00000007a8000000)
  eden space 87424K, 100% used [0x00000007a0000000, 0x00000007a5560000, 0x00000007a5560000)
  from space 21824K, 100% used [0x00000007a6ab0000, 0x00000007a8000000, 0x00000007a8000000)
  to   space 21824K,   0% used [0x00000007a5560000, 0x00000007a5560000, 0x00000007a6ab0000)
 concurrent mark-sweep generation total 393216K, used 88004K [0x00000007a8000000, 0x00000007c0000000, 0x00000007c0000000)
 Metaspace       used 39190K, capacity 40228K, committed 40388K, reserved 1085440K
  class space    used 4290K, capacity 4556K, committed 4580K, reserved 1048576K
2017-06-02T17:21:50.827-0100: 103890.654: [GC (Allocation Failure) 2017-06-02T17:21:50.827-0100: 103890.654: [ParNew
Desired survivor size 20112992 bytes, new threshold 8 (max 8)
- age   1:    2093776 bytes,    2093776 total
- age   2:    5126768 bytes,    7220544 total
- age   3:    2333680 bytes,    9554224 total
- age   4:    2890632 bytes,   12444856 total
- age   5:     975112 bytes,   13419968 total
- age   6:     831232 bytes,   14251200 total
- age   7:     880928 bytes,   15132128 total
- age   8:    1329496 bytes,   16461624 total
: 109248K->18589K(109248K), 0.0075595 secs] 197252K->108103K(502464K), 0.0076300 secs] [Times: user=0.02 sys=0.01, real=0.01 secs] 
Heap after GC invocations=138 (full 1):
 par new generation   total 109248K, used 18589K [0x00000007a0000000, 0x00000007a8000000, 0x00000007a8000000)
  eden space 87424K,   0% used [0x00000007a0000000, 0x00000007a0000000, 0x00000007a5560000)
  from space 21824K,  85% used [0x00000007a5560000, 0x00000007a67875a0, 0x00000007a6ab0000)
  to   space 21824K,   0% used [0x00000007a6ab0000, 0x00000007a6ab0000, 0x00000007a8000000)
 concurrent mark-sweep generation total 393216K, used 89513K [0x00000007a8000000, 0x00000007c0000000, 0x00000007c0000000)
 Metaspace       used 39190K, capacity 40228K, committed 40388K, reserved 1085440K
  class space    used 4290K, capacity 4556K, committed 4580K, reserved 1048576K
}
2017-06-02T17:21:50.835-0100: 103890.662: Total time for which application threads were stopped: 0.0078008 seconds, Stopping threads took: 0.0000176 seconds
{Heap before GC invocations=138 (full 1):
 par new generation   total 109248K, used 106013K [0x00000007a0000000, 0x00000007a8000000, 0x00000007a8000000)
  eden space 87424K, 100% used [0x00000007a0000000, 0x00000007a5560000, 0x00000007a5560000)
  from space 21824K,  85% used [0x00000007a5560000, 0x00000007a67875a0, 0x00000007a6ab0000)
  to   space 21824K,   0% used [0x00000007a6ab0000, 0x00000007a6ab0000, 0x00000007a8000000)
 concurrent mark-sweep generation total 393216K, used 89513K [0x00000007a8000000, 0x00000007c0000000, 0x00000007c0000000)
 Metaspace       used 39190K, capacity 40228K, committed 40388K, reserved 1085440K
  class space    used 4290K, capacity 4556K, committed 4580K, reserved 1048576K
2017-06-02T17:21:51.003-0100: 103890.831: [GC (Allocation Failure) 2017-06-02T17:21:51.003-0100: 103890.831: [ParNew
Desired survivor size 20112992 bytes, new threshold 8 (max 8)
- age   1:    2660784 bytes,    2660784 total
- age   2:    2048416 bytes,    4709200 total
- age   3:    5119512 bytes,    9828712 total
- age   4:    2010400 bytes,   11839112 total
- age   5:    1875904 bytes,   13715016 total
- age   6:     975112 bytes,   14690128 total
- age   7:     831232 bytes,   15521360 total
- age   8:     880928 bytes,   16402288 total
: 106013K->19693K(109248K), 0.0084875 secs] 195527K->110516K(502464K), 0.0085565 secs] [Times: user=0.02 sys=0.00, real=0.01 secs] 
Heap after GC invocations=139 (full 1):
 par new generation   total 109248K, used 19693K [0x00000007a0000000, 0x00000007a8000000, 0x00000007a8000000)
  eden space 87424K,   0% used [0x00000007a0000000, 0x00000007a0000000, 0x00000007a5560000)
  from space 21824K,  90% used [0x00000007a6ab0000, 0x00000007a7deb6b0, 0x00000007a8000000)
  to   space 21824K,   0% used [0x00000007a5560000, 0x00000007a5560000, 0x00000007a6ab0000)
 concurrent mark-sweep generation total 393216K, used 90822K [0x00000007a8000000, 0x00000007c0000000, 0x00000007c0000000)
 Metaspace       used 39190K, capacity 40228K, committed 40388K, reserved 1085440K
  class space    used 4290K, capacity 4556K, committed 4580K, reserved 1048576K
}
2017-06-02T17:21:51.012-0100: 103890.839: Total time for which application threads were stopped: 0.0087795 seconds, Stopping threads took: 0.0000165 seconds
{Heap before GC invocations=139 (full 1):
 par new generation   total 109248K, used 107117K [0x00000007a0000000, 0x00000007a8000000, 0x00000007a8000000)
  eden space 87424K, 100% used [0x00000007a0000000, 0x00000007a5560000, 0x00000007a5560000)
  from space 21824K,  90% used [0x00000007a6ab0000, 0x00000007a7deb6b0, 0x00000007a8000000)
  to   space 21824K,   0% used [0x00000007a5560000, 0x00000007a5560000, 0x00000007a6ab0000)
 concurrent mark-sweep generation total 393216K, used 90822K [0x00000007a8000000, 0x00000007c0000000, 0x00000007c0000000)
 Metaspace       used 39190K, capacity 40228K, committed 40388K, reserved 1085440K
  class space    used 4290K, capacity 4556K, committed 4580K, reserved 1048576K
2017-06-02T17:21:51.168-0100: 103890.995: [GC (Allocation Failure) 2017-06-02T17:21:51.168-0100: 103890.995: [ParNew
Desired survivor size 20112992 bytes, new threshold 8 (max 8)
- age   1:    5264776 bytes,    5264776 total
- age   2:    1632168 bytes,    6896944 total
- age   3:    2045152 bytes,    8942096 total
- age   4:    1025552 bytes,    9967648 total
- age   5:    1756928 bytes,   11724576 total
- age   6:    1871664 bytes,   13596240 total
- age   7:     971080 bytes,   14567320 total
- age   8:     827224 bytes,   15394544 total
: 107117K->21824K(109248K), 0.0081343 secs] 197940K->114951K(502464K), 0.0082039 secs] [Times: user=0.02 sys=0.00, real=0.01 secs] 
Heap after GC invocations=140 (full 1):
 par new generation   total 109248K, used 21824K [0x00000007a0000000, 0x00000007a8000000, 0x00000007a8000000)
  eden space 87424K,   0% used [0x00000007a0000000, 0x00000007a0000000, 0x00000007a5560000)
  from space 21824K, 100% used [0x00000007a5560000, 0x00000007a6ab0000, 0x00000007a6ab0000)
  to   space 21824K,   0% used [0x00000007a6ab0000, 0x00000007a6ab0000, 0x00000007a8000000)
 concurrent mark-sweep generation total 393216K, used 93127K [0x00000007a8000000, 0x00000007c0000000, 0x00000007c0000000)
 Metaspace       used 39190K, capacity 40228K, committed 40388K, reserved 1085440K
  class space    used 4290K, capacity 4556K, committed 4580K, reserved 1048576K
}
2017-06-02T17:21:51.176-0100: 103891.003: Total time for which application threads were stopped: 0.0083797 seconds, Stopping threads took: 0.0000174 seconds
{Heap before GC invocations=140 (full 1):
 par new generation   total 109248K, used 109248K [0x00000007a0000000, 0x00000007a8000000, 0x00000007a8000000)
  eden space 87424K, 100% used [0x00000007a0000000, 0x00000007a5560000, 0x00000007a5560000)
  from space 21824K, 100% used [0x00000007a5560000, 0x00000007a6ab0000, 0x00000007a6ab0000)
  to   space 21824K,   0% used [0x00000007a6ab0000, 0x00000007a6ab0000, 0x00000007a8000000)
 concurrent mark-sweep generation total 393216K, used 93127K [0x00000007a8000000, 0x00000007c0000000, 0x00000007c0000000)
 Metaspace       used 39190K, capacity 40228K, committed 40388K, reserved 1085440K
  class space    used 4290K, capacity 4556K, committed 4580K, reserved 1048576K
2017-06-02T17:21:51.336-0100: 103891.163: [GC (Allocation Failure) 2017-06-02T17:21:51.336-0100: 103891.163: [ParNew
Desired survivor size 20112992 bytes, new threshold 8 (max 8)
- age   1:    2645672 bytes,    2645672 total
- age   2:    5186480 bytes,    7832152 total
- age   3:    1631640 bytes,    9463792 total
- age   4:     867664 bytes,   10331456 total
- age   5:     960720 bytes,   11292176 total
- age   6:    1756400 bytes,   13048576 total
- age   7:    1871328 bytes,   14919904 total
- age   8:     971008 bytes,   15890912 total
: 109248K->20094K(109248K), 0.0077071 secs] 202375K->114038K(502464K), 0.0077728 secs] [Times: user=0.03 sys=0.00, real=0.01 secs] 
Heap after GC invocations=141 (full 1):
 par new generation   total 109248K, used 20094K [0x00000007a0000000, 0x00000007a8000000, 0x00000007a8000000)
  eden space 87424K,   0% used [0x00000007a0000000, 0x00000007a0000000, 0x00000007a5560000)
  from space 21824K,  92% used [0x00000007a6ab0000, 0x00000007a7e4f860, 0x00000007a8000000)
  to   space 21824K,   0% used [0x00000007a5560000, 0x00000007a5560000, 0x00000007a6ab0000)
 concurrent mark-sweep generation total 393216K, used 93944K [0x00000007a8000000, 0x00000007c0000000, 0x00000007c0000000)
 Metaspace       used 39190K, capacity 40228K, committed 40388K, reserved 1085440K
  class space    used 4290K, capacity 4556K, committed 4580K, reserved 1048576K
}
2017-06-02T17:21:51.344-0100: 103891.171: Total time for which application threads were stopped: 0.0079530 seconds, Stopping threads took: 0.0000179 seconds
{Heap before GC invocations=141 (full 1):
 par new generation   total 109248K, used 107518K [0x00000007a0000000, 0x00000007a8000000, 0x00000007a8000000)
  eden space 87424K, 100% used [0x00000007a0000000, 0x00000007a5560000, 0x00000007a5560000)
  from space 21824K,  92% used [0x00000007a6ab0000, 0x00000007a7e4f860, 0x00000007a8000000)
  to   space 21824K,   0% used [0x00000007a5560000, 0x00000007a5560000, 0x00000007a6ab0000)
 concurrent mark-sweep generation total 393216K, used 93944K [0x00000007a8000000, 0x00000007c0000000, 0x00000007c0000000)
 Metaspace       used 39190K, capacity 40228K, committed 40388K, reserved 1085440K
  class space    used 4290K, capacity 4556K, committed 4580K, reserved 1048576K
2017-06-02T17:21:51.503-0100: 103891.330: [GC (Allocation Failure) 2017-06-02T17:21:51.503-0100: 103891.330: [ParNew
Desired survivor size 20112992 bytes, new threshold 8 (max 8)
- age   1:    1616064 bytes,    1616064 total
- age   2:    2606240 bytes,    4222304 total
- age   3:    5184368 bytes,    9406672 total
- age   4:    1259704 bytes,   10666376 total
- age   5:     867400 bytes,   11533776 total
- age   6:     960720 bytes,   12494496 total
- age   7:    1756424 bytes,   14250920 total
- age   8:    1870920 bytes,   16121840 total
: 107518K->19558K(109248K), 0.0082115 secs] 201462K->114461K(502464K), 0.0082929 secs] [Times: user=0.02 sys=0.00, real=0.01 secs] 
Heap after GC invocations=142 (full 1):
 par new generation   total 109248K, used 19558K [0x00000007a0000000, 0x00000007a8000000, 0x00000007a8000000)
  eden space 87424K,   0% used [0x00000007a0000000, 0x00000007a0000000, 0x00000007a5560000)
  from space 21824K,  89% used [0x00000007a5560000, 0x00000007a6879a48, 0x00000007a6ab0000)
  to   space 21824K,   0% used [0x00000007a6ab0000, 0x00000007a6ab0000, 0x00000007a8000000)
 concurrent mark-sweep generation total 393216K, used 94902K [0x00000007a8000000, 0x00000007c0000000, 0x00000007c0000000)
 Metaspace       used 39190K, capacity 40228K, committed 40388K, reserved 1085440K
  class space    used 4290K, capacity 4556K, committed 4580K, reserved 1048576K
}
2017-06-02T17:21:51.512-0100: 103891.339: Total time for which application threads were stopped: 0.0085032 seconds, Stopping threads took: 0.0000167 seconds
{Heap before GC invocations=142 (full 1):
 par new generation   total 109248K, used 106982K [0x00000007a0000000, 0x00000007a8000000, 0x00000007a8000000)
  eden space 87424K, 100% used [0x00000007a0000000, 0x00000007a5560000, 0x00000007a5560000)
  from space 21824K,  89% used [0x00000007a5560000, 0x00000007a6879a48, 0x00000007a6ab0000)
  to   space 21824K,   0% used [0x00000007a6ab0000, 0x00000007a6ab0000, 0x00000007a8000000)
 concurrent mark-sweep generation total 393216K, used 94902K [0x00000007a8000000, 0x00000007c0000000, 0x00000007c0000000)
 Metaspace       used 39190K, capacity 40228K, committed 40388K, reserved 1085440K
  class space    used 4290K, capacity 4556K, committed 4580K, reserved 1048576K
2017-06-02T17:21:51.684-0100: 103891.511: [GC (Allocation Failure) 2017-06-02T17:21:51.684-0100: 103891.511: [ParNew
Desired survivor size 20112992 bytes, new threshold 8 (max 8)
- age   1:    2230632 bytes,    2230632 total
- age   2:    1520840 bytes,    3751472 total
- age   3:    2606384 bytes,    6357856 total
- age   4:    5184272 bytes,   11542128 total
- age   5:    1096488 bytes,   12638616 total
- age   6:     867520 bytes,   13506136 total
- age   7:     946624 bytes,   14452760 total
- age   8:    1756208 bytes,   16208968 total
: 106982K->19028K(109248K), 0.0081254 secs] 201885K->115767K(502464K), 0.0081869 secs] [Times: user=0.02 sys=0.00, real=0.01 secs] 
Heap after GC invocations=143 (full 1):
 par new generation   total 109248K, used 19028K [0x00000007a0000000, 0x00000007a8000000, 0x00000007a8000000)
  eden space 87424K,   0% used [0x00000007a0000000, 0x00000007a0000000, 0x00000007a5560000)
  from space 21824K,  87% used [0x00000007a6ab0000, 0x00000007a7d450d8, 0x00000007a8000000)
  to   space 21824K,   0% used [0x00000007a5560000, 0x00000007a5560000, 0x00000007a6ab0000)
 concurrent mark-sweep generation total 393216K, used 96739K [0x00000007a8000000, 0x00000007c0000000, 0x00000007c0000000)
 Metaspace       used 39190K, capacity 40228K, committed 40388K, reserved 1085440K
  class space    used 4290K, capacity 4556K, committed 4580K, reserved 1048576K
}
2017-06-02T17:21:51.693-0100: 103891.520: Total time for which application threads were stopped: 0.0083786 seconds, Stopping threads took: 0.0000172 seconds
{Heap before GC invocations=143 (full 1):
 par new generation   total 109248K, used 106452K [0x00000007a0000000, 0x00000007a8000000, 0x00000007a8000000)
  eden space 87424K, 100% used [0x00000007a0000000, 0x00000007a5560000, 0x00000007a5560000)
  from space 21824K,  87% used [0x00000007a6ab0000, 0x00000007a7d450d8, 0x00000007a8000000)
  to   space 21824K,   0% used [0x00000007a5560000, 0x00000007a5560000, 0x00000007a6ab0000)
 concurrent mark-sweep generation total 393216K, used 96739K [0x00000007a8000000, 0x00000007c0000000, 0x00000007c0000000)
 Metaspace       used 39190K, capacity 40228K, committed 40388K, reserved 1085440K
  class space    used 4290K, capacity 4556K, committed 4580K, reserved 1048576K
2017-06-02T17:21:51.854-0100: 103891.681: [GC (Allocation Failure) 2017-06-02T17:21:51.854-0100: 103891.681: [ParNew
Desired survivor size 20112992 bytes, new threshold 8 (max 8)
- age   1:    6537240 bytes,    6537240 total
- age   2:    2187360 bytes,    8724600 total
- age   3:    1521320 bytes,   10245920 total
- age   4:    2607080 bytes,   12853000 total
- age   5:    1087720 bytes,   13940720 total
- age   6:    1097064 bytes,   15037784 total
- age   7:     868216 bytes,   15906000 total
- age   8:     947200 bytes,   16853200 total
: 106452K->21824K(109248K), 0.0100769 secs] 203191K->120288K(502464K), 0.0101381 secs] [Times: user=0.03 sys=0.00, real=0.01 secs] 
Heap after GC invocations=144 (full 1):
 par new generation   total 109248K, used 21824K [0x00000007a0000000, 0x00000007a8000000, 0x00000007a8000000)
  eden space 87424K,   0% used [0x00000007a0000000, 0x00000007a0000000, 0x00000007a5560000)
  from space 21824K, 100% used [0x00000007a5560000, 0x00000007a6ab0000, 0x00000007a6ab0000)
  to   space 21824K,   0% used [0x00000007a6ab0000, 0x00000007a6ab0000, 0x00000007a8000000)
 concurrent mark-sweep generation total 393216K, used 98464K [0x00000007a8000000, 0x00000007c0000000, 0x00000007c0000000)
 Metaspace       used 39190K, capacity 40228K, committed 40388K, reserved 1085440K
  class space    used 4290K, capacity 4556K, committed 4580K, reserved 1048576K
}
2017-06-02T17:21:51.864-0100: 103891.691: Total time for which application threads were stopped: 0.0103263 seconds, Stopping threads took: 0.0000182 seconds
{Heap before GC invocations=144 (full 1):
 par new generation   total 109248K, used 109248K [0x00000007a0000000, 0x00000007a8000000, 0x00000007a8000000)
  eden space 87424K, 100% used [0x00000007a0000000, 0x00000007a5560000, 0x00000007a5560000)
  from space 21824K, 100% used [0x00000007a5560000, 0x00000007a6ab0000, 0x00000007a6ab0000)
  to   space 21824K,   0% used [0x00000007a6ab0000, 0x00000007a6ab0000, 0x00000007a8000000)
 concurrent mark-sweep generation total 393216K, used 98464K [0x00000007a8000000, 0x00000007c0000000, 0x00000007c0000000)
 Metaspace       used 39190K, capacity 40228K, committed 40388K, reserved 1085440K
  class space    used 4290K, capacity 4556K, committed 4580K, reserved 1048576K
2017-06-02T17:21:52.039-0100: 103891.866: [GC (Allocation Failure) 2017-06-02T17:21:52.039-0100: 103891.866: [ParNew
Desired survivor size 20112992 bytes, new threshold 8 (max 8)
- age   1:    3155688 bytes,    3155688 total
- age   2:    6478320 bytes,    9634008 total
- age   3:    2186160 bytes,   11820168 total
- age   4:    1099616 bytes,   12919784 total
- age   5:    1281912 bytes,   14201696 total
- age   6:     799984 bytes,   15001680 total
- age   7:    1096056 bytes,   16097736 total
- age   8:     867016 bytes,   16964752 total
: 109248K->21824K(109248K), 0.0085797 secs] 207712K->121222K(502464K), 0.0086556 secs] [Times: user=0.03 sys=0.00, real=0.01 secs] 
Heap after GC invocations=145 (full 1):
 par new generation   total 109248K, used 21824K [0x00000007a0000000, 0x00000007a8000000, 0x00000007a8000000)
  eden space 87424K,   0% used [0x00000007a0000000, 0x00000007a0000000, 0x00000007a5560000)
  from space 21824K, 100% used [0x00000007a6ab0000, 0x00000007a8000000, 0x00000007a8000000)
  to   space 21824K,   0% used [0x00000007a5560000, 0x00000007a5560000, 0x00000007a6ab0000)
 concurrent mark-sweep generation total 393216K, used 99398K [0x00000007a8000000, 0x00000007c0000000, 0x00000007c0000000)
 Metaspace       used 39190K, capacity 40228K, committed 40388K, reserved 1085440K
  class space    used 4290K, capacity 4556K, committed 4580K, reserved 1048576K
}
2017-06-02T17:21:52.048-0100: 103891.875: Total time for which application threads were stopped: 0.0088599 seconds, Stopping threads took: 0.0000179 seconds
{Heap before GC invocations=145 (full 1):
 par new generation   total 109248K, used 109248K [0x00000007a0000000, 0x00000007a8000000, 0x00000007a8000000)
  eden space 87424K, 100% used [0x00000007a0000000, 0x00000007a5560000, 0x00000007a5560000)
  from space 21824K, 100% used [0x00000007a6ab0000, 0x00000007a8000000, 0x00000007a8000000)
  to   space 21824K,   0% used [0x00000007a5560000, 0x00000007a5560000, 0x00000007a6ab0000)
 concurrent mark-sweep generation total 393216K, used 99398K [0x00000007a8000000, 0x00000007c0000000, 0x00000007c0000000)
 Metaspace       used 39190K, capacity 40228K, committed 40388K, reserved 1085440K
  class space    used 4290K, capacity 4556K, committed 4580K, reserved 1048576K
2017-06-02T17:21:52.209-0100: 103892.036: [GC (Allocation Failure) 2017-06-02T17:21:52.209-0100: 103892.036: [ParNew
Desired survivor size 20112992 bytes, new threshold 8 (max 8)
- age   1:    1401136 bytes,    1401136 total
- age   2:    3072920 bytes,    4474056 total
- age   3:    6054296 bytes,   10528352 total
- age   4:    2186280 bytes,   12714632 total
- age   5:    1099688 bytes,   13814320 total
- age   6:     774608 bytes,   14588928 total
- age   7:     799984 bytes,   15388912 total
- age   8:    1096152 bytes,   16485064 total
: 109248K->21623K(109248K), 0.0154077 secs] 208646K->122293K(502464K), 0.0154664 secs] [Times: user=0.05 sys=0.00, real=0.02 secs] 
Heap after GC invocations=146 (full 1):
 par new generation   total 109248K, used 21623K [0x00000007a0000000, 0x00000007a8000000, 0x00000007a8000000)
  eden space 87424K,   0% used [0x00000007a0000000, 0x00000007a0000000, 0x00000007a5560000)
  from space 21824K,  99% used [0x00000007a5560000, 0x00000007a6a7dff0, 0x00000007a6ab0000)
  to   space 21824K,   0% used [0x00000007a6ab0000, 0x00000007a6ab0000, 0x00000007a8000000)
 concurrent mark-sweep generation total 393216K, used 100669K [0x00000007a8000000, 0x00000007c0000000, 0x00000007c0000000)
 Metaspace       used 39190K, capacity 40228K, committed 40388K, reserved 1085440K
  class space    used 4290K, capacity 4556K, committed 4580K, reserved 1048576K
}
2017-06-02T17:21:52.225-0100: 103892.052: Total time for which application threads were stopped: 0.0156585 seconds, Stopping threads took: 0.0000161 seconds
{Heap before GC invocations=146 (full 1):
 par new generation   total 109248K, used 109047K [0x00000007a0000000, 0x00000007a8000000, 0x00000007a8000000)
  eden space 87424K, 100% used [0x00000007a0000000, 0x00000007a5560000, 0x00000007a5560000)
  from space 21824K,  99% used [0x00000007a5560000, 0x00000007a6a7dff0, 0x00000007a6ab0000)
  to   space 21824K,   0% used [0x00000007a6ab0000, 0x00000007a6ab0000, 0x00000007a8000000)
 concurrent mark-sweep generation total 393216K, used 100669K [0x00000007a8000000, 0x00000007c0000000, 0x00000007c0000000)
 Metaspace       used 39190K, capacity 40228K, committed 40388K, reserved 1085440K
  class space    used 4290K, capacity 4556K, committed 4580K, reserved 1048576K
2017-06-02T17:21:52.382-0100: 103892.209: [GC (Allocation Failure) 2017-06-02T17:21:52.382-0100: 103892.209: [ParNew
Desired survivor size 20112992 bytes, new threshold 8 (max 8)
- age   1:     922952 bytes,     922952 total
- age   2:    1346184 bytes,    2269136 total
- age   3:    3072704 bytes,    5341840 total
- age   4:    6054176 bytes,   11396016 total
- age   5:    2186160 bytes,   13582176 total
- age   6:    1099616 bytes,   14681792 total
- age   7:     774560 bytes,   15456352 total
- age   8:     799984 bytes,   16256336 total
: 109047K->19391K(109248K), 0.0084342 secs] 209717K->121142K(502464K), 0.0085125 secs] [Times: user=0.02 sys=0.00, real=0.01 secs] 
Heap after GC invocations=147 (full 1):
 par new generation   total 109248K, used 19391K [0x00000007a0000000, 0x00000007a8000000, 0x00000007a8000000)
  eden space 87424K,   0% used [0x00000007a0000000, 0x00000007a0000000, 0x00000007a5560000)
  from space 21824K,  88% used [0x00000007a6ab0000, 0x00000007a7d9ff90, 0x00000007a8000000)
  to   space 21824K,   0% used [0x00000007a5560000, 0x00000007a5560000, 0x00000007a6ab0000)
 concurrent mark-sweep generation total 393216K, used 101750K [0x00000007a8000000, 0x00000007c0000000, 0x00000007c0000000)
 Metaspace       used 39190K, capacity 40228K, committed 40388K, reserved 1085440K
  class space    used 4290K, capacity 4556K, committed 4580K, reserved 1048576K
}
2017-06-02T17:21:52.390-0100: 103892.217: Total time for which application threads were stopped: 0.0086931 seconds, Stopping threads took: 0.0000168 seconds
{Heap before GC invocations=147 (full 1):
 par new generation   total 109248K, used 106815K [0x00000007a0000000, 0x00000007a8000000, 0x00000007a8000000)
  eden space 87424K, 100% used [0x00000007a0000000, 0x00000007a5560000, 0x00000007a5560000)
  from space 21824K,  88% used [0x00000007a6ab0000, 0x00000007a7d9ff90, 0x00000007a8000000)
  to   space 21824K,   0% used [0x00000007a5560000, 0x00000007a5560000, 0x00000007a6ab0000)
 concurrent mark-sweep generation total 393216K, used 101750K [0x00000007a8000000, 0x00000007c0000000, 0x00000007c0000000)
 Metaspace       used 39190K, capacity 40228K, committed 40388K, reserved 1085440K
  class space    used 4290K, capacity 4556K, committed 4580K, reserved 1048576K
2017-06-02T17:21:52.551-0100: 103892.378: [GC (Allocation Failure) 2017-06-02T17:21:52.551-0100: 103892.378: [ParNew
Desired survivor size 20112992 bytes, new threshold 8 (max 8)
- age   1:    6395352 bytes,    6395352 total
- age   2:     778912 bytes,    7174264 total
- age   3:    1346184 bytes,    8520448 total
- age   4:    3062400 bytes,   11582848 total
- age   5:    2185296 bytes,   13768144 total
- age   6:    2186160 bytes,   15954304 total
- age   7:    1099616 bytes,   17053920 total
- age   8:     774560 bytes,   17828480 total
: 106815K->21824K(109248K), 0.0083664 secs] 208566K->124781K(502464K), 0.0084278 secs] [Times: user=0.03 sys=0.01, real=0.01 secs] 
Heap after GC invocations=148 (full 1):
 par new generation   total 109248K, used 21824K [0x00000007a0000000, 0x00000007a8000000, 0x00000007a8000000)
  eden space 87424K,   0% used [0x00000007a0000000, 0x00000007a0000000, 0x00000007a5560000)
  from space 21824K, 100% used [0x00000007a5560000, 0x00000007a6ab0000, 0x00000007a6ab0000)
  to   space 21824K,   0% used [0x00000007a6ab0000, 0x00000007a6ab0000, 0x00000007a8000000)
 concurrent mark-sweep generation total 393216K, used 102957K [0x00000007a8000000, 0x00000007c0000000, 0x00000007c0000000)
 Metaspace       used 39190K, capacity 40228K, committed 40388K, reserved 1085440K
  class space    used 4290K, capacity 4556K, committed 4580K, reserved 1048576K
}
2017-06-02T17:21:52.560-0100: 103892.387: Total time for which application threads were stopped: 0.0086086 seconds, Stopping threads took: 0.0000176 seconds
{Heap before GC invocations=148 (full 1):
 par new generation   total 109248K, used 109248K [0x00000007a0000000, 0x00000007a8000000, 0x00000007a8000000)
  eden space 87424K, 100% used [0x00000007a0000000, 0x00000007a5560000, 0x00000007a5560000)
  from space 21824K, 100% used [0x00000007a5560000, 0x00000007a6ab0000, 0x00000007a6ab0000)
  to   space 21824K,   0% used [0x00000007a6ab0000, 0x00000007a6ab0000, 0x00000007a8000000)
 concurrent mark-sweep generation total 393216K, used 102957K [0x00000007a8000000, 0x00000007c0000000, 0x00000007c0000000)
 Metaspace       used 39190K, capacity 40228K, committed 40388K, reserved 1085440K
  class space    used 4290K, capacity 4556K, committed 4580K, reserved 1048576K
2017-06-02T17:21:52.712-0100: 103892.539: [GC (Allocation Failure) 2017-06-02T17:21:52.712-0100: 103892.539: [ParNew
Desired survivor size 20112992 bytes, new threshold 8 (max 8)
- age   1:    4499136 bytes,    4499136 total
- age   2:    6339376 bytes,   10838512 total
- age   3:     778912 bytes,   11617424 total
- age   4:    1346184 bytes,   12963608 total
- age   5:    1109984 bytes,   14073592 total
- age   6:    2185296 bytes,   16258888 total
- age   7:     901872 bytes,   17160760 total
- age   8:    1099616 bytes,   18260376 total
: 109248K->21824K(109248K), 0.0085720 secs] 212205K->125549K(502464K), 0.0086494 secs] [Times: user=0.03 sys=0.00, real=0.01 secs] 
Heap after GC invocations=149 (full 1):
 par new generation   total 109248K, used 21824K [0x00000007a0000000, 0x00000007a8000000, 0x00000007a8000000)
  eden space 87424K,   0% used [0x00000007a0000000, 0x00000007a0000000, 0x00000007a5560000)
  from space 21824K, 100% used [0x00000007a6ab0000, 0x00000007a8000000, 0x00000007a8000000)
  to   space 21824K,   0% used [0x00000007a5560000, 0x00000007a5560000, 0x00000007a6ab0000)
 concurrent mark-sweep generation total 393216K, used 103725K [0x00000007a8000000, 0x00000007c0000000, 0x00000007c0000000)
 Metaspace       used 39190K, capacity 40228K, committed 40388K, reserved 1085440K
  class space    used 4290K, capacity 4556K, committed 4580K, reserved 1048576K
}
2017-06-02T17:21:52.721-0100: 103892.548: Total time for which application threads were stopped: 0.0088280 seconds, Stopping threads took: 0.0000178 seconds
{Heap before GC invocations=149 (full 1):
 par new generation   total 109248K, used 109248K [0x00000007a0000000, 0x00000007a8000000, 0x00000007a8000000)
  eden space 87424K, 100% used [0x00000007a0000000, 0x00000007a5560000, 0x00000007a5560000)
  from space 21824K, 100% used [0x00000007a6ab0000, 0x00000007a8000000, 0x00000007a8000000)
  to   space 21824K,   0% used [0x00000007a5560000, 0x00000007a5560000, 0x00000007a6ab0000)
 concurrent mark-sweep generation total 393216K, used 103725K [0x00000007a8000000, 0x00000007c0000000, 0x00000007c0000000)
 Metaspace       used 39190K, capacity 40228K, committed 40388K, reserved 1085440K
  class space    used 4290K, capacity 4556K, committed 4580K, reserved 1048576K
2017-06-02T17:21:52.884-0100: 103892.711: [GC (Allocation Failure) 2017-06-02T17:21:52.884-0100: 103892.711: [ParNew
Desired survivor size 20112992 bytes, new threshold 8 (max 8)
- age   1:    1254544 bytes,    1254544 total
- age   2:    4054576 bytes,    5309120 total
- age   3:    6306760 bytes,   11615880 total
- age   4:     451240 bytes,   12067120 total
- age   5:     985656 bytes,   13052776 total
- age   6:     787960 bytes,   13840736 total
- age   7:    1865056 bytes,   15705792 total
- age   8:     902040 bytes,   16607832 total
: 109248K->21824K(109248K), 0.0107125 secs] 212973K->128042K(502464K), 0.0107757 secs] [Times: user=0.03 sys=0.00, real=0.01 secs] 
Heap after GC invocations=150 (full 1):
 par new generation   total 109248K, used 21824K [0x00000007a0000000, 0x00000007a8000000, 0x00000007a8000000)
  eden space 87424K,   0% used [0x00000007a0000000, 0x00000007a0000000, 0x00000007a5560000)
  from space 21824K, 100% used [0x00000007a5560000, 0x00000007a6ab0000, 0x00000007a6ab0000)
  to   space 21824K,   0% used [0x00000007a6ab0000, 0x00000007a6ab0000, 0x00000007a8000000)
 concurrent mark-sweep generation total 393216K, used 106218K [0x00000007a8000000, 0x00000007c0000000, 0x00000007c0000000)
 Metaspace       used 39190K, capacity 40228K, committed 40388K, reserved 1085440K
  class space    used 4290K, capacity 4556K, committed 4580K, reserved 1048576K
}
2017-06-02T17:21:52.894-0100: 103892.721: Total time for which application threads were stopped: 0.0109502 seconds, Stopping threads took: 0.0000166 seconds
{Heap before GC invocations=150 (full 1):
 par new generation   total 109248K, used 109248K [0x00000007a0000000, 0x00000007a8000000, 0x00000007a8000000)
  eden space 87424K, 100% used [0x00000007a0000000, 0x00000007a5560000, 0x00000007a5560000)
  from space 21824K, 100% used [0x00000007a5560000, 0x00000007a6ab0000, 0x00000007a6ab0000)
  to   space 21824K,   0% used [0x00000007a6ab0000, 0x00000007a6ab0000, 0x00000007a8000000)
 concurrent mark-sweep generation total 393216K, used 106218K [0x00000007a8000000, 0x00000007c0000000, 0x00000007c0000000)
 Metaspace       used 39190K, capacity 40228K, committed 40388K, reserved 1085440K
  class space    used 4290K, capacity 4556K, committed 4580K, reserved 1048576K
2017-06-02T17:21:53.063-0100: 103892.890: [GC (Allocation Failure) 2017-06-02T17:21:53.063-0100: 103892.890: [ParNew
Desired survivor size 20112992 bytes, new threshold 8 (max 8)
- age   1:    1218672 bytes,    1218672 total
- age   2:    1205168 bytes,    2423840 total
- age   3:    4054432 bytes,    6478272 total
- age   4:    6306592 bytes,   12784864 total
- age   5:     451072 bytes,   13235936 total
- age   6:     985560 bytes,   14221496 total
- age   7:     787840 bytes,   15009336 total
- age   8:    1864936 bytes,   16874272 total
: 109248K->20152K(109248K), 0.0087452 secs] 215466K->127186K(502464K), 0.0088237 secs] [Times: user=0.03 sys=0.00, real=0.01 secs] 
Heap after GC invocations=151 (full 1):
 par new generation   total 109248K, used 20152K [0x00000007a0000000, 0x00000007a8000000, 0x00000007a8000000)
  eden space 87424K,   0% used [0x00000007a0000000, 0x00000007a0000000, 0x00000007a5560000)
  from space 21824K,  92% used [0x00000007a6ab0000, 0x00000007a7e5e390, 0x00000007a8000000)
  to   space 21824K,   0% used [0x00000007a5560000, 0x00000007a5560000, 0x00000007a6ab0000)
 concurrent mark-sweep generation total 393216K, used 107033K [0x00000007a8000000, 0x00000007c0000000, 0x00000007c0000000)
 Metaspace       used 39190K, capacity 40228K, committed 40388K, reserved 1085440K
  class space    used 4290K, capacity 4556K, committed 4580K, reserved 1048576K
}
2017-06-02T17:21:53.072-0100: 103892.899: Total time for which application threads were stopped: 0.0089966 seconds, Stopping threads took: 0.0000174 seconds
{Heap before GC invocations=151 (full 1):
 par new generation   total 109248K, used 107576K [0x00000007a0000000, 0x00000007a8000000, 0x00000007a8000000)
  eden space 87424K, 100% used [0x00000007a0000000, 0x00000007a5560000, 0x00000007a5560000)
  from space 21824K,  92% used [0x00000007a6ab0000, 0x00000007a7e5e390, 0x00000007a8000000)
  to   space 21824K,   0% used [0x00000007a5560000, 0x00000007a5560000, 0x00000007a6ab0000)
 concurrent mark-sweep generation total 393216K, used 107033K [0x00000007a8000000, 0x00000007c0000000, 0x00000007c0000000)
 Metaspace       used 39190K, capacity 40228K, committed 40388K, reserved 1085440K
  class space    used 4290K, capacity 4556K, committed 4580K, reserved 1048576K
2017-06-02T17:21:53.230-0100: 103893.057: [GC (Allocation Failure) 2017-06-02T17:21:53.230-0100: 103893.057: [ParNew
Desired survivor size 20112992 bytes, new threshold 8 (max 8)
- age   1:    4590416 bytes,    4590416 total
- age   2:    1132504 bytes,    5722920 total
- age   3:    1205168 bytes,    6928088 total
- age   4:    4054432 bytes,   10982520 total
- age   5:    2954840 bytes,   13937360 total
- age   6:     451072 bytes,   14388432 total
- age   7:     985584 bytes,   15374016 total
- age   8:     787816 bytes,   16161832 total
: 107576K->21824K(109248K), 0.0086291 secs] 214610K->130689K(502464K), 0.0086915 secs] [Times: user=0.03 sys=0.00, real=0.00 secs] 
Heap after GC invocations=152 (full 1):
 par new generation   total 109248K, used 21824K [0x00000007a0000000, 0x00000007a8000000, 0x00000007a8000000)
  eden space 87424K,   0% used [0x00000007a0000000, 0x00000007a0000000, 0x00000007a5560000)
  from space 21824K, 100% used [0x00000007a5560000, 0x00000007a6ab0000, 0x00000007a6ab0000)
  to   space 21824K,   0% used [0x00000007a6ab0000, 0x00000007a6ab0000, 0x00000007a8000000)
 concurrent mark-sweep generation total 393216K, used 108865K [0x00000007a8000000, 0x00000007c0000000, 0x00000007c0000000)
 Metaspace       used 39190K, capacity 40228K, committed 40388K, reserved 1085440K
  class space    used 4290K, capacity 4556K, committed 4580K, reserved 1048576K
}
2017-06-02T17:21:53.239-0100: 103893.066: Total time for which application threads were stopped: 0.0088707 seconds, Stopping threads took: 0.0000201 seconds
{Heap before GC invocations=152 (full 1):
 par new generation   total 109248K, used 109248K [0x00000007a0000000, 0x00000007a8000000, 0x00000007a8000000)
  eden space 87424K, 100% used [0x00000007a0000000, 0x00000007a5560000, 0x00000007a5560000)
  from space 21824K, 100% used [0x00000007a5560000, 0x00000007a6ab0000, 0x00000007a6ab0000)
  to   space 21824K,   0% used [0x00000007a6ab0000, 0x00000007a6ab0000, 0x00000007a8000000)
 concurrent mark-sweep generation total 393216K, used 108865K [0x00000007a8000000, 0x00000007c0000000, 0x00000007c0000000)
 Metaspace       used 39190K, capacity 40228K, committed 40388K, reserved 1085440K
  class space    used 4290K, capacity 4556K, committed 4580K, reserved 1048576K
2017-06-02T17:21:53.392-0100: 103893.219: [GC (Allocation Failure) 2017-06-02T17:21:53.392-0100: 103893.219: [ParNew
Desired survivor size 20112992 bytes, new threshold 8 (max 8)
- age   1:    3752504 bytes,    3752504 total
- age   2:    4546136 bytes,    8298640 total
- age   3:    1132696 bytes,    9431336 total
- age   4:    1205264 bytes,   10636600 total
- age   5:    3535520 bytes,   14172120 total
- age   6:    1465424 bytes,   15637544 total
- age   7:     451192 bytes,   16088736 total
- age   8:     414880 bytes,   16503616 total
: 109248K->21539K(109248K), 0.0088348 secs] 218113K->131185K(502464K), 0.0089172 secs] [Times: user=0.03 sys=0.00, real=0.01 secs] 
Heap after GC invocations=153 (full 1):
 par new generation   total 109248K, used 21539K [0x00000007a0000000, 0x00000007a8000000, 0x00000007a8000000)
  eden space 87424K,   0% used [0x00000007a0000000, 0x00000007a0000000, 0x00000007a5560000)
  from space 21824K,  98% used [0x00000007a6ab0000, 0x00000007a7fb8f38, 0x00000007a8000000)
  to   space 21824K,   0% used [0x00000007a5560000, 0x00000007a5560000, 0x00000007a6ab0000)
 concurrent mark-sweep generation total 393216K, used 109645K [0x00000007a8000000, 0x00000007c0000000, 0x00000007c0000000)
 Metaspace       used 39190K, capacity 40228K, committed 40388K, reserved 1085440K
  class space    used 4290K, capacity 4556K, committed 4580K, reserved 1048576K
}
2017-06-02T17:21:53.401-0100: 103893.228: Total time for which application threads were stopped: 0.0090970 seconds, Stopping threads took: 0.0000177 seconds
{Heap before GC invocations=153 (full 1):
 par new generation   total 109248K, used 108963K [0x00000007a0000000, 0x00000007a8000000, 0x00000007a8000000)
  eden space 87424K, 100% used [0x00000007a0000000, 0x00000007a5560000, 0x00000007a5560000)
  from space 21824K,  98% used [0x00000007a6ab0000, 0x00000007a7fb8f38, 0x00000007a8000000)
  to   space 21824K,   0% used [0x00000007a5560000, 0x00000007a5560000, 0x00000007a6ab0000)
 concurrent mark-sweep generation total 393216K, used 109645K [0x00000007a8000000, 0x00000007c0000000, 0x00000007c0000000)
 Metaspace       used 39190K, capacity 40228K, committed 40388K, reserved 1085440K
  class space    used 4290K, capacity 4556K, committed 4580K, reserved 1048576K
2017-06-02T17:21:53.557-0100: 103893.384: [GC (Allocation Failure) 2017-06-02T17:21:53.557-0100: 103893.384: [ParNew
Desired survivor size 20112992 bytes, new threshold 8 (max 8)
- age   1:    3568760 bytes,    3568760 total
- age   2:    3670248 bytes,    7239008 total
- age   3:    4546424 bytes,   11785432 total
- age   4:    1132888 bytes,   12918320 total
- age   5:    1205480 bytes,   14123800 total
- age   6:    1858392 bytes,   15982192 total
- age   7:    1465808 bytes,   17448000 total
- age   8:     451528 bytes,   17899528 total
: 108963K->21480K(109248K), 0.0086252 secs] 218609K->131542K(502464K), 0.0087079 secs] [Times: user=0.02 sys=0.00, real=0.01 secs] 
Heap after GC invocations=154 (full 1):
 par new generation   total 109248K, used 21480K [0x00000007a0000000, 0x00000007a8000000, 0x00000007a8000000)
  eden space 87424K,   0% used [0x00000007a0000000, 0x00000007a0000000, 0x00000007a5560000)
  from space 21824K,  98% used [0x00000007a5560000, 0x00000007a6a5a258, 0x00000007a6ab0000)
  to   space 21824K,   0% used [0x00000007a6ab0000, 0x00000007a6ab0000, 0x00000007a8000000)
 concurrent mark-sweep generation total 393216K, used 110061K [0x00000007a8000000, 0x00000007c0000000, 0x00000007c0000000)
 Metaspace       used 39190K, capacity 40228K, committed 40388K, reserved 1085440K
  class space    used 4290K, capacity 4556K, committed 4580K, reserved 1048576K
}
2017-06-02T17:21:53.566-0100: 103893.393: Total time for which application threads were stopped: 0.0088783 seconds, Stopping threads took: 0.0000168 seconds
{Heap before GC invocations=154 (full 1):
 par new generation   total 109248K, used 108904K [0x00000007a0000000, 0x00000007a8000000, 0x00000007a8000000)
  eden space 87424K, 100% used [0x00000007a0000000, 0x00000007a5560000, 0x00000007a5560000)
  from space 21824K,  98% used [0x00000007a5560000, 0x00000007a6a5a258, 0x00000007a6ab0000)
  to   space 21824K,   0% used [0x00000007a6ab0000, 0x00000007a6ab0000, 0x00000007a8000000)
 concurrent mark-sweep generation total 393216K, used 110061K [0x00000007a8000000, 0x00000007c0000000, 0x00000007c0000000)
 Metaspace       used 39190K, capacity 40228K, committed 40388K, reserved 1085440K
  class space    used 4290K, capacity 4556K, committed 4580K, reserved 1048576K
2017-06-02T17:21:53.728-0100: 103893.555: [GC (Allocation Failure) 2017-06-02T17:21:53.728-0100: 103893.555: [ParNew
Desired survivor size 20112992 bytes, new threshold 8 (max 8)
- age   1:     905240 bytes,     905240 total
- age   2:    3508200 bytes,    4413440 total
- age   3:    3669984 bytes,    8083424 total
- age   4:    4546232 bytes,   12629656 total
- age   5:    1132648 bytes,   13762304 total
- age   6:    1205408 bytes,   14967712 total
- age   7:    1858200 bytes,   16825912 total
- age   8:    1465472 bytes,   18291384 total
: 108904K->21467K(109248K), 0.0084456 secs] 218966K->131980K(502464K), 0.0085150 secs] [Times: user=0.02 sys=0.00, real=0.01 secs] 
Heap after GC invocations=155 (full 1):
 par new generation   total 109248K, used 21467K [0x00000007a0000000, 0x00000007a8000000, 0x00000007a8000000)
  eden space 87424K,   0% used [0x00000007a0000000, 0x00000007a0000000, 0x00000007a5560000)
  from space 21824K,  98% used [0x00000007a6ab0000, 0x00000007a7fa6c18, 0x00000007a8000000)
  to   space 21824K,   0% used [0x00000007a5560000, 0x00000007a5560000, 0x00000007a6ab0000)
 concurrent mark-sweep generation total 393216K, used 110513K [0x00000007a8000000, 0x00000007c0000000, 0x00000007c0000000)
 Metaspace       used 39190K, capacity 40228K, committed 40388K, reserved 1085440K
  class space    used 4290K, capacity 4556K, committed 4580K, reserved 1048576K
}
2017-06-02T17:21:53.737-0100: 103893.564: Total time for which application threads were stopped: 0.0086943 seconds, Stopping threads took: 0.0000175 seconds
{Heap before GC invocations=155 (full 1):
 par new generation   total 109248K, used 108891K [0x00000007a0000000, 0x00000007a8000000, 0x00000007a8000000)
  eden space 87424K, 100% used [0x00000007a0000000, 0x00000007a5560000, 0x00000007a5560000)
  from space 21824K,  98% used [0x00000007a6ab0000, 0x00000007a7fa6c18, 0x00000007a8000000)
  to   space 21824K,   0% used [0x00000007a5560000, 0x00000007a5560000, 0x00000007a6ab0000)
 concurrent mark-sweep generation total 393216K, used 110513K [0x00000007a8000000, 0x00000007c0000000, 0x00000007c0000000)
 Metaspace       used 39190K, capacity 40228K, committed 40388K, reserved 1085440K
  class space    used 4290K, capacity 4556K, committed 4580K, reserved 1048576K
2017-06-02T17:21:53.911-0100: 103893.738: [GC (Allocation Failure) 2017-06-02T17:21:53.911-0100: 103893.738: [ParNew
Desired survivor size 20112992 bytes, new threshold 8 (max 8)
- age   1:    4555816 bytes,    4555816 total
- age   2:     850800 bytes,    5406616 total
- age   3:    3508944 bytes,    8915560 total
- age   4:    2330464 bytes,   11246024 total
- age   5:    4534216 bytes,   15780240 total
- age   6:    1133296 bytes,   16913536 total
- age   7:    1201712 bytes,   18115248 total
- age   8:     413920 bytes,   18529168 total
: 108891K->21824K(109248K), 0.0089811 secs] 219404K->135087K(502464K), 0.0090528 secs] [Times: user=0.02 sys=0.01, real=0.01 secs] 
Heap after GC invocations=156 (full 1):
 par new generation   total 109248K, used 21824K [0x00000007a0000000, 0x00000007a8000000, 0x00000007a8000000)
  eden space 87424K,   0% used [0x00000007a0000000, 0x00000007a0000000, 0x00000007a5560000)
  from space 21824K, 100% used [0x00000007a5560000, 0x00000007a6ab0000, 0x00000007a6ab0000)
  to   space 21824K,   0% used [0x00000007a6ab0000, 0x00000007a6ab0000, 0x00000007a8000000)
 concurrent mark-sweep generation total 393216K, used 113263K [0x00000007a8000000, 0x00000007c0000000, 0x00000007c0000000)
 Metaspace       used 39190K, capacity 40228K, committed 40388K, reserved 1085440K
  class space    used 4290K, capacity 4556K, committed 4580K, reserved 1048576K
}
2017-06-02T17:21:53.920-0100: 103893.747: Total time for which application threads were stopped: 0.0092317 seconds, Stopping threads took: 0.0000167 seconds
{Heap before GC invocations=156 (full 1):
 par new generation   total 109248K, used 109248K [0x00000007a0000000, 0x00000007a8000000, 0x00000007a8000000)
  eden space 87424K, 100% used [0x00000007a0000000, 0x00000007a5560000, 0x00000007a5560000)
  from space 21824K, 100% used [0x00000007a5560000, 0x00000007a6ab0000, 0x00000007a6ab0000)
  to   space 21824K,   0% used [0x00000007a6ab0000, 0x00000007a6ab0000, 0x00000007a8000000)
 concurrent mark-sweep generation total 393216K, used 113263K [0x00000007a8000000, 0x00000007c0000000, 0x00000007c0000000)
 Metaspace       used 39190K, capacity 40228K, committed 40388K, reserved 1085440K
  class space    used 4290K, capacity 4556K, committed 4580K, reserved 1048576K
2017-06-02T17:21:54.083-0100: 103893.910: [GC (Allocation Failure) 2017-06-02T17:21:54.083-0100: 103893.910: [ParNew
Desired survivor size 20112992 bytes, new threshold 8 (max 8)
- age   1:    5562184 bytes,    5562184 total
- age   2:    4502808 bytes,   10064992 total
- age   3:     839536 bytes,   10904528 total
- age   4:    3499160 bytes,   14403688 total
- age   5:    2315840 bytes,   16719528 total
- age   6:     765992 bytes,   17485520 total
- age   7:    1123376 bytes,   18608896 total
- age   8:     474416 bytes,   19083312 total
: 109248K->21824K(109248K), 0.0084799 secs] 222511K->135898K(502464K), 0.0085432 secs] [Times: user=0.02 sys=0.00, real=0.01 secs] 
Heap after GC invocations=157 (full 1):
 par new generation   total 109248K, used 21824K [0x00000007a0000000, 0x00000007a8000000, 0x00000007a8000000)
  eden space 87424K,   0% used [0x00000007a0000000, 0x00000007a0000000, 0x00000007a5560000)
  from space 21824K, 100% used [0x00000007a6ab0000, 0x00000007a8000000, 0x00000007a8000000)
  to   space 21824K,   0% used [0x00000007a5560000, 0x00000007a5560000, 0x00000007a6ab0000)
 concurrent mark-sweep generation total 393216K, used 114074K [0x00000007a8000000, 0x00000007c0000000, 0x00000007c0000000)
 Metaspace       used 39190K, capacity 40228K, committed 40388K, reserved 1085440K
  class space    used 4290K, capacity 4556K, committed 4580K, reserved 1048576K
}
2017-06-02T17:21:54.091-0100: 103893.918: Total time for which application threads were stopped: 0.0087205 seconds, Stopping threads took: 0.0000179 seconds
{Heap before GC invocations=157 (full 1):
 par new generation   total 109248K, used 109248K [0x00000007a0000000, 0x00000007a8000000, 0x00000007a8000000)
  eden space 87424K, 100% used [0x00000007a0000000, 0x00000007a5560000, 0x00000007a5560000)
  from space 21824K, 100% used [0x00000007a6ab0000, 0x00000007a8000000, 0x00000007a8000000)
  to   space 21824K,   0% used [0x00000007a5560000, 0x00000007a5560000, 0x00000007a6ab0000)
 concurrent mark-sweep generation total 393216K, used 114074K [0x00000007a8000000, 0x00000007c0000000, 0x00000007c0000000)
 Metaspace       used 39190K, capacity 40228K, committed 40388K, reserved 1085440K
  class space    used 4290K, capacity 4556K, committed 4580K, reserved 1048576K
2017-06-02T17:21:54.251-0100: 103894.078: [GC (Allocation Failure) 2017-06-02T17:21:54.251-0100: 103894.078: [ParNew
Desired survivor size 20112992 bytes, new threshold 8 (max 8)
- age   1:    1501840 bytes,    1501840 total
- age   2:    5497920 bytes,    6999760 total
- age   3:    4502352 bytes,   11502112 total
- age   4:     839160 bytes,   12341272 total
- age   5:    3499088 bytes,   15840360 total
- age   6:    1735040 bytes,   17575400 total
- age   7:     765392 bytes,   18340792 total
- age   8:    1122808 bytes,   19463600 total
: 109248K->21824K(109248K), 0.0083428 secs] 223322K->136375K(502464K), 0.0084215 secs] [Times: user=0.03 sys=0.00, real=0.01 secs] 
Heap after GC invocations=158 (full 1):
 par new generation   total 109248K, used 21824K [0x00000007a0000000, 0x00000007a8000000, 0x00000007a8000000)
  eden space 87424K,   0% used [0x00000007a0000000, 0x00000007a0000000, 0x00000007a5560000)
  from space 21824K, 100% used [0x00000007a5560000, 0x00000007a6ab0000, 0x00000007a6ab0000)
  to   space 21824K,   0% used [0x00000007a6ab0000, 0x00000007a6ab0000, 0x00000007a8000000)
 concurrent mark-sweep generation total 393216K, used 114551K [0x00000007a8000000, 0x00000007c0000000, 0x00000007c0000000)
 Metaspace       used 39190K, capacity 40228K, committed 40388K, reserved 1085440K
  class space    used 4290K, capacity 4556K, committed 4580K, reserved 1048576K
}
2017-06-02T17:21:54.260-0100: 103894.087: Total time for which application threads were stopped: 0.0085979 seconds, Stopping threads took: 0.0000173 seconds
{Heap before GC invocations=158 (full 1):
 par new generation   total 109248K, used 109248K [0x00000007a0000000, 0x00000007a8000000, 0x00000007a8000000)
  eden space 87424K, 100% used [0x00000007a0000000, 0x00000007a5560000, 0x00000007a5560000)
  from space 21824K, 100% used [0x00000007a5560000, 0x00000007a6ab0000, 0x00000007a6ab0000)
  to   space 21824K,   0% used [0x00000007a6ab0000, 0x00000007a6ab0000, 0x00000007a8000000)
 concurrent mark-sweep generation total 393216K, used 114551K [0x00000007a8000000, 0x00000007c0000000, 0x00000007c0000000)
 Metaspace       used 39190K, capacity 40228K, committed 40388K, reserved 1085440K
  class space    used 4290K, capacity 4556K, committed 4580K, reserved 1048576K
2017-06-02T17:21:54.429-0100: 103894.256: [GC (Allocation Failure) 2017-06-02T17:21:54.429-0100: 103894.256: [ParNew
Desired survivor size 20112992 bytes, new threshold 8 (max 8)
- age   1:     809648 bytes,     809648 total
- age   2:    1403568 bytes,    2213216 total
- age   3:    5422576 bytes,    7635792 total
- age   4:    4459400 bytes,   12095192 total
- age   5:     764888 bytes,   12860080 total
- age   6:    3421088 bytes,   16281168 total
- age   7:    1692912 bytes,   17974080 total
- age   8:     756416 bytes,   18730496 total
: 109248K->21824K(109248K), 0.0100746 secs] 223799K->137887K(502464K), 0.0101348 secs] [Times: user=0.03 sys=0.00, real=0.01 secs] 
Heap after GC invocations=159 (full 1):
 par new generation   total 109248K, used 21824K [0x00000007a0000000, 0x00000007a8000000, 0x00000007a8000000)
  eden space 87424K,   0% used [0x00000007a0000000, 0x00000007a0000000, 0x00000007a5560000)
  from space 21824K, 100% used [0x00000007a6ab0000, 0x00000007a8000000, 0x00000007a8000000)
  to   space 21824K,   0% used [0x00000007a5560000, 0x00000007a5560000, 0x00000007a6ab0000)
 concurrent mark-sweep generation total 393216K, used 116063K [0x00000007a8000000, 0x00000007c0000000, 0x00000007c0000000)
 Metaspace       used 39190K, capacity 40228K, committed 40388K, reserved 1085440K
  class space    used 4290K, capacity 4556K, committed 4580K, reserved 1048576K
}
2017-06-02T17:21:54.439-0100: 103894.266: Total time for which application threads were stopped: 0.0103205 seconds, Stopping threads took: 0.0000167 seconds
{Heap before GC invocations=159 (full 1):
 par new generation   total 109248K, used 109248K [0x00000007a0000000, 0x00000007a8000000, 0x00000007a8000000)
  eden space 87424K, 100% used [0x00000007a0000000, 0x00000007a5560000, 0x00000007a5560000)
  from space 21824K, 100% used [0x00000007a6ab0000, 0x00000007a8000000, 0x00000007a8000000)
  to   space 21824K,   0% used [0x00000007a5560000, 0x00000007a5560000, 0x00000007a6ab0000)
 concurrent mark-sweep generation total 393216K, used 116063K [0x00000007a8000000, 0x00000007c0000000, 0x00000007c0000000)
 Metaspace       used 39190K, capacity 40228K, committed 40388K, reserved 1085440K
  class space    used 4290K, capacity 4556K, committed 4580K, reserved 1048576K
2017-06-02T17:21:54.602-0100: 103894.429: [GC (Allocation Failure) 2017-06-02T17:21:54.602-0100: 103894.429: [ParNew
Desired survivor size 20112992 bytes, new threshold 8 (max 8)
- age   1:    4454168 bytes,    4454168 total
- age   2:     770952 bytes,    5225120 total
- age   3:    1402944 bytes,    6628064 total
- age   4:    5422456 bytes,   12050520 total
- age   5:    4459088 bytes,   16509608 total
- age   6:     764336 bytes,   17273944 total
- age   7:    1535720 bytes,   18809664 total
- age   8:    1357336 bytes,   20167000 total
: 109248K->21824K(109248K), 0.0086487 secs] 225311K->139003K(502464K), 0.0087239 secs] [Times: user=0.03 sys=0.00, real=0.01 secs] 
Heap after GC invocations=160 (full 1):
 par new generation   total 109248K, used 21824K [0x00000007a0000000, 0x00000007a8000000, 0x00000007a8000000)
  eden space 87424K,   0% used [0x00000007a0000000, 0x00000007a0000000, 0x00000007a5560000)
  from space 21824K, 100% used [0x00000007a5560000, 0x00000007a6ab0000, 0x00000007a6ab0000)
  to   space 21824K,   0% used [0x00000007a6ab0000, 0x00000007a6ab0000, 0x00000007a8000000)
 concurrent mark-sweep generation total 393216K, used 117179K [0x00000007a8000000, 0x00000007c0000000, 0x00000007c0000000)
 Metaspace       used 39190K, capacity 40228K, committed 40388K, reserved 1085440K
  class space    used 4290K, capacity 4556K, committed 4580K, reserved 1048576K
}
2017-06-02T17:21:54.610-0100: 103894.437: Total time for which application threads were stopped: 0.0149125 seconds, Stopping threads took: 0.0000173 seconds
{Heap before GC invocations=160 (full 1):
 par new generation   total 109248K, used 109248K [0x00000007a0000000, 0x00000007a8000000, 0x00000007a8000000)
  eden space 87424K, 100% used [0x00000007a0000000, 0x00000007a5560000, 0x00000007a5560000)
  from space 21824K, 100% used [0x00000007a5560000, 0x00000007a6ab0000, 0x00000007a6ab0000)
  to   space 21824K,   0% used [0x00000007a6ab0000, 0x00000007a6ab0000, 0x00000007a8000000)
 concurrent mark-sweep generation total 393216K, used 117179K [0x00000007a8000000, 0x00000007c0000000, 0x00000007c0000000)
 Metaspace       used 39190K, capacity 40228K, committed 40388K, reserved 1085440K
  class space    used 4290K, capacity 4556K, committed 4580K, reserved 1048576K
2017-06-02T17:21:54.769-0100: 103894.596: [GC (Allocation Failure) 2017-06-02T17:21:54.769-0100: 103894.596: [ParNew
Desired survivor size 20112992 bytes, new threshold 8 (max 8)
- age   1:    1612312 bytes,    1612312 total
- age   2:    3243752 bytes,    4856064 total
- age   3:     751216 bytes,    5607280 total
- age   4:    1382840 bytes,    6990120 total
- age   5:    5062472 bytes,   12052592 total
- age   6:    3732656 bytes,   15785248 total
- age   7:     746088 bytes,   16531336 total
- age   8:    1517744 bytes,   18049080 total
: 109248K->21824K(109248K), 0.0095590 secs] 226427K->141976K(502464K), 0.0122402 secs] [Times: user=0.02 sys=0.00, real=0.02 secs] 
Heap after GC invocations=161 (full 1):
 par new generation   total 109248K, used 21824K [0x00000007a0000000, 0x00000007a8000000, 0x00000007a8000000)
  eden space 87424K,   0% used [0x00000007a0000000, 0x00000007a0000000, 0x00000007a5560000)
  from space 21824K, 100% used [0x00000007a6ab0000, 0x00000007a8000000, 0x00000007a8000000)
  to   space 21824K,   0% used [0x00000007a5560000, 0x00000007a5560000, 0x00000007a6ab0000)
 concurrent mark-sweep generation total 393216K, used 120152K [0x00000007a8000000, 0x00000007c0000000, 0x00000007c0000000)
 Metaspace       used 39190K, capacity 40228K, committed 40388K, reserved 1085440K
  class space    used 4290K, capacity 4556K, committed 4580K, reserved 1048576K
}
2017-06-02T17:21:54.782-0100: 103894.609: Total time for which application threads were stopped: 0.0125527 seconds, Stopping threads took: 0.0000181 seconds
{Heap before GC invocations=161 (full 1):
 par new generation   total 109248K, used 109248K [0x00000007a0000000, 0x00000007a8000000, 0x00000007a8000000)
  eden space 87424K, 100% used [0x00000007a0000000, 0x00000007a5560000, 0x00000007a5560000)
  from space 21824K, 100% used [0x00000007a6ab0000, 0x00000007a8000000, 0x00000007a8000000)
  to   space 21824K,   0% used [0x00000007a5560000, 0x00000007a5560000, 0x00000007a6ab0000)
 concurrent mark-sweep generation total 393216K, used 120152K [0x00000007a8000000, 0x00000007c0000000, 0x00000007c0000000)
 Metaspace       used 39190K, capacity 40228K, committed 40388K, reserved 1085440K
  class space    used 4290K, capacity 4556K, committed 4580K, reserved 1048576K
2017-06-02T17:21:54.946-0100: 103894.773: [GC (Allocation Failure) 2017-06-02T17:21:54.946-0100: 103894.773: [ParNew
Desired survivor size 20112992 bytes, new threshold 8 (max 8)
- age   1:     533936 bytes,     533936 total
- age   2:     518344 bytes,    1052280 total
- age   3:    3139720 bytes,    4192000 total
- age   4:     746320 bytes,    4938320 total
- age   5:    1377520 bytes,    6315840 total
- age   6:    5053328 bytes,   11369168 total
- age   7:    3722888 bytes,   15092056 total
- age   8:     741096 bytes,   15833152 total
: 109248K->21824K(109248K), 0.0086882 secs] 229400K->144916K(502464K), 0.0087683 secs] [Times: user=0.02 sys=0.00, real=0.01 secs] 
Heap after GC invocations=162 (full 1):
 par new generation   total 109248K, used 21824K [0x00000007a0000000, 0x00000007a8000000, 0x00000007a8000000)
  eden space 87424K,   0% used [0x00000007a0000000, 0x00000007a0000000, 0x00000007a5560000)
  from space 21824K, 100% used [0x00000007a5560000, 0x00000007a6ab0000, 0x00000007a6ab0000)
  to   space 21824K,   0% used [0x00000007a6ab0000, 0x00000007a6ab0000, 0x00000007a8000000)
 concurrent mark-sweep generation total 393216K, used 123092K [0x00000007a8000000, 0x00000007c0000000, 0x00000007c0000000)
 Metaspace       used 39190K, capacity 40228K, committed 40388K, reserved 1085440K
  class space    used 4290K, capacity 4556K, committed 4580K, reserved 1048576K
}
2017-06-02T17:21:54.955-0100: 103894.782: Total time for which application threads were stopped: 0.0089540 seconds, Stopping threads took: 0.0000180 seconds
{Heap before GC invocations=162 (full 1):
 par new generation   total 109248K, used 109248K [0x00000007a0000000, 0x00000007a8000000, 0x00000007a8000000)
  eden space 87424K, 100% used [0x00000007a0000000, 0x00000007a5560000, 0x00000007a5560000)
  from space 21824K, 100% used [0x00000007a5560000, 0x00000007a6ab0000, 0x00000007a6ab0000)
  to   space 21824K,   0% used [0x00000007a6ab0000, 0x00000007a6ab0000, 0x00000007a8000000)
 concurrent mark-sweep generation total 393216K, used 123092K [0x00000007a8000000, 0x00000007c0000000, 0x00000007c0000000)
 Metaspace       used 39190K, capacity 40228K, committed 40388K, reserved 1085440K
  class space    used 4290K, capacity 4556K, committed 4580K, reserved 1048576K
2017-06-02T17:21:55.109-0100: 103894.936: [GC (Allocation Failure) 2017-06-02T17:21:55.109-0100: 103894.936: [ParNew
Desired survivor size 20112992 bytes, new threshold 8 (max 8)
- age   1:    6875080 bytes,    6875080 total
- age   2:     482680 bytes,    7357760 total
- age   3:     518224 bytes,    7875984 total
- age   4:    3139480 bytes,   11015464 total
- age   5:     746152 bytes,   11761616 total
- age   6:     724336 bytes,   12485952 total
- age   7:     825808 bytes,   13311760 total
- age   8:    3722744 bytes,   17034504 total
: 109248K->19615K(109248K), 0.0082479 secs] 232340K->143441K(502464K), 0.0083287 secs] [Times: user=0.02 sys=0.00, real=0.01 secs] 
Heap after GC invocations=163 (full 1):
 par new generation   total 109248K, used 19615K [0x00000007a0000000, 0x00000007a8000000, 0x00000007a8000000)
  eden space 87424K,   0% used [0x00000007a0000000, 0x00000007a0000000, 0x00000007a5560000)
  from space 21824K,  89% used [0x00000007a6ab0000, 0x00000007a7dd7e10, 0x00000007a8000000)
  to   space 21824K,   0% used [0x00000007a5560000, 0x00000007a5560000, 0x00000007a6ab0000)
 concurrent mark-sweep generation total 393216K, used 123825K [0x00000007a8000000, 0x00000007c0000000, 0x00000007c0000000)
 Metaspace       used 39190K, capacity 40228K, committed 40388K, reserved 1085440K
  class space    used 4290K, capacity 4556K, committed 4580K, reserved 1048576K
}
2017-06-02T17:21:55.118-0100: 103894.945: Total time for which application threads were stopped: 0.0085036 seconds, Stopping threads took: 0.0000169 seconds
{Heap before GC invocations=163 (full 1):
 par new generation   total 109248K, used 107039K [0x00000007a0000000, 0x00000007a8000000, 0x00000007a8000000)
  eden space 87424K, 100% used [0x00000007a0000000, 0x00000007a5560000, 0x00000007a5560000)
  from space 21824K,  89% used [0x00000007a6ab0000, 0x00000007a7dd7e10, 0x00000007a8000000)
  to   space 21824K,   0% used [0x00000007a5560000, 0x00000007a5560000, 0x00000007a6ab0000)
 concurrent mark-sweep generation total 393216K, used 123825K [0x00000007a8000000, 0x00000007c0000000, 0x00000007c0000000)
 Metaspace       used 39190K, capacity 40228K, committed 40388K, reserved 1085440K
  class space    used 4290K, capacity 4556K, committed 4580K, reserved 1048576K
2017-06-02T17:21:55.276-0100: 103895.103: [GC (Allocation Failure) 2017-06-02T17:21:55.276-0100: 103895.103: [ParNew
Desired survivor size 20112992 bytes, new threshold 8 (max 8)
- age   1:     915448 bytes,     915448 total
- age   2:    6801064 bytes,    7716512 total
- age   3:     482680 bytes,    8199192 total
- age   4:     518224 bytes,    8717416 total
- age   5:    3139480 bytes,   11856896 total
- age   6:     743880 bytes,   12600776 total
- age   7:     724336 bytes,   13325112 total
- age   8:     825808 bytes,   14150920 total
: 107039K->20174K(109248K), 0.0106302 secs] 230865K->147645K(502464K), 0.0106989 secs] [Times: user=0.04 sys=0.00, real=0.01 secs] 
Heap after GC invocations=164 (full 1):
 par new generation   total 109248K, used 20174K [0x00000007a0000000, 0x00000007a8000000, 0x00000007a8000000)
  eden space 87424K,   0% used [0x00000007a0000000, 0x00000007a0000000, 0x00000007a5560000)
  from space 21824K,  92% used [0x00000007a5560000, 0x00000007a6913a30, 0x00000007a6ab0000)
  to   space 21824K,   0% used [0x00000007a6ab0000, 0x00000007a6ab0000, 0x00000007a8000000)
 concurrent mark-sweep generation total 393216K, used 127470K [0x00000007a8000000, 0x00000007c0000000, 0x00000007c0000000)
 Metaspace       used 39190K, capacity 40228K, committed 40388K, reserved 1085440K
  class space    used 4290K, capacity 4556K, committed 4580K, reserved 1048576K
}
2017-06-02T17:21:55.287-0100: 103895.114: Total time for which application threads were stopped: 0.0109029 seconds, Stopping threads took: 0.0000180 seconds
{Heap before GC invocations=164 (full 1):
 par new generation   total 109248K, used 107598K [0x00000007a0000000, 0x00000007a8000000, 0x00000007a8000000)
  eden space 87424K, 100% used [0x00000007a0000000, 0x00000007a5560000, 0x00000007a5560000)
  from space 21824K,  92% used [0x00000007a5560000, 0x00000007a6913a30, 0x00000007a6ab0000)
  to   space 21824K,   0% used [0x00000007a6ab0000, 0x00000007a6ab0000, 0x00000007a8000000)
 concurrent mark-sweep generation total 393216K, used 127470K [0x00000007a8000000, 0x00000007c0000000, 0x00000007c0000000)
 Metaspace       used 39190K, capacity 40228K, committed 40388K, reserved 1085440K
  class space    used 4290K, capacity 4556K, committed 4580K, reserved 1048576K
2017-06-02T17:21:55.440-0100: 103895.267: [GC (Allocation Failure) 2017-06-02T17:21:55.440-0100: 103895.267: [ParNew
Desired survivor size 20112992 bytes, new threshold 8 (max 8)
- age   1:    3131864 bytes,    3131864 total
- age   2:     859704 bytes,    3991568 total
- age   3:    6801040 bytes,   10792608 total
- age   4:     482680 bytes,   11275288 total
- age   5:     518224 bytes,   11793512 total
- age   6:    3139480 bytes,   14932992 total
- age   7:     743880 bytes,   15676872 total
- age   8:     724360 bytes,   16401232 total
: 107598K->19981K(109248K), 0.0082536 secs] 235069K->148211K(502464K), 0.0083332 secs] [Times: user=0.03 sys=0.00, real=0.00 secs] 
Heap after GC invocations=165 (full 1):
 par new generation   total 109248K, used 19981K [0x00000007a0000000, 0x00000007a8000000, 0x00000007a8000000)
  eden space 87424K,   0% used [0x00000007a0000000, 0x00000007a0000000, 0x00000007a5560000)
  from space 21824K,  91% used [0x00000007a6ab0000, 0x00000007a7e33770, 0x00000007a8000000)
  to   space 21824K,   0% used [0x00000007a5560000, 0x00000007a5560000, 0x00000007a6ab0000)
 concurrent mark-sweep generation total 393216K, used 128230K [0x00000007a8000000, 0x00000007c0000000, 0x00000007c0000000)
 Metaspace       used 39190K, capacity 40228K, committed 40388K, reserved 1085440K
  class space    used 4290K, capacity 4556K, committed 4580K, reserved 1048576K
}
2017-06-02T17:21:55.448-0100: 103895.275: Total time for which application threads were stopped: 0.0085074 seconds, Stopping threads took: 0.0000186 seconds
{Heap before GC invocations=165 (full 1):
 par new generation   total 109248K, used 107405K [0x00000007a0000000, 0x00000007a8000000, 0x00000007a8000000)
  eden space 87424K, 100% used [0x00000007a0000000, 0x00000007a5560000, 0x00000007a5560000)
  from space 21824K,  91% used [0x00000007a6ab0000, 0x00000007a7e33770, 0x00000007a8000000)
  to   space 21824K,   0% used [0x00000007a5560000, 0x00000007a5560000, 0x00000007a6ab0000)
 concurrent mark-sweep generation total 393216K, used 128230K [0x00000007a8000000, 0x00000007c0000000, 0x00000007c0000000)
 Metaspace       used 39190K, capacity 40228K, committed 40388K, reserved 1085440K
  class space    used 4290K, capacity 4556K, committed 4580K, reserved 1048576K
2017-06-02T17:21:55.600-0100: 103895.427: [GC (Allocation Failure) 2017-06-02T17:21:55.600-0100: 103895.427: [ParNew
Desired survivor size 20112992 bytes, new threshold 8 (max 8)
- age   1:    3641280 bytes,    3641280 total
- age   2:    3083912 bytes,    6725192 total
- age   3:     859704 bytes,    7584896 total
- age   4:    6801040 bytes,   14385936 total
- age   5:     482680 bytes,   14868616 total
- age   6:     501744 bytes,   15370360 total
- age   7:    1018712 bytes,   16389072 total
- age   8:     743904 bytes,   17132976 total
: 107405K->18804K(109248K), 0.0082785 secs] 235635K->147752K(502464K), 0.0083384 secs] [Times: user=0.02 sys=0.00, real=0.00 secs] 
Heap after GC invocations=166 (full 1):
 par new generation   total 109248K, used 18804K [0x00000007a0000000, 0x00000007a8000000, 0x00000007a8000000)
  eden space 87424K,   0% used [0x00000007a0000000, 0x00000007a0000000, 0x00000007a5560000)
  from space 21824K,  86% used [0x00000007a5560000, 0x00000007a67bd368, 0x00000007a6ab0000)
  to   space 21824K,   0% used [0x00000007a6ab0000, 0x00000007a6ab0000, 0x00000007a8000000)
 concurrent mark-sweep generation total 393216K, used 128947K [0x00000007a8000000, 0x00000007c0000000, 0x00000007c0000000)
 Metaspace       used 39190K, capacity 40228K, committed 40388K, reserved 1085440K
  class space    used 4290K, capacity 4556K, committed 4580K, reserved 1048576K
}
2017-06-02T17:21:55.609-0100: 103895.436: Total time for which application threads were stopped: 0.0085182 seconds, Stopping threads took: 0.0000204 seconds
{Heap before GC invocations=166 (full 1):
 par new generation   total 109248K, used 106228K [0x00000007a0000000, 0x00000007a8000000, 0x00000007a8000000)
  eden space 87424K, 100% used [0x00000007a0000000, 0x00000007a5560000, 0x00000007a5560000)
  from space 21824K,  86% used [0x00000007a5560000, 0x00000007a67bd368, 0x00000007a6ab0000)
  to   space 21824K,   0% used [0x00000007a6ab0000, 0x00000007a6ab0000, 0x00000007a8000000)
 concurrent mark-sweep generation total 393216K, used 128947K [0x00000007a8000000, 0x00000007c0000000, 0x00000007c0000000)
 Metaspace       used 39190K, capacity 40228K, committed 40388K, reserved 1085440K
  class space    used 4290K, capacity 4556K, committed 4580K, reserved 1048576K
2017-06-02T17:21:55.760-0100: 103895.587: [GC (Allocation Failure) 2017-06-02T17:21:55.760-0100: 103895.587: [ParNew
Desired survivor size 20112992 bytes, new threshold 8 (max 8)
- age   1:    2909584 bytes,    2909584 total
- age   2:    3601808 bytes,    6511392 total
- age   3:    3083912 bytes,    9595304 total
- age   4:     859704 bytes,   10455008 total
- age   5:    6801040 bytes,   17256048 total
- age   6:     478464 bytes,   17734512 total
- age   7:     501744 bytes,   18236256 total
- age   8:     641648 bytes,   18877904 total
: 106228K->21824K(109248K), 0.0083716 secs] 235176K->151507K(502464K), 0.0084511 secs] [Times: user=0.03 sys=0.01, real=0.00 secs] 
Heap after GC invocations=167 (full 1):
 par new generation   total 109248K, used 21824K [0x00000007a0000000, 0x00000007a8000000, 0x00000007a8000000)
  eden space 87424K,   0% used [0x00000007a0000000, 0x00000007a0000000, 0x00000007a5560000)
  from space 21824K, 100% used [0x00000007a6ab0000, 0x00000007a8000000, 0x00000007a8000000)
  to   space 21824K,   0% used [0x00000007a5560000, 0x00000007a5560000, 0x00000007a6ab0000)
 concurrent mark-sweep generation total 393216K, used 129683K [0x00000007a8000000, 0x00000007c0000000, 0x00000007c0000000)
 Metaspace       used 39190K, capacity 40228K, committed 40388K, reserved 1085440K
  class space    used 4290K, capacity 4556K, committed 4580K, reserved 1048576K
}
2017-06-02T17:21:55.768-0100: 103895.595: Total time for which application threads were stopped: 0.0086370 seconds, Stopping threads took: 0.0000185 seconds
{Heap before GC invocations=167 (full 1):
 par new generation   total 109248K, used 109248K [0x00000007a0000000, 0x00000007a8000000, 0x00000007a8000000)
  eden space 87424K, 100% used [0x00000007a0000000, 0x00000007a5560000, 0x00000007a5560000)
  from space 21824K, 100% used [0x00000007a6ab0000, 0x00000007a8000000, 0x00000007a8000000)
  to   space 21824K,   0% used [0x00000007a5560000, 0x00000007a5560000, 0x00000007a6ab0000)
 concurrent mark-sweep generation total 393216K, used 129683K [0x00000007a8000000, 0x00000007c0000000, 0x00000007c0000000)
 Metaspace       used 39190K, capacity 40228K, committed 40388K, reserved 1085440K
  class space    used 4290K, capacity 4556K, committed 4580K, reserved 1048576K
2017-06-02T17:21:55.931-0100: 103895.758: [GC (Allocation Failure) 2017-06-02T17:21:55.931-0100: 103895.758: [ParNew
Desired survivor size 20112992 bytes, new threshold 8 (max 8)
- age   1:     905064 bytes,     905064 total
- age   2:    1173840 bytes,    2078904 total
- age   3:    3601808 bytes,    5680712 total
- age   4:    3083912 bytes,    8764624 total
- age   5:     859704 bytes,    9624328 total
- age   6:    6801040 bytes,   16425368 total
- age   7:     472888 bytes,   16898256 total
- age   8:     501744 bytes,   17400000 total
: 109248K->21824K(109248K), 0.0087440 secs] 238931K->153801K(502464K), 0.0088062 secs] [Times: user=0.03 sys=0.00, real=0.01 secs] 
Heap after GC invocations=168 (full 1):
 par new generation   total 109248K, used 21824K [0x00000007a0000000, 0x00000007a8000000, 0x00000007a8000000)
  eden space 87424K,   0% used [0x00000007a0000000, 0x00000007a0000000, 0x00000007a5560000)
  from space 21824K, 100% used [0x00000007a5560000, 0x00000007a6ab0000, 0x00000007a6ab0000)
  to   space 21824K,   0% used [0x00000007a6ab0000, 0x00000007a6ab0000, 0x00000007a8000000)
 concurrent mark-sweep generation total 393216K, used 131977K [0x00000007a8000000, 0x00000007c0000000, 0x00000007c0000000)
 Metaspace       used 39190K, capacity 40228K, committed 40388K, reserved 1085440K
  class space    used 4290K, capacity 4556K, committed 4580K, reserved 1048576K
}
2017-06-02T17:21:55.940-0100: 103895.767: Total time for which application threads were stopped: 0.0089819 seconds, Stopping threads took: 0.0000174 seconds
{Heap before GC invocations=168 (full 1):
 par new generation   total 109248K, used 109248K [0x00000007a0000000, 0x00000007a8000000, 0x00000007a8000000)
  eden space 87424K, 100% used [0x00000007a0000000, 0x00000007a5560000, 0x00000007a5560000)
  from space 21824K, 100% used [0x00000007a5560000, 0x00000007a6ab0000, 0x00000007a6ab0000)
  to   space 21824K,   0% used [0x00000007a6ab0000, 0x00000007a6ab0000, 0x00000007a8000000)
 concurrent mark-sweep generation total 393216K, used 131977K [0x00000007a8000000, 0x00000007c0000000, 0x00000007c0000000)
 Metaspace       used 39190K, capacity 40228K, committed 40388K, reserved 1085440K
  class space    used 4290K, capacity 4556K, committed 4580K, reserved 1048576K
2017-06-02T17:21:56.096-0100: 103895.923: [GC (Allocation Failure) 2017-06-02T17:21:56.096-0100: 103895.923: [ParNew
Desired survivor size 20112992 bytes, new threshold 8 (max 8)
- age   1:    1686288 bytes,    1686288 total
- age   2:     855584 bytes,    2541872 total
- age   3:    1173840 bytes,    3715712 total
- age   4:    3601808 bytes,    7317520 total
- age   5:    3083912 bytes,   10401432 total
- age   6:     859704 bytes,   11261136 total
- age   7:    6066312 bytes,   17327448 total
- age   8:     472912 bytes,   17800360 total
: 109248K->20128K(109248K), 0.0090851 secs] 241225K->152607K(502464K), 0.0091548 secs] [Times: user=0.03 sys=0.00, real=0.01 secs] 
Heap after GC invocations=169 (full 1):
 par new generation   total 109248K, used 20128K [0x00000007a0000000, 0x00000007a8000000, 0x00000007a8000000)
  eden space 87424K,   0% used [0x00000007a0000000, 0x00000007a0000000, 0x00000007a5560000)
  from space 21824K,  92% used [0x00000007a6ab0000, 0x00000007a7e58308, 0x00000007a8000000)
  to   space 21824K,   0% used [0x00000007a5560000, 0x00000007a5560000, 0x00000007a6ab0000)
 concurrent mark-sweep generation total 393216K, used 132478K [0x00000007a8000000, 0x00000007c0000000, 0x00000007c0000000)
 Metaspace       used 39190K, capacity 40228K, committed 40388K, reserved 1085440K
  class space    used 4290K, capacity 4556K, committed 4580K, reserved 1048576K
}
2017-06-02T17:21:56.105-0100: 103895.932: Total time for which application threads were stopped: 0.0093465 seconds, Stopping threads took: 0.0000167 seconds
{Heap before GC invocations=169 (full 1):
 par new generation   total 109248K, used 107552K [0x00000007a0000000, 0x00000007a8000000, 0x00000007a8000000)
  eden space 87424K, 100% used [0x00000007a0000000, 0x00000007a5560000, 0x00000007a5560000)
  from space 21824K,  92% used [0x00000007a6ab0000, 0x00000007a7e58308, 0x00000007a8000000)
  to   space 21824K,   0% used [0x00000007a5560000, 0x00000007a5560000, 0x00000007a6ab0000)
 concurrent mark-sweep generation total 393216K, used 132478K [0x00000007a8000000, 0x00000007c0000000, 0x00000007c0000000)
 Metaspace       used 39190K, capacity 40228K, committed 40388K, reserved 1085440K
  class space    used 4290K, capacity 4556K, committed 4580K, reserved 1048576K
2017-06-02T17:21:56.252-0100: 103896.079: [GC (Allocation Failure) 2017-06-02T17:21:56.252-0100: 103896.079: [ParNew
Desired survivor size 20112992 bytes, new threshold 8 (max 8)
- age   1:    6675016 bytes,    6675016 total
- age   2:    1241696 bytes,    7916712 total
- age   3:     462176 bytes,    8378888 total
- age   4:    1173840 bytes,    9552728 total
- age   5:    3601808 bytes,   13154536 total
- age   6:    2631184 bytes,   15785720 total
- age   7:     859704 bytes,   16645424 total
- age   8:    1310520 bytes,   17955944 total
: 107552K->21824K(109248K), 0.0091330 secs] 240031K->156273K(502464K), 0.0091933 secs] [Times: user=0.03 sys=0.00, real=0.01 secs] 
Heap after GC invocations=170 (full 1):
 par new generation   total 109248K, used 21824K [0x00000007a0000000, 0x00000007a8000000, 0x00000007a8000000)
  eden space 87424K,   0% used [0x00000007a0000000, 0x00000007a0000000, 0x00000007a5560000)
  from space 21824K, 100% used [0x00000007a5560000, 0x00000007a6ab0000, 0x00000007a6ab0000)
  to   space 21824K,   0% used [0x00000007a6ab0000, 0x00000007a6ab0000, 0x00000007a8000000)
 concurrent mark-sweep generation total 393216K, used 134449K [0x00000007a8000000, 0x00000007c0000000, 0x00000007c0000000)
 Metaspace       used 39190K, capacity 40228K, committed 40388K, reserved 1085440K
  class space    used 4290K, capacity 4556K, committed 4580K, reserved 1048576K
}
2017-06-02T17:21:56.261-0100: 103896.088: Total time for which application threads were stopped: 0.0093730 seconds, Stopping threads took: 0.0000164 seconds
{Heap before GC invocations=170 (full 1):
 par new generation   total 109248K, used 109248K [0x00000007a0000000, 0x00000007a8000000, 0x00000007a8000000)
  eden space 87424K, 100% used [0x00000007a0000000, 0x00000007a5560000, 0x00000007a5560000)
  from space 21824K, 100% used [0x00000007a5560000, 0x00000007a6ab0000, 0x00000007a6ab0000)
  to   space 21824K,   0% used [0x00000007a6ab0000, 0x00000007a6ab0000, 0x00000007a8000000)
 concurrent mark-sweep generation total 393216K, used 134449K [0x00000007a8000000, 0x00000007c0000000, 0x00000007c0000000)
 Metaspace       used 39190K, capacity 40228K, committed 40388K, reserved 1085440K
  class space    used 4290K, capacity 4556K, committed 4580K, reserved 1048576K
2017-06-02T17:21:56.422-0100: 103896.249: [GC (Allocation Failure) 2017-06-02T17:21:56.422-0100: 103896.249: [ParNew
Desired survivor size 20112992 bytes, new threshold 8 (max 8)
- age   1:     840176 bytes,     840176 total
- age   2:    6620048 bytes,    7460224 total
- age   3:    1241696 bytes,    8701920 total
- age   4:     462176 bytes,    9164096 total
- age   5:    1173864 bytes,   10337960 total
- age   6:    3601808 bytes,   13939768 total
- age   7:    2631184 bytes,   16570952 total
- age   8:     857144 bytes,   17428096 total
: 109248K->21824K(109248K), 0.0089519 secs] 243697K->157564K(502464K), 0.0090304 secs] [Times: user=0.03 sys=0.01, real=0.01 secs] 
Heap after GC invocations=171 (full 1):
 par new generation   total 109248K, used 21824K [0x00000007a0000000, 0x00000007a8000000, 0x00000007a8000000)
  eden space 87424K,   0% used [0x00000007a0000000, 0x00000007a0000000, 0x00000007a5560000)
  from space 21824K, 100% used [0x00000007a6ab0000, 0x00000007a8000000, 0x00000007a8000000)
  to   space 21824K,   0% used [0x00000007a5560000, 0x00000007a5560000, 0x00000007a6ab0000)
 concurrent mark-sweep generation total 393216K, used 135740K [0x00000007a8000000, 0x00000007c0000000, 0x00000007c0000000)
 Metaspace       used 39190K, capacity 40228K, committed 40388K, reserved 1085440K
  class space    used 4290K, capacity 4556K, committed 4580K, reserved 1048576K
}
2017-06-02T17:21:56.431-0100: 103896.258: Total time for which application threads were stopped: 0.0092029 seconds, Stopping threads took: 0.0000171 seconds
{Heap before GC invocations=171 (full 1):
 par new generation   total 109248K, used 109248K [0x00000007a0000000, 0x00000007a8000000, 0x00000007a8000000)
  eden space 87424K, 100% used [0x00000007a0000000, 0x00000007a5560000, 0x00000007a5560000)
  from space 21824K, 100% used [0x00000007a6ab0000, 0x00000007a8000000, 0x00000007a8000000)
  to   space 21824K,   0% used [0x00000007a5560000, 0x00000007a5560000, 0x00000007a6ab0000)
 concurrent mark-sweep generation total 393216K, used 135740K [0x00000007a8000000, 0x00000007c0000000, 0x00000007c0000000)
 Metaspace       used 39190K, capacity 40228K, committed 40388K, reserved 1085440K
  class space    used 4290K, capacity 4556K, committed 4580K, reserved 1048576K
2017-06-02T17:21:56.591-0100: 103896.418: [GC (Allocation Failure) 2017-06-02T17:21:56.592-0100: 103896.419: [ParNew
Desired survivor size 20112992 bytes, new threshold 8 (max 8)
- age   1:     887544 bytes,     887544 total
- age   2:     763784 bytes,    1651328 total
- age   3:    6620048 bytes,    8271376 total
- age   4:    1241696 bytes,    9513072 total
- age   5:     462176 bytes,    9975248 total
- age   6:    1173840 bytes,   11149088 total
- age   7:    3583280 bytes,   14732368 total
- age   8:    2631184 bytes,   17363552 total
: 109248K->21574K(109248K), 0.0089457 secs] 244988K->158162K(502464K), 0.0090257 secs] [Times: user=0.03 sys=0.00, real=0.01 secs] 
Heap after GC invocations=172 (full 1):
 par new generation   total 109248K, used 21574K [0x00000007a0000000, 0x00000007a8000000, 0x00000007a8000000)
  eden space 87424K,   0% used [0x00000007a0000000, 0x00000007a0000000, 0x00000007a5560000)
  from space 21824K,  98% used [0x00000007a5560000, 0x00000007a6a71b60, 0x00000007a6ab0000)
  to   space 21824K,   0% used [0x00000007a6ab0000, 0x00000007a6ab0000, 0x00000007a8000000)
 concurrent mark-sweep generation total 393216K, used 136588K [0x00000007a8000000, 0x00000007c0000000, 0x00000007c0000000)
 Metaspace       used 39190K, capacity 40228K, committed 40388K, reserved 1085440K
  class space    used 4290K, capacity 4556K, committed 4580K, reserved 1048576K
}
2017-06-02T17:21:56.601-0100: 103896.428: Total time for which application threads were stopped: 0.0092139 seconds, Stopping threads took: 0.0000167 seconds
{Heap before GC invocations=172 (full 1):
 par new generation   total 109248K, used 108998K [0x00000007a0000000, 0x00000007a8000000, 0x00000007a8000000)
  eden space 87424K, 100% used [0x00000007a0000000, 0x00000007a5560000, 0x00000007a5560000)
  from space 21824K,  98% used [0x00000007a5560000, 0x00000007a6a71b60, 0x00000007a6ab0000)
  to   space 21824K,   0% used [0x00000007a6ab0000, 0x00000007a6ab0000, 0x00000007a8000000)
 concurrent mark-sweep generation total 393216K, used 136588K [0x00000007a8000000, 0x00000007c0000000, 0x00000007c0000000)
 Metaspace       used 39190K, capacity 40228K, committed 40388K, reserved 1085440K
  class space    used 4290K, capacity 4556K, committed 4580K, reserved 1048576K
2017-06-02T17:21:56.754-0100: 103896.581: [GC (Allocation Failure) 2017-06-02T17:21:56.754-0100: 103896.581: [ParNew
Desired survivor size 20112992 bytes, new threshold 8 (max 8)
- age   1:     875752 bytes,     875752 total
- age   2:     828832 bytes,    1704584 total
- age   3:     763784 bytes,    2468368 total
- age   4:    6620048 bytes,    9088416 total
- age   5:    1241696 bytes,   10330112 total
- age   6:     462176 bytes,   10792288 total
- age   7:    1169072 bytes,   11961360 total
- age   8:    3583280 bytes,   15544640 total
: 108998K->19416K(109248K), 0.0089819 secs] 245586K->158585K(502464K), 0.0090412 secs] [Times: user=0.03 sys=0.00, real=0.01 secs] 
Heap after GC invocations=173 (full 1):
 par new generation   total 109248K, used 19416K [0x00000007a0000000, 0x00000007a8000000, 0x00000007a8000000)
  eden space 87424K,   0% used [0x00000007a0000000, 0x00000007a0000000, 0x00000007a5560000)
  from space 21824K,  88% used [0x00000007a6ab0000, 0x00000007a7da6370, 0x00000007a8000000)
  to   space 21824K,   0% used [0x00000007a5560000, 0x00000007a5560000, 0x00000007a6ab0000)
 concurrent mark-sweep generation total 393216K, used 139168K [0x00000007a8000000, 0x00000007c0000000, 0x00000007c0000000)
 Metaspace       used 39190K, capacity 40228K, committed 40388K, reserved 1085440K
  class space    used 4290K, capacity 4556K, committed 4580K, reserved 1048576K
}
2017-06-02T17:21:56.763-0100: 103896.590: Total time for which application threads were stopped: 0.0092278 seconds, Stopping threads took: 0.0000298 seconds
{Heap before GC invocations=173 (full 1):
 par new generation   total 109248K, used 106840K [0x00000007a0000000, 0x00000007a8000000, 0x00000007a8000000)
  eden space 87424K, 100% used [0x00000007a0000000, 0x00000007a5560000, 0x00000007a5560000)
  from space 21824K,  88% used [0x00000007a6ab0000, 0x00000007a7da6370, 0x00000007a8000000)
  to   space 21824K,   0% used [0x00000007a5560000, 0x00000007a5560000, 0x00000007a6ab0000)
 concurrent mark-sweep generation total 393216K, used 139168K [0x00000007a8000000, 0x00000007c0000000, 0x00000007c0000000)
 Metaspace       used 39190K, capacity 40228K, committed 40388K, reserved 1085440K
  class space    used 4290K, capacity 4556K, committed 4580K, reserved 1048576K
2017-06-02T17:21:56.939-0100: 103896.766: [GC (Allocation Failure) 2017-06-02T17:21:56.939-0100: 103896.766: [ParNew
Desired survivor size 20112992 bytes, new threshold 8 (max 8)
- age   1:     841128 bytes,     841128 total
- age   2:     783128 bytes,    1624256 total
- age   3:     828832 bytes,    2453088 total
- age   4:     763808 bytes,    3216896 total
- age   5:    6620048 bytes,    9836944 total
- age   6:    1241720 bytes,   11078664 total
- age   7:     462176 bytes,   11540840 total
- age   8:    1169072 bytes,   12709912 total
: 106840K->15206K(109248K), 0.0098293 secs] 246009K->157885K(502464K), 0.0099028 secs] [Times: user=0.03 sys=0.01, real=0.01 secs] 
Heap after GC invocations=174 (full 1):
 par new generation   total 109248K, used 15206K [0x00000007a0000000, 0x00000007a8000000, 0x00000007a8000000)
  eden space 87424K,   0% used [0x00000007a0000000, 0x00000007a0000000, 0x00000007a5560000)
  from space 21824K,  69% used [0x00000007a5560000, 0x00000007a6439bb8, 0x00000007a6ab0000)
  to   space 21824K,   0% used [0x00000007a6ab0000, 0x00000007a6ab0000, 0x00000007a8000000)
 concurrent mark-sweep generation total 393216K, used 142678K [0x00000007a8000000, 0x00000007c0000000, 0x00000007c0000000)
 Metaspace       used 39190K, capacity 40228K, committed 40388K, reserved 1085440K
  class space    used 4290K, capacity 4556K, committed 4580K, reserved 1048576K
}
2017-06-02T17:21:56.949-0100: 103896.776: Total time for which application threads were stopped: 0.0100938 seconds, Stopping threads took: 0.0000165 seconds
{Heap before GC invocations=174 (full 1):
 par new generation   total 109248K, used 102630K [0x00000007a0000000, 0x00000007a8000000, 0x00000007a8000000)
  eden space 87424K, 100% used [0x00000007a0000000, 0x00000007a5560000, 0x00000007a5560000)
  from space 21824K,  69% used [0x00000007a5560000, 0x00000007a6439bb8, 0x00000007a6ab0000)
  to   space 21824K,   0% used [0x00000007a6ab0000, 0x00000007a6ab0000, 0x00000007a8000000)
 concurrent mark-sweep generation total 393216K, used 142678K [0x00000007a8000000, 0x00000007c0000000, 0x00000007c0000000)
 Metaspace       used 39190K, capacity 40228K, committed 40388K, reserved 1085440K
  class space    used 4290K, capacity 4556K, committed 4580K, reserved 1048576K
2017-06-02T17:21:57.103-0100: 103896.930: [GC (Allocation Failure) 2017-06-02T17:21:57.103-0100: 103896.930: [ParNew
Desired survivor size 20112992 bytes, new threshold 8 (max 8)
- age   1:    7016296 bytes,    7016296 total
- age   2:     759968 bytes,    7776264 total
- age   3:     783128 bytes,    8559392 total
- age   4:     828832 bytes,    9388224 total
- age   5:     763784 bytes,   10152008 total
- age   6:    6620048 bytes,   16772056 total
- age   7:     415128 bytes,   17187184 total
- age   8:     455792 bytes,   17642976 total
: 102630K->20404K(109248K), 0.0091624 secs] 245309K->164234K(502464K), 0.0092230 secs] [Times: user=0.03 sys=0.00, real=0.01 secs] 
Heap after GC invocations=175 (full 1):
 par new generation   total 109248K, used 20404K [0x00000007a0000000, 0x00000007a8000000, 0x00000007a8000000)
  eden space 87424K,   0% used [0x00000007a0000000, 0x00000007a0000000, 0x00000007a5560000)
  from space 21824K,  93% used [0x00000007a6ab0000, 0x00000007a7e9d000, 0x00000007a8000000)
  to   space 21824K,   0% used [0x00000007a5560000, 0x00000007a5560000, 0x00000007a6ab0000)
 concurrent mark-sweep generation total 393216K, used 143830K [0x00000007a8000000, 0x00000007c0000000, 0x00000007c0000000)
 Metaspace       used 39190K, capacity 40228K, committed 40388K, reserved 1085440K
  class space    used 4290K, capacity 4556K, committed 4580K, reserved 1048576K
}
2017-06-02T17:21:57.112-0100: 103896.939: Total time for which application threads were stopped: 0.0094041 seconds, Stopping threads took: 0.0000173 seconds
2017-06-02T17:21:57.268-0100: 103897.095: Total time for which application threads were stopped: 0.0000946 seconds, Stopping threads took: 0.0000160 seconds
2017-06-02T17:21:57.268-0100: 103897.095: Total time for which application threads were stopped: 0.0000599 seconds, Stopping threads took: 0.0000094 seconds
{Heap before GC invocations=175 (full 1):
 par new generation   total 109248K, used 107828K [0x00000007a0000000, 0x00000007a8000000, 0x00000007a8000000)
  eden space 87424K, 100% used [0x00000007a0000000, 0x00000007a5560000, 0x00000007a5560000)
  from space 21824K,  93% used [0x00000007a6ab0000, 0x00000007a7e9d000, 0x00000007a8000000)
  to   space 21824K,   0% used [0x00000007a5560000, 0x00000007a5560000, 0x00000007a6ab0000)
 concurrent mark-sweep generation total 393216K, used 143830K [0x00000007a8000000, 0x00000007c0000000, 0x00000007c0000000)
 Metaspace       used 39194K, capacity 40228K, committed 40388K, reserved 1085440K
  class space    used 4290K, capacity 4556K, committed 4580K, reserved 1048576K
2017-06-02T17:21:57.414-0100: 103897.241: [GC (Allocation Failure) 2017-06-02T17:21:57.414-0100: 103897.241: [ParNew
Desired survivor size 20112992 bytes, new threshold 7 (max 8)
- age   1:    4767456 bytes,    4767456 total
- age   2:    6819096 bytes,   11586552 total
- age   3:     628096 bytes,   12214648 total
- age   4:     657456 bytes,   12872104 total
- age   5:     696648 bytes,   13568752 total
- age   6:     629096 bytes,   14197848 total
- age   7:    6500032 bytes,   20697880 total
- age   8:     284296 bytes,   20982176 total
: 107828K->21824K(109248K), 0.0093648 secs] 251658K->166932K(502464K), 0.0094340 secs] [Times: user=0.03 sys=0.00, real=0.01 secs] 
Heap after GC invocations=176 (full 1):
 par new generation   total 109248K, used 21824K [0x00000007a0000000, 0x00000007a8000000, 0x00000007a8000000)
  eden space 87424K,   0% used [0x00000007a0000000, 0x00000007a0000000, 0x00000007a5560000)
  from space 21824K, 100% used [0x00000007a5560000, 0x00000007a6ab0000, 0x00000007a6ab0000)
  to   space 21824K,   0% used [0x00000007a6ab0000, 0x00000007a6ab0000, 0x00000007a8000000)
 concurrent mark-sweep generation total 393216K, used 145108K [0x00000007a8000000, 0x00000007c0000000, 0x00000007c0000000)
 Metaspace       used 39194K, capacity 40228K, committed 40388K, reserved 1085440K
  class space    used 4290K, capacity 4556K, committed 4580K, reserved 1048576K
}
2017-06-02T17:21:57.423-0100: 103897.250: Total time for which application threads were stopped: 0.0102345 seconds, Stopping threads took: 0.0000185 seconds
{Heap before GC invocations=176 (full 1):
 par new generation   total 109248K, used 109248K [0x00000007a0000000, 0x00000007a8000000, 0x00000007a8000000)
  eden space 87424K, 100% used [0x00000007a0000000, 0x00000007a5560000, 0x00000007a5560000)
  from space 21824K, 100% used [0x00000007a5560000, 0x00000007a6ab0000, 0x00000007a6ab0000)
  to   space 21824K,   0% used [0x00000007a6ab0000, 0x00000007a6ab0000, 0x00000007a8000000)
 concurrent mark-sweep generation total 393216K, used 145108K [0x00000007a8000000, 0x00000007c0000000, 0x00000007c0000000)
 Metaspace       used 39198K, capacity 40228K, committed 40388K, reserved 1085440K
  class space    used 4290K, capacity 4556K, committed 4580K, reserved 1048576K
2017-06-02T17:21:58.077-0100: 103897.904: [GC (Allocation Failure) 2017-06-02T17:21:58.077-0100: 103897.904: [ParNew
Desired survivor size 20112992 bytes, new threshold 8 (max 8)
- age   1:     105728 bytes,     105728 total
- age   2:    4714600 bytes,    4820328 total
- age   3:    6819096 bytes,   11639424 total
- age   4:     628096 bytes,   12267520 total
- age   5:     657456 bytes,   12924976 total
- age   6:     696648 bytes,   13621624 total
- age   7:     629096 bytes,   14250720 total
: 109248K->18179K(109248K), 0.0104353 secs] 254356K->169927K(502464K), 0.0104934 secs] [Times: user=0.03 sys=0.01, real=0.01 secs] 
Heap after GC invocations=177 (full 1):
 par new generation   total 109248K, used 18179K [0x00000007a0000000, 0x00000007a8000000, 0x00000007a8000000)
  eden space 87424K,   0% used [0x00000007a0000000, 0x00000007a0000000, 0x00000007a5560000)
  from space 21824K,  83% used [0x00000007a6ab0000, 0x00000007a7c70c58, 0x00000007a8000000)
  to   space 21824K,   0% used [0x00000007a5560000, 0x00000007a5560000, 0x00000007a6ab0000)
 concurrent mark-sweep generation total 393216K, used 151748K [0x00000007a8000000, 0x00000007c0000000, 0x00000007c0000000)
 Metaspace       used 39198K, capacity 40228K, committed 40388K, reserved 1085440K
  class space    used 4290K, capacity 4556K, committed 4580K, reserved 1048576K
}
2017-06-02T17:21:58.088-0100: 103897.915: Total time for which application threads were stopped: 0.0107000 seconds, Stopping threads took: 0.0000183 seconds
{Heap before GC invocations=177 (full 1):
 par new generation   total 109248K, used 105603K [0x00000007a0000000, 0x00000007a8000000, 0x00000007a8000000)
  eden space 87424K, 100% used [0x00000007a0000000, 0x00000007a5560000, 0x00000007a5560000)
  from space 21824K,  83% used [0x00000007a6ab0000, 0x00000007a7c70c58, 0x00000007a8000000)
  to   space 21824K,   0% used [0x00000007a5560000, 0x00000007a5560000, 0x00000007a6ab0000)
 concurrent mark-sweep generation total 393216K, used 151748K [0x00000007a8000000, 0x00000007c0000000, 0x00000007c0000000)
 Metaspace       used 39198K, capacity 40228K, committed 40388K, reserved 1085440K
  class space    used 4290K, capacity 4556K, committed 4580K, reserved 1048576K
2017-06-02T17:21:58.234-0100: 103898.061: [GC (Allocation Failure) 2017-06-02T17:21:58.234-0100: 103898.061: [ParNew
Desired survivor size 20112992 bytes, new threshold 8 (max 8)
- age   1:     144376 bytes,     144376 total
- age   2:      60256 bytes,     204632 total
- age   3:    4714600 bytes,    4919232 total
- age   4:    6819096 bytes,   11738328 total
- age   5:     628096 bytes,   12366424 total
- age   6:     657456 bytes,   13023880 total
- age   7:     696648 bytes,   13720528 total
- age   8:     629096 bytes,   14349624 total
: 105603K->15723K(109248K), 0.0067986 secs] 257351K->167471K(502464K), 0.0068605 secs] [Times: user=0.02 sys=0.00, real=0.01 secs] 
Heap after GC invocations=178 (full 1):
 par new generation   total 109248K, used 15723K [0x00000007a0000000, 0x00000007a8000000, 0x00000007a8000000)
  eden space 87424K,   0% used [0x00000007a0000000, 0x00000007a0000000, 0x00000007a5560000)
  from space 21824K,  72% used [0x00000007a5560000, 0x00000007a64bae70, 0x00000007a6ab0000)
  to   space 21824K,   0% used [0x00000007a6ab0000, 0x00000007a6ab0000, 0x00000007a8000000)
 concurrent mark-sweep generation total 393216K, used 151748K [0x00000007a8000000, 0x00000007c0000000, 0x00000007c0000000)
 Metaspace       used 39198K, capacity 40228K, committed 40388K, reserved 1085440K
  class space    used 4290K, capacity 4556K, committed 4580K, reserved 1048576K
}
2017-06-02T17:21:58.240-0100: 103898.067: Total time for which application threads were stopped: 0.0070439 seconds, Stopping threads took: 0.0000177 seconds
{Heap before GC invocations=178 (full 1):
 par new generation   total 109248K, used 103147K [0x00000007a0000000, 0x00000007a8000000, 0x00000007a8000000)
  eden space 87424K, 100% used [0x00000007a0000000, 0x00000007a5560000, 0x00000007a5560000)
  from space 21824K,  72% used [0x00000007a5560000, 0x00000007a64bae70, 0x00000007a6ab0000)
  to   space 21824K,   0% used [0x00000007a6ab0000, 0x00000007a6ab0000, 0x00000007a8000000)
 concurrent mark-sweep generation total 393216K, used 151748K [0x00000007a8000000, 0x00000007c0000000, 0x00000007c0000000)
 Metaspace       used 39198K, capacity 40228K, committed 40388K, reserved 1085440K
  class space    used 4290K, capacity 4556K, committed 4580K, reserved 1048576K
2017-06-02T17:21:58.329-0100: 103898.156: [GC (Allocation Failure) 2017-06-02T17:21:58.329-0100: 103898.156: [ParNew
Desired survivor size 20112992 bytes, new threshold 8 (max 8)
- age   1:     126216 bytes,     126216 total
- age   2:        992 bytes,     127208 total
- age   3:      60256 bytes,     187464 total
- age   4:    4714600 bytes,    4902064 total
- age   5:    6819096 bytes,   11721160 total
- age   6:     628096 bytes,   12349256 total
- age   7:     657456 bytes,   13006712 total
- age   8:     696648 bytes,   13703360 total
: 103147K->19361K(109248K), 0.0071991 secs] 254895K->171731K(502464K), 0.0072616 secs] [Times: user=0.02 sys=0.00, real=0.01 secs] 
Heap after GC invocations=179 (full 1):
 par new generation   total 109248K, used 19361K [0x00000007a0000000, 0x00000007a8000000, 0x00000007a8000000)
  eden space 87424K,   0% used [0x00000007a0000000, 0x00000007a0000000, 0x00000007a5560000)
  from space 21824K,  88% used [0x00000007a6ab0000, 0x00000007a7d985f8, 0x00000007a8000000)
  to   space 21824K,   0% used [0x00000007a5560000, 0x00000007a5560000, 0x00000007a6ab0000)
 concurrent mark-sweep generation total 393216K, used 152369K [0x00000007a8000000, 0x00000007c0000000, 0x00000007c0000000)
 Metaspace       used 39198K, capacity 40228K, committed 40388K, reserved 1085440K
  class space    used 4290K, capacity 4556K, committed 4580K, reserved 1048576K
}
2017-06-02T17:21:58.336-0100: 103898.163: Total time for which application threads were stopped: 0.0074712 seconds, Stopping threads took: 0.0000212 seconds
{Heap before GC invocations=179 (full 1):
 par new generation   total 109248K, used 106785K [0x00000007a0000000, 0x00000007a8000000, 0x00000007a8000000)
  eden space 87424K, 100% used [0x00000007a0000000, 0x00000007a5560000, 0x00000007a5560000)
  from space 21824K,  88% used [0x00000007a6ab0000, 0x00000007a7d985f8, 0x00000007a8000000)
  to   space 21824K,   0% used [0x00000007a5560000, 0x00000007a5560000, 0x00000007a6ab0000)
 concurrent mark-sweep generation total 393216K, used 152369K [0x00000007a8000000, 0x00000007c0000000, 0x00000007c0000000)
 Metaspace       used 39199K, capacity 40228K, committed 40388K, reserved 1085440K
  class space    used 4290K, capacity 4556K, committed 4580K, reserved 1048576K
2017-06-02T17:21:58.474-0100: 103898.301: [GC (Allocation Failure) 2017-06-02T17:21:58.474-0100: 103898.301: [ParNew
Desired survivor size 20112992 bytes, new threshold 8 (max 8)
- age   1:      48120 bytes,      48120 total
- age   2:        224 bytes,      48344 total
- age   3:        992 bytes,      49336 total
- age   4:      60256 bytes,     109592 total
- age   5:    4714600 bytes,    4824192 total
- age   6:    6819096 bytes,   11643288 total
- age   7:     628096 bytes,   12271384 total
- age   8:     657456 bytes,   12928840 total
: 106785K->15865K(109248K), 0.0070485 secs] 259155K->168923K(502464K), 0.0071126 secs] [Times: user=0.02 sys=0.00, real=0.01 secs] 
Heap after GC invocations=180 (full 1):
 par new generation   total 109248K, used 15865K [0x00000007a0000000, 0x00000007a8000000, 0x00000007a8000000)
  eden space 87424K,   0% used [0x00000007a0000000, 0x00000007a0000000, 0x00000007a5560000)
  from space 21824K,  72% used [0x00000007a5560000, 0x00000007a64de6a0, 0x00000007a6ab0000)
  to   space 21824K,   0% used [0x00000007a6ab0000, 0x00000007a6ab0000, 0x00000007a8000000)
 concurrent mark-sweep generation total 393216K, used 153057K [0x00000007a8000000, 0x00000007c0000000, 0x00000007c0000000)
 Metaspace       used 39199K, capacity 40228K, committed 40388K, reserved 1085440K
  class space    used 4290K, capacity 4556K, committed 4580K, reserved 1048576K
}
2017-06-02T17:21:58.482-0100: 103898.309: Total time for which application threads were stopped: 0.0072991 seconds, Stopping threads took: 0.0000187 seconds
2017-06-02T17:21:58.611-0100: 103898.438: Total time for which application threads were stopped: 0.0001116 seconds, Stopping threads took: 0.0000220 seconds
2017-06-02T17:21:58.611-0100: 103898.438: Total time for which application threads were stopped: 0.0000703 seconds, Stopping threads took: 0.0000101 seconds
2017-06-02T17:21:58.611-0100: 103898.438: Total time for which application threads were stopped: 0.0000661 seconds, Stopping threads took: 0.0000086 seconds
2017-06-02T17:21:58.686-0100: 103898.513: Total time for which application threads were stopped: 0.0001456 seconds, Stopping threads took: 0.0000254 seconds
2017-06-02T17:21:58.686-0100: 103898.513: Total time for which application threads were stopped: 0.0001002 seconds, Stopping threads took: 0.0000133 seconds
2017-06-02T17:21:58.687-0100: 103898.514: Total time for which application threads were stopped: 0.0001853 seconds, Stopping threads took: 0.0000772 seconds
2017-06-02T17:22:01.533-0100: 103901.360: Total time for which application threads were stopped: 0.0002269 seconds, Stopping threads took: 0.0000240 seconds
2017-06-02T17:22:02.533-0100: 103902.360: Total time for which application threads were stopped: 0.0000827 seconds, Stopping threads took: 0.0000189 seconds
2017-06-02T17:22:14.189-0100: 103914.016: Total time for which application threads were stopped: 0.0001241 seconds, Stopping threads took: 0.0000324 seconds
2017-06-02T17:22:15.192-0100: 103915.019: Total time for which application threads were stopped: 0.0000855 seconds, Stopping threads took: 0.0000187 seconds
2017-06-02T17:22:25.016-0100: 103924.843: Total time for which application threads were stopped: 0.0002358 seconds, Stopping threads took: 0.0000176 seconds
2017-06-02T17:22:52.037-0100: 103951.863: Total time for which application threads were stopped: 0.0000931 seconds, Stopping threads took: 0.0000190 seconds
2017-06-02T17:24:32.118-0100: 104051.943: Total time for which application threads were stopped: 0.0000808 seconds, Stopping threads took: 0.0000190 seconds
2017-06-02T17:25:50.498-0100: 104130.322: Total time for which application threads were stopped: 0.0001025 seconds, Stopping threads took: 0.0000188 seconds
2017-06-02T17:25:50.500-0100: 104130.324: Total time for which application threads were stopped: 0.0006310 seconds, Stopping threads took: 0.0000114 seconds
2017-06-02T17:25:50.500-0100: 104130.324: Total time for which application threads were stopped: 0.0002519 seconds, Stopping threads took: 0.0000103 seconds
2017-06-02T17:25:50.501-0100: 104130.326: Total time for which application threads were stopped: 0.0000871 seconds, Stopping threads took: 0.0000107 seconds
{Heap before GC invocations=180 (full 1):
 par new generation   total 109248K, used 103289K [0x00000007a0000000, 0x00000007a8000000, 0x00000007a8000000)
  eden space 87424K, 100% used [0x00000007a0000000, 0x00000007a5560000, 0x00000007a5560000)
  from space 21824K,  72% used [0x00000007a5560000, 0x00000007a64de6a0, 0x00000007a6ab0000)
  to   space 21824K,   0% used [0x00000007a6ab0000, 0x00000007a6ab0000, 0x00000007a8000000)
 concurrent mark-sweep generation total 393216K, used 153057K [0x00000007a8000000, 0x00000007c0000000, 0x00000007c0000000)
 Metaspace       used 39241K, capacity 40228K, committed 40388K, reserved 1085440K
  class space    used 4290K, capacity 4556K, committed 4580K, reserved 1048576K
2017-06-02T17:25:50.536-0100: 104130.360: [GC (Allocation Failure) 2017-06-02T17:25:50.536-0100: 104130.360: [ParNew
Desired survivor size 20112992 bytes, new threshold 8 (max 8)
- age   1:    2078728 bytes,    2078728 total
- age   5:      10896 bytes,    2089624 total
- age   6:    4544736 bytes,    6634360 total
- age   7:    6772392 bytes,   13406752 total
- age   8:     580296 bytes,   13987048 total
: 103289K->16339K(109248K), 0.0065928 secs] 256347K->169995K(502464K), 0.0066554 secs] [Times: user=0.02 sys=0.01, real=0.01 secs] 
Heap after GC invocations=181 (full 1):
 par new generation   total 109248K, used 16339K [0x00000007a0000000, 0x00000007a8000000, 0x00000007a8000000)
  eden space 87424K,   0% used [0x00000007a0000000, 0x00000007a0000000, 0x00000007a5560000)
  from space 21824K,  74% used [0x00000007a6ab0000, 0x00000007a7aa4cf0, 0x00000007a8000000)
  to   space 21824K,   0% used [0x00000007a5560000, 0x00000007a5560000, 0x00000007a6ab0000)
 concurrent mark-sweep generation total 393216K, used 153655K [0x00000007a8000000, 0x00000007c0000000, 0x00000007c0000000)
 Metaspace       used 39241K, capacity 40228K, committed 40388K, reserved 1085440K
  class space    used 4290K, capacity 4556K, committed 4580K, reserved 1048576K
}
2017-06-02T17:25:50.543-0100: 104130.367: Total time for which application threads were stopped: 0.0073194 seconds, Stopping threads took: 0.0000214 seconds
{Heap before GC invocations=181 (full 1):
 par new generation   total 109248K, used 103748K [0x00000007a0000000, 0x00000007a8000000, 0x00000007a8000000)
  eden space 87424K,  99% used [0x00000007a0000000, 0x00000007a555c4d0, 0x00000007a5560000)
  from space 21824K,  74% used [0x00000007a6ab0000, 0x00000007a7aa4cf0, 0x00000007a8000000)
  to   space 21824K,   0% used [0x00000007a5560000, 0x00000007a5560000, 0x00000007a6ab0000)
 concurrent mark-sweep generation total 393216K, used 153655K [0x00000007a8000000, 0x00000007c0000000, 0x00000007c0000000)
 Metaspace       used 39241K, capacity 40228K, committed 40388K, reserved 1085440K
  class space    used 4290K, capacity 4556K, committed 4580K, reserved 1048576K
2017-06-02T17:25:50.686-0100: 104130.510: [GC (Allocation Failure) 2017-06-02T17:25:50.686-0100: 104130.510: [ParNew
Desired survivor size 20112992 bytes, new threshold 8 (max 8)
- age   1:    2270448 bytes,    2270448 total
- age   2:    1764328 bytes,    4034776 total
- age   6:      10896 bytes,    4045672 total
- age   7:    4544736 bytes,    8590408 total
- age   8:    6772392 bytes,   15362800 total
: 103748K->16636K(109248K), 0.0065234 secs] 257404K->170863K(502464K), 0.0066040 secs] [Times: user=0.02 sys=0.00, real=0.01 secs] 
Heap after GC invocations=182 (full 1):
 par new generation   total 109248K, used 16636K [0x00000007a0000000, 0x00000007a8000000, 0x00000007a8000000)
  eden space 87424K,   0% used [0x00000007a0000000, 0x00000007a0000000, 0x00000007a5560000)
  from space 21824K,  76% used [0x00000007a5560000, 0x00000007a659f2d8, 0x00000007a6ab0000)
  to   space 21824K,   0% used [0x00000007a6ab0000, 0x00000007a6ab0000, 0x00000007a8000000)
 concurrent mark-sweep generation total 393216K, used 154227K [0x00000007a8000000, 0x00000007c0000000, 0x00000007c0000000)
 Metaspace       used 39241K, capacity 40228K, committed 40388K, reserved 1085440K
  class space    used 4290K, capacity 4556K, committed 4580K, reserved 1048576K
}
2017-06-02T17:25:50.692-0100: 104130.517: Total time for which application threads were stopped: 0.0068173 seconds, Stopping threads took: 0.0000230 seconds
{Heap before GC invocations=182 (full 1):
 par new generation   total 109248K, used 104054K [0x00000007a0000000, 0x00000007a8000000, 0x00000007a8000000)
  eden space 87424K,  99% used [0x00000007a0000000, 0x00000007a555e620, 0x00000007a5560000)
  from space 21824K,  76% used [0x00000007a5560000, 0x00000007a659f2d8, 0x00000007a6ab0000)
  to   space 21824K,   0% used [0x00000007a6ab0000, 0x00000007a6ab0000, 0x00000007a8000000)
 concurrent mark-sweep generation total 393216K, used 154227K [0x00000007a8000000, 0x00000007c0000000, 0x00000007c0000000)
 Metaspace       used 39241K, capacity 40228K, committed 40388K, reserved 1085440K
  class space    used 4290K, capacity 4556K, committed 4580K, reserved 1048576K
2017-06-02T17:25:50.839-0100: 104130.664: [GC (Allocation Failure) 2017-06-02T17:25:50.840-0100: 104130.664: [ParNew
Desired survivor size 20112992 bytes, new threshold 8 (max 8)
- age   1:    2858216 bytes,    2858216 total
- age   2:    1126064 bytes,    3984280 total
- age   3:    1764328 bytes,    5748608 total
- age   7:      10896 bytes,    5759504 total
- age   8:    4544736 bytes,   10304240 total
: 104054K->12064K(109248K), 0.0081382 secs] 258281K->172908K(502464K), 0.0081999 secs] [Times: user=0.03 sys=0.00, real=0.01 secs] 
Heap after GC invocations=183 (full 1):
 par new generation   total 109248K, used 12064K [0x00000007a0000000, 0x00000007a8000000, 0x00000007a8000000)
  eden space 87424K,   0% used [0x00000007a0000000, 0x00000007a0000000, 0x00000007a5560000)
  from space 21824K,  55% used [0x00000007a6ab0000, 0x00000007a76780d8, 0x00000007a8000000)
  to   space 21824K,   0% used [0x00000007a5560000, 0x00000007a5560000, 0x00000007a6ab0000)
 concurrent mark-sweep generation total 393216K, used 160844K [0x00000007a8000000, 0x00000007c0000000, 0x00000007c0000000)
 Metaspace       used 39241K, capacity 40228K, committed 40388K, reserved 1085440K
  class space    used 4290K, capacity 4556K, committed 4580K, reserved 1048576K
}
2017-06-02T17:25:50.848-0100: 104130.672: Total time for which application threads were stopped: 0.0083751 seconds, Stopping threads took: 0.0000178 seconds
{Heap before GC invocations=183 (full 1):
 par new generation   total 109248K, used 99488K [0x00000007a0000000, 0x00000007a8000000, 0x00000007a8000000)
  eden space 87424K, 100% used [0x00000007a0000000, 0x00000007a5560000, 0x00000007a5560000)
  from space 21824K,  55% used [0x00000007a6ab0000, 0x00000007a76780d8, 0x00000007a8000000)
  to   space 21824K,   0% used [0x00000007a5560000, 0x00000007a5560000, 0x00000007a6ab0000)
 concurrent mark-sweep generation total 393216K, used 160844K [0x00000007a8000000, 0x00000007c0000000, 0x00000007c0000000)
 Metaspace       used 39241K, capacity 40228K, committed 40388K, reserved 1085440K
  class space    used 4290K, capacity 4556K, committed 4580K, reserved 1048576K
2017-06-02T17:25:50.994-0100: 104130.819: [GC (Allocation Failure) 2017-06-02T17:25:50.994-0100: 104130.819: [ParNew
Desired survivor size 20112992 bytes, new threshold 8 (max 8)
- age   1:    3344024 bytes,    3344024 total
- age   2:    1249184 bytes,    4593208 total
- age   3:    1052256 bytes,    5645464 total
- age   4:    1764272 bytes,    7409736 total
- age   8:      10896 bytes,    7420632 total
: 99488K->13281K(109248K), 0.0074330 secs] 260332K->178569K(502464K), 0.0075123 secs] [Times: user=0.02 sys=0.01, real=0.01 secs] 
Heap after GC invocations=184 (full 1):
 par new generation   total 109248K, used 13281K [0x00000007a0000000, 0x00000007a8000000, 0x00000007a8000000)
  eden space 87424K,   0% used [0x00000007a0000000, 0x00000007a0000000, 0x00000007a5560000)
  from space 21824K,  60% used [0x00000007a5560000, 0x00000007a6258700, 0x00000007a6ab0000)
  to   space 21824K,   0% used [0x00000007a6ab0000, 0x00000007a6ab0000, 0x00000007a8000000)
 concurrent mark-sweep generation total 393216K, used 165287K [0x00000007a8000000, 0x00000007c0000000, 0x00000007c0000000)
 Metaspace       used 39241K, capacity 40228K, committed 40388K, reserved 1085440K
  class space    used 4290K, capacity 4556K, committed 4580K, reserved 1048576K
}
2017-06-02T17:25:51.002-0100: 104130.826: Total time for which application threads were stopped: 0.0077289 seconds, Stopping threads took: 0.0000189 seconds
{Heap before GC invocations=184 (full 1):
 par new generation   total 109248K, used 100705K [0x00000007a0000000, 0x00000007a8000000, 0x00000007a8000000)
  eden space 87424K, 100% used [0x00000007a0000000, 0x00000007a5560000, 0x00000007a5560000)
  from space 21824K,  60% used [0x00000007a5560000, 0x00000007a6258700, 0x00000007a6ab0000)
  to   space 21824K,   0% used [0x00000007a6ab0000, 0x00000007a6ab0000, 0x00000007a8000000)
 concurrent mark-sweep generation total 393216K, used 165287K [0x00000007a8000000, 0x00000007c0000000, 0x00000007c0000000)
 Metaspace       used 39241K, capacity 40228K, committed 40388K, reserved 1085440K
  class space    used 4290K, capacity 4556K, committed 4580K, reserved 1048576K
2017-06-02T17:25:51.149-0100: 104130.974: [GC (Allocation Failure) 2017-06-02T17:25:51.149-0100: 104130.974: [ParNew
Desired survivor size 20112992 bytes, new threshold 8 (max 8)
- age   1:    3258592 bytes,    3258592 total
- age   2:    1592696 bytes,    4851288 total
- age   3:    1216400 bytes,    6067688 total
- age   4:    1019392 bytes,    7087080 total
- age   5:    1764272 bytes,    8851352 total
: 100705K->11421K(109248K), 0.0059433 secs] 265993K->176719K(502464K), 0.0060038 secs] [Times: user=0.02 sys=0.00, real=0.01 secs] 
Heap after GC invocations=185 (full 1):
 par new generation   total 109248K, used 11421K [0x00000007a0000000, 0x00000007a8000000, 0x00000007a8000000)
  eden space 87424K,   0% used [0x00000007a0000000, 0x00000007a0000000, 0x00000007a5560000)
  from space 21824K,  52% used [0x00000007a6ab0000, 0x00000007a75d7420, 0x00000007a8000000)
  to   space 21824K,   0% used [0x00000007a5560000, 0x00000007a5560000, 0x00000007a6ab0000)
 concurrent mark-sweep generation total 393216K, used 165298K [0x00000007a8000000, 0x00000007c0000000, 0x00000007c0000000)
 Metaspace       used 39241K, capacity 40228K, committed 40388K, reserved 1085440K
  class space    used 4290K, capacity 4556K, committed 4580K, reserved 1048576K
}
2017-06-02T17:25:51.155-0100: 104130.980: Total time for which application threads were stopped: 0.0061705 seconds, Stopping threads took: 0.0000171 seconds
{Heap before GC invocations=185 (full 1):
 par new generation   total 109248K, used 98845K [0x00000007a0000000, 0x00000007a8000000, 0x00000007a8000000)
  eden space 87424K, 100% used [0x00000007a0000000, 0x00000007a5560000, 0x00000007a5560000)
  from space 21824K,  52% used [0x00000007a6ab0000, 0x00000007a75d7420, 0x00000007a8000000)
  to   space 21824K,   0% used [0x00000007a5560000, 0x00000007a5560000, 0x00000007a6ab0000)
 concurrent mark-sweep generation total 393216K, used 165298K [0x00000007a8000000, 0x00000007c0000000, 0x00000007c0000000)
 Metaspace       used 39241K, capacity 40228K, committed 40388K, reserved 1085440K
  class space    used 4290K, capacity 4556K, committed 4580K, reserved 1048576K
2017-06-02T17:25:51.302-0100: 104131.126: [GC (Allocation Failure) 2017-06-02T17:25:51.302-0100: 104131.126: [ParNew
Desired survivor size 20112992 bytes, new threshold 8 (max 8)
- age   1:    3528552 bytes,    3528552 total
- age   2:    1137120 bytes,    4665672 total
- age   3:    1543496 bytes,    6209168 total
- age   4:    1183552 bytes,    7392720 total
- age   5:    1019296 bytes,    8412016 total
- age   6:    1764208 bytes,   10176224 total
: 98845K->12835K(109248K), 0.0059970 secs] 264143K->178133K(502464K), 0.0060589 secs] [Times: user=0.02 sys=0.00, real=0.00 secs] 
Heap after GC invocations=186 (full 1):
 par new generation   total 109248K, used 12835K [0x00000007a0000000, 0x00000007a8000000, 0x00000007a8000000)
  eden space 87424K,   0% used [0x00000007a0000000, 0x00000007a0000000, 0x00000007a5560000)
  from space 21824K,  58% used [0x00000007a5560000, 0x00000007a61e8dc8, 0x00000007a6ab0000)
  to   space 21824K,   0% used [0x00000007a6ab0000, 0x00000007a6ab0000, 0x00000007a8000000)
 concurrent mark-sweep generation total 393216K, used 165298K [0x00000007a8000000, 0x00000007c0000000, 0x00000007c0000000)
 Metaspace       used 39241K, capacity 40228K, committed 40388K, reserved 1085440K
  class space    used 4290K, capacity 4556K, committed 4580K, reserved 1048576K
}
2017-06-02T17:25:51.308-0100: 104131.132: Total time for which application threads were stopped: 0.0062414 seconds, Stopping threads took: 0.0000200 seconds
{Heap before GC invocations=186 (full 1):
 par new generation   total 109248K, used 100259K [0x00000007a0000000, 0x00000007a8000000, 0x00000007a8000000)
  eden space 87424K, 100% used [0x00000007a0000000, 0x00000007a5560000, 0x00000007a5560000)
  from space 21824K,  58% used [0x00000007a5560000, 0x00000007a61e8dc8, 0x00000007a6ab0000)
  to   space 21824K,   0% used [0x00000007a6ab0000, 0x00000007a6ab0000, 0x00000007a8000000)
 concurrent mark-sweep generation total 393216K, used 165298K [0x00000007a8000000, 0x00000007c0000000, 0x00000007c0000000)
 Metaspace       used 39241K, capacity 40228K, committed 40388K, reserved 1085440K
  class space    used 4290K, capacity 4556K, committed 4580K, reserved 1048576K
2017-06-02T17:25:51.459-0100: 104131.284: [GC (Allocation Failure) 2017-06-02T17:25:51.459-0100: 104131.284: [ParNew
Desired survivor size 20112992 bytes, new threshold 8 (max 8)
- age   1:    4478808 bytes,    4478808 total
- age   2:    1097040 bytes,    5575848 total
- age   3:    1133912 bytes,    6709760 total
- age   4:    1281320 bytes,    7991080 total
- age   5:    1052448 bytes,    9043528 total
- age   6:    1019296 bytes,   10062824 total
- age   7:    1764208 bytes,   11827032 total
: 100259K->16457K(109248K), 0.0060975 secs] 265557K->181756K(502464K), 0.0061603 secs] [Times: user=0.02 sys=0.00, real=0.01 secs] 
Heap after GC invocations=187 (full 1):
 par new generation   total 109248K, used 16457K [0x00000007a0000000, 0x00000007a8000000, 0x00000007a8000000)
  eden space 87424K,   0% used [0x00000007a0000000, 0x00000007a0000000, 0x00000007a5560000)
  from space 21824K,  75% used [0x00000007a6ab0000, 0x00000007a7ac2780, 0x00000007a8000000)
  to   space 21824K,   0% used [0x00000007a5560000, 0x00000007a5560000, 0x00000007a6ab0000)
 concurrent mark-sweep generation total 393216K, used 165298K [0x00000007a8000000, 0x00000007c0000000, 0x00000007c0000000)
 Metaspace       used 39241K, capacity 40228K, committed 40388K, reserved 1085440K
  class space    used 4290K, capacity 4556K, committed 4580K, reserved 1048576K
}
2017-06-02T17:25:51.466-0100: 104131.290: Total time for which application threads were stopped: 0.0063512 seconds, Stopping threads took: 0.0000280 seconds
{Heap before GC invocations=187 (full 1):
 par new generation   total 109248K, used 103881K [0x00000007a0000000, 0x00000007a8000000, 0x00000007a8000000)
  eden space 87424K, 100% used [0x00000007a0000000, 0x00000007a5560000, 0x00000007a5560000)
  from space 21824K,  75% used [0x00000007a6ab0000, 0x00000007a7ac2780, 0x00000007a8000000)
  to   space 21824K,   0% used [0x00000007a5560000, 0x00000007a5560000, 0x00000007a6ab0000)
 concurrent mark-sweep generation total 393216K, used 165298K [0x00000007a8000000, 0x00000007c0000000, 0x00000007c0000000)
 Metaspace       used 39241K, capacity 40228K, committed 40388K, reserved 1085440K
  class space    used 4290K, capacity 4556K, committed 4580K, reserved 1048576K
2017-06-02T17:25:51.616-0100: 104131.441: [GC (Allocation Failure) 2017-06-02T17:25:51.617-0100: 104131.441: [ParNew
Desired survivor size 20112992 bytes, new threshold 8 (max 8)
- age   1:    4281232 bytes,    4281232 total
- age   2:    1730272 bytes,    6011504 total
- age   3:    1098048 bytes,    7109552 total
- age   4:    1035608 bytes,    8145160 total
- age   5:    1249712 bytes,    9394872 total
- age   6:    1036648 bytes,   10431520 total
- age   7:    1019944 bytes,   11451464 total
- age   8:    1764496 bytes,   13215960 total
: 103881K->17824K(109248K), 0.0061994 secs] 269180K->183122K(502464K), 0.0062788 secs] [Times: user=0.02 sys=0.01, real=0.01 secs] 
Heap after GC invocations=188 (full 1):
 par new generation   total 109248K, used 17824K [0x00000007a0000000, 0x00000007a8000000, 0x00000007a8000000)
  eden space 87424K,   0% used [0x00000007a0000000, 0x00000007a0000000, 0x00000007a5560000)
  from space 21824K,  81% used [0x00000007a5560000, 0x00000007a66c80e0, 0x00000007a6ab0000)
  to   space 21824K,   0% used [0x00000007a6ab0000, 0x00000007a6ab0000, 0x00000007a8000000)
 concurrent mark-sweep generation total 393216K, used 165298K [0x00000007a8000000, 0x00000007c0000000, 0x00000007c0000000)
 Metaspace       used 39241K, capacity 40228K, committed 40388K, reserved 1085440K
  class space    used 4290K, capacity 4556K, committed 4580K, reserved 1048576K
}
2017-06-02T17:25:51.623-0100: 104131.447: Total time for which application threads were stopped: 0.0064726 seconds, Stopping threads took: 0.0000169 seconds
{Heap before GC invocations=188 (full 1):
 par new generation   total 109248K, used 105248K [0x00000007a0000000, 0x00000007a8000000, 0x00000007a8000000)
  eden space 87424K, 100% used [0x00000007a0000000, 0x00000007a5560000, 0x00000007a5560000)
  from space 21824K,  81% used [0x00000007a5560000, 0x00000007a66c80e0, 0x00000007a6ab0000)
  to   space 21824K,   0% used [0x00000007a6ab0000, 0x00000007a6ab0000, 0x00000007a8000000)
 concurrent mark-sweep generation total 393216K, used 165298K [0x00000007a8000000, 0x00000007c0000000, 0x00000007c0000000)
 Metaspace       used 39241K, capacity 40228K, committed 40388K, reserved 1085440K
  class space    used 4290K, capacity 4556K, committed 4580K, reserved 1048576K
2017-06-02T17:25:51.776-0100: 104131.601: [GC (Allocation Failure) 2017-06-02T17:25:51.776-0100: 104131.601: [ParNew
Desired survivor size 20112992 bytes, new threshold 8 (max 8)
- age   1:    3212968 bytes,    3212968 total
- age   2:    2813576 bytes,    6026544 total
- age   3:    1685456 bytes,    7712000 total
- age   4:    1098264 bytes,    8810264 total
- age   5:    1035920 bytes,    9846184 total
- age   6:     922120 bytes,   10768304 total
- age   7:    1037368 bytes,   11805672 total
- age   8:    1020304 bytes,   12825976 total
: 105248K->14771K(109248K), 0.0078791 secs] 270546K->181795K(502464K), 0.0079492 secs] [Times: user=0.02 sys=0.00, real=0.01 secs] 
Heap after GC invocations=189 (full 1):
 par new generation   total 109248K, used 14771K [0x00000007a0000000, 0x00000007a8000000, 0x00000007a8000000)
  eden space 87424K,   0% used [0x00000007a0000000, 0x00000007a0000000, 0x00000007a5560000)
  from space 21824K,  67% used [0x00000007a6ab0000, 0x00000007a791cc70, 0x00000007a8000000)
  to   space 21824K,   0% used [0x00000007a5560000, 0x00000007a5560000, 0x00000007a6ab0000)
 concurrent mark-sweep generation total 393216K, used 167024K [0x00000007a8000000, 0x00000007c0000000, 0x00000007c0000000)
 Metaspace       used 39241K, capacity 40228K, committed 40388K, reserved 1085440K
  class space    used 4290K, capacity 4556K, committed 4580K, reserved 1048576K
}
2017-06-02T17:25:51.784-0100: 104131.609: Total time for which application threads were stopped: 0.0081393 seconds, Stopping threads took: 0.0000160 seconds
{Heap before GC invocations=189 (full 1):
 par new generation   total 109248K, used 102195K [0x00000007a0000000, 0x00000007a8000000, 0x00000007a8000000)
  eden space 87424K, 100% used [0x00000007a0000000, 0x00000007a5560000, 0x00000007a5560000)
  from space 21824K,  67% used [0x00000007a6ab0000, 0x00000007a791cc70, 0x00000007a8000000)
  to   space 21824K,   0% used [0x00000007a5560000, 0x00000007a5560000, 0x00000007a6ab0000)
 concurrent mark-sweep generation total 393216K, used 167024K [0x00000007a8000000, 0x00000007c0000000, 0x00000007c0000000)
 Metaspace       used 39241K, capacity 40228K, committed 40388K, reserved 1085440K
  class space    used 4290K, capacity 4556K, committed 4580K, reserved 1048576K
2017-06-02T17:25:51.935-0100: 104131.760: [GC (Allocation Failure) 2017-06-02T17:25:51.935-0100: 104131.760: [ParNew
Desired survivor size 20112992 bytes, new threshold 8 (max 8)
- age   1:    4311992 bytes,    4311992 total
- age   2:    2094184 bytes,    6406176 total
- age   3:    1082984 bytes,    7489160 total
- age   4:    1682192 bytes,    9171352 total
- age   5:    1000032 bytes,   10171384 total
- age   6:    1035872 bytes,   11207256 total
- age   7:     922048 bytes,   12129304 total
- age   8:    1037560 bytes,   13166864 total
: 102195K->15875K(109248K), 0.0066286 secs] 269219K->183905K(502464K), 0.0067008 secs] [Times: user=0.02 sys=0.00, real=0.01 secs] 
Heap after GC invocations=190 (full 1):
 par new generation   total 109248K, used 15875K [0x00000007a0000000, 0x00000007a8000000, 0x00000007a8000000)
  eden space 87424K,   0% used [0x00000007a0000000, 0x00000007a0000000, 0x00000007a5560000)
  from space 21824K,  72% used [0x00000007a5560000, 0x00000007a64e0fa0, 0x00000007a6ab0000)
  to   space 21824K,   0% used [0x00000007a6ab0000, 0x00000007a6ab0000, 0x00000007a8000000)
 concurrent mark-sweep generation total 393216K, used 168030K [0x00000007a8000000, 0x00000007c0000000, 0x00000007c0000000)
 Metaspace       used 39241K, capacity 40228K, committed 40388K, reserved 1085440K
  class space    used 4290K, capacity 4556K, committed 4580K, reserved 1048576K
}
2017-06-02T17:25:51.942-0100: 104131.766: Total time for which application threads were stopped: 0.0068773 seconds, Stopping threads took: 0.0000168 seconds
{Heap before GC invocations=190 (full 1):
 par new generation   total 109248K, used 103299K [0x00000007a0000000, 0x00000007a8000000, 0x00000007a8000000)
  eden space 87424K, 100% used [0x00000007a0000000, 0x00000007a5560000, 0x00000007a5560000)
  from space 21824K,  72% used [0x00000007a5560000, 0x00000007a64e0fa0, 0x00000007a6ab0000)
  to   space 21824K,   0% used [0x00000007a6ab0000, 0x00000007a6ab0000, 0x00000007a8000000)
 concurrent mark-sweep generation total 393216K, used 168030K [0x00000007a8000000, 0x00000007c0000000, 0x00000007c0000000)
 Metaspace       used 39241K, capacity 40228K, committed 40388K, reserved 1085440K
  class space    used 4290K, capacity 4556K, committed 4580K, reserved 1048576K
2017-06-02T17:25:52.098-0100: 104131.922: [GC (Allocation Failure) 2017-06-02T17:25:52.098-0100: 104131.922: [ParNew
Desired survivor size 20112992 bytes, new threshold 8 (max 8)
- age   1:    4281720 bytes,    4281720 total
- age   2:    1842096 bytes,    6123816 total
- age   3:    1577048 bytes,    7700864 total
- age   4:    1081904 bytes,    8782768 total
- age   5:    1680776 bytes,   10463544 total
- age   6:     998408 bytes,   11461952 total
- age   7:     968944 bytes,   12430896 total
- age   8:     920824 bytes,   13351720 total
: 103299K->21490K(109248K), 0.0066394 secs] 271329K->190542K(502464K), 0.0067133 secs] [Times: user=0.02 sys=0.00, real=0.01 secs] 
Heap after GC invocations=191 (full 1):
 par new generation   total 109248K, used 21490K [0x00000007a0000000, 0x00000007a8000000, 0x00000007a8000000)
  eden space 87424K,   0% used [0x00000007a0000000, 0x00000007a0000000, 0x00000007a5560000)
  from space 21824K,  98% used [0x00000007a6ab0000, 0x00000007a7faca68, 0x00000007a8000000)
  to   space 21824K,   0% used [0x00000007a5560000, 0x00000007a5560000, 0x00000007a6ab0000)
 concurrent mark-sweep generation total 393216K, used 169052K [0x00000007a8000000, 0x00000007c0000000, 0x00000007c0000000)
 Metaspace       used 39241K, capacity 40228K, committed 40388K, reserved 1085440K
  class space    used 4290K, capacity 4556K, committed 4580K, reserved 1048576K
}
2017-06-02T17:25:52.104-0100: 104131.929: Total time for which application threads were stopped: 0.0068870 seconds, Stopping threads took: 0.0000175 seconds
{Heap before GC invocations=191 (full 1):
 par new generation   total 109248K, used 108914K [0x00000007a0000000, 0x00000007a8000000, 0x00000007a8000000)
  eden space 87424K, 100% used [0x00000007a0000000, 0x00000007a5560000, 0x00000007a5560000)
  from space 21824K,  98% used [0x00000007a6ab0000, 0x00000007a7faca68, 0x00000007a8000000)
  to   space 21824K,   0% used [0x00000007a5560000, 0x00000007a5560000, 0x00000007a6ab0000)
 concurrent mark-sweep generation total 393216K, used 169052K [0x00000007a8000000, 0x00000007c0000000, 0x00000007c0000000)
 Metaspace       used 39241K, capacity 40228K, committed 40388K, reserved 1085440K
  class space    used 4290K, capacity 4556K, committed 4580K, reserved 1048576K
2017-06-02T17:25:52.257-0100: 104132.081: [GC (Allocation Failure) 2017-06-02T17:25:52.257-0100: 104132.081: [ParNew
Desired survivor size 20112992 bytes, new threshold 8 (max 8)
- age   1:    3572264 bytes,    3572264 total
- age   2:    2341344 bytes,    5913608 total
- age   3:    1347560 bytes,    7261168 total
- age   4:    1577048 bytes,    8838216 total
- age   5:    1081904 bytes,    9920120 total
- age   6:    1680776 bytes,   11600896 total
- age   7:     998408 bytes,   12599304 total
- age   8:     968944 bytes,   13568248 total
: 108914K->17102K(109248K), 0.0067202 secs] 277966K->187064K(502464K), 0.0067785 secs] [Times: user=0.02 sys=0.01, real=0.01 secs] 
Heap after GC invocations=192 (full 1):
 par new generation   total 109248K, used 17102K [0x00000007a0000000, 0x00000007a8000000, 0x00000007a8000000)
  eden space 87424K,   0% used [0x00000007a0000000, 0x00000007a0000000, 0x00000007a5560000)
  from space 21824K,  78% used [0x00000007a5560000, 0x00000007a6613820, 0x00000007a6ab0000)
  to   space 21824K,   0% used [0x00000007a6ab0000, 0x00000007a6ab0000, 0x00000007a8000000)
 concurrent mark-sweep generation total 393216K, used 169962K [0x00000007a8000000, 0x00000007c0000000, 0x00000007c0000000)
 Metaspace       used 39241K, capacity 40228K, committed 40388K, reserved 1085440K
  class space    used 4290K, capacity 4556K, committed 4580K, reserved 1048576K
}
2017-06-02T17:25:52.263-0100: 104132.088: Total time for which application threads were stopped: 0.0069601 seconds, Stopping threads took: 0.0000175 seconds
{Heap before GC invocations=192 (full 1):
 par new generation   total 109248K, used 104526K [0x00000007a0000000, 0x00000007a8000000, 0x00000007a8000000)
  eden space 87424K, 100% used [0x00000007a0000000, 0x00000007a5560000, 0x00000007a5560000)
  from space 21824K,  78% used [0x00000007a5560000, 0x00000007a6613820, 0x00000007a6ab0000)
  to   space 21824K,   0% used [0x00000007a6ab0000, 0x00000007a6ab0000, 0x00000007a8000000)
 concurrent mark-sweep generation total 393216K, used 169962K [0x00000007a8000000, 0x00000007c0000000, 0x00000007c0000000)
 Metaspace       used 39241K, capacity 40228K, committed 40388K, reserved 1085440K
  class space    used 4290K, capacity 4556K, committed 4580K, reserved 1048576K
2017-06-02T17:25:52.421-0100: 104132.246: [GC (Allocation Failure) 2017-06-02T17:25:52.421-0100: 104132.246: [ParNew
Desired survivor size 20112992 bytes, new threshold 8 (max 8)
- age   1:    2958152 bytes,    2958152 total
- age   2:    3308248 bytes,    6266400 total
- age   3:    1683256 bytes,    7949656 total
- age   4:    1066000 bytes,    9015656 total
- age   5:    1525864 bytes,   10541520 total
- age   6:    1081752 bytes,   11623272 total
- age   7:    1418616 bytes,   13041888 total
- age   8:     932856 bytes,   13974744 total
: 104526K->17311K(109248K), 0.0067599 secs] 274488K->188230K(502464K), 0.0068367 secs] [Times: user=0.02 sys=0.00, real=0.00 secs] 
Heap after GC invocations=193 (full 1):
 par new generation   total 109248K, used 17311K [0x00000007a0000000, 0x00000007a8000000, 0x00000007a8000000)
  eden space 87424K,   0% used [0x00000007a0000000, 0x00000007a0000000, 0x00000007a5560000)
  from space 21824K,  79% used [0x00000007a6ab0000, 0x00000007a7b97dd0, 0x00000007a8000000)
  to   space 21824K,   0% used [0x00000007a5560000, 0x00000007a5560000, 0x00000007a6ab0000)
 concurrent mark-sweep generation total 393216K, used 170918K [0x00000007a8000000, 0x00000007c0000000, 0x00000007c0000000)
 Metaspace       used 39241K, capacity 40228K, committed 40388K, reserved 1085440K
  class space    used 4290K, capacity 4556K, committed 4580K, reserved 1048576K
}
2017-06-02T17:25:52.428-0100: 104132.252: Total time for which application threads were stopped: 0.0070138 seconds, Stopping threads took: 0.0000180 seconds
{Heap before GC invocations=193 (full 1):
 par new generation   total 109248K, used 104735K [0x00000007a0000000, 0x00000007a8000000, 0x00000007a8000000)
  eden space 87424K, 100% used [0x00000007a0000000, 0x00000007a5560000, 0x00000007a5560000)
  from space 21824K,  79% used [0x00000007a6ab0000, 0x00000007a7b97dd0, 0x00000007a8000000)
  to   space 21824K,   0% used [0x00000007a5560000, 0x00000007a5560000, 0x00000007a6ab0000)
 concurrent mark-sweep generation total 393216K, used 170918K [0x00000007a8000000, 0x00000007c0000000, 0x00000007c0000000)
 Metaspace       used 39241K, capacity 40228K, committed 40388K, reserved 1085440K
  class space    used 4290K, capacity 4556K, committed 4580K, reserved 1048576K
2017-06-02T17:25:52.594-0100: 104132.418: [GC (Allocation Failure) 2017-06-02T17:25:52.594-0100: 104132.418: [ParNew
Desired survivor size 20112992 bytes, new threshold 8 (max 8)
- age   1:    5797216 bytes,    5797216 total
- age   2:    2160648 bytes,    7957864 total
- age   3:     836056 bytes,    8793920 total
- age   4:     970616 bytes,    9764536 total
- age   5:    1061048 bytes,   10825584 total
- age   6:    1525864 bytes,   12351448 total
- age   7:    1081752 bytes,   13433200 total
- age   8:    1156456 bytes,   14589656 total
: 104735K->20276K(109248K), 0.0071935 secs] 275654K->192116K(502464K), 0.0072590 secs] [Times: user=0.02 sys=0.00, real=0.01 secs] 
Heap after GC invocations=194 (full 1):
 par new generation   total 109248K, used 20276K [0x00000007a0000000, 0x00000007a8000000, 0x00000007a8000000)
  eden space 87424K,   0% used [0x00000007a0000000, 0x00000007a0000000, 0x00000007a5560000)
  from space 21824K,  92% used [0x00000007a5560000, 0x00000007a692d088, 0x00000007a6ab0000)
  to   space 21824K,   0% used [0x00000007a6ab0000, 0x00000007a6ab0000, 0x00000007a8000000)
 concurrent mark-sweep generation total 393216K, used 171840K [0x00000007a8000000, 0x00000007c0000000, 0x00000007c0000000)
 Metaspace       used 39241K, capacity 40228K, committed 40388K, reserved 1085440K
  class space    used 4290K, capacity 4556K, committed 4580K, reserved 1048576K
}
2017-06-02T17:25:52.601-0100: 104132.426: Total time for which application threads were stopped: 0.0074484 seconds, Stopping threads took: 0.0000176 seconds
{Heap before GC invocations=194 (full 1):
 par new generation   total 109248K, used 107700K [0x00000007a0000000, 0x00000007a8000000, 0x00000007a8000000)
  eden space 87424K, 100% used [0x00000007a0000000, 0x00000007a5560000, 0x00000007a5560000)
  from space 21824K,  92% used [0x00000007a5560000, 0x00000007a692d088, 0x00000007a6ab0000)
  to   space 21824K,   0% used [0x00000007a6ab0000, 0x00000007a6ab0000, 0x00000007a8000000)
 concurrent mark-sweep generation total 393216K, used 171840K [0x00000007a8000000, 0x00000007c0000000, 0x00000007c0000000)
 Metaspace       used 39241K, capacity 40228K, committed 40388K, reserved 1085440K
  class space    used 4290K, capacity 4556K, committed 4580K, reserved 1048576K
2017-06-02T17:25:52.755-0100: 104132.580: [GC (Allocation Failure) 2017-06-02T17:25:52.755-0100: 104132.580: [ParNew
Desired survivor size 20112992 bytes, new threshold 8 (max 8)
- age   1:    2393072 bytes,    2393072 total
- age   2:    5019984 bytes,    7413056 total
- age   3:    1616896 bytes,    9029952 total
- age   4:     836056 bytes,    9866008 total
- age   5:     970616 bytes,   10836624 total
- age   6:    1061048 bytes,   11897672 total
- age   7:    1525864 bytes,   13423536 total
- age   8:    1081752 bytes,   14505288 total
: 107700K->19143K(109248K), 0.0070435 secs] 279540K->192124K(502464K), 0.0071161 secs] [Times: user=0.03 sys=0.00, real=0.01 secs] 
Heap after GC invocations=195 (full 1):
 par new generation   total 109248K, used 19143K [0x00000007a0000000, 0x00000007a8000000, 0x00000007a8000000)
  eden space 87424K,   0% used [0x00000007a0000000, 0x00000007a0000000, 0x00000007a5560000)
  from space 21824K,  87% used [0x00000007a6ab0000, 0x00000007a7d61f60, 0x00000007a8000000)
  to   space 21824K,   0% used [0x00000007a5560000, 0x00000007a5560000, 0x00000007a6ab0000)
 concurrent mark-sweep generation total 393216K, used 172980K [0x00000007a8000000, 0x00000007c0000000, 0x00000007c0000000)
 Metaspace       used 39241K, capacity 40228K, committed 40388K, reserved 1085440K
  class space    used 4290K, capacity 4556K, committed 4580K, reserved 1048576K
}
2017-06-02T17:25:52.762-0100: 104132.587: Total time for which application threads were stopped: 0.0072916 seconds, Stopping threads took: 0.0000186 seconds
{Heap before GC invocations=195 (full 1):
 par new generation   total 109248K, used 106567K [0x00000007a0000000, 0x00000007a8000000, 0x00000007a8000000)
  eden space 87424K, 100% used [0x00000007a0000000, 0x00000007a5560000, 0x00000007a5560000)
  from space 21824K,  87% used [0x00000007a6ab0000, 0x00000007a7d61f60, 0x00000007a8000000)
  to   space 21824K,   0% used [0x00000007a5560000, 0x00000007a5560000, 0x00000007a6ab0000)
 concurrent mark-sweep generation total 393216K, used 172980K [0x00000007a8000000, 0x00000007c0000000, 0x00000007c0000000)
 Metaspace       used 39241K, capacity 40228K, committed 40388K, reserved 1085440K
  class space    used 4290K, capacity 4556K, committed 4580K, reserved 1048576K
2017-06-02T17:25:52.909-0100: 104132.733: [GC (Allocation Failure) 2017-06-02T17:25:52.909-0100: 104132.733: [ParNew
Desired survivor size 20112992 bytes, new threshold 8 (max 8)
- age   1:    4857128 bytes,    4857128 total
- age   2:    2308584 bytes,    7165712 total
- age   3:    1539912 bytes,    8705624 total
- age   4:    1561808 bytes,   10267432 total
- age   5:     836056 bytes,   11103488 total
- age   6:     970616 bytes,   12074104 total
- age   7:    1061048 bytes,   13135152 total
- age   8:    1525864 bytes,   14661016 total
: 106567K->18032K(109248K), 0.0071224 secs] 279548K->192079K(502464K), 0.0071851 secs] [Times: user=0.02 sys=0.00, real=0.01 secs] 
Heap after GC invocations=196 (full 1):
 par new generation   total 109248K, used 18032K [0x00000007a0000000, 0x00000007a8000000, 0x00000007a8000000)
  eden space 87424K,   0% used [0x00000007a0000000, 0x00000007a0000000, 0x00000007a5560000)
  from space 21824K,  82% used [0x00000007a5560000, 0x00000007a66fc040, 0x00000007a6ab0000)
  to   space 21824K,   0% used [0x00000007a6ab0000, 0x00000007a6ab0000, 0x00000007a8000000)
 concurrent mark-sweep generation total 393216K, used 174047K [0x00000007a8000000, 0x00000007c0000000, 0x00000007c0000000)
 Metaspace       used 39241K, capacity 40228K, committed 40388K, reserved 1085440K
  class space    used 4290K, capacity 4556K, committed 4580K, reserved 1048576K
}
2017-06-02T17:25:52.916-0100: 104132.740: Total time for which application threads were stopped: 0.0073562 seconds, Stopping threads took: 0.0000173 seconds
{Heap before GC invocations=196 (full 1):
 par new generation   total 109248K, used 105456K [0x00000007a0000000, 0x00000007a8000000, 0x00000007a8000000)
  eden space 87424K, 100% used [0x00000007a0000000, 0x00000007a5560000, 0x00000007a5560000)
  from space 21824K,  82% used [0x00000007a5560000, 0x00000007a66fc040, 0x00000007a6ab0000)
  to   space 21824K,   0% used [0x00000007a6ab0000, 0x00000007a6ab0000, 0x00000007a8000000)
 concurrent mark-sweep generation total 393216K, used 174047K [0x00000007a8000000, 0x00000007c0000000, 0x00000007c0000000)
 Metaspace       used 39241K, capacity 40228K, committed 40388K, reserved 1085440K
  class space    used 4290K, capacity 4556K, committed 4580K, reserved 1048576K
2017-06-02T17:25:53.071-0100: 104132.895: [GC (Allocation Failure) 2017-06-02T17:25:53.071-0100: 104132.895: [ParNew
Desired survivor size 20112992 bytes, new threshold 8 (max 8)
- age   1:    1931760 bytes,    1931760 total
- age   2:    4809784 bytes,    6741544 total
- age   3:    1696864 bytes,    8438408 total
- age   4:    1338784 bytes,    9777192 total
- age   5:    1561808 bytes,   11339000 total
- age   6:     836056 bytes,   12175056 total
- age   7:     970616 bytes,   13145672 total
- age   8:    1061048 bytes,   14206720 total
: 105456K->16310K(109248K), 0.0072037 secs] 279503K->191859K(502464K), 0.0072636 secs] [Times: user=0.02 sys=0.00, real=0.00 secs] 
Heap after GC invocations=197 (full 1):
 par new generation   total 109248K, used 16310K [0x00000007a0000000, 0x00000007a8000000, 0x00000007a8000000)
  eden space 87424K,   0% used [0x00000007a0000000, 0x00000007a0000000, 0x00000007a5560000)
  from space 21824K,  74% used [0x00000007a6ab0000, 0x00000007a7a9dbe8, 0x00000007a8000000)
  to   space 21824K,   0% used [0x00000007a5560000, 0x00000007a5560000, 0x00000007a6ab0000)
 concurrent mark-sweep generation total 393216K, used 175548K [0x00000007a8000000, 0x00000007c0000000, 0x00000007c0000000)
 Metaspace       used 39241K, capacity 40228K, committed 40388K, reserved 1085440K
  class space    used 4290K, capacity 4556K, committed 4580K, reserved 1048576K
}
2017-06-02T17:25:53.078-0100: 104132.902: Total time for which application threads were stopped: 0.0074323 seconds, Stopping threads took: 0.0000176 seconds
{Heap before GC invocations=197 (full 1):
 par new generation   total 109248K, used 103734K [0x00000007a0000000, 0x00000007a8000000, 0x00000007a8000000)
  eden space 87424K, 100% used [0x00000007a0000000, 0x00000007a5560000, 0x00000007a5560000)
  from space 21824K,  74% used [0x00000007a6ab0000, 0x00000007a7a9dbe8, 0x00000007a8000000)
  to   space 21824K,   0% used [0x00000007a5560000, 0x00000007a5560000, 0x00000007a6ab0000)
 concurrent mark-sweep generation total 393216K, used 175548K [0x00000007a8000000, 0x00000007c0000000, 0x00000007c0000000)
 Metaspace       used 39241K, capacity 40228K, committed 40388K, reserved 1085440K
  class space    used 4290K, capacity 4556K, committed 4580K, reserved 1048576K
2017-06-02T17:25:53.229-0100: 104133.054: [GC (Allocation Failure) 2017-06-02T17:25:53.229-0100: 104133.054: [ParNew
Desired survivor size 20112992 bytes, new threshold 8 (max 8)
- age   1:    6026872 bytes,    6026872 total
- age   2:    1894728 bytes,    7921600 total
- age   3:    2019200 bytes,    9940800 total
- age   4:     870296 bytes,   10811096 total
- age   5:    1338784 bytes,   12149880 total
- age   6:    1561832 bytes,   13711712 total
- age   7:     836056 bytes,   14547768 total
- age   8:     970616 bytes,   15518384 total
: 103734K->21384K(109248K), 0.0071328 secs] 279283K->197979K(502464K), 0.0071947 secs] [Times: user=0.02 sys=0.00, real=0.01 secs] 
Heap after GC invocations=198 (full 1):
 par new generation   total 109248K, used 21384K [0x00000007a0000000, 0x00000007a8000000, 0x00000007a8000000)
  eden space 87424K,   0% used [0x00000007a0000000, 0x00000007a0000000, 0x00000007a5560000)
  from space 21824K,  97% used [0x00000007a5560000, 0x00000007a6a421f0, 0x00000007a6ab0000)
  to   space 21824K,   0% used [0x00000007a6ab0000, 0x00000007a6ab0000, 0x00000007a8000000)
 concurrent mark-sweep generation total 393216K, used 176595K [0x00000007a8000000, 0x00000007c0000000, 0x00000007c0000000)
 Metaspace       used 39241K, capacity 40228K, committed 40388K, reserved 1085440K
  class space    used 4290K, capacity 4556K, committed 4580K, reserved 1048576K
}
2017-06-02T17:25:53.236-0100: 104133.061: Total time for which application threads were stopped: 0.0073707 seconds, Stopping threads took: 0.0000179 seconds
{Heap before GC invocations=198 (full 1):
 par new generation   total 109248K, used 108808K [0x00000007a0000000, 0x00000007a8000000, 0x00000007a8000000)
  eden space 87424K, 100% used [0x00000007a0000000, 0x00000007a5560000, 0x00000007a5560000)
  from space 21824K,  97% used [0x00000007a5560000, 0x00000007a6a421f0, 0x00000007a6ab0000)
  to   space 21824K,   0% used [0x00000007a6ab0000, 0x00000007a6ab0000, 0x00000007a8000000)
 concurrent mark-sweep generation total 393216K, used 176595K [0x00000007a8000000, 0x00000007c0000000, 0x00000007c0000000)
 Metaspace       used 39241K, capacity 40228K, committed 40388K, reserved 1085440K
  class space    used 4290K, capacity 4556K, committed 4580K, reserved 1048576K
2017-06-02T17:25:53.396-0100: 104133.221: [GC (Allocation Failure) 2017-06-02T17:25:53.396-0100: 104133.221: [ParNew
Desired survivor size 20112992 bytes, new threshold 8 (max 8)
- age   1:    2865088 bytes,    2865088 total
- age   2:    5944712 bytes,    8809800 total
- age   3:    1607376 bytes,   10417176 total
- age   4:     894688 bytes,   11311864 total
- age   5:     870296 bytes,   12182160 total
- age   6:    1338784 bytes,   13520944 total
- age   7:    1558496 bytes,   15079440 total
- age   8:     836056 bytes,   15915496 total
: 108808K->20031K(109248K), 0.0077709 secs] 285403K->197585K(502464K), 0.0078451 secs] [Times: user=0.02 sys=0.00, real=0.01 secs] 
Heap after GC invocations=199 (full 1):
 par new generation   total 109248K, used 20031K [0x00000007a0000000, 0x00000007a8000000, 0x00000007a8000000)
  eden space 87424K,   0% used [0x00000007a0000000, 0x00000007a0000000, 0x00000007a5560000)
  from space 21824K,  91% used [0x00000007a6ab0000, 0x00000007a7e3ffc0, 0x00000007a8000000)
  to   space 21824K,   0% used [0x00000007a5560000, 0x00000007a5560000, 0x00000007a6ab0000)
 concurrent mark-sweep generation total 393216K, used 177553K [0x00000007a8000000, 0x00000007c0000000, 0x00000007c0000000)
 Metaspace       used 39241K, capacity 40228K, committed 40388K, reserved 1085440K
  class space    used 4290K, capacity 4556K, committed 4580K, reserved 1048576K
}
2017-06-02T17:25:53.404-0100: 104133.228: Total time for which application threads were stopped: 0.0080176 seconds, Stopping threads took: 0.0000186 seconds
{Heap before GC invocations=199 (full 1):
 par new generation   total 109248K, used 107455K [0x00000007a0000000, 0x00000007a8000000, 0x00000007a8000000)
  eden space 87424K, 100% used [0x00000007a0000000, 0x00000007a5560000, 0x00000007a5560000)
  from space 21824K,  91% used [0x00000007a6ab0000, 0x00000007a7e3ffc0, 0x00000007a8000000)
  to   space 21824K,   0% used [0x00000007a5560000, 0x00000007a5560000, 0x00000007a6ab0000)
 concurrent mark-sweep generation total 393216K, used 177553K [0x00000007a8000000, 0x00000007c0000000, 0x00000007c0000000)
 Metaspace       used 39241K, capacity 40228K, committed 40388K, reserved 1085440K
  class space    used 4290K, capacity 4556K, committed 4580K, reserved 1048576K
2017-06-02T17:25:53.565-0100: 104133.389: [GC (Allocation Failure) 2017-06-02T17:25:53.565-0100: 104133.389: [ParNew
Desired survivor size 20112992 bytes, new threshold 8 (max 8)
- age   1:    2851008 bytes,    2851008 total
- age   2:    2824208 bytes,    5675216 total
- age   3:    5216000 bytes,   10891216 total
- age   4:    1381128 bytes,   12272344 total
- age   5:     894688 bytes,   13167032 total
- age   6:     870296 bytes,   14037328 total
- age   7:    1338784 bytes,   15376112 total
- age   8:    1558496 bytes,   16934608 total
: 107455K->21094K(109248K), 0.0077100 secs] 285009K->199475K(502464K), 0.0077822 secs] [Times: user=0.03 sys=0.00, real=0.01 secs] 
Heap after GC invocations=200 (full 1):
 par new generation   total 109248K, used 21094K [0x00000007a0000000, 0x00000007a8000000, 0x00000007a8000000)
  eden space 87424K,   0% used [0x00000007a0000000, 0x00000007a0000000, 0x00000007a5560000)
  from space 21824K,  96% used [0x00000007a5560000, 0x00000007a69f9b98, 0x00000007a6ab0000)
  to   space 21824K,   0% used [0x00000007a6ab0000, 0x00000007a6ab0000, 0x00000007a8000000)
 concurrent mark-sweep generation total 393216K, used 178380K [0x00000007a8000000, 0x00000007c0000000, 0x00000007c0000000)
 Metaspace       used 39241K, capacity 40228K, committed 40388K, reserved 1085440K
  class space    used 4290K, capacity 4556K, committed 4580K, reserved 1048576K
}
2017-06-02T17:25:53.573-0100: 104133.397: Total time for which application threads were stopped: 0.0079619 seconds, Stopping threads took: 0.0000181 seconds
{Heap before GC invocations=200 (full 1):
 par new generation   total 109248K, used 108518K [0x00000007a0000000, 0x00000007a8000000, 0x00000007a8000000)
  eden space 87424K, 100% used [0x00000007a0000000, 0x00000007a5560000, 0x00000007a5560000)
  from space 21824K,  96% used [0x00000007a5560000, 0x00000007a69f9b98, 0x00000007a6ab0000)
  to   space 21824K,   0% used [0x00000007a6ab0000, 0x00000007a6ab0000, 0x00000007a8000000)
 concurrent mark-sweep generation total 393216K, used 178380K [0x00000007a8000000, 0x00000007c0000000, 0x00000007c0000000)
 Metaspace       used 39241K, capacity 40228K, committed 40388K, reserved 1085440K
  class space    used 4290K, capacity 4556K, committed 4580K, reserved 1048576K
2017-06-02T17:25:53.727-0100: 104133.552: [GC (Allocation Failure) 2017-06-02T17:25:53.727-0100: 104133.552: [ParNew
Desired survivor size 20112992 bytes, new threshold 8 (max 8)
- age   1:    4875024 bytes,    4875024 total
- age   2:    2810712 bytes,    7685736 total
- age   3:    2824208 bytes,   10509944 total
- age   4:    1875392 bytes,   12385336 total
- age   5:     980232 bytes,   13365568 total
- age   6:     894688 bytes,   14260256 total
- age   7:     870296 bytes,   15130552 total
- age   8:    1331360 bytes,   16461912 total
: 108518K->20184K(109248K), 0.0078621 secs] 286899K->200097K(502464K), 0.0079350 secs] [Times: user=0.03 sys=0.01, real=0.01 secs] 
Heap after GC invocations=201 (full 1):
 par new generation   total 109248K, used 20184K [0x00000007a0000000, 0x00000007a8000000, 0x00000007a8000000)
  eden space 87424K,   0% used [0x00000007a0000000, 0x00000007a0000000, 0x00000007a5560000)
  from space 21824K,  92% used [0x00000007a6ab0000, 0x00000007a7e66220, 0x00000007a8000000)
  to   space 21824K,   0% used [0x00000007a5560000, 0x00000007a5560000, 0x00000007a6ab0000)
 concurrent mark-sweep generation total 393216K, used 179913K [0x00000007a8000000, 0x00000007c0000000, 0x00000007c0000000)
 Metaspace       used 39241K, capacity 40228K, committed 40388K, reserved 1085440K
  class space    used 4290K, capacity 4556K, committed 4580K, reserved 1048576K
}
2017-06-02T17:25:53.735-0100: 104133.560: Total time for which application threads were stopped: 0.0081229 seconds, Stopping threads took: 0.0000188 seconds
{Heap before GC invocations=201 (full 1):
 par new generation   total 109248K, used 107608K [0x00000007a0000000, 0x00000007a8000000, 0x00000007a8000000)
  eden space 87424K, 100% used [0x00000007a0000000, 0x00000007a5560000, 0x00000007a5560000)
  from space 21824K,  92% used [0x00000007a6ab0000, 0x00000007a7e66220, 0x00000007a8000000)
  to   space 21824K,   0% used [0x00000007a5560000, 0x00000007a5560000, 0x00000007a6ab0000)
 concurrent mark-sweep generation total 393216K, used 179913K [0x00000007a8000000, 0x00000007c0000000, 0x00000007c0000000)
 Metaspace       used 39241K, capacity 40228K, committed 40388K, reserved 1085440K
  class space    used 4290K, capacity 4556K, committed 4580K, reserved 1048576K
2017-06-02T17:25:53.898-0100: 104133.723: [GC (Allocation Failure) 2017-06-02T17:25:53.898-0100: 104133.723: [ParNew
Desired survivor size 20112992 bytes, new threshold 8 (max 8)
- age   1:    1598216 bytes,    1598216 total
- age   2:    4790968 bytes,    6389184 total
- age   3:    2801672 bytes,    9190856 total
- age   4:    2500928 bytes,   11691784 total
- age   5:    1875392 bytes,   13567176 total
- age   6:     980232 bytes,   14547408 total
- age   7:     832720 bytes,   15380128 total
- age   8:     870296 bytes,   16250424 total
: 107608K->19298K(109248K), 0.0076585 secs] 287521K->200522K(502464K), 0.0077300 secs] [Times: user=0.02 sys=0.00, real=0.01 secs] 
Heap after GC invocations=202 (full 1):
 par new generation   total 109248K, used 19298K [0x00000007a0000000, 0x00000007a8000000, 0x00000007a8000000)
  eden space 87424K,   0% used [0x00000007a0000000, 0x00000007a0000000, 0x00000007a5560000)
  from space 21824K,  88% used [0x00000007a5560000, 0x00000007a6838a60, 0x00000007a6ab0000)
  to   space 21824K,   0% used [0x00000007a6ab0000, 0x00000007a6ab0000, 0x00000007a8000000)
 concurrent mark-sweep generation total 393216K, used 181224K [0x00000007a8000000, 0x00000007c0000000, 0x00000007c0000000)
 Metaspace       used 39241K, capacity 40228K, committed 40388K, reserved 1085440K
  class space    used 4290K, capacity 4556K, committed 4580K, reserved 1048576K
}
2017-06-02T17:25:53.906-0100: 104133.731: Total time for which application threads were stopped: 0.0079216 seconds, Stopping threads took: 0.0000193 seconds
{Heap before GC invocations=202 (full 1):
 par new generation   total 109248K, used 106722K [0x00000007a0000000, 0x00000007a8000000, 0x00000007a8000000)
  eden space 87424K, 100% used [0x00000007a0000000, 0x00000007a5560000, 0x00000007a5560000)
  from space 21824K,  88% used [0x00000007a5560000, 0x00000007a6838a60, 0x00000007a6ab0000)
  to   space 21824K,   0% used [0x00000007a6ab0000, 0x00000007a6ab0000, 0x00000007a8000000)
 concurrent mark-sweep generation total 393216K, used 181224K [0x00000007a8000000, 0x00000007c0000000, 0x00000007c0000000)
 Metaspace       used 39241K, capacity 40228K, committed 40388K, reserved 1085440K
  class space    used 4290K, capacity 4556K, committed 4580K, reserved 1048576K
2017-06-02T17:25:54.066-0100: 104133.890: [GC (Allocation Failure) 2017-06-02T17:25:54.066-0100: 104133.890: [ParNew
Desired survivor size 20112992 bytes, new threshold 8 (max 8)
- age   1:    6327400 bytes,    6327400 total
- age   2:    1555184 bytes,    7882584 total
- age   3:    2445080 bytes,   10327664 total
- age   4:    1501016 bytes,   11828680 total
- age   5:    1235968 bytes,   13064648 total
- age   6:    1875392 bytes,   14940040 total
- age   7:     980232 bytes,   15920272 total
- age   8:     832720 bytes,   16752992 total
: 106722K->21824K(109248K), 0.0076380 secs] 287946K->203908K(502464K), 0.0077023 secs] [Times: user=0.02 sys=0.00, real=0.01 secs] 
Heap after GC invocations=203 (full 1):
 par new generation   total 109248K, used 21824K [0x00000007a0000000, 0x00000007a8000000, 0x00000007a8000000)
  eden space 87424K,   0% used [0x00000007a0000000, 0x00000007a0000000, 0x00000007a5560000)
  from space 21824K, 100% used [0x00000007a6ab0000, 0x00000007a8000000, 0x00000007a8000000)
  to   space 21824K,   0% used [0x00000007a5560000, 0x00000007a5560000, 0x00000007a6ab0000)
 concurrent mark-sweep generation total 393216K, used 182084K [0x00000007a8000000, 0x00000007c0000000, 0x00000007c0000000)
 Metaspace       used 39241K, capacity 40228K, committed 40388K, reserved 1085440K
  class space    used 4290K, capacity 4556K, committed 4580K, reserved 1048576K
}
2017-06-02T17:25:54.074-0100: 104133.898: Total time for which application threads were stopped: 0.0078805 seconds, Stopping threads took: 0.0000178 seconds
{Heap before GC invocations=203 (full 1):
 par new generation   total 109248K, used 109248K [0x00000007a0000000, 0x00000007a8000000, 0x00000007a8000000)
  eden space 87424K, 100% used [0x00000007a0000000, 0x00000007a5560000, 0x00000007a5560000)
  from space 21824K, 100% used [0x00000007a6ab0000, 0x00000007a8000000, 0x00000007a8000000)
  to   space 21824K,   0% used [0x00000007a5560000, 0x00000007a5560000, 0x00000007a6ab0000)
 concurrent mark-sweep generation total 393216K, used 182084K [0x00000007a8000000, 0x00000007c0000000, 0x00000007c0000000)
 Metaspace       used 39241K, capacity 40228K, committed 40388K, reserved 1085440K
  class space    used 4290K, capacity 4556K, committed 4580K, reserved 1048576K
2017-06-02T17:25:54.231-0100: 104134.055: [GC (Allocation Failure) 2017-06-02T17:25:54.231-0100: 104134.055: [ParNew
Desired survivor size 20112992 bytes, new threshold 8 (max 8)
- age   1:    2202832 bytes,    2202832 total
- age   2:    6285888 bytes,    8488720 total
- age   3:    1555184 bytes,   10043904 total
- age   4:    1268192 bytes,   11312096 total
- age   5:    1501016 bytes,   12813112 total
- age   6:    1235968 bytes,   14049080 total
- age   7:    1875392 bytes,   15924472 total
- age   8:     980232 bytes,   16904704 total
: 109248K->21453K(109248K), 0.0078506 secs] 291332K->204362K(502464K), 0.0079345 secs] [Times: user=0.02 sys=0.00, real=0.00 secs] 
Heap after GC invocations=204 (full 1):
 par new generation   total 109248K, used 21453K [0x00000007a0000000, 0x00000007a8000000, 0x00000007a8000000)
  eden space 87424K,   0% used [0x00000007a0000000, 0x00000007a0000000, 0x00000007a5560000)
  from space 21824K,  98% used [0x00000007a5560000, 0x00000007a6a53740, 0x00000007a6ab0000)
  to   space 21824K,   0% used [0x00000007a6ab0000, 0x00000007a6ab0000, 0x00000007a8000000)
 concurrent mark-sweep generation total 393216K, used 182908K [0x00000007a8000000, 0x00000007c0000000, 0x00000007c0000000)
 Metaspace       used 39241K, capacity 40228K, committed 40388K, reserved 1085440K
  class space    used 4290K, capacity 4556K, committed 4580K, reserved 1048576K
}
2017-06-02T17:25:54.239-0100: 104134.063: Total time for which application threads were stopped: 0.0081378 seconds, Stopping threads took: 0.0000180 seconds
{Heap before GC invocations=204 (full 1):
 par new generation   total 109248K, used 108877K [0x00000007a0000000, 0x00000007a8000000, 0x00000007a8000000)
  eden space 87424K, 100% used [0x00000007a0000000, 0x00000007a5560000, 0x00000007a5560000)
  from space 21824K,  98% used [0x00000007a5560000, 0x00000007a6a53740, 0x00000007a6ab0000)
  to   space 21824K,   0% used [0x00000007a6ab0000, 0x00000007a6ab0000, 0x00000007a8000000)
 concurrent mark-sweep generation total 393216K, used 182908K [0x00000007a8000000, 0x00000007c0000000, 0x00000007c0000000)
 Metaspace       used 39241K, capacity 40228K, committed 40388K, reserved 1085440K
  class space    used 4290K, capacity 4556K, committed 4580K, reserved 1048576K
2017-06-02T17:25:54.394-0100: 104134.218: [GC (Allocation Failure) 2017-06-02T17:25:54.394-0100: 104134.218: [ParNew
Desired survivor size 20112992 bytes, new threshold 8 (max 8)
- age   1:    1827032 bytes,    1827032 total
- age   2:    2165752 bytes,    3992784 total
- age   3:    6285888 bytes,   10278672 total
- age   4:    1181360 bytes,   11460032 total
- age   5:     817176 bytes,   12277208 total
- age   6:    1501016 bytes,   13778224 total
- age   7:    1235968 bytes,   15014192 total
- age   8:    1875392 bytes,   16889584 total
: 108877K->19889K(109248K), 0.0078276 secs] 291786K->203766K(502464K), 0.0078919 secs] [Times: user=0.02 sys=0.01, real=0.01 secs] 
Heap after GC invocations=205 (full 1):
 par new generation   total 109248K, used 19889K [0x00000007a0000000, 0x00000007a8000000, 0x00000007a8000000)
  eden space 87424K,   0% used [0x00000007a0000000, 0x00000007a0000000, 0x00000007a5560000)
  from space 21824K,  91% used [0x00000007a6ab0000, 0x00000007a7e1c570, 0x00000007a8000000)
  to   space 21824K,   0% used [0x00000007a5560000, 0x00000007a5560000, 0x00000007a6ab0000)
 concurrent mark-sweep generation total 393216K, used 183876K [0x00000007a8000000, 0x00000007c0000000, 0x00000007c0000000)
 Metaspace       used 39241K, capacity 40228K, committed 40388K, reserved 1085440K
  class space    used 4290K, capacity 4556K, committed 4580K, reserved 1048576K
}
2017-06-02T17:25:54.402-0100: 104134.226: Total time for which application threads were stopped: 0.0080815 seconds, Stopping threads took: 0.0000333 seconds
{Heap before GC invocations=205 (full 1):
 par new generation   total 109248K, used 107313K [0x00000007a0000000, 0x00000007a8000000, 0x00000007a8000000)
  eden space 87424K, 100% used [0x00000007a0000000, 0x00000007a5560000, 0x00000007a5560000)
  from space 21824K,  91% used [0x00000007a6ab0000, 0x00000007a7e1c570, 0x00000007a8000000)
  to   space 21824K,   0% used [0x00000007a5560000, 0x00000007a5560000, 0x00000007a6ab0000)
 concurrent mark-sweep generation total 393216K, used 183876K [0x00000007a8000000, 0x00000007c0000000, 0x00000007c0000000)
 Metaspace       used 39241K, capacity 40228K, committed 40388K, reserved 1085440K
  class space    used 4290K, capacity 4556K, committed 4580K, reserved 1048576K
2017-06-02T17:25:54.571-0100: 104134.396: [GC (Allocation Failure) 2017-06-02T17:25:54.571-0100: 104134.396: [ParNew
Desired survivor size 20112992 bytes, new threshold 8 (max 8)
- age   1:    1142032 bytes,    1142032 total
- age   2:    1768480 bytes,    2910512 total
- age   3:    2165752 bytes,    5076264 total
- age   4:    6285888 bytes,   11362152 total
- age   5:    1181360 bytes,   12543512 total
- age   6:     817176 bytes,   13360688 total
- age   7:    1501016 bytes,   14861704 total
- age   8:    1235968 bytes,   16097672 total
: 107313K->21060K(109248K), 0.0082571 secs] 291190K->206779K(502464K), 0.0083294 secs] [Times: user=0.03 sys=0.00, real=0.01 secs] 
Heap after GC invocations=206 (full 1):
 par new generation   total 109248K, used 21060K [0x00000007a0000000, 0x00000007a8000000, 0x00000007a8000000)
  eden space 87424K,   0% used [0x00000007a0000000, 0x00000007a0000000, 0x00000007a5560000)
  from space 21824K,  96% used [0x00000007a5560000, 0x00000007a69f12e8, 0x00000007a6ab0000)
  to   space 21824K,   0% used [0x00000007a6ab0000, 0x00000007a6ab0000, 0x00000007a8000000)
 concurrent mark-sweep generation total 393216K, used 185718K [0x00000007a8000000, 0x00000007c0000000, 0x00000007c0000000)
 Metaspace       used 39241K, capacity 40228K, committed 40388K, reserved 1085440K
  class space    used 4290K, capacity 4556K, committed 4580K, reserved 1048576K
}
2017-06-02T17:25:54.580-0100: 104134.404: Total time for which application threads were stopped: 0.0085061 seconds, Stopping threads took: 0.0000178 seconds
{Heap before GC invocations=206 (full 1):
 par new generation   total 109248K, used 108484K [0x00000007a0000000, 0x00000007a8000000, 0x00000007a8000000)
  eden space 87424K, 100% used [0x00000007a0000000, 0x00000007a5560000, 0x00000007a5560000)
  from space 21824K,  96% used [0x00000007a5560000, 0x00000007a69f12e8, 0x00000007a6ab0000)
  to   space 21824K,   0% used [0x00000007a6ab0000, 0x00000007a6ab0000, 0x00000007a8000000)
 concurrent mark-sweep generation total 393216K, used 185718K [0x00000007a8000000, 0x00000007c0000000, 0x00000007c0000000)
 Metaspace       used 39241K, capacity 40228K, committed 40388K, reserved 1085440K
  class space    used 4290K, capacity 4556K, committed 4580K, reserved 1048576K
2017-06-02T17:25:54.736-0100: 104134.560: [GC (Allocation Failure) 2017-06-02T17:25:54.736-0100: 104134.560: [ParNew
Desired survivor size 20112992 bytes, new threshold 8 (max 8)
- age   1:    7443528 bytes,    7443528 total
- age   2:    1078168 bytes,    8521696 total
- age   3:    1768480 bytes,   10290176 total
- age   4:    2165752 bytes,   12455928 total
- age   5:    1328240 bytes,   13784168 total
- age   6:    1181360 bytes,   14965528 total
- age   7:     817176 bytes,   15782704 total
- age   8:    1501016 bytes,   17283720 total
: 108484K->21452K(109248K), 0.0081820 secs] 294203K->208389K(502464K), 0.0082438 secs] [Times: user=0.03 sys=0.00, real=0.01 secs] 
Heap after GC invocations=207 (full 1):
 par new generation   total 109248K, used 21452K [0x00000007a0000000, 0x00000007a8000000, 0x00000007a8000000)
  eden space 87424K,   0% used [0x00000007a0000000, 0x00000007a0000000, 0x00000007a5560000)
  from space 21824K,  98% used [0x00000007a6ab0000, 0x00000007a7fa32d0, 0x00000007a8000000)
  to   space 21824K,   0% used [0x00000007a5560000, 0x00000007a5560000, 0x00000007a6ab0000)
 concurrent mark-sweep generation total 393216K, used 186936K [0x00000007a8000000, 0x00000007c0000000, 0x00000007c0000000)
 Metaspace       used 39241K, capacity 40228K, committed 40388K, reserved 1085440K
  class space    used 4290K, capacity 4556K, committed 4580K, reserved 1048576K
}
2017-06-02T17:25:54.744-0100: 104134.568: Total time for which application threads were stopped: 0.0084240 seconds, Stopping threads took: 0.0000187 seconds
{Heap before GC invocations=207 (full 1):
 par new generation   total 109248K, used 108876K [0x00000007a0000000, 0x00000007a8000000, 0x00000007a8000000)
  eden space 87424K, 100% used [0x00000007a0000000, 0x00000007a5560000, 0x00000007a5560000)
  from space 21824K,  98% used [0x00000007a6ab0000, 0x00000007a7fa32d0, 0x00000007a8000000)
  to   space 21824K,   0% used [0x00000007a5560000, 0x00000007a5560000, 0x00000007a6ab0000)
 concurrent mark-sweep generation total 393216K, used 186936K [0x00000007a8000000, 0x00000007c0000000, 0x00000007c0000000)
 Metaspace       used 39241K, capacity 40228K, committed 40388K, reserved 1085440K
  class space    used 4290K, capacity 4556K, committed 4580K, reserved 1048576K
2017-06-02T17:25:54.907-0100: 104134.731: [GC (Allocation Failure) 2017-06-02T17:25:54.907-0100: 104134.731: [ParNew
Desired survivor size 20112992 bytes, new threshold 8 (max 8)
- age   1:    3584000 bytes,    3584000 total
- age   2:    7381616 bytes,   10965616 total
- age   3:    1078168 bytes,   12043784 total
- age   4:    1347896 bytes,   13391680 total
- age   5:     841784 bytes,   14233464 total
- age   6:     760312 bytes,   14993776 total
- age   7:    1111672 bytes,   16105448 total
- age   8:     817176 bytes,   16922624 total
: 108876K->18595K(109248K), 0.0090289 secs] 295813K->207008K(502464K), 0.0091034 secs] [Times: user=0.03 sys=0.00, real=0.01 secs] 
Heap after GC invocations=208 (full 1):
 par new generation   total 109248K, used 18595K [0x00000007a0000000, 0x00000007a8000000, 0x00000007a8000000)
  eden space 87424K,   0% used [0x00000007a0000000, 0x00000007a0000000, 0x00000007a5560000)
  from space 21824K,  85% used [0x00000007a5560000, 0x00000007a6788e60, 0x00000007a6ab0000)
  to   space 21824K,   0% used [0x00000007a6ab0000, 0x00000007a6ab0000, 0x00000007a8000000)
 concurrent mark-sweep generation total 393216K, used 188413K [0x00000007a8000000, 0x00000007c0000000, 0x00000007c0000000)
 Metaspace       used 39241K, capacity 40228K, committed 40388K, reserved 1085440K
  class space    used 4290K, capacity 4556K, committed 4580K, reserved 1048576K
}
2017-06-02T17:25:54.916-0100: 104134.740: Total time for which application threads were stopped: 0.0092967 seconds, Stopping threads took: 0.0000319 seconds
{Heap before GC invocations=208 (full 1):
 par new generation   total 109248K, used 106019K [0x00000007a0000000, 0x00000007a8000000, 0x00000007a8000000)
  eden space 87424K, 100% used [0x00000007a0000000, 0x00000007a5560000, 0x00000007a5560000)
  from space 21824K,  85% used [0x00000007a5560000, 0x00000007a6788e60, 0x00000007a6ab0000)
  to   space 21824K,   0% used [0x00000007a6ab0000, 0x00000007a6ab0000, 0x00000007a8000000)
 concurrent mark-sweep generation total 393216K, used 188413K [0x00000007a8000000, 0x00000007c0000000, 0x00000007c0000000)
 Metaspace       used 39241K, capacity 40228K, committed 40388K, reserved 1085440K
  class space    used 4290K, capacity 4556K, committed 4580K, reserved 1048576K
2017-06-02T17:25:55.084-0100: 104134.909: [GC (Allocation Failure) 2017-06-02T17:25:55.084-0100: 104134.909: [ParNew
Desired survivor size 20112992 bytes, new threshold 8 (max 8)
- age   1:     909928 bytes,     909928 total
- age   2:    3524176 bytes,    4434104 total
- age   3:    7381616 bytes,   11815720 total
- age   4:    1078168 bytes,   12893888 total
- age   5:    1347896 bytes,   14241784 total
- age   6:     841784 bytes,   15083568 total
- age   7:     760312 bytes,   15843880 total
- age   8:    1111672 bytes,   16955552 total
: 106019K->19885K(109248K), 0.0083430 secs] 294432K->209107K(502464K), 0.0084199 secs] [Times: user=0.03 sys=0.00, real=0.01 secs] 
Heap after GC invocations=209 (full 1):
 par new generation   total 109248K, used 19885K [0x00000007a0000000, 0x00000007a8000000, 0x00000007a8000000)
  eden space 87424K,   0% used [0x00000007a0000000, 0x00000007a0000000, 0x00000007a5560000)
  from space 21824K,  91% used [0x00000007a6ab0000, 0x00000007a7e1b690, 0x00000007a8000000)
  to   space 21824K,   0% used [0x00000007a5560000, 0x00000007a5560000, 0x00000007a6ab0000)
 concurrent mark-sweep generation total 393216K, used 189221K [0x00000007a8000000, 0x00000007c0000000, 0x00000007c0000000)
 Metaspace       used 39241K, capacity 40228K, committed 40388K, reserved 1085440K
  class space    used 4290K, capacity 4556K, committed 4580K, reserved 1048576K
}
2017-06-02T17:25:55.093-0100: 104134.917: Total time for which application threads were stopped: 0.0086038 seconds, Stopping threads took: 0.0000183 seconds
{Heap before GC invocations=209 (full 1):
 par new generation   total 109248K, used 107309K [0x00000007a0000000, 0x00000007a8000000, 0x00000007a8000000)
  eden space 87424K, 100% used [0x00000007a0000000, 0x00000007a5560000, 0x00000007a5560000)
  from space 21824K,  91% used [0x00000007a6ab0000, 0x00000007a7e1b690, 0x00000007a8000000)
  to   space 21824K,   0% used [0x00000007a5560000, 0x00000007a5560000, 0x00000007a6ab0000)
 concurrent mark-sweep generation total 393216K, used 189221K [0x00000007a8000000, 0x00000007c0000000, 0x00000007c0000000)
 Metaspace       used 39241K, capacity 40228K, committed 40388K, reserved 1085440K
  class space    used 4290K, capacity 4556K, committed 4580K, reserved 1048576K
2017-06-02T17:25:55.251-0100: 104135.075: [GC (Allocation Failure) 2017-06-02T17:25:55.251-0100: 104135.075: [ParNew
Desired survivor size 20112992 bytes, new threshold 8 (max 8)
- age   1:    1426120 bytes,    1426120 total
- age   2:     824944 bytes,    2251064 total
- age   3:    3521984 bytes,    5773048 total
- age   4:    7196344 bytes,   12969392 total
- age   5:    1076248 bytes,   14045640 total
- age   6:     839024 bytes,   14884664 total
- age   7:     840600 bytes,   15725264 total
- age   8:     759328 bytes,   16484592 total
: 107309K->21824K(109248K), 0.0089536 secs] 296531K->212333K(502464K), 0.0090251 secs] [Times: user=0.02 sys=0.00, real=0.01 secs] 
Heap after GC invocations=210 (full 1):
 par new generation   total 109248K, used 21824K [0x00000007a0000000, 0x00000007a8000000, 0x00000007a8000000)
  eden space 87424K,   0% used [0x00000007a0000000, 0x00000007a0000000, 0x00000007a5560000)
  from space 21824K, 100% used [0x00000007a5560000, 0x00000007a6ab0000, 0x00000007a6ab0000)
  to   space 21824K,   0% used [0x00000007a6ab0000, 0x00000007a6ab0000, 0x00000007a8000000)
 concurrent mark-sweep generation total 393216K, used 190509K [0x00000007a8000000, 0x00000007c0000000, 0x00000007c0000000)
 Metaspace       used 39241K, capacity 40228K, committed 40388K, reserved 1085440K
  class space    used 4290K, capacity 4556K, committed 4580K, reserved 1048576K
}
2017-06-02T17:25:55.260-0100: 104135.084: Total time for which application threads were stopped: 0.0092667 seconds, Stopping threads took: 0.0000228 seconds
{Heap before GC invocations=210 (full 1):
 par new generation   total 109248K, used 109248K [0x00000007a0000000, 0x00000007a8000000, 0x00000007a8000000)
  eden space 87424K, 100% used [0x00000007a0000000, 0x00000007a5560000, 0x00000007a5560000)
  from space 21824K, 100% used [0x00000007a5560000, 0x00000007a6ab0000, 0x00000007a6ab0000)
  to   space 21824K,   0% used [0x00000007a6ab0000, 0x00000007a6ab0000, 0x00000007a8000000)
 concurrent mark-sweep generation total 393216K, used 190509K [0x00000007a8000000, 0x00000007c0000000, 0x00000007c0000000)
 Metaspace       used 39241K, capacity 40228K, committed 40388K, reserved 1085440K
  class space    used 4290K, capacity 4556K, committed 4580K, reserved 1048576K
2017-06-02T17:25:55.416-0100: 104135.240: [GC (Allocation Failure) 2017-06-02T17:25:55.416-0100: 104135.240: [ParNew
Desired survivor size 20112992 bytes, new threshold 8 (max 8)
- age   1:    6718264 bytes,    6718264 total
- age   2:    1369032 bytes,    8087296 total
- age   3:     824944 bytes,    8912240 total
- age   4:    3509104 bytes,   12421344 total
- age   5:    2903320 bytes,   15324664 total
- age   6:    1076248 bytes,   16400912 total
- age   7:     839024 bytes,   17239936 total
- age   8:     840600 bytes,   18080536 total
: 109248K->21824K(109248K), 0.0081816 secs] 299757K->213085K(502464K), 0.0082542 secs] [Times: user=0.03 sys=0.00, real=0.01 secs] 
Heap after GC invocations=211 (full 1):
 par new generation   total 109248K, used 21824K [0x00000007a0000000, 0x00000007a8000000, 0x00000007a8000000)
  eden space 87424K,   0% used [0x00000007a0000000, 0x00000007a0000000, 0x00000007a5560000)
  from space 21824K, 100% used [0x00000007a6ab0000, 0x00000007a8000000, 0x00000007a8000000)
  to   space 21824K,   0% used [0x00000007a5560000, 0x00000007a5560000, 0x00000007a6ab0000)
 concurrent mark-sweep generation total 393216K, used 191261K [0x00000007a8000000, 0x00000007c0000000, 0x00000007c0000000)
 Metaspace       used 39241K, capacity 40228K, committed 40388K, reserved 1085440K
  class space    used 4290K, capacity 4556K, committed 4580K, reserved 1048576K
}
2017-06-02T17:25:55.424-0100: 104135.249: Total time for which application threads were stopped: 0.0084313 seconds, Stopping threads took: 0.0000178 seconds
{Heap before GC invocations=211 (full 1):
 par new generation   total 109248K, used 109248K [0x00000007a0000000, 0x00000007a8000000, 0x00000007a8000000)
  eden space 87424K, 100% used [0x00000007a0000000, 0x00000007a5560000, 0x00000007a5560000)
  from space 21824K, 100% used [0x00000007a6ab0000, 0x00000007a8000000, 0x00000007a8000000)
  to   space 21824K,   0% used [0x00000007a5560000, 0x00000007a5560000, 0x00000007a6ab0000)
 concurrent mark-sweep generation total 393216K, used 191261K [0x00000007a8000000, 0x00000007c0000000, 0x00000007c0000000)
 Metaspace       used 39241K, capacity 40228K, committed 40388K, reserved 1085440K
  class space    used 4290K, capacity 4556K, committed 4580K, reserved 1048576K
2017-06-02T17:25:55.585-0100: 104135.409: [GC (Allocation Failure) 2017-06-02T17:25:55.585-0100: 104135.409: [ParNew
Desired survivor size 20112992 bytes, new threshold 8 (max 8)
- age   1:    3074592 bytes,    3074592 total
- age   2:    6679608 bytes,    9754200 total
- age   3:    1369032 bytes,   11123232 total
- age   4:     824944 bytes,   11948176 total
- age   5:    1559336 bytes,   13507512 total
- age   6:    2903320 bytes,   16410832 total
- age   7:    1076248 bytes,   17487080 total
- age   8:     839024 bytes,   18326104 total
: 109248K->21041K(109248K), 0.0083195 secs] 300509K->213135K(502464K), 0.0083818 secs] [Times: user=0.02 sys=0.00, real=0.01 secs] 
Heap after GC invocations=212 (full 1):
 par new generation   total 109248K, used 21041K [0x00000007a0000000, 0x00000007a8000000, 0x00000007a8000000)
  eden space 87424K,   0% used [0x00000007a0000000, 0x00000007a0000000, 0x00000007a5560000)
  from space 21824K,  96% used [0x00000007a5560000, 0x00000007a69ec720, 0x00000007a6ab0000)
  to   space 21824K,   0% used [0x00000007a6ab0000, 0x00000007a6ab0000, 0x00000007a8000000)
 concurrent mark-sweep generation total 393216K, used 192093K [0x00000007a8000000, 0x00000007c0000000, 0x00000007c0000000)
 Metaspace       used 39241K, capacity 40228K, committed 40388K, reserved 1085440K
  class space    used 4290K, capacity 4556K, committed 4580K, reserved 1048576K
}
2017-06-02T17:25:55.593-0100: 104135.417: Total time for which application threads were stopped: 0.0085580 seconds, Stopping threads took: 0.0000180 seconds
{Heap before GC invocations=212 (full 1):
 par new generation   total 109248K, used 108465K [0x00000007a0000000, 0x00000007a8000000, 0x00000007a8000000)
  eden space 87424K, 100% used [0x00000007a0000000, 0x00000007a5560000, 0x00000007a5560000)
  from space 21824K,  96% used [0x00000007a5560000, 0x00000007a69ec720, 0x00000007a6ab0000)
  to   space 21824K,   0% used [0x00000007a6ab0000, 0x00000007a6ab0000, 0x00000007a8000000)
 concurrent mark-sweep generation total 393216K, used 192093K [0x00000007a8000000, 0x00000007c0000000, 0x00000007c0000000)
 Metaspace       used 39241K, capacity 40228K, committed 40388K, reserved 1085440K
  class space    used 4290K, capacity 4556K, committed 4580K, reserved 1048576K
2017-06-02T17:25:55.753-0100: 104135.578: [GC (Allocation Failure) 2017-06-02T17:25:55.753-0100: 104135.578: [ParNew
Desired survivor size 20112992 bytes, new threshold 8 (max 8)
- age   1:    2676808 bytes,    2676808 total
- age   2:    2975832 bytes,    5652640 total
- age   3:    6679608 bytes,   12332248 total
- age   4:    1369032 bytes,   13701280 total
- age   5:     824944 bytes,   14526224 total
- age   6:    1237168 bytes,   15763392 total
- age   7:    1798856 bytes,   17562248 total
- age   8:    1076248 bytes,   18638496 total
: 108465K->19958K(109248K), 0.0086149 secs] 300559K->212882K(502464K), 0.0086931 secs] [Times: user=0.02 sys=0.01, real=0.01 secs] 
Heap after GC invocations=213 (full 1):
 par new generation   total 109248K, used 19958K [0x00000007a0000000, 0x00000007a8000000, 0x00000007a8000000)
  eden space 87424K,   0% used [0x00000007a0000000, 0x00000007a0000000, 0x00000007a5560000)
  from space 21824K,  91% used [0x00000007a6ab0000, 0x00000007a7e2d9d8, 0x00000007a8000000)
  to   space 21824K,   0% used [0x00000007a5560000, 0x00000007a5560000, 0x00000007a6ab0000)
 concurrent mark-sweep generation total 393216K, used 192923K [0x00000007a8000000, 0x00000007c0000000, 0x00000007c0000000)
 Metaspace       used 39241K, capacity 40228K, committed 40388K, reserved 1085440K
  class space    used 4290K, capacity 4556K, committed 4580K, reserved 1048576K
}
2017-06-02T17:25:55.762-0100: 104135.586: Total time for which application threads were stopped: 0.0089035 seconds, Stopping threads took: 0.0000205 seconds
{Heap before GC invocations=213 (full 1):
 par new generation   total 109248K, used 107382K [0x00000007a0000000, 0x00000007a8000000, 0x00000007a8000000)
  eden space 87424K, 100% used [0x00000007a0000000, 0x00000007a5560000, 0x00000007a5560000)
  from space 21824K,  91% used [0x00000007a6ab0000, 0x00000007a7e2d9d8, 0x00000007a8000000)
  to   space 21824K,   0% used [0x00000007a5560000, 0x00000007a5560000, 0x00000007a6ab0000)
 concurrent mark-sweep generation total 393216K, used 192923K [0x00000007a8000000, 0x00000007c0000000, 0x00000007c0000000)
 Metaspace       used 39242K, capacity 40228K, committed 40388K, reserved 1085440K
  class space    used 4290K, capacity 4556K, committed 4580K, reserved 1048576K
2017-06-02T17:25:55.938-0100: 104135.763: [GC (Allocation Failure) 2017-06-02T17:25:55.939-0100: 104135.763: [ParNew
Desired survivor size 20112992 bytes, new threshold 8 (max 8)
- age   1:    1514112 bytes,    1514112 total
- age   2:    2617768 bytes,    4131880 total
- age   3:    2975832 bytes,    7107712 total
- age   4:    6679608 bytes,   13787320 total
- age   5:    1369032 bytes,   15156352 total
- age   6:     824944 bytes,   15981296 total
- age   7:     920440 bytes,   16901736 total
- age   8:    1798856 bytes,   18700592 total
: 107382K->21824K(109248K), 0.0084852 secs] 300306K->215809K(502464K), 0.0085547 secs] [Times: user=0.02 sys=0.00, real=0.01 secs] 
Heap after GC invocations=214 (full 1):
 par new generation   total 109248K, used 21824K [0x00000007a0000000, 0x00000007a8000000, 0x00000007a8000000)
  eden space 87424K,   0% used [0x00000007a0000000, 0x00000007a0000000, 0x00000007a5560000)
  from space 21824K, 100% used [0x00000007a5560000, 0x00000007a6ab0000, 0x00000007a6ab0000)
  to   space 21824K,   0% used [0x00000007a6ab0000, 0x00000007a6ab0000, 0x00000007a8000000)
 concurrent mark-sweep generation total 393216K, used 193985K [0x00000007a8000000, 0x00000007c0000000, 0x00000007c0000000)
 Metaspace       used 39242K, capacity 40228K, committed 40388K, reserved 1085440K
  class space    used 4290K, capacity 4556K, committed 4580K, reserved 1048576K
}
2017-06-02T17:25:55.947-0100: 104135.771: Total time for which application threads were stopped: 0.0087362 seconds, Stopping threads took: 0.0000170 seconds
{Heap before GC invocations=214 (full 1):
 par new generation   total 109248K, used 109248K [0x00000007a0000000, 0x00000007a8000000, 0x00000007a8000000)
  eden space 87424K, 100% used [0x00000007a0000000, 0x00000007a5560000, 0x00000007a5560000)
  from space 21824K, 100% used [0x00000007a5560000, 0x00000007a6ab0000, 0x00000007a6ab0000)
  to   space 21824K,   0% used [0x00000007a6ab0000, 0x00000007a6ab0000, 0x00000007a8000000)
 concurrent mark-sweep generation total 393216K, used 193985K [0x00000007a8000000, 0x00000007c0000000, 0x00000007c0000000)
 Metaspace       used 39242K, capacity 40228K, committed 40388K, reserved 1085440K
  class space    used 4290K, capacity 4556K, committed 4580K, reserved 1048576K
2017-06-02T17:25:56.110-0100: 104135.934: [GC (Allocation Failure) 2017-06-02T17:25:56.110-0100: 104135.934: [ParNew
Desired survivor size 20112992 bytes, new threshold 8 (max 8)
- age   1:    4036752 bytes,    4036752 total
- age   2:    1463352 bytes,    5500104 total
- age   3:    2617768 bytes,    8117872 total
- age   4:    2640712 bytes,   10758584 total
- age   5:    3324960 bytes,   14083544 total
- age   6:    1450568 bytes,   15534112 total
- age   7:     824944 bytes,   16359056 total
- age   8:     920440 bytes,   17279496 total
: 109248K->21824K(109248K), 0.0090435 secs] 303233K->218428K(502464K), 0.0091176 secs] [Times: user=0.02 sys=0.00, real=0.00 secs] 
Heap after GC invocations=215 (full 1):
 par new generation   total 109248K, used 21824K [0x00000007a0000000, 0x00000007a8000000, 0x00000007a8000000)
  eden space 87424K,   0% used [0x00000007a0000000, 0x00000007a0000000, 0x00000007a5560000)
  from space 21824K, 100% used [0x00000007a6ab0000, 0x00000007a8000000, 0x00000007a8000000)
  to   space 21824K,   0% used [0x00000007a5560000, 0x00000007a5560000, 0x00000007a6ab0000)
 concurrent mark-sweep generation total 393216K, used 196604K [0x00000007a8000000, 0x00000007c0000000, 0x00000007c0000000)
 Metaspace       used 39242K, capacity 40228K, committed 40388K, reserved 1085440K
  class space    used 4290K, capacity 4556K, committed 4580K, reserved 1048576K
}
2017-06-02T17:25:56.119-0100: 104135.943: Total time for which application threads were stopped: 0.0092945 seconds, Stopping threads took: 0.0000194 seconds
{Heap before GC invocations=215 (full 1):
 par new generation   total 109248K, used 109248K [0x00000007a0000000, 0x00000007a8000000, 0x00000007a8000000)
  eden space 87424K, 100% used [0x00000007a0000000, 0x00000007a5560000, 0x00000007a5560000)
  from space 21824K, 100% used [0x00000007a6ab0000, 0x00000007a8000000, 0x00000007a8000000)
  to   space 21824K,   0% used [0x00000007a5560000, 0x00000007a5560000, 0x00000007a6ab0000)
 concurrent mark-sweep generation total 393216K, used 196604K [0x00000007a8000000, 0x00000007c0000000, 0x00000007c0000000)
 Metaspace       used 39242K, capacity 40228K, committed 40388K, reserved 1085440K
  class space    used 4290K, capacity 4556K, committed 4580K, reserved 1048576K
2017-06-02T17:25:56.291-0100: 104136.115: [GC (Allocation Failure) 2017-06-02T17:25:56.291-0100: 104136.115: [ParNew
Desired survivor size 20112992 bytes, new threshold 8 (max 8)
- age   1:    2780544 bytes,    2780544 total
- age   2:    3976880 bytes,    6757424 total
- age   3:    1463352 bytes,    8220776 total
- age   4:    2617768 bytes,   10838544 total
- age   5:    2124704 bytes,   12963248 total
- age   6:    1835472 bytes,   14798720 total
- age   7:    1369032 bytes,   16167752 total
- age   8:     824944 bytes,   16992696 total
: 109248K->21585K(109248K), 0.0085325 secs] 305852K->219426K(502464K), 0.0085911 secs] [Times: user=0.02 sys=0.01, real=0.00 secs] 
Heap after GC invocations=216 (full 1):
 par new generation   total 109248K, used 21585K [0x00000007a0000000, 0x00000007a8000000, 0x00000007a8000000)
  eden space 87424K,   0% used [0x00000007a0000000, 0x00000007a0000000, 0x00000007a5560000)
  from space 21824K,  98% used [0x00000007a5560000, 0x00000007a6a74700, 0x00000007a6ab0000)
  to   space 21824K,   0% used [0x00000007a6ab0000, 0x00000007a6ab0000, 0x00000007a8000000)
 concurrent mark-sweep generation total 393216K, used 197840K [0x00000007a8000000, 0x00000007c0000000, 0x00000007c0000000)
 Metaspace       used 39242K, capacity 40228K, committed 40388K, reserved 1085440K
  class space    used 4290K, capacity 4556K, committed 4580K, reserved 1048576K
}
2017-06-02T17:25:56.299-0100: 104136.124: Total time for which application threads were stopped: 0.0087694 seconds, Stopping threads took: 0.0000173 seconds
2017-06-02T17:25:56.300-0100: 104136.124: [GC (CMS Initial Mark) [1 CMS-initial-mark: 197840K(393216K)] 221233K(502464K), 0.0079127 secs] [Times: user=0.01 sys=0.00, real=0.00 secs] 
2017-06-02T17:25:56.308-0100: 104136.132: Total time for which application threads were stopped: 0.0080839 seconds, Stopping threads took: 0.0000579 seconds
2017-06-02T17:25:56.308-0100: 104136.132: [CMS-concurrent-mark-start]
2017-06-02T17:25:56.380-0100: 104136.204: [CMS-concurrent-mark: 0.072/0.072 secs] [Times: user=0.14 sys=0.07, real=0.08 secs] 
2017-06-02T17:25:56.380-0100: 104136.204: [CMS-concurrent-preclean-start]
2017-06-02T17:25:56.383-0100: 104136.208: [CMS-concurrent-preclean: 0.003/0.003 secs] [Times: user=0.00 sys=0.00, real=0.00 secs] 
2017-06-02T17:25:56.383-0100: 104136.208: [CMS-concurrent-abortable-preclean-start]
{Heap before GC invocations=216 (full 2):
 par new generation   total 109248K, used 109009K [0x00000007a0000000, 0x00000007a8000000, 0x00000007a8000000)
  eden space 87424K, 100% used [0x00000007a0000000, 0x00000007a5560000, 0x00000007a5560000)
  from space 21824K,  98% used [0x00000007a5560000, 0x00000007a6a74700, 0x00000007a6ab0000)
  to   space 21824K,   0% used [0x00000007a6ab0000, 0x00000007a6ab0000, 0x00000007a8000000)
 concurrent mark-sweep generation total 393216K, used 197840K [0x00000007a8000000, 0x00000007c0000000, 0x00000007c0000000)
 Metaspace       used 39242K, capacity 40228K, committed 40388K, reserved 1085440K
  class space    used 4290K, capacity 4556K, committed 4580K, reserved 1048576K
2017-06-02T17:25:56.512-0100: 104136.337: [GC (Allocation Failure) 2017-06-02T17:25:56.512-0100: 104136.337: [ParNew
Desired survivor size 20112992 bytes, new threshold 8 (max 8)
- age   1:    4242704 bytes,    4242704 total
- age   2:    2725344 bytes,    6968048 total
- age   3:    3976880 bytes,   10944928 total
- age   4:    1463352 bytes,   12408280 total
- age   5:    2617768 bytes,   15026048 total
- age   6:     782384 bytes,   15808432 total
- age   7:    1835472 bytes,   17643904 total
- age   8:     798232 bytes,   18442136 total
: 109009K->21753K(109248K), 0.0090880 secs] 306850K->220410K(502464K), 0.0091448 secs] [Times: user=0.03 sys=0.00, real=0.01 secs] 
Heap after GC invocations=217 (full 2):
 par new generation   total 109248K, used 21753K [0x00000007a0000000, 0x00000007a8000000, 0x00000007a8000000)
  eden space 87424K,   0% used [0x00000007a0000000, 0x00000007a0000000, 0x00000007a5560000)
  from space 21824K,  99% used [0x00000007a6ab0000, 0x00000007a7fee428, 0x00000007a8000000)
  to   space 21824K,   0% used [0x00000007a5560000, 0x00000007a5560000, 0x00000007a6ab0000)
 concurrent mark-sweep generation total 393216K, used 198657K [0x00000007a8000000, 0x00000007c0000000, 0x00000007c0000000)
 Metaspace       used 39242K, capacity 40228K, committed 40388K, reserved 1085440K
  class space    used 4290K, capacity 4556K, committed 4580K, reserved 1048576K
}
2017-06-02T17:25:56.521-0100: 104136.346: Total time for which application threads were stopped: 0.0093126 seconds, Stopping threads took: 0.0000157 seconds
2017-06-02T17:25:56.632-0100: 104136.457: [CMS-concurrent-abortable-preclean: 0.239/0.249 secs] [Times: user=0.51 sys=0.01, real=0.25 secs] 
2017-06-02T17:25:56.639-0100: 104136.463: [GC (CMS Final Remark) [YG occupancy: 70993 K (109248 K)]{Heap before GC invocations=217 (full 2):
 par new generation   total 109248K, used 70993K [0x00000007a0000000, 0x00000007a8000000, 0x00000007a8000000)
  eden space 87424K,  56% used [0x00000007a0000000, 0x00000007a3016230, 0x00000007a5560000)
  from space 21824K,  99% used [0x00000007a6ab0000, 0x00000007a7fee428, 0x00000007a8000000)
  to   space 21824K,   0% used [0x00000007a5560000, 0x00000007a5560000, 0x00000007a6ab0000)
 concurrent mark-sweep generation total 393216K, used 198657K [0x00000007a8000000, 0x00000007c0000000, 0x00000007c0000000)
 Metaspace       used 39242K, capacity 40228K, committed 40388K, reserved 1085440K
  class space    used 4290K, capacity 4556K, committed 4580K, reserved 1048576K
2017-06-02T17:25:56.639-0100: 104136.463: [GC (CMS Final Remark) 2017-06-02T17:25:56.639-0100: 104136.463: [ParNew
Desired survivor size 20112992 bytes, new threshold 8 (max 8)
- age   1:     360456 bytes,     360456 total
- age   2:    3762824 bytes,    4123280 total
- age   3:    2364720 bytes,    6488000 total
- age   4:    3616256 bytes,   10104256 total
- age   5:    1069944 bytes,   11174200 total
- age   6:    2224360 bytes,   13398560 total
- age   7:     651248 bytes,   14049808 total
- age   8:    1835472 bytes,   15885280 total
: 70993K->21824K(109248K), 0.0094551 secs] 269651K->223417K(502464K), 0.0095273 secs] [Times: user=0.03 sys=0.00, real=0.01 secs] 
Heap after GC invocations=218 (full 2):
 par new generation   total 109248K, used 21824K [0x00000007a0000000, 0x00000007a8000000, 0x00000007a8000000)
  eden space 87424K,   0% used [0x00000007a0000000, 0x00000007a0000000, 0x00000007a5560000)
  from space 21824K, 100% used [0x00000007a5560000, 0x00000007a6ab0000, 0x00000007a6ab0000)
  to   space 21824K,   0% used [0x00000007a6ab0000, 0x00000007a6ab0000, 0x00000007a8000000)
 concurrent mark-sweep generation total 393216K, used 201593K [0x00000007a8000000, 0x00000007c0000000, 0x00000007c0000000)
 Metaspace       used 39242K, capacity 40228K, committed 40388K, reserved 1085440K
  class space    used 4290K, capacity 4556K, committed 4580K, reserved 1048576K
}
2017-06-02T17:25:56.648-0100: 104136.473: [Rescan (parallel) , 0.0032878 secs]2017-06-02T17:25:56.651-0100: 104136.476: [weak refs processing, 0.0286216 secs]2017-06-02T17:25:56.680-0100: 104136.504: [class unloading, 0.1142228 secs]2017-06-02T17:25:56.794-0100: 104136.619: [scrub symbol table, 0.0130787 secs]2017-06-02T17:25:56.807-0100: 104136.632: [scrub string table, 0.0006433 secs][1 CMS-remark: 201593K(393216K)] 223417K(502464K), 0.1711506 secs] [Times: user=0.08 sys=0.09, real=0.18 secs] 
2017-06-02T17:25:56.810-0100: 104136.634: Total time for which application threads were stopped: 0.1713184 seconds, Stopping threads took: 0.0000366 seconds
2017-06-02T17:25:56.810-0100: 104136.634: [CMS-concurrent-sweep-start]
2017-06-02T17:25:56.811-0100: 104136.635: Total time for which application threads were stopped: 0.0001579 seconds, Stopping threads took: 0.0000721 seconds
2017-06-02T17:25:56.811-0100: 104136.635: Total time for which application threads were stopped: 0.0001284 seconds, Stopping threads took: 0.0000383 seconds
2017-06-02T17:25:56.811-0100: 104136.636: Total time for which application threads were stopped: 0.0005880 seconds, Stopping threads took: 0.0005252 seconds
2017-06-02T17:25:56.812-0100: 104136.637: Total time for which application threads were stopped: 0.0002297 seconds, Stopping threads took: 0.0000687 seconds
2017-06-02T17:25:56.812-0100: 104136.637: Total time for which application threads were stopped: 0.0001131 seconds, Stopping threads took: 0.0000605 seconds
2017-06-02T17:25:56.813-0100: 104136.637: Total time for which application threads were stopped: 0.0005837 seconds, Stopping threads took: 0.0005205 seconds
2017-06-02T17:25:56.813-0100: 104136.637: Total time for which application threads were stopped: 0.0000976 seconds, Stopping threads took: 0.0000514 seconds
2017-06-02T17:25:56.813-0100: 104136.638: Total time for which application threads were stopped: 0.0000903 seconds, Stopping threads took: 0.0000386 seconds
2017-06-02T17:25:56.814-0100: 104136.638: Total time for which application threads were stopped: 0.0000638 seconds, Stopping threads took: 0.0000211 seconds
2017-06-02T17:25:56.814-0100: 104136.638: Total time for which application threads were stopped: 0.0000792 seconds, Stopping threads took: 0.0000377 seconds
2017-06-02T17:25:56.814-0100: 104136.639: Total time for which application threads were stopped: 0.0000956 seconds, Stopping threads took: 0.0000438 seconds
2017-06-02T17:25:56.814-0100: 104136.639: Total time for which application threads were stopped: 0.0000943 seconds, Stopping threads took: 0.0000504 seconds
2017-06-02T17:25:56.815-0100: 104136.639: Total time for which application threads were stopped: 0.0000852 seconds, Stopping threads took: 0.0000454 seconds
2017-06-02T17:25:56.815-0100: 104136.639: Total time for which application threads were stopped: 0.0000875 seconds, Stopping threads took: 0.0000394 seconds
2017-06-02T17:25:56.815-0100: 104136.639: Total time for which application threads were stopped: 0.0000873 seconds, Stopping threads took: 0.0000458 seconds
2017-06-02T17:25:56.815-0100: 104136.639: Total time for which application threads were stopped: 0.0000651 seconds, Stopping threads took: 0.0000191 seconds
2017-06-02T17:25:56.815-0100: 104136.639: Total time for which application threads were stopped: 0.0000579 seconds, Stopping threads took: 0.0000188 seconds
2017-06-02T17:25:56.815-0100: 104136.639: Total time for which application threads were stopped: 0.0000678 seconds, Stopping threads took: 0.0000256 seconds
2017-06-02T17:25:56.815-0100: 104136.640: Total time for which application threads were stopped: 0.0000734 seconds, Stopping threads took: 0.0000281 seconds
2017-06-02T17:25:56.815-0100: 104136.640: Total time for which application threads were stopped: 0.0000927 seconds, Stopping threads took: 0.0000403 seconds
2017-06-02T17:25:56.816-0100: 104136.640: Total time for which application threads were stopped: 0.0000869 seconds, Stopping threads took: 0.0000455 seconds
2017-06-02T17:25:56.816-0100: 104136.640: Total time for which application threads were stopped: 0.0000879 seconds, Stopping threads took: 0.0000461 seconds
2017-06-02T17:25:56.816-0100: 104136.640: Total time for which application threads were stopped: 0.0000868 seconds, Stopping threads took: 0.0000450 seconds
2017-06-02T17:25:56.818-0100: 104136.642: Total time for which application threads were stopped: 0.0000750 seconds, Stopping threads took: 0.0000282 seconds
2017-06-02T17:25:56.818-0100: 104136.642: Total time for which application threads were stopped: 0.0001648 seconds, Stopping threads took: 0.0000207 seconds
2017-06-02T17:25:56.873-0100: 104136.698: Total time for which application threads were stopped: 0.0001704 seconds, Stopping threads took: 0.0000392 seconds
2017-06-02T17:25:56.874-0100: 104136.698: Total time for which application threads were stopped: 0.0001143 seconds, Stopping threads took: 0.0000263 seconds
2017-06-02T17:25:56.874-0100: 104136.698: Total time for which application threads were stopped: 0.0001944 seconds, Stopping threads took: 0.0000549 seconds
2017-06-02T17:25:56.875-0100: 104136.699: Total time for which application threads were stopped: 0.0001258 seconds, Stopping threads took: 0.0000487 seconds
2017-06-02T17:25:56.875-0100: 104136.700: Total time for which application threads were stopped: 0.0001265 seconds, Stopping threads took: 0.0000494 seconds
2017-06-02T17:25:56.876-0100: 104136.701: Total time for which application threads were stopped: 0.0001290 seconds, Stopping threads took: 0.0000477 seconds
2017-06-02T17:25:56.877-0100: 104136.701: Total time for which application threads were stopped: 0.0001366 seconds, Stopping threads took: 0.0000532 seconds
2017-06-02T17:25:56.877-0100: 104136.701: Total time for which application threads were stopped: 0.0001068 seconds, Stopping threads took: 0.0000293 seconds
2017-06-02T17:25:56.878-0100: 104136.702: Total time for which application threads were stopped: 0.0001149 seconds, Stopping threads took: 0.0000450 seconds
2017-06-02T17:25:56.878-0100: 104136.703: Total time for which application threads were stopped: 0.0000829 seconds, Stopping threads took: 0.0000183 seconds
2017-06-02T17:25:56.879-0100: 104136.703: Total time for which application threads were stopped: 0.0001214 seconds, Stopping threads took: 0.0000505 seconds
2017-06-02T17:25:56.880-0100: 104136.704: Total time for which application threads were stopped: 0.0001346 seconds, Stopping threads took: 0.0000585 seconds
2017-06-02T17:25:56.881-0100: 104136.705: Total time for which application threads were stopped: 0.0002218 seconds, Stopping threads took: 0.0000153 seconds
2017-06-02T17:25:56.920-0100: 104136.744: Total time for which application threads were stopped: 0.0001646 seconds, Stopping threads took: 0.0000364 seconds
2017-06-02T17:25:56.920-0100: 104136.744: Total time for which application threads were stopped: 0.0001617 seconds, Stopping threads took: 0.0000553 seconds
2017-06-02T17:25:56.920-0100: 104136.744: Total time for which application threads were stopped: 0.0000809 seconds, Stopping threads took: 0.0000102 seconds
2017-06-02T17:25:56.920-0100: 104136.745: Total time for which application threads were stopped: 0.0001045 seconds, Stopping threads took: 0.0000221 seconds
2017-06-02T17:25:56.921-0100: 104136.745: Total time for which application threads were stopped: 0.0001344 seconds, Stopping threads took: 0.0000596 seconds
2017-06-02T17:25:56.921-0100: 104136.745: Total time for which application threads were stopped: 0.0001438 seconds, Stopping threads took: 0.0000594 seconds
2017-06-02T17:25:56.921-0100: 104136.746: Total time for which application threads were stopped: 0.0000876 seconds, Stopping threads took: 0.0000105 seconds
2017-06-02T17:25:56.922-0100: 104136.746: Total time for which application threads were stopped: 0.0001511 seconds, Stopping threads took: 0.0000645 seconds
2017-06-02T17:25:56.922-0100: 104136.746: Total time for which application threads were stopped: 0.0001022 seconds, Stopping threads took: 0.0000218 seconds
2017-06-02T17:25:56.922-0100: 104136.746: Total time for which application threads were stopped: 0.0000934 seconds, Stopping threads took: 0.0000188 seconds
2017-06-02T17:25:56.922-0100: 104136.747: Total time for which application threads were stopped: 0.0001278 seconds, Stopping threads took: 0.0000480 seconds
2017-06-02T17:25:56.923-0100: 104136.747: Total time for which application threads were stopped: 0.0001080 seconds, Stopping threads took: 0.0000225 seconds
2017-06-02T17:25:56.923-0100: 104136.747: Total time for which application threads were stopped: 0.0001238 seconds, Stopping threads took: 0.0000495 seconds
2017-06-02T17:25:56.924-0100: 104136.748: Total time for which application threads were stopped: 0.0001000 seconds, Stopping threads took: 0.0000213 seconds
2017-06-02T17:25:56.925-0100: 104136.749: Total time for which application threads were stopped: 0.0001786 seconds, Stopping threads took: 0.0000785 seconds
2017-06-02T17:25:56.925-0100: 104136.749: Total time for which application threads were stopped: 0.0001491 seconds, Stopping threads took: 0.0000571 seconds
2017-06-02T17:25:56.925-0100: 104136.750: Total time for which application threads were stopped: 0.0001407 seconds, Stopping threads took: 0.0000599 seconds
2017-06-02T17:25:56.926-0100: 104136.750: Total time for which application threads were stopped: 0.0002947 seconds, Stopping threads took: 0.0000470 seconds
2017-06-02T17:25:56.983-0100: 104136.807: [CMS-concurrent-sweep: 0.164/0.173 secs] [Times: user=0.26 sys=0.10, real=0.17 secs] 
2017-06-02T17:25:56.983-0100: 104136.807: [CMS-concurrent-reset-start]
2017-06-02T17:25:56.990-0100: 104136.814: Total time for which application threads were stopped: 0.0007794 seconds, Stopping threads took: 0.0000549 seconds
2017-06-02T17:25:56.990-0100: 104136.814: [CMS-concurrent-reset: 0.006/0.007 secs] [Times: user=0.01 sys=0.01, real=0.01 secs] 
2017-06-02T17:25:56.990-0100: 104136.815: Total time for which application threads were stopped: 0.0001309 seconds, Stopping threads took: 0.0000489 seconds
2017-06-02T17:25:56.990-0100: 104136.815: Total time for which application threads were stopped: 0.0001280 seconds, Stopping threads took: 0.0000531 seconds
2017-06-02T17:25:56.991-0100: 104136.815: Total time for which application threads were stopped: 0.0000840 seconds, Stopping threads took: 0.0000224 seconds
2017-06-02T17:25:56.991-0100: 104136.815: Total time for which application threads were stopped: 0.0000726 seconds, Stopping threads took: 0.0000207 seconds
2017-06-02T17:25:56.991-0100: 104136.815: Total time for which application threads were stopped: 0.0001090 seconds, Stopping threads took: 0.0000502 seconds
2017-06-02T17:25:56.991-0100: 104136.816: Total time for which application threads were stopped: 0.0000796 seconds, Stopping threads took: 0.0000193 seconds
2017-06-02T17:25:56.992-0100: 104136.816: Total time for which application threads were stopped: 0.0001176 seconds, Stopping threads took: 0.0000534 seconds
2017-06-02T17:25:56.992-0100: 104136.816: Total time for which application threads were stopped: 0.0000811 seconds, Stopping threads took: 0.0000229 seconds
2017-06-02T17:25:56.992-0100: 104136.817: Total time for which application threads were stopped: 0.0000824 seconds, Stopping threads took: 0.0000226 seconds
2017-06-02T17:25:56.993-0100: 104136.817: Total time for which application threads were stopped: 0.0007206 seconds, Stopping threads took: 0.0000573 seconds
2017-06-02T17:25:56.993-0100: 104136.818: Total time for which application threads were stopped: 0.0001026 seconds, Stopping threads took: 0.0000428 seconds
2017-06-02T17:25:56.994-0100: 104136.819: Total time for which application threads were stopped: 0.0006734 seconds, Stopping threads took: 0.0000634 seconds
2017-06-02T17:25:56.994-0100: 104136.819: Total time for which application threads were stopped: 0.0001073 seconds, Stopping threads took: 0.0000453 seconds
2017-06-02T17:25:56.995-0100: 104136.819: Total time for which application threads were stopped: 0.0001206 seconds, Stopping threads took: 0.0000606 seconds
2017-06-02T17:25:56.995-0100: 104136.819: Total time for which application threads were stopped: 0.0000767 seconds, Stopping threads took: 0.0000209 seconds
2017-06-02T17:25:56.995-0100: 104136.819: Total time for which application threads were stopped: 0.0000898 seconds, Stopping threads took: 0.0000185 seconds
2017-06-02T17:25:56.995-0100: 104136.819: Total time for which application threads were stopped: 0.0000857 seconds, Stopping threads took: 0.0000168 seconds
2017-06-02T17:25:56.995-0100: 104136.820: Total time for which application threads were stopped: 0.0000756 seconds, Stopping threads took: 0.0000100 seconds
2017-06-02T17:25:56.995-0100: 104136.820: Total time for which application threads were stopped: 0.0002217 seconds, Stopping threads took: 0.0000217 seconds
2017-06-02T17:25:57.005-0100: 104136.829: Total time for which application threads were stopped: 0.0003170 seconds, Stopping threads took: 0.0000351 seconds
{Heap before GC invocations=218 (full 2):
 par new generation   total 109248K, used 109248K [0x00000007a0000000, 0x00000007a8000000, 0x00000007a8000000)
  eden space 87424K, 100% used [0x00000007a0000000, 0x00000007a5560000, 0x00000007a5560000)
  from space 21824K, 100% used [0x00000007a5560000, 0x00000007a6ab0000, 0x00000007a6ab0000)
  to   space 21824K,   0% used [0x00000007a6ab0000, 0x00000007a6ab0000, 0x00000007a8000000)
 concurrent mark-sweep generation total 393216K, used 77822K [0x00000007a8000000, 0x00000007c0000000, 0x00000007c0000000)
 Metaspace       used 39177K, capacity 40120K, committed 40388K, reserved 1085440K
  class space    used 4277K, capacity 4532K, committed 4580K, reserved 1048576K
2017-06-02T17:25:57.080-0100: 104136.905: [GC (Allocation Failure) 2017-06-02T17:25:57.080-0100: 104136.905: [ParNew
Desired survivor size 20112992 bytes, new threshold 8 (max 8)
- age   1:     955688 bytes,     955688 total
- age   2:     315424 bytes,    1271112 total
- age   3:    3763664 bytes,    5034776 total
- age   4:    2365464 bytes,    7400240 total
- age   5:    3600960 bytes,   11001200 total
- age   6:    1070664 bytes,   12071864 total
- age   7:    2220904 bytes,   14292768 total
- age   8:     651896 bytes,   14944664 total
: 109248K->17828K(109248K), 0.0064814 secs] 187070K->97453K(502464K), 0.0065643 secs] [Times: user=0.02 sys=0.01, real=0.00 secs] 
Heap after GC invocations=219 (full 2):
 par new generation   total 109248K, used 17828K [0x00000007a0000000, 0x00000007a8000000, 0x00000007a8000000)
  eden space 87424K,   0% used [0x00000007a0000000, 0x00000007a0000000, 0x00000007a5560000)
  from space 21824K,  81% used [0x00000007a6ab0000, 0x00000007a7c191f0, 0x00000007a8000000)
  to   space 21824K,   0% used [0x00000007a5560000, 0x00000007a5560000, 0x00000007a6ab0000)
 concurrent mark-sweep generation total 393216K, used 79624K [0x00000007a8000000, 0x00000007c0000000, 0x00000007c0000000)
 Metaspace       used 39177K, capacity 40120K, committed 40388K, reserved 1085440K
  class space    used 4277K, capacity 4532K, committed 4580K, reserved 1048576K
}
2017-06-02T17:25:57.087-0100: 104136.911: Total time for which application threads were stopped: 0.0067611 seconds, Stopping threads took: 0.0000175 seconds
{Heap before GC invocations=219 (full 2):
 par new generation   total 109248K, used 105252K [0x00000007a0000000, 0x00000007a8000000, 0x00000007a8000000)
  eden space 87424K, 100% used [0x00000007a0000000, 0x00000007a5560000, 0x00000007a5560000)
  from space 21824K,  81% used [0x00000007a6ab0000, 0x00000007a7c191f0, 0x00000007a8000000)
  to   space 21824K,   0% used [0x00000007a5560000, 0x00000007a5560000, 0x00000007a6ab0000)
 concurrent mark-sweep generation total 393216K, used 79624K [0x00000007a8000000, 0x00000007c0000000, 0x00000007c0000000)
 Metaspace       used 39177K, capacity 40120K, committed 40388K, reserved 1085440K
  class space    used 4277K, capacity 4532K, committed 4580K, reserved 1048576K
2017-06-02T17:25:57.289-0100: 104137.113: [GC (Allocation Failure) 2017-06-02T17:25:57.289-0100: 104137.113: [ParNew
Desired survivor size 20112992 bytes, new threshold 8 (max 8)
- age   1:    3326664 bytes,    3326664 total
- age   2:     875696 bytes,    4202360 total
- age   3:     314944 bytes,    4517304 total
- age   4:    3762920 bytes,    8280224 total
- age   5:    2364792 bytes,   10645016 total
- age   6:    3599976 bytes,   14244992 total
- age   7:    1069968 bytes,   15314960 total
- age   8:    1857824 bytes,   17172784 total
: 105252K->18814K(109248K), 0.0063736 secs] 184877K->99086K(502464K), 0.0064566 secs] [Times: user=0.02 sys=0.00, real=0.01 secs] 
Heap after GC invocations=220 (full 2):
 par new generation   total 109248K, used 18814K [0x00000007a0000000, 0x00000007a8000000, 0x00000007a8000000)
  eden space 87424K,   0% used [0x00000007a0000000, 0x00000007a0000000, 0x00000007a5560000)
  from space 21824K,  86% used [0x00000007a5560000, 0x00000007a67bfb20, 0x00000007a6ab0000)
  to   space 21824K,   0% used [0x00000007a6ab0000, 0x00000007a6ab0000, 0x00000007a8000000)
 concurrent mark-sweep generation total 393216K, used 80271K [0x00000007a8000000, 0x00000007c0000000, 0x00000007c0000000)
 Metaspace       used 39177K, capacity 40120K, committed 40388K, reserved 1085440K
  class space    used 4277K, capacity 4532K, committed 4580K, reserved 1048576K
}
2017-06-02T17:25:57.295-0100: 104137.119: Total time for which application threads were stopped: 0.0066560 seconds, Stopping threads took: 0.0000196 seconds
{Heap before GC invocations=220 (full 2):
 par new generation   total 109248K, used 106238K [0x00000007a0000000, 0x00000007a8000000, 0x00000007a8000000)
  eden space 87424K, 100% used [0x00000007a0000000, 0x00000007a5560000, 0x00000007a5560000)
  from space 21824K,  86% used [0x00000007a5560000, 0x00000007a67bfb20, 0x00000007a6ab0000)
  to   space 21824K,   0% used [0x00000007a6ab0000, 0x00000007a6ab0000, 0x00000007a8000000)
 concurrent mark-sweep generation total 393216K, used 80271K [0x00000007a8000000, 0x00000007c0000000, 0x00000007c0000000)
 Metaspace       used 39177K, capacity 40120K, committed 40388K, reserved 1085440K
  class space    used 4277K, capacity 4532K, committed 4580K, reserved 1048576K
2017-06-02T17:25:57.464-0100: 104137.289: [GC (Allocation Failure) 2017-06-02T17:25:57.464-0100: 104137.289: [ParNew
Desired survivor size 20112992 bytes, new threshold 8 (max 8)
- age   1:    7355888 bytes,    7355888 total
- age   2:    1186528 bytes,    8542416 total
- age   3:     877112 bytes,    9419528 total
- age   4:     315712 bytes,    9735240 total
- age   5:    3764480 bytes,   13499720 total
- age   6:    1785752 bytes,   15285472 total
- age   7:     380520 bytes,   15665992 total
- age   8:    1071552 bytes,   16737544 total
: 106238K->19911K(109248K), 0.0067468 secs] 186510K->102645K(502464K), 0.0068229 secs] [Times: user=0.02 sys=0.00, real=0.01 secs] 
Heap after GC invocations=221 (full 2):
 par new generation   total 109248K, used 19911K [0x00000007a0000000, 0x00000007a8000000, 0x00000007a8000000)
  eden space 87424K,   0% used [0x00000007a0000000, 0x00000007a0000000, 0x00000007a5560000)
  from space 21824K,  91% used [0x00000007a6ab0000, 0x00000007a7e21ff0, 0x00000007a8000000)
  to   space 21824K,   0% used [0x00000007a5560000, 0x00000007a5560000, 0x00000007a6ab0000)
 concurrent mark-sweep generation total 393216K, used 82733K [0x00000007a8000000, 0x00000007c0000000, 0x00000007c0000000)
 Metaspace       used 39177K, capacity 40120K, committed 40388K, reserved 1085440K
  class space    used 4277K, capacity 4532K, committed 4580K, reserved 1048576K
}
2017-06-02T17:25:57.471-0100: 104137.296: Total time for which application threads were stopped: 0.0070219 seconds, Stopping threads took: 0.0000199 seconds
{Heap before GC invocations=221 (full 2):
 par new generation   total 109248K, used 107335K [0x00000007a0000000, 0x00000007a8000000, 0x00000007a8000000)
  eden space 87424K, 100% used [0x00000007a0000000, 0x00000007a5560000, 0x00000007a5560000)
  from space 21824K,  91% used [0x00000007a6ab0000, 0x00000007a7e21ff0, 0x00000007a8000000)
  to   space 21824K,   0% used [0x00000007a5560000, 0x00000007a5560000, 0x00000007a6ab0000)
 concurrent mark-sweep generation total 393216K, used 82733K [0x00000007a8000000, 0x00000007c0000000, 0x00000007c0000000)
 Metaspace       used 39177K, capacity 40120K, committed 40388K, reserved 1085440K
  class space    used 4277K, capacity 4532K, committed 4580K, reserved 1048576K
2017-06-02T17:25:57.657-0100: 104137.482: [GC (Allocation Failure) 2017-06-02T17:25:57.657-0100: 104137.482: [ParNew
Desired survivor size 20112992 bytes, new threshold 8 (max 8)
- age   1:    1362328 bytes,    1362328 total
- age   2:    7277248 bytes,    8639576 total
- age   3:    1186264 bytes,    9825840 total
- age   4:     876680 bytes,   10702520 total
- age   5:     315424 bytes,   11017944 total
- age   6:    3853592 bytes,   14871536 total
- age   7:    1784912 bytes,   16656448 total
- age   8:     380256 bytes,   17036704 total
: 107335K->18857K(109248K), 0.0079359 secs] 190069K->102299K(502464K), 0.0079968 secs] [Times: user=0.02 sys=0.00, real=0.01 secs] 
Heap after GC invocations=222 (full 2):
 par new generation   total 109248K, used 18857K [0x00000007a0000000, 0x00000007a8000000, 0x00000007a8000000)
  eden space 87424K,   0% used [0x00000007a0000000, 0x00000007a0000000, 0x00000007a5560000)
  from space 21824K,  86% used [0x00000007a5560000, 0x00000007a67ca6f0, 0x00000007a6ab0000)
  to   space 21824K,   0% used [0x00000007a6ab0000, 0x00000007a6ab0000, 0x00000007a8000000)
 concurrent mark-sweep generation total 393216K, used 83441K [0x00000007a8000000, 0x00000007c0000000, 0x00000007c0000000)
 Metaspace       used 39177K, capacity 40120K, committed 40388K, reserved 1085440K
  class space    used 4277K, capacity 4532K, committed 4580K, reserved 1048576K
}
2017-06-02T17:25:57.666-0100: 104137.490: Total time for which application threads were stopped: 0.0081818 seconds, Stopping threads took: 0.0000187 seconds
{Heap before GC invocations=222 (full 2):
 par new generation   total 109248K, used 106281K [0x00000007a0000000, 0x00000007a8000000, 0x00000007a8000000)
  eden space 87424K, 100% used [0x00000007a0000000, 0x00000007a5560000, 0x00000007a5560000)
  from space 21824K,  86% used [0x00000007a5560000, 0x00000007a67ca6f0, 0x00000007a6ab0000)
  to   space 21824K,   0% used [0x00000007a6ab0000, 0x00000007a6ab0000, 0x00000007a8000000)
 concurrent mark-sweep generation total 393216K, used 83441K [0x00000007a8000000, 0x00000007c0000000, 0x00000007c0000000)
 Metaspace       used 39177K, capacity 40120K, committed 40388K, reserved 1085440K
  class space    used 4277K, capacity 4532K, committed 4580K, reserved 1048576K
2017-06-02T17:25:57.831-0100: 104137.655: [GC (Allocation Failure) 2017-06-02T17:25:57.831-0100: 104137.655: [ParNew
Desired survivor size 20112992 bytes, new threshold 8 (max 8)
- age   1:    4842784 bytes,    4842784 total
- age   2:    1322152 bytes,    6164936 total
- age   3:    7277488 bytes,   13442424 total
- age   4:    1186240 bytes,   14628664 total
- age   5:     877064 bytes,   15505728 total
- age   6:     315592 bytes,   15821320 total
- age   7:    1876952 bytes,   17698272 total
- age   8:     444672 bytes,   18142944 total
: 106281K->21824K(109248K), 0.0063292 secs] 189723K->105646K(502464K), 0.0064039 secs] [Times: user=0.03 sys=0.00, real=0.00 secs] 
Heap after GC invocations=223 (full 2):
 par new generation   total 109248K, used 21824K [0x00000007a0000000, 0x00000007a8000000, 0x00000007a8000000)
  eden space 87424K,   0% used [0x00000007a0000000, 0x00000007a0000000, 0x00000007a5560000)
  from space 21824K, 100% used [0x00000007a6ab0000, 0x00000007a8000000, 0x00000007a8000000)
  to   space 21824K,   0% used [0x00000007a5560000, 0x00000007a5560000, 0x00000007a6ab0000)
 concurrent mark-sweep generation total 393216K, used 83822K [0x00000007a8000000, 0x00000007c0000000, 0x00000007c0000000)
 Metaspace       used 39177K, capacity 40120K, committed 40388K, reserved 1085440K
  class space    used 4277K, capacity 4532K, committed 4580K, reserved 1048576K
}
2017-06-02T17:25:57.837-0100: 104137.662: Total time for which application threads were stopped: 0.0065851 seconds, Stopping threads took: 0.0000181 seconds
{Heap before GC invocations=223 (full 2):
 par new generation   total 109248K, used 109248K [0x00000007a0000000, 0x00000007a8000000, 0x00000007a8000000)
  eden space 87424K, 100% used [0x00000007a0000000, 0x00000007a5560000, 0x00000007a5560000)
  from space 21824K, 100% used [0x00000007a6ab0000, 0x00000007a8000000, 0x00000007a8000000)
  to   space 21824K,   0% used [0x00000007a5560000, 0x00000007a5560000, 0x00000007a6ab0000)
 concurrent mark-sweep generation total 393216K, used 83822K [0x00000007a8000000, 0x00000007c0000000, 0x00000007c0000000)
 Metaspace       used 39177K, capacity 40120K, committed 40388K, reserved 1085440K
  class space    used 4277K, capacity 4532K, committed 4580K, reserved 1048576K
2017-06-02T17:25:57.997-0100: 104137.821: [GC (Allocation Failure) 2017-06-02T17:25:57.997-0100: 104137.821: [ParNew
Desired survivor size 20112992 bytes, new threshold 8 (max 8)
- age   1:     934480 bytes,     934480 total
- age   2:    4743168 bytes,    5677648 total
- age   3:    1322224 bytes,    6999872 total
- age   4:    7277272 bytes,   14277144 total
- age   5:    1186240 bytes,   15463384 total
- age   6:     858816 bytes,   16322200 total
- age   7:     315784 bytes,   16637984 total
- age   8:    1876784 bytes,   18514768 total
: 109248K->21824K(109248K), 0.0119346 secs] 193070K->106090K(502464K), 0.0120050 secs] [Times: user=0.03 sys=0.00, real=0.01 secs] 
Heap after GC invocations=224 (full 2):
 par new generation   total 109248K, used 21824K [0x00000007a0000000, 0x00000007a8000000, 0x00000007a8000000)
  eden space 87424K,   0% used [0x00000007a0000000, 0x00000007a0000000, 0x00000007a5560000)
  from space 21824K, 100% used [0x00000007a5560000, 0x00000007a6ab0000, 0x00000007a6ab0000)
  to   space 21824K,   0% used [0x00000007a6ab0000, 0x00000007a6ab0000, 0x00000007a8000000)
 concurrent mark-sweep generation total 393216K, used 84266K [0x00000007a8000000, 0x00000007c0000000, 0x00000007c0000000)
 Metaspace       used 39177K, capacity 40120K, committed 40388K, reserved 1085440K
  class space    used 4277K, capacity 4532K, committed 4580K, reserved 1048576K
}
2017-06-02T17:25:58.009-0100: 104137.833: Total time for which application threads were stopped: 0.0121911 seconds, Stopping threads took: 0.0000189 seconds
{Heap before GC invocations=224 (full 2):
 par new generation   total 109248K, used 109248K [0x00000007a0000000, 0x00000007a8000000, 0x00000007a8000000)
  eden space 87424K, 100% used [0x00000007a0000000, 0x00000007a5560000, 0x00000007a5560000)
  from space 21824K, 100% used [0x00000007a5560000, 0x00000007a6ab0000, 0x00000007a6ab0000)
  to   space 21824K,   0% used [0x00000007a6ab0000, 0x00000007a6ab0000, 0x00000007a8000000)
 concurrent mark-sweep generation total 393216K, used 84266K [0x00000007a8000000, 0x00000007c0000000, 0x00000007c0000000)
 Metaspace       used 39177K, capacity 40120K, committed 40388K, reserved 1085440K
  class space    used 4277K, capacity 4532K, committed 4580K, reserved 1048576K
2017-06-02T17:25:58.168-0100: 104137.992: [GC (Allocation Failure) 2017-06-02T17:25:58.168-0100: 104137.992: [ParNew
Desired survivor size 20112992 bytes, new threshold 8 (max 8)
- age   1:    1622128 bytes,    1622128 total
- age   2:     873024 bytes,    2495152 total
- age   3:    4742256 bytes,    7237408 total
- age   4:    1321024 bytes,    8558432 total
- age   5:    7276192 bytes,   15834624 total
- age   6:    1185040 bytes,   17019664 total
- age   7:     852416 bytes,   17872080 total
- age   8:     314944 bytes,   18187024 total
: 109248K->20477K(109248K), 0.0101716 secs] 193514K->105959K(502464K), 0.0102447 secs] [Times: user=0.03 sys=0.01, real=0.01 secs] 
Heap after GC invocations=225 (full 2):
 par new generation   total 109248K, used 20477K [0x00000007a0000000, 0x00000007a8000000, 0x00000007a8000000)
  eden space 87424K,   0% used [0x00000007a0000000, 0x00000007a0000000, 0x00000007a5560000)
  from space 21824K,  93% used [0x00000007a6ab0000, 0x00000007a7eaf640, 0x00000007a8000000)
  to   space 21824K,   0% used [0x00000007a5560000, 0x00000007a5560000, 0x00000007a6ab0000)
 concurrent mark-sweep generation total 393216K, used 85481K [0x00000007a8000000, 0x00000007c0000000, 0x00000007c0000000)
 Metaspace       used 39177K, capacity 40120K, committed 40388K, reserved 1085440K
  class space    used 4277K, capacity 4532K, committed 4580K, reserved 1048576K
}
2017-06-02T17:25:58.178-0100: 104138.003: Total time for which application threads were stopped: 0.0104166 seconds, Stopping threads took: 0.0000181 seconds
{Heap before GC invocations=225 (full 2):
 par new generation   total 109248K, used 107901K [0x00000007a0000000, 0x00000007a8000000, 0x00000007a8000000)
  eden space 87424K, 100% used [0x00000007a0000000, 0x00000007a5560000, 0x00000007a5560000)
  from space 21824K,  93% used [0x00000007a6ab0000, 0x00000007a7eaf640, 0x00000007a8000000)
  to   space 21824K,   0% used [0x00000007a5560000, 0x00000007a5560000, 0x00000007a6ab0000)
 concurrent mark-sweep generation total 393216K, used 85481K [0x00000007a8000000, 0x00000007c0000000, 0x00000007c0000000)
 Metaspace       used 39177K, capacity 40120K, committed 40388K, reserved 1085440K
  class space    used 4277K, capacity 4532K, committed 4580K, reserved 1048576K
2017-06-02T17:25:58.336-0100: 104138.160: [GC (Allocation Failure) 2017-06-02T17:25:58.336-0100: 104138.160: [ParNew
Desired survivor size 20112992 bytes, new threshold 8 (max 8)
- age   1:    1605080 bytes,    1605080 total
- age   2:    1569720 bytes,    3174800 total
- age   3:     873024 bytes,    4047824 total
- age   4:    3988224 bytes,    8036048 total
- age   5:    1321000 bytes,    9357048 total
- age   6:    6623080 bytes,   15980128 total
- age   7:    1185016 bytes,   17165144 total
- age   8:     852416 bytes,   18017560 total
: 107901K->21486K(109248K), 0.0116950 secs] 193383K->108018K(502464K), 0.0117536 secs] [Times: user=0.04 sys=0.00, real=0.01 secs] 
Heap after GC invocations=226 (full 2):
 par new generation   total 109248K, used 21486K [0x00000007a0000000, 0x00000007a8000000, 0x00000007a8000000)
  eden space 87424K,   0% used [0x00000007a0000000, 0x00000007a0000000, 0x00000007a5560000)
  from space 21824K,  98% used [0x00000007a5560000, 0x00000007a6a5b950, 0x00000007a6ab0000)
  to   space 21824K,   0% used [0x00000007a6ab0000, 0x00000007a6ab0000, 0x00000007a8000000)
 concurrent mark-sweep generation total 393216K, used 86531K [0x00000007a8000000, 0x00000007c0000000, 0x00000007c0000000)
 Metaspace       used 39177K, capacity 40120K, committed 40388K, reserved 1085440K
  class space    used 4277K, capacity 4532K, committed 4580K, reserved 1048576K
}
2017-06-02T17:25:58.347-0100: 104138.172: Total time for which application threads were stopped: 0.0119486 seconds, Stopping threads took: 0.0000256 seconds
{Heap before GC invocations=226 (full 2):
 par new generation   total 109248K, used 108910K [0x00000007a0000000, 0x00000007a8000000, 0x00000007a8000000)
  eden space 87424K, 100% used [0x00000007a0000000, 0x00000007a5560000, 0x00000007a5560000)
  from space 21824K,  98% used [0x00000007a5560000, 0x00000007a6a5b950, 0x00000007a6ab0000)
  to   space 21824K,   0% used [0x00000007a6ab0000, 0x00000007a6ab0000, 0x00000007a8000000)
 concurrent mark-sweep generation total 393216K, used 86531K [0x00000007a8000000, 0x00000007c0000000, 0x00000007c0000000)
 Metaspace       used 39177K, capacity 40120K, committed 40388K, reserved 1085440K
  class space    used 4277K, capacity 4532K, committed 4580K, reserved 1048576K
2017-06-02T17:25:58.503-0100: 104138.328: [GC (Allocation Failure) 2017-06-02T17:25:58.503-0100: 104138.328: [ParNew
Desired survivor size 20112992 bytes, new threshold 8 (max 8)
- age   1:    6100392 bytes,    6100392 total
- age   2:    1517808 bytes,    7618200 total
- age   3:    1569720 bytes,    9187920 total
- age   4:     873024 bytes,   10060944 total
- age   5:    3988224 bytes,   14049168 total
- age   6:    1321000 bytes,   15370168 total
- age   7:    2395704 bytes,   17765872 total
- age   8:    1185016 bytes,   18950888 total
: 108910K->20803K(109248K), 0.0110315 secs] 195442K->108178K(502464K), 0.0111123 secs] [Times: user=0.02 sys=0.00, real=0.01 secs] 
Heap after GC invocations=227 (full 2):
 par new generation   total 109248K, used 20803K [0x00000007a0000000, 0x00000007a8000000, 0x00000007a8000000)
  eden space 87424K,   0% used [0x00000007a0000000, 0x00000007a0000000, 0x00000007a5560000)
  from space 21824K,  95% used [0x00000007a6ab0000, 0x00000007a7f00e08, 0x00000007a8000000)
  to   space 21824K,   0% used [0x00000007a5560000, 0x00000007a5560000, 0x00000007a6ab0000)
 concurrent mark-sweep generation total 393216K, used 87375K [0x00000007a8000000, 0x00000007c0000000, 0x00000007c0000000)
 Metaspace       used 39177K, capacity 40120K, committed 40388K, reserved 1085440K
  class space    used 4277K, capacity 4532K, committed 4580K, reserved 1048576K
}
2017-06-02T17:25:58.514-0100: 104138.339: Total time for which application threads were stopped: 0.0113126 seconds, Stopping threads took: 0.0000221 seconds
{Heap before GC invocations=227 (full 2):
 par new generation   total 109248K, used 108227K [0x00000007a0000000, 0x00000007a8000000, 0x00000007a8000000)
  eden space 87424K, 100% used [0x00000007a0000000, 0x00000007a5560000, 0x00000007a5560000)
  from space 21824K,  95% used [0x00000007a6ab0000, 0x00000007a7f00e08, 0x00000007a8000000)
  to   space 21824K,   0% used [0x00000007a5560000, 0x00000007a5560000, 0x00000007a6ab0000)
 concurrent mark-sweep generation total 393216K, used 87375K [0x00000007a8000000, 0x00000007c0000000, 0x00000007c0000000)
 Metaspace       used 39177K, capacity 40120K, committed 40388K, reserved 1085440K
  class space    used 4277K, capacity 4532K, committed 4580K, reserved 1048576K
2017-06-02T17:25:58.674-0100: 104138.498: [GC (Allocation Failure) 2017-06-02T17:25:58.674-0100: 104138.498: [ParNew
Desired survivor size 20112992 bytes, new threshold 8 (max 8)
- age   1:     860608 bytes,     860608 total
- age   2:    6041464 bytes,    6902072 total
- age   3:    1517808 bytes,    8419880 total
- age   4:    1569720 bytes,    9989600 total
- age   5:     873024 bytes,   10862624 total
- age   6:    3988224 bytes,   14850848 total
- age   7:    1318728 bytes,   16169576 total
- age   8:    2511800 bytes,   18681376 total
: 108227K->20595K(109248K), 0.0109148 secs] 195602K->109138K(502464K), 0.0109795 secs] [Times: user=0.03 sys=0.00, real=0.01 secs] 
Heap after GC invocations=228 (full 2):
 par new generation   total 109248K, used 20595K [0x00000007a0000000, 0x00000007a8000000, 0x00000007a8000000)
  eden space 87424K,   0% used [0x00000007a0000000, 0x00000007a0000000, 0x00000007a5560000)
  from space 21824K,  94% used [0x00000007a5560000, 0x00000007a697cde8, 0x00000007a6ab0000)
  to   space 21824K,   0% used [0x00000007a6ab0000, 0x00000007a6ab0000, 0x00000007a8000000)
 concurrent mark-sweep generation total 393216K, used 88543K [0x00000007a8000000, 0x00000007c0000000, 0x00000007c0000000)
 Metaspace       used 39177K, capacity 40120K, committed 40388K, reserved 1085440K
  class space    used 4277K, capacity 4532K, committed 4580K, reserved 1048576K
}
2017-06-02T17:25:58.685-0100: 104138.509: Total time for which application threads were stopped: 0.0111491 seconds, Stopping threads took: 0.0000173 seconds
{Heap before GC invocations=228 (full 2):
 par new generation   total 109248K, used 108019K [0x00000007a0000000, 0x00000007a8000000, 0x00000007a8000000)
  eden space 87424K, 100% used [0x00000007a0000000, 0x00000007a5560000, 0x00000007a5560000)
  from space 21824K,  94% used [0x00000007a5560000, 0x00000007a697cde8, 0x00000007a6ab0000)
  to   space 21824K,   0% used [0x00000007a6ab0000, 0x00000007a6ab0000, 0x00000007a8000000)
 concurrent mark-sweep generation total 393216K, used 88543K [0x00000007a8000000, 0x00000007c0000000, 0x00000007c0000000)
 Metaspace       used 39177K, capacity 40120K, committed 40388K, reserved 1085440K
  class space    used 4277K, capacity 4532K, committed 4580K, reserved 1048576K
2017-06-02T17:25:58.837-0100: 104138.661: [GC (Allocation Failure) 2017-06-02T17:25:58.837-0100: 104138.662: [ParNew
Desired survivor size 20112992 bytes, new threshold 8 (max 8)
- age   1:    5487648 bytes,    5487648 total
- age   2:     822472 bytes,    6310120 total
- age   3:    6041464 bytes,   12351584 total
- age   4:     930064 bytes,   13281648 total
- age   5:    1569720 bytes,   14851368 total
- age   6:     852424 bytes,   15703792 total
- age   7:    1867456 bytes,   17571248 total
- age   8:    1318728 bytes,   18889976 total
: 108019K->21824K(109248K), 0.0157900 secs] 196562K->111703K(502464K), 0.0158583 secs] [Times: user=0.05 sys=0.01, real=0.02 secs] 
Heap after GC invocations=229 (full 2):
 par new generation   total 109248K, used 21824K [0x00000007a0000000, 0x00000007a8000000, 0x00000007a8000000)
  eden space 87424K,   0% used [0x00000007a0000000, 0x00000007a0000000, 0x00000007a5560000)
  from space 21824K, 100% used [0x00000007a6ab0000, 0x00000007a8000000, 0x00000007a8000000)
  to   space 21824K,   0% used [0x00000007a5560000, 0x00000007a5560000, 0x00000007a6ab0000)
 concurrent mark-sweep generation total 393216K, used 89879K [0x00000007a8000000, 0x00000007c0000000, 0x00000007c0000000)
 Metaspace       used 39177K, capacity 40120K, committed 40388K, reserved 1085440K
  class space    used 4277K, capacity 4532K, committed 4580K, reserved 1048576K
}
2017-06-02T17:25:58.853-0100: 104138.677: Total time for which application threads were stopped: 0.0160288 seconds, Stopping threads took: 0.0000176 seconds
{Heap before GC invocations=229 (full 2):
 par new generation   total 109248K, used 109248K [0x00000007a0000000, 0x00000007a8000000, 0x00000007a8000000)
  eden space 87424K, 100% used [0x00000007a0000000, 0x00000007a5560000, 0x00000007a5560000)
  from space 21824K, 100% used [0x00000007a6ab0000, 0x00000007a8000000, 0x00000007a8000000)
  to   space 21824K,   0% used [0x00000007a5560000, 0x00000007a5560000, 0x00000007a6ab0000)
 concurrent mark-sweep generation total 393216K, used 89879K [0x00000007a8000000, 0x00000007c0000000, 0x00000007c0000000)
 Metaspace       used 39177K, capacity 40120K, committed 40388K, reserved 1085440K
  class space    used 4277K, capacity 4532K, committed 4580K, reserved 1048576K
2017-06-02T17:25:59.022-0100: 104138.846: [GC (Allocation Failure) 2017-06-02T17:25:59.022-0100: 104138.846: [ParNew
Desired survivor size 20112992 bytes, new threshold 8 (max 8)
- age   1:    3521312 bytes,    3521312 total
- age   2:    4431544 bytes,    7952856 total
- age   3:     821584 bytes,    8774440 total
- age   4:    4682016 bytes,   13456456 total
- age   5:     929608 bytes,   14386064 total
- age   6:    1569136 bytes,   15955200 total
- age   7:     851840 bytes,   16807040 total
- age   8:     735768 bytes,   17542808 total
: 109248K->21824K(109248K), 0.0106743 secs] 199127K->114919K(502464K), 0.0107437 secs] [Times: user=0.03 sys=0.00, real=0.01 secs] 
Heap after GC invocations=230 (full 2):
 par new generation   total 109248K, used 21824K [0x00000007a0000000, 0x00000007a8000000, 0x00000007a8000000)
  eden space 87424K,   0% used [0x00000007a0000000, 0x00000007a0000000, 0x00000007a5560000)
  from space 21824K, 100% used [0x00000007a5560000, 0x00000007a6ab0000, 0x00000007a6ab0000)
  to   space 21824K,   0% used [0x00000007a6ab0000, 0x00000007a6ab0000, 0x00000007a8000000)
 concurrent mark-sweep generation total 393216K, used 93095K [0x00000007a8000000, 0x00000007c0000000, 0x00000007c0000000)
 Metaspace       used 39177K, capacity 40120K, committed 40388K, reserved 1085440K
  class space    used 4277K, capacity 4532K, committed 4580K, reserved 1048576K
}
2017-06-02T17:25:59.033-0100: 104138.857: Total time for which application threads were stopped: 0.0109416 seconds, Stopping threads took: 0.0000291 seconds
{Heap before GC invocations=230 (full 2):
 par new generation   total 109248K, used 109248K [0x00000007a0000000, 0x00000007a8000000, 0x00000007a8000000)
  eden space 87424K, 100% used [0x00000007a0000000, 0x00000007a5560000, 0x00000007a5560000)
  from space 21824K, 100% used [0x00000007a5560000, 0x00000007a6ab0000, 0x00000007a6ab0000)
  to   space 21824K,   0% used [0x00000007a6ab0000, 0x00000007a6ab0000, 0x00000007a8000000)
 concurrent mark-sweep generation total 393216K, used 93095K [0x00000007a8000000, 0x00000007c0000000, 0x00000007c0000000)
 Metaspace       used 39177K, capacity 40120K, committed 40388K, reserved 1085440K
  class space    used 4277K, capacity 4532K, committed 4580K, reserved 1048576K
2017-06-02T17:25:59.209-0100: 104139.033: [GC (Allocation Failure) 2017-06-02T17:25:59.209-0100: 104139.033: [ParNew
Desired survivor size 20112992 bytes, new threshold 8 (max 8)
- age   1:     824712 bytes,     824712 total
- age   2:    1350208 bytes,    2174920 total
- age   3:    3970096 bytes,    6145016 total
- age   4:     818984 bytes,    6964000 total
- age   5:    4679744 bytes,   11643744 total
- age   6:     926832 bytes,   12570576 total
- age   7:    1561024 bytes,   14131600 total
- age   8:     848728 bytes,   14980328 total
: 109248K->21824K(109248K), 0.0075120 secs] 202343K->118189K(502464K), 0.0075726 secs] [Times: user=0.03 sys=0.01, real=0.01 secs] 
Heap after GC invocations=231 (full 2):
 par new generation   total 109248K, used 21824K [0x00000007a0000000, 0x00000007a8000000, 0x00000007a8000000)
  eden space 87424K,   0% used [0x00000007a0000000, 0x00000007a0000000, 0x00000007a5560000)
  from space 21824K, 100% used [0x00000007a6ab0000, 0x00000007a8000000, 0x00000007a8000000)
  to   space 21824K,   0% used [0x00000007a5560000, 0x00000007a5560000, 0x00000007a6ab0000)
 concurrent mark-sweep generation total 393216K, used 96365K [0x00000007a8000000, 0x00000007c0000000, 0x00000007c0000000)
 Metaspace       used 39177K, capacity 40120K, committed 40388K, reserved 1085440K
  class space    used 4277K, capacity 4532K, committed 4580K, reserved 1048576K
}
2017-06-02T17:25:59.216-0100: 104139.041: Total time for which application threads were stopped: 0.0077461 seconds, Stopping threads took: 0.0000177 seconds
{Heap before GC invocations=231 (full 2):
 par new generation   total 109248K, used 109248K [0x00000007a0000000, 0x00000007a8000000, 0x00000007a8000000)
  eden space 87424K, 100% used [0x00000007a0000000, 0x00000007a5560000, 0x00000007a5560000)
  from space 21824K, 100% used [0x00000007a6ab0000, 0x00000007a8000000, 0x00000007a8000000)
  to   space 21824K,   0% used [0x00000007a5560000, 0x00000007a5560000, 0x00000007a6ab0000)
 concurrent mark-sweep generation total 393216K, used 96365K [0x00000007a8000000, 0x00000007c0000000, 0x00000007c0000000)
 Metaspace       used 39177K, capacity 40120K, committed 40388K, reserved 1085440K
  class space    used 4277K, capacity 4532K, committed 4580K, reserved 1048576K
2017-06-02T17:25:59.389-0100: 104139.214: [GC (Allocation Failure) 2017-06-02T17:25:59.390-0100: 104139.214: [ParNew
Desired survivor size 20112992 bytes, new threshold 8 (max 8)
- age   1:    1709808 bytes,    1709808 total
- age   2:     781104 bytes,    2490912 total
- age   3:    1350208 bytes,    3841120 total
- age   4:    3970072 bytes,    7811192 total
- age   5:     818984 bytes,    8630176 total
- age   6:    4679768 bytes,   13309944 total
- age   7:     779848 bytes,   14089792 total
- age   8:    1561024 bytes,   15650816 total
: 109248K->18735K(109248K), 0.0068851 secs] 205613K->115941K(502464K), 0.0069591 secs] [Times: user=0.02 sys=0.00, real=0.01 secs] 
Heap after GC invocations=232 (full 2):
 par new generation   total 109248K, used 18735K [0x00000007a0000000, 0x00000007a8000000, 0x00000007a8000000)
  eden space 87424K,   0% used [0x00000007a0000000, 0x00000007a0000000, 0x00000007a5560000)
  from space 21824K,  85% used [0x00000007a5560000, 0x00000007a67abf78, 0x00000007a6ab0000)
  to   space 21824K,   0% used [0x00000007a6ab0000, 0x00000007a6ab0000, 0x00000007a8000000)
 concurrent mark-sweep generation total 393216K, used 97205K [0x00000007a8000000, 0x00000007c0000000, 0x00000007c0000000)
 Metaspace       used 39177K, capacity 40120K, committed 40388K, reserved 1085440K
  class space    used 4277K, capacity 4532K, committed 4580K, reserved 1048576K
}
2017-06-02T17:25:59.396-0100: 104139.221: Total time for which application threads were stopped: 0.0071337 seconds, Stopping threads took: 0.0000188 seconds
{Heap before GC invocations=232 (full 2):
 par new generation   total 109248K, used 106159K [0x00000007a0000000, 0x00000007a8000000, 0x00000007a8000000)
  eden space 87424K, 100% used [0x00000007a0000000, 0x00000007a5560000, 0x00000007a5560000)
  from space 21824K,  85% used [0x00000007a5560000, 0x00000007a67abf78, 0x00000007a6ab0000)
  to   space 21824K,   0% used [0x00000007a6ab0000, 0x00000007a6ab0000, 0x00000007a8000000)
 concurrent mark-sweep generation total 393216K, used 97205K [0x00000007a8000000, 0x00000007c0000000, 0x00000007c0000000)
 Metaspace       used 39177K, capacity 40120K, committed 40388K, reserved 1085440K
  class space    used 4277K, capacity 4532K, committed 4580K, reserved 1048576K
2017-06-02T17:25:59.565-0100: 104139.389: [GC (Allocation Failure) 2017-06-02T17:25:59.565-0100: 104139.389: [ParNew
Desired survivor size 20112992 bytes, new threshold 8 (max 8)
- age   1:     917728 bytes,     917728 total
- age   2:    1600856 bytes,    2518584 total
- age   3:     781104 bytes,    3299688 total
- age   4:    1350184 bytes,    4649872 total
- age   5:    3970072 bytes,    8619944 total
- age   6:     818984 bytes,    9438928 total
- age   7:    4679744 bytes,   14118672 total
- age   8:     779848 bytes,   14898520 total
: 106159K->17512K(109248K), 0.0067355 secs] 203365K->116253K(502464K), 0.0068041 secs] [Times: user=0.02 sys=0.00, real=0.01 secs] 
Heap after GC invocations=233 (full 2):
 par new generation   total 109248K, used 17512K [0x00000007a0000000, 0x00000007a8000000, 0x00000007a8000000)
  eden space 87424K,   0% used [0x00000007a0000000, 0x00000007a0000000, 0x00000007a5560000)
  from space 21824K,  80% used [0x00000007a6ab0000, 0x00000007a7bca290, 0x00000007a8000000)
  to   space 21824K,   0% used [0x00000007a5560000, 0x00000007a5560000, 0x00000007a6ab0000)
 concurrent mark-sweep generation total 393216K, used 98740K [0x00000007a8000000, 0x00000007c0000000, 0x00000007c0000000)
 Metaspace       used 39177K, capacity 40120K, committed 40388K, reserved 1085440K
  class space    used 4277K, capacity 4532K, committed 4580K, reserved 1048576K
}
2017-06-02T17:25:59.572-0100: 104139.396: Total time for which application threads were stopped: 0.0069991 seconds, Stopping threads took: 0.0000163 seconds
{Heap before GC invocations=233 (full 2):
 par new generation   total 109248K, used 104936K [0x00000007a0000000, 0x00000007a8000000, 0x00000007a8000000)
  eden space 87424K, 100% used [0x00000007a0000000, 0x00000007a5560000, 0x00000007a5560000)
  from space 21824K,  80% used [0x00000007a6ab0000, 0x00000007a7bca290, 0x00000007a8000000)
  to   space 21824K,   0% used [0x00000007a5560000, 0x00000007a5560000, 0x00000007a6ab0000)
 concurrent mark-sweep generation total 393216K, used 98740K [0x00000007a8000000, 0x00000007c0000000, 0x00000007c0000000)
 Metaspace       used 39177K, capacity 40120K, committed 40388K, reserved 1085440K
  class space    used 4277K, capacity 4532K, committed 4580K, reserved 1048576K
2017-06-02T17:25:59.727-0100: 104139.552: [GC (Allocation Failure) 2017-06-02T17:25:59.727-0100: 104139.552: [ParNew
Desired survivor size 20112992 bytes, new threshold 8 (max 8)
- age   1:    6971760 bytes,    6971760 total
- age   2:     823504 bytes,    7795264 total
- age   3:    1600856 bytes,    9396120 total
- age   4:     781104 bytes,   10177224 total
- age   5:    1350184 bytes,   11527408 total
- age   6:    3970072 bytes,   15497480 total
- age   7:     816424 bytes,   16313904 total
- age   8:    1282736 bytes,   17596640 total
: 104936K->18902K(109248K), 0.0070403 secs] 203677K->118415K(502464K), 0.0071048 secs] [Times: user=0.02 sys=0.00, real=0.01 secs] 
Heap after GC invocations=234 (full 2):
 par new generation   total 109248K, used 18902K [0x00000007a0000000, 0x00000007a8000000, 0x00000007a8000000)
  eden space 87424K,   0% used [0x00000007a0000000, 0x00000007a0000000, 0x00000007a5560000)
  from space 21824K,  86% used [0x00000007a5560000, 0x00000007a67d5918, 0x00000007a6ab0000)
  to   space 21824K,   0% used [0x00000007a6ab0000, 0x00000007a6ab0000, 0x00000007a8000000)
 concurrent mark-sweep generation total 393216K, used 99513K [0x00000007a8000000, 0x00000007c0000000, 0x00000007c0000000)
 Metaspace       used 39177K, capacity 40120K, committed 40388K, reserved 1085440K
  class space    used 4277K, capacity 4532K, committed 4580K, reserved 1048576K
}
2017-06-02T17:25:59.734-0100: 104139.559: Total time for which application threads were stopped: 0.0072769 seconds, Stopping threads took: 0.0000171 seconds
{Heap before GC invocations=234 (full 2):
 par new generation   total 109248K, used 106326K [0x00000007a0000000, 0x00000007a8000000, 0x00000007a8000000)
  eden space 87424K, 100% used [0x00000007a0000000, 0x00000007a5560000, 0x00000007a5560000)
  from space 21824K,  86% used [0x00000007a5560000, 0x00000007a67d5918, 0x00000007a6ab0000)
  to   space 21824K,   0% used [0x00000007a6ab0000, 0x00000007a6ab0000, 0x00000007a8000000)
 concurrent mark-sweep generation total 393216K, used 99513K [0x00000007a8000000, 0x00000007c0000000, 0x00000007c0000000)
 Metaspace       used 39177K, capacity 40120K, committed 40388K, reserved 1085440K
  class space    used 4277K, capacity 4532K, committed 4580K, reserved 1048576K
2017-06-02T17:25:59.897-0100: 104139.721: [GC (Allocation Failure) 2017-06-02T17:25:59.897-0100: 104139.721: [ParNew
Desired survivor size 20112992 bytes, new threshold 8 (max 8)
- age   1:     878424 bytes,     878424 total
- age   2:    6894688 bytes,    7773112 total
- age   3:     823504 bytes,    8596616 total
- age   4:    1600856 bytes,   10197472 total
- age   5:     781104 bytes,   10978576 total
- age   6:    1350184 bytes,   12328760 total
- age   7:    3946912 bytes,   16275672 total
- age   8:     816448 bytes,   17092120 total
: 106326K->20649K(109248K), 0.0071094 secs] 205839K->121426K(502464K), 0.0071719 secs] [Times: user=0.03 sys=0.01, real=0.01 secs] 
Heap after GC invocations=235 (full 2):
 par new generation   total 109248K, used 20649K [0x00000007a0000000, 0x00000007a8000000, 0x00000007a8000000)
  eden space 87424K,   0% used [0x00000007a0000000, 0x00000007a0000000, 0x00000007a5560000)
  from space 21824K,  94% used [0x00000007a6ab0000, 0x00000007a7eda6c0, 0x00000007a8000000)
  to   space 21824K,   0% used [0x00000007a5560000, 0x00000007a5560000, 0x00000007a6ab0000)
 concurrent mark-sweep generation total 393216K, used 100776K [0x00000007a8000000, 0x00000007c0000000, 0x00000007c0000000)
 Metaspace       used 39177K, capacity 40120K, committed 40388K, reserved 1085440K
  class space    used 4277K, capacity 4532K, committed 4580K, reserved 1048576K
}
2017-06-02T17:25:59.904-0100: 104139.728: Total time for which application threads were stopped: 0.0073411 seconds, Stopping threads took: 0.0000170 seconds
{Heap before GC invocations=235 (full 2):
 par new generation   total 109248K, used 108073K [0x00000007a0000000, 0x00000007a8000000, 0x00000007a8000000)
  eden space 87424K, 100% used [0x00000007a0000000, 0x00000007a5560000, 0x00000007a5560000)
  from space 21824K,  94% used [0x00000007a6ab0000, 0x00000007a7eda6c0, 0x00000007a8000000)
  to   space 21824K,   0% used [0x00000007a5560000, 0x00000007a5560000, 0x00000007a6ab0000)
 concurrent mark-sweep generation total 393216K, used 100776K [0x00000007a8000000, 0x00000007c0000000, 0x00000007c0000000)
 Metaspace       used 39177K, capacity 40120K, committed 40388K, reserved 1085440K
  class space    used 4277K, capacity 4532K, committed 4580K, reserved 1048576K
2017-06-02T17:26:00.064-0100: 104139.889: [GC (Allocation Failure) 2017-06-02T17:26:00.064-0100: 104139.889: [ParNew
Desired survivor size 20112992 bytes, new threshold 8 (max 8)
- age   1:     804168 bytes,     804168 total
- age   2:     837848 bytes,    1642016 total
- age   3:    6894688 bytes,    8536704 total
- age   4:     823552 bytes,    9360256 total
- age   5:    1600856 bytes,   10961112 total
- age   6:     781128 bytes,   11742240 total
- age   7:    1350184 bytes,   13092424 total
- age   8:    3946912 bytes,   17039336 total
: 108073K->19618K(109248K), 0.0069652 secs] 208850K->121203K(502464K), 0.0070403 secs] [Times: user=0.02 sys=0.00, real=0.01 secs] 
Heap after GC invocations=236 (full 2):
 par new generation   total 109248K, used 19618K [0x00000007a0000000, 0x00000007a8000000, 0x00000007a8000000)
  eden space 87424K,   0% used [0x00000007a0000000, 0x00000007a0000000, 0x00000007a5560000)
  from space 21824K,  89% used [0x00000007a5560000, 0x00000007a6888918, 0x00000007a6ab0000)
  to   space 21824K,   0% used [0x00000007a6ab0000, 0x00000007a6ab0000, 0x00000007a8000000)
 concurrent mark-sweep generation total 393216K, used 101584K [0x00000007a8000000, 0x00000007c0000000, 0x00000007c0000000)
 Metaspace       used 39177K, capacity 40120K, committed 40388K, reserved 1085440K
  class space    used 4277K, capacity 4532K, committed 4580K, reserved 1048576K
}
2017-06-02T17:26:00.071-0100: 104139.896: Total time for which application threads were stopped: 0.0072124 seconds, Stopping threads took: 0.0000171 seconds
{Heap before GC invocations=236 (full 2):
 par new generation   total 109248K, used 107042K [0x00000007a0000000, 0x00000007a8000000, 0x00000007a8000000)
  eden space 87424K, 100% used [0x00000007a0000000, 0x00000007a5560000, 0x00000007a5560000)
  from space 21824K,  89% used [0x00000007a5560000, 0x00000007a6888918, 0x00000007a6ab0000)
  to   space 21824K,   0% used [0x00000007a6ab0000, 0x00000007a6ab0000, 0x00000007a8000000)
 concurrent mark-sweep generation total 393216K, used 101584K [0x00000007a8000000, 0x00000007c0000000, 0x00000007c0000000)
 Metaspace       used 39177K, capacity 40120K, committed 40388K, reserved 1085440K
  class space    used 4277K, capacity 4532K, committed 4580K, reserved 1048576K
2017-06-02T17:26:00.231-0100: 104140.056: [GC (Allocation Failure) 2017-06-02T17:26:00.231-0100: 104140.056: [ParNew
Desired survivor size 20112992 bytes, new threshold 8 (max 8)
- age   1:     906488 bytes,     906488 total
- age   2:     752104 bytes,    1658592 total
- age   3:     837824 bytes,    2496416 total
- age   4:    6894688 bytes,    9391104 total
- age   5:     823504 bytes,   10214608 total
- age   6:    1600856 bytes,   11815464 total
- age   7:     781104 bytes,   12596568 total
- age   8:    1350184 bytes,   13946752 total
: 107042K->15153K(109248K), 0.0104151 secs] 208627K->120602K(502464K), 0.0104748 secs] [Times: user=0.03 sys=0.00, real=0.01 secs] 
Heap after GC invocations=237 (full 2):
 par new generation   total 109248K, used 15153K [0x00000007a0000000, 0x00000007a8000000, 0x00000007a8000000)
  eden space 87424K,   0% used [0x00000007a0000000, 0x00000007a0000000, 0x00000007a5560000)
  from space 21824K,  69% used [0x00000007a6ab0000, 0x00000007a797c448, 0x00000007a8000000)
  to   space 21824K,   0% used [0x00000007a5560000, 0x00000007a5560000, 0x00000007a6ab0000)
 concurrent mark-sweep generation total 393216K, used 105449K [0x00000007a8000000, 0x00000007c0000000, 0x00000007c0000000)
 Metaspace       used 39177K, capacity 40120K, committed 40388K, reserved 1085440K
  class space    used 4277K, capacity 4532K, committed 4580K, reserved 1048576K
}
2017-06-02T17:26:00.242-0100: 104140.066: Total time for which application threads were stopped: 0.0106514 seconds, Stopping threads took: 0.0000191 seconds
{Heap before GC invocations=237 (full 2):
 par new generation   total 109248K, used 102571K [0x00000007a0000000, 0x00000007a8000000, 0x00000007a8000000)
  eden space 87424K,  99% used [0x00000007a0000000, 0x00000007a555e9b8, 0x00000007a5560000)
  from space 21824K,  69% used [0x00000007a6ab0000, 0x00000007a797c448, 0x00000007a8000000)
  to   space 21824K,   0% used [0x00000007a5560000, 0x00000007a5560000, 0x00000007a6ab0000)
 concurrent mark-sweep generation total 393216K, used 105449K [0x00000007a8000000, 0x00000007c0000000, 0x00000007c0000000)
 Metaspace       used 39177K, capacity 40120K, committed 40388K, reserved 1085440K
  class space    used 4277K, capacity 4532K, committed 4580K, reserved 1048576K
2017-06-02T17:26:00.402-0100: 104140.227: [GC (Allocation Failure) 2017-06-02T17:26:00.402-0100: 104140.227: [ParNew
Desired survivor size 20112992 bytes, new threshold 8 (max 8)
- age   1:    3545016 bytes,    3545016 total
- age   2:     850000 bytes,    4395016 total
- age   3:     752104 bytes,    5147120 total
- age   4:     837824 bytes,    5984944 total
- age   5:    6894688 bytes,   12879632 total
- age   6:     823504 bytes,   13703136 total
- age   7:    1600856 bytes,   15303992 total
- age   8:     774696 bytes,   16078688 total
: 102571K->18416K(109248K), 0.0136378 secs] 208021K->125195K(502464K), 0.0137070 secs] [Times: user=0.05 sys=0.00, real=0.01 secs] 
Heap after GC invocations=238 (full 2):
 par new generation   total 109248K, used 18416K [0x00000007a0000000, 0x00000007a8000000, 0x00000007a8000000)
  eden space 87424K,   0% used [0x00000007a0000000, 0x00000007a0000000, 0x00000007a5560000)
  from space 21824K,  84% used [0x00000007a5560000, 0x00000007a675c1c8, 0x00000007a6ab0000)
  to   space 21824K,   0% used [0x00000007a6ab0000, 0x00000007a6ab0000, 0x00000007a8000000)
 concurrent mark-sweep generation total 393216K, used 106778K [0x00000007a8000000, 0x00000007c0000000, 0x00000007c0000000)
 Metaspace       used 39177K, capacity 40120K, committed 40388K, reserved 1085440K
  class space    used 4277K, capacity 4532K, committed 4580K, reserved 1048576K
}
2017-06-02T17:26:00.416-0100: 104140.240: Total time for which application threads were stopped: 0.0138847 seconds, Stopping threads took: 0.0000176 seconds
{Heap before GC invocations=238 (full 2):
 par new generation   total 109248K, used 105840K [0x00000007a0000000, 0x00000007a8000000, 0x00000007a8000000)
  eden space 87424K, 100% used [0x00000007a0000000, 0x00000007a5560000, 0x00000007a5560000)
  from space 21824K,  84% used [0x00000007a5560000, 0x00000007a675c1c8, 0x00000007a6ab0000)
  to   space 21824K,   0% used [0x00000007a6ab0000, 0x00000007a6ab0000, 0x00000007a8000000)
 concurrent mark-sweep generation total 393216K, used 106778K [0x00000007a8000000, 0x00000007c0000000, 0x00000007c0000000)
 Metaspace       used 39177K, capacity 40120K, committed 40388K, reserved 1085440K
  class space    used 4277K, capacity 4532K, committed 4580K, reserved 1048576K
2017-06-02T17:26:00.574-0100: 104140.398: [GC (Allocation Failure) 2017-06-02T17:26:00.574-0100: 104140.398: [ParNew
Desired survivor size 20112992 bytes, new threshold 8 (max 8)
- age   1:    4116056 bytes,    4116056 total
- age   2:    3471536 bytes,    7587592 total
- age   3:     850000 bytes,    8437592 total
- age   4:     752104 bytes,    9189696 total
- age   5:     837824 bytes,   10027520 total
- age   6:    7659008 bytes,   17686528 total
- age   7:     823504 bytes,   18510032 total
- age   8:     774288 bytes,   19284320 total
: 105840K->19809K(109248K), 0.0072414 secs] 212619K->127355K(502464K), 0.0073154 secs] [Times: user=0.02 sys=0.00, real=0.01 secs] 
Heap after GC invocations=239 (full 2):
 par new generation   total 109248K, used 19809K [0x00000007a0000000, 0x00000007a8000000, 0x00000007a8000000)
  eden space 87424K,   0% used [0x00000007a0000000, 0x00000007a0000000, 0x00000007a5560000)
  from space 21824K,  90% used [0x00000007a6ab0000, 0x00000007a7e08588, 0x00000007a8000000)
  to   space 21824K,   0% used [0x00000007a5560000, 0x00000007a5560000, 0x00000007a6ab0000)
 concurrent mark-sweep generation total 393216K, used 107546K [0x00000007a8000000, 0x00000007c0000000, 0x00000007c0000000)
 Metaspace       used 39177K, capacity 40120K, committed 40388K, reserved 1085440K
  class space    used 4277K, capacity 4532K, committed 4580K, reserved 1048576K
}
2017-06-02T17:26:00.581-0100: 104140.405: Total time for which application threads were stopped: 0.0075097 seconds, Stopping threads took: 0.0000194 seconds
{Heap before GC invocations=239 (full 2):
 par new generation   total 109248K, used 107233K [0x00000007a0000000, 0x00000007a8000000, 0x00000007a8000000)
  eden space 87424K, 100% used [0x00000007a0000000, 0x00000007a5560000, 0x00000007a5560000)
  from space 21824K,  90% used [0x00000007a6ab0000, 0x00000007a7e08588, 0x00000007a8000000)
  to   space 21824K,   0% used [0x00000007a5560000, 0x00000007a5560000, 0x00000007a6ab0000)
 concurrent mark-sweep generation total 393216K, used 107546K [0x00000007a8000000, 0x00000007c0000000, 0x00000007c0000000)
 Metaspace       used 39177K, capacity 40120K, committed 40388K, reserved 1085440K
  class space    used 4277K, capacity 4532K, committed 4580K, reserved 1048576K
2017-06-02T17:26:00.742-0100: 104140.567: [GC (Allocation Failure) 2017-06-02T17:26:00.742-0100: 104140.567: [ParNew
Desired survivor size 20112992 bytes, new threshold 8 (max 8)
- age   1:    4500336 bytes,    4500336 total
- age   2:    2590600 bytes,    7090936 total
- age   3:    3471536 bytes,   10562472 total
- age   4:     850000 bytes,   11412472 total
- age   5:     752128 bytes,   12164600 total
- age   6:     837824 bytes,   13002424 total
- age   7:    6894688 bytes,   19897112 total
- age   8:     823504 bytes,   20720616 total
: 107233K->21752K(109248K), 0.0074248 secs] 214779K->131976K(502464K), 0.0074948 secs] [Times: user=0.02 sys=0.00, real=0.01 secs] 
Heap after GC invocations=240 (full 2):
 par new generation   total 109248K, used 21752K [0x00000007a0000000, 0x00000007a8000000, 0x00000007a8000000)
  eden space 87424K,   0% used [0x00000007a0000000, 0x00000007a0000000, 0x00000007a5560000)
  from space 21824K,  99% used [0x00000007a5560000, 0x00000007a6a9e348, 0x00000007a6ab0000)
  to   space 21824K,   0% used [0x00000007a6ab0000, 0x00000007a6ab0000, 0x00000007a8000000)
 concurrent mark-sweep generation total 393216K, used 110223K [0x00000007a8000000, 0x00000007c0000000, 0x00000007c0000000)
 Metaspace       used 39177K, capacity 40120K, committed 40388K, reserved 1085440K
  class space    used 4277K, capacity 4532K, committed 4580K, reserved 1048576K
}
2017-06-02T17:26:00.750-0100: 104140.574: Total time for which application threads were stopped: 0.0076750 seconds, Stopping threads took: 0.0000194 seconds
{Heap before GC invocations=240 (full 2):
 par new generation   total 109248K, used 109176K [0x00000007a0000000, 0x00000007a8000000, 0x00000007a8000000)
  eden space 87424K, 100% used [0x00000007a0000000, 0x00000007a5560000, 0x00000007a5560000)
  from space 21824K,  99% used [0x00000007a5560000, 0x00000007a6a9e348, 0x00000007a6ab0000)
  to   space 21824K,   0% used [0x00000007a6ab0000, 0x00000007a6ab0000, 0x00000007a8000000)
 concurrent mark-sweep generation total 393216K, used 110223K [0x00000007a8000000, 0x00000007c0000000, 0x00000007c0000000)
 Metaspace       used 39177K, capacity 40120K, committed 40388K, reserved 1085440K
  class space    used 4277K, capacity 4532K, committed 4580K, reserved 1048576K
2017-06-02T17:26:00.942-0100: 104140.767: [GC (Allocation Failure) 2017-06-02T17:26:00.942-0100: 104140.767: [ParNew
Desired survivor size 20112992 bytes, new threshold 8 (max 8)
- age   1:     842424 bytes,     842424 total
- age   2:    4422968 bytes,    5265392 total
- age   3:    2590600 bytes,    7855992 total
- age   4:    3471536 bytes,   11327528 total
- age   5:     850000 bytes,   12177528 total
- age   6:     752104 bytes,   12929632 total
- age   7:     542768 bytes,   13472400 total
- age   8:    6629536 bytes,   20101936 total
: 109176K->21824K(109248K), 0.0130511 secs] 219400K->133406K(502464K), 0.0131251 secs] [Times: user=0.04 sys=0.01, real=0.01 secs] 
Heap after GC invocations=241 (full 2):
 par new generation   total 109248K, used 21824K [0x00000007a0000000, 0x00000007a8000000, 0x00000007a8000000)
  eden space 87424K,   0% used [0x00000007a0000000, 0x00000007a0000000, 0x00000007a5560000)
  from space 21824K, 100% used [0x00000007a6ab0000, 0x00000007a8000000, 0x00000007a8000000)
  to   space 21824K,   0% used [0x00000007a5560000, 0x00000007a5560000, 0x00000007a6ab0000)
 concurrent mark-sweep generation total 393216K, used 111582K [0x00000007a8000000, 0x00000007c0000000, 0x00000007c0000000)
 Metaspace       used 39177K, capacity 40120K, committed 40388K, reserved 1085440K
  class space    used 4277K, capacity 4532K, committed 4580K, reserved 1048576K
}
2017-06-02T17:26:00.956-0100: 104140.780: Total time for which application threads were stopped: 0.0133500 seconds, Stopping threads took: 0.0000201 seconds
{Heap before GC invocations=241 (full 2):
 par new generation   total 109248K, used 109248K [0x00000007a0000000, 0x00000007a8000000, 0x00000007a8000000)
  eden space 87424K, 100% used [0x00000007a0000000, 0x00000007a5560000, 0x00000007a5560000)
  from space 21824K, 100% used [0x00000007a6ab0000, 0x00000007a8000000, 0x00000007a8000000)
  to   space 21824K,   0% used [0x00000007a5560000, 0x00000007a5560000, 0x00000007a6ab0000)
 concurrent mark-sweep generation total 393216K, used 111582K [0x00000007a8000000, 0x00000007c0000000, 0x00000007c0000000)
 Metaspace       used 39177K, capacity 40120K, committed 40388K, reserved 1085440K
  class space    used 4277K, capacity 4532K, committed 4580K, reserved 1048576K
2017-06-02T17:26:01.143-0100: 104140.967: [GC (Allocation Failure) 2017-06-02T17:26:01.143-0100: 104140.967: [ParNew
Desired survivor size 20112992 bytes, new threshold 8 (max 8)
- age   1:    7079720 bytes,    7079720 total
- age   2:     787272 bytes,    7866992 total
- age   3:    4422968 bytes,   12289960 total
- age   4:    2590600 bytes,   14880560 total
- age   5:    1324304 bytes,   16204864 total
- age   6:     850000 bytes,   17054864 total
- age   7:     752104 bytes,   17806968 total
- age   8:     516728 bytes,   18323696 total
: 109248K->21423K(109248K), 0.0144075 secs] 220830K->136362K(502464K), 0.0144829 secs] [Times: user=0.04 sys=0.00, real=0.01 secs] 
Heap after GC invocations=242 (full 2):
 par new generation   total 109248K, used 21423K [0x00000007a0000000, 0x00000007a8000000, 0x00000007a8000000)
  eden space 87424K,   0% used [0x00000007a0000000, 0x00000007a0000000, 0x00000007a5560000)
  from space 21824K,  98% used [0x00000007a5560000, 0x00000007a6a4be00, 0x00000007a6ab0000)
  to   space 21824K,   0% used [0x00000007a6ab0000, 0x00000007a6ab0000, 0x00000007a8000000)
 concurrent mark-sweep generation total 393216K, used 114939K [0x00000007a8000000, 0x00000007c0000000, 0x00000007c0000000)
 Metaspace       used 39177K, capacity 40120K, committed 40388K, reserved 1085440K
  class space    used 4277K, capacity 4532K, committed 4580K, reserved 1048576K
}
2017-06-02T17:26:01.158-0100: 104140.982: Total time for which application threads were stopped: 0.0147102 seconds, Stopping threads took: 0.0000256 seconds
{Heap before GC invocations=242 (full 2):
 par new generation   total 109248K, used 108847K [0x00000007a0000000, 0x00000007a8000000, 0x00000007a8000000)
  eden space 87424K, 100% used [0x00000007a0000000, 0x00000007a5560000, 0x00000007a5560000)
  from space 21824K,  98% used [0x00000007a5560000, 0x00000007a6a4be00, 0x00000007a6ab0000)
  to   space 21824K,   0% used [0x00000007a6ab0000, 0x00000007a6ab0000, 0x00000007a8000000)
 concurrent mark-sweep generation total 393216K, used 114939K [0x00000007a8000000, 0x00000007c0000000, 0x00000007c0000000)
 Metaspace       used 39177K, capacity 40120K, committed 40388K, reserved 1085440K
  class space    used 4277K, capacity 4532K, committed 4580K, reserved 1048576K
2017-06-02T17:26:01.340-0100: 104141.164: [GC (Allocation Failure) 2017-06-02T17:26:01.340-0100: 104141.164: [ParNew
Desired survivor size 20112992 bytes, new threshold 8 (max 8)
- age   1:     840456 bytes,     840456 total
- age   2:    7038392 bytes,    7878848 total
- age   3:     787272 bytes,    8666120 total
- age   4:    4422968 bytes,   13089088 total
- age   5:    2776568 bytes,   15865656 total
- age   6:     787496 bytes,   16653152 total
- age   7:     850000 bytes,   17503152 total
- age   8:     752104 bytes,   18255256 total
: 108847K->21501K(109248K), 0.0076398 secs] 223786K->137481K(502464K), 0.0077192 secs] [Times: user=0.03 sys=0.01, real=0.00 secs] 
Heap after GC invocations=243 (full 2):
 par new generation   total 109248K, used 21501K [0x00000007a0000000, 0x00000007a8000000, 0x00000007a8000000)
  eden space 87424K,   0% used [0x00000007a0000000, 0x00000007a0000000, 0x00000007a5560000)
  from space 21824K,  98% used [0x00000007a6ab0000, 0x00000007a7faf7c0, 0x00000007a8000000)
  to   space 21824K,   0% used [0x00000007a5560000, 0x00000007a5560000, 0x00000007a6ab0000)
 concurrent mark-sweep generation total 393216K, used 115979K [0x00000007a8000000, 0x00000007c0000000, 0x00000007c0000000)
 Metaspace       used 39177K, capacity 40120K, committed 40388K, reserved 1085440K
  class space    used 4277K, capacity 4532K, committed 4580K, reserved 1048576K
}
2017-06-02T17:26:01.348-0100: 104141.172: Total time for which application threads were stopped: 0.0078919 seconds, Stopping threads took: 0.0000175 seconds
{Heap before GC invocations=243 (full 2):
 par new generation   total 109248K, used 108925K [0x00000007a0000000, 0x00000007a8000000, 0x00000007a8000000)
  eden space 87424K, 100% used [0x00000007a0000000, 0x00000007a5560000, 0x00000007a5560000)
  from space 21824K,  98% used [0x00000007a6ab0000, 0x00000007a7faf7c0, 0x00000007a8000000)
  to   space 21824K,   0% used [0x00000007a5560000, 0x00000007a5560000, 0x00000007a6ab0000)
 concurrent mark-sweep generation total 393216K, used 115979K [0x00000007a8000000, 0x00000007c0000000, 0x00000007c0000000)
 Metaspace       used 39177K, capacity 40120K, committed 40388K, reserved 1085440K
  class space    used 4277K, capacity 4532K, committed 4580K, reserved 1048576K
2017-06-02T17:26:01.511-0100: 104141.335: [GC (Allocation Failure) 2017-06-02T17:26:01.511-0100: 104141.335: [ParNew
Desired survivor size 20112992 bytes, new threshold 8 (max 8)
- age   1:     866728 bytes,     866728 total
- age   2:     782008 bytes,    1648736 total
- age   3:    7035144 bytes,    8683880 total
- age   4:     783592 bytes,    9467472 total
- age   5:    2244296 bytes,   11711768 total
- age   6:     703416 bytes,   12415184 total
- age   7:     783520 bytes,   13198704 total
- age   8:     846568 bytes,   14045272 total
: 108925K->21824K(109248K), 0.0072290 secs] 224905K->142540K(502464K), 0.0072979 secs] [Times: user=0.03 sys=0.00, real=0.00 secs] 
Heap after GC invocations=244 (full 2):
 par new generation   total 109248K, used 21824K [0x00000007a0000000, 0x00000007a8000000, 0x00000007a8000000)
  eden space 87424K,   0% used [0x00000007a0000000, 0x00000007a0000000, 0x00000007a5560000)
  from space 21824K, 100% used [0x00000007a5560000, 0x00000007a6ab0000, 0x00000007a6ab0000)
  to   space 21824K,   0% used [0x00000007a6ab0000, 0x00000007a6ab0000, 0x00000007a8000000)
 concurrent mark-sweep generation total 393216K, used 120716K [0x00000007a8000000, 0x00000007c0000000, 0x00000007c0000000)
 Metaspace       used 39177K, capacity 40120K, committed 40388K, reserved 1085440K
  class space    used 4277K, capacity 4532K, committed 4580K, reserved 1048576K
}
2017-06-02T17:26:01.518-0100: 104141.343: Total time for which application threads were stopped: 0.0074747 seconds, Stopping threads took: 0.0000199 seconds
{Heap before GC invocations=244 (full 2):
 par new generation   total 109248K, used 109248K [0x00000007a0000000, 0x00000007a8000000, 0x00000007a8000000)
  eden space 87424K, 100% used [0x00000007a0000000, 0x00000007a5560000, 0x00000007a5560000)
  from space 21824K, 100% used [0x00000007a5560000, 0x00000007a6ab0000, 0x00000007a6ab0000)
  to   space 21824K,   0% used [0x00000007a6ab0000, 0x00000007a6ab0000, 0x00000007a8000000)
 concurrent mark-sweep generation total 393216K, used 120716K [0x00000007a8000000, 0x00000007c0000000, 0x00000007c0000000)
 Metaspace       used 39177K, capacity 40120K, committed 40388K, reserved 1085440K
  class space    used 4277K, capacity 4532K, committed 4580K, reserved 1048576K
2017-06-02T17:26:01.706-0100: 104141.530: [GC (Allocation Failure) 2017-06-02T17:26:01.706-0100: 104141.530: [ParNew
Desired survivor size 20112992 bytes, new threshold 8 (max 8)
- age   1:    2894720 bytes,    2894720 total
- age   2:     806512 bytes,    3701232 total
- age   3:     781984 bytes,    4483216 total
- age   4:    7035144 bytes,   11518360 total
- age   5:     783592 bytes,   12301952 total
- age   6:    2244296 bytes,   14546248 total
- age   7:     703416 bytes,   15249664 total
- age   8:     783520 bytes,   16033184 total
: 109248K->18732K(109248K), 0.0074730 secs] 229964K->140286K(502464K), 0.0075568 secs] [Times: user=0.03 sys=0.00, real=0.01 secs] 
Heap after GC invocations=245 (full 2):
 par new generation   total 109248K, used 18732K [0x00000007a0000000, 0x00000007a8000000, 0x00000007a8000000)
  eden space 87424K,   0% used [0x00000007a0000000, 0x00000007a0000000, 0x00000007a5560000)
  from space 21824K,  85% used [0x00000007a6ab0000, 0x00000007a7cfb280, 0x00000007a8000000)
  to   space 21824K,   0% used [0x00000007a5560000, 0x00000007a5560000, 0x00000007a6ab0000)
 concurrent mark-sweep generation total 393216K, used 121554K [0x00000007a8000000, 0x00000007c0000000, 0x00000007c0000000)
 Metaspace       used 39177K, capacity 40120K, committed 40388K, reserved 1085440K
  class space    used 4277K, capacity 4532K, committed 4580K, reserved 1048576K
}
2017-06-02T17:26:01.714-0100: 104141.538: Total time for which application threads were stopped: 0.0077655 seconds, Stopping threads took: 0.0000270 seconds
{Heap before GC invocations=245 (full 2):
 par new generation   total 109248K, used 106156K [0x00000007a0000000, 0x00000007a8000000, 0x00000007a8000000)
  eden space 87424K, 100% used [0x00000007a0000000, 0x00000007a5560000, 0x00000007a5560000)
  from space 21824K,  85% used [0x00000007a6ab0000, 0x00000007a7cfb280, 0x00000007a8000000)
  to   space 21824K,   0% used [0x00000007a5560000, 0x00000007a5560000, 0x00000007a6ab0000)
 concurrent mark-sweep generation total 393216K, used 121554K [0x00000007a8000000, 0x00000007c0000000, 0x00000007c0000000)
 Metaspace       used 39177K, capacity 40120K, committed 40388K, reserved 1085440K
  class space    used 4277K, capacity 4532K, committed 4580K, reserved 1048576K
2017-06-02T17:26:01.905-0100: 104141.729: [GC (Allocation Failure) 2017-06-02T17:26:01.905-0100: 104141.729: [ParNew
Desired survivor size 20112992 bytes, new threshold 8 (max 8)
- age   1:    2024760 bytes,    2024760 total
- age   2:    2812976 bytes,    4837736 total
- age   3:     806536 bytes,    5644272 total
- age   4:     781984 bytes,    6426256 total
- age   5:    7035144 bytes,   13461400 total
- age   6:     783592 bytes,   14244992 total
- age   7:    2244296 bytes,   16489288 total
- age   8:     703392 bytes,   17192680 total
: 106156K->18535K(109248K), 0.0078792 secs] 227710K->140858K(502464K), 0.0079337 secs] [Times: user=0.03 sys=0.00, real=0.01 secs] 
Heap after GC invocations=246 (full 2):
 par new generation   total 109248K, used 18535K [0x00000007a0000000, 0x00000007a8000000, 0x00000007a8000000)
  eden space 87424K,   0% used [0x00000007a0000000, 0x00000007a0000000, 0x00000007a5560000)
  from space 21824K,  84% used [0x00000007a5560000, 0x00000007a6779fa0, 0x00000007a6ab0000)
  to   space 21824K,   0% used [0x00000007a6ab0000, 0x00000007a6ab0000, 0x00000007a8000000)
 concurrent mark-sweep generation total 393216K, used 122323K [0x00000007a8000000, 0x00000007c0000000, 0x00000007c0000000)
 Metaspace       used 39177K, capacity 40120K, committed 40388K, reserved 1085440K
  class space    used 4277K, capacity 4532K, committed 4580K, reserved 1048576K
}
2017-06-02T17:26:01.913-0100: 104141.737: Total time for which application threads were stopped: 0.0081323 seconds, Stopping threads took: 0.0000200 seconds
{Heap before GC invocations=246 (full 2):
 par new generation   total 109248K, used 105959K [0x00000007a0000000, 0x00000007a8000000, 0x00000007a8000000)
  eden space 87424K, 100% used [0x00000007a0000000, 0x00000007a5560000, 0x00000007a5560000)
  from space 21824K,  84% used [0x00000007a5560000, 0x00000007a6779fa0, 0x00000007a6ab0000)
  to   space 21824K,   0% used [0x00000007a6ab0000, 0x00000007a6ab0000, 0x00000007a8000000)
 concurrent mark-sweep generation total 393216K, used 122323K [0x00000007a8000000, 0x00000007c0000000, 0x00000007c0000000)
 Metaspace       used 39177K, capacity 40120K, committed 40388K, reserved 1085440K
  class space    used 4277K, capacity 4532K, committed 4580K, reserved 1048576K
2017-06-02T17:26:02.073-0100: 104141.897: [GC (Allocation Failure) 2017-06-02T17:26:02.073-0100: 104141.897: [ParNew
Desired survivor size 20112992 bytes, new threshold 8 (max 8)
- age   1:    4784664 bytes,    4784664 total
- age   2:    1982456 bytes,    6767120 total
- age   3:     715808 bytes,    7482928 total
- age   4:     806512 bytes,    8289440 total
- age   5:     781984 bytes,    9071424 total
- age   6:    7035144 bytes,   16106568 total
- age   7:     783592 bytes,   16890160 total
- age   8:    2244296 bytes,   19134456 total
: 105959K->20760K(109248K), 0.0082695 secs] 228282K->145828K(502464K), 0.0083438 secs] [Times: user=0.03 sys=0.00, real=0.01 secs] 
Heap after GC invocations=247 (full 2):
 par new generation   total 109248K, used 20760K [0x00000007a0000000, 0x00000007a8000000, 0x00000007a8000000)
  eden space 87424K,   0% used [0x00000007a0000000, 0x00000007a0000000, 0x00000007a5560000)
  from space 21824K,  95% used [0x00000007a6ab0000, 0x00000007a7ef6038, 0x00000007a8000000)
  to   space 21824K,   0% used [0x00000007a5560000, 0x00000007a5560000, 0x00000007a6ab0000)
 concurrent mark-sweep generation total 393216K, used 125068K [0x00000007a8000000, 0x00000007c0000000, 0x00000007c0000000)
 Metaspace       used 39177K, capacity 40120K, committed 40388K, reserved 1085440K
  class space    used 4277K, capacity 4532K, committed 4580K, reserved 1048576K
}
2017-06-02T17:26:02.081-0100: 104141.906: Total time for which application threads were stopped: 0.0085350 seconds, Stopping threads took: 0.0000184 seconds
{Heap before GC invocations=247 (full 2):
 par new generation   total 109248K, used 108184K [0x00000007a0000000, 0x00000007a8000000, 0x00000007a8000000)
  eden space 87424K, 100% used [0x00000007a0000000, 0x00000007a5560000, 0x00000007a5560000)
  from space 21824K,  95% used [0x00000007a6ab0000, 0x00000007a7ef6038, 0x00000007a8000000)
  to   space 21824K,   0% used [0x00000007a5560000, 0x00000007a5560000, 0x00000007a6ab0000)
 concurrent mark-sweep generation total 393216K, used 125068K [0x00000007a8000000, 0x00000007c0000000, 0x00000007c0000000)
 Metaspace       used 39177K, capacity 40120K, committed 40388K, reserved 1085440K
  class space    used 4277K, capacity 4532K, committed 4580K, reserved 1048576K
2017-06-02T17:26:02.265-0100: 104142.089: [GC (Allocation Failure) 2017-06-02T17:26:02.265-0100: 104142.089: [ParNew
Desired survivor size 20112992 bytes, new threshold 8 (max 8)
- age   1:     806568 bytes,     806568 total
- age   2:    4729584 bytes,    5536152 total
- age   3:    1982456 bytes,    7518608 total
- age   4:     715808 bytes,    8234416 total
- age   5:     806512 bytes,    9040928 total
- age   6:     781984 bytes,    9822912 total
- age   7:    7035168 bytes,   16858080 total
- age   8:     783592 bytes,   17641672 total
: 108184K->21824K(109248K), 0.0079700 secs] 233252K->149094K(502464K), 0.0080326 secs] [Times: user=0.03 sys=0.00, real=0.01 secs] 
Heap after GC invocations=248 (full 2):
 par new generation   total 109248K, used 21824K [0x00000007a0000000, 0x00000007a8000000, 0x00000007a8000000)
  eden space 87424K,   0% used [0x00000007a0000000, 0x00000007a0000000, 0x00000007a5560000)
  from space 21824K, 100% used [0x00000007a5560000, 0x00000007a6ab0000, 0x00000007a6ab0000)
  to   space 21824K,   0% used [0x00000007a6ab0000, 0x00000007a6ab0000, 0x00000007a8000000)
 concurrent mark-sweep generation total 393216K, used 127270K [0x00000007a8000000, 0x00000007c0000000, 0x00000007c0000000)
 Metaspace       used 39177K, capacity 40120K, committed 40388K, reserved 1085440K
  class space    used 4277K, capacity 4532K, committed 4580K, reserved 1048576K
}
2017-06-02T17:26:02.273-0100: 104142.097: Total time for which application threads were stopped: 0.0082236 seconds, Stopping threads took: 0.0000177 seconds
{Heap before GC invocations=248 (full 2):
 par new generation   total 109248K, used 109248K [0x00000007a0000000, 0x00000007a8000000, 0x00000007a8000000)
  eden space 87424K, 100% used [0x00000007a0000000, 0x00000007a5560000, 0x00000007a5560000)
  from space 21824K, 100% used [0x00000007a5560000, 0x00000007a6ab0000, 0x00000007a6ab0000)
  to   space 21824K,   0% used [0x00000007a6ab0000, 0x00000007a6ab0000, 0x00000007a8000000)
 concurrent mark-sweep generation total 393216K, used 127270K [0x00000007a8000000, 0x00000007c0000000, 0x00000007c0000000)
 Metaspace       used 39177K, capacity 40120K, committed 40388K, reserved 1085440K
  class space    used 4277K, capacity 4532K, committed 4580K, reserved 1048576K
2017-06-02T17:26:02.427-0100: 104142.252: [GC (Allocation Failure) 2017-06-02T17:26:02.427-0100: 104142.252: [ParNew
Desired survivor size 20112992 bytes, new threshold 8 (max 8)
- age   1:    3608656 bytes,    3608656 total
- age   2:     761136 bytes,    4369792 total
- age   3:    4729584 bytes,    9099376 total
- age   4:    1982456 bytes,   11081832 total
- age   5:     715808 bytes,   11797640 total
- age   6:     806512 bytes,   12604152 total
- age   7:     781984 bytes,   13386136 total
- age   8:    7005864 bytes,   20392000 total
: 109248K->20771K(109248K), 0.0080121 secs] 236518K->148817K(502464K), 0.0080740 secs] [Times: user=0.03 sys=0.00, real=0.01 secs] 
Heap after GC invocations=249 (full 2):
 par new generation   total 109248K, used 20771K [0x00000007a0000000, 0x00000007a8000000, 0x00000007a8000000)
  eden space 87424K,   0% used [0x00000007a0000000, 0x00000007a0000000, 0x00000007a5560000)
  from space 21824K,  95% used [0x00000007a6ab0000, 0x00000007a7ef8cc8, 0x00000007a8000000)
  to   space 21824K,   0% used [0x00000007a5560000, 0x00000007a5560000, 0x00000007a6ab0000)
 concurrent mark-sweep generation total 393216K, used 128046K [0x00000007a8000000, 0x00000007c0000000, 0x00000007c0000000)
 Metaspace       used 39177K, capacity 40120K, committed 40388K, reserved 1085440K
  class space    used 4277K, capacity 4532K, committed 4580K, reserved 1048576K
}
2017-06-02T17:26:02.435-0100: 104142.260: Total time for which application threads were stopped: 0.0082540 seconds, Stopping threads took: 0.0000189 seconds
{Heap before GC invocations=249 (full 2):
 par new generation   total 109248K, used 108195K [0x00000007a0000000, 0x00000007a8000000, 0x00000007a8000000)
  eden space 87424K, 100% used [0x00000007a0000000, 0x00000007a5560000, 0x00000007a5560000)
  from space 21824K,  95% used [0x00000007a6ab0000, 0x00000007a7ef8cc8, 0x00000007a8000000)
  to   space 21824K,   0% used [0x00000007a5560000, 0x00000007a5560000, 0x00000007a6ab0000)
 concurrent mark-sweep generation total 393216K, used 128046K [0x00000007a8000000, 0x00000007c0000000, 0x00000007c0000000)
 Metaspace       used 39177K, capacity 40120K, committed 40388K, reserved 1085440K
  class space    used 4277K, capacity 4532K, committed 4580K, reserved 1048576K
2017-06-02T17:26:02.601-0100: 104142.425: [GC (Allocation Failure) 2017-06-02T17:26:02.601-0100: 104142.425: [ParNew
Desired survivor size 20112992 bytes, new threshold 8 (max 8)
- age   1:     833928 bytes,     833928 total
- age   2:    3517032 bytes,    4350960 total
- age   3:     761136 bytes,    5112096 total
- age   4:    4729584 bytes,    9841680 total
- age   5:    1982456 bytes,   11824136 total
- age   6:     715808 bytes,   12539944 total
- age   7:     806512 bytes,   13346456 total
- age   8:     781984 bytes,   14128440 total
: 108195K->15976K(109248K), 0.0080739 secs] 236241K->150874K(502464K), 0.0081509 secs] [Times: user=0.02 sys=0.00, real=0.00 secs] 
Heap after GC invocations=250 (full 2):
 par new generation   total 109248K, used 15976K [0x00000007a0000000, 0x00000007a8000000, 0x00000007a8000000)
  eden space 87424K,   0% used [0x00000007a0000000, 0x00000007a0000000, 0x00000007a5560000)
  from space 21824K,  73% used [0x00000007a5560000, 0x00000007a64fa0b0, 0x00000007a6ab0000)
  to   space 21824K,   0% used [0x00000007a6ab0000, 0x00000007a6ab0000, 0x00000007a8000000)
 concurrent mark-sweep generation total 393216K, used 134898K [0x00000007a8000000, 0x00000007c0000000, 0x00000007c0000000)
 Metaspace       used 39177K, capacity 40120K, committed 40388K, reserved 1085440K
  class space    used 4277K, capacity 4532K, committed 4580K, reserved 1048576K
}
2017-06-02T17:26:02.609-0100: 104142.434: Total time for which application threads were stopped: 0.0083423 seconds, Stopping threads took: 0.0000314 seconds
{Heap before GC invocations=250 (full 2):
 par new generation   total 109248K, used 103400K [0x00000007a0000000, 0x00000007a8000000, 0x00000007a8000000)
  eden space 87424K, 100% used [0x00000007a0000000, 0x00000007a5560000, 0x00000007a5560000)
  from space 21824K,  73% used [0x00000007a5560000, 0x00000007a64fa0b0, 0x00000007a6ab0000)
  to   space 21824K,   0% used [0x00000007a6ab0000, 0x00000007a6ab0000, 0x00000007a8000000)
 concurrent mark-sweep generation total 393216K, used 134898K [0x00000007a8000000, 0x00000007c0000000, 0x00000007c0000000)
 Metaspace       used 39177K, capacity 40120K, committed 40388K, reserved 1085440K
  class space    used 4277K, capacity 4532K, committed 4580K, reserved 1048576K
2017-06-02T17:26:02.764-0100: 104142.588: [GC (Allocation Failure) 2017-06-02T17:26:02.764-0100: 104142.588: [ParNew
Desired survivor size 20112992 bytes, new threshold 8 (max 8)
- age   1:    7551344 bytes,    7551344 total
- age   2:     757968 bytes,    8309312 total
- age   3:    3517032 bytes,   11826344 total
- age   4:     761160 bytes,   12587504 total
- age   5:    4729584 bytes,   17317088 total
- age   6:    1982456 bytes,   19299544 total
- age   7:     715808 bytes,   20015352 total
- age   8:     806512 bytes,   20821864 total
: 103400K->21824K(109248K), 0.0079932 secs] 238298K->157497K(502464K), 0.0080556 secs] [Times: user=0.03 sys=0.00, real=0.01 secs] 
Heap after GC invocations=251 (full 2):
 par new generation   total 109248K, used 21824K [0x00000007a0000000, 0x00000007a8000000, 0x00000007a8000000)
  eden space 87424K,   0% used [0x00000007a0000000, 0x00000007a0000000, 0x00000007a5560000)
  from space 21824K, 100% used [0x00000007a6ab0000, 0x00000007a8000000, 0x00000007a8000000)
  to   space 21824K,   0% used [0x00000007a5560000, 0x00000007a5560000, 0x00000007a6ab0000)
 concurrent mark-sweep generation total 393216K, used 135673K [0x00000007a8000000, 0x00000007c0000000, 0x00000007c0000000)
 Metaspace       used 39177K, capacity 40120K, committed 40388K, reserved 1085440K
  class space    used 4277K, capacity 4532K, committed 4580K, reserved 1048576K
}
2017-06-02T17:26:02.772-0100: 104142.597: Total time for which application threads were stopped: 0.0082292 seconds, Stopping threads took: 0.0000176 seconds
{Heap before GC invocations=251 (full 2):
 par new generation   total 109248K, used 109248K [0x00000007a0000000, 0x00000007a8000000, 0x00000007a8000000)
  eden space 87424K, 100% used [0x00000007a0000000, 0x00000007a5560000, 0x00000007a5560000)
  from space 21824K, 100% used [0x00000007a6ab0000, 0x00000007a8000000, 0x00000007a8000000)
  to   space 21824K,   0% used [0x00000007a5560000, 0x00000007a5560000, 0x00000007a6ab0000)
 concurrent mark-sweep generation total 393216K, used 135673K [0x00000007a8000000, 0x00000007c0000000, 0x00000007c0000000)
 Metaspace       used 39177K, capacity 40120K, committed 40388K, reserved 1085440K
  class space    used 4277K, capacity 4532K, committed 4580K, reserved 1048576K
2017-06-02T17:26:02.963-0100: 104142.788: [GC (Allocation Failure) 2017-06-02T17:26:02.963-0100: 104142.788: [ParNew
Desired survivor size 20112992 bytes, new threshold 8 (max 8)
- age   1:     864608 bytes,     864608 total
- age   2:    7495944 bytes,    8360552 total
- age   3:     757992 bytes,    9118544 total
- age   4:    3517032 bytes,   12635576 total
- age   5:     761136 bytes,   13396712 total
- age   6:    4729584 bytes,   18126296 total
- age   7:    1982456 bytes,   20108752 total
- age   8:     715808 bytes,   20824560 total
: 109248K->21824K(109248K), 0.0081515 secs] 244921K->158295K(502464K), 0.0082419 secs] [Times: user=0.03 sys=0.00, real=0.01 secs] 
Heap after GC invocations=252 (full 2):
 par new generation   total 109248K, used 21824K [0x00000007a0000000, 0x00000007a8000000, 0x00000007a8000000)
  eden space 87424K,   0% used [0x00000007a0000000, 0x00000007a0000000, 0x00000007a5560000)
  from space 21824K, 100% used [0x00000007a5560000, 0x00000007a6ab0000, 0x00000007a6ab0000)
  to   space 21824K,   0% used [0x00000007a6ab0000, 0x00000007a6ab0000, 0x00000007a8000000)
 concurrent mark-sweep generation total 393216K, used 136471K [0x00000007a8000000, 0x00000007c0000000, 0x00000007c0000000)
 Metaspace       used 39177K, capacity 40120K, committed 40388K, reserved 1085440K
  class space    used 4277K, capacity 4532K, committed 4580K, reserved 1048576K
}
2017-06-02T17:26:02.972-0100: 104142.796: Total time for which application threads were stopped: 0.0084998 seconds, Stopping threads took: 0.0000254 seconds
{Heap before GC invocations=252 (full 2):
 par new generation   total 109248K, used 109248K [0x00000007a0000000, 0x00000007a8000000, 0x00000007a8000000)
  eden space 87424K, 100% used [0x00000007a0000000, 0x00000007a5560000, 0x00000007a5560000)
  from space 21824K, 100% used [0x00000007a5560000, 0x00000007a6ab0000, 0x00000007a6ab0000)
  to   space 21824K,   0% used [0x00000007a6ab0000, 0x00000007a6ab0000, 0x00000007a8000000)
 concurrent mark-sweep generation total 393216K, used 136471K [0x00000007a8000000, 0x00000007c0000000, 0x00000007c0000000)
 Metaspace       used 39177K, capacity 40120K, committed 40388K, reserved 1085440K
  class space    used 4277K, capacity 4532K, committed 4580K, reserved 1048576K
2017-06-02T17:26:03.151-0100: 104142.975: [GC (Allocation Failure) 2017-06-02T17:26:03.151-0100: 104142.976: [ParNew
Desired survivor size 20112992 bytes, new threshold 8 (max 8)
- age   1:    4005320 bytes,    4005320 total
- age   2:     788312 bytes,    4793632 total
- age   3:    7496560 bytes,   12290192 total
- age   4:     758632 bytes,   13048824 total
- age   5:     833032 bytes,   13881856 total
- age   6:     761960 bytes,   14643816 total
- age   7:    4076720 bytes,   18720536 total
- age   8:    1981872 bytes,   20702408 total
: 109248K->21824K(109248K), 0.0154138 secs] 245719K->163521K(502464K), 0.0154800 secs] [Times: user=0.05 sys=0.00, real=0.01 secs] 
Heap after GC invocations=253 (full 2):
 par new generation   total 109248K, used 21824K [0x00000007a0000000, 0x00000007a8000000, 0x00000007a8000000)
  eden space 87424K,   0% used [0x00000007a0000000, 0x00000007a0000000, 0x00000007a5560000)
  from space 21824K, 100% used [0x00000007a6ab0000, 0x00000007a8000000, 0x00000007a8000000)
  to   space 21824K,   0% used [0x00000007a5560000, 0x00000007a5560000, 0x00000007a6ab0000)
 concurrent mark-sweep generation total 393216K, used 141697K [0x00000007a8000000, 0x00000007c0000000, 0x00000007c0000000)
 Metaspace       used 39177K, capacity 40120K, committed 40388K, reserved 1085440K
  class space    used 4277K, capacity 4532K, committed 4580K, reserved 1048576K
}
2017-06-02T17:26:03.167-0100: 104142.991: Total time for which application threads were stopped: 0.0156701 seconds, Stopping threads took: 0.0000180 seconds
2017-06-02T17:26:03.317-0100: 104143.141: Total time for which application threads were stopped: 0.0000986 seconds, Stopping threads took: 0.0000172 seconds
{Heap before GC invocations=253 (full 2):
 par new generation   total 109248K, used 109248K [0x00000007a0000000, 0x00000007a8000000, 0x00000007a8000000)
  eden space 87424K, 100% used [0x00000007a0000000, 0x00000007a5560000, 0x00000007a5560000)
  from space 21824K, 100% used [0x00000007a6ab0000, 0x00000007a8000000, 0x00000007a8000000)
  to   space 21824K,   0% used [0x00000007a5560000, 0x00000007a5560000, 0x00000007a6ab0000)
 concurrent mark-sweep generation total 393216K, used 141697K [0x00000007a8000000, 0x00000007c0000000, 0x00000007c0000000)
 Metaspace       used 39177K, capacity 40120K, committed 40388K, reserved 1085440K
  class space    used 4277K, capacity 4532K, committed 4580K, reserved 1048576K
2017-06-02T17:26:03.438-0100: 104143.262: [GC (Allocation Failure) 2017-06-02T17:26:03.438-0100: 104143.262: [ParNew
Desired survivor size 20112992 bytes, new threshold 8 (max 8)
- age   1:    1308208 bytes,    1308208 total
- age   2:    2973984 bytes,    4282192 total
- age   3:     760960 bytes,    5043152 total
- age   4:    7469944 bytes,   12513096 total
- age   5:     730160 bytes,   13243256 total
- age   6:     806712 bytes,   14049968 total
- age   7:     733296 bytes,   14783264 total
- age   8:    3788408 bytes,   18571672 total
: 109248K->21824K(109248K), 0.0076569 secs] 250945K->166811K(502464K), 0.0077262 secs] [Times: user=0.04 sys=0.00, real=0.01 secs] 
Heap after GC invocations=254 (full 2):
 par new generation   total 109248K, used 21824K [0x00000007a0000000, 0x00000007a8000000, 0x00000007a8000000)
  eden space 87424K,   0% used [0x00000007a0000000, 0x00000007a0000000, 0x00000007a5560000)
  from space 21824K, 100% used [0x00000007a5560000, 0x00000007a6ab0000, 0x00000007a6ab0000)
  to   space 21824K,   0% used [0x00000007a6ab0000, 0x00000007a6ab0000, 0x00000007a8000000)
 concurrent mark-sweep generation total 393216K, used 144987K [0x00000007a8000000, 0x00000007c0000000, 0x00000007c0000000)
 Metaspace       used 39177K, capacity 40120K, committed 40388K, reserved 1085440K
  class space    used 4277K, capacity 4532K, committed 4580K, reserved 1048576K
}
2017-06-02T17:26:03.446-0100: 104143.270: Total time for which application threads were stopped: 0.0079899 seconds, Stopping threads took: 0.0000387 seconds
{Heap before GC invocations=254 (full 2):
 par new generation   total 109248K, used 109248K [0x00000007a0000000, 0x00000007a8000000, 0x00000007a8000000)
  eden space 87424K, 100% used [0x00000007a0000000, 0x00000007a5560000, 0x00000007a5560000)
  from space 21824K, 100% used [0x00000007a5560000, 0x00000007a6ab0000, 0x00000007a6ab0000)
  to   space 21824K,   0% used [0x00000007a6ab0000, 0x00000007a6ab0000, 0x00000007a8000000)
 concurrent mark-sweep generation total 393216K, used 144987K [0x00000007a8000000, 0x00000007c0000000, 0x00000007c0000000)
 Metaspace       used 39177K, capacity 40120K, committed 40388K, reserved 1085440K
  class space    used 4277K, capacity 4532K, committed 4580K, reserved 1048576K
2017-06-02T17:26:04.288-0100: 104144.113: [GC (Allocation Failure) 2017-06-02T17:26:04.294-0100: 104144.119: [ParNew
Desired survivor size 20112992 bytes, new threshold 8 (max 8)
- age   1:     126664 bytes,     126664 total
- age   2:    1280160 bytes,    1406824 total
- age   3:    2973984 bytes,    4380808 total
- age   4:     760960 bytes,    5141768 total
- age   5:    7469944 bytes,   12611712 total
- age   6:     730160 bytes,   13341872 total
- age   7:     806712 bytes,   14148584 total
- age   8:     733296 bytes,   14881880 total
: 109248K->18175K(109248K), 0.0066941 secs] 254235K->166869K(502464K), 0.0124847 secs] [Times: user=0.02 sys=0.00, real=0.02 secs] 
Heap after GC invocations=255 (full 2):
 par new generation   total 109248K, used 18175K [0x00000007a0000000, 0x00000007a8000000, 0x00000007a8000000)
  eden space 87424K,   0% used [0x00000007a0000000, 0x00000007a0000000, 0x00000007a5560000)
  from space 21824K,  83% used [0x00000007a6ab0000, 0x00000007a7c6fdc8, 0x00000007a8000000)
  to   space 21824K,   0% used [0x00000007a5560000, 0x00000007a5560000, 0x00000007a6ab0000)
 concurrent mark-sweep generation total 393216K, used 148694K [0x00000007a8000000, 0x00000007c0000000, 0x00000007c0000000)
 Metaspace       used 39177K, capacity 40120K, committed 40388K, reserved 1085440K
  class space    used 4277K, capacity 4532K, committed 4580K, reserved 1048576K
}
2017-06-02T17:26:04.301-0100: 104144.125: Total time for which application threads were stopped: 0.0127114 seconds, Stopping threads took: 0.0000178 seconds
{Heap before GC invocations=255 (full 2):
 par new generation   total 109248K, used 105599K [0x00000007a0000000, 0x00000007a8000000, 0x00000007a8000000)
  eden space 87424K, 100% used [0x00000007a0000000, 0x00000007a5560000, 0x00000007a5560000)
  from space 21824K,  83% used [0x00000007a6ab0000, 0x00000007a7c6fdc8, 0x00000007a8000000)
  to   space 21824K,   0% used [0x00000007a5560000, 0x00000007a5560000, 0x00000007a6ab0000)
 concurrent mark-sweep generation total 393216K, used 148694K [0x00000007a8000000, 0x00000007c0000000, 0x00000007c0000000)
 Metaspace       used 39177K, capacity 40120K, committed 40388K, reserved 1085440K
  class space    used 4277K, capacity 4532K, committed 4580K, reserved 1048576K
2017-06-02T17:26:04.432-0100: 104144.256: [GC (Allocation Failure) 2017-06-02T17:26:04.432-0100: 104144.256: [ParNew
Desired survivor size 20112992 bytes, new threshold 8 (max 8)
- age   1:      69392 bytes,      69392 total
- age   2:      90504 bytes,     159896 total
- age   3:    1280160 bytes,    1440056 total
- age   4:    2973984 bytes,    4414040 total
- age   5:     760960 bytes,    5175000 total
- age   6:    7469944 bytes,   12644944 total
- age   7:     730160 bytes,   13375104 total
- age   8:     806712 bytes,   14181816 total
: 105599K->15856K(109248K), 0.0062667 secs] 254293K->165273K(502464K), 0.0063285 secs] [Times: user=0.02 sys=0.00, real=0.00 secs] 
Heap after GC invocations=256 (full 2):
 par new generation   total 109248K, used 15856K [0x00000007a0000000, 0x00000007a8000000, 0x00000007a8000000)
  eden space 87424K,   0% used [0x00000007a0000000, 0x00000007a0000000, 0x00000007a5560000)
  from space 21824K,  72% used [0x00000007a5560000, 0x00000007a64dc290, 0x00000007a6ab0000)
  to   space 21824K,   0% used [0x00000007a6ab0000, 0x00000007a6ab0000, 0x00000007a8000000)
 concurrent mark-sweep generation total 393216K, used 149417K [0x00000007a8000000, 0x00000007c0000000, 0x00000007c0000000)
 Metaspace       used 39177K, capacity 40120K, committed 40388K, reserved 1085440K
  class space    used 4277K, capacity 4532K, committed 4580K, reserved 1048576K
}
2017-06-02T17:26:04.438-0100: 104144.262: Total time for which application threads were stopped: 0.0065230 seconds, Stopping threads took: 0.0000166 seconds
{Heap before GC invocations=256 (full 2):
 par new generation   total 109248K, used 103280K [0x00000007a0000000, 0x00000007a8000000, 0x00000007a8000000)
  eden space 87424K, 100% used [0x00000007a0000000, 0x00000007a5560000, 0x00000007a5560000)
  from space 21824K,  72% used [0x00000007a5560000, 0x00000007a64dc290, 0x00000007a6ab0000)
  to   space 21824K,   0% used [0x00000007a6ab0000, 0x00000007a6ab0000, 0x00000007a8000000)
 concurrent mark-sweep generation total 393216K, used 149417K [0x00000007a8000000, 0x00000007c0000000, 0x00000007c0000000)
 Metaspace       used 39177K, capacity 40120K, committed 40388K, reserved 1085440K
  class space    used 4277K, capacity 4532K, committed 4580K, reserved 1048576K
2017-06-02T17:26:04.545-0100: 104144.370: [GC (Allocation Failure) 2017-06-02T17:26:04.545-0100: 104144.370: [ParNew
Desired survivor size 20112992 bytes, new threshold 8 (max 8)
- age   1:     162112 bytes,     162112 total
- age   3:      66992 bytes,     229104 total
- age   4:    1280160 bytes,    1509264 total
- age   5:    2973984 bytes,    4483248 total
- age   6:     760960 bytes,    5244208 total
- age   7:    7469944 bytes,   12714152 total
- age   8:     730160 bytes,   13444312 total
: 103280K->15542K(109248K), 0.0058500 secs] 252697K->165754K(502464K), 0.0059048 secs] [Times: user=0.02 sys=0.00, real=0.01 secs] 
Heap after GC invocations=257 (full 2):
 par new generation   total 109248K, used 15542K [0x00000007a0000000, 0x00000007a8000000, 0x00000007a8000000)
  eden space 87424K,   0% used [0x00000007a0000000, 0x00000007a0000000, 0x00000007a5560000)
  from space 21824K,  71% used [0x00000007a6ab0000, 0x00000007a79dda80, 0x00000007a8000000)
  to   space 21824K,   0% used [0x00000007a5560000, 0x00000007a5560000, 0x00000007a6ab0000)
 concurrent mark-sweep generation total 393216K, used 150211K [0x00000007a8000000, 0x00000007c0000000, 0x00000007c0000000)
 Metaspace       used 39177K, capacity 40120K, committed 40388K, reserved 1085440K
  class space    used 4277K, capacity 4532K, committed 4580K, reserved 1048576K
}
2017-06-02T17:26:04.551-0100: 104144.376: Total time for which application threads were stopped: 0.0061072 seconds, Stopping threads took: 0.0000179 seconds
{Heap before GC invocations=257 (full 2):
 par new generation   total 109248K, used 102966K [0x00000007a0000000, 0x00000007a8000000, 0x00000007a8000000)
  eden space 87424K, 100% used [0x00000007a0000000, 0x00000007a5560000, 0x00000007a5560000)
  from space 21824K,  71% used [0x00000007a6ab0000, 0x00000007a79dda80, 0x00000007a8000000)
  to   space 21824K,   0% used [0x00000007a5560000, 0x00000007a5560000, 0x00000007a6ab0000)
 concurrent mark-sweep generation total 393216K, used 150211K [0x00000007a8000000, 0x00000007c0000000, 0x00000007c0000000)
 Metaspace       used 39177K, capacity 40120K, committed 40388K, reserved 1085440K
  class space    used 4277K, capacity 4532K, committed 4580K, reserved 1048576K
2017-06-02T17:26:04.655-0100: 104144.479: [GC (Allocation Failure) 2017-06-02T17:26:04.655-0100: 104144.479: [ParNew
Desired survivor size 20112992 bytes, new threshold 8 (max 8)
- age   1:      84704 bytes,      84704 total
- age   2:        992 bytes,      85696 total
- age   4:      66992 bytes,     152688 total
- age   5:    1280160 bytes,    1432848 total
- age   6:    2973984 bytes,    4406832 total
- age   7:     760960 bytes,    5167792 total
- age   8:    7469944 bytes,   12637736 total
: 102966K->14873K(109248K), 0.0057512 secs] 253178K->165805K(502464K), 0.0058080 secs] [Times: user=0.02 sys=0.00, real=0.01 secs] 
Heap after GC invocations=258 (full 2):
 par new generation   total 109248K, used 14873K [0x00000007a0000000, 0x00000007a8000000, 0x00000007a8000000)
  eden space 87424K,   0% used [0x00000007a0000000, 0x00000007a0000000, 0x00000007a5560000)
  from space 21824K,  68% used [0x00000007a5560000, 0x00000007a63e65c8, 0x00000007a6ab0000)
  to   space 21824K,   0% used [0x00000007a6ab0000, 0x00000007a6ab0000, 0x00000007a8000000)
 concurrent mark-sweep generation total 393216K, used 150931K [0x00000007a8000000, 0x00000007c0000000, 0x00000007c0000000)
 Metaspace       used 39177K, capacity 40120K, committed 40388K, reserved 1085440K
  class space    used 4277K, capacity 4532K, committed 4580K, reserved 1048576K
}
2017-06-02T17:26:04.660-0100: 104144.485: Total time for which application threads were stopped: 0.0060066 seconds, Stopping threads took: 0.0000188 seconds
{Heap before GC invocations=258 (full 2):
 par new generation   total 109248K, used 102297K [0x00000007a0000000, 0x00000007a8000000, 0x00000007a8000000)
  eden space 87424K, 100% used [0x00000007a0000000, 0x00000007a5560000, 0x00000007a5560000)
  from space 21824K,  68% used [0x00000007a5560000, 0x00000007a63e65c8, 0x00000007a6ab0000)
  to   space 21824K,   0% used [0x00000007a6ab0000, 0x00000007a6ab0000, 0x00000007a8000000)
 concurrent mark-sweep generation total 393216K, used 150931K [0x00000007a8000000, 0x00000007c0000000, 0x00000007c0000000)
 Metaspace       used 39177K, capacity 40120K, committed 40388K, reserved 1085440K
  class space    used 4277K, capacity 4532K, committed 4580K, reserved 1048576K
2017-06-02T17:26:04.840-0100: 104144.664: [GC (Allocation Failure) 2017-06-02T17:26:04.840-0100: 104144.664: [ParNew
Desired survivor size 20112992 bytes, new threshold 8 (max 8)
- age   1:      60368 bytes,      60368 total
- age   2:        440 bytes,      60808 total
- age   3:        992 bytes,      61800 total
- age   5:      66992 bytes,     128792 total
- age   6:    1312944 bytes,    1441736 total
- age   7:    2973984 bytes,    4415720 total
- age   8:     760984 bytes,    5176704 total
: 102297K->6190K(109248K), 0.0262195 secs] 253229K->164423K(502464K), 0.0262933 secs] [Times: user=0.08 sys=0.01, real=0.02 secs] 
Heap after GC invocations=259 (full 2):
 par new generation   total 109248K, used 6190K [0x00000007a0000000, 0x00000007a8000000, 0x00000007a8000000)
  eden space 87424K,   0% used [0x00000007a0000000, 0x00000007a0000000, 0x00000007a5560000)
  from space 21824K,  28% used [0x00000007a6ab0000, 0x00000007a70bbb40, 0x00000007a8000000)
  to   space 21824K,   0% used [0x00000007a5560000, 0x00000007a5560000, 0x00000007a6ab0000)
 concurrent mark-sweep generation total 393216K, used 158233K [0x00000007a8000000, 0x00000007c0000000, 0x00000007c0000000)
 Metaspace       used 39177K, capacity 40120K, committed 40388K, reserved 1085440K
  class space    used 4277K, capacity 4532K, committed 4580K, reserved 1048576K
}
2017-06-02T17:26:04.866-0100: 104144.691: Total time for which application threads were stopped: 0.0264749 seconds, Stopping threads took: 0.0000186 seconds
2017-06-02T17:26:04.978-0100: 104144.803: Total time for which application threads were stopped: 0.0001513 seconds, Stopping threads took: 0.0000205 seconds
2017-06-02T17:26:04.995-0100: 104144.819: Total time for which application threads were stopped: 0.0001201 seconds, Stopping threads took: 0.0000166 seconds
2017-06-02T17:26:05.021-0100: 104144.845: Total time for which application threads were stopped: 0.0001305 seconds, Stopping threads took: 0.0000242 seconds
2017-06-02T17:26:05.022-0100: 104144.846: Total time for which application threads were stopped: 0.0001307 seconds, Stopping threads took: 0.0000311 seconds
2017-06-02T17:26:05.022-0100: 104144.846: Total time for which application threads were stopped: 0.0001113 seconds, Stopping threads took: 0.0000351 seconds
2017-06-02T17:26:05.022-0100: 104144.847: Total time for which application threads were stopped: 0.0000922 seconds, Stopping threads took: 0.0000225 seconds
2017-06-02T17:26:06.027-0100: 104145.851: Total time for which application threads were stopped: 0.0001142 seconds, Stopping threads took: 0.0000251 seconds
2017-06-02T17:26:10.034-0100: 104149.858: Total time for which application threads were stopped: 0.0001289 seconds, Stopping threads took: 0.0000172 seconds
2017-06-02T17:26:23.675-0100: 104163.499: Total time for which application threads were stopped: 0.0001178 seconds, Stopping threads took: 0.0000250 seconds
2017-06-02T17:26:24.675-0100: 104164.500: Total time for which application threads were stopped: 0.0001066 seconds, Stopping threads took: 0.0000238 seconds
2017-06-02T17:26:30.678-0100: 104170.502: Total time for which application threads were stopped: 0.0001064 seconds, Stopping threads took: 0.0000256 seconds
2017-06-02T17:26:39.823-0100: 104179.647: Total time for which application threads were stopped: 0.0002365 seconds, Stopping threads took: 0.0000516 seconds
2017-06-02T17:26:39.824-0100: 104179.648: Total time for which application threads were stopped: 0.0007955 seconds, Stopping threads took: 0.0000326 seconds
2017-06-02T17:26:39.825-0100: 104179.648: Total time for which application threads were stopped: 0.0001868 seconds, Stopping threads took: 0.0000342 seconds
2017-06-02T17:26:39.825-0100: 104179.649: Total time for which application threads were stopped: 0.0001617 seconds, Stopping threads took: 0.0000489 seconds
2017-06-02T17:26:39.825-0100: 104179.649: Total time for which application threads were stopped: 0.0001597 seconds, Stopping threads took: 0.0000523 seconds
2017-06-02T17:26:39.826-0100: 104179.650: Total time for which application threads were stopped: 0.0001253 seconds, Stopping threads took: 0.0000147 seconds
2017-06-02T17:26:39.826-0100: 104179.650: Total time for which application threads were stopped: 0.0001291 seconds, Stopping threads took: 0.0000243 seconds
2017-06-02T17:26:39.826-0100: 104179.650: Total time for which application threads were stopped: 0.0000966 seconds, Stopping threads took: 0.0000086 seconds
2017-06-02T17:26:39.826-0100: 104179.650: Total time for which application threads were stopped: 0.0000876 seconds, Stopping threads took: 0.0000079 seconds
2017-06-02T17:26:39.826-0100: 104179.650: Total time for which application threads were stopped: 0.0000832 seconds, Stopping threads took: 0.0000075 seconds
2017-06-02T17:26:39.827-0100: 104179.651: Total time for which application threads were stopped: 0.0000881 seconds, Stopping threads took: 0.0000087 seconds
2017-06-02T17:26:39.827-0100: 104179.651: Total time for which application threads were stopped: 0.0000868 seconds, Stopping threads took: 0.0000074 seconds
2017-06-02T17:26:39.827-0100: 104179.651: Total time for which application threads were stopped: 0.0000839 seconds, Stopping threads took: 0.0000076 seconds
2017-06-02T17:26:39.828-0100: 104179.651: Total time for which application threads were stopped: 0.0001053 seconds, Stopping threads took: 0.0000111 seconds
2017-06-02T17:26:39.828-0100: 104179.652: Total time for which application threads were stopped: 0.0000956 seconds, Stopping threads took: 0.0000098 seconds
2017-06-02T17:26:39.834-0100: 104179.658: Total time for which application threads were stopped: 0.0002293 seconds, Stopping threads took: 0.0000340 seconds
2017-06-02T17:26:39.835-0100: 104179.659: Total time for which application threads were stopped: 0.0001626 seconds, Stopping threads took: 0.0000313 seconds
2017-06-02T17:26:39.848-0100: 104179.671: Total time for which application threads were stopped: 0.0001251 seconds, Stopping threads took: 0.0000214 seconds
2017-06-02T17:26:39.848-0100: 104179.672: Total time for which application threads were stopped: 0.0000885 seconds, Stopping threads took: 0.0000117 seconds
2017-06-02T17:26:42.710-0100: 104182.534: Total time for which application threads were stopped: 0.0002943 seconds, Stopping threads took: 0.0001452 seconds
2017-06-02T17:26:42.710-0100: 104182.534: Total time for which application threads were stopped: 0.0001080 seconds, Stopping threads took: 0.0000116 seconds
2017-06-02T17:26:42.719-0100: 104182.543: Total time for which application threads were stopped: 0.0001240 seconds, Stopping threads took: 0.0000233 seconds
2017-06-02T17:26:42.719-0100: 104182.543: Total time for which application threads were stopped: 0.0000768 seconds, Stopping threads took: 0.0000127 seconds
2017-06-02T17:26:44.720-0100: 104184.543: Total time for which application threads were stopped: 0.0000918 seconds, Stopping threads took: 0.0000184 seconds
2017-06-02T17:27:06.732-0100: 104206.556: Total time for which application threads were stopped: 0.0000989 seconds, Stopping threads took: 0.0000195 seconds
2017-06-02T17:27:11.737-0100: 104211.560: Total time for which application threads were stopped: 0.0001220 seconds, Stopping threads took: 0.0000265 seconds
2017-06-02T17:27:30.764-0100: 104230.588: Total time for which application threads were stopped: 0.0001150 seconds, Stopping threads took: 0.0000287 seconds
2017-06-02T17:27:39.853-0100: 104239.676: Total time for which application threads were stopped: 0.0000879 seconds, Stopping threads took: 0.0000190 seconds
2017-06-02T17:27:42.723-0100: 104242.546: Total time for which application threads were stopped: 0.0000863 seconds, Stopping threads took: 0.0000193 seconds
2017-06-02T17:28:20.762-0100: 104280.585: Total time for which application threads were stopped: 0.0000850 seconds, Stopping threads took: 0.0000195 seconds
2017-06-02T17:31:14.242-0100: 104454.063: Total time for which application threads were stopped: 0.0002794 seconds, Stopping threads took: 0.0001274 seconds
2017-06-02T17:31:14.242-0100: 104454.063: Total time for which application threads were stopped: 0.0001160 seconds, Stopping threads took: 0.0000231 seconds
2017-06-02T17:31:14.253-0100: 104454.074: Total time for which application threads were stopped: 0.0001266 seconds, Stopping threads took: 0.0000253 seconds
2017-06-02T17:31:14.253-0100: 104454.074: Total time for which application threads were stopped: 0.0000702 seconds, Stopping threads took: 0.0000118 seconds
2017-06-02T17:31:14.274-0100: 104454.095: Total time for which application threads were stopped: 0.0001598 seconds, Stopping threads took: 0.0000212 seconds
2017-06-02T17:31:14.274-0100: 104454.095: Total time for which application threads were stopped: 0.0001076 seconds, Stopping threads took: 0.0000126 seconds
2017-06-02T17:31:14.282-0100: 104454.103: Total time for which application threads were stopped: 0.0001146 seconds, Stopping threads took: 0.0000236 seconds
2017-06-02T17:31:14.282-0100: 104454.103: Total time for which application threads were stopped: 0.0000736 seconds, Stopping threads took: 0.0000126 seconds
2017-06-02T17:31:15.406-0100: 104455.227: Total time for which application threads were stopped: 0.0001604 seconds, Stopping threads took: 0.0000592 seconds
{Heap before GC invocations=259 (full 2):
 par new generation   total 109248K, used 93599K [0x00000007a0000000, 0x00000007a8000000, 0x00000007a8000000)
  eden space 87424K,  99% used [0x00000007a0000000, 0x00000007a555c330, 0x00000007a5560000)
  from space 21824K,  28% used [0x00000007a6ab0000, 0x00000007a70bbb40, 0x00000007a8000000)
  to   space 21824K,   0% used [0x00000007a5560000, 0x00000007a5560000, 0x00000007a6ab0000)
 concurrent mark-sweep generation total 393216K, used 158233K [0x00000007a8000000, 0x00000007c0000000, 0x00000007c0000000)
 Metaspace       used 39222K, capacity 40248K, committed 40388K, reserved 1085440K
  class space    used 4277K, capacity 4532K, committed 4580K, reserved 1048576K
2017-06-02T17:31:15.444-0100: 104455.265: [GC (Allocation Failure) 2017-06-02T17:31:15.444-0100: 104455.265: [ParNew
Desired survivor size 20112992 bytes, new threshold 8 (max 8)
- age   1:    2331656 bytes,    2331656 total
- age   6:      17600 bytes,    2349256 total
- age   7:    1225744 bytes,    3575000 total
- age   8:    2915024 bytes,    6490024 total
: 93599K->7879K(109248K), 0.0057732 secs] 251832K->166799K(502464K), 0.0058273 secs] [Times: user=0.02 sys=0.00, real=0.01 secs] 
Heap after GC invocations=260 (full 2):
 par new generation   total 109248K, used 7879K [0x00000007a0000000, 0x00000007a8000000, 0x00000007a8000000)
  eden space 87424K,   0% used [0x00000007a0000000, 0x00000007a0000000, 0x00000007a5560000)
  from space 21824K,  36% used [0x00000007a5560000, 0x00000007a5d11d88, 0x00000007a6ab0000)
  to   space 21824K,   0% used [0x00000007a6ab0000, 0x00000007a6ab0000, 0x00000007a8000000)
 concurrent mark-sweep generation total 393216K, used 158919K [0x00000007a8000000, 0x00000007c0000000, 0x00000007c0000000)
 Metaspace       used 39222K, capacity 40248K, committed 40388K, reserved 1085440K
  class space    used 4277K, capacity 4532K, committed 4580K, reserved 1048576K
}
2017-06-02T17:31:15.450-0100: 104455.271: Total time for which application threads were stopped: 0.0060175 seconds, Stopping threads took: 0.0000166 seconds
2017-06-02T17:31:15.450-0100: 104455.272: Total time for which application threads were stopped: 0.0001117 seconds, Stopping threads took: 0.0000370 seconds
2017-06-02T17:31:15.471-0100: 104455.292: Total time for which application threads were stopped: 0.0001757 seconds, Stopping threads took: 0.0000268 seconds
2017-06-02T17:31:15.666-0100: 104455.487: Total time for which application threads were stopped: 0.0002427 seconds, Stopping threads took: 0.0000556 seconds
2017-06-02T17:31:15.666-0100: 104455.488: Total time for which application threads were stopped: 0.0000652 seconds, Stopping threads took: 0.0000090 seconds
2017-06-02T17:31:15.667-0100: 104455.488: Total time for which application threads were stopped: 0.0000677 seconds, Stopping threads took: 0.0000080 seconds
2017-06-02T17:31:15.675-0100: 104455.496: Total time for which application threads were stopped: 0.0001167 seconds, Stopping threads took: 0.0000362 seconds
2017-06-02T17:31:15.675-0100: 104455.496: Total time for which application threads were stopped: 0.0000726 seconds, Stopping threads took: 0.0000197 seconds
2017-06-02T17:31:15.689-0100: 104455.510: Total time for which application threads were stopped: 0.0001365 seconds, Stopping threads took: 0.0000294 seconds
2017-06-02T17:31:15.703-0100: 104455.524: Total time for which application threads were stopped: 0.0001364 seconds, Stopping threads took: 0.0000383 seconds
2017-06-02T17:31:15.703-0100: 104455.524: Total time for which application threads were stopped: 0.0001029 seconds, Stopping threads took: 0.0000107 seconds
2017-06-02T17:31:15.703-0100: 104455.524: Total time for which application threads were stopped: 0.0000612 seconds, Stopping threads took: 0.0000069 seconds
2017-06-02T17:31:15.703-0100: 104455.524: Total time for which application threads were stopped: 0.0000545 seconds, Stopping threads took: 0.0000068 seconds
2017-06-02T17:31:15.703-0100: 104455.525: Total time for which application threads were stopped: 0.0000573 seconds, Stopping threads took: 0.0000078 seconds
2017-06-02T17:31:15.704-0100: 104455.525: Total time for which application threads were stopped: 0.0000461 seconds, Stopping threads took: 0.0000072 seconds
2017-06-02T17:31:15.704-0100: 104455.525: Total time for which application threads were stopped: 0.0001393 seconds, Stopping threads took: 0.0000867 seconds
2017-06-02T17:31:15.704-0100: 104455.525: Total time for which application threads were stopped: 0.0000738 seconds, Stopping threads took: 0.0000209 seconds
2017-06-02T17:31:15.704-0100: 104455.525: Total time for which application threads were stopped: 0.0000928 seconds, Stopping threads took: 0.0000553 seconds
2017-06-02T17:31:15.704-0100: 104455.525: Total time for which application threads were stopped: 0.0000600 seconds, Stopping threads took: 0.0000142 seconds
2017-06-02T17:31:15.704-0100: 104455.525: Total time for which application threads were stopped: 0.0000457 seconds, Stopping threads took: 0.0000073 seconds
2017-06-02T17:31:15.704-0100: 104455.525: Total time for which application threads were stopped: 0.0000604 seconds, Stopping threads took: 0.0000173 seconds
2017-06-02T17:31:15.704-0100: 104455.526: Total time for which application threads were stopped: 0.0000748 seconds, Stopping threads took: 0.0000235 seconds
2017-06-02T17:31:15.705-0100: 104455.526: Total time for which application threads were stopped: 0.0000606 seconds, Stopping threads took: 0.0000250 seconds
2017-06-02T17:31:15.705-0100: 104455.526: Total time for which application threads were stopped: 0.0000571 seconds, Stopping threads took: 0.0000196 seconds
2017-06-02T17:31:15.705-0100: 104455.526: Total time for which application threads were stopped: 0.0000599 seconds, Stopping threads took: 0.0000186 seconds
2017-06-02T17:31:15.705-0100: 104455.526: Total time for which application threads were stopped: 0.0000730 seconds, Stopping threads took: 0.0000300 seconds
2017-06-02T17:31:15.705-0100: 104455.526: Total time for which application threads were stopped: 0.0000688 seconds, Stopping threads took: 0.0000082 seconds
2017-06-02T17:31:16.705-0100: 104456.526: Total time for which application threads were stopped: 0.0000917 seconds, Stopping threads took: 0.0000200 seconds
2017-06-02T17:31:16.722-0100: 104456.543: Total time for which application threads were stopped: 0.0001566 seconds, Stopping threads took: 0.0000210 seconds
2017-06-02T17:31:16.728-0100: 104456.549: Total time for which application threads were stopped: 0.0001689 seconds, Stopping threads took: 0.0000240 seconds
2017-06-02T17:31:16.728-0100: 104456.549: Total time for which application threads were stopped: 0.0000944 seconds, Stopping threads took: 0.0000097 seconds
2017-06-02T17:31:16.736-0100: 104456.557: Total time for which application threads were stopped: 0.0001138 seconds, Stopping threads took: 0.0000209 seconds
2017-06-02T17:31:16.736-0100: 104456.558: Total time for which application threads were stopped: 0.0000622 seconds, Stopping threads took: 0.0000098 seconds
2017-06-02T17:31:19.800-0100: 104459.621: Total time for which application threads were stopped: 0.0001412 seconds, Stopping threads took: 0.0000253 seconds
2017-06-02T17:31:20.803-0100: 104460.624: Total time for which application threads were stopped: 0.0001178 seconds, Stopping threads took: 0.0000230 seconds
2017-06-02T17:31:25.676-0100: 104465.497: Total time for which application threads were stopped: 0.0001058 seconds, Stopping threads took: 0.0000169 seconds
2017-06-02T17:31:26.677-0100: 104466.497: Total time for which application threads were stopped: 0.0000815 seconds, Stopping threads took: 0.0000189 seconds
2017-06-02T17:32:12.538-0100: 104512.358: Total time for which application threads were stopped: 0.0001154 seconds, Stopping threads took: 0.0000348 seconds
2017-06-02T17:32:16.737-0100: 104516.558: Total time for which application threads were stopped: 0.0000945 seconds, Stopping threads took: 0.0000168 seconds
2017-06-02T17:32:40.759-0100: 104540.580: Total time for which application threads were stopped: 0.0000775 seconds, Stopping threads took: 0.0000169 seconds
2017-06-02T17:33:59.063-0100: 104618.882: Total time for which application threads were stopped: 0.0000932 seconds, Stopping threads took: 0.0000149 seconds
{Heap before GC invocations=260 (full 2):
 par new generation   total 109248K, used 95303K [0x00000007a0000000, 0x00000007a8000000, 0x00000007a8000000)
  eden space 87424K, 100% used [0x00000007a0000000, 0x00000007a5560000, 0x00000007a5560000)
  from space 21824K,  36% used [0x00000007a5560000, 0x00000007a5d11d88, 0x00000007a6ab0000)
  to   space 21824K,   0% used [0x00000007a6ab0000, 0x00000007a6ab0000, 0x00000007a8000000)
 concurrent mark-sweep generation total 393216K, used 158919K [0x00000007a8000000, 0x00000007c0000000, 0x00000007c0000000)
 Metaspace       used 39256K, capacity 40250K, committed 40388K, reserved 1085440K
  class space    used 4277K, capacity 4533K, committed 4580K, reserved 1048576K
2017-06-02T17:33:59.088-0100: 104618.907: [GC (Allocation Failure) 2017-06-02T17:33:59.088-0100: 104618.908: [ParNew
Desired survivor size 20112992 bytes, new threshold 8 (max 8)
- age   1:    2020464 bytes,    2020464 total
- age   2:    1250816 bytes,    3271280 total
- age   7:      17600 bytes,    3288880 total
- age   8:    1225744 bytes,    4514624 total
: 95303K->5226K(109248K), 0.0099403 secs] 254223K->166995K(502464K), 0.0102767 secs] [Times: user=0.02 sys=0.00, real=0.01 secs] 
Heap after GC invocations=261 (full 2):
 par new generation   total 109248K, used 5226K [0x00000007a0000000, 0x00000007a8000000, 0x00000007a8000000)
  eden space 87424K,   0% used [0x00000007a0000000, 0x00000007a0000000, 0x00000007a5560000)
  from space 21824K,  23% used [0x00000007a6ab0000, 0x00000007a6fca8d8, 0x00000007a8000000)
  to   space 21824K,   0% used [0x00000007a5560000, 0x00000007a5560000, 0x00000007a6ab0000)
 concurrent mark-sweep generation total 393216K, used 161769K [0x00000007a8000000, 0x00000007c0000000, 0x00000007c0000000)
 Metaspace       used 39256K, capacity 40250K, committed 40388K, reserved 1085440K
  class space    used 4277K, capacity 4533K, committed 4580K, reserved 1048576K
}
2017-06-02T17:33:59.098-0100: 104618.918: Total time for which application threads were stopped: 0.0104748 seconds, Stopping threads took: 0.0000170 seconds
2017-06-02T17:33:59.099-0100: 104618.918: Total time for which application threads were stopped: 0.0001626 seconds, Stopping threads took: 0.0000670 seconds
2017-06-02T17:33:59.099-0100: 104618.918: Total time for which application threads were stopped: 0.0001441 seconds, Stopping threads took: 0.0000513 seconds
2017-06-02T17:33:59.120-0100: 104618.939: Total time for which application threads were stopped: 0.0001098 seconds, Stopping threads took: 0.0000136 seconds
2017-06-02T17:33:59.258-0100: 104619.078: Total time for which application threads were stopped: 0.0002890 seconds, Stopping threads took: 0.0000589 seconds
2017-06-02T17:33:59.258-0100: 104619.078: Total time for which application threads were stopped: 0.0000686 seconds, Stopping threads took: 0.0000107 seconds
2017-06-02T17:33:59.259-0100: 104619.078: Total time for which application threads were stopped: 0.0000693 seconds, Stopping threads took: 0.0000193 seconds
2017-06-02T17:33:59.259-0100: 104619.078: Total time for which application threads were stopped: 0.0000632 seconds, Stopping threads took: 0.0000191 seconds
2017-06-02T17:33:59.259-0100: 104619.078: Total time for which application threads were stopped: 0.0001027 seconds, Stopping threads took: 0.0000233 seconds
2017-06-02T17:33:59.259-0100: 104619.078: Total time for which application threads were stopped: 0.0000723 seconds, Stopping threads took: 0.0000234 seconds
2017-06-02T17:33:59.259-0100: 104619.078: Total time for which application threads were stopped: 0.0000582 seconds, Stopping threads took: 0.0000208 seconds
2017-06-02T17:33:59.259-0100: 104619.079: Total time for which application threads were stopped: 0.0000505 seconds, Stopping threads took: 0.0000075 seconds
2017-06-02T17:33:59.259-0100: 104619.079: Total time for which application threads were stopped: 0.0000571 seconds, Stopping threads took: 0.0000190 seconds
2017-06-02T17:33:59.259-0100: 104619.079: Total time for which application threads were stopped: 0.0000486 seconds, Stopping threads took: 0.0000146 seconds
2017-06-02T17:33:59.259-0100: 104619.079: Total time for which application threads were stopped: 0.0000490 seconds, Stopping threads took: 0.0000091 seconds
2017-06-02T17:33:59.260-0100: 104619.079: Total time for which application threads were stopped: 0.0000495 seconds, Stopping threads took: 0.0000075 seconds
2017-06-02T17:33:59.260-0100: 104619.079: Total time for which application threads were stopped: 0.0000696 seconds, Stopping threads took: 0.0000244 seconds
2017-06-02T17:33:59.260-0100: 104619.079: Total time for which application threads were stopped: 0.0001503 seconds, Stopping threads took: 0.0000094 seconds
2017-06-02T17:33:59.271-0100: 104619.091: Total time for which application threads were stopped: 0.0000901 seconds, Stopping threads took: 0.0000139 seconds
2017-06-02T17:33:59.271-0100: 104619.091: Total time for which application threads were stopped: 0.0000546 seconds, Stopping threads took: 0.0000081 seconds
2017-06-02T17:33:59.283-0100: 104619.102: Total time for which application threads were stopped: 0.0000886 seconds, Stopping threads took: 0.0000128 seconds
2017-06-02T17:33:59.283-0100: 104619.102: Total time for which application threads were stopped: 0.0000723 seconds, Stopping threads took: 0.0000082 seconds
2017-06-02T17:33:59.283-0100: 104619.102: Total time for which application threads were stopped: 0.0000441 seconds, Stopping threads took: 0.0000061 seconds
2017-06-02T17:33:59.283-0100: 104619.102: Total time for which application threads were stopped: 0.0000487 seconds, Stopping threads took: 0.0000069 seconds
2017-06-02T17:34:00.310-0100: 104620.129: Total time for which application threads were stopped: 0.0063282 seconds, Stopping threads took: 0.0000336 seconds
2017-06-02T17:34:00.320-0100: 104620.139: Total time for which application threads were stopped: 0.0001815 seconds, Stopping threads took: 0.0000214 seconds
2017-06-02T17:34:00.320-0100: 104620.139: Total time for which application threads were stopped: 0.0001179 seconds, Stopping threads took: 0.0000109 seconds
2017-06-02T17:34:00.328-0100: 104620.148: Total time for which application threads were stopped: 0.0001130 seconds, Stopping threads took: 0.0000227 seconds
2017-06-02T17:34:00.328-0100: 104620.148: Total time for which application threads were stopped: 0.0000714 seconds, Stopping threads took: 0.0000104 seconds
2017-06-02T17:34:02.800-0100: 104622.619: Total time for which application threads were stopped: 0.0001003 seconds, Stopping threads took: 0.0000175 seconds
2017-06-02T17:34:03.805-0100: 104623.624: Total time for which application threads were stopped: 0.0001171 seconds, Stopping threads took: 0.0000207 seconds
2017-06-02T17:34:16.079-0100: 104635.899: Total time for which application threads were stopped: 0.0000988 seconds, Stopping threads took: 0.0000155 seconds
2017-06-02T17:34:17.079-0100: 104636.899: Total time for which application threads were stopped: 0.0000867 seconds, Stopping threads took: 0.0000180 seconds
2017-06-02T17:35:00.329-0100: 104680.148: Total time for which application threads were stopped: 0.0000784 seconds, Stopping threads took: 0.0000162 seconds
2017-06-02T17:35:35.610-0100: 104715.428: Total time for which application threads were stopped: 0.0001509 seconds, Stopping threads took: 0.0000215 seconds
2017-06-02T17:35:35.610-0100: 104715.428: Total time for which application threads were stopped: 0.0001574 seconds, Stopping threads took: 0.0000157 seconds
2017-06-02T17:35:35.610-0100: 104715.429: Total time for which application threads were stopped: 0.0000981 seconds, Stopping threads took: 0.0000103 seconds
2017-06-02T17:35:35.610-0100: 104715.429: Total time for which application threads were stopped: 0.0001911 seconds, Stopping threads took: 0.0000677 seconds
2017-06-02T17:35:35.615-0100: 104715.433: Total time for which application threads were stopped: 0.0043055 seconds, Stopping threads took: 0.0000552 seconds
2017-06-02T17:35:35.616-0100: 104715.434: Total time for which application threads were stopped: 0.0003067 seconds, Stopping threads took: 0.0000473 seconds
2017-06-02T17:35:35.617-0100: 104715.436: Total time for which application threads were stopped: 0.0001655 seconds, Stopping threads took: 0.0000222 seconds
2017-06-02T17:35:35.618-0100: 104715.436: Total time for which application threads were stopped: 0.0001271 seconds, Stopping threads took: 0.0000120 seconds
2017-06-02T17:35:35.618-0100: 104715.436: Total time for which application threads were stopped: 0.0000942 seconds, Stopping threads took: 0.0000080 seconds
2017-06-02T17:35:35.618-0100: 104715.436: Total time for which application threads were stopped: 0.0000987 seconds, Stopping threads took: 0.0000101 seconds
2017-06-02T17:35:35.618-0100: 104715.437: Total time for which application threads were stopped: 0.0000947 seconds, Stopping threads took: 0.0000114 seconds
2017-06-02T17:35:35.618-0100: 104715.437: Total time for which application threads were stopped: 0.0000931 seconds, Stopping threads took: 0.0000098 seconds
2017-06-02T17:35:35.619-0100: 104715.437: Total time for which application threads were stopped: 0.0000901 seconds, Stopping threads took: 0.0000088 seconds
2017-06-02T17:35:35.619-0100: 104715.437: Total time for which application threads were stopped: 0.0000829 seconds, Stopping threads took: 0.0000077 seconds
2017-06-02T17:35:35.619-0100: 104715.437: Total time for which application threads were stopped: 0.0000957 seconds, Stopping threads took: 0.0000087 seconds
2017-06-02T17:35:35.620-0100: 104715.438: Total time for which application threads were stopped: 0.0001023 seconds, Stopping threads took: 0.0000100 seconds
2017-06-02T17:35:35.620-0100: 104715.438: Total time for which application threads were stopped: 0.0000928 seconds, Stopping threads took: 0.0000085 seconds
2017-06-02T17:35:35.624-0100: 104715.442: Total time for which application threads were stopped: 0.0001994 seconds, Stopping threads took: 0.0000227 seconds
2017-06-02T17:35:35.624-0100: 104715.443: Total time for which application threads were stopped: 0.0001146 seconds, Stopping threads took: 0.0000112 seconds
2017-06-02T17:35:35.625-0100: 104715.443: Total time for which application threads were stopped: 0.0001177 seconds, Stopping threads took: 0.0000108 seconds
2017-06-02T17:35:35.625-0100: 104715.444: Total time for which application threads were stopped: 0.0002341 seconds, Stopping threads took: 0.0000102 seconds
2017-06-02T17:35:35.636-0100: 104715.454: Total time for which application threads were stopped: 0.0001327 seconds, Stopping threads took: 0.0000383 seconds
2017-06-02T17:35:35.636-0100: 104715.454: Total time for which application threads were stopped: 0.0000928 seconds, Stopping threads took: 0.0000243 seconds
2017-06-02T17:35:35.636-0100: 104715.454: Total time for which application threads were stopped: 0.0000694 seconds, Stopping threads took: 0.0000113 seconds
2017-06-02T17:35:36.667-0100: 104716.485: Total time for which application threads were stopped: 0.0001607 seconds, Stopping threads took: 0.0000207 seconds
2017-06-02T17:35:36.667-0100: 104716.485: Total time for which application threads were stopped: 0.0001162 seconds, Stopping threads took: 0.0000111 seconds
2017-06-02T17:35:36.676-0100: 104716.494: Total time for which application threads were stopped: 0.0002380 seconds, Stopping threads took: 0.0000228 seconds
2017-06-02T17:35:36.676-0100: 104716.494: Total time for which application threads were stopped: 0.0001463 seconds, Stopping threads took: 0.0000106 seconds
2017-06-02T17:35:36.676-0100: 104716.495: Total time for which application threads were stopped: 0.0000616 seconds, Stopping threads took: 0.0000104 seconds
2017-06-02T17:35:41.676-0100: 104721.495: Total time for which application threads were stopped: 0.0000931 seconds, Stopping threads took: 0.0000187 seconds
2017-06-02T17:35:47.218-0100: 104727.037: Total time for which application threads were stopped: 0.0001162 seconds, Stopping threads took: 0.0000185 seconds
2017-06-02T17:35:47.227-0100: 104727.045: Total time for which application threads were stopped: 0.0001019 seconds, Stopping threads took: 0.0000162 seconds
2017-06-02T17:35:47.228-0100: 104727.046: Total time for which application threads were stopped: 0.0000896 seconds, Stopping threads took: 0.0000264 seconds
2017-06-02T17:35:47.229-0100: 104727.048: Total time for which application threads were stopped: 0.0006019 seconds, Stopping threads took: 0.0000296 seconds
2017-06-02T17:35:48.232-0100: 104728.050: Total time for which application threads were stopped: 0.0001139 seconds, Stopping threads took: 0.0000245 seconds
2017-06-02T17:36:29.255-0100: 104769.072: Total time for which application threads were stopped: 0.0001033 seconds, Stopping threads took: 0.0000193 seconds
2017-06-02T17:36:35.638-0100: 104775.456: Total time for which application threads were stopped: 0.0000867 seconds, Stopping threads took: 0.0000183 seconds
2017-06-02T17:36:36.677-0100: 104776.495: Total time for which application threads were stopped: 0.0000879 seconds, Stopping threads took: 0.0000180 seconds
2017-06-02T17:37:02.692-0100: 104802.510: Total time for which application threads were stopped: 0.0000876 seconds, Stopping threads took: 0.0000181 seconds
2017-06-02T17:40:40.527-0100: 105020.343: Total time for which application threads were stopped: 0.0007876 seconds, Stopping threads took: 0.0000139 seconds
2017-06-02T17:40:40.531-0100: 105020.346: Total time for which application threads were stopped: 0.0011907 seconds, Stopping threads took: 0.0000191 seconds
2017-06-02T17:40:44.532-0100: 105024.347: Total time for which application threads were stopped: 0.0000847 seconds, Stopping threads took: 0.0000174 seconds
2017-06-02T17:40:50.538-0100: 105030.353: Total time for which application threads were stopped: 0.0000785 seconds, Stopping threads took: 0.0000186 seconds
2017-06-02T17:42:20.594-0100: 105120.408: Total time for which application threads were stopped: 0.0000839 seconds, Stopping threads took: 0.0000201 seconds
2017-06-02T17:42:37.598-0100: 105137.412: Total time for which application threads were stopped: 0.0000794 seconds, Stopping threads took: 0.0000186 seconds
2017-06-02T17:42:58.612-0100: 105158.425: Total time for which application threads were stopped: 0.0000839 seconds, Stopping threads took: 0.0000187 seconds
2017-06-02T17:46:18.745-0100: 105358.556: Total time for which application threads were stopped: 0.0000862 seconds, Stopping threads took: 0.0000191 seconds
2017-06-02T17:46:42.760-0100: 105382.572: Total time for which application threads were stopped: 0.0001123 seconds, Stopping threads took: 0.0000230 seconds
2017-06-02T17:47:18.724-0100: 105418.535: Total time for which application threads were stopped: 0.0001846 seconds, Stopping threads took: 0.0000251 seconds
2017-06-02T17:47:18.724-0100: 105418.535: Total time for which application threads were stopped: 0.0001283 seconds, Stopping threads took: 0.0000144 seconds
2017-06-02T17:47:18.734-0100: 105418.545: Total time for which application threads were stopped: 0.0001136 seconds, Stopping threads took: 0.0000231 seconds
2017-06-02T17:47:18.734-0100: 105418.545: Total time for which application threads were stopped: 0.0000830 seconds, Stopping threads took: 0.0000125 seconds
2017-06-02T17:47:18.756-0100: 105418.567: Total time for which application threads were stopped: 0.0001626 seconds, Stopping threads took: 0.0000227 seconds
2017-06-02T17:47:18.756-0100: 105418.567: Total time for which application threads were stopped: 0.0001111 seconds, Stopping threads took: 0.0000125 seconds
2017-06-02T17:47:18.764-0100: 105418.575: Total time for which application threads were stopped: 0.0001055 seconds, Stopping threads took: 0.0000216 seconds
2017-06-02T17:47:18.764-0100: 105418.575: Total time for which application threads were stopped: 0.0000736 seconds, Stopping threads took: 0.0000119 seconds
2017-06-02T17:47:19.995-0100: 105419.806: Total time for which application threads were stopped: 0.0001393 seconds, Stopping threads took: 0.0000254 seconds
{Heap before GC invocations=261 (full 2):
 par new generation   total 109248K, used 92649K [0x00000007a0000000, 0x00000007a8000000, 0x00000007a8000000)
  eden space 87424K,  99% used [0x00000007a0000000, 0x00000007a555fe18, 0x00000007a5560000)
  from space 21824K,  23% used [0x00000007a6ab0000, 0x00000007a6fca8d8, 0x00000007a8000000)
  to   space 21824K,   0% used [0x00000007a5560000, 0x00000007a5560000, 0x00000007a6ab0000)
 concurrent mark-sweep generation total 393216K, used 161769K [0x00000007a8000000, 0x00000007c0000000, 0x00000007c0000000)
 Metaspace       used 39583K, capacity 40612K, committed 41028K, reserved 1085440K
  class space    used 4323K, capacity 4570K, committed 4708K, reserved 1048576K
2017-06-02T17:47:20.007-0100: 105419.818: [GC (Allocation Failure) 2017-06-02T17:47:20.007-0100: 105419.818: [ParNew
Desired survivor size 20112992 bytes, new threshold 8 (max 8)
- age   1:    2754064 bytes,    2754064 total
- age   2:    1197696 bytes,    3951760 total
- age   3:     791920 bytes,    4743680 total
- age   8:      17600 bytes,    4761280 total
: 92649K->7093K(109248K), 0.0073854 secs] 254419K->170062K(502464K), 0.0074633 secs] [Times: user=0.02 sys=0.00, real=0.01 secs] 
Heap after GC invocations=262 (full 2):
 par new generation   total 109248K, used 7093K [0x00000007a0000000, 0x00000007a8000000, 0x00000007a8000000)
  eden space 87424K,   0% used [0x00000007a0000000, 0x00000007a0000000, 0x00000007a5560000)
  from space 21824K,  32% used [0x00000007a5560000, 0x00000007a5c4d450, 0x00000007a6ab0000)
  to   space 21824K,   0% used [0x00000007a6ab0000, 0x00000007a6ab0000, 0x00000007a8000000)
 concurrent mark-sweep generation total 393216K, used 162969K [0x00000007a8000000, 0x00000007c0000000, 0x00000007c0000000)
 Metaspace       used 39583K, capacity 40612K, committed 41028K, reserved 1085440K
  class space    used 4323K, capacity 4570K, committed 4708K, reserved 1048576K
}
2017-06-02T17:47:20.015-0100: 105419.826: Total time for which application threads were stopped: 0.0076500 seconds, Stopping threads took: 0.0000156 seconds
2017-06-02T17:47:20.015-0100: 105419.826: Total time for which application threads were stopped: 0.0001441 seconds, Stopping threads took: 0.0000483 seconds
2017-06-02T17:47:20.015-0100: 105419.826: Total time for which application threads were stopped: 0.0001132 seconds, Stopping threads took: 0.0000217 seconds
2017-06-02T17:47:20.054-0100: 105419.865: Total time for which application threads were stopped: 0.0001749 seconds, Stopping threads took: 0.0000536 seconds
2017-06-02T17:47:20.145-0100: 105419.956: Total time for which application threads were stopped: 0.0001710 seconds, Stopping threads took: 0.0000505 seconds
2017-06-02T17:47:20.145-0100: 105419.956: Total time for which application threads were stopped: 0.0000656 seconds, Stopping threads took: 0.0000081 seconds
2017-06-02T17:47:20.145-0100: 105419.956: Total time for which application threads were stopped: 0.0000477 seconds, Stopping threads took: 0.0000068 seconds
2017-06-02T17:47:20.145-0100: 105419.956: Total time for which application threads were stopped: 0.0000416 seconds, Stopping threads took: 0.0000052 seconds
2017-06-02T17:47:20.145-0100: 105419.956: Total time for which application threads were stopped: 0.0000516 seconds, Stopping threads took: 0.0000072 seconds
2017-06-02T17:47:20.145-0100: 105419.956: Total time for which application threads were stopped: 0.0000430 seconds, Stopping threads took: 0.0000061 seconds
2017-06-02T17:47:20.145-0100: 105419.956: Total time for which application threads were stopped: 0.0000401 seconds, Stopping threads took: 0.0000055 seconds
2017-06-02T17:47:20.145-0100: 105419.956: Total time for which application threads were stopped: 0.0000446 seconds, Stopping threads took: 0.0000063 seconds
2017-06-02T17:47:20.145-0100: 105419.956: Total time for which application threads were stopped: 0.0000392 seconds, Stopping threads took: 0.0000051 seconds
2017-06-02T17:47:20.146-0100: 105419.957: Total time for which application threads were stopped: 0.0000500 seconds, Stopping threads took: 0.0000071 seconds
2017-06-02T17:47:20.146-0100: 105419.957: Total time for which application threads were stopped: 0.0000434 seconds, Stopping threads took: 0.0000068 seconds
2017-06-02T17:47:20.146-0100: 105419.957: Total time for which application threads were stopped: 0.0000460 seconds, Stopping threads took: 0.0000059 seconds
2017-06-02T17:47:20.146-0100: 105419.957: Total time for which application threads were stopped: 0.0000428 seconds, Stopping threads took: 0.0000056 seconds
2017-06-02T17:47:20.146-0100: 105419.957: Total time for which application threads were stopped: 0.0000438 seconds, Stopping threads took: 0.0000058 seconds
2017-06-02T17:47:20.154-0100: 105419.965: Total time for which application threads were stopped: 0.0001353 seconds, Stopping threads took: 0.0000178 seconds
2017-06-02T17:47:20.154-0100: 105419.965: Total time for which application threads were stopped: 0.0001080 seconds, Stopping threads took: 0.0000212 seconds
2017-06-02T17:47:20.161-0100: 105419.972: Total time for which application threads were stopped: 0.0001125 seconds, Stopping threads took: 0.0000300 seconds
2017-06-02T17:47:20.161-0100: 105419.972: Total time for which application threads were stopped: 0.0001138 seconds, Stopping threads took: 0.0000206 seconds
2017-06-02T17:47:20.161-0100: 105419.972: Total time for which application threads were stopped: 0.0000707 seconds, Stopping threads took: 0.0000241 seconds
2017-06-02T17:47:20.161-0100: 105419.972: Total time for which application threads were stopped: 0.0000666 seconds, Stopping threads took: 0.0000174 seconds
2017-06-02T17:47:20.161-0100: 105419.972: Total time for which application threads were stopped: 0.0000677 seconds, Stopping threads took: 0.0000207 seconds
2017-06-02T17:47:20.161-0100: 105419.972: Total time for which application threads were stopped: 0.0000640 seconds, Stopping threads took: 0.0000218 seconds
2017-06-02T17:47:20.162-0100: 105419.973: Total time for which application threads were stopped: 0.0000784 seconds, Stopping threads took: 0.0000212 seconds
2017-06-02T17:47:20.162-0100: 105419.973: Total time for which application threads were stopped: 0.0000679 seconds, Stopping threads took: 0.0000217 seconds
2017-06-02T17:47:20.162-0100: 105419.973: Total time for which application threads were stopped: 0.0000818 seconds, Stopping threads took: 0.0000204 seconds
2017-06-02T17:47:20.162-0100: 105419.973: Total time for which application threads were stopped: 0.0000912 seconds, Stopping threads took: 0.0000329 seconds
2017-06-02T17:47:20.162-0100: 105419.973: Total time for which application threads were stopped: 0.0000673 seconds, Stopping threads took: 0.0000160 seconds
2017-06-02T17:47:21.164-0100: 105420.975: Total time for which application threads were stopped: 0.0000880 seconds, Stopping threads took: 0.0000199 seconds
{Heap before GC invocations=262 (full 2):
 par new generation   total 109248K, used 94517K [0x00000007a0000000, 0x00000007a8000000, 0x00000007a8000000)
  eden space 87424K, 100% used [0x00000007a0000000, 0x00000007a5560000, 0x00000007a5560000)
  from space 21824K,  32% used [0x00000007a5560000, 0x00000007a5c4d450, 0x00000007a6ab0000)
  to   space 21824K,   0% used [0x00000007a6ab0000, 0x00000007a6ab0000, 0x00000007a8000000)
 concurrent mark-sweep generation total 393216K, used 162969K [0x00000007a8000000, 0x00000007c0000000, 0x00000007c0000000)
 Metaspace       used 39585K, capacity 40616K, committed 41028K, reserved 1085440K
  class space    used 4323K, capacity 4570K, committed 4708K, reserved 1048576K
2017-06-02T17:47:21.184-0100: 105420.995: [GC (Allocation Failure) 2017-06-02T17:47:21.184-0100: 105420.995: [ParNew
Desired survivor size 20112992 bytes, new threshold 8 (max 8)
- age   1:    1108336 bytes,    1108336 total
- age   2:    1493960 bytes,    2602296 total
- age   3:     840400 bytes,    3442696 total
- age   4:     289728 bytes,    3732424 total
: 94517K->4895K(109248K), 0.0042607 secs] 257486K->167881K(502464K), 0.0043458 secs] [Times: user=0.01 sys=0.00, real=0.00 secs] 
Heap after GC invocations=263 (full 2):
 par new generation   total 109248K, used 4895K [0x00000007a0000000, 0x00000007a8000000, 0x00000007a8000000)
  eden space 87424K,   0% used [0x00000007a0000000, 0x00000007a0000000, 0x00000007a5560000)
  from space 21824K,  22% used [0x00000007a6ab0000, 0x00000007a6f77d30, 0x00000007a8000000)
  to   space 21824K,   0% used [0x00000007a5560000, 0x00000007a5560000, 0x00000007a6ab0000)
 concurrent mark-sweep generation total 393216K, used 162986K [0x00000007a8000000, 0x00000007c0000000, 0x00000007c0000000)
 Metaspace       used 39585K, capacity 40616K, committed 41028K, reserved 1085440K
  class space    used 4323K, capacity 4570K, committed 4708K, reserved 1048576K
}
2017-06-02T17:47:21.188-0100: 105420.999: Total time for which application threads were stopped: 0.0045539 seconds, Stopping threads took: 0.0000201 seconds
2017-06-02T17:47:21.188-0100: 105420.999: Total time for which application threads were stopped: 0.0001566 seconds, Stopping threads took: 0.0000584 seconds
2017-06-02T17:47:21.189-0100: 105421.000: Total time for which application threads were stopped: 0.0000900 seconds, Stopping threads took: 0.0000099 seconds
2017-06-02T17:47:21.194-0100: 105421.005: Total time for which application threads were stopped: 0.0002278 seconds, Stopping threads took: 0.0000308 seconds
2017-06-02T17:47:21.195-0100: 105421.006: Total time for which application threads were stopped: 0.0000973 seconds, Stopping threads took: 0.0000110 seconds
2017-06-02T17:47:21.203-0100: 105421.014: Total time for which application threads were stopped: 0.0001192 seconds, Stopping threads took: 0.0000221 seconds
2017-06-02T17:47:21.203-0100: 105421.014: Total time for which application threads were stopped: 0.0000708 seconds, Stopping threads took: 0.0000108 seconds
2017-06-02T17:47:22.223-0100: 105422.034: Total time for which application threads were stopped: 0.0001117 seconds, Stopping threads took: 0.0000173 seconds
2017-06-02T17:47:23.223-0100: 105423.034: Total time for which application threads were stopped: 0.0000986 seconds, Stopping threads took: 0.0000190 seconds
2017-06-02T17:48:21.204-0100: 105481.014: Total time for which application threads were stopped: 0.0000790 seconds, Stopping threads took: 0.0000155 seconds
2017-06-02T17:49:03.231-0100: 105523.041: Total time for which application threads were stopped: 0.0000794 seconds, Stopping threads took: 0.0000184 seconds
2017-06-02T17:49:35.639-0100: 105555.449: Total time for which application threads were stopped: 0.0001167 seconds, Stopping threads took: 0.0000172 seconds
{Heap before GC invocations=263 (full 2):
 par new generation   total 109248K, used 92319K [0x00000007a0000000, 0x00000007a8000000, 0x00000007a8000000)
  eden space 87424K, 100% used [0x00000007a0000000, 0x00000007a5560000, 0x00000007a5560000)
  from space 21824K,  22% used [0x00000007a6ab0000, 0x00000007a6f77d30, 0x00000007a8000000)
  to   space 21824K,   0% used [0x00000007a5560000, 0x00000007a5560000, 0x00000007a6ab0000)
 concurrent mark-sweep generation total 393216K, used 162986K [0x00000007a8000000, 0x00000007c0000000, 0x00000007c0000000)
 Metaspace       used 39588K, capacity 40616K, committed 41028K, reserved 1085440K
  class space    used 4323K, capacity 4570K, committed 4708K, reserved 1048576K
2017-06-02T17:49:35.680-0100: 105555.490: [GC (Allocation Failure) 2017-06-02T17:49:35.680-0100: 105555.490: [ParNew
Desired survivor size 20112992 bytes, new threshold 8 (max 8)
- age   1:    1499664 bytes,    1499664 total
- age   2:    1016336 bytes,    2516000 total
- age   3:    1048888 bytes,    3564888 total
- age   4:     246000 bytes,    3810888 total
- age   5:     289680 bytes,    4100568 total
: 92319K->5254K(109248K), 0.0038210 secs] 255305K->168241K(502464K), 0.0038947 secs] [Times: user=0.02 sys=0.00, real=0.00 secs] 
Heap after GC invocations=264 (full 2):
 par new generation   total 109248K, used 5254K [0x00000007a0000000, 0x00000007a8000000, 0x00000007a8000000)
  eden space 87424K,   0% used [0x00000007a0000000, 0x00000007a0000000, 0x00000007a5560000)
  from space 21824K,  24% used [0x00000007a5560000, 0x00000007a5a81a40, 0x00000007a6ab0000)
  to   space 21824K,   0% used [0x00000007a6ab0000, 0x00000007a6ab0000, 0x00000007a8000000)
 concurrent mark-sweep generation total 393216K, used 162986K [0x00000007a8000000, 0x00000007c0000000, 0x00000007c0000000)
 Metaspace       used 39588K, capacity 40616K, committed 41028K, reserved 1085440K
  class space    used 4323K, capacity 4570K, committed 4708K, reserved 1048576K
}
2017-06-02T17:49:35.684-0100: 105555.494: Total time for which application threads were stopped: 0.0040795 seconds, Stopping threads took: 0.0000211 seconds
2017-06-02T17:49:35.691-0100: 105555.500: Total time for which application threads were stopped: 0.0066133 seconds, Stopping threads took: 0.0000541 seconds
2017-06-02T17:49:35.697-0100: 105555.507: Total time for which application threads were stopped: 0.0001176 seconds, Stopping threads took: 0.0000204 seconds
2017-06-02T17:49:35.847-0100: 105555.656: Total time for which application threads were stopped: 0.0001685 seconds, Stopping threads took: 0.0000606 seconds
2017-06-02T17:49:35.847-0100: 105555.656: Total time for which application threads were stopped: 0.0000639 seconds, Stopping threads took: 0.0000086 seconds
2017-06-02T17:49:35.847-0100: 105555.657: Total time for which application threads were stopped: 0.0001263 seconds, Stopping threads took: 0.0000068 seconds
2017-06-02T17:49:35.847-0100: 105555.657: Total time for which application threads were stopped: 0.0001100 seconds, Stopping threads took: 0.0000062 seconds
2017-06-02T17:49:35.847-0100: 105555.657: Total time for which application threads were stopped: 0.0000409 seconds, Stopping threads took: 0.0000052 seconds
2017-06-02T17:49:35.847-0100: 105555.657: Total time for which application threads were stopped: 0.0000594 seconds, Stopping threads took: 0.0000066 seconds
2017-06-02T17:49:35.847-0100: 105555.657: Total time for which application threads were stopped: 0.0000490 seconds, Stopping threads took: 0.0000070 seconds
2017-06-02T17:49:35.847-0100: 105555.657: Total time for which application threads were stopped: 0.0000459 seconds, Stopping threads took: 0.0000061 seconds
2017-06-02T17:49:35.848-0100: 105555.657: Total time for which application threads were stopped: 0.0000403 seconds, Stopping threads took: 0.0000055 seconds
2017-06-02T17:49:35.848-0100: 105555.657: Total time for which application threads were stopped: 0.0000426 seconds, Stopping threads took: 0.0000061 seconds
2017-06-02T17:49:35.848-0100: 105555.657: Total time for which application threads were stopped: 0.0000488 seconds, Stopping threads took: 0.0000121 seconds
2017-06-02T17:49:35.848-0100: 105555.657: Total time for which application threads were stopped: 0.0000404 seconds, Stopping threads took: 0.0000052 seconds
2017-06-02T17:49:35.848-0100: 105555.657: Total time for which application threads were stopped: 0.0000414 seconds, Stopping threads took: 0.0000055 seconds
2017-06-02T17:49:35.848-0100: 105555.658: Total time for which application threads were stopped: 0.0000393 seconds, Stopping threads took: 0.0000054 seconds
2017-06-02T17:49:35.853-0100: 105555.663: Total time for which application threads were stopped: 0.0000880 seconds, Stopping threads took: 0.0000242 seconds
2017-06-02T17:49:35.853-0100: 105555.663: Total time for which application threads were stopped: 0.0000732 seconds, Stopping threads took: 0.0000244 seconds
2017-06-02T17:49:35.859-0100: 105555.668: Total time for which application threads were stopped: 0.0001096 seconds, Stopping threads took: 0.0000292 seconds
2017-06-02T17:49:35.859-0100: 105555.668: Total time for which application threads were stopped: 0.0000777 seconds, Stopping threads took: 0.0000164 seconds
2017-06-02T17:49:35.859-0100: 105555.668: Total time for which application threads were stopped: 0.0000625 seconds, Stopping threads took: 0.0000178 seconds
2017-06-02T17:49:35.859-0100: 105555.669: Total time for which application threads were stopped: 0.0000691 seconds, Stopping threads took: 0.0000154 seconds
2017-06-02T17:49:35.859-0100: 105555.669: Total time for which application threads were stopped: 0.0000735 seconds, Stopping threads took: 0.0000236 seconds
2017-06-02T17:49:35.859-0100: 105555.669: Total time for which application threads were stopped: 0.0000599 seconds, Stopping threads took: 0.0000219 seconds
2017-06-02T17:49:35.859-0100: 105555.669: Total time for which application threads were stopped: 0.0000503 seconds, Stopping threads took: 0.0000076 seconds
2017-06-02T17:49:35.860-0100: 105555.669: Total time for which application threads were stopped: 0.0001359 seconds, Stopping threads took: 0.0000070 seconds
2017-06-02T17:49:35.860-0100: 105555.670: Total time for which application threads were stopped: 0.0000661 seconds, Stopping threads took: 0.0000206 seconds
2017-06-02T17:49:37.663-0100: 105557.473: Total time for which application threads were stopped: 0.0001294 seconds, Stopping threads took: 0.0000162 seconds
2017-06-02T17:49:37.664-0100: 105557.473: Total time for which application threads were stopped: 0.0001281 seconds, Stopping threads took: 0.0000136 seconds
2017-06-02T17:49:37.672-0100: 105557.481: Total time for which application threads were stopped: 0.0001086 seconds, Stopping threads took: 0.0000201 seconds
2017-06-02T17:49:37.672-0100: 105557.481: Total time for which application threads were stopped: 0.0000758 seconds, Stopping threads took: 0.0000119 seconds
2017-06-02T17:49:38.312-0100: 105558.122: Total time for which application threads were stopped: 0.0000984 seconds, Stopping threads took: 0.0000177 seconds
2017-06-02T17:49:39.315-0100: 105559.124: Total time for which application threads were stopped: 0.0001315 seconds, Stopping threads took: 0.0000251 seconds
2017-06-02T17:49:41.218-0100: 105561.027: Total time for which application threads were stopped: 0.0000939 seconds, Stopping threads took: 0.0000154 seconds
2017-06-02T17:49:42.218-0100: 105562.027: Total time for which application threads were stopped: 0.0000883 seconds, Stopping threads took: 0.0000197 seconds
2017-06-02T17:49:57.231-0100: 105577.041: Total time for which application threads were stopped: 0.0000882 seconds, Stopping threads took: 0.0000198 seconds
2017-06-02T17:50:03.234-0100: 105583.044: Total time for which application threads were stopped: 0.0000882 seconds, Stopping threads took: 0.0000191 seconds
2017-06-02T17:50:28.252-0100: 105608.061: Total time for which application threads were stopped: 0.0000899 seconds, Stopping threads took: 0.0000197 seconds
2017-06-02T17:50:37.673-0100: 105617.482: Total time for which application threads were stopped: 0.0000873 seconds, Stopping threads took: 0.0000176 seconds
2017-06-02T17:50:47.682-0100: 105627.491: Total time for which application threads were stopped: 0.0001076 seconds, Stopping threads took: 0.0000243 seconds
2017-06-02T17:50:48.038-0100: 105627.847: Total time for which application threads were stopped: 0.0001518 seconds, Stopping threads took: 0.0000192 seconds
2017-06-02T17:50:48.039-0100: 105627.848: Total time for which application threads were stopped: 0.0002364 seconds, Stopping threads took: 0.0000257 seconds
2017-06-02T17:50:48.039-0100: 105627.848: Total time for which application threads were stopped: 0.0001289 seconds, Stopping threads took: 0.0000512 seconds
2017-06-02T17:50:48.039-0100: 105627.848: Total time for which application threads were stopped: 0.0001790 seconds, Stopping threads took: 0.0000504 seconds
2017-06-02T17:50:48.039-0100: 105627.848: Total time for which application threads were stopped: 0.0001510 seconds, Stopping threads took: 0.0000795 seconds
2017-06-02T17:50:48.039-0100: 105627.848: Total time for which application threads were stopped: 0.0000883 seconds, Stopping threads took: 0.0000204 seconds
2017-06-02T17:50:48.040-0100: 105627.849: Total time for which application threads were stopped: 0.0000641 seconds, Stopping threads took: 0.0000085 seconds
2017-06-02T17:50:48.040-0100: 105627.849: Total time for which application threads were stopped: 0.0000588 seconds, Stopping threads took: 0.0000078 seconds
2017-06-02T17:50:48.040-0100: 105627.849: Total time for which application threads were stopped: 0.0000606 seconds, Stopping threads took: 0.0000163 seconds
2017-06-02T17:50:48.040-0100: 105627.849: Total time for which application threads were stopped: 0.0000846 seconds, Stopping threads took: 0.0000144 seconds
2017-06-02T17:50:48.040-0100: 105627.849: Total time for which application threads were stopped: 0.0001149 seconds, Stopping threads took: 0.0000497 seconds
2017-06-02T17:50:48.041-0100: 105627.850: Total time for which application threads were stopped: 0.0001138 seconds, Stopping threads took: 0.0000424 seconds
2017-06-02T17:50:48.041-0100: 105627.850: Total time for which application threads were stopped: 0.0000523 seconds, Stopping threads took: 0.0000060 seconds
2017-06-02T17:50:48.041-0100: 105627.850: Total time for which application threads were stopped: 0.0000822 seconds, Stopping threads took: 0.0000271 seconds
2017-06-02T17:50:48.041-0100: 105627.850: Total time for which application threads were stopped: 0.0000747 seconds, Stopping threads took: 0.0000088 seconds
2017-06-02T17:50:48.041-0100: 105627.850: Total time for which application threads were stopped: 0.0000719 seconds, Stopping threads took: 0.0000089 seconds
2017-06-02T17:50:48.049-0100: 105627.857: Total time for which application threads were stopped: 0.0001609 seconds, Stopping threads took: 0.0000215 seconds
2017-06-02T17:50:48.049-0100: 105627.858: Total time for which application threads were stopped: 0.0000911 seconds, Stopping threads took: 0.0000100 seconds
2017-06-02T17:50:48.058-0100: 105627.867: Total time for which application threads were stopped: 0.0000802 seconds, Stopping threads took: 0.0000165 seconds
2017-06-02T17:50:48.058-0100: 105627.867: Total time for which application threads were stopped: 0.0000716 seconds, Stopping threads took: 0.0000095 seconds
2017-06-02T17:50:49.058-0100: 105628.867: Total time for which application threads were stopped: 0.0000803 seconds, Stopping threads took: 0.0000185 seconds
2017-06-02T17:51:01.855-0100: 105641.664: Total time for which application threads were stopped: 0.0000903 seconds, Stopping threads took: 0.0000145 seconds
{Heap before GC invocations=264 (full 2):
 par new generation   total 109248K, used 92678K [0x00000007a0000000, 0x00000007a8000000, 0x00000007a8000000)
  eden space 87424K, 100% used [0x00000007a0000000, 0x00000007a5560000, 0x00000007a5560000)
  from space 21824K,  24% used [0x00000007a5560000, 0x00000007a5a81a40, 0x00000007a6ab0000)
  to   space 21824K,   0% used [0x00000007a6ab0000, 0x00000007a6ab0000, 0x00000007a8000000)
 concurrent mark-sweep generation total 393216K, used 162986K [0x00000007a8000000, 0x00000007c0000000, 0x00000007c0000000)
 Metaspace       used 39625K, capacity 40620K, committed 41028K, reserved 1085440K
  class space    used 4323K, capacity 4570K, committed 4708K, reserved 1048576K
2017-06-02T17:51:01.890-0100: 105641.698: [GC (Allocation Failure) 2017-06-02T17:51:01.890-0100: 105641.698: [ParNew
Desired survivor size 20112992 bytes, new threshold 8 (max 8)
- age   1:    2964464 bytes,    2964464 total
- age   2:     688272 bytes,    3652736 total
- age   3:     480688 bytes,    4133424 total
- age   4:     574104 bytes,    4707528 total
- age   5:     189824 bytes,    4897352 total
- age   6:     289680 bytes,    5187032 total
: 92678K->6432K(109248K), 0.0045861 secs] 255665K->169419K(502464K), 0.0046801 secs] [Times: user=0.02 sys=0.00, real=0.00 secs] 
Heap after GC invocations=265 (full 2):
 par new generation   total 109248K, used 6432K [0x00000007a0000000, 0x00000007a8000000, 0x00000007a8000000)
  eden space 87424K,   0% used [0x00000007a0000000, 0x00000007a0000000, 0x00000007a5560000)
  from space 21824K,  29% used [0x00000007a6ab0000, 0x00000007a70f83e0, 0x00000007a8000000)
  to   space 21824K,   0% used [0x00000007a5560000, 0x00000007a5560000, 0x00000007a6ab0000)
 concurrent mark-sweep generation total 393216K, used 162986K [0x00000007a8000000, 0x00000007c0000000, 0x00000007c0000000)
 Metaspace       used 39625K, capacity 40620K, committed 41028K, reserved 1085440K
  class space    used 4323K, capacity 4570K, committed 4708K, reserved 1048576K
}
2017-06-02T17:51:01.894-0100: 105641.703: Total time for which application threads were stopped: 0.0049240 seconds, Stopping threads took: 0.0000354 seconds
2017-06-02T17:51:01.895-0100: 105641.703: Total time for which application threads were stopped: 0.0001538 seconds, Stopping threads took: 0.0000690 seconds
2017-06-02T17:51:01.896-0100: 105641.704: Total time for which application threads were stopped: 0.0007294 seconds, Stopping threads took: 0.0000432 seconds
2017-06-02T17:51:01.906-0100: 105641.715: Total time for which application threads were stopped: 0.0001570 seconds, Stopping threads took: 0.0000172 seconds
2017-06-02T17:51:02.000-0100: 105641.809: Total time for which application threads were stopped: 0.0001597 seconds, Stopping threads took: 0.0000438 seconds
2017-06-02T17:51:02.000-0100: 105641.809: Total time for which application threads were stopped: 0.0001495 seconds, Stopping threads took: 0.0000096 seconds
2017-06-02T17:51:02.000-0100: 105641.809: Total time for which application threads were stopped: 0.0000551 seconds, Stopping threads took: 0.0000069 seconds
2017-06-02T17:51:02.000-0100: 105641.809: Total time for which application threads were stopped: 0.0000565 seconds, Stopping threads took: 0.0000076 seconds
2017-06-02T17:51:02.001-0100: 105641.809: Total time for which application threads were stopped: 0.0001413 seconds, Stopping threads took: 0.0000078 seconds
2017-06-02T17:51:02.001-0100: 105641.810: Total time for which application threads were stopped: 0.0001375 seconds, Stopping threads took: 0.0000071 seconds
2017-06-02T17:51:02.001-0100: 105641.810: Total time for which application threads were stopped: 0.0001223 seconds, Stopping threads took: 0.0000081 seconds
2017-06-02T17:51:02.001-0100: 105641.810: Total time for which application threads were stopped: 0.0000624 seconds, Stopping threads took: 0.0000078 seconds
2017-06-02T17:51:02.001-0100: 105641.810: Total time for which application threads were stopped: 0.0000535 seconds, Stopping threads took: 0.0000061 seconds
2017-06-02T17:51:02.001-0100: 105641.810: Total time for which application threads were stopped: 0.0000558 seconds, Stopping threads took: 0.0000077 seconds
2017-06-02T17:51:02.001-0100: 105641.810: Total time for which application threads were stopped: 0.0000596 seconds, Stopping threads took: 0.0000073 seconds
2017-06-02T17:51:02.009-0100: 105641.817: Total time for which application threads were stopped: 0.0002281 seconds, Stopping threads took: 0.0000273 seconds
2017-06-02T17:51:02.009-0100: 105641.818: Total time for which application threads were stopped: 0.0000786 seconds, Stopping threads took: 0.0000082 seconds
2017-06-02T17:51:02.015-0100: 105641.824: Total time for which application threads were stopped: 0.0000969 seconds, Stopping threads took: 0.0000148 seconds
2017-06-02T17:51:02.015-0100: 105641.824: Total time for which application threads were stopped: 0.0000748 seconds, Stopping threads took: 0.0000264 seconds
2017-06-02T17:51:02.015-0100: 105641.824: Total time for which application threads were stopped: 0.0000785 seconds, Stopping threads took: 0.0000100 seconds
2017-06-02T17:51:02.016-0100: 105641.824: Total time for which application threads were stopped: 0.0000772 seconds, Stopping threads took: 0.0000092 seconds
2017-06-02T17:51:03.043-0100: 105642.851: Total time for which application threads were stopped: 0.0001732 seconds, Stopping threads took: 0.0000507 seconds
2017-06-02T17:51:03.049-0100: 105642.858: Total time for which application threads were stopped: 0.0001810 seconds, Stopping threads took: 0.0000224 seconds
2017-06-02T17:51:03.049-0100: 105642.858: Total time for which application threads were stopped: 0.0001076 seconds, Stopping threads took: 0.0000116 seconds
2017-06-02T17:51:03.057-0100: 105642.866: Total time for which application threads were stopped: 0.0001055 seconds, Stopping threads took: 0.0000200 seconds
2017-06-02T17:51:03.057-0100: 105642.866: Total time for which application threads were stopped: 0.0000668 seconds, Stopping threads took: 0.0000107 seconds
2017-06-02T17:51:06.803-0100: 105646.612: Total time for which application threads were stopped: 0.0001487 seconds, Stopping threads took: 0.0000222 seconds
2017-06-02T17:51:06.803-0100: 105646.612: Total time for which application threads were stopped: 0.0000936 seconds, Stopping threads took: 0.0000111 seconds
2017-06-02T17:51:06.803-0100: 105646.612: Total time for which application threads were stopped: 0.0000759 seconds, Stopping threads took: 0.0000089 seconds
2017-06-02T17:51:06.804-0100: 105646.612: Total time for which application threads were stopped: 0.0000719 seconds, Stopping threads took: 0.0000094 seconds
2017-06-02T17:51:06.804-0100: 105646.612: Total time for which application threads were stopped: 0.0001945 seconds, Stopping threads took: 0.0000077 seconds
2017-06-02T17:51:06.805-0100: 105646.614: Total time for which application threads were stopped: 0.0001732 seconds, Stopping threads took: 0.0000604 seconds
2017-06-02T17:51:06.808-0100: 105646.617: Total time for which application threads were stopped: 0.0001822 seconds, Stopping threads took: 0.0000255 seconds
2017-06-02T17:51:06.809-0100: 105646.617: Total time for which application threads were stopped: 0.0001523 seconds, Stopping threads took: 0.0000182 seconds
2017-06-02T17:51:06.809-0100: 105646.617: Total time for which application threads were stopped: 0.0001122 seconds, Stopping threads took: 0.0000091 seconds
2017-06-02T17:51:06.809-0100: 105646.618: Total time for which application threads were stopped: 0.0000955 seconds, Stopping threads took: 0.0000084 seconds
2017-06-02T17:51:06.809-0100: 105646.618: Total time for which application threads were stopped: 0.0000887 seconds, Stopping threads took: 0.0000077 seconds
2017-06-02T17:51:06.809-0100: 105646.618: Total time for which application threads were stopped: 0.0000853 seconds, Stopping threads took: 0.0000071 seconds
2017-06-02T17:51:06.809-0100: 105646.618: Total time for which application threads were stopped: 0.0000785 seconds, Stopping threads took: 0.0000075 seconds
2017-06-02T17:51:06.809-0100: 105646.618: Total time for which application threads were stopped: 0.0000801 seconds, Stopping threads took: 0.0000067 seconds
2017-06-02T17:51:06.810-0100: 105646.618: Total time for which application threads were stopped: 0.0001479 seconds, Stopping threads took: 0.0000252 seconds
2017-06-02T17:51:06.810-0100: 105646.619: Total time for which application threads were stopped: 0.0001182 seconds, Stopping threads took: 0.0000104 seconds
2017-06-02T17:51:06.810-0100: 105646.619: Total time for which application threads were stopped: 0.0001128 seconds, Stopping threads took: 0.0000077 seconds
2017-06-02T17:51:06.812-0100: 105646.620: Total time for which application threads were stopped: 0.0001482 seconds, Stopping threads took: 0.0000186 seconds
2017-06-02T17:51:06.812-0100: 105646.621: Total time for which application threads were stopped: 0.0001087 seconds, Stopping threads took: 0.0000118 seconds
2017-06-02T17:51:06.816-0100: 105646.625: Total time for which application threads were stopped: 0.0001958 seconds, Stopping threads took: 0.0000244 seconds
2017-06-02T17:51:06.816-0100: 105646.625: Total time for which application threads were stopped: 0.0001004 seconds, Stopping threads took: 0.0000103 seconds
2017-06-02T17:51:06.823-0100: 105646.631: Total time for which application threads were stopped: 0.0001754 seconds, Stopping threads took: 0.0000271 seconds
2017-06-02T17:51:06.823-0100: 105646.631: Total time for which application threads were stopped: 0.0000940 seconds, Stopping threads took: 0.0000107 seconds
2017-06-02T17:51:06.827-0100: 105646.635: Total time for which application threads were stopped: 0.0001083 seconds, Stopping threads took: 0.0000209 seconds
2017-06-02T17:51:06.827-0100: 105646.636: Total time for which application threads were stopped: 0.0000562 seconds, Stopping threads took: 0.0000093 seconds
2017-06-02T17:51:08.283-0100: 105648.092: Total time for which application threads were stopped: 0.0001529 seconds, Stopping threads took: 0.0000201 seconds
2017-06-02T17:51:08.284-0100: 105648.092: Total time for which application threads were stopped: 0.0001275 seconds, Stopping threads took: 0.0000117 seconds
2017-06-02T17:51:08.291-0100: 105648.100: Total time for which application threads were stopped: 0.0001084 seconds, Stopping threads took: 0.0000211 seconds
2017-06-02T17:51:08.291-0100: 105648.100: Total time for which application threads were stopped: 0.0000947 seconds, Stopping threads took: 0.0000285 seconds
2017-06-02T17:51:10.294-0100: 105650.102: Total time for which application threads were stopped: 0.0000839 seconds, Stopping threads took: 0.0000191 seconds
2017-06-02T17:51:12.945-0100: 105652.753: Total time for which application threads were stopped: 0.0001861 seconds, Stopping threads took: 0.0000158 seconds
2017-06-02T17:51:19.038-0100: 105658.846: Total time for which application threads were stopped: 0.0000978 seconds, Stopping threads took: 0.0000158 seconds
2017-06-02T17:52:06.833-0100: 105706.641: Total time for which application threads were stopped: 0.0001582 seconds, Stopping threads took: 0.0000288 seconds
2017-06-02T17:52:08.292-0100: 105708.101: Total time for which application threads were stopped: 0.0000812 seconds, Stopping threads took: 0.0000170 seconds
2017-06-02T17:54:11.367-0100: 105831.174: Total time for which application threads were stopped: 0.0001086 seconds, Stopping threads took: 0.0000311 seconds
2017-06-02T17:56:26.334-0100: 105966.140: Total time for which application threads were stopped: 0.0001759 seconds, Stopping threads took: 0.0000253 seconds
2017-06-02T17:56:26.334-0100: 105966.140: Total time for which application threads were stopped: 0.0000933 seconds, Stopping threads took: 0.0000098 seconds
2017-06-02T17:56:26.344-0100: 105966.149: Total time for which application threads were stopped: 0.0002536 seconds, Stopping threads took: 0.0000254 seconds
2017-06-02T17:56:26.344-0100: 105966.150: Total time for which application threads were stopped: 0.0001770 seconds, Stopping threads took: 0.0000177 seconds
2017-06-02T17:56:26.344-0100: 105966.150: Total time for which application threads were stopped: 0.0001621 seconds, Stopping threads took: 0.0000151 seconds
2017-06-02T17:56:26.378-0100: 105966.184: Total time for which application threads were stopped: 0.0001692 seconds, Stopping threads took: 0.0000233 seconds
2017-06-02T17:56:26.379-0100: 105966.184: Total time for which application threads were stopped: 0.0001135 seconds, Stopping threads took: 0.0000130 seconds
2017-06-02T17:56:26.387-0100: 105966.192: Total time for which application threads were stopped: 0.0001270 seconds, Stopping threads took: 0.0000243 seconds
2017-06-02T17:56:26.387-0100: 105966.192: Total time for which application threads were stopped: 0.0000728 seconds, Stopping threads took: 0.0000099 seconds
2017-06-02T17:56:27.191-0100: 105966.996: Total time for which application threads were stopped: 0.0001021 seconds, Stopping threads took: 0.0000177 seconds
{Heap before GC invocations=265 (full 2):
 par new generation   total 109248K, used 93848K [0x00000007a0000000, 0x00000007a8000000, 0x00000007a8000000)
  eden space 87424K,  99% used [0x00000007a0000000, 0x00000007a555dec0, 0x00000007a5560000)
  from space 21824K,  29% used [0x00000007a6ab0000, 0x00000007a70f83e0, 0x00000007a8000000)
  to   space 21824K,   0% used [0x00000007a5560000, 0x00000007a5560000, 0x00000007a6ab0000)
 concurrent mark-sweep generation total 393216K, used 162986K [0x00000007a8000000, 0x00000007c0000000, 0x00000007c0000000)
 Metaspace       used 39635K, capacity 40620K, committed 41028K, reserved 1085440K
  class space    used 4323K, capacity 4570K, committed 4708K, reserved 1048576K
2017-06-02T17:56:27.221-0100: 105967.027: [GC (Allocation Failure) 2017-06-02T17:56:27.221-0100: 105967.027: [ParNew
Desired survivor size 20112992 bytes, new threshold 8 (max 8)
- age   1:    2573672 bytes,    2573672 total
- age   2:    1276416 bytes,    3850088 total
- age   3:     673288 bytes,    4523376 total
- age   4:     130952 bytes,    4654328 total
- age   5:     145712 bytes,    4800040 total
- age   6:     189776 bytes,    4989816 total
- age   7:     289640 bytes,    5279456 total
: 93848K->8587K(109248K), 0.0046013 secs] 256835K->171574K(502464K), 0.0046515 secs] [Times: user=0.01 sys=0.00, real=0.00 secs] 
Heap after GC invocations=266 (full 2):
 par new generation   total 109248K, used 8587K [0x00000007a0000000, 0x00000007a8000000, 0x00000007a8000000)
  eden space 87424K,   0% used [0x00000007a0000000, 0x00000007a0000000, 0x00000007a5560000)
  from space 21824K,  39% used [0x00000007a5560000, 0x00000007a5dc2f80, 0x00000007a6ab0000)
  to   space 21824K,   0% used [0x00000007a6ab0000, 0x00000007a6ab0000, 0x00000007a8000000)
 concurrent mark-sweep generation total 393216K, used 162986K [0x00000007a8000000, 0x00000007c0000000, 0x00000007c0000000)
 Metaspace       used 39635K, capacity 40620K, committed 41028K, reserved 1085440K
  class space    used 4323K, capacity 4570K, committed 4708K, reserved 1048576K
}
2017-06-02T17:56:27.226-0100: 105967.031: Total time for which application threads were stopped: 0.0051076 seconds, Stopping threads took: 0.0000213 seconds
2017-06-02T17:56:27.226-0100: 105967.032: Total time for which application threads were stopped: 0.0001400 seconds, Stopping threads took: 0.0000692 seconds
2017-06-02T17:56:27.226-0100: 105967.032: Total time for which application threads were stopped: 0.0000980 seconds, Stopping threads took: 0.0000232 seconds
2017-06-02T17:56:27.226-0100: 105967.032: Total time for which application threads were stopped: 0.0001057 seconds, Stopping threads took: 0.0000447 seconds
2017-06-02T17:56:27.241-0100: 105967.046: Total time for which application threads were stopped: 0.0001210 seconds, Stopping threads took: 0.0000225 seconds
2017-06-02T17:56:27.382-0100: 105967.187: Total time for which application threads were stopped: 0.0002158 seconds, Stopping threads took: 0.0000692 seconds
2017-06-02T17:56:27.382-0100: 105967.188: Total time for which application threads were stopped: 0.0000776 seconds, Stopping threads took: 0.0000108 seconds
2017-06-02T17:56:27.382-0100: 105967.188: Total time for which application threads were stopped: 0.0000684 seconds, Stopping threads took: 0.0000227 seconds
2017-06-02T17:56:27.383-0100: 105967.188: Total time for which application threads were stopped: 0.0000898 seconds, Stopping threads took: 0.0000474 seconds
2017-06-02T17:56:27.383-0100: 105967.188: Total time for which application threads were stopped: 0.0000702 seconds, Stopping threads took: 0.0000182 seconds
2017-06-02T17:56:27.383-0100: 105967.188: Total time for which application threads were stopped: 0.0000698 seconds, Stopping threads took: 0.0000209 seconds
2017-06-02T17:56:27.383-0100: 105967.188: Total time for which application threads were stopped: 0.0000558 seconds, Stopping threads took: 0.0000153 seconds
2017-06-02T17:56:27.383-0100: 105967.188: Total time for which application threads were stopped: 0.0000859 seconds, Stopping threads took: 0.0000238 seconds
2017-06-02T17:56:27.383-0100: 105967.188: Total time for which application threads were stopped: 0.0000680 seconds, Stopping threads took: 0.0000136 seconds
2017-06-02T17:56:27.383-0100: 105967.189: Total time for which application threads were stopped: 0.0000650 seconds, Stopping threads took: 0.0000187 seconds
2017-06-02T17:56:27.383-0100: 105967.189: Total time for which application threads were stopped: 0.0000634 seconds, Stopping threads took: 0.0000198 seconds
2017-06-02T17:56:27.383-0100: 105967.189: Total time for which application threads were stopped: 0.0000684 seconds, Stopping threads took: 0.0000228 seconds
2017-06-02T17:56:27.383-0100: 105967.189: Total time for which application threads were stopped: 0.0000573 seconds, Stopping threads took: 0.0000145 seconds
2017-06-02T17:56:27.384-0100: 105967.189: Total time for which application threads were stopped: 0.0000716 seconds, Stopping threads took: 0.0000173 seconds
2017-06-02T17:56:27.390-0100: 105967.195: Total time for which application threads were stopped: 0.0001219 seconds, Stopping threads took: 0.0000330 seconds
2017-06-02T17:56:27.390-0100: 105967.195: Total time for which application threads were stopped: 0.0000840 seconds, Stopping threads took: 0.0000239 seconds
2017-06-02T17:56:27.402-0100: 105967.208: Total time for which application threads were stopped: 0.0002422 seconds, Stopping threads took: 0.0000424 seconds
2017-06-02T17:56:27.403-0100: 105967.208: Total time for which application threads were stopped: 0.0000929 seconds, Stopping threads took: 0.0000231 seconds
2017-06-02T17:56:27.403-0100: 105967.208: Total time for which application threads were stopped: 0.0000968 seconds, Stopping threads took: 0.0000277 seconds
2017-06-02T17:56:27.403-0100: 105967.208: Total time for which application threads were stopped: 0.0000763 seconds, Stopping threads took: 0.0000247 seconds
2017-06-02T17:56:27.403-0100: 105967.208: Total time for which application threads were stopped: 0.0000617 seconds, Stopping threads took: 0.0000162 seconds
2017-06-02T17:56:27.403-0100: 105967.208: Total time for which application threads were stopped: 0.0000617 seconds, Stopping threads took: 0.0000135 seconds
2017-06-02T17:56:27.403-0100: 105967.209: Total time for which application threads were stopped: 0.0000624 seconds, Stopping threads took: 0.0000176 seconds
2017-06-02T17:56:27.403-0100: 105967.209: Total time for which application threads were stopped: 0.0000727 seconds, Stopping threads took: 0.0000284 seconds
2017-06-02T17:56:27.404-0100: 105967.209: Total time for which application threads were stopped: 0.0000683 seconds, Stopping threads took: 0.0000160 seconds
2017-06-02T17:56:28.424-0100: 105968.229: Total time for which application threads were stopped: 0.0001473 seconds, Stopping threads took: 0.0000357 seconds
2017-06-02T17:56:28.430-0100: 105968.235: Total time for which application threads were stopped: 0.0001421 seconds, Stopping threads took: 0.0000221 seconds
2017-06-02T17:56:28.430-0100: 105968.235: Total time for which application threads were stopped: 0.0000989 seconds, Stopping threads took: 0.0000102 seconds
2017-06-02T17:56:28.438-0100: 105968.244: Total time for which application threads were stopped: 0.0000943 seconds, Stopping threads took: 0.0000192 seconds
2017-06-02T17:56:28.439-0100: 105968.244: Total time for which application threads were stopped: 0.0000585 seconds, Stopping threads took: 0.0000113 seconds
2017-06-02T17:56:30.836-0100: 105970.642: Total time for which application threads were stopped: 0.0001247 seconds, Stopping threads took: 0.0000190 seconds
2017-06-02T17:57:28.439-0100: 106028.244: Total time for which application threads were stopped: 0.0001032 seconds, Stopping threads took: 0.0000185 seconds
2017-06-02T17:58:48.396-0100: 106108.200: Total time for which application threads were stopped: 0.0001059 seconds, Stopping threads took: 0.0000186 seconds
2017-06-02T17:58:49.397-0100: 106109.200: Total time for which application threads were stopped: 0.0000793 seconds, Stopping threads took: 0.0000182 seconds
2017-06-02T17:58:57.406-0100: 106117.209: Total time for which application threads were stopped: 0.0001152 seconds, Stopping threads took: 0.0000308 seconds
2017-06-02T18:02:53.209-0100: 106353.010: Total time for which application threads were stopped: 0.0061814 seconds, Stopping threads took: 0.0000151 seconds
{Heap before GC invocations=266 (full 2):
 par new generation   total 109248K, used 95988K [0x00000007a0000000, 0x00000007a8000000, 0x00000007a8000000)
  eden space 87424K,  99% used [0x00000007a0000000, 0x00000007a555a360, 0x00000007a5560000)
  from space 21824K,  39% used [0x00000007a5560000, 0x00000007a5dc2f80, 0x00000007a6ab0000)
  to   space 21824K,   0% used [0x00000007a6ab0000, 0x00000007a6ab0000, 0x00000007a8000000)
 concurrent mark-sweep generation total 393216K, used 162986K [0x00000007a8000000, 0x00000007c0000000, 0x00000007c0000000)
 Metaspace       used 39667K, capacity 40624K, committed 41028K, reserved 1085440K
  class space    used 4324K, capacity 4572K, committed 4708K, reserved 1048576K
2017-06-02T18:02:53.236-0100: 106353.037: [GC (Allocation Failure) 2017-06-02T18:02:53.236-0100: 106353.037: [ParNew
Desired survivor size 20112992 bytes, new threshold 8 (max 8)
- age   1:    2339784 bytes,    2339784 total
- age   2:    1287568 bytes,    3627352 total
- age   3:     697488 bytes,    4324840 total
- age   4:     163032 bytes,    4487872 total
- age   5:     130512 bytes,    4618384 total
- age   6:     120360 bytes,    4738744 total
- age   7:     189776 bytes,    4928520 total
- age   8:     289640 bytes,    5218160 total
: 95988K->6496K(109248K), 0.0043792 secs] 258975K->169483K(502464K), 0.0044386 secs] [Times: user=0.01 sys=0.01, real=0.01 secs] 
Heap after GC invocations=267 (full 2):
 par new generation   total 109248K, used 6496K [0x00000007a0000000, 0x00000007a8000000, 0x00000007a8000000)
  eden space 87424K,   0% used [0x00000007a0000000, 0x00000007a0000000, 0x00000007a5560000)
  from space 21824K,  29% used [0x00000007a6ab0000, 0x00000007a7108278, 0x00000007a8000000)
  to   space 21824K,   0% used [0x00000007a5560000, 0x00000007a5560000, 0x00000007a6ab0000)
 concurrent mark-sweep generation total 393216K, used 162986K [0x00000007a8000000, 0x00000007c0000000, 0x00000007c0000000)
 Metaspace       used 39667K, capacity 40624K, committed 41028K, reserved 1085440K
  class space    used 4324K, capacity 4572K, committed 4708K, reserved 1048576K
}
2017-06-02T18:02:53.240-0100: 106353.042: Total time for which application threads were stopped: 0.0045906 seconds, Stopping threads took: 0.0000157 seconds
2017-06-02T18:02:53.241-0100: 106353.043: Total time for which application threads were stopped: 0.0006809 seconds, Stopping threads took: 0.0000490 seconds
2017-06-02T18:02:53.241-0100: 106353.043: Total time for which application threads were stopped: 0.0001190 seconds, Stopping threads took: 0.0000518 seconds
2017-06-02T18:02:53.242-0100: 106353.043: Total time for which application threads were stopped: 0.0001164 seconds, Stopping threads took: 0.0000496 seconds
2017-06-02T18:02:54.242-0100: 106354.044: Total time for which application threads were stopped: 0.0000857 seconds, Stopping threads took: 0.0000202 seconds
2017-06-02T18:02:54.274-0100: 106354.075: Total time for which application threads were stopped: 0.0010180 seconds, Stopping threads took: 0.0008942 seconds
2017-06-02T18:02:54.274-0100: 106354.076: Total time for which application threads were stopped: 0.0001450 seconds, Stopping threads took: 0.0000350 seconds
2017-06-02T18:02:54.282-0100: 106354.084: Total time for which application threads were stopped: 0.0001165 seconds, Stopping threads took: 0.0000244 seconds
2017-06-02T18:02:54.282-0100: 106354.084: Total time for which application threads were stopped: 0.0000710 seconds, Stopping threads took: 0.0000112 seconds
2017-06-02T18:03:54.283-0100: 106414.084: Total time for which application threads were stopped: 0.0000807 seconds, Stopping threads took: 0.0000175 seconds
2017-06-02T18:04:48.635-0100: 106468.436: Total time for which application threads were stopped: 0.0001321 seconds, Stopping threads took: 0.0000203 seconds
{Heap before GC invocations=267 (full 2):
 par new generation   total 109248K, used 93909K [0x00000007a0000000, 0x00000007a8000000, 0x00000007a8000000)
  eden space 87424K,  99% used [0x00000007a0000000, 0x00000007a555d408, 0x00000007a5560000)
  from space 21824K,  29% used [0x00000007a6ab0000, 0x00000007a7108278, 0x00000007a8000000)
  to   space 21824K,   0% used [0x00000007a5560000, 0x00000007a5560000, 0x00000007a6ab0000)
 concurrent mark-sweep generation total 393216K, used 162986K [0x00000007a8000000, 0x00000007c0000000, 0x00000007c0000000)
 Metaspace       used 39668K, capacity 40624K, committed 41028K, reserved 1085440K
  class space    used 4324K, capacity 4572K, committed 4708K, reserved 1048576K
2017-06-02T18:04:48.671-0100: 106468.471: [GC (Allocation Failure) 2017-06-02T18:04:48.671-0100: 106468.471: [ParNew
Desired survivor size 20112992 bytes, new threshold 8 (max 8)
- age   1:    1309304 bytes,    1309304 total
- age   2:    1451760 bytes,    2761064 total
- age   3:     919632 bytes,    3680696 total
- age   4:     186760 bytes,    3867456 total
- age   5:     162984 bytes,    4030440 total
- age   6:     130512 bytes,    4160952 total
- age   7:     120248 bytes,    4281200 total
- age   8:     189480 bytes,    4470680 total
: 93909K->6618K(109248K), 0.0045102 secs] 256896K->169891K(502464K), 0.0045841 secs] [Times: user=0.02 sys=0.01, real=0.00 secs] 
Heap after GC invocations=268 (full 2):
 par new generation   total 109248K, used 6618K [0x00000007a0000000, 0x00000007a8000000, 0x00000007a8000000)
  eden space 87424K,   0% used [0x00000007a0000000, 0x00000007a0000000, 0x00000007a5560000)
  from space 21824K,  30% used [0x00000007a5560000, 0x00000007a5bd6aa0, 0x00000007a6ab0000)
  to   space 21824K,   0% used [0x00000007a6ab0000, 0x00000007a6ab0000, 0x00000007a8000000)
 concurrent mark-sweep generation total 393216K, used 163272K [0x00000007a8000000, 0x00000007c0000000, 0x00000007c0000000)
 Metaspace       used 39668K, capacity 40624K, committed 41028K, reserved 1085440K
  class space    used 4324K, capacity 4572K, committed 4708K, reserved 1048576K
}
2017-06-02T18:04:48.676-0100: 106468.476: Total time for which application threads were stopped: 0.0047607 seconds, Stopping threads took: 0.0000156 seconds
2017-06-02T18:04:48.676-0100: 106468.476: Total time for which application threads were stopped: 0.0001579 seconds, Stopping threads took: 0.0000562 seconds
2017-06-02T18:04:49.676-0100: 106469.476: Total time for which application threads were stopped: 0.0000812 seconds, Stopping threads took: 0.0000182 seconds
2017-06-02T18:04:49.725-0100: 106469.525: Total time for which application threads were stopped: 0.0001854 seconds, Stopping threads took: 0.0000198 seconds
2017-06-02T18:04:49.725-0100: 106469.525: Total time for which application threads were stopped: 0.0000959 seconds, Stopping threads took: 0.0000121 seconds
2017-06-02T18:04:49.733-0100: 106469.533: Total time for which application threads were stopped: 0.0001081 seconds, Stopping threads took: 0.0000193 seconds
2017-06-02T18:04:49.733-0100: 106469.533: Total time for which application threads were stopped: 0.0000583 seconds, Stopping threads took: 0.0000094 seconds
2017-06-02T18:04:51.286-0100: 106471.086: Total time for which application threads were stopped: 0.0001300 seconds, Stopping threads took: 0.0000218 seconds
2017-06-02T18:04:51.286-0100: 106471.086: Total time for which application threads were stopped: 0.0000932 seconds, Stopping threads took: 0.0000121 seconds
2017-06-02T18:04:51.286-0100: 106471.087: Total time for which application threads were stopped: 0.0000734 seconds, Stopping threads took: 0.0000094 seconds
2017-06-02T18:04:51.287-0100: 106471.087: Total time for which application threads were stopped: 0.0000708 seconds, Stopping threads took: 0.0000096 seconds
2017-06-02T18:04:51.287-0100: 106471.087: Total time for which application threads were stopped: 0.0000685 seconds, Stopping threads took: 0.0000089 seconds
2017-06-02T18:04:51.287-0100: 106471.087: Total time for which application threads were stopped: 0.0000851 seconds, Stopping threads took: 0.0000097 seconds
2017-06-02T18:04:51.287-0100: 106471.088: Total time for which application threads were stopped: 0.0001520 seconds, Stopping threads took: 0.0000520 seconds
2017-06-02T18:04:51.288-0100: 106471.088: Total time for which application threads were stopped: 0.0001530 seconds, Stopping threads took: 0.0000706 seconds
2017-06-02T18:04:51.294-0100: 106471.094: Total time for which application threads were stopped: 0.0061272 seconds, Stopping threads took: 0.0000572 seconds
2017-06-02T18:04:51.294-0100: 106471.094: Total time for which application threads were stopped: 0.0001919 seconds, Stopping threads took: 0.0000720 seconds
2017-06-02T18:04:51.295-0100: 106471.095: Total time for which application threads were stopped: 0.0007276 seconds, Stopping threads took: 0.0000602 seconds
2017-06-02T18:04:51.295-0100: 106471.095: Total time for which application threads were stopped: 0.0001343 seconds, Stopping threads took: 0.0000319 seconds
2017-06-02T18:04:51.296-0100: 106471.096: Total time for which application threads were stopped: 0.0001653 seconds, Stopping threads took: 0.0000193 seconds
2017-06-02T18:04:51.297-0100: 106471.097: Total time for which application threads were stopped: 0.0002448 seconds, Stopping threads took: 0.0001053 seconds
2017-06-02T18:04:51.297-0100: 106471.097: Total time for which application threads were stopped: 0.0002101 seconds, Stopping threads took: 0.0000656 seconds
2017-06-02T18:04:51.305-0100: 106471.105: Total time for which application threads were stopped: 0.0002059 seconds, Stopping threads took: 0.0000231 seconds
2017-06-02T18:04:51.305-0100: 106471.105: Total time for which application threads were stopped: 0.0001254 seconds, Stopping threads took: 0.0000116 seconds
2017-06-02T18:04:51.317-0100: 106471.117: Total time for which application threads were stopped: 0.0001165 seconds, Stopping threads took: 0.0000277 seconds
2017-06-02T18:04:51.317-0100: 106471.117: Total time for which application threads were stopped: 0.0000768 seconds, Stopping threads took: 0.0000117 seconds
2017-06-02T18:05:50.235-0100: 106530.034: Total time for which application threads were stopped: 0.0001729 seconds, Stopping threads took: 0.0000219 seconds
2017-06-02T18:05:50.235-0100: 106530.034: Total time for which application threads were stopped: 0.0001046 seconds, Stopping threads took: 0.0000113 seconds
2017-06-02T18:05:50.243-0100: 106530.043: Total time for which application threads were stopped: 0.0001157 seconds, Stopping threads took: 0.0000239 seconds
2017-06-02T18:05:50.243-0100: 106530.043: Total time for which application threads were stopped: 0.0000610 seconds, Stopping threads took: 0.0000085 seconds
2017-06-02T18:05:50.270-0100: 106530.069: Total time for which application threads were stopped: 0.0001643 seconds, Stopping threads took: 0.0000206 seconds
2017-06-02T18:05:50.270-0100: 106530.069: Total time for which application threads were stopped: 0.0001097 seconds, Stopping threads took: 0.0000098 seconds
2017-06-02T18:05:50.278-0100: 106530.078: Total time for which application threads were stopped: 0.0001123 seconds, Stopping threads took: 0.0000227 seconds
2017-06-02T18:05:50.278-0100: 106530.078: Total time for which application threads were stopped: 0.0000792 seconds, Stopping threads took: 0.0000118 seconds
2017-06-02T18:05:51.318-0100: 106531.118: Total time for which application threads were stopped: 0.0002070 seconds, Stopping threads took: 0.0000215 seconds
{Heap before GC invocations=268 (full 2):
 par new generation   total 109248K, used 94020K [0x00000007a0000000, 0x00000007a8000000, 0x00000007a8000000)
  eden space 87424K,  99% used [0x00000007a0000000, 0x00000007a555a5c8, 0x00000007a5560000)
  from space 21824K,  30% used [0x00000007a5560000, 0x00000007a5bd6aa0, 0x00000007a6ab0000)
  to   space 21824K,   0% used [0x00000007a6ab0000, 0x00000007a6ab0000, 0x00000007a8000000)
 concurrent mark-sweep generation total 393216K, used 163272K [0x00000007a8000000, 0x00000007c0000000, 0x00000007c0000000)
 Metaspace       used 39669K, capacity 40624K, committed 41028K, reserved 1085440K
  class space    used 4324K, capacity 4572K, committed 4708K, reserved 1048576K
2017-06-02T18:05:54.737-0100: 106534.536: [GC (Allocation Failure) 2017-06-02T18:05:54.737-0100: 106534.536: [ParNew
Desired survivor size 20112992 bytes, new threshold 8 (max 8)
- age   1:    1473352 bytes,    1473352 total
- age   2:     231736 bytes,    1705088 total
- age   3:    1440032 bytes,    3145120 total
- age   4:     891416 bytes,    4036536 total
- age   5:     186800 bytes,    4223336 total
- age   6:     162984 bytes,    4386320 total
- age   7:     130512 bytes,    4516832 total
- age   8:     120208 bytes,    4637040 total
: 94020K->6035K(109248K), 0.0043655 secs] 257292K->169495K(502464K), 0.0044368 secs] [Times: user=0.02 sys=0.00, real=0.01 secs] 
Heap after GC invocations=269 (full 2):
 par new generation   total 109248K, used 6035K [0x00000007a0000000, 0x00000007a8000000, 0x00000007a8000000)
  eden space 87424K,   0% used [0x00000007a0000000, 0x00000007a0000000, 0x00000007a5560000)
  from space 21824K,  27% used [0x00000007a6ab0000, 0x00000007a7094c30, 0x00000007a8000000)
  to   space 21824K,   0% used [0x00000007a5560000, 0x00000007a5560000, 0x00000007a6ab0000)
 concurrent mark-sweep generation total 393216K, used 163460K [0x00000007a8000000, 0x00000007c0000000, 0x00000007c0000000)
 Metaspace       used 39669K, capacity 40624K, committed 41028K, reserved 1085440K
  class space    used 4324K, capacity 4572K, committed 4708K, reserved 1048576K
}
2017-06-02T18:05:54.741-0100: 106534.541: Total time for which application threads were stopped: 0.0046133 seconds, Stopping threads took: 0.0000164 seconds
2017-06-02T18:05:54.755-0100: 106534.554: Total time for which application threads were stopped: 0.0001248 seconds, Stopping threads took: 0.0000329 seconds
2017-06-02T18:05:54.895-0100: 106534.694: Total time for which application threads were stopped: 0.0001914 seconds, Stopping threads took: 0.0000449 seconds
2017-06-02T18:05:54.895-0100: 106534.694: Total time for which application threads were stopped: 0.0000700 seconds, Stopping threads took: 0.0000080 seconds
2017-06-02T18:05:54.895-0100: 106534.695: Total time for which application threads were stopped: 0.0000552 seconds, Stopping threads took: 0.0000063 seconds
2017-06-02T18:05:54.895-0100: 106534.695: Total time for which application threads were stopped: 0.0000520 seconds, Stopping threads took: 0.0000071 seconds
2017-06-02T18:05:54.895-0100: 106534.695: Total time for which application threads were stopped: 0.0000537 seconds, Stopping threads took: 0.0000055 seconds
2017-06-02T18:05:54.895-0100: 106534.695: Total time for which application threads were stopped: 0.0000471 seconds, Stopping threads took: 0.0000065 seconds
2017-06-02T18:05:54.895-0100: 106534.695: Total time for which application threads were stopped: 0.0000439 seconds, Stopping threads took: 0.0000059 seconds
2017-06-02T18:05:54.896-0100: 106534.695: Total time for which application threads were stopped: 0.0001263 seconds, Stopping threads took: 0.0000059 seconds
2017-06-02T18:05:54.896-0100: 106534.695: Total time for which application threads were stopped: 0.0000473 seconds, Stopping threads took: 0.0000058 seconds
2017-06-02T18:05:54.896-0100: 106534.695: Total time for which application threads were stopped: 0.0001055 seconds, Stopping threads took: 0.0000057 seconds
2017-06-02T18:05:54.896-0100: 106534.695: Total time for which application threads were stopped: 0.0000480 seconds, Stopping threads took: 0.0000054 seconds
2017-06-02T18:05:54.896-0100: 106534.695: Total time for which application threads were stopped: 0.0000522 seconds, Stopping threads took: 0.0000070 seconds
2017-06-02T18:05:54.896-0100: 106534.695: Total time for which application threads were stopped: 0.0000441 seconds, Stopping threads took: 0.0000057 seconds
2017-06-02T18:05:54.902-0100: 106534.702: Total time for which application threads were stopped: 0.0001492 seconds, Stopping threads took: 0.0000628 seconds
2017-06-02T18:05:54.902-0100: 106534.702: Total time for which application threads were stopped: 0.0001026 seconds, Stopping threads took: 0.0000328 seconds
2017-06-02T18:05:54.909-0100: 106534.708: Total time for which application threads were stopped: 0.0001292 seconds, Stopping threads took: 0.0000154 seconds
2017-06-02T18:05:54.909-0100: 106534.708: Total time for which application threads were stopped: 0.0000924 seconds, Stopping threads took: 0.0000103 seconds
2017-06-02T18:05:54.909-0100: 106534.708: Total time for which application threads were stopped: 0.0000652 seconds, Stopping threads took: 0.0000087 seconds
2017-06-02T18:05:54.909-0100: 106534.708: Total time for which application threads were stopped: 0.0000619 seconds, Stopping threads took: 0.0000073 seconds
2017-06-02T18:05:54.909-0100: 106534.709: Total time for which application threads were stopped: 0.0001271 seconds, Stopping threads took: 0.0000089 seconds
2017-06-02T18:05:55.939-0100: 106535.738: Total time for which application threads were stopped: 0.0001643 seconds, Stopping threads took: 0.0000176 seconds
2017-06-02T18:05:55.945-0100: 106535.744: Total time for which application threads were stopped: 0.0001740 seconds, Stopping threads took: 0.0000214 seconds
2017-06-02T18:05:55.945-0100: 106535.744: Total time for which application threads were stopped: 0.0000926 seconds, Stopping threads took: 0.0000099 seconds
2017-06-02T18:05:55.953-0100: 106535.752: Total time for which application threads were stopped: 0.0001026 seconds, Stopping threads took: 0.0000208 seconds
2017-06-02T18:05:55.953-0100: 106535.752: Total time for which application threads were stopped: 0.0000700 seconds, Stopping threads took: 0.0000117 seconds
2017-06-02T18:06:00.521-0100: 106540.321: Total time for which application threads were stopped: 0.0000958 seconds, Stopping threads took: 0.0000180 seconds
2017-06-02T18:06:01.526-0100: 106541.326: Total time for which application threads were stopped: 0.0000853 seconds, Stopping threads took: 0.0000178 seconds
2017-06-02T18:06:13.982-0100: 106553.781: Total time for which application threads were stopped: 0.0001017 seconds, Stopping threads took: 0.0000153 seconds
2017-06-02T18:06:27.647-0100: 106567.447: Total time for which application threads were stopped: 0.0001046 seconds, Stopping threads took: 0.0000172 seconds
2017-06-02T18:06:27.648-0100: 106567.447: Total time for which application threads were stopped: 0.0000603 seconds, Stopping threads took: 0.0000078 seconds
2017-06-02T18:06:27.648-0100: 106567.447: Total time for which application threads were stopped: 0.0000411 seconds, Stopping threads took: 0.0000052 seconds
2017-06-02T18:06:27.648-0100: 106567.447: Total time for which application threads were stopped: 0.0000407 seconds, Stopping threads took: 0.0000052 seconds
2017-06-02T18:06:27.648-0100: 106567.447: Total time for which application threads were stopped: 0.0001340 seconds, Stopping threads took: 0.0000052 seconds
2017-06-02T18:06:27.657-0100: 106567.456: Total time for which application threads were stopped: 0.0001413 seconds, Stopping threads took: 0.0000195 seconds
2017-06-02T18:06:27.657-0100: 106567.456: Total time for which application threads were stopped: 0.0001112 seconds, Stopping threads took: 0.0000199 seconds
2017-06-02T18:06:27.658-0100: 106567.457: Total time for which application threads were stopped: 0.0001419 seconds, Stopping threads took: 0.0000096 seconds
2017-06-02T18:06:27.659-0100: 106567.458: Total time for which application threads were stopped: 0.0008135 seconds, Stopping threads took: 0.0000894 seconds
2017-06-02T18:06:27.659-0100: 106567.458: Total time for which application threads were stopped: 0.0001218 seconds, Stopping threads took: 0.0000097 seconds
2017-06-02T18:06:27.659-0100: 106567.458: Total time for which application threads were stopped: 0.0000962 seconds, Stopping threads took: 0.0000078 seconds
2017-06-02T18:06:27.660-0100: 106567.459: Total time for which application threads were stopped: 0.0001932 seconds, Stopping threads took: 0.0000067 seconds
2017-06-02T18:06:27.660-0100: 106567.459: Total time for which application threads were stopped: 0.0001330 seconds, Stopping threads took: 0.0000088 seconds
2017-06-02T18:06:27.660-0100: 106567.459: Total time for which application threads were stopped: 0.0001008 seconds, Stopping threads took: 0.0000088 seconds
2017-06-02T18:06:27.661-0100: 106567.460: Total time for which application threads were stopped: 0.0001468 seconds, Stopping threads took: 0.0000110 seconds
2017-06-02T18:06:27.661-0100: 106567.460: Total time for which application threads were stopped: 0.0001235 seconds, Stopping threads took: 0.0000114 seconds
2017-06-02T18:06:27.670-0100: 106567.470: Total time for which application threads were stopped: 0.0001942 seconds, Stopping threads took: 0.0000244 seconds
2017-06-02T18:06:27.671-0100: 106567.470: Total time for which application threads were stopped: 0.0001797 seconds, Stopping threads took: 0.0000180 seconds
2017-06-02T18:06:27.681-0100: 106567.480: Total time for which application threads were stopped: 0.0001231 seconds, Stopping threads took: 0.0000246 seconds
2017-06-02T18:06:27.681-0100: 106567.480: Total time for which application threads were stopped: 0.0000932 seconds, Stopping threads took: 0.0000146 seconds
2017-06-02T18:06:28.732-0100: 106568.531: Total time for which application threads were stopped: 0.0001761 seconds, Stopping threads took: 0.0000206 seconds
2017-06-02T18:06:28.732-0100: 106568.532: Total time for which application threads were stopped: 0.0001136 seconds, Stopping threads took: 0.0000121 seconds
2017-06-02T18:06:28.742-0100: 106568.541: Total time for which application threads were stopped: 0.0002305 seconds, Stopping threads took: 0.0000246 seconds
2017-06-02T18:06:28.743-0100: 106568.542: Total time for which application threads were stopped: 0.0001663 seconds, Stopping threads took: 0.0000131 seconds
2017-06-02T18:06:28.743-0100: 106568.542: Total time for which application threads were stopped: 0.0001387 seconds, Stopping threads took: 0.0000109 seconds
2017-06-02T18:06:46.695-0100: 106586.493: Total time for which application threads were stopped: 0.0001005 seconds, Stopping threads took: 0.0000160 seconds
2017-06-02T18:06:46.695-0100: 106586.494: Total time for which application threads were stopped: 0.0000966 seconds, Stopping threads took: 0.0000121 seconds
2017-06-02T18:06:46.695-0100: 106586.494: Total time for which application threads were stopped: 0.0000600 seconds, Stopping threads took: 0.0000083 seconds
2017-06-02T18:06:46.696-0100: 106586.495: Total time for which application threads were stopped: 0.0000829 seconds, Stopping threads took: 0.0000096 seconds
2017-06-02T18:06:46.696-0100: 106586.495: Total time for which application threads were stopped: 0.0000614 seconds, Stopping threads took: 0.0000076 seconds
2017-06-02T18:06:46.696-0100: 106586.495: Total time for which application threads were stopped: 0.0000815 seconds, Stopping threads took: 0.0000086 seconds
2017-06-02T18:06:46.696-0100: 106586.495: Total time for which application threads were stopped: 0.0000641 seconds, Stopping threads took: 0.0000072 seconds
2017-06-02T18:06:46.696-0100: 106586.495: Total time for which application threads were stopped: 0.0000743 seconds, Stopping threads took: 0.0000086 seconds
2017-06-02T18:06:46.697-0100: 106586.495: Total time for which application threads were stopped: 0.0000651 seconds, Stopping threads took: 0.0000073 seconds
2017-06-02T18:06:46.697-0100: 106586.495: Total time for which application threads were stopped: 0.0000616 seconds, Stopping threads took: 0.0000070 seconds
2017-06-02T18:06:46.697-0100: 106586.496: Total time for which application threads were stopped: 0.0000516 seconds, Stopping threads took: 0.0000064 seconds
2017-06-02T18:06:47.697-0100: 106587.496: Total time for which application threads were stopped: 0.0000982 seconds, Stopping threads took: 0.0000191 seconds
2017-06-02T18:06:47.717-0100: 106587.516: Total time for which application threads were stopped: 0.0000869 seconds, Stopping threads took: 0.0000167 seconds
2017-06-02T18:06:47.718-0100: 106587.517: Total time for which application threads were stopped: 0.0000956 seconds, Stopping threads took: 0.0000297 seconds
2017-06-02T18:06:47.719-0100: 106587.517: Total time for which application threads were stopped: 0.0000763 seconds, Stopping threads took: 0.0000265 seconds
2017-06-02T18:06:47.719-0100: 106587.518: Total time for which application threads were stopped: 0.0000754 seconds, Stopping threads took: 0.0000248 seconds
2017-06-02T18:06:47.719-0100: 106587.518: Total time for which application threads were stopped: 0.0000578 seconds, Stopping threads took: 0.0000171 seconds
2017-06-02T18:06:47.719-0100: 106587.518: Total time for which application threads were stopped: 0.0000542 seconds, Stopping threads took: 0.0000167 seconds
2017-06-02T18:06:47.719-0100: 106587.518: Total time for which application threads were stopped: 0.0000427 seconds, Stopping threads took: 0.0000068 seconds
2017-06-02T18:06:48.719-0100: 106588.518: Total time for which application threads were stopped: 0.0000828 seconds, Stopping threads took: 0.0000196 seconds
2017-06-02T18:07:01.715-0100: 106601.514: Total time for which application threads were stopped: 0.0000866 seconds, Stopping threads took: 0.0000170 seconds
2017-06-02T18:07:01.721-0100: 106601.520: Total time for which application threads were stopped: 0.0000782 seconds, Stopping threads took: 0.0000090 seconds
2017-06-02T18:07:01.728-0100: 106601.527: Total time for which application threads were stopped: 0.0001230 seconds, Stopping threads took: 0.0000197 seconds
2017-06-02T18:07:01.729-0100: 106601.527: Total time for which application threads were stopped: 0.0000651 seconds, Stopping threads took: 0.0000104 seconds
2017-06-02T18:07:01.729-0100: 106601.527: Total time for which application threads were stopped: 0.0000544 seconds, Stopping threads took: 0.0000068 seconds
2017-06-02T18:07:01.729-0100: 106601.528: Total time for which application threads were stopped: 0.0000493 seconds, Stopping threads took: 0.0000072 seconds
2017-06-02T18:07:16.643-0100: 106616.442: Total time for which application threads were stopped: 0.0001147 seconds, Stopping threads took: 0.0000141 seconds
{Heap before GC invocations=269 (full 2):
 par new generation   total 109248K, used 93453K [0x00000007a0000000, 0x00000007a8000000, 0x00000007a8000000)
  eden space 87424K,  99% used [0x00000007a0000000, 0x00000007a555e970, 0x00000007a5560000)
  from space 21824K,  27% used [0x00000007a6ab0000, 0x00000007a7094c30, 0x00000007a8000000)
  to   space 21824K,   0% used [0x00000007a5560000, 0x00000007a5560000, 0x00000007a6ab0000)
 concurrent mark-sweep generation total 393216K, used 163460K [0x00000007a8000000, 0x00000007c0000000, 0x00000007c0000000)
 Metaspace       used 39696K, capacity 40688K, committed 41028K, reserved 1085440K
  class space    used 4325K, capacity 4572K, committed 4708K, reserved 1048576K
2017-06-02T18:07:16.723-0100: 106616.521: [GC (Allocation Failure) 2017-06-02T18:07:16.723-0100: 106616.521: [ParNew
Desired survivor size 20112992 bytes, new threshold 8 (max 8)
- age   1:    2308992 bytes,    2308992 total
- age   2:     779752 bytes,    3088744 total
- age   3:     231536 bytes,    3320280 total
- age   4:     913592 bytes,    4233872 total
- age   5:     877224 bytes,    5111096 total
- age   6:     186592 bytes,    5297688 total
- age   7:     162984 bytes,    5460672 total
- age   8:     130512 bytes,    5591184 total
: 93453K->6178K(109248K), 0.0043387 secs] 256913K->169757K(502464K), 0.0043911 secs] [Times: user=0.01 sys=0.00, real=0.00 secs] 
Heap after GC invocations=270 (full 2):
 par new generation   total 109248K, used 6178K [0x00000007a0000000, 0x00000007a8000000, 0x00000007a8000000)
  eden space 87424K,   0% used [0x00000007a0000000, 0x00000007a0000000, 0x00000007a5560000)
  from space 21824K,  28% used [0x00000007a5560000, 0x00000007a5b68a98, 0x00000007a6ab0000)
  to   space 21824K,   0% used [0x00000007a6ab0000, 0x00000007a6ab0000, 0x00000007a8000000)
 concurrent mark-sweep generation total 393216K, used 163579K [0x00000007a8000000, 0x00000007c0000000, 0x00000007c0000000)
 Metaspace       used 39696K, capacity 40688K, committed 41028K, reserved 1085440K
  class space    used 4325K, capacity 4572K, committed 4708K, reserved 1048576K
}
2017-06-02T18:07:16.727-0100: 106616.526: Total time for which application threads were stopped: 0.0045884 seconds, Stopping threads took: 0.0000181 seconds
2017-06-02T18:07:16.727-0100: 106616.526: Total time for which application threads were stopped: 0.0001579 seconds, Stopping threads took: 0.0000729 seconds
{Heap before GC invocations=270 (full 2):
 par new generation   total 109248K, used 93602K [0x00000007a0000000, 0x00000007a8000000, 0x00000007a8000000)
  eden space 87424K, 100% used [0x00000007a0000000, 0x00000007a5560000, 0x00000007a5560000)
  from space 21824K,  28% used [0x00000007a5560000, 0x00000007a5b68a98, 0x00000007a6ab0000)
  to   space 21824K,   0% used [0x00000007a6ab0000, 0x00000007a6ab0000, 0x00000007a8000000)
 concurrent mark-sweep generation total 393216K, used 163579K [0x00000007a8000000, 0x00000007c0000000, 0x00000007c0000000)
 Metaspace       used 39696K, capacity 40688K, committed 41028K, reserved 1085440K
  class space    used 4325K, capacity 4572K, committed 4708K, reserved 1048576K
2017-06-02T18:07:16.875-0100: 106616.674: [GC (Allocation Failure) 2017-06-02T18:07:16.875-0100: 106616.674: [ParNew
Desired survivor size 20112992 bytes, new threshold 8 (max 8)
- age   1:    2562616 bytes,    2562616 total
- age   2:    1604792 bytes,    4167408 total
- age   3:     769536 bytes,    4936944 total
- age   4:     231536 bytes,    5168480 total
- age   5:     605728 bytes,    5774208 total
- age   6:     396792 bytes,    6171000 total
- age   7:     186544 bytes,    6357544 total
- age   8:     162984 bytes,    6520528 total
: 93602K->9441K(109248K), 0.0042216 secs] 257181K->173150K(502464K), 0.0042890 secs] [Times: user=0.02 sys=0.00, real=0.00 secs] 
Heap after GC invocations=271 (full 2):
 par new generation   total 109248K, used 9441K [0x00000007a0000000, 0x00000007a8000000, 0x00000007a8000000)
  eden space 87424K,   0% used [0x00000007a0000000, 0x00000007a0000000, 0x00000007a5560000)
  from space 21824K,  43% used [0x00000007a6ab0000, 0x00000007a73e8690, 0x00000007a8000000)
  to   space 21824K,   0% used [0x00000007a5560000, 0x00000007a5560000, 0x00000007a6ab0000)
 concurrent mark-sweep generation total 393216K, used 163708K [0x00000007a8000000, 0x00000007c0000000, 0x00000007c0000000)
 Metaspace       used 39696K, capacity 40688K, committed 41028K, reserved 1085440K
  class space    used 4325K, capacity 4572K, committed 4708K, reserved 1048576K
}
2017-06-02T18:07:16.880-0100: 106616.678: Total time for which application threads were stopped: 0.0044748 seconds, Stopping threads took: 0.0000188 seconds
{Heap before GC invocations=271 (full 2):
 par new generation   total 109248K, used 96865K [0x00000007a0000000, 0x00000007a8000000, 0x00000007a8000000)
  eden space 87424K, 100% used [0x00000007a0000000, 0x00000007a5560000, 0x00000007a5560000)
  from space 21824K,  43% used [0x00000007a6ab0000, 0x00000007a73e8690, 0x00000007a8000000)
  to   space 21824K,   0% used [0x00000007a5560000, 0x00000007a5560000, 0x00000007a6ab0000)
 concurrent mark-sweep generation total 393216K, used 163708K [0x00000007a8000000, 0x00000007c0000000, 0x00000007c0000000)
 Metaspace       used 39697K, capacity 40688K, committed 41028K, reserved 1085440K
  class space    used 4325K, capacity 4572K, committed 4708K, reserved 1048576K
2017-06-02T18:07:17.022-0100: 106616.821: [GC (Allocation Failure) 2017-06-02T18:07:17.022-0100: 106616.821: [ParNew
Desired survivor size 20112992 bytes, new threshold 8 (max 8)
- age   1:    2733992 bytes,    2733992 total
- age   2:    1375112 bytes,    4109104 total
- age   3:    1604704 bytes,    5713808 total
- age   4:     769536 bytes,    6483344 total
- age   5:     231536 bytes,    6714880 total
- age   6:     605728 bytes,    7320608 total
- age   7:     396792 bytes,    7717400 total
- age   8:     186544 bytes,    7903944 total
: 96865K->9636K(109248K), 0.0045667 secs] 260574K->173505K(502464K), 0.0046238 secs] [Times: user=0.02 sys=0.00, real=0.00 secs] 
Heap after GC invocations=272 (full 2):
 par new generation   total 109248K, used 9636K [0x00000007a0000000, 0x00000007a8000000, 0x00000007a8000000)
  eden space 87424K,   0% used [0x00000007a0000000, 0x00000007a0000000, 0x00000007a5560000)
  from space 21824K,  44% used [0x00000007a5560000, 0x00000007a5ec9108, 0x00000007a6ab0000)
  to   space 21824K,   0% used [0x00000007a6ab0000, 0x00000007a6ab0000, 0x00000007a8000000)
 concurrent mark-sweep generation total 393216K, used 163869K [0x00000007a8000000, 0x00000007c0000000, 0x00000007c0000000)
 Metaspace       used 39697K, capacity 40688K, committed 41028K, reserved 1085440K
  class space    used 4325K, capacity 4572K, committed 4708K, reserved 1048576K
}
2017-06-02T18:07:17.027-0100: 106616.825: Total time for which application threads were stopped: 0.0047979 seconds, Stopping threads took: 0.0000180 seconds
{Heap before GC invocations=272 (full 2):
 par new generation   total 109248K, used 97060K [0x00000007a0000000, 0x00000007a8000000, 0x00000007a8000000)
  eden space 87424K, 100% used [0x00000007a0000000, 0x00000007a5560000, 0x00000007a5560000)
  from space 21824K,  44% used [0x00000007a5560000, 0x00000007a5ec9108, 0x00000007a6ab0000)
  to   space 21824K,   0% used [0x00000007a6ab0000, 0x00000007a6ab0000, 0x00000007a8000000)
 concurrent mark-sweep generation total 393216K, used 163869K [0x00000007a8000000, 0x00000007c0000000, 0x00000007c0000000)
 Metaspace       used 39697K, capacity 40688K, committed 41028K, reserved 1085440K
  class space    used 4325K, capacity 4572K, committed 4708K, reserved 1048576K
2017-06-02T18:07:17.175-0100: 106616.973: [GC (Allocation Failure) 2017-06-02T18:07:17.175-0100: 106616.973: [ParNew
Desired survivor size 20112992 bytes, new threshold 8 (max 8)
- age   1:    3383008 bytes,    3383008 total
- age   2:    1272504 bytes,    4655512 total
- age   3:    1080136 bytes,    5735648 total
- age   4:    1604544 bytes,    7340192 total
- age   5:     769536 bytes,    8109728 total
- age   6:     231536 bytes,    8341264 total
- age   7:     605728 bytes,    8946992 total
- age   8:     396792 bytes,    9343784 total
: 97060K->11663K(109248K), 0.0098756 secs] 260929K->175717K(502464K), 0.0099464 secs] [Times: user=0.02 sys=0.01, real=0.01 secs] 
Heap after GC invocations=273 (full 2):
 par new generation   total 109248K, used 11663K [0x00000007a0000000, 0x00000007a8000000, 0x00000007a8000000)
  eden space 87424K,   0% used [0x00000007a0000000, 0x00000007a0000000, 0x00000007a5560000)
  from space 21824K,  53% used [0x00000007a6ab0000, 0x00000007a7613f70, 0x00000007a8000000)
  to   space 21824K,   0% used [0x00000007a5560000, 0x00000007a5560000, 0x00000007a6ab0000)
 concurrent mark-sweep generation total 393216K, used 164054K [0x00000007a8000000, 0x00000007c0000000, 0x00000007c0000000)
 Metaspace       used 39697K, capacity 40688K, committed 41028K, reserved 1085440K
  class space    used 4325K, capacity 4572K, committed 4708K, reserved 1048576K
}
2017-06-02T18:07:17.185-0100: 106616.983: Total time for which application threads were stopped: 0.0101211 seconds, Stopping threads took: 0.0000182 seconds
{Heap before GC invocations=273 (full 2):
 par new generation   total 109248K, used 99087K [0x00000007a0000000, 0x00000007a8000000, 0x00000007a8000000)
  eden space 87424K, 100% used [0x00000007a0000000, 0x00000007a5560000, 0x00000007a5560000)
  from space 21824K,  53% used [0x00000007a6ab0000, 0x00000007a7613f70, 0x00000007a8000000)
  to   space 21824K,   0% used [0x00000007a5560000, 0x00000007a5560000, 0x00000007a6ab0000)
 concurrent mark-sweep generation total 393216K, used 164054K [0x00000007a8000000, 0x00000007c0000000, 0x00000007c0000000)
 Metaspace       used 39697K, capacity 40688K, committed 41028K, reserved 1085440K
  class space    used 4325K, capacity 4572K, committed 4708K, reserved 1048576K
2017-06-02T18:07:17.326-0100: 106617.124: [GC (Allocation Failure) 2017-06-02T18:07:17.326-0100: 106617.124: [ParNew
Desired survivor size 20112992 bytes, new threshold 8 (max 8)
- age   1:    3154624 bytes,    3154624 total
- age   2:    1590336 bytes,    4744960 total
- age   3:    1206184 bytes,    5951144 total
- age   4:    1080136 bytes,    7031280 total
- age   5:    1604544 bytes,    8635824 total
- age   6:     769536 bytes,    9405360 total
- age   7:     231536 bytes,    9636896 total
- age   8:     605728 bytes,   10242624 total
: 99087K->14892K(109248K), 0.0048964 secs] 263141K->179336K(502464K), 0.0049772 secs] [Times: user=0.01 sys=0.00, real=0.01 secs] 
Heap after GC invocations=274 (full 2):
 par new generation   total 109248K, used 14892K [0x00000007a0000000, 0x00000007a8000000, 0x00000007a8000000)
  eden space 87424K,   0% used [0x00000007a0000000, 0x00000007a0000000, 0x00000007a5560000)
  from space 21824K,  68% used [0x00000007a5560000, 0x00000007a63eb120, 0x00000007a6ab0000)
  to   space 21824K,   0% used [0x00000007a6ab0000, 0x00000007a6ab0000, 0x00000007a8000000)
 concurrent mark-sweep generation total 393216K, used 164444K [0x00000007a8000000, 0x00000007c0000000, 0x00000007c0000000)
 Metaspace       used 39697K, capacity 40688K, committed 41028K, reserved 1085440K
  class space    used 4325K, capacity 4572K, committed 4708K, reserved 1048576K
}
2017-06-02T18:07:17.331-0100: 106617.129: Total time for which application threads were stopped: 0.0051662 seconds, Stopping threads took: 0.0000201 seconds
{Heap before GC invocations=274 (full 2):
 par new generation   total 109248K, used 102316K [0x00000007a0000000, 0x00000007a8000000, 0x00000007a8000000)
  eden space 87424K, 100% used [0x00000007a0000000, 0x00000007a5560000, 0x00000007a5560000)
  from space 21824K,  68% used [0x00000007a5560000, 0x00000007a63eb120, 0x00000007a6ab0000)
  to   space 21824K,   0% used [0x00000007a6ab0000, 0x00000007a6ab0000, 0x00000007a8000000)
 concurrent mark-sweep generation total 393216K, used 164444K [0x00000007a8000000, 0x00000007c0000000, 0x00000007c0000000)
 Metaspace       used 39697K, capacity 40688K, committed 41028K, reserved 1085440K
  class space    used 4325K, capacity 4572K, committed 4708K, reserved 1048576K
2017-06-02T18:07:17.480-0100: 106617.278: [GC (Allocation Failure) 2017-06-02T18:07:17.480-0100: 106617.278: [ParNew
Desired survivor size 20112992 bytes, new threshold 8 (max 8)
- age   1:    3970264 bytes,    3970264 total
- age   2:    1004552 bytes,    4974816 total
- age   3:    1389560 bytes,    6364376 total
- age   4:    1156984 bytes,    7521360 total
- age   5:    1080136 bytes,    8601496 total
- age   6:    1604544 bytes,   10206040 total
- age   7:     769536 bytes,   10975576 total
- age   8:     231536 bytes,   11207112 total
: 102316K->13482K(109248K), 0.0049700 secs] 266760K->178520K(502464K), 0.0050374 secs] [Times: user=0.02 sys=0.00, real=0.00 secs] 
Heap after GC invocations=275 (full 2):
 par new generation   total 109248K, used 13482K [0x00000007a0000000, 0x00000007a8000000, 0x00000007a8000000)
  eden space 87424K,   0% used [0x00000007a0000000, 0x00000007a0000000, 0x00000007a5560000)
  from space 21824K,  61% used [0x00000007a6ab0000, 0x00000007a77daa00, 0x00000007a8000000)
  to   space 21824K,   0% used [0x00000007a5560000, 0x00000007a5560000, 0x00000007a6ab0000)
 concurrent mark-sweep generation total 393216K, used 165038K [0x00000007a8000000, 0x00000007c0000000, 0x00000007c0000000)
 Metaspace       used 39697K, capacity 40688K, committed 41028K, reserved 1085440K
  class space    used 4325K, capacity 4572K, committed 4708K, reserved 1048576K
}
2017-06-02T18:07:17.485-0100: 106617.283: Total time for which application threads were stopped: 0.0052267 seconds, Stopping threads took: 0.0000178 seconds
{Heap before GC invocations=275 (full 2):
 par new generation   total 109248K, used 100906K [0x00000007a0000000, 0x00000007a8000000, 0x00000007a8000000)
  eden space 87424K, 100% used [0x00000007a0000000, 0x00000007a5560000, 0x00000007a5560000)
  from space 21824K,  61% used [0x00000007a6ab0000, 0x00000007a77daa00, 0x00000007a8000000)
  to   space 21824K,   0% used [0x00000007a5560000, 0x00000007a5560000, 0x00000007a6ab0000)
 concurrent mark-sweep generation total 393216K, used 165038K [0x00000007a8000000, 0x00000007c0000000, 0x00000007c0000000)
 Metaspace       used 39697K, capacity 40688K, committed 41028K, reserved 1085440K
  class space    used 4325K, capacity 4572K, committed 4708K, reserved 1048576K
2017-06-02T18:07:17.635-0100: 106617.433: [GC (Allocation Failure) 2017-06-02T18:07:17.635-0100: 106617.433: [ParNew
Desired survivor size 20112992 bytes, new threshold 8 (max 8)
- age   1:    4309352 bytes,    4309352 total
- age   2:    1406008 bytes,    5715360 total
- age   3:    1002336 bytes,    6717696 total
- age   4:    1258472 bytes,    7976168 total
- age   5:     993096 bytes,    8969264 total
- age   6:    1080136 bytes,   10049400 total
- age   7:    1604544 bytes,   11653944 total
- age   8:     769536 bytes,   12423480 total
: 100906K->14440K(109248K), 0.0047743 secs] 265944K->179706K(502464K), 0.0048406 secs] [Times: user=0.01 sys=0.00, real=0.01 secs] 
Heap after GC invocations=276 (full 2):
 par new generation   total 109248K, used 14440K [0x00000007a0000000, 0x00000007a8000000, 0x00000007a8000000)
  eden space 87424K,   0% used [0x00000007a0000000, 0x00000007a0000000, 0x00000007a5560000)
  from space 21824K,  66% used [0x00000007a5560000, 0x00000007a637a1c0, 0x00000007a6ab0000)
  to   space 21824K,   0% used [0x00000007a6ab0000, 0x00000007a6ab0000, 0x00000007a8000000)
 concurrent mark-sweep generation total 393216K, used 165265K [0x00000007a8000000, 0x00000007c0000000, 0x00000007c0000000)
 Metaspace       used 39697K, capacity 40688K, committed 41028K, reserved 1085440K
  class space    used 4325K, capacity 4572K, committed 4708K, reserved 1048576K
}
2017-06-02T18:07:17.640-0100: 106617.438: Total time for which application threads were stopped: 0.0050268 seconds, Stopping threads took: 0.0000189 seconds
{Heap before GC invocations=276 (full 2):
 par new generation   total 109248K, used 101864K [0x00000007a0000000, 0x00000007a8000000, 0x00000007a8000000)
  eden space 87424K, 100% used [0x00000007a0000000, 0x00000007a5560000, 0x00000007a5560000)
  from space 21824K,  66% used [0x00000007a5560000, 0x00000007a637a1c0, 0x00000007a6ab0000)
  to   space 21824K,   0% used [0x00000007a6ab0000, 0x00000007a6ab0000, 0x00000007a8000000)
 concurrent mark-sweep generation total 393216K, used 165265K [0x00000007a8000000, 0x00000007c0000000, 0x00000007c0000000)
 Metaspace       used 39698K, capacity 40688K, committed 41028K, reserved 1085440K
  class space    used 4325K, capacity 4572K, committed 4708K, reserved 1048576K
2017-06-02T18:07:17.783-0100: 106617.582: [GC (Allocation Failure) 2017-06-02T18:07:17.783-0100: 106617.582: [ParNew
Desired survivor size 20112992 bytes, new threshold 8 (max 8)
- age   1:    4506992 bytes,    4506992 total
- age   2:    1676936 bytes,    6183928 total
- age   3:    1288912 bytes,    7472840 total
- age   4:    1002232 bytes,    8475072 total
- age   5:     996312 bytes,    9471384 total
- age   6:     993096 bytes,   10464480 total
- age   7:    1080136 bytes,   11544616 total
- age   8:    1604360 bytes,   13148976 total
: 101864K->19724K(109248K), 0.0051939 secs] 267130K->185746K(502464K), 0.0052572 secs] [Times: user=0.02 sys=0.00, real=0.00 secs] 
Heap after GC invocations=277 (full 2):
 par new generation   total 109248K, used 19724K [0x00000007a0000000, 0x00000007a8000000, 0x00000007a8000000)
  eden space 87424K,   0% used [0x00000007a0000000, 0x00000007a0000000, 0x00000007a5560000)
  from space 21824K,  90% used [0x00000007a6ab0000, 0x00000007a7df3330, 0x00000007a8000000)
  to   space 21824K,   0% used [0x00000007a5560000, 0x00000007a5560000, 0x00000007a6ab0000)
 concurrent mark-sweep generation total 393216K, used 166021K [0x00000007a8000000, 0x00000007c0000000, 0x00000007c0000000)
 Metaspace       used 39698K, capacity 40688K, committed 41028K, reserved 1085440K
  class space    used 4325K, capacity 4572K, committed 4708K, reserved 1048576K
}
2017-06-02T18:07:17.788-0100: 106617.587: Total time for which application threads were stopped: 0.0054333 seconds, Stopping threads took: 0.0000171 seconds
{Heap before GC invocations=277 (full 2):
 par new generation   total 109248K, used 107148K [0x00000007a0000000, 0x00000007a8000000, 0x00000007a8000000)
  eden space 87424K, 100% used [0x00000007a0000000, 0x00000007a5560000, 0x00000007a5560000)
  from space 21824K,  90% used [0x00000007a6ab0000, 0x00000007a7df3330, 0x00000007a8000000)
  to   space 21824K,   0% used [0x00000007a5560000, 0x00000007a5560000, 0x00000007a6ab0000)
 concurrent mark-sweep generation total 393216K, used 166021K [0x00000007a8000000, 0x00000007c0000000, 0x00000007c0000000)
 Metaspace       used 39698K, capacity 40688K, committed 41028K, reserved 1085440K
  class space    used 4325K, capacity 4572K, committed 4708K, reserved 1048576K
2017-06-02T18:07:17.936-0100: 106617.735: [GC (Allocation Failure) 2017-06-02T18:07:17.936-0100: 106617.735: [ParNew
Desired survivor size 20112992 bytes, new threshold 8 (max 8)
- age   1:    4586472 bytes,    4586472 total
- age   2:    1491832 bytes,    6078304 total
- age   3:    1454456 bytes,    7532760 total
- age   4:    1287432 bytes,    8820192 total
- age   5:    1002232 bytes,    9822424 total
- age   6:     930568 bytes,   10752992 total
- age   7:     993096 bytes,   11746088 total
- age   8:    1080040 bytes,   12826128 total
: 107148K->16227K(109248K), 0.0051209 secs] 273170K->183829K(502464K), 0.0051847 secs] [Times: user=0.02 sys=0.00, real=0.01 secs] 
Heap after GC invocations=278 (full 2):
 par new generation   total 109248K, used 16227K [0x00000007a0000000, 0x00000007a8000000, 0x00000007a8000000)
  eden space 87424K,   0% used [0x00000007a0000000, 0x00000007a0000000, 0x00000007a5560000)
  from space 21824K,  74% used [0x00000007a5560000, 0x00000007a6538f40, 0x00000007a6ab0000)
  to   space 21824K,   0% used [0x00000007a6ab0000, 0x00000007a6ab0000, 0x00000007a8000000)
 concurrent mark-sweep generation total 393216K, used 167601K [0x00000007a8000000, 0x00000007c0000000, 0x00000007c0000000)
 Metaspace       used 39698K, capacity 40688K, committed 41028K, reserved 1085440K
  class space    used 4325K, capacity 4572K, committed 4708K, reserved 1048576K
}
2017-06-02T18:07:17.942-0100: 106617.740: Total time for which application threads were stopped: 0.0053510 seconds, Stopping threads took: 0.0000176 seconds
{Heap before GC invocations=278 (full 2):
 par new generation   total 109248K, used 103651K [0x00000007a0000000, 0x00000007a8000000, 0x00000007a8000000)
  eden space 87424K, 100% used [0x00000007a0000000, 0x00000007a5560000, 0x00000007a5560000)
  from space 21824K,  74% used [0x00000007a5560000, 0x00000007a6538f40, 0x00000007a6ab0000)
  to   space 21824K,   0% used [0x00000007a6ab0000, 0x00000007a6ab0000, 0x00000007a8000000)
 concurrent mark-sweep generation total 393216K, used 167601K [0x00000007a8000000, 0x00000007c0000000, 0x00000007c0000000)
 Metaspace       used 39698K, capacity 40688K, committed 41028K, reserved 1085440K
  class space    used 4325K, capacity 4572K, committed 4708K, reserved 1048576K
2017-06-02T18:07:18.099-0100: 106617.897: [GC (Allocation Failure) 2017-06-02T18:07:18.099-0100: 106617.897: [ParNew
Desired survivor size 20112992 bytes, new threshold 8 (max 8)
- age   1:    2299376 bytes,    2299376 total
- age   2:    3613528 bytes,    5912904 total
- age   3:    1493776 bytes,    7406680 total
- age   4:    1452680 bytes,    8859360 total
- age   5:    1190808 bytes,   10050168 total
- age   6:    1003696 bytes,   11053864 total
- age   7:     932152 bytes,   11986016 total
- age   8:     994608 bytes,   12980624 total
: 103651K->14462K(109248K), 0.0061582 secs] 271253K->183081K(502464K), 0.0062172 secs] [Times: user=0.01 sys=0.01, real=0.01 secs] 
Heap after GC invocations=279 (full 2):
 par new generation   total 109248K, used 14462K [0x00000007a0000000, 0x00000007a8000000, 0x00000007a8000000)
  eden space 87424K,   0% used [0x00000007a0000000, 0x00000007a0000000, 0x00000007a5560000)
  from space 21824K,  66% used [0x00000007a6ab0000, 0x00000007a78cfbd0, 0x00000007a8000000)
  to   space 21824K,   0% used [0x00000007a5560000, 0x00000007a5560000, 0x00000007a6ab0000)
 concurrent mark-sweep generation total 393216K, used 168618K [0x00000007a8000000, 0x00000007c0000000, 0x00000007c0000000)
 Metaspace       used 39698K, capacity 40688K, committed 41028K, reserved 1085440K
  class space    used 4325K, capacity 4572K, committed 4708K, reserved 1048576K
}
2017-06-02T18:07:18.105-0100: 106617.904: Total time for which application threads were stopped: 0.0064056 seconds, Stopping threads took: 0.0000175 seconds
{Heap before GC invocations=279 (full 2):
 par new generation   total 109248K, used 101886K [0x00000007a0000000, 0x00000007a8000000, 0x00000007a8000000)
  eden space 87424K, 100% used [0x00000007a0000000, 0x00000007a5560000, 0x00000007a5560000)
  from space 21824K,  66% used [0x00000007a6ab0000, 0x00000007a78cfbd0, 0x00000007a8000000)
  to   space 21824K,   0% used [0x00000007a5560000, 0x00000007a5560000, 0x00000007a6ab0000)
 concurrent mark-sweep generation total 393216K, used 168618K [0x00000007a8000000, 0x00000007c0000000, 0x00000007c0000000)
 Metaspace       used 39698K, capacity 40688K, committed 41028K, reserved 1085440K
  class space    used 4325K, capacity 4572K, committed 4708K, reserved 1048576K
2017-06-02T18:07:18.258-0100: 106618.057: [GC (Allocation Failure) 2017-06-02T18:07:18.258-0100: 106618.057: [ParNew
Desired survivor size 20112992 bytes, new threshold 8 (max 8)
- age   1:    4755016 bytes,    4755016 total
- age   2:    1614920 bytes,    6369936 total
- age   3:     990528 bytes,    7360464 total
- age   4:    1449280 bytes,    8809744 total
- age   5:    1452656 bytes,   10262400 total
- age   6:    1190328 bytes,   11452728 total
- age   7:     937640 bytes,   12390368 total
- age   8:     931768 bytes,   13322136 total
: 101886K->19653K(109248K), 0.0056075 secs] 270505K->189251K(502464K), 0.0056831 secs] [Times: user=0.01 sys=0.00, real=0.01 secs] 
Heap after GC invocations=280 (full 2):
 par new generation   total 109248K, used 19653K [0x00000007a0000000, 0x00000007a8000000, 0x00000007a8000000)
  eden space 87424K,   0% used [0x00000007a0000000, 0x00000007a0000000, 0x00000007a5560000)
  from space 21824K,  90% used [0x00000007a5560000, 0x00000007a6891440, 0x00000007a6ab0000)
  to   space 21824K,   0% used [0x00000007a6ab0000, 0x00000007a6ab0000, 0x00000007a8000000)
 concurrent mark-sweep generation total 393216K, used 169598K [0x00000007a8000000, 0x00000007c0000000, 0x00000007c0000000)
 Metaspace       used 39698K, capacity 40688K, committed 41028K, reserved 1085440K
  class space    used 4325K, capacity 4572K, committed 4708K, reserved 1048576K
}
2017-06-02T18:07:18.264-0100: 106618.062: Total time for which application threads were stopped: 0.0058820 seconds, Stopping threads took: 0.0000286 seconds
{Heap before GC invocations=280 (full 2):
 par new generation   total 109248K, used 107077K [0x00000007a0000000, 0x00000007a8000000, 0x00000007a8000000)
  eden space 87424K, 100% used [0x00000007a0000000, 0x00000007a5560000, 0x00000007a5560000)
  from space 21824K,  90% used [0x00000007a5560000, 0x00000007a6891440, 0x00000007a6ab0000)
  to   space 21824K,   0% used [0x00000007a6ab0000, 0x00000007a6ab0000, 0x00000007a8000000)
 concurrent mark-sweep generation total 393216K, used 169598K [0x00000007a8000000, 0x00000007c0000000, 0x00000007c0000000)
 Metaspace       used 39698K, capacity 40688K, committed 41028K, reserved 1085440K
  class space    used 4325K, capacity 4572K, committed 4708K, reserved 1048576K
2017-06-02T18:07:18.459-0100: 106618.257: [GC (Allocation Failure) 2017-06-02T18:07:18.459-0100: 106618.257: [ParNew
Desired survivor size 20112992 bytes, new threshold 8 (max 8)
- age   1:    3713832 bytes,    3713832 total
- age   2:    2593640 bytes,    6307472 total
- age   3:    1173104 bytes,    7480576 total
- age   4:     990336 bytes,    8470912 total
- age   5:    1448824 bytes,    9919736 total
- age   6:    1451720 bytes,   11371456 total
- age   7:    1189824 bytes,   12561280 total
- age   8:     937328 bytes,   13498608 total
: 107077K->17208K(109248K), 0.0087585 secs] 276675K->187726K(502464K), 0.0088141 secs] [Times: user=0.01 sys=0.01, real=0.01 secs] 
Heap after GC invocations=281 (full 2):
 par new generation   total 109248K, used 17208K [0x00000007a0000000, 0x00000007a8000000, 0x00000007a8000000)
  eden space 87424K,   0% used [0x00000007a0000000, 0x00000007a0000000, 0x00000007a5560000)
  from space 21824K,  78% used [0x00000007a6ab0000, 0x00000007a7b7e2c0, 0x00000007a8000000)
  to   space 21824K,   0% used [0x00000007a5560000, 0x00000007a5560000, 0x00000007a6ab0000)
 concurrent mark-sweep generation total 393216K, used 170517K [0x00000007a8000000, 0x00000007c0000000, 0x00000007c0000000)
 Metaspace       used 39698K, capacity 40688K, committed 41028K, reserved 1085440K
  class space    used 4325K, capacity 4572K, committed 4708K, reserved 1048576K
}
2017-06-02T18:07:18.467-0100: 106618.266: Total time for which application threads were stopped: 0.0089985 seconds, Stopping threads took: 0.0000182 seconds
{Heap before GC invocations=281 (full 2):
 par new generation   total 109248K, used 104632K [0x00000007a0000000, 0x00000007a8000000, 0x00000007a8000000)
  eden space 87424K, 100% used [0x00000007a0000000, 0x00000007a5560000, 0x00000007a5560000)
  from space 21824K,  78% used [0x00000007a6ab0000, 0x00000007a7b7e2c0, 0x00000007a8000000)
  to   space 21824K,   0% used [0x00000007a5560000, 0x00000007a5560000, 0x00000007a6ab0000)
 concurrent mark-sweep generation total 393216K, used 170517K [0x00000007a8000000, 0x00000007c0000000, 0x00000007c0000000)
 Metaspace       used 39698K, capacity 40688K, committed 41028K, reserved 1085440K
  class space    used 4325K, capacity 4572K, committed 4708K, reserved 1048576K
2017-06-02T18:07:18.752-0100: 106618.550: [GC (Allocation Failure) 2017-06-02T18:07:18.752-0100: 106618.551: [ParNew
Desired survivor size 20112992 bytes, new threshold 8 (max 8)
- age   1:    3443192 bytes,    3443192 total
- age   2:    3653656 bytes,    7096848 total
- age   3:    1001600 bytes,    8098448 total
- age   4:    1172480 bytes,    9270928 total
- age   5:     987472 bytes,   10258400 total
- age   6:    1359760 bytes,   11618160 total
- age   7:    1451144 bytes,   13069304 total
- age   8:     926920 bytes,   13996224 total
: 104632K->17282K(109248K), 0.0069100 secs] 275150K->188662K(502464K), 0.0069883 secs] [Times: user=0.02 sys=0.01, real=0.00 secs] 
Heap after GC invocations=282 (full 2):
 par new generation   total 109248K, used 17282K [0x00000007a0000000, 0x00000007a8000000, 0x00000007a8000000)
  eden space 87424K,   0% used [0x00000007a0000000, 0x00000007a0000000, 0x00000007a5560000)
  from space 21824K,  79% used [0x00000007a5560000, 0x00000007a6640b40, 0x00000007a6ab0000)
  to   space 21824K,   0% used [0x00000007a6ab0000, 0x00000007a6ab0000, 0x00000007a8000000)
 concurrent mark-sweep generation total 393216K, used 171379K [0x00000007a8000000, 0x00000007c0000000, 0x00000007c0000000)
 Metaspace       used 39698K, capacity 40688K, committed 41028K, reserved 1085440K
  class space    used 4325K, capacity 4572K, committed 4708K, reserved 1048576K
}
2017-06-02T18:07:18.759-0100: 106618.558: Total time for which application threads were stopped: 0.0072244 seconds, Stopping threads took: 0.0000229 seconds
{Heap before GC invocations=282 (full 2):
 par new generation   total 109248K, used 104706K [0x00000007a0000000, 0x00000007a8000000, 0x00000007a8000000)
  eden space 87424K, 100% used [0x00000007a0000000, 0x00000007a5560000, 0x00000007a5560000)
  from space 21824K,  79% used [0x00000007a5560000, 0x00000007a6640b40, 0x00000007a6ab0000)
  to   space 21824K,   0% used [0x00000007a6ab0000, 0x00000007a6ab0000, 0x00000007a8000000)
 concurrent mark-sweep generation total 393216K, used 171379K [0x00000007a8000000, 0x00000007c0000000, 0x00000007c0000000)
 Metaspace       used 39698K, capacity 40688K, committed 41028K, reserved 1085440K
  class space    used 4325K, capacity 4572K, committed 4708K, reserved 1048576K
2017-06-02T18:07:18.958-0100: 106618.757: [GC (Allocation Failure) 2017-06-02T18:07:18.958-0100: 106618.757: [ParNew
Desired survivor size 20112992 bytes, new threshold 8 (max 8)
- age   1:    5419720 bytes,    5419720 total
- age   2:    2647272 bytes,    8066992 total
- age   3:     834872 bytes,    8901864 total
- age   4:    1001600 bytes,    9903464 total
- age   5:    1167528 bytes,   11070992 total
- age   6:     987472 bytes,   12058464 total
- age   7:    1359760 bytes,   13418224 total
- age   8:    1188984 bytes,   14607208 total
: 104706K->21824K(109248K), 0.0150359 secs] 276086K->194119K(502464K), 0.0151157 secs] [Times: user=0.01 sys=0.01, real=0.02 secs] 
Heap after GC invocations=283 (full 2):
 par new generation   total 109248K, used 21824K [0x00000007a0000000, 0x00000007a8000000, 0x00000007a8000000)
  eden space 87424K,   0% used [0x00000007a0000000, 0x00000007a0000000, 0x00000007a5560000)
  from space 21824K, 100% used [0x00000007a6ab0000, 0x00000007a8000000, 0x00000007a8000000)
  to   space 21824K,   0% used [0x00000007a5560000, 0x00000007a5560000, 0x00000007a6ab0000)
 concurrent mark-sweep generation total 393216K, used 172295K [0x00000007a8000000, 0x00000007c0000000, 0x00000007c0000000)
 Metaspace       used 39698K, capacity 40688K, committed 41028K, reserved 1085440K
  class space    used 4325K, capacity 4572K, committed 4708K, reserved 1048576K
}
2017-06-02T18:07:18.974-0100: 106618.772: Total time for which application threads were stopped: 0.0153385 seconds, Stopping threads took: 0.0000182 seconds
{Heap before GC invocations=283 (full 2):
 par new generation   total 109248K, used 109248K [0x00000007a0000000, 0x00000007a8000000, 0x00000007a8000000)
  eden space 87424K, 100% used [0x00000007a0000000, 0x00000007a5560000, 0x00000007a5560000)
  from space 21824K, 100% used [0x00000007a6ab0000, 0x00000007a8000000, 0x00000007a8000000)
  to   space 21824K,   0% used [0x00000007a5560000, 0x00000007a5560000, 0x00000007a6ab0000)
 concurrent mark-sweep generation total 393216K, used 172295K [0x00000007a8000000, 0x00000007c0000000, 0x00000007c0000000)
 Metaspace       used 39698K, capacity 40688K, committed 41028K, reserved 1085440K
  class space    used 4325K, capacity 4572K, committed 4708K, reserved 1048576K
2017-06-02T18:07:19.166-0100: 106618.964: [GC (Allocation Failure) 2017-06-02T18:07:19.166-0100: 106618.964: [ParNew
Desired survivor size 20112992 bytes, new threshold 8 (max 8)
- age   1:    1507952 bytes,    1507952 total
- age   2:    5141936 bytes,    6649888 total
- age   3:    2646496 bytes,    9296384 total
- age   4:     834872 bytes,   10131256 total
- age   5:    1001600 bytes,   11132856 total
- age   6:    1167528 bytes,   12300384 total
- age   7:     987472 bytes,   13287856 total
- age   8:    1359760 bytes,   14647616 total
: 109248K->18065K(109248K), 0.0063066 secs] 281543K->191532K(502464K), 0.0063654 secs] [Times: user=0.02 sys=0.00, real=0.01 secs] 
Heap after GC invocations=284 (full 2):
 par new generation   total 109248K, used 18065K [0x00000007a0000000, 0x00000007a8000000, 0x00000007a8000000)
  eden space 87424K,   0% used [0x00000007a0000000, 0x00000007a0000000, 0x00000007a5560000)
  from space 21824K,  82% used [0x00000007a5560000, 0x00000007a6704688, 0x00000007a6ab0000)
  to   space 21824K,   0% used [0x00000007a6ab0000, 0x00000007a6ab0000, 0x00000007a8000000)
 concurrent mark-sweep generation total 393216K, used 173466K [0x00000007a8000000, 0x00000007c0000000, 0x00000007c0000000)
 Metaspace       used 39698K, capacity 40688K, committed 41028K, reserved 1085440K
  class space    used 4325K, capacity 4572K, committed 4708K, reserved 1048576K
}
2017-06-02T18:07:19.172-0100: 106618.971: Total time for which application threads were stopped: 0.0066030 seconds, Stopping threads took: 0.0000175 seconds
{Heap before GC invocations=284 (full 2):
 par new generation   total 109248K, used 105489K [0x00000007a0000000, 0x00000007a8000000, 0x00000007a8000000)
  eden space 87424K, 100% used [0x00000007a0000000, 0x00000007a5560000, 0x00000007a5560000)
  from space 21824K,  82% used [0x00000007a5560000, 0x00000007a6704688, 0x00000007a6ab0000)
  to   space 21824K,   0% used [0x00000007a6ab0000, 0x00000007a6ab0000, 0x00000007a8000000)
 concurrent mark-sweep generation total 393216K, used 173466K [0x00000007a8000000, 0x00000007c0000000, 0x00000007c0000000)
 Metaspace       used 39698K, capacity 40688K, committed 41028K, reserved 1085440K
  class space    used 4325K, capacity 4572K, committed 4708K, reserved 1048576K
2017-06-02T18:07:19.359-0100: 106619.158: [GC (Allocation Failure) 2017-06-02T18:07:19.359-0100: 106619.158: [ParNew
Desired survivor size 20112992 bytes, new threshold 8 (max 8)
- age   1:    5367640 bytes,    5367640 total
- age   2:    1409656 bytes,    6777296 total
- age   3:    1926640 bytes,    8703936 total
- age   4:    1591888 bytes,   10295824 total
- age   5:     834872 bytes,   11130696 total
- age   6:    1001600 bytes,   12132296 total
- age   7:    1167528 bytes,   13299824 total
- age   8:     987472 bytes,   14287296 total
: 105489K->20218K(109248K), 0.0054226 secs] 278956K->195023K(502464K), 0.0054883 secs] [Times: user=0.01 sys=0.01, real=0.01 secs] 
Heap after GC invocations=285 (full 2):
 par new generation   total 109248K, used 20218K [0x00000007a0000000, 0x00000007a8000000, 0x00000007a8000000)
  eden space 87424K,   0% used [0x00000007a0000000, 0x00000007a0000000, 0x00000007a5560000)
  from space 21824K,  92% used [0x00000007a6ab0000, 0x00000007a7e6ea48, 0x00000007a8000000)
  to   space 21824K,   0% used [0x00000007a5560000, 0x00000007a5560000, 0x00000007a6ab0000)
 concurrent mark-sweep generation total 393216K, used 174805K [0x00000007a8000000, 0x00000007c0000000, 0x00000007c0000000)
 Metaspace       used 39698K, capacity 40688K, committed 41028K, reserved 1085440K
  class space    used 4325K, capacity 4572K, committed 4708K, reserved 1048576K
}
2017-06-02T18:07:19.365-0100: 106619.163: Total time for which application threads were stopped: 0.0057099 seconds, Stopping threads took: 0.0000222 seconds
{Heap before GC invocations=285 (full 2):
 par new generation   total 109248K, used 107642K [0x00000007a0000000, 0x00000007a8000000, 0x00000007a8000000)
  eden space 87424K, 100% used [0x00000007a0000000, 0x00000007a5560000, 0x00000007a5560000)
  from space 21824K,  92% used [0x00000007a6ab0000, 0x00000007a7e6ea48, 0x00000007a8000000)
  to   space 21824K,   0% used [0x00000007a5560000, 0x00000007a5560000, 0x00000007a6ab0000)
 concurrent mark-sweep generation total 393216K, used 174805K [0x00000007a8000000, 0x00000007c0000000, 0x00000007c0000000)
 Metaspace       used 39698K, capacity 40688K, committed 41028K, reserved 1085440K
  class space    used 4325K, capacity 4572K, committed 4708K, reserved 1048576K
2017-06-02T18:07:19.563-0100: 106619.361: [GC (Allocation Failure) 2017-06-02T18:07:19.563-0100: 106619.361: [ParNew
Desired survivor size 20112992 bytes, new threshold 8 (max 8)
- age   1:    1858712 bytes,    1858712 total
- age   2:    5308984 bytes,    7167696 total
- age   3:    1154256 bytes,    8321952 total
- age   4:    1369192 bytes,    9691144 total
- age   5:    1591888 bytes,   11283032 total
- age   6:     834872 bytes,   12117904 total
- age   7:    1001600 bytes,   13119504 total
- age   8:    1167528 bytes,   14287032 total
: 107642K->19822K(109248K), 0.0062591 secs] 282447K->195602K(502464K), 0.0063177 secs] [Times: user=0.02 sys=0.00, real=0.00 secs] 
Heap after GC invocations=286 (full 2):
 par new generation   total 109248K, used 19822K [0x00000007a0000000, 0x00000007a8000000, 0x00000007a8000000)
  eden space 87424K,   0% used [0x00000007a0000000, 0x00000007a0000000, 0x00000007a5560000)
  from space 21824K,  90% used [0x00000007a5560000, 0x00000007a68bbaa8, 0x00000007a6ab0000)
  to   space 21824K,   0% used [0x00000007a6ab0000, 0x00000007a6ab0000, 0x00000007a8000000)
 concurrent mark-sweep generation total 393216K, used 175780K [0x00000007a8000000, 0x00000007c0000000, 0x00000007c0000000)
 Metaspace       used 39698K, capacity 40688K, committed 41028K, reserved 1085440K
  class space    used 4325K, capacity 4572K, committed 4708K, reserved 1048576K
}
2017-06-02T18:07:19.569-0100: 106619.368: Total time for which application threads were stopped: 0.0065283 seconds, Stopping threads took: 0.0000221 seconds
{Heap before GC invocations=286 (full 2):
 par new generation   total 109248K, used 107246K [0x00000007a0000000, 0x00000007a8000000, 0x00000007a8000000)
  eden space 87424K, 100% used [0x00000007a0000000, 0x00000007a5560000, 0x00000007a5560000)
  from space 21824K,  90% used [0x00000007a5560000, 0x00000007a68bbaa8, 0x00000007a6ab0000)
  to   space 21824K,   0% used [0x00000007a6ab0000, 0x00000007a6ab0000, 0x00000007a8000000)
 concurrent mark-sweep generation total 393216K, used 175780K [0x00000007a8000000, 0x00000007c0000000, 0x00000007c0000000)
 Metaspace       used 39698K, capacity 40688K, committed 41028K, reserved 1085440K
  class space    used 4325K, capacity 4572K, committed 4708K, reserved 1048576K
2017-06-02T18:07:19.780-0100: 106619.579: [GC (Allocation Failure) 2017-06-02T18:07:19.780-0100: 106619.579: [ParNew
Desired survivor size 20112992 bytes, new threshold 8 (max 8)
- age   1:    5558688 bytes,    5558688 total
- age   2:    1774848 bytes,    7333536 total
- age   3:    2498584 bytes,    9832120 total
- age   4:     832088 bytes,   10664208 total
- age   5:    1369192 bytes,   12033400 total
- age   6:    1492680 bytes,   13526080 total
- age   7:     834872 bytes,   14360952 total
- age   8:    1001600 bytes,   15362552 total
: 107246K->17464K(109248K), 0.0156611 secs] 283026K->194395K(502464K), 0.0157307 secs] [Times: user=0.03 sys=0.01, real=0.01 secs] 
Heap after GC invocations=287 (full 2):
 par new generation   total 109248K, used 17464K [0x00000007a0000000, 0x00000007a8000000, 0x00000007a8000000)
  eden space 87424K,   0% used [0x00000007a0000000, 0x00000007a0000000, 0x00000007a5560000)
  from space 21824K,  80% used [0x00000007a6ab0000, 0x00000007a7bbe1c0, 0x00000007a8000000)
  to   space 21824K,   0% used [0x00000007a5560000, 0x00000007a5560000, 0x00000007a6ab0000)
 concurrent mark-sweep generation total 393216K, used 176931K [0x00000007a8000000, 0x00000007c0000000, 0x00000007c0000000)
 Metaspace       used 39698K, capacity 40688K, committed 41028K, reserved 1085440K
  class space    used 4325K, capacity 4572K, committed 4708K, reserved 1048576K
}
2017-06-02T18:07:19.796-0100: 106619.595: Total time for which application threads were stopped: 0.0159349 seconds, Stopping threads took: 0.0000263 seconds
{Heap before GC invocations=287 (full 2):
 par new generation   total 109248K, used 104888K [0x00000007a0000000, 0x00000007a8000000, 0x00000007a8000000)
  eden space 87424K, 100% used [0x00000007a0000000, 0x00000007a5560000, 0x00000007a5560000)
  from space 21824K,  80% used [0x00000007a6ab0000, 0x00000007a7bbe1c0, 0x00000007a8000000)
  to   space 21824K,   0% used [0x00000007a5560000, 0x00000007a5560000, 0x00000007a6ab0000)
 concurrent mark-sweep generation total 393216K, used 176931K [0x00000007a8000000, 0x00000007c0000000, 0x00000007c0000000)
 Metaspace       used 39698K, capacity 40688K, committed 41028K, reserved 1085440K
  class space    used 4325K, capacity 4572K, committed 4708K, reserved 1048576K
2017-06-02T18:07:19.969-0100: 106619.768: [GC (Allocation Failure) 2017-06-02T18:07:19.969-0100: 106619.768: [ParNew
Desired survivor size 20112992 bytes, new threshold 8 (max 8)
- age   1:    3859584 bytes,    3859584 total
- age   2:    5375512 bytes,    9235096 total
- age   3:    1368872 bytes,   10603968 total
- age   4:     790568 bytes,   11394536 total
- age   5:     733536 bytes,   12128072 total
- age   6:    1266144 bytes,   13394216 total
- age   7:    1383744 bytes,   14777960 total
- age   8:     730384 bytes,   15508344 total
: 104888K->21824K(109248K), 0.0064934 secs] 281819K->200564K(502464K), 0.0065517 secs] [Times: user=0.02 sys=0.00, real=0.01 secs] 
Heap after GC invocations=288 (full 2):
 par new generation   total 109248K, used 21824K [0x00000007a0000000, 0x00000007a8000000, 0x00000007a8000000)
  eden space 87424K,   0% used [0x00000007a0000000, 0x00000007a0000000, 0x00000007a5560000)
  from space 21824K, 100% used [0x00000007a5560000, 0x00000007a6ab0000, 0x00000007a6ab0000)
  to   space 21824K,   0% used [0x00000007a6ab0000, 0x00000007a6ab0000, 0x00000007a8000000)
 concurrent mark-sweep generation total 393216K, used 178740K [0x00000007a8000000, 0x00000007c0000000, 0x00000007c0000000)
 Metaspace       used 39698K, capacity 40688K, committed 41028K, reserved 1085440K
  class space    used 4325K, capacity 4572K, committed 4708K, reserved 1048576K
}
2017-06-02T18:07:19.976-0100: 106619.775: Total time for which application threads were stopped: 0.0067317 seconds, Stopping threads took: 0.0000174 seconds
{Heap before GC invocations=288 (full 2):
 par new generation   total 109248K, used 109248K [0x00000007a0000000, 0x00000007a8000000, 0x00000007a8000000)
  eden space 87424K, 100% used [0x00000007a0000000, 0x00000007a5560000, 0x00000007a5560000)
  from space 21824K, 100% used [0x00000007a5560000, 0x00000007a6ab0000, 0x00000007a6ab0000)
  to   space 21824K,   0% used [0x00000007a6ab0000, 0x00000007a6ab0000, 0x00000007a8000000)
 concurrent mark-sweep generation total 393216K, used 178740K [0x00000007a8000000, 0x00000007c0000000, 0x00000007c0000000)
 Metaspace       used 39698K, capacity 40688K, committed 41028K, reserved 1085440K
  class space    used 4325K, capacity 4572K, committed 4708K, reserved 1048576K
2017-06-02T18:07:20.144-0100: 106619.942: [GC (Allocation Failure) 2017-06-02T18:07:20.144-0100: 106619.942: [ParNew
Desired survivor size 20112992 bytes, new threshold 8 (max 8)
- age   1:    4018312 bytes,    4018312 total
- age   2:    3816136 bytes,    7834448 total
- age   3:    3288616 bytes,   11123064 total
- age   4:     741728 bytes,   11864792 total
- age   5:     790568 bytes,   12655360 total
- age   6:     733536 bytes,   13388896 total
- age   7:    1266144 bytes,   14655040 total
- age   8:    1383744 bytes,   16038784 total
: 109248K->20592K(109248K), 0.0059295 secs] 287988K->200055K(502464K), 0.0060105 secs] [Times: user=0.02 sys=0.00, real=0.01 secs] 
Heap after GC invocations=289 (full 2):
 par new generation   total 109248K, used 20592K [0x00000007a0000000, 0x00000007a8000000, 0x00000007a8000000)
  eden space 87424K,   0% used [0x00000007a0000000, 0x00000007a0000000, 0x00000007a5560000)
  from space 21824K,  94% used [0x00000007a6ab0000, 0x00000007a7ecc110, 0x00000007a8000000)
  to   space 21824K,   0% used [0x00000007a5560000, 0x00000007a5560000, 0x00000007a6ab0000)
 concurrent mark-sweep generation total 393216K, used 179463K [0x00000007a8000000, 0x00000007c0000000, 0x00000007c0000000)
 Metaspace       used 39698K, capacity 40688K, committed 41028K, reserved 1085440K
  class space    used 4325K, capacity 4572K, committed 4708K, reserved 1048576K
}
2017-06-02T18:07:20.150-0100: 106619.949: Total time for which application threads were stopped: 0.0062142 seconds, Stopping threads took: 0.0000184 seconds
{Heap before GC invocations=289 (full 2):
 par new generation   total 109248K, used 108016K [0x00000007a0000000, 0x00000007a8000000, 0x00000007a8000000)
  eden space 87424K, 100% used [0x00000007a0000000, 0x00000007a5560000, 0x00000007a5560000)
  from space 21824K,  94% used [0x00000007a6ab0000, 0x00000007a7ecc110, 0x00000007a8000000)
  to   space 21824K,   0% used [0x00000007a5560000, 0x00000007a5560000, 0x00000007a6ab0000)
 concurrent mark-sweep generation total 393216K, used 179463K [0x00000007a8000000, 0x00000007c0000000, 0x00000007c0000000)
 Metaspace       used 39698K, capacity 40688K, committed 41028K, reserved 1085440K
  class space    used 4325K, capacity 4572K, committed 4708K, reserved 1048576K
2017-06-02T18:07:20.314-0100: 106620.112: [GC (Allocation Failure) 2017-06-02T18:07:20.314-0100: 106620.112: [ParNew
Desired survivor size 20112992 bytes, new threshold 8 (max 8)
- age   1:    3231840 bytes,    3231840 total
- age   2:    3957728 bytes,    7189568 total
- age   3:    2770008 bytes,    9959576 total
- age   4:    2358728 bytes,   12318304 total
- age   5:     741728 bytes,   13060032 total
- age   6:     728600 bytes,   13788632 total
- age   7:     733536 bytes,   14522168 total
- age   8:    1258720 bytes,   15780888 total
: 108016K->17627K(109248K), 0.0132101 secs] 287479K->198451K(502464K), 0.0132688 secs] [Times: user=0.02 sys=0.01, real=0.01 secs] 
Heap after GC invocations=290 (full 2):
 par new generation   total 109248K, used 17627K [0x00000007a0000000, 0x00000007a8000000, 0x00000007a8000000)
  eden space 87424K,   0% used [0x00000007a0000000, 0x00000007a0000000, 0x00000007a5560000)
  from space 21824K,  80% used [0x00000007a5560000, 0x00000007a6696c48, 0x00000007a6ab0000)
  to   space 21824K,   0% used [0x00000007a6ab0000, 0x00000007a6ab0000, 0x00000007a8000000)
 concurrent mark-sweep generation total 393216K, used 180824K [0x00000007a8000000, 0x00000007c0000000, 0x00000007c0000000)
 Metaspace       used 39698K, capacity 40688K, committed 41028K, reserved 1085440K
  class space    used 4325K, capacity 4572K, committed 4708K, reserved 1048576K
}
2017-06-02T18:07:20.327-0100: 106620.125: Total time for which application threads were stopped: 0.0134645 seconds, Stopping threads took: 0.0000186 seconds
{Heap before GC invocations=290 (full 2):
 par new generation   total 109248K, used 105051K [0x00000007a0000000, 0x00000007a8000000, 0x00000007a8000000)
  eden space 87424K, 100% used [0x00000007a0000000, 0x00000007a5560000, 0x00000007a5560000)
  from space 21824K,  80% used [0x00000007a5560000, 0x00000007a6696c48, 0x00000007a6ab0000)
  to   space 21824K,   0% used [0x00000007a6ab0000, 0x00000007a6ab0000, 0x00000007a8000000)
 concurrent mark-sweep generation total 393216K, used 180824K [0x00000007a8000000, 0x00000007c0000000, 0x00000007c0000000)
 Metaspace       used 39698K, capacity 40688K, committed 41028K, reserved 1085440K
  class space    used 4325K, capacity 4572K, committed 4708K, reserved 1048576K
2017-06-02T18:07:20.509-0100: 106620.307: [GC (Allocation Failure) 2017-06-02T18:07:20.509-0100: 106620.307: [ParNew
Desired survivor size 20112992 bytes, new threshold 8 (max 8)
- age   1:    2598368 bytes,    2598368 total
- age   2:    3173768 bytes,    5772136 total
- age   3:    3955888 bytes,    9728024 total
- age   4:    1932144 bytes,   11660168 total
- age   5:    1851376 bytes,   13511544 total
- age   6:     741728 bytes,   14253272 total
- age   7:     728600 bytes,   14981872 total
- age   8:     733536 bytes,   15715408 total
: 105051K->21824K(109248K), 0.0137506 secs] 285875K->203887K(502464K), 0.0138254 secs] [Times: user=0.04 sys=0.00, real=0.02 secs] 
Heap after GC invocations=291 (full 2):
 par new generation   total 109248K, used 21824K [0x00000007a0000000, 0x00000007a8000000, 0x00000007a8000000)
  eden space 87424K,   0% used [0x00000007a0000000, 0x00000007a0000000, 0x00000007a5560000)
  from space 21824K, 100% used [0x00000007a6ab0000, 0x00000007a8000000, 0x00000007a8000000)
  to   space 21824K,   0% used [0x00000007a5560000, 0x00000007a5560000, 0x00000007a6ab0000)
 concurrent mark-sweep generation total 393216K, used 182063K [0x00000007a8000000, 0x00000007c0000000, 0x00000007c0000000)
 Metaspace       used 39698K, capacity 40688K, committed 41028K, reserved 1085440K
  class space    used 4325K, capacity 4572K, committed 4708K, reserved 1048576K
}
2017-06-02T18:07:20.522-0100: 106620.321: Total time for which application threads were stopped: 0.0140089 seconds, Stopping threads took: 0.0000181 seconds
{Heap before GC invocations=291 (full 2):
 par new generation   total 109248K, used 109248K [0x00000007a0000000, 0x00000007a8000000, 0x00000007a8000000)
  eden space 87424K, 100% used [0x00000007a0000000, 0x00000007a5560000, 0x00000007a5560000)
  from space 21824K, 100% used [0x00000007a6ab0000, 0x00000007a8000000, 0x00000007a8000000)
  to   space 21824K,   0% used [0x00000007a5560000, 0x00000007a5560000, 0x00000007a6ab0000)
 concurrent mark-sweep generation total 393216K, used 182063K [0x00000007a8000000, 0x00000007c0000000, 0x00000007c0000000)
 Metaspace       used 39698K, capacity 40688K, committed 41028K, reserved 1085440K
  class space    used 4325K, capacity 4572K, committed 4708K, reserved 1048576K
2017-06-02T18:07:20.741-0100: 106620.540: [GC (Allocation Failure) 2017-06-02T18:07:20.741-0100: 106620.540: [ParNew
Desired survivor size 20112992 bytes, new threshold 8 (max 8)
- age   1:    4109656 bytes,    4109656 total
- age   2:    2552176 bytes,    6661832 total
- age   3:    3173768 bytes,    9835600 total
- age   4:    1355472 bytes,   11191072 total
- age   5:    1681888 bytes,   12872960 total
- age   6:    1851376 bytes,   14724336 total
- age   7:     741728 bytes,   15466064 total
- age   8:     728600 bytes,   16194664 total
: 109248K->20251K(109248K), 0.0090096 secs] 291311K->203040K(502464K), 0.0090724 secs] [Times: user=0.02 sys=0.00, real=0.01 secs] 
Heap after GC invocations=292 (full 2):
 par new generation   total 109248K, used 20251K [0x00000007a0000000, 0x00000007a8000000, 0x00000007a8000000)
  eden space 87424K,   0% used [0x00000007a0000000, 0x00000007a0000000, 0x00000007a5560000)
  from space 21824K,  92% used [0x00000007a5560000, 0x00000007a6926c10, 0x00000007a6ab0000)
  to   space 21824K,   0% used [0x00000007a6ab0000, 0x00000007a6ab0000, 0x00000007a8000000)
 concurrent mark-sweep generation total 393216K, used 182789K [0x00000007a8000000, 0x00000007c0000000, 0x00000007c0000000)
 Metaspace       used 39698K, capacity 40688K, committed 41028K, reserved 1085440K
  class space    used 4325K, capacity 4572K, committed 4708K, reserved 1048576K
}
2017-06-02T18:07:20.750-0100: 106620.549: Total time for which application threads were stopped: 0.0092985 seconds, Stopping threads took: 0.0000200 seconds
{Heap before GC invocations=292 (full 2):
 par new generation   total 109248K, used 107675K [0x00000007a0000000, 0x00000007a8000000, 0x00000007a8000000)
  eden space 87424K, 100% used [0x00000007a0000000, 0x00000007a5560000, 0x00000007a5560000)
  from space 21824K,  92% used [0x00000007a5560000, 0x00000007a6926c10, 0x00000007a6ab0000)
  to   space 21824K,   0% used [0x00000007a6ab0000, 0x00000007a6ab0000, 0x00000007a8000000)
 concurrent mark-sweep generation total 393216K, used 182789K [0x00000007a8000000, 0x00000007c0000000, 0x00000007c0000000)
 Metaspace       used 39698K, capacity 40688K, committed 41028K, reserved 1085440K
  class space    used 4325K, capacity 4572K, committed 4708K, reserved 1048576K
2017-06-02T18:07:20.934-0100: 106620.733: [GC (Allocation Failure) 2017-06-02T18:07:20.934-0100: 106620.733: [ParNew
Desired survivor size 20112992 bytes, new threshold 8 (max 8)
- age   1:    3551400 bytes,    3551400 total
- age   2:    4011160 bytes,    7562560 total
- age   3:    2544048 bytes,   10106608 total
- age   4:     950752 bytes,   11057360 total
- age   5:    1355472 bytes,   12412832 total
- age   6:    1681888 bytes,   14094720 total
- age   7:    1739792 bytes,   15834512 total
- age   8:     741728 bytes,   16576240 total
: 107675K->20916K(109248K), 0.0119803 secs] 290464K->204427K(502464K), 0.0120540 secs] [Times: user=0.02 sys=0.01, real=0.01 secs] 
Heap after GC invocations=293 (full 2):
 par new generation   total 109248K, used 20916K [0x00000007a0000000, 0x00000007a8000000, 0x00000007a8000000)
  eden space 87424K,   0% used [0x00000007a0000000, 0x00000007a0000000, 0x00000007a5560000)
  from space 21824K,  95% used [0x00000007a6ab0000, 0x00000007a7f1d318, 0x00000007a8000000)
  to   space 21824K,   0% used [0x00000007a5560000, 0x00000007a5560000, 0x00000007a6ab0000)
 concurrent mark-sweep generation total 393216K, used 183510K [0x00000007a8000000, 0x00000007c0000000, 0x00000007c0000000)
 Metaspace       used 39698K, capacity 40688K, committed 41028K, reserved 1085440K
  class space    used 4325K, capacity 4572K, committed 4708K, reserved 1048576K
}
2017-06-02T18:07:20.946-0100: 106620.745: Total time for which application threads were stopped: 0.0122515 seconds, Stopping threads took: 0.0000186 seconds
{Heap before GC invocations=293 (full 2):
 par new generation   total 109248K, used 108340K [0x00000007a0000000, 0x00000007a8000000, 0x00000007a8000000)
  eden space 87424K, 100% used [0x00000007a0000000, 0x00000007a5560000, 0x00000007a5560000)
  from space 21824K,  95% used [0x00000007a6ab0000, 0x00000007a7f1d318, 0x00000007a8000000)
  to   space 21824K,   0% used [0x00000007a5560000, 0x00000007a5560000, 0x00000007a6ab0000)
 concurrent mark-sweep generation total 393216K, used 183510K [0x00000007a8000000, 0x00000007c0000000, 0x00000007c0000000)
 Metaspace       used 39698K, capacity 40688K, committed 41028K, reserved 1085440K
  class space    used 4325K, capacity 4572K, committed 4708K, reserved 1048576K
2017-06-02T18:07:21.122-0100: 106620.920: [GC (Allocation Failure) 2017-06-02T18:07:21.122-0100: 106620.921: [ParNew
Desired survivor size 20112992 bytes, new threshold 8 (max 8)
- age   1:    2077200 bytes,    2077200 total
- age   2:    3473728 bytes,    5550928 total
- age   3:    4011160 bytes,    9562088 total
- age   4:    2178312 bytes,   11740400 total
- age   5:     950752 bytes,   12691152 total
- age   6:     904456 bytes,   13595608 total
- age   7:    1681888 bytes,   15277496 total
- age   8:    1739768 bytes,   17017264 total
: 108340K->19690K(109248K), 0.0058107 secs] 291851K->203936K(502464K), 0.0058876 secs] [Times: user=0.02 sys=0.00, real=0.00 secs] 
Heap after GC invocations=294 (full 2):
 par new generation   total 109248K, used 19690K [0x00000007a0000000, 0x00000007a8000000, 0x00000007a8000000)
  eden space 87424K,   0% used [0x00000007a0000000, 0x00000007a0000000, 0x00000007a5560000)
  from space 21824K,  90% used [0x00000007a5560000, 0x00000007a689ab58, 0x00000007a6ab0000)
  to   space 21824K,   0% used [0x00000007a6ab0000, 0x00000007a6ab0000, 0x00000007a8000000)
 concurrent mark-sweep generation total 393216K, used 184245K [0x00000007a8000000, 0x00000007c0000000, 0x00000007c0000000)
 Metaspace       used 39698K, capacity 40688K, committed 41028K, reserved 1085440K
  class space    used 4325K, capacity 4572K, committed 4708K, reserved 1048576K
}
2017-06-02T18:07:21.128-0100: 106620.926: Total time for which application threads were stopped: 0.0060681 seconds, Stopping threads took: 0.0000190 seconds
{Heap before GC invocations=294 (full 2):
 par new generation   total 109248K, used 107114K [0x00000007a0000000, 0x00000007a8000000, 0x00000007a8000000)
  eden space 87424K, 100% used [0x00000007a0000000, 0x00000007a5560000, 0x00000007a5560000)
  from space 21824K,  90% used [0x00000007a5560000, 0x00000007a689ab58, 0x00000007a6ab0000)
  to   space 21824K,   0% used [0x00000007a6ab0000, 0x00000007a6ab0000, 0x00000007a8000000)
 concurrent mark-sweep generation total 393216K, used 184245K [0x00000007a8000000, 0x00000007c0000000, 0x00000007c0000000)
 Metaspace       used 39698K, capacity 40688K, committed 41028K, reserved 1085440K
  class space    used 4325K, capacity 4572K, committed 4708K, reserved 1048576K
2017-06-02T18:07:21.298-0100: 106621.097: [GC (Allocation Failure) 2017-06-02T18:07:21.298-0100: 106621.097: [ParNew
Desired survivor size 20112992 bytes, new threshold 8 (max 8)
- age   1:     874688 bytes,     874688 total
- age   2:    2024952 bytes,    2899640 total
- age   3:    3473728 bytes,    6373368 total
- age   4:    4011160 bytes,   10384528 total
- age   5:    2178312 bytes,   12562840 total
- age   6:     950752 bytes,   13513592 total
- age   7:     904456 bytes,   14418048 total
- age   8:    1681888 bytes,   16099936 total
: 107114K->21824K(109248K), 0.0061873 secs] 291360K->207777K(502464K), 0.0062500 secs] [Times: user=0.02 sys=0.00, real=0.01 secs] 
Heap after GC invocations=295 (full 2):
 par new generation   total 109248K, used 21824K [0x00000007a0000000, 0x00000007a8000000, 0x00000007a8000000)
  eden space 87424K,   0% used [0x00000007a0000000, 0x00000007a0000000, 0x00000007a5560000)
  from space 21824K, 100% used [0x00000007a6ab0000, 0x00000007a8000000, 0x00000007a8000000)
  to   space 21824K,   0% used [0x00000007a5560000, 0x00000007a5560000, 0x00000007a6ab0000)
 concurrent mark-sweep generation total 393216K, used 185953K [0x00000007a8000000, 0x00000007c0000000, 0x00000007c0000000)
 Metaspace       used 39698K, capacity 40688K, committed 41028K, reserved 1085440K
  class space    used 4325K, capacity 4572K, committed 4708K, reserved 1048576K
}
2017-06-02T18:07:21.305-0100: 106621.103: Total time for which application threads were stopped: 0.0064497 seconds, Stopping threads took: 0.0000177 seconds
{Heap before GC invocations=295 (full 2):
 par new generation   total 109248K, used 109222K [0x00000007a0000000, 0x00000007a8000000, 0x00000007a8000000)
  eden space 87424K,  99% used [0x00000007a0000000, 0x00000007a5559b28, 0x00000007a5560000)
  from space 21824K, 100% used [0x00000007a6ab0000, 0x00000007a8000000, 0x00000007a8000000)
  to   space 21824K,   0% used [0x00000007a5560000, 0x00000007a5560000, 0x00000007a6ab0000)
 concurrent mark-sweep generation total 393216K, used 185953K [0x00000007a8000000, 0x00000007c0000000, 0x00000007c0000000)
 Metaspace       used 39698K, capacity 40688K, committed 41028K, reserved 1085440K
  class space    used 4325K, capacity 4572K, committed 4708K, reserved 1048576K
2017-06-02T18:07:21.463-0100: 106621.262: [GC (Allocation Failure) 2017-06-02T18:07:21.463-0100: 106621.262: [ParNew
Desired survivor size 20112992 bytes, new threshold 8 (max 8)
- age   1:    6299088 bytes,    6299088 total
- age   2:     819128 bytes,    7118216 total
- age   3:    2024952 bytes,    9143168 total
- age   4:    3464576 bytes,   12607744 total
- age   5:    1090440 bytes,   13698184 total
- age   6:    1036712 bytes,   14734896 total
- age   7:     881064 bytes,   15615960 total
- age   8:     904456 bytes,   16520416 total
: 109222K->20466K(109248K), 0.0064685 secs] 295176K->208073K(502464K), 0.0065471 secs] [Times: user=0.02 sys=0.00, real=0.01 secs] 
Heap after GC invocations=296 (full 2):
 par new generation   total 109248K, used 20466K [0x00000007a0000000, 0x00000007a8000000, 0x00000007a8000000)
  eden space 87424K,   0% used [0x00000007a0000000, 0x00000007a0000000, 0x00000007a5560000)
  from space 21824K,  93% used [0x00000007a5560000, 0x00000007a695cb60, 0x00000007a6ab0000)
  to   space 21824K,   0% used [0x00000007a6ab0000, 0x00000007a6ab0000, 0x00000007a8000000)
 concurrent mark-sweep generation total 393216K, used 187606K [0x00000007a8000000, 0x00000007c0000000, 0x00000007c0000000)
 Metaspace       used 39698K, capacity 40688K, committed 41028K, reserved 1085440K
  class space    used 4325K, capacity 4572K, committed 4708K, reserved 1048576K
}
2017-06-02T18:07:21.470-0100: 106621.268: Total time for which application threads were stopped: 0.0067322 seconds, Stopping threads took: 0.0000176 seconds
{Heap before GC invocations=296 (full 2):
 par new generation   total 109248K, used 107890K [0x00000007a0000000, 0x00000007a8000000, 0x00000007a8000000)
  eden space 87424K, 100% used [0x00000007a0000000, 0x00000007a5560000, 0x00000007a5560000)
  from space 21824K,  93% used [0x00000007a5560000, 0x00000007a695cb60, 0x00000007a6ab0000)
  to   space 21824K,   0% used [0x00000007a6ab0000, 0x00000007a6ab0000, 0x00000007a8000000)
 concurrent mark-sweep generation total 393216K, used 187606K [0x00000007a8000000, 0x00000007c0000000, 0x00000007c0000000)
 Metaspace       used 39698K, capacity 40688K, committed 41028K, reserved 1085440K
  class space    used 4325K, capacity 4572K, committed 4708K, reserved 1048576K
2017-06-02T18:07:21.637-0100: 106621.436: [GC (Allocation Failure) 2017-06-02T18:07:21.637-0100: 106621.436: [ParNew
Desired survivor size 20112992 bytes, new threshold 8 (max 8)
- age   1:    4621928 bytes,    4621928 total
- age   2:    3702704 bytes,    8324632 total
- age   3:     815424 bytes,    9140056 total
- age   4:    1608984 bytes,   10749040 total
- age   5:     960200 bytes,   11709240 total
- age   6:     801016 bytes,   12510256 total
- age   7:    1033792 bytes,   13544048 total
- age   8:     876760 bytes,   14420808 total
: 107890K->21824K(109248K), 0.0073945 secs] 295497K->212969K(502464K), 0.0074575 secs] [Times: user=0.03 sys=0.01, real=0.01 secs] 
Heap after GC invocations=297 (full 2):
 par new generation   total 109248K, used 21824K [0x00000007a0000000, 0x00000007a8000000, 0x00000007a8000000)
  eden space 87424K,   0% used [0x00000007a0000000, 0x00000007a0000000, 0x00000007a5560000)
  from space 21824K, 100% used [0x00000007a6ab0000, 0x00000007a8000000, 0x00000007a8000000)
  to   space 21824K,   0% used [0x00000007a5560000, 0x00000007a5560000, 0x00000007a6ab0000)
 concurrent mark-sweep generation total 393216K, used 191145K [0x00000007a8000000, 0x00000007c0000000, 0x00000007c0000000)
 Metaspace       used 39698K, capacity 40688K, committed 41028K, reserved 1085440K
  class space    used 4325K, capacity 4572K, committed 4708K, reserved 1048576K
}
2017-06-02T18:07:21.645-0100: 106621.443: Total time for which application threads were stopped: 0.0076617 seconds, Stopping threads took: 0.0000220 seconds
{Heap before GC invocations=297 (full 2):
 par new generation   total 109248K, used 109248K [0x00000007a0000000, 0x00000007a8000000, 0x00000007a8000000)
  eden space 87424K, 100% used [0x00000007a0000000, 0x00000007a5560000, 0x00000007a5560000)
  from space 21824K, 100% used [0x00000007a6ab0000, 0x00000007a8000000, 0x00000007a8000000)
  to   space 21824K,   0% used [0x00000007a5560000, 0x00000007a5560000, 0x00000007a6ab0000)
 concurrent mark-sweep generation total 393216K, used 191145K [0x00000007a8000000, 0x00000007c0000000, 0x00000007c0000000)
 Metaspace       used 39698K, capacity 40688K, committed 41028K, reserved 1085440K
  class space    used 4325K, capacity 4572K, committed 4708K, reserved 1048576K
2017-06-02T18:07:21.812-0100: 106621.610: [GC (Allocation Failure) 2017-06-02T18:07:21.812-0100: 106621.610: [ParNew
Desired survivor size 20112992 bytes, new threshold 8 (max 8)
- age   1:    1449624 bytes,    1449624 total
- age   2:    4533392 bytes,    5983016 total
- age   3:    3744040 bytes,    9727056 total
- age   4:     858864 bytes,   10585920 total
- age   5:    1145072 bytes,   11730992 total
- age   6:    1001728 bytes,   12732720 total
- age   7:     801936 bytes,   13534656 total
- age   8:    1033744 bytes,   14568400 total
: 109248K->17378K(109248K), 0.0126847 secs] 300393K->209390K(502464K), 0.0127588 secs] [Times: user=0.02 sys=0.00, real=0.01 secs] 
Heap after GC invocations=298 (full 2):
 par new generation   total 109248K, used 17378K [0x00000007a0000000, 0x00000007a8000000, 0x00000007a8000000)
  eden space 87424K,   0% used [0x00000007a0000000, 0x00000007a0000000, 0x00000007a5560000)
  from space 21824K,  79% used [0x00000007a5560000, 0x00000007a6658a88, 0x00000007a6ab0000)
  to   space 21824K,   0% used [0x00000007a6ab0000, 0x00000007a6ab0000, 0x00000007a8000000)
 concurrent mark-sweep generation total 393216K, used 192012K [0x00000007a8000000, 0x00000007c0000000, 0x00000007c0000000)
 Metaspace       used 39698K, capacity 40688K, committed 41028K, reserved 1085440K
  class space    used 4325K, capacity 4572K, committed 4708K, reserved 1048576K
}
2017-06-02T18:07:21.825-0100: 106621.623: Total time for which application threads were stopped: 0.0129432 seconds, Stopping threads took: 0.0000192 seconds
{Heap before GC invocations=298 (full 2):
 par new generation   total 109248K, used 104802K [0x00000007a0000000, 0x00000007a8000000, 0x00000007a8000000)
  eden space 87424K, 100% used [0x00000007a0000000, 0x00000007a5560000, 0x00000007a5560000)
  from space 21824K,  79% used [0x00000007a5560000, 0x00000007a6658a88, 0x00000007a6ab0000)
  to   space 21824K,   0% used [0x00000007a6ab0000, 0x00000007a6ab0000, 0x00000007a8000000)
 concurrent mark-sweep generation total 393216K, used 192012K [0x00000007a8000000, 0x00000007c0000000, 0x00000007c0000000)
 Metaspace       used 39698K, capacity 40688K, committed 41028K, reserved 1085440K
  class space    used 4325K, capacity 4572K, committed 4708K, reserved 1048576K
2017-06-02T18:07:22.014-0100: 106621.813: [GC (Allocation Failure) 2017-06-02T18:07:22.015-0100: 106621.813: [ParNew
Desired survivor size 20112992 bytes, new threshold 8 (max 8)
- age   1:     955472 bytes,     955472 total
- age   2:    1386024 bytes,    2341496 total
- age   3:    4533392 bytes,    6874888 total
- age   4:    3702440 bytes,   10577328 total
- age   5:     815208 bytes,   11392536 total
- age   6:    1101392 bytes,   12493928 total
- age   7:     960128 bytes,   13454056 total
- age   8:     800896 bytes,   14254952 total
: 104802K->21684K(109248K), 0.0135359 secs] 296814K->214716K(502464K), 0.0135963 secs] [Times: user=0.02 sys=0.00, real=0.01 secs] 
Heap after GC invocations=299 (full 2):
 par new generation   total 109248K, used 21684K [0x00000007a0000000, 0x00000007a8000000, 0x00000007a8000000)
  eden space 87424K,   0% used [0x00000007a0000000, 0x00000007a0000000, 0x00000007a5560000)
  from space 21824K,  99% used [0x00000007a6ab0000, 0x00000007a7fdd1c0, 0x00000007a8000000)
  to   space 21824K,   0% used [0x00000007a5560000, 0x00000007a5560000, 0x00000007a6ab0000)
 concurrent mark-sweep generation total 393216K, used 193032K [0x00000007a8000000, 0x00000007c0000000, 0x00000007c0000000)
 Metaspace       used 39698K, capacity 40688K, committed 41028K, reserved 1085440K
  class space    used 4325K, capacity 4572K, committed 4708K, reserved 1048576K
}
2017-06-02T18:07:22.028-0100: 106621.827: Total time for which application threads were stopped: 0.0137771 seconds, Stopping threads took: 0.0000181 seconds
{Heap before GC invocations=299 (full 2):
 par new generation   total 109248K, used 109108K [0x00000007a0000000, 0x00000007a8000000, 0x00000007a8000000)
  eden space 87424K, 100% used [0x00000007a0000000, 0x00000007a5560000, 0x00000007a5560000)
  from space 21824K,  99% used [0x00000007a6ab0000, 0x00000007a7fdd1c0, 0x00000007a8000000)
  to   space 21824K,   0% used [0x00000007a5560000, 0x00000007a5560000, 0x00000007a6ab0000)
 concurrent mark-sweep generation total 393216K, used 193032K [0x00000007a8000000, 0x00000007c0000000, 0x00000007c0000000)
 Metaspace       used 39698K, capacity 40688K, committed 41028K, reserved 1085440K
  class space    used 4325K, capacity 4572K, committed 4708K, reserved 1048576K
2017-06-02T18:07:22.200-0100: 106621.999: [GC (Allocation Failure) 2017-06-02T18:07:22.200-0100: 106621.999: [ParNew
Desired survivor size 20112992 bytes, new threshold 8 (max 8)
- age   1:    5282352 bytes,    5282352 total
- age   2:     869600 bytes,    6151952 total
- age   3:    1386024 bytes,    7537976 total
- age   4:    4530776 bytes,   12068752 total
- age   5:    3692136 bytes,   15760888 total
- age   6:     815184 bytes,   16576072 total
- age   7:    1101392 bytes,   17677464 total
- age   8:     960128 bytes,   18637592 total
: 109108K->20387K(109248K), 0.0089240 secs] 302140K->214212K(502464K), 0.0089997 secs] [Times: user=0.02 sys=0.00, real=0.00 secs] 
Heap after GC invocations=300 (full 2):
 par new generation   total 109248K, used 20387K [0x00000007a0000000, 0x00000007a8000000, 0x00000007a8000000)
  eden space 87424K,   0% used [0x00000007a0000000, 0x00000007a0000000, 0x00000007a5560000)
  from space 21824K,  93% used [0x00000007a5560000, 0x00000007a6948ea8, 0x00000007a6ab0000)
  to   space 21824K,   0% used [0x00000007a6ab0000, 0x00000007a6ab0000, 0x00000007a8000000)
 concurrent mark-sweep generation total 393216K, used 193824K [0x00000007a8000000, 0x00000007c0000000, 0x00000007c0000000)
 Metaspace       used 39698K, capacity 40688K, committed 41028K, reserved 1085440K
  class space    used 4325K, capacity 4572K, committed 4708K, reserved 1048576K
}
2017-06-02T18:07:22.209-0100: 106622.008: Total time for which application threads were stopped: 0.0091812 seconds, Stopping threads took: 0.0000191 seconds
{Heap before GC invocations=300 (full 2):
 par new generation   total 109248K, used 107811K [0x00000007a0000000, 0x00000007a8000000, 0x00000007a8000000)
  eden space 87424K, 100% used [0x00000007a0000000, 0x00000007a5560000, 0x00000007a5560000)
  from space 21824K,  93% used [0x00000007a5560000, 0x00000007a6948ea8, 0x00000007a6ab0000)
  to   space 21824K,   0% used [0x00000007a6ab0000, 0x00000007a6ab0000, 0x00000007a8000000)
 concurrent mark-sweep generation total 393216K, used 193824K [0x00000007a8000000, 0x00000007c0000000, 0x00000007c0000000)
 Metaspace       used 39698K, capacity 40688K, committed 41028K, reserved 1085440K
  class space    used 4325K, capacity 4572K, committed 4708K, reserved 1048576K
2017-06-02T18:07:22.366-0100: 106622.164: [GC (Allocation Failure) 2017-06-02T18:07:22.366-0100: 106622.164: [ParNew
Desired survivor size 20112992 bytes, new threshold 8 (max 8)
- age   1:    5947904 bytes,    5947904 total
- age   2:    2816536 bytes,    8764440 total
- age   3:     869960 bytes,    9634400 total
- age   4:    1386312 bytes,   11020712 total
- age   5:    2051824 bytes,   13072536 total
- age   6:    1613736 bytes,   14686272 total
- age   7:     815424 bytes,   15501696 total
- age   8:    1101776 bytes,   16603472 total
: 107811K->21641K(109248K), 0.0160123 secs] 301636K->218744K(502464K), 0.0160713 secs] [Times: user=0.03 sys=0.01, real=0.02 secs] 
Heap after GC invocations=301 (full 2):
 par new generation   total 109248K, used 21641K [0x00000007a0000000, 0x00000007a8000000, 0x00000007a8000000)
  eden space 87424K,   0% used [0x00000007a0000000, 0x00000007a0000000, 0x00000007a5560000)
  from space 21824K,  99% used [0x00000007a6ab0000, 0x00000007a7fd2648, 0x00000007a8000000)
  to   space 21824K,   0% used [0x00000007a5560000, 0x00000007a5560000, 0x00000007a6ab0000)
 concurrent mark-sweep generation total 393216K, used 197102K [0x00000007a8000000, 0x00000007c0000000, 0x00000007c0000000)
 Metaspace       used 39698K, capacity 40688K, committed 41028K, reserved 1085440K
  class space    used 4325K, capacity 4572K, committed 4708K, reserved 1048576K
}
2017-06-02T18:07:22.382-0100: 106622.180: Total time for which application threads were stopped: 0.0162625 seconds, Stopping threads took: 0.0000172 seconds
2017-06-02T18:07:22.382-0100: 106622.180: [GC (CMS Initial Mark) [1 CMS-initial-mark: 197102K(393216K)] 220486K(502464K), 0.0013269 secs] [Times: user=0.01 sys=0.00, real=0.00 secs] 
2017-06-02T18:07:22.383-0100: 106622.182: Total time for which application threads were stopped: 0.0015061 seconds, Stopping threads took: 0.0000724 seconds
2017-06-02T18:07:22.383-0100: 106622.182: [CMS-concurrent-mark-start]
2017-06-02T18:07:22.398-0100: 106622.197: [CMS-concurrent-mark: 0.015/0.015 secs] [Times: user=0.07 sys=0.00, real=0.01 secs] 
2017-06-02T18:07:22.398-0100: 106622.197: [CMS-concurrent-preclean-start]
2017-06-02T18:07:22.400-0100: 106622.199: [CMS-concurrent-preclean: 0.002/0.002 secs] [Times: user=0.00 sys=0.00, real=0.01 secs] 
2017-06-02T18:07:22.400-0100: 106622.199: [CMS-concurrent-abortable-preclean-start]
2017-06-02T18:07:22.489-0100: 106622.288: [CMS-concurrent-abortable-preclean: 0.089/0.089 secs] [Times: user=0.18 sys=0.00, real=0.08 secs] 
2017-06-02T18:07:22.490-0100: 106622.288: [GC (CMS Final Remark) [YG occupancy: 69155 K (109248 K)]{Heap before GC invocations=301 (full 3):
 par new generation   total 109248K, used 69155K [0x00000007a0000000, 0x00000007a8000000, 0x00000007a8000000)
  eden space 87424K,  54% used [0x00000007a0000000, 0x00000007a2e667d0, 0x00000007a5560000)
  from space 21824K,  99% used [0x00000007a6ab0000, 0x00000007a7fd2648, 0x00000007a8000000)
  to   space 21824K,   0% used [0x00000007a5560000, 0x00000007a5560000, 0x00000007a6ab0000)
 concurrent mark-sweep generation total 393216K, used 197102K [0x00000007a8000000, 0x00000007c0000000, 0x00000007c0000000)
 Metaspace       used 39698K, capacity 40688K, committed 41028K, reserved 1085440K
  class space    used 4325K, capacity 4572K, committed 4708K, reserved 1048576K
2017-06-02T18:07:22.490-0100: 106622.288: [GC (CMS Final Remark) 2017-06-02T18:07:22.490-0100: 106622.288: [ParNew
Desired survivor size 20112992 bytes, new threshold 8 (max 8)
- age   1:     851888 bytes,     851888 total
- age   2:    5890672 bytes,    6742560 total
- age   3:    2816320 bytes,    9558880 total
- age   4:     869816 bytes,   10428696 total
- age   5:    1386264 bytes,   11814960 total
- age   6:    2051656 bytes,   13866616 total
- age   7:    1295552 bytes,   15162168 total
- age   8:     815424 bytes,   15977592 total
: 69155K->20063K(109248K), 0.0067013 secs] 266257K->218251K(502464K), 0.0067549 secs] [Times: user=0.02 sys=0.00, real=0.00 secs] 
Heap after GC invocations=302 (full 3):
 par new generation   total 109248K, used 20063K [0x00000007a0000000, 0x00000007a8000000, 0x00000007a8000000)
  eden space 87424K,   0% used [0x00000007a0000000, 0x00000007a0000000, 0x00000007a5560000)
  from space 21824K,  91% used [0x00000007a5560000, 0x00000007a68f7c60, 0x00000007a6ab0000)
  to   space 21824K,   0% used [0x00000007a6ab0000, 0x00000007a6ab0000, 0x00000007a8000000)
 concurrent mark-sweep generation total 393216K, used 198188K [0x00000007a8000000, 0x00000007c0000000, 0x00000007c0000000)
 Metaspace       used 39698K, capacity 40688K, committed 41028K, reserved 1085440K
  class space    used 4325K, capacity 4572K, committed 4708K, reserved 1048576K
}
2017-06-02T18:07:22.497-0100: 106622.295: [Rescan (parallel) , 0.0026922 secs]2017-06-02T18:07:22.499-0100: 106622.298: [weak refs processing, 0.0013370 secs]2017-06-02T18:07:22.501-0100: 106622.299: [class unloading, 0.0181568 secs]2017-06-02T18:07:22.519-0100: 106622.317: [scrub symbol table, 0.0053548 secs]2017-06-02T18:07:22.524-0100: 106622.323: [scrub string table, 0.0004758 secs][1 CMS-remark: 198188K(393216K)] 218251K(502464K), 0.0351068 secs] [Times: user=0.06 sys=0.01, real=0.03 secs] 
2017-06-02T18:07:22.525-0100: 106622.323: Total time for which application threads were stopped: 0.0352590 seconds, Stopping threads took: 0.0000333 seconds
2017-06-02T18:07:22.525-0100: 106622.323: [CMS-concurrent-sweep-start]
2017-06-02T18:07:22.525-0100: 106622.324: Total time for which application threads were stopped: 0.0001421 seconds, Stopping threads took: 0.0000502 seconds
2017-06-02T18:07:22.525-0100: 106622.324: Total time for which application threads were stopped: 0.0001227 seconds, Stopping threads took: 0.0000412 seconds
2017-06-02T18:07:22.526-0100: 106622.324: Total time for which application threads were stopped: 0.0001144 seconds, Stopping threads took: 0.0000251 seconds
2017-06-02T18:07:22.532-0100: 106622.330: Total time for which application threads were stopped: 0.0061165 seconds, Stopping threads took: 0.0000766 seconds
2017-06-02T18:07:22.532-0100: 106622.330: Total time for which application threads were stopped: 0.0001040 seconds, Stopping threads took: 0.0000271 seconds
2017-06-02T18:07:22.532-0100: 106622.331: Total time for which application threads were stopped: 0.0001261 seconds, Stopping threads took: 0.0000612 seconds
2017-06-02T18:07:22.532-0100: 106622.331: Total time for which application threads were stopped: 0.0000963 seconds, Stopping threads took: 0.0000341 seconds
2017-06-02T18:07:22.532-0100: 106622.331: Total time for which application threads were stopped: 0.0001078 seconds, Stopping threads took: 0.0000336 seconds
2017-06-02T18:07:22.532-0100: 106622.331: Total time for which application threads were stopped: 0.0001032 seconds, Stopping threads took: 0.0000234 seconds
2017-06-02T18:07:22.533-0100: 106622.331: Total time for which application threads were stopped: 0.0000896 seconds, Stopping threads took: 0.0000183 seconds
2017-06-02T18:07:22.533-0100: 106622.331: Total time for which application threads were stopped: 0.0000806 seconds, Stopping threads took: 0.0000205 seconds
2017-06-02T18:07:22.533-0100: 106622.331: Total time for which application threads were stopped: 0.0001097 seconds, Stopping threads took: 0.0000290 seconds
2017-06-02T18:07:22.533-0100: 106622.332: Total time for which application threads were stopped: 0.0000925 seconds, Stopping threads took: 0.0000284 seconds
2017-06-02T18:07:22.533-0100: 106622.332: Total time for which application threads were stopped: 0.0000670 seconds, Stopping threads took: 0.0000156 seconds
2017-06-02T18:07:22.533-0100: 106622.332: Total time for which application threads were stopped: 0.0001185 seconds, Stopping threads took: 0.0000510 seconds
2017-06-02T18:07:22.533-0100: 106622.332: Total time for which application threads were stopped: 0.0001085 seconds, Stopping threads took: 0.0000410 seconds
2017-06-02T18:07:22.534-0100: 106622.332: Total time for which application threads were stopped: 0.0000855 seconds, Stopping threads took: 0.0000330 seconds
2017-06-02T18:07:22.534-0100: 106622.332: Total time for which application threads were stopped: 0.0000992 seconds, Stopping threads took: 0.0000220 seconds
2017-06-02T18:07:22.534-0100: 106622.332: Total time for which application threads were stopped: 0.0001045 seconds, Stopping threads took: 0.0000542 seconds
2017-06-02T18:07:22.534-0100: 106622.333: Total time for which application threads were stopped: 0.0002231 seconds, Stopping threads took: 0.0000534 seconds
2017-06-02T18:07:22.534-0100: 106622.333: Total time for which application threads were stopped: 0.0001060 seconds, Stopping threads took: 0.0000466 seconds
2017-06-02T18:07:22.534-0100: 106622.333: Total time for which application threads were stopped: 0.0000842 seconds, Stopping threads took: 0.0000254 seconds
2017-06-02T18:07:22.534-0100: 106622.333: Total time for which application threads were stopped: 0.0000750 seconds, Stopping threads took: 0.0000168 seconds
2017-06-02T18:07:22.535-0100: 106622.333: Total time for which application threads were stopped: 0.0000863 seconds, Stopping threads took: 0.0000298 seconds
2017-06-02T18:07:22.535-0100: 106622.333: Total time for which application threads were stopped: 0.0000780 seconds, Stopping threads took: 0.0000158 seconds
2017-06-02T18:07:22.535-0100: 106622.333: Total time for which application threads were stopped: 0.0000745 seconds, Stopping threads took: 0.0000273 seconds
2017-06-02T18:07:22.535-0100: 106622.333: Total time for which application threads were stopped: 0.0000542 seconds, Stopping threads took: 0.0000084 seconds
2017-06-02T18:07:22.535-0100: 106622.334: Total time for which application threads were stopped: 0.0000595 seconds, Stopping threads took: 0.0000082 seconds
2017-06-02T18:07:22.535-0100: 106622.334: Total time for which application threads were stopped: 0.0000769 seconds, Stopping threads took: 0.0000221 seconds
2017-06-02T18:07:22.535-0100: 106622.334: Total time for which application threads were stopped: 0.0000824 seconds, Stopping threads took: 0.0000206 seconds
2017-06-02T18:07:22.535-0100: 106622.334: Total time for which application threads were stopped: 0.0000734 seconds, Stopping threads took: 0.0000259 seconds
2017-06-02T18:07:22.536-0100: 106622.334: Total time for which application threads were stopped: 0.0002129 seconds, Stopping threads took: 0.0000150 seconds
2017-06-02T18:07:22.599-0100: 106622.397: [CMS-concurrent-sweep: 0.064/0.074 secs] [Times: user=0.13 sys=0.00, real=0.07 secs] 
2017-06-02T18:07:22.599-0100: 106622.397: [CMS-concurrent-reset-start]
2017-06-02T18:07:22.599-0100: 106622.397: [CMS-concurrent-reset: 0.000/0.000 secs] [Times: user=0.00 sys=0.00, real=0.00 secs] 
{Heap before GC invocations=302 (full 3):
 par new generation   total 109248K, used 107487K [0x00000007a0000000, 0x00000007a8000000, 0x00000007a8000000)
  eden space 87424K, 100% used [0x00000007a0000000, 0x00000007a5560000, 0x00000007a5560000)
  from space 21824K,  91% used [0x00000007a5560000, 0x00000007a68f7c60, 0x00000007a6ab0000)
  to   space 21824K,   0% used [0x00000007a6ab0000, 0x00000007a6ab0000, 0x00000007a8000000)
 concurrent mark-sweep generation total 393216K, used 52080K [0x00000007a8000000, 0x00000007c0000000, 0x00000007c0000000)
 Metaspace       used 39698K, capacity 40688K, committed 41028K, reserved 1085440K
  class space    used 4325K, capacity 4572K, committed 4708K, reserved 1048576K
2017-06-02T18:07:22.742-0100: 106622.541: [GC (Allocation Failure) 2017-06-02T18:07:22.742-0100: 106622.541: [ParNew
Desired survivor size 20112992 bytes, new threshold 8 (max 8)
- age   1:    1239512 bytes,    1239512 total
- age   2:     811056 bytes,    2050568 total
- age   3:    5890504 bytes,    7941072 total
- age   4:    2816440 bytes,   10757512 total
- age   5:     870056 bytes,   11627568 total
- age   6:    1386384 bytes,   13013952 total
- age   7:    1858408 bytes,   14872360 total
- age   8:     871312 bytes,   15743672 total
: 107487K->19131K(109248K), 0.0127949 secs] 159567K->72019K(502464K), 0.0128565 secs] [Times: user=0.04 sys=0.00, real=0.01 secs] 
Heap after GC invocations=303 (full 3):
 par new generation   total 109248K, used 19131K [0x00000007a0000000, 0x00000007a8000000, 0x00000007a8000000)
  eden space 87424K,   0% used [0x00000007a0000000, 0x00000007a0000000, 0x00000007a5560000)
  from space 21824K,  87% used [0x00000007a6ab0000, 0x00000007a7d5eec8, 0x00000007a8000000)
  to   space 21824K,   0% used [0x00000007a5560000, 0x00000007a5560000, 0x00000007a6ab0000)
 concurrent mark-sweep generation total 393216K, used 52887K [0x00000007a8000000, 0x00000007c0000000, 0x00000007c0000000)
 Metaspace       used 39698K, capacity 40688K, committed 41028K, reserved 1085440K
  class space    used 4325K, capacity 4572K, committed 4708K, reserved 1048576K
}
2017-06-02T18:07:22.755-0100: 106622.554: Total time for which application threads were stopped: 0.0130812 seconds, Stopping threads took: 0.0000169 seconds
{Heap before GC invocations=303 (full 3):
 par new generation   total 109248K, used 106555K [0x00000007a0000000, 0x00000007a8000000, 0x00000007a8000000)
  eden space 87424K, 100% used [0x00000007a0000000, 0x00000007a5560000, 0x00000007a5560000)
  from space 21824K,  87% used [0x00000007a6ab0000, 0x00000007a7d5eec8, 0x00000007a8000000)
  to   space 21824K,   0% used [0x00000007a5560000, 0x00000007a5560000, 0x00000007a6ab0000)
 concurrent mark-sweep generation total 393216K, used 52887K [0x00000007a8000000, 0x00000007c0000000, 0x00000007c0000000)
 Metaspace       used 39698K, capacity 40688K, committed 41028K, reserved 1085440K
  class space    used 4325K, capacity 4572K, committed 4708K, reserved 1048576K
2017-06-02T18:07:22.986-0100: 106622.784: [GC (Allocation Failure) 2017-06-02T18:07:22.986-0100: 106622.784: [ParNew
Desired survivor size 20112992 bytes, new threshold 8 (max 8)
- age   1:    1156416 bytes,    1156416 total
- age   2:    1178952 bytes,    2335368 total
- age   3:     811176 bytes,    3146544 total
- age   4:    5891008 bytes,    9037552 total
- age   5:    2802104 bytes,   11839656 total
- age   6:     870200 bytes,   12709856 total
- age   7:    1386552 bytes,   14096408 total
- age   8:    1858552 bytes,   15954960 total
: 106555K->18365K(109248K), 0.0085773 secs] 159443K->72113K(502464K), 0.0086476 secs] [Times: user=0.03 sys=0.01, real=0.01 secs] 
Heap after GC invocations=304 (full 3):
 par new generation   total 109248K, used 18365K [0x00000007a0000000, 0x00000007a8000000, 0x00000007a8000000)
  eden space 87424K,   0% used [0x00000007a0000000, 0x00000007a0000000, 0x00000007a5560000)
  from space 21824K,  84% used [0x00000007a5560000, 0x00000007a674f480, 0x00000007a6ab0000)
  to   space 21824K,   0% used [0x00000007a6ab0000, 0x00000007a6ab0000, 0x00000007a8000000)
 concurrent mark-sweep generation total 393216K, used 53748K [0x00000007a8000000, 0x00000007c0000000, 0x00000007c0000000)
 Metaspace       used 39698K, capacity 40688K, committed 41028K, reserved 1085440K
  class space    used 4325K, capacity 4572K, committed 4708K, reserved 1048576K
}
2017-06-02T18:07:22.995-0100: 106622.793: Total time for which application threads were stopped: 0.0088446 seconds, Stopping threads took: 0.0000353 seconds
{Heap before GC invocations=304 (full 3):
 par new generation   total 109248K, used 105789K [0x00000007a0000000, 0x00000007a8000000, 0x00000007a8000000)
  eden space 87424K, 100% used [0x00000007a0000000, 0x00000007a5560000, 0x00000007a5560000)
  from space 21824K,  84% used [0x00000007a5560000, 0x00000007a674f480, 0x00000007a6ab0000)
  to   space 21824K,   0% used [0x00000007a6ab0000, 0x00000007a6ab0000, 0x00000007a8000000)
 concurrent mark-sweep generation total 393216K, used 53748K [0x00000007a8000000, 0x00000007c0000000, 0x00000007c0000000)
 Metaspace       used 39698K, capacity 40688K, committed 41028K, reserved 1085440K
  class space    used 4325K, capacity 4572K, committed 4708K, reserved 1048576K
2017-06-02T18:07:23.183-0100: 106622.982: [GC (Allocation Failure) 2017-06-02T18:07:23.183-0100: 106622.982: [ParNew
Desired survivor size 20112992 bytes, new threshold 8 (max 8)
- age   1:    5943568 bytes,    5943568 total
- age   2:    1063056 bytes,    7006624 total
- age   3:    1178952 bytes,    8185576 total
- age   4:     811152 bytes,    8996728 total
- age   5:    5374616 bytes,   14371344 total
- age   6:    1847520 bytes,   16218864 total
- age   7:     869984 bytes,   17088848 total
- age   8:     815608 bytes,   17904456 total
: 105789K->21410K(109248K), 0.0125219 secs] 159537K->76983K(502464K), 0.0125780 secs] [Times: user=0.04 sys=0.00, real=0.01 secs] 
Heap after GC invocations=305 (full 3):
 par new generation   total 109248K, used 21410K [0x00000007a0000000, 0x00000007a8000000, 0x00000007a8000000)
  eden space 87424K,   0% used [0x00000007a0000000, 0x00000007a0000000, 0x00000007a5560000)
  from space 21824K,  98% used [0x00000007a6ab0000, 0x00000007a7f98a68, 0x00000007a8000000)
  to   space 21824K,   0% used [0x00000007a5560000, 0x00000007a5560000, 0x00000007a6ab0000)
 concurrent mark-sweep generation total 393216K, used 55573K [0x00000007a8000000, 0x00000007c0000000, 0x00000007c0000000)
 Metaspace       used 39698K, capacity 40688K, committed 41028K, reserved 1085440K
  class space    used 4325K, capacity 4572K, committed 4708K, reserved 1048576K
}
2017-06-02T18:07:23.196-0100: 106622.994: Total time for which application threads were stopped: 0.0127531 seconds, Stopping threads took: 0.0000178 seconds
{Heap before GC invocations=305 (full 3):
 par new generation   total 109248K, used 108650K [0x00000007a0000000, 0x00000007a8000000, 0x00000007a8000000)
  eden space 87424K,  99% used [0x00000007a0000000, 0x00000007a5531fd8, 0x00000007a5560000)
  from space 21824K,  98% used [0x00000007a6ab0000, 0x00000007a7f98a68, 0x00000007a8000000)
  to   space 21824K,   0% used [0x00000007a5560000, 0x00000007a5560000, 0x00000007a6ab0000)
 concurrent mark-sweep generation total 393216K, used 55573K [0x00000007a8000000, 0x00000007c0000000, 0x00000007c0000000)
 Metaspace       used 39698K, capacity 40688K, committed 41028K, reserved 1085440K
  class space    used 4325K, capacity 4572K, committed 4708K, reserved 1048576K
2017-06-02T18:07:23.374-0100: 106623.173: [GC (Allocation Failure) 2017-06-02T18:07:23.374-0100: 106623.173: [ParNew
Desired survivor size 20112992 bytes, new threshold 8 (max 8)
- age   1:    3260000 bytes,    3260000 total
- age   2:    4806984 bytes,    8066984 total
- age   3:    1044008 bytes,    9110992 total
- age   4:    1151704 bytes,   10262696 total
- age   5:     788952 bytes,   11051648 total
- age   6:    3867216 bytes,   14918864 total
- age   7:    1822512 bytes,   16741376 total
- age   8:     840712 bytes,   17582088 total
: 108650K->21824K(109248K), 0.0071220 secs] 164223K->80180K(502464K), 0.0071971 secs] [Times: user=0.03 sys=0.00, real=0.01 secs] 
Heap after GC invocations=306 (full 3):
 par new generation   total 109248K, used 21824K [0x00000007a0000000, 0x00000007a8000000, 0x00000007a8000000)
  eden space 87424K,   0% used [0x00000007a0000000, 0x00000007a0000000, 0x00000007a5560000)
  from space 21824K, 100% used [0x00000007a5560000, 0x00000007a6ab0000, 0x00000007a6ab0000)
  to   space 21824K,   0% used [0x00000007a6ab0000, 0x00000007a6ab0000, 0x00000007a8000000)
 concurrent mark-sweep generation total 393216K, used 58356K [0x00000007a8000000, 0x00000007c0000000, 0x00000007c0000000)
 Metaspace       used 39698K, capacity 40688K, committed 41028K, reserved 1085440K
  class space    used 4325K, capacity 4572K, committed 4708K, reserved 1048576K
}
2017-06-02T18:07:23.382-0100: 106623.180: Total time for which application threads were stopped: 0.0073799 seconds, Stopping threads took: 0.0000171 seconds
{Heap before GC invocations=306 (full 3):
 par new generation   total 109248K, used 109248K [0x00000007a0000000, 0x00000007a8000000, 0x00000007a8000000)
  eden space 87424K, 100% used [0x00000007a0000000, 0x00000007a5560000, 0x00000007a5560000)
  from space 21824K, 100% used [0x00000007a5560000, 0x00000007a6ab0000, 0x00000007a6ab0000)
  to   space 21824K,   0% used [0x00000007a6ab0000, 0x00000007a6ab0000, 0x00000007a8000000)
 concurrent mark-sweep generation total 393216K, used 58356K [0x00000007a8000000, 0x00000007c0000000, 0x00000007c0000000)
 Metaspace       used 39698K, capacity 40688K, committed 41028K, reserved 1085440K
  class space    used 4325K, capacity 4572K, committed 4708K, reserved 1048576K
2017-06-02T18:07:23.558-0100: 106623.356: [GC (Allocation Failure) 2017-06-02T18:07:23.558-0100: 106623.357: [ParNew
Desired survivor size 20112992 bytes, new threshold 8 (max 8)
- age   1:    1977432 bytes,    1977432 total
- age   2:    3201536 bytes,    5178968 total
- age   3:    3733320 bytes,    8912288 total
- age   4:    1043976 bytes,    9956264 total
- age   5:     861784 bytes,   10818048 total
- age   6:     787880 bytes,   11605928 total
- age   7:    2191536 bytes,   13797464 total
- age   8:    1822512 bytes,   15619976 total
: 109248K->21824K(109248K), 0.0113136 secs] 167604K->82344K(502464K), 0.0113808 secs] [Times: user=0.04 sys=0.00, real=0.01 secs] 
Heap after GC invocations=307 (full 3):
 par new generation   total 109248K, used 21824K [0x00000007a0000000, 0x00000007a8000000, 0x00000007a8000000)
  eden space 87424K,   0% used [0x00000007a0000000, 0x00000007a0000000, 0x00000007a5560000)
  from space 21824K, 100% used [0x00000007a6ab0000, 0x00000007a8000000, 0x00000007a8000000)
  to   space 21824K,   0% used [0x00000007a5560000, 0x00000007a5560000, 0x00000007a6ab0000)
 concurrent mark-sweep generation total 393216K, used 60520K [0x00000007a8000000, 0x00000007c0000000, 0x00000007c0000000)
 Metaspace       used 39698K, capacity 40688K, committed 41028K, reserved 1085440K
  class space    used 4325K, capacity 4572K, committed 4708K, reserved 1048576K
}
2017-06-02T18:07:23.569-0100: 106623.368: Total time for which application threads were stopped: 0.0116252 seconds, Stopping threads took: 0.0000214 seconds
{Heap before GC invocations=307 (full 3):
 par new generation   total 109248K, used 109248K [0x00000007a0000000, 0x00000007a8000000, 0x00000007a8000000)
  eden space 87424K, 100% used [0x00000007a0000000, 0x00000007a5560000, 0x00000007a5560000)
  from space 21824K, 100% used [0x00000007a6ab0000, 0x00000007a8000000, 0x00000007a8000000)
  to   space 21824K,   0% used [0x00000007a5560000, 0x00000007a5560000, 0x00000007a6ab0000)
 concurrent mark-sweep generation total 393216K, used 60520K [0x00000007a8000000, 0x00000007c0000000, 0x00000007c0000000)
 Metaspace       used 39698K, capacity 40688K, committed 41028K, reserved 1085440K
  class space    used 4325K, capacity 4572K, committed 4708K, reserved 1048576K
2017-06-02T18:07:23.782-0100: 106623.580: [GC (Allocation Failure) 2017-06-02T18:07:23.782-0100: 106623.580: [ParNew
Desired survivor size 20112992 bytes, new threshold 8 (max 8)
- age   1:    2490760 bytes,    2490760 total
- age   2:    1919384 bytes,    4410144 total
- age   3:    3201536 bytes,    7611680 total
- age   4:    3733320 bytes,   11345000 total
- age   5:    1063736 bytes,   12408736 total
- age   6:     894592 bytes,   13303328 total
- age   7:     818952 bytes,   14122280 total
- age   8:     812320 bytes,   14934600 total
: 109248K->17126K(109248K), 0.0112673 secs] 169768K->79435K(502464K), 0.0113300 secs] [Times: user=0.02 sys=0.00, real=0.01 secs] 
Heap after GC invocations=308 (full 3):
 par new generation   total 109248K, used 17126K [0x00000007a0000000, 0x00000007a8000000, 0x00000007a8000000)
  eden space 87424K,   0% used [0x00000007a0000000, 0x00000007a0000000, 0x00000007a5560000)
  from space 21824K,  78% used [0x00000007a5560000, 0x00000007a66199b8, 0x00000007a6ab0000)
  to   space 21824K,   0% used [0x00000007a6ab0000, 0x00000007a6ab0000, 0x00000007a8000000)
 concurrent mark-sweep generation total 393216K, used 62308K [0x00000007a8000000, 0x00000007c0000000, 0x00000007c0000000)
 Metaspace       used 39698K, capacity 40688K, committed 41028K, reserved 1085440K
  class space    used 4325K, capacity 4572K, committed 4708K, reserved 1048576K
}
2017-06-02T18:07:23.793-0100: 106623.592: Total time for which application threads were stopped: 0.0115254 seconds, Stopping threads took: 0.0000191 seconds
{Heap before GC invocations=308 (full 3):
 par new generation   total 109248K, used 104550K [0x00000007a0000000, 0x00000007a8000000, 0x00000007a8000000)
  eden space 87424K, 100% used [0x00000007a0000000, 0x00000007a5560000, 0x00000007a5560000)
  from space 21824K,  78% used [0x00000007a5560000, 0x00000007a66199b8, 0x00000007a6ab0000)
  to   space 21824K,   0% used [0x00000007a6ab0000, 0x00000007a6ab0000, 0x00000007a8000000)
 concurrent mark-sweep generation total 393216K, used 62308K [0x00000007a8000000, 0x00000007c0000000, 0x00000007c0000000)
 Metaspace       used 39698K, capacity 40688K, committed 41028K, reserved 1085440K
  class space    used 4325K, capacity 4572K, committed 4708K, reserved 1048576K
2017-06-02T18:07:23.988-0100: 106623.787: [GC (Allocation Failure) 2017-06-02T18:07:23.988-0100: 106623.787: [ParNew
Desired survivor size 20112992 bytes, new threshold 8 (max 8)
- age   1:    3398144 bytes,    3398144 total
- age   2:    2418736 bytes,    5816880 total
- age   3:    1165352 bytes,    6982232 total
- age   4:    3201536 bytes,   10183768 total
- age   5:    3733320 bytes,   13917088 total
- age   6:    1027640 bytes,   14944728 total
- age   7:     861784 bytes,   15806512 total
- age   8:     429848 bytes,   16236360 total
: 104550K->21824K(109248K), 0.0063132 secs] 166859K->85606K(502464K), 0.0063874 secs] [Times: user=0.02 sys=0.00, real=0.01 secs] 
Heap after GC invocations=309 (full 3):
 par new generation   total 109248K, used 21824K [0x00000007a0000000, 0x00000007a8000000, 0x00000007a8000000)
  eden space 87424K,   0% used [0x00000007a0000000, 0x00000007a0000000, 0x00000007a5560000)
  from space 21824K, 100% used [0x00000007a6ab0000, 0x00000007a8000000, 0x00000007a8000000)
  to   space 21824K,   0% used [0x00000007a5560000, 0x00000007a5560000, 0x00000007a6ab0000)
 concurrent mark-sweep generation total 393216K, used 63782K [0x00000007a8000000, 0x00000007c0000000, 0x00000007c0000000)
 Metaspace       used 39698K, capacity 40688K, committed 41028K, reserved 1085440K
  class space    used 4325K, capacity 4572K, committed 4708K, reserved 1048576K
}
2017-06-02T18:07:23.995-0100: 106623.793: Total time for which application threads were stopped: 0.0065736 seconds, Stopping threads took: 0.0000175 seconds
{Heap before GC invocations=309 (full 3):
 par new generation   total 109248K, used 109248K [0x00000007a0000000, 0x00000007a8000000, 0x00000007a8000000)
  eden space 87424K, 100% used [0x00000007a0000000, 0x00000007a5560000, 0x00000007a5560000)
  from space 21824K, 100% used [0x00000007a6ab0000, 0x00000007a8000000, 0x00000007a8000000)
  to   space 21824K,   0% used [0x00000007a5560000, 0x00000007a5560000, 0x00000007a6ab0000)
 concurrent mark-sweep generation total 393216K, used 63782K [0x00000007a8000000, 0x00000007c0000000, 0x00000007c0000000)
 Metaspace       used 39698K, capacity 40688K, committed 41028K, reserved 1085440K
  class space    used 4325K, capacity 4572K, committed 4708K, reserved 1048576K
2017-06-02T18:07:24.159-0100: 106623.957: [GC (Allocation Failure) 2017-06-02T18:07:24.159-0100: 106623.958: [ParNew
Desired survivor size 20112992 bytes, new threshold 8 (max 8)
- age   1:    3124128 bytes,    3124128 total
- age   2:    3299872 bytes,    6424000 total
- age   3:    2416736 bytes,    8840736 total
- age   4:    1163288 bytes,   10004024 total
- age   5:    3200496 bytes,   13204520 total
- age   6:    3151720 bytes,   16356240 total
- age   7:    1026728 bytes,   17382968 total
- age   8:     788432 bytes,   18171400 total
: 109248K->21824K(109248K), 0.0060851 secs] 173030K->88993K(502464K), 0.0061512 secs] [Times: user=0.02 sys=0.00, real=0.01 secs] 
Heap after GC invocations=310 (full 3):
 par new generation   total 109248K, used 21824K [0x00000007a0000000, 0x00000007a8000000, 0x00000007a8000000)
  eden space 87424K,   0% used [0x00000007a0000000, 0x00000007a0000000, 0x00000007a5560000)
  from space 21824K, 100% used [0x00000007a5560000, 0x00000007a6ab0000, 0x00000007a6ab0000)
  to   space 21824K,   0% used [0x00000007a6ab0000, 0x00000007a6ab0000, 0x00000007a8000000)
 concurrent mark-sweep generation total 393216K, used 67169K [0x00000007a8000000, 0x00000007c0000000, 0x00000007c0000000)
 Metaspace       used 39698K, capacity 40688K, committed 41028K, reserved 1085440K
  class space    used 4325K, capacity 4572K, committed 4708K, reserved 1048576K
}
2017-06-02T18:07:24.165-0100: 106623.964: Total time for which application threads were stopped: 0.0063347 seconds, Stopping threads took: 0.0000192 seconds
{Heap before GC invocations=310 (full 3):
 par new generation   total 109248K, used 109248K [0x00000007a0000000, 0x00000007a8000000, 0x00000007a8000000)
  eden space 87424K, 100% used [0x00000007a0000000, 0x00000007a5560000, 0x00000007a5560000)
  from space 21824K, 100% used [0x00000007a5560000, 0x00000007a6ab0000, 0x00000007a6ab0000)
  to   space 21824K,   0% used [0x00000007a6ab0000, 0x00000007a6ab0000, 0x00000007a8000000)
 concurrent mark-sweep generation total 393216K, used 67169K [0x00000007a8000000, 0x00000007c0000000, 0x00000007c0000000)
 Metaspace       used 39698K, capacity 40688K, committed 41028K, reserved 1085440K
  class space    used 4325K, capacity 4572K, committed 4708K, reserved 1048576K
2017-06-02T18:07:24.331-0100: 106624.129: [GC (Allocation Failure) 2017-06-02T18:07:24.331-0100: 106624.129: [ParNew
Desired survivor size 20112992 bytes, new threshold 8 (max 8)
- age   1:     927816 bytes,     927816 total
- age   2:    2471736 bytes,    3399552 total
- age   3:    3299872 bytes,    6699424 total
- age   4:    2416736 bytes,    9116160 total
- age   5:    1163288 bytes,   10279448 total
- age   6:    3198480 bytes,   13477928 total
- age   7:    3151720 bytes,   16629648 total
- age   8:    1026728 bytes,   17656376 total
: 109248K->21824K(109248K), 0.0064733 secs] 176417K->90361K(502464K), 0.0065454 secs] [Times: user=0.02 sys=0.01, real=0.00 secs] 
Heap after GC invocations=311 (full 3):
 par new generation   total 109248K, used 21824K [0x00000007a0000000, 0x00000007a8000000, 0x00000007a8000000)
  eden space 87424K,   0% used [0x00000007a0000000, 0x00000007a0000000, 0x00000007a5560000)
  from space 21824K, 100% used [0x00000007a6ab0000, 0x00000007a8000000, 0x00000007a8000000)
  to   space 21824K,   0% used [0x00000007a5560000, 0x00000007a5560000, 0x00000007a6ab0000)
 concurrent mark-sweep generation total 393216K, used 68537K [0x00000007a8000000, 0x00000007c0000000, 0x00000007c0000000)
 Metaspace       used 39698K, capacity 40688K, committed 41028K, reserved 1085440K
  class space    used 4325K, capacity 4572K, committed 4708K, reserved 1048576K
}
2017-06-02T18:07:24.337-0100: 106624.136: Total time for which application threads were stopped: 0.0067272 seconds, Stopping threads took: 0.0000184 seconds
{Heap before GC invocations=311 (full 3):
 par new generation   total 109248K, used 109248K [0x00000007a0000000, 0x00000007a8000000, 0x00000007a8000000)
  eden space 87424K, 100% used [0x00000007a0000000, 0x00000007a5560000, 0x00000007a5560000)
  from space 21824K, 100% used [0x00000007a6ab0000, 0x00000007a8000000, 0x00000007a8000000)
  to   space 21824K,   0% used [0x00000007a5560000, 0x00000007a5560000, 0x00000007a6ab0000)
 concurrent mark-sweep generation total 393216K, used 68537K [0x00000007a8000000, 0x00000007c0000000, 0x00000007c0000000)
 Metaspace       used 39698K, capacity 40688K, committed 41028K, reserved 1085440K
  class space    used 4325K, capacity 4572K, committed 4708K, reserved 1048576K
2017-06-02T18:07:24.509-0100: 106624.307: [GC (Allocation Failure) 2017-06-02T18:07:24.509-0100: 106624.307: [ParNew
Desired survivor size 20112992 bytes, new threshold 8 (max 8)
- age   1:    1217880 bytes,    1217880 total
- age   2:     831112 bytes,    2048992 total
- age   3:    2300072 bytes,    4349064 total
- age   4:    3279080 bytes,    7628144 total
- age   5:    2394200 bytes,   10022344 total
- age   6:     781000 bytes,   10803344 total
- age   7:    3195832 bytes,   13999176 total
- age   8:    3148640 bytes,   17147816 total
: 109248K->21824K(109248K), 0.0127605 secs] 177785K->93300K(502464K), 0.0128198 secs] [Times: user=0.04 sys=0.00, real=0.02 secs] 
Heap after GC invocations=312 (full 3):
 par new generation   total 109248K, used 21824K [0x00000007a0000000, 0x00000007a8000000, 0x00000007a8000000)
  eden space 87424K,   0% used [0x00000007a0000000, 0x00000007a0000000, 0x00000007a5560000)
  from space 21824K, 100% used [0x00000007a5560000, 0x00000007a6ab0000, 0x00000007a6ab0000)
  to   space 21824K,   0% used [0x00000007a6ab0000, 0x00000007a6ab0000, 0x00000007a8000000)
 concurrent mark-sweep generation total 393216K, used 71476K [0x00000007a8000000, 0x00000007c0000000, 0x00000007c0000000)
 Metaspace       used 39698K, capacity 40688K, committed 41028K, reserved 1085440K
  class space    used 4325K, capacity 4572K, committed 4708K, reserved 1048576K
}
2017-06-02T18:07:24.521-0100: 106624.320: Total time for which application threads were stopped: 0.0130021 seconds, Stopping threads took: 0.0000197 seconds
{Heap before GC invocations=312 (full 3):
 par new generation   total 109248K, used 109248K [0x00000007a0000000, 0x00000007a8000000, 0x00000007a8000000)
  eden space 87424K, 100% used [0x00000007a0000000, 0x00000007a5560000, 0x00000007a5560000)
  from space 21824K, 100% used [0x00000007a5560000, 0x00000007a6ab0000, 0x00000007a6ab0000)
  to   space 21824K,   0% used [0x00000007a6ab0000, 0x00000007a6ab0000, 0x00000007a8000000)
 concurrent mark-sweep generation total 393216K, used 71476K [0x00000007a8000000, 0x00000007c0000000, 0x00000007c0000000)
 Metaspace       used 39698K, capacity 40688K, committed 41028K, reserved 1085440K
  class space    used 4325K, capacity 4572K, committed 4708K, reserved 1048576K
2017-06-02T18:07:24.688-0100: 106624.486: [GC (Allocation Failure) 2017-06-02T18:07:24.688-0100: 106624.486: [ParNew
Desired survivor size 20112992 bytes, new threshold 8 (max 8)
- age   1:    3442360 bytes,    3442360 total
- age   2:    1173240 bytes,    4615600 total
- age   3:     831112 bytes,    5446712 total
- age   4:    2300072 bytes,    7746784 total
- age   5:    3279080 bytes,   11025864 total
- age   6:    2379544 bytes,   13405408 total
- age   7:     781000 bytes,   14186408 total
- age   8:    1520184 bytes,   15706592 total
: 109248K->18558K(109248K), 0.0064957 secs] 180724K->92490K(502464K), 0.0065763 secs] [Times: user=0.02 sys=0.00, real=0.01 secs] 
Heap after GC invocations=313 (full 3):
 par new generation   total 109248K, used 18558K [0x00000007a0000000, 0x00000007a8000000, 0x00000007a8000000)
  eden space 87424K,   0% used [0x00000007a0000000, 0x00000007a0000000, 0x00000007a5560000)
  from space 21824K,  85% used [0x00000007a6ab0000, 0x00000007a7ccf890, 0x00000007a8000000)
  to   space 21824K,   0% used [0x00000007a5560000, 0x00000007a5560000, 0x00000007a6ab0000)
 concurrent mark-sweep generation total 393216K, used 73932K [0x00000007a8000000, 0x00000007c0000000, 0x00000007c0000000)
 Metaspace       used 39698K, capacity 40688K, committed 41028K, reserved 1085440K
  class space    used 4325K, capacity 4572K, committed 4708K, reserved 1048576K
}
2017-06-02T18:07:24.695-0100: 106624.493: Total time for which application threads were stopped: 0.0067836 seconds, Stopping threads took: 0.0000208 seconds
{Heap before GC invocations=313 (full 3):
 par new generation   total 109248K, used 105982K [0x00000007a0000000, 0x00000007a8000000, 0x00000007a8000000)
  eden space 87424K, 100% used [0x00000007a0000000, 0x00000007a5560000, 0x00000007a5560000)
  from space 21824K,  85% used [0x00000007a6ab0000, 0x00000007a7ccf890, 0x00000007a8000000)
  to   space 21824K,   0% used [0x00000007a5560000, 0x00000007a5560000, 0x00000007a6ab0000)
 concurrent mark-sweep generation total 393216K, used 73932K [0x00000007a8000000, 0x00000007c0000000, 0x00000007c0000000)
 Metaspace       used 39698K, capacity 40688K, committed 41028K, reserved 1085440K
  class space    used 4325K, capacity 4572K, committed 4708K, reserved 1048576K
2017-06-02T18:07:24.866-0100: 106624.664: [GC (Allocation Failure) 2017-06-02T18:07:24.866-0100: 106624.664: [ParNew
Desired survivor size 20112992 bytes, new threshold 8 (max 8)
- age   1:     907048 bytes,     907048 total
- age   2:    3399704 bytes,    4306752 total
- age   3:    1173240 bytes,    5479992 total
- age   4:     831112 bytes,    6311104 total
- age   5:    2300072 bytes,    8611176 total
- age   6:    3275352 bytes,   11886528 total
- age   7:    2377576 bytes,   14264104 total
- age   8:     781000 bytes,   15045104 total
: 105982K->20044K(109248K), 0.0064346 secs] 179914K->95469K(502464K), 0.0064993 secs] [Times: user=0.02 sys=0.00, real=0.01 secs] 
Heap after GC invocations=314 (full 3):
 par new generation   total 109248K, used 20044K [0x00000007a0000000, 0x00000007a8000000, 0x00000007a8000000)
  eden space 87424K,   0% used [0x00000007a0000000, 0x00000007a0000000, 0x00000007a5560000)
  from space 21824K,  91% used [0x00000007a5560000, 0x00000007a68f3260, 0x00000007a6ab0000)
  to   space 21824K,   0% used [0x00000007a6ab0000, 0x00000007a6ab0000, 0x00000007a8000000)
 concurrent mark-sweep generation total 393216K, used 75424K [0x00000007a8000000, 0x00000007c0000000, 0x00000007c0000000)
 Metaspace       used 39698K, capacity 40688K, committed 41028K, reserved 1085440K
  class space    used 4325K, capacity 4572K, committed 4708K, reserved 1048576K
}
2017-06-02T18:07:24.872-0100: 106624.671: Total time for which application threads were stopped: 0.0067000 seconds, Stopping threads took: 0.0000225 seconds
{Heap before GC invocations=314 (full 3):
 par new generation   total 109248K, used 107468K [0x00000007a0000000, 0x00000007a8000000, 0x00000007a8000000)
  eden space 87424K, 100% used [0x00000007a0000000, 0x00000007a5560000, 0x00000007a5560000)
  from space 21824K,  91% used [0x00000007a5560000, 0x00000007a68f3260, 0x00000007a6ab0000)
  to   space 21824K,   0% used [0x00000007a6ab0000, 0x00000007a6ab0000, 0x00000007a8000000)
 concurrent mark-sweep generation total 393216K, used 75424K [0x00000007a8000000, 0x00000007c0000000, 0x00000007c0000000)
 Metaspace       used 39698K, capacity 40688K, committed 41028K, reserved 1085440K
  class space    used 4325K, capacity 4572K, committed 4708K, reserved 1048576K
2017-06-02T18:07:25.052-0100: 106624.850: [GC (Allocation Failure) 2017-06-02T18:07:25.052-0100: 106624.850: [ParNew
Desired survivor size 20112992 bytes, new threshold 8 (max 8)
- age   1:    2145936 bytes,    2145936 total
- age   2:     811064 bytes,    2957000 total
- age   3:    3399704 bytes,    6356704 total
- age   4:    1173240 bytes,    7529944 total
- age   5:     831112 bytes,    8361056 total
- age   6:    1646984 bytes,   10008040 total
- age   7:    3275352 bytes,   13283392 total
- age   8:    2377576 bytes,   15660968 total
: 107468K->17530K(109248K), 0.0072625 secs] 182893K->93727K(502464K), 0.0073356 secs] [Times: user=0.03 sys=0.00, real=0.00 secs] 
Heap after GC invocations=315 (full 3):
 par new generation   total 109248K, used 17530K [0x00000007a0000000, 0x00000007a8000000, 0x00000007a8000000)
  eden space 87424K,   0% used [0x00000007a0000000, 0x00000007a0000000, 0x00000007a5560000)
  from space 21824K,  80% used [0x00000007a6ab0000, 0x00000007a7bce8d0, 0x00000007a8000000)
  to   space 21824K,   0% used [0x00000007a5560000, 0x00000007a5560000, 0x00000007a6ab0000)
 concurrent mark-sweep generation total 393216K, used 76197K [0x00000007a8000000, 0x00000007c0000000, 0x00000007c0000000)
 Metaspace       used 39698K, capacity 40688K, committed 41028K, reserved 1085440K
  class space    used 4325K, capacity 4572K, committed 4708K, reserved 1048576K
}
2017-06-02T18:07:25.059-0100: 106624.858: Total time for which application threads were stopped: 0.0075383 seconds, Stopping threads took: 0.0000238 seconds
{Heap before GC invocations=315 (full 3):
 par new generation   total 109248K, used 104954K [0x00000007a0000000, 0x00000007a8000000, 0x00000007a8000000)
  eden space 87424K, 100% used [0x00000007a0000000, 0x00000007a5560000, 0x00000007a5560000)
  from space 21824K,  80% used [0x00000007a6ab0000, 0x00000007a7bce8d0, 0x00000007a8000000)
  to   space 21824K,   0% used [0x00000007a5560000, 0x00000007a5560000, 0x00000007a6ab0000)
 concurrent mark-sweep generation total 393216K, used 76197K [0x00000007a8000000, 0x00000007c0000000, 0x00000007c0000000)
 Metaspace       used 39698K, capacity 40688K, committed 41028K, reserved 1085440K
  class space    used 4325K, capacity 4572K, committed 4708K, reserved 1048576K
2017-06-02T18:07:25.224-0100: 106625.023: [GC (Allocation Failure) 2017-06-02T18:07:25.225-0100: 106625.023: [ParNew
Desired survivor size 20112992 bytes, new threshold 8 (max 8)
- age   1:    4936080 bytes,    4936080 total
- age   2:    2102040 bytes,    7038120 total
- age   3:     811064 bytes,    7849184 total
- age   4:    3399704 bytes,   11248888 total
- age   5:    1173240 bytes,   12422128 total
- age   6:     831112 bytes,   13253240 total
- age   7:    1646984 bytes,   14900224 total
- age   8:    3275352 bytes,   18175576 total
: 104954K->21179K(109248K), 0.0115662 secs] 181151K->100371K(502464K), 0.0116269 secs] [Times: user=0.02 sys=0.00, real=0.01 secs] 
Heap after GC invocations=316 (full 3):
 par new generation   total 109248K, used 21179K [0x00000007a0000000, 0x00000007a8000000, 0x00000007a8000000)
  eden space 87424K,   0% used [0x00000007a0000000, 0x00000007a0000000, 0x00000007a5560000)
  from space 21824K,  97% used [0x00000007a5560000, 0x00000007a6a0ee20, 0x00000007a6ab0000)
  to   space 21824K,   0% used [0x00000007a6ab0000, 0x00000007a6ab0000, 0x00000007a8000000)
 concurrent mark-sweep generation total 393216K, used 79192K [0x00000007a8000000, 0x00000007c0000000, 0x00000007c0000000)
 Metaspace       used 39698K, capacity 40688K, committed 41028K, reserved 1085440K
  class space    used 4325K, capacity 4572K, committed 4708K, reserved 1048576K
}
2017-06-02T18:07:25.236-0100: 106625.035: Total time for which application threads were stopped: 0.0118071 seconds, Stopping threads took: 0.0000176 seconds
{Heap before GC invocations=316 (full 3):
 par new generation   total 109248K, used 108603K [0x00000007a0000000, 0x00000007a8000000, 0x00000007a8000000)
  eden space 87424K, 100% used [0x00000007a0000000, 0x00000007a5560000, 0x00000007a5560000)
  from space 21824K,  97% used [0x00000007a5560000, 0x00000007a6a0ee20, 0x00000007a6ab0000)
  to   space 21824K,   0% used [0x00000007a6ab0000, 0x00000007a6ab0000, 0x00000007a8000000)
 concurrent mark-sweep generation total 393216K, used 79192K [0x00000007a8000000, 0x00000007c0000000, 0x00000007c0000000)
 Metaspace       used 39698K, capacity 40688K, committed 41028K, reserved 1085440K
  class space    used 4325K, capacity 4572K, committed 4708K, reserved 1048576K
2017-06-02T18:07:25.405-0100: 106625.204: [GC (Allocation Failure) 2017-06-02T18:07:25.405-0100: 106625.204: [ParNew
Desired survivor size 20112992 bytes, new threshold 8 (max 8)
- age   1:    3132240 bytes,    3132240 total
- age   2:    2841600 bytes,    5973840 total
- age   3:    2102040 bytes,    8075880 total
- age   4:     811064 bytes,    8886944 total
- age   5:    3399704 bytes,   12286648 total
- age   6:    1173240 bytes,   13459888 total
- age   7:     828840 bytes,   14288728 total
- age   8:    1646984 bytes,   15935712 total
: 108603K->21286K(109248K), 0.0132762 secs] 187795K->105285K(502464K), 0.0133499 secs] [Times: user=0.04 sys=0.00, real=0.01 secs] 
Heap after GC invocations=317 (full 3):
 par new generation   total 109248K, used 21286K [0x00000007a0000000, 0x00000007a8000000, 0x00000007a8000000)
  eden space 87424K,   0% used [0x00000007a0000000, 0x00000007a0000000, 0x00000007a5560000)
  from space 21824K,  97% used [0x00000007a6ab0000, 0x00000007a7f79880, 0x00000007a8000000)
  to   space 21824K,   0% used [0x00000007a5560000, 0x00000007a5560000, 0x00000007a6ab0000)
 concurrent mark-sweep generation total 393216K, used 83999K [0x00000007a8000000, 0x00000007c0000000, 0x00000007c0000000)
 Metaspace       used 39698K, capacity 40688K, committed 41028K, reserved 1085440K
  class space    used 4325K, capacity 4572K, committed 4708K, reserved 1048576K
}
2017-06-02T18:07:25.419-0100: 106625.217: Total time for which application threads were stopped: 0.0135305 seconds, Stopping threads took: 0.0000186 seconds
{Heap before GC invocations=317 (full 3):
 par new generation   total 109248K, used 108710K [0x00000007a0000000, 0x00000007a8000000, 0x00000007a8000000)
  eden space 87424K, 100% used [0x00000007a0000000, 0x00000007a5560000, 0x00000007a5560000)
  from space 21824K,  97% used [0x00000007a6ab0000, 0x00000007a7f79880, 0x00000007a8000000)
  to   space 21824K,   0% used [0x00000007a5560000, 0x00000007a5560000, 0x00000007a6ab0000)
 concurrent mark-sweep generation total 393216K, used 83999K [0x00000007a8000000, 0x00000007c0000000, 0x00000007c0000000)
 Metaspace       used 39698K, capacity 40688K, committed 41028K, reserved 1085440K
  class space    used 4325K, capacity 4572K, committed 4708K, reserved 1048576K
2017-06-02T18:07:25.591-0100: 106625.389: [GC (Allocation Failure) 2017-06-02T18:07:25.591-0100: 106625.389: [ParNew
Desired survivor size 20112992 bytes, new threshold 8 (max 8)
- age   1:    1335480 bytes,    1335480 total
- age   2:    3086920 bytes,    4422400 total
- age   3:    2841600 bytes,    7264000 total
- age   4:    2102040 bytes,    9366040 total
- age   5:     811064 bytes,   10177104 total
- age   6:    3383248 bytes,   13560352 total
- age   7:    1173240 bytes,   14733592 total
- age   8:     828840 bytes,   15562432 total
: 108710K->19152K(109248K), 0.0068314 secs] 192709K->104530K(502464K), 0.0069029 secs] [Times: user=0.03 sys=0.00, real=0.00 secs] 
Heap after GC invocations=318 (full 3):
 par new generation   total 109248K, used 19152K [0x00000007a0000000, 0x00000007a8000000, 0x00000007a8000000)
  eden space 87424K,   0% used [0x00000007a0000000, 0x00000007a0000000, 0x00000007a5560000)
  from space 21824K,  87% used [0x00000007a5560000, 0x00000007a6814368, 0x00000007a6ab0000)
  to   space 21824K,   0% used [0x00000007a6ab0000, 0x00000007a6ab0000, 0x00000007a8000000)
 concurrent mark-sweep generation total 393216K, used 85377K [0x00000007a8000000, 0x00000007c0000000, 0x00000007c0000000)
 Metaspace       used 39698K, capacity 40688K, committed 41028K, reserved 1085440K
  class space    used 4325K, capacity 4572K, committed 4708K, reserved 1048576K
}
2017-06-02T18:07:25.598-0100: 106625.396: Total time for which application threads were stopped: 0.0070869 seconds, Stopping threads took: 0.0000173 seconds
{Heap before GC invocations=318 (full 3):
 par new generation   total 109248K, used 106576K [0x00000007a0000000, 0x00000007a8000000, 0x00000007a8000000)
  eden space 87424K, 100% used [0x00000007a0000000, 0x00000007a5560000, 0x00000007a5560000)
  from space 21824K,  87% used [0x00000007a5560000, 0x00000007a6814368, 0x00000007a6ab0000)
  to   space 21824K,   0% used [0x00000007a6ab0000, 0x00000007a6ab0000, 0x00000007a8000000)
 concurrent mark-sweep generation total 393216K, used 85377K [0x00000007a8000000, 0x00000007c0000000, 0x00000007c0000000)
 Metaspace       used 39698K, capacity 40688K, committed 41028K, reserved 1085440K
  class space    used 4325K, capacity 4572K, committed 4708K, reserved 1048576K
2017-06-02T18:07:25.763-0100: 106625.561: [GC (Allocation Failure) 2017-06-02T18:07:25.763-0100: 106625.561: [ParNew
Desired survivor size 20112992 bytes, new threshold 8 (max 8)
- age   1:    3173720 bytes,    3173720 total
- age   2:    1284096 bytes,    4457816 total
- age   3:    3086920 bytes,    7544736 total
- age   4:    2162208 bytes,    9706944 total
- age   5:    2102040 bytes,   11808984 total
- age   6:     806872 bytes,   12615856 total
- age   7:    3383224 bytes,   15999080 total
- age   8:     749048 bytes,   16748128 total
: 106576K->21824K(109248K), 0.0066285 secs] 191954K->108684K(502464K), 0.0066940 secs] [Times: user=0.02 sys=0.00, real=0.00 secs] 
Heap after GC invocations=319 (full 3):
 par new generation   total 109248K, used 21824K [0x00000007a0000000, 0x00000007a8000000, 0x00000007a8000000)
  eden space 87424K,   0% used [0x00000007a0000000, 0x00000007a0000000, 0x00000007a5560000)
  from space 21824K, 100% used [0x00000007a6ab0000, 0x00000007a8000000, 0x00000007a8000000)
  to   space 21824K,   0% used [0x00000007a5560000, 0x00000007a5560000, 0x00000007a6ab0000)
 concurrent mark-sweep generation total 393216K, used 86860K [0x00000007a8000000, 0x00000007c0000000, 0x00000007c0000000)
 Metaspace       used 39698K, capacity 40688K, committed 41028K, reserved 1085440K
  class space    used 4325K, capacity 4572K, committed 4708K, reserved 1048576K
}
2017-06-02T18:07:25.769-0100: 106625.568: Total time for which application threads were stopped: 0.0068992 seconds, Stopping threads took: 0.0000216 seconds
{Heap before GC invocations=319 (full 3):
 par new generation   total 109248K, used 109248K [0x00000007a0000000, 0x00000007a8000000, 0x00000007a8000000)
  eden space 87424K, 100% used [0x00000007a0000000, 0x00000007a5560000, 0x00000007a5560000)
  from space 21824K, 100% used [0x00000007a6ab0000, 0x00000007a8000000, 0x00000007a8000000)
  to   space 21824K,   0% used [0x00000007a5560000, 0x00000007a5560000, 0x00000007a6ab0000)
 concurrent mark-sweep generation total 393216K, used 86860K [0x00000007a8000000, 0x00000007c0000000, 0x00000007c0000000)
 Metaspace       used 39698K, capacity 40688K, committed 41028K, reserved 1085440K
  class space    used 4325K, capacity 4572K, committed 4708K, reserved 1048576K
2017-06-02T18:07:25.935-0100: 106625.733: [GC (Allocation Failure) 2017-06-02T18:07:25.935-0100: 106625.733: [ParNew
Desired survivor size 20112992 bytes, new threshold 8 (max 8)
- age   1:    2954264 bytes,    2954264 total
- age   2:    3135520 bytes,    6089784 total
- age   3:    1284096 bytes,    7373880 total
- age   4:    3086920 bytes,   10460800 total
- age   5:    2162208 bytes,   12623008 total
- age   6:    2102040 bytes,   14725048 total
- age   7:     801320 bytes,   15526368 total
- age   8:    1498096 bytes,   17024464 total
: 109248K->21087K(109248K), 0.0067679 secs] 196108K->108688K(502464K), 0.0068377 secs] [Times: user=0.02 sys=0.00, real=0.01 secs] 
Heap after GC invocations=320 (full 3):
 par new generation   total 109248K, used 21087K [0x00000007a0000000, 0x00000007a8000000, 0x00000007a8000000)
  eden space 87424K,   0% used [0x00000007a0000000, 0x00000007a0000000, 0x00000007a5560000)
  from space 21824K,  96% used [0x00000007a5560000, 0x00000007a69f7cd0, 0x00000007a6ab0000)
  to   space 21824K,   0% used [0x00000007a6ab0000, 0x00000007a6ab0000, 0x00000007a8000000)
 concurrent mark-sweep generation total 393216K, used 87601K [0x00000007a8000000, 0x00000007c0000000, 0x00000007c0000000)
 Metaspace       used 39698K, capacity 40688K, committed 41028K, reserved 1085440K
  class space    used 4325K, capacity 4572K, committed 4708K, reserved 1048576K
}
2017-06-02T18:07:25.942-0100: 106625.740: Total time for which application threads were stopped: 0.0070146 seconds, Stopping threads took: 0.0000174 seconds
{Heap before GC invocations=320 (full 3):
 par new generation   total 109248K, used 108511K [0x00000007a0000000, 0x00000007a8000000, 0x00000007a8000000)
  eden space 87424K, 100% used [0x00000007a0000000, 0x00000007a5560000, 0x00000007a5560000)
  from space 21824K,  96% used [0x00000007a5560000, 0x00000007a69f7cd0, 0x00000007a6ab0000)
  to   space 21824K,   0% used [0x00000007a6ab0000, 0x00000007a6ab0000, 0x00000007a8000000)
 concurrent mark-sweep generation total 393216K, used 87601K [0x00000007a8000000, 0x00000007c0000000, 0x00000007c0000000)
 Metaspace       used 39698K, capacity 40688K, committed 41028K, reserved 1085440K
  class space    used 4325K, capacity 4572K, committed 4708K, reserved 1048576K
2017-06-02T18:07:26.112-0100: 106625.911: [GC (Allocation Failure) 2017-06-02T18:07:26.112-0100: 106625.911: [ParNew
Desired survivor size 20112992 bytes, new threshold 8 (max 8)
- age   1:    1759672 bytes,    1759672 total
- age   2:    2895592 bytes,    4655264 total
- age   3:    3135520 bytes,    7790784 total
- age   4:    1284096 bytes,    9074880 total
- age   5:    3086920 bytes,   12161800 total
- age   6:    2162208 bytes,   14324008 total
- age   7:    1367312 bytes,   15691320 total
- age   8:     801320 bytes,   16492640 total
: 108511K->20233K(109248K), 0.0067516 secs] 196112K->109308K(502464K), 0.0068124 secs] [Times: user=0.02 sys=0.00, real=0.00 secs] 
Heap after GC invocations=321 (full 3):
 par new generation   total 109248K, used 20233K [0x00000007a0000000, 0x00000007a8000000, 0x00000007a8000000)
  eden space 87424K,   0% used [0x00000007a0000000, 0x00000007a0000000, 0x00000007a5560000)
  from space 21824K,  92% used [0x00000007a6ab0000, 0x00000007a7e726a0, 0x00000007a8000000)
  to   space 21824K,   0% used [0x00000007a5560000, 0x00000007a5560000, 0x00000007a6ab0000)
 concurrent mark-sweep generation total 393216K, used 89075K [0x00000007a8000000, 0x00000007c0000000, 0x00000007c0000000)
 Metaspace       used 39698K, capacity 40688K, committed 41028K, reserved 1085440K
  class space    used 4325K, capacity 4572K, committed 4708K, reserved 1048576K
}
2017-06-02T18:07:26.119-0100: 106625.918: Total time for which application threads were stopped: 0.0069981 seconds, Stopping threads took: 0.0000196 seconds
{Heap before GC invocations=321 (full 3):
 par new generation   total 109248K, used 107657K [0x00000007a0000000, 0x00000007a8000000, 0x00000007a8000000)
  eden space 87424K, 100% used [0x00000007a0000000, 0x00000007a5560000, 0x00000007a5560000)
  from space 21824K,  92% used [0x00000007a6ab0000, 0x00000007a7e726a0, 0x00000007a8000000)
  to   space 21824K,   0% used [0x00000007a5560000, 0x00000007a5560000, 0x00000007a6ab0000)
 concurrent mark-sweep generation total 393216K, used 89075K [0x00000007a8000000, 0x00000007c0000000, 0x00000007c0000000)
 Metaspace       used 39698K, capacity 40688K, committed 41028K, reserved 1085440K
  class space    used 4325K, capacity 4572K, committed 4708K, reserved 1048576K
2017-06-02T18:07:26.284-0100: 106626.083: [GC (Allocation Failure) 2017-06-02T18:07:26.285-0100: 106626.083: [ParNew
Desired survivor size 20112992 bytes, new threshold 8 (max 8)
- age   1:    1574360 bytes,    1574360 total
- age   2:    1673536 bytes,    3247896 total
- age   3:    2895592 bytes,    6143488 total
- age   4:    3135520 bytes,    9279008 total
- age   5:    1284096 bytes,   10563104 total
- age   6:    3086920 bytes,   13650024 total
- age   7:    2162208 bytes,   15812232 total
- age   8:    1367312 bytes,   17179544 total
: 107657K->19494K(109248K), 0.0066711 secs] 196732K->109363K(502464K), 0.0067462 secs] [Times: user=0.02 sys=0.00, real=0.01 secs] 
Heap after GC invocations=322 (full 3):
 par new generation   total 109248K, used 19494K [0x00000007a0000000, 0x00000007a8000000, 0x00000007a8000000)
  eden space 87424K,   0% used [0x00000007a0000000, 0x00000007a0000000, 0x00000007a5560000)
  from space 21824K,  89% used [0x00000007a5560000, 0x00000007a6869890, 0x00000007a6ab0000)
  to   space 21824K,   0% used [0x00000007a6ab0000, 0x00000007a6ab0000, 0x00000007a8000000)
 concurrent mark-sweep generation total 393216K, used 89868K [0x00000007a8000000, 0x00000007c0000000, 0x00000007c0000000)
 Metaspace       used 39698K, capacity 40688K, committed 41028K, reserved 1085440K
  class space    used 4325K, capacity 4572K, committed 4708K, reserved 1048576K
}
2017-06-02T18:07:26.291-0100: 106626.090: Total time for which application threads were stopped: 0.0069400 seconds, Stopping threads took: 0.0000330 seconds
{Heap before GC invocations=322 (full 3):
 par new generation   total 109248K, used 106918K [0x00000007a0000000, 0x00000007a8000000, 0x00000007a8000000)
  eden space 87424K, 100% used [0x00000007a0000000, 0x00000007a5560000, 0x00000007a5560000)
  from space 21824K,  89% used [0x00000007a5560000, 0x00000007a6869890, 0x00000007a6ab0000)
  to   space 21824K,   0% used [0x00000007a6ab0000, 0x00000007a6ab0000, 0x00000007a8000000)
 concurrent mark-sweep generation total 393216K, used 89868K [0x00000007a8000000, 0x00000007c0000000, 0x00000007c0000000)
 Metaspace       used 39698K, capacity 40688K, committed 41028K, reserved 1085440K
  class space    used 4325K, capacity 4572K, committed 4708K, reserved 1048576K
2017-06-02T18:07:26.446-0100: 106626.244: [GC (Allocation Failure) 2017-06-02T18:07:26.446-0100: 106626.244: [ParNew
Desired survivor size 20112992 bytes, new threshold 8 (max 8)
- age   1:    3870936 bytes,    3870936 total
- age   2:    1529856 bytes,    5400792 total
- age   3:    1673536 bytes,    7074328 total
- age   4:    2895592 bytes,    9969920 total
- age   5:    3135544 bytes,   13105464 total
- age   6:    1284096 bytes,   14389560 total
- age   7:    3084360 bytes,   17473920 total
- age   8:     803376 bytes,   18277296 total
: 106918K->21824K(109248K), 0.0136908 secs] 196787K->115278K(502464K), 0.0137511 secs] [Times: user=0.05 sys=0.00, real=0.02 secs] 
Heap after GC invocations=323 (full 3):
 par new generation   total 109248K, used 21824K [0x00000007a0000000, 0x00000007a8000000, 0x00000007a8000000)
  eden space 87424K,   0% used [0x00000007a0000000, 0x00000007a0000000, 0x00000007a5560000)
  from space 21824K, 100% used [0x00000007a6ab0000, 0x00000007a8000000, 0x00000007a8000000)
  to   space 21824K,   0% used [0x00000007a5560000, 0x00000007a5560000, 0x00000007a6ab0000)
 concurrent mark-sweep generation total 393216K, used 93454K [0x00000007a8000000, 0x00000007c0000000, 0x00000007c0000000)
 Metaspace       used 39698K, capacity 40688K, committed 41028K, reserved 1085440K
  class space    used 4325K, capacity 4572K, committed 4708K, reserved 1048576K
}
2017-06-02T18:07:26.460-0100: 106626.258: Total time for which application threads were stopped: 0.0139278 seconds, Stopping threads took: 0.0000213 seconds
{Heap before GC invocations=323 (full 3):
 par new generation   total 109248K, used 109248K [0x00000007a0000000, 0x00000007a8000000, 0x00000007a8000000)
  eden space 87424K, 100% used [0x00000007a0000000, 0x00000007a5560000, 0x00000007a5560000)
  from space 21824K, 100% used [0x00000007a6ab0000, 0x00000007a8000000, 0x00000007a8000000)
  to   space 21824K,   0% used [0x00000007a5560000, 0x00000007a5560000, 0x00000007a6ab0000)
 concurrent mark-sweep generation total 393216K, used 93454K [0x00000007a8000000, 0x00000007c0000000, 0x00000007c0000000)
 Metaspace       used 39698K, capacity 40688K, committed 41028K, reserved 1085440K
  class space    used 4325K, capacity 4572K, committed 4708K, reserved 1048576K
2017-06-02T18:07:26.626-0100: 106626.425: [GC (Allocation Failure) 2017-06-02T18:07:26.626-0100: 106626.425: [ParNew
Desired survivor size 20112992 bytes, new threshold 8 (max 8)
- age   1:     919432 bytes,     919432 total
- age   2:    1527224 bytes,    2446656 total
- age   3:    1528824 bytes,    3975480 total
- age   4:    1672168 bytes,    5647648 total
- age   5:    2894192 bytes,    8541840 total
- age   6:    2179344 bytes,   10721184 total
- age   7:    1173088 bytes,   11894272 total
- age   8:    3082872 bytes,   14977144 total
: 109248K->21824K(109248K), 0.0067087 secs] 202702K->119343K(502464K), 0.0067824 secs] [Times: user=0.02 sys=0.00, real=0.01 secs] 
Heap after GC invocations=324 (full 3):
 par new generation   total 109248K, used 21824K [0x00000007a0000000, 0x00000007a8000000, 0x00000007a8000000)
  eden space 87424K,   0% used [0x00000007a0000000, 0x00000007a0000000, 0x00000007a5560000)
  from space 21824K, 100% used [0x00000007a5560000, 0x00000007a6ab0000, 0x00000007a6ab0000)
  to   space 21824K,   0% used [0x00000007a6ab0000, 0x00000007a6ab0000, 0x00000007a8000000)
 concurrent mark-sweep generation total 393216K, used 97519K [0x00000007a8000000, 0x00000007c0000000, 0x00000007c0000000)
 Metaspace       used 39698K, capacity 40688K, committed 41028K, reserved 1085440K
  class space    used 4325K, capacity 4572K, committed 4708K, reserved 1048576K
}
2017-06-02T18:07:26.633-0100: 106626.431: Total time for which application threads were stopped: 0.0069756 seconds, Stopping threads took: 0.0000169 seconds
{Heap before GC invocations=324 (full 3):
 par new generation   total 109248K, used 109248K [0x00000007a0000000, 0x00000007a8000000, 0x00000007a8000000)
  eden space 87424K, 100% used [0x00000007a0000000, 0x00000007a5560000, 0x00000007a5560000)
  from space 21824K, 100% used [0x00000007a5560000, 0x00000007a6ab0000, 0x00000007a6ab0000)
  to   space 21824K,   0% used [0x00000007a6ab0000, 0x00000007a6ab0000, 0x00000007a8000000)
 concurrent mark-sweep generation total 393216K, used 97519K [0x00000007a8000000, 0x00000007c0000000, 0x00000007c0000000)
 Metaspace       used 39698K, capacity 40688K, committed 41028K, reserved 1085440K
  class space    used 4325K, capacity 4572K, committed 4708K, reserved 1048576K
2017-06-02T18:07:26.793-0100: 106626.591: [GC (Allocation Failure) 2017-06-02T18:07:26.793-0100: 106626.591: [ParNew
Desired survivor size 20112992 bytes, new threshold 8 (max 8)
- age   1:     806840 bytes,     806840 total
- age   2:     862760 bytes,    1669600 total
- age   3:    1527224 bytes,    3196824 total
- age   4:    1528824 bytes,    4725648 total
- age   5:    1672168 bytes,    6397816 total
- age   6:    2894192 bytes,    9292008 total
- age   7:    2174624 bytes,   11466632 total
- age   8:    1173088 bytes,   12639720 total
: 109248K->17446K(109248K), 0.0065643 secs] 206767K->117987K(502464K), 0.0066282 secs] [Times: user=0.03 sys=0.00, real=0.00 secs] 
Heap after GC invocations=325 (full 3):
 par new generation   total 109248K, used 17446K [0x00000007a0000000, 0x00000007a8000000, 0x00000007a8000000)
  eden space 87424K,   0% used [0x00000007a0000000, 0x00000007a0000000, 0x00000007a5560000)
  from space 21824K,  79% used [0x00000007a6ab0000, 0x00000007a7bb9920, 0x00000007a8000000)
  to   space 21824K,   0% used [0x00000007a5560000, 0x00000007a5560000, 0x00000007a6ab0000)
 concurrent mark-sweep generation total 393216K, used 100541K [0x00000007a8000000, 0x00000007c0000000, 0x00000007c0000000)
 Metaspace       used 39698K, capacity 40688K, committed 41028K, reserved 1085440K
  class space    used 4325K, capacity 4572K, committed 4708K, reserved 1048576K
}
2017-06-02T18:07:26.799-0100: 106626.598: Total time for which application threads were stopped: 0.0068098 seconds, Stopping threads took: 0.0000180 seconds
{Heap before GC invocations=325 (full 3):
 par new generation   total 109248K, used 104870K [0x00000007a0000000, 0x00000007a8000000, 0x00000007a8000000)
  eden space 87424K, 100% used [0x00000007a0000000, 0x00000007a5560000, 0x00000007a5560000)
  from space 21824K,  79% used [0x00000007a6ab0000, 0x00000007a7bb9920, 0x00000007a8000000)
  to   space 21824K,   0% used [0x00000007a5560000, 0x00000007a5560000, 0x00000007a6ab0000)
 concurrent mark-sweep generation total 393216K, used 100541K [0x00000007a8000000, 0x00000007c0000000, 0x00000007c0000000)
 Metaspace       used 39698K, capacity 40688K, committed 41028K, reserved 1085440K
  class space    used 4325K, capacity 4572K, committed 4708K, reserved 1048576K
2017-06-02T18:07:26.970-0100: 106626.768: [GC (Allocation Failure) 2017-06-02T18:07:26.970-0100: 106626.768: [ParNew
Desired survivor size 20112992 bytes, new threshold 8 (max 8)
- age   1:     886064 bytes,     886064 total
- age   2:     726008 bytes,    1612072 total
- age   3:     862760 bytes,    2474832 total
- age   4:    1527224 bytes,    4002056 total
- age   5:    1528824 bytes,    5530880 total
- age   6:    1672168 bytes,    7203048 total
- age   7:    2894192 bytes,   10097240 total
- age   8:    2174624 bytes,   12271864 total
: 104870K->15570K(109248K), 0.0067194 secs] 205411K->117267K(502464K), 0.0067891 secs] [Times: user=0.03 sys=0.01, real=0.00 secs] 
Heap after GC invocations=326 (full 3):
 par new generation   total 109248K, used 15570K [0x00000007a0000000, 0x00000007a8000000, 0x00000007a8000000)
  eden space 87424K,   0% used [0x00000007a0000000, 0x00000007a0000000, 0x00000007a5560000)
  from space 21824K,  71% used [0x00000007a5560000, 0x00000007a6494828, 0x00000007a6ab0000)
  to   space 21824K,   0% used [0x00000007a6ab0000, 0x00000007a6ab0000, 0x00000007a8000000)
 concurrent mark-sweep generation total 393216K, used 101697K [0x00000007a8000000, 0x00000007c0000000, 0x00000007c0000000)
 Metaspace       used 39698K, capacity 40688K, committed 41028K, reserved 1085440K
  class space    used 4325K, capacity 4572K, committed 4708K, reserved 1048576K
}
2017-06-02T18:07:26.976-0100: 106626.775: Total time for which application threads were stopped: 0.0069704 seconds, Stopping threads took: 0.0000168 seconds
{Heap before GC invocations=326 (full 3):
 par new generation   total 109248K, used 102994K [0x00000007a0000000, 0x00000007a8000000, 0x00000007a8000000)
  eden space 87424K, 100% used [0x00000007a0000000, 0x00000007a5560000, 0x00000007a5560000)
  from space 21824K,  71% used [0x00000007a5560000, 0x00000007a6494828, 0x00000007a6ab0000)
  to   space 21824K,   0% used [0x00000007a6ab0000, 0x00000007a6ab0000, 0x00000007a8000000)
 concurrent mark-sweep generation total 393216K, used 101697K [0x00000007a8000000, 0x00000007c0000000, 0x00000007c0000000)
 Metaspace       used 39699K, capacity 40688K, committed 41028K, reserved 1085440K
  class space    used 4325K, capacity 4572K, committed 4708K, reserved 1048576K
2017-06-02T18:07:27.169-0100: 106626.967: [GC (Allocation Failure) 2017-06-02T18:07:27.169-0100: 106626.967: [ParNew
Desired survivor size 20112992 bytes, new threshold 8 (max 8)
- age   1:    3402288 bytes,    3402288 total
- age   2:     843016 bytes,    4245304 total
- age   3:     726008 bytes,    4971312 total
- age   4:     862760 bytes,    5834072 total
- age   5:    1527248 bytes,    7361320 total
- age   6:    1528824 bytes,    8890144 total
- age   7:    1672168 bytes,   10562312 total
- age   8:    2888096 bytes,   13450408 total
: 102994K->15579K(109248K), 0.0072599 secs] 204691K->119411K(502464K), 0.0073659 secs] [Times: user=0.02 sys=0.00, real=0.01 secs] 
Heap after GC invocations=327 (full 3):
 par new generation   total 109248K, used 15579K [0x00000007a0000000, 0x00000007a8000000, 0x00000007a8000000)
  eden space 87424K,   0% used [0x00000007a0000000, 0x00000007a0000000, 0x00000007a5560000)
  from space 21824K,  71% used [0x00000007a6ab0000, 0x00000007a79e6c20, 0x00000007a8000000)
  to   space 21824K,   0% used [0x00000007a5560000, 0x00000007a5560000, 0x00000007a6ab0000)
 concurrent mark-sweep generation total 393216K, used 103832K [0x00000007a8000000, 0x00000007c0000000, 0x00000007c0000000)
 Metaspace       used 39699K, capacity 40688K, committed 41028K, reserved 1085440K
  class space    used 4325K, capacity 4572K, committed 4708K, reserved 1048576K
}
2017-06-02T18:07:27.176-0100: 106626.975: Total time for which application threads were stopped: 0.0076045 seconds, Stopping threads took: 0.0000182 seconds
{Heap before GC invocations=327 (full 3):
 par new generation   total 109248K, used 103003K [0x00000007a0000000, 0x00000007a8000000, 0x00000007a8000000)
  eden space 87424K, 100% used [0x00000007a0000000, 0x00000007a5560000, 0x00000007a5560000)
  from space 21824K,  71% used [0x00000007a6ab0000, 0x00000007a79e6c20, 0x00000007a8000000)
  to   space 21824K,   0% used [0x00000007a5560000, 0x00000007a5560000, 0x00000007a6ab0000)
 concurrent mark-sweep generation total 393216K, used 103832K [0x00000007a8000000, 0x00000007c0000000, 0x00000007c0000000)
 Metaspace       used 39699K, capacity 40688K, committed 41028K, reserved 1085440K
  class space    used 4325K, capacity 4572K, committed 4708K, reserved 1048576K
2017-06-02T18:07:27.366-0100: 106627.164: [GC (Allocation Failure) 2017-06-02T18:07:27.366-0100: 106627.164: [ParNew
Desired survivor size 20112992 bytes, new threshold 8 (max 8)
- age   1:    5455304 bytes,    5455304 total
- age   2:    3339568 bytes,    8794872 total
- age   3:     843016 bytes,    9637888 total
- age   4:     726008 bytes,   10363896 total
- age   5:     862760 bytes,   11226656 total
- age   6:    1527224 bytes,   12753880 total
- age   7:    1528824 bytes,   14282704 total
- age   8:     845600 bytes,   15128304 total
: 103003K->17689K(109248K), 0.0069835 secs] 206835K->124352K(502464K), 0.0070559 secs] [Times: user=0.03 sys=0.00, real=0.01 secs] 
Heap after GC invocations=328 (full 3):
 par new generation   total 109248K, used 17689K [0x00000007a0000000, 0x00000007a8000000, 0x00000007a8000000)
  eden space 87424K,   0% used [0x00000007a0000000, 0x00000007a0000000, 0x00000007a5560000)
  from space 21824K,  81% used [0x00000007a5560000, 0x00000007a66a64c8, 0x00000007a6ab0000)
  to   space 21824K,   0% used [0x00000007a6ab0000, 0x00000007a6ab0000, 0x00000007a8000000)
 concurrent mark-sweep generation total 393216K, used 106663K [0x00000007a8000000, 0x00000007c0000000, 0x00000007c0000000)
 Metaspace       used 39699K, capacity 40688K, committed 41028K, reserved 1085440K
  class space    used 4325K, capacity 4572K, committed 4708K, reserved 1048576K
}
2017-06-02T18:07:27.373-0100: 106627.171: Total time for which application threads were stopped: 0.0072775 seconds, Stopping threads took: 0.0000184 seconds
{Heap before GC invocations=328 (full 3):
 par new generation   total 109248K, used 105113K [0x00000007a0000000, 0x00000007a8000000, 0x00000007a8000000)
  eden space 87424K, 100% used [0x00000007a0000000, 0x00000007a5560000, 0x00000007a5560000)
  from space 21824K,  81% used [0x00000007a5560000, 0x00000007a66a64c8, 0x00000007a6ab0000)
  to   space 21824K,   0% used [0x00000007a6ab0000, 0x00000007a6ab0000, 0x00000007a8000000)
 concurrent mark-sweep generation total 393216K, used 106663K [0x00000007a8000000, 0x00000007c0000000, 0x00000007c0000000)
 Metaspace       used 39699K, capacity 40688K, committed 41028K, reserved 1085440K
  class space    used 4325K, capacity 4572K, committed 4708K, reserved 1048576K
2017-06-02T18:07:27.560-0100: 106627.358: [GC (Allocation Failure) 2017-06-02T18:07:27.560-0100: 106627.358: [ParNew
Desired survivor size 20112992 bytes, new threshold 8 (max 8)
- age   1:    4021472 bytes,    4021472 total
- age   2:    5369288 bytes,    9390760 total
- age   3:    3339568 bytes,   12730328 total
- age   4:     843016 bytes,   13573344 total
- age   5:     726008 bytes,   14299352 total
- age   6:     862760 bytes,   15162112 total
- age   7:    1527224 bytes,   16689336 total
- age   8:    1528824 bytes,   18218160 total
: 105113K->21824K(109248K), 0.0073613 secs] 211776K->129324K(502464K), 0.0074450 secs] [Times: user=0.03 sys=0.00, real=0.00 secs] 
Heap after GC invocations=329 (full 3):
 par new generation   total 109248K, used 21824K [0x00000007a0000000, 0x00000007a8000000, 0x00000007a8000000)
  eden space 87424K,   0% used [0x00000007a0000000, 0x00000007a0000000, 0x00000007a5560000)
  from space 21824K, 100% used [0x00000007a6ab0000, 0x00000007a8000000, 0x00000007a8000000)
  to   space 21824K,   0% used [0x00000007a5560000, 0x00000007a5560000, 0x00000007a6ab0000)
 concurrent mark-sweep generation total 393216K, used 107500K [0x00000007a8000000, 0x00000007c0000000, 0x00000007c0000000)
 Metaspace       used 39699K, capacity 40688K, committed 41028K, reserved 1085440K
  class space    used 4325K, capacity 4572K, committed 4708K, reserved 1048576K
}
2017-06-02T18:07:27.567-0100: 106627.366: Total time for which application threads were stopped: 0.0076332 seconds, Stopping threads took: 0.0000194 seconds
{Heap before GC invocations=329 (full 3):
 par new generation   total 109248K, used 109248K [0x00000007a0000000, 0x00000007a8000000, 0x00000007a8000000)
  eden space 87424K, 100% used [0x00000007a0000000, 0x00000007a5560000, 0x00000007a5560000)
  from space 21824K, 100% used [0x00000007a6ab0000, 0x00000007a8000000, 0x00000007a8000000)
  to   space 21824K,   0% used [0x00000007a5560000, 0x00000007a5560000, 0x00000007a6ab0000)
 concurrent mark-sweep generation total 393216K, used 107500K [0x00000007a8000000, 0x00000007c0000000, 0x00000007c0000000)
 Metaspace       used 39699K, capacity 40688K, committed 41028K, reserved 1085440K
  class space    used 4325K, capacity 4572K, committed 4708K, reserved 1048576K
2017-06-02T18:07:27.769-0100: 106627.568: [GC (Allocation Failure) 2017-06-02T18:07:27.769-0100: 106627.568: [ParNew
Desired survivor size 20112992 bytes, new threshold 8 (max 8)
- age   1:     881320 bytes,     881320 total
- age   2:    3966760 bytes,    4848080 total
- age   3:    4295672 bytes,    9143752 total
- age   4:    3339568 bytes,   12483320 total
- age   5:     843016 bytes,   13326336 total
- age   6:     726008 bytes,   14052344 total
- age   7:     862760 bytes,   14915104 total
- age   8:    1527224 bytes,   16442328 total
: 109248K->21824K(109248K), 0.0069169 secs] 216748K->131876K(502464K), 0.0069777 secs] [Times: user=0.03 sys=0.00, real=0.01 secs] 
Heap after GC invocations=330 (full 3):
 par new generation   total 109248K, used 21824K [0x00000007a0000000, 0x00000007a8000000, 0x00000007a8000000)
  eden space 87424K,   0% used [0x00000007a0000000, 0x00000007a0000000, 0x00000007a5560000)
  from space 21824K, 100% used [0x00000007a5560000, 0x00000007a6ab0000, 0x00000007a6ab0000)
  to   space 21824K,   0% used [0x00000007a6ab0000, 0x00000007a6ab0000, 0x00000007a8000000)
 concurrent mark-sweep generation total 393216K, used 110052K [0x00000007a8000000, 0x00000007c0000000, 0x00000007c0000000)
 Metaspace       used 39699K, capacity 40688K, committed 41028K, reserved 1085440K
  class space    used 4325K, capacity 4572K, committed 4708K, reserved 1048576K
}
2017-06-02T18:07:27.776-0100: 106627.575: Total time for which application threads were stopped: 0.0071578 seconds, Stopping threads took: 0.0000174 seconds
{Heap before GC invocations=330 (full 3):
 par new generation   total 109248K, used 109248K [0x00000007a0000000, 0x00000007a8000000, 0x00000007a8000000)
  eden space 87424K, 100% used [0x00000007a0000000, 0x00000007a5560000, 0x00000007a5560000)
  from space 21824K, 100% used [0x00000007a5560000, 0x00000007a6ab0000, 0x00000007a6ab0000)
  to   space 21824K,   0% used [0x00000007a6ab0000, 0x00000007a6ab0000, 0x00000007a8000000)
 concurrent mark-sweep generation total 393216K, used 110052K [0x00000007a8000000, 0x00000007c0000000, 0x00000007c0000000)
 Metaspace       used 39699K, capacity 40688K, committed 41028K, reserved 1085440K
  class space    used 4325K, capacity 4572K, committed 4708K, reserved 1048576K
2017-06-02T18:07:27.946-0100: 106627.744: [GC (Allocation Failure) 2017-06-02T18:07:27.946-0100: 106627.744: [ParNew
Desired survivor size 20112992 bytes, new threshold 8 (max 8)
- age   1:    3381744 bytes,    3381744 total
- age   2:     800936 bytes,    4182680 total
- age   3:    3966760 bytes,    8149440 total
- age   4:    4295672 bytes,   12445112 total
- age   5:    3339568 bytes,   15784680 total
- age   6:     843016 bytes,   16627696 total
- age   7:     726008 bytes,   17353704 total
- age   8:     841928 bytes,   18195632 total
: 109248K->21780K(109248K), 0.0069427 secs] 219300K->135944K(502464K), 0.0070152 secs] [Times: user=0.02 sys=0.00, real=0.01 secs] 
Heap after GC invocations=331 (full 3):
 par new generation   total 109248K, used 21780K [0x00000007a0000000, 0x00000007a8000000, 0x00000007a8000000)
  eden space 87424K,   0% used [0x00000007a0000000, 0x00000007a0000000, 0x00000007a5560000)
  from space 21824K,  99% used [0x00000007a6ab0000, 0x00000007a7ff5198, 0x00000007a8000000)
  to   space 21824K,   0% used [0x00000007a5560000, 0x00000007a5560000, 0x00000007a6ab0000)
 concurrent mark-sweep generation total 393216K, used 114163K [0x00000007a8000000, 0x00000007c0000000, 0x00000007c0000000)
 Metaspace       used 39699K, capacity 40688K, committed 41028K, reserved 1085440K
  class space    used 4325K, capacity 4572K, committed 4708K, reserved 1048576K
}
2017-06-02T18:07:27.953-0100: 106627.751: Total time for which application threads were stopped: 0.0072021 seconds, Stopping threads took: 0.0000268 seconds
{Heap before GC invocations=331 (full 3):
 par new generation   total 109248K, used 109204K [0x00000007a0000000, 0x00000007a8000000, 0x00000007a8000000)
  eden space 87424K, 100% used [0x00000007a0000000, 0x00000007a5560000, 0x00000007a5560000)
  from space 21824K,  99% used [0x00000007a6ab0000, 0x00000007a7ff5198, 0x00000007a8000000)
  to   space 21824K,   0% used [0x00000007a5560000, 0x00000007a5560000, 0x00000007a6ab0000)
 concurrent mark-sweep generation total 393216K, used 114163K [0x00000007a8000000, 0x00000007c0000000, 0x00000007c0000000)
 Metaspace       used 39699K, capacity 40688K, committed 41028K, reserved 1085440K
  class space    used 4325K, capacity 4572K, committed 4708K, reserved 1048576K
2017-06-02T18:07:28.155-0100: 106627.953: [GC (Allocation Failure) 2017-06-02T18:07:28.155-0100: 106627.953: [ParNew
Desired survivor size 20112992 bytes, new threshold 8 (max 8)
- age   1:     861384 bytes,     861384 total
- age   2:    2472920 bytes,    3334304 total
- age   3:     800936 bytes,    4135240 total
- age   4:    3966760 bytes,    8102000 total
- age   5:    4295672 bytes,   12397672 total
- age   6:    3339568 bytes,   15737240 total
- age   7:     843016 bytes,   16580256 total
- age   8:     720696 bytes,   17300952 total
: 109204K->21824K(109248K), 0.0073198 secs] 223368K->137660K(502464K), 0.0074013 secs] [Times: user=0.02 sys=0.00, real=0.01 secs] 
Heap after GC invocations=332 (full 3):
 par new generation   total 109248K, used 21824K [0x00000007a0000000, 0x00000007a8000000, 0x00000007a8000000)
  eden space 87424K,   0% used [0x00000007a0000000, 0x00000007a0000000, 0x00000007a5560000)
  from space 21824K, 100% used [0x00000007a5560000, 0x00000007a6ab0000, 0x00000007a6ab0000)
  to   space 21824K,   0% used [0x00000007a6ab0000, 0x00000007a6ab0000, 0x00000007a8000000)
 concurrent mark-sweep generation total 393216K, used 115836K [0x00000007a8000000, 0x00000007c0000000, 0x00000007c0000000)
 Metaspace       used 39699K, capacity 40688K, committed 41028K, reserved 1085440K
  class space    used 4325K, capacity 4572K, committed 4708K, reserved 1048576K
}
2017-06-02T18:07:28.162-0100: 106627.961: Total time for which application threads were stopped: 0.0076494 seconds, Stopping threads took: 0.0000244 seconds
{Heap before GC invocations=332 (full 3):
 par new generation   total 109248K, used 109248K [0x00000007a0000000, 0x00000007a8000000, 0x00000007a8000000)
  eden space 87424K, 100% used [0x00000007a0000000, 0x00000007a5560000, 0x00000007a5560000)
  from space 21824K, 100% used [0x00000007a5560000, 0x00000007a6ab0000, 0x00000007a6ab0000)
  to   space 21824K,   0% used [0x00000007a6ab0000, 0x00000007a6ab0000, 0x00000007a8000000)
 concurrent mark-sweep generation total 393216K, used 115836K [0x00000007a8000000, 0x00000007c0000000, 0x00000007c0000000)
 Metaspace       used 39699K, capacity 40688K, committed 41028K, reserved 1085440K
  class space    used 4325K, capacity 4572K, committed 4708K, reserved 1048576K
2017-06-02T18:07:28.337-0100: 106628.135: [GC (Allocation Failure) 2017-06-02T18:07:28.337-0100: 106628.135: [ParNew
Desired survivor size 20112992 bytes, new threshold 8 (max 8)
- age   1:     838208 bytes,     838208 total
- age   2:     815216 bytes,    1653424 total
- age   3:    2472920 bytes,    4126344 total
- age   4:     800936 bytes,    4927280 total
- age   5:    3966760 bytes,    8894040 total
- age   6:    4295672 bytes,   13189712 total
- age   7:    3339568 bytes,   16529280 total
- age   8:     843016 bytes,   17372296 total
: 109248K->21824K(109248K), 0.0070516 secs] 225084K->138375K(502464K), 0.0071237 secs] [Times: user=0.02 sys=0.00, real=0.01 secs] 
Heap after GC invocations=333 (full 3):
 par new generation   total 109248K, used 21824K [0x00000007a0000000, 0x00000007a8000000, 0x00000007a8000000)
  eden space 87424K,   0% used [0x00000007a0000000, 0x00000007a0000000, 0x00000007a5560000)
  from space 21824K, 100% used [0x00000007a6ab0000, 0x00000007a8000000, 0x00000007a8000000)
  to   space 21824K,   0% used [0x00000007a5560000, 0x00000007a5560000, 0x00000007a6ab0000)
 concurrent mark-sweep generation total 393216K, used 116551K [0x00000007a8000000, 0x00000007c0000000, 0x00000007c0000000)
 Metaspace       used 39699K, capacity 40688K, committed 41028K, reserved 1085440K
  class space    used 4325K, capacity 4572K, committed 4708K, reserved 1048576K
}
2017-06-02T18:07:28.344-0100: 106628.143: Total time for which application threads were stopped: 0.0073001 seconds, Stopping threads took: 0.0000187 seconds
{Heap before GC invocations=333 (full 3):
 par new generation   total 109248K, used 109248K [0x00000007a0000000, 0x00000007a8000000, 0x00000007a8000000)
  eden space 87424K, 100% used [0x00000007a0000000, 0x00000007a5560000, 0x00000007a5560000)
  from space 21824K, 100% used [0x00000007a6ab0000, 0x00000007a8000000, 0x00000007a8000000)
  to   space 21824K,   0% used [0x00000007a5560000, 0x00000007a5560000, 0x00000007a6ab0000)
 concurrent mark-sweep generation total 393216K, used 116551K [0x00000007a8000000, 0x00000007c0000000, 0x00000007c0000000)
 Metaspace       used 39699K, capacity 40688K, committed 41028K, reserved 1085440K
  class space    used 4325K, capacity 4572K, committed 4708K, reserved 1048576K
2017-06-02T18:07:28.520-0100: 106628.318: [GC (Allocation Failure) 2017-06-02T18:07:28.520-0100: 106628.318: [ParNew
Desired survivor size 20112992 bytes, new threshold 8 (max 8)
- age   1:    1715808 bytes,    1715808 total
- age   2:     785664 bytes,    2501472 total
- age   3:     815216 bytes,    3316688 total
- age   4:    2472920 bytes,    5789608 total
- age   5:     800936 bytes,    6590544 total
- age   6:    3966760 bytes,   10557304 total
- age   7:    4295672 bytes,   14852976 total
- age   8:    3339568 bytes,   18192544 total
: 109248K->20069K(109248K), 0.0070370 secs] 225799K->137455K(502464K), 0.0071109 secs] [Times: user=0.02 sys=0.00, real=0.00 secs] 
Heap after GC invocations=334 (full 3):
 par new generation   total 109248K, used 20069K [0x00000007a0000000, 0x00000007a8000000, 0x00000007a8000000)
  eden space 87424K,   0% used [0x00000007a0000000, 0x00000007a0000000, 0x00000007a5560000)
  from space 21824K,  91% used [0x00000007a5560000, 0x00000007a68f9450, 0x00000007a6ab0000)
  to   space 21824K,   0% used [0x00000007a6ab0000, 0x00000007a6ab0000, 0x00000007a8000000)
 concurrent mark-sweep generation total 393216K, used 117386K [0x00000007a8000000, 0x00000007c0000000, 0x00000007c0000000)
 Metaspace       used 39699K, capacity 40688K, committed 41028K, reserved 1085440K
  class space    used 4325K, capacity 4572K, committed 4708K, reserved 1048576K
}
2017-06-02T18:07:28.527-0100: 106628.325: Total time for which application threads were stopped: 0.0073061 seconds, Stopping threads took: 0.0000175 seconds
{Heap before GC invocations=334 (full 3):
 par new generation   total 109248K, used 107493K [0x00000007a0000000, 0x00000007a8000000, 0x00000007a8000000)
  eden space 87424K, 100% used [0x00000007a0000000, 0x00000007a5560000, 0x00000007a5560000)
  from space 21824K,  91% used [0x00000007a5560000, 0x00000007a68f9450, 0x00000007a6ab0000)
  to   space 21824K,   0% used [0x00000007a6ab0000, 0x00000007a6ab0000, 0x00000007a8000000)
 concurrent mark-sweep generation total 393216K, used 117386K [0x00000007a8000000, 0x00000007c0000000, 0x00000007c0000000)
 Metaspace       used 39699K, capacity 40688K, committed 41028K, reserved 1085440K
  class space    used 4325K, capacity 4572K, committed 4708K, reserved 1048576K
2017-06-02T18:07:28.714-0100: 106628.513: [GC (Allocation Failure) 2017-06-02T18:07:28.714-0100: 106628.513: [ParNew
Desired survivor size 20112992 bytes, new threshold 8 (max 8)
- age   1:    2040136 bytes,    2040136 total
- age   2:    1661632 bytes,    3701768 total
- age   3:     785664 bytes,    4487432 total
- age   4:     815264 bytes,    5302696 total
- age   5:    2472920 bytes,    7775616 total
- age   6:     800936 bytes,    8576552 total
- age   7:    3966760 bytes,   12543312 total
- age   8:    3365784 bytes,   15909096 total
: 107493K->21824K(109248K), 0.0074073 secs] 224879K->142475K(502464K), 0.0074895 secs] [Times: user=0.03 sys=0.00, real=0.01 secs] 
Heap after GC invocations=335 (full 3):
 par new generation   total 109248K, used 21824K [0x00000007a0000000, 0x00000007a8000000, 0x00000007a8000000)
  eden space 87424K,   0% used [0x00000007a0000000, 0x00000007a0000000, 0x00000007a5560000)
  from space 21824K, 100% used [0x00000007a6ab0000, 0x00000007a8000000, 0x00000007a8000000)
  to   space 21824K,   0% used [0x00000007a5560000, 0x00000007a5560000, 0x00000007a6ab0000)
 concurrent mark-sweep generation total 393216K, used 120651K [0x00000007a8000000, 0x00000007c0000000, 0x00000007c0000000)
 Metaspace       used 39699K, capacity 40688K, committed 41028K, reserved 1085440K
  class space    used 4325K, capacity 4572K, committed 4708K, reserved 1048576K
}
2017-06-02T18:07:28.722-0100: 106628.520: Total time for which application threads were stopped: 0.0076932 seconds, Stopping threads took: 0.0000208 seconds
2017-06-02T18:07:28.744-0100: 106628.542: Total time for which application threads were stopped: 0.0001534 seconds, Stopping threads took: 0.0000515 seconds
{Heap before GC invocations=335 (full 3):
 par new generation   total 109248K, used 109248K [0x00000007a0000000, 0x00000007a8000000, 0x00000007a8000000)
  eden space 87424K, 100% used [0x00000007a0000000, 0x00000007a5560000, 0x00000007a5560000)
  from space 21824K, 100% used [0x00000007a6ab0000, 0x00000007a8000000, 0x00000007a8000000)
  to   space 21824K,   0% used [0x00000007a5560000, 0x00000007a5560000, 0x00000007a6ab0000)
 concurrent mark-sweep generation total 393216K, used 120651K [0x00000007a8000000, 0x00000007c0000000, 0x00000007c0000000)
 Metaspace       used 39699K, capacity 40688K, committed 41028K, reserved 1085440K
  class space    used 4325K, capacity 4572K, committed 4708K, reserved 1048576K
2017-06-02T18:07:28.903-0100: 106628.701: [GC (Allocation Failure) 2017-06-02T18:07:28.903-0100: 106628.701: [ParNew
Desired survivor size 20112992 bytes, new threshold 8 (max 8)
- age   1:    2924296 bytes,    2924296 total
- age   2:    1978816 bytes,    4903112 total
- age   3:    1661632 bytes,    6564744 total
- age   4:     785688 bytes,    7350432 total
- age   5:     815216 bytes,    8165648 total
- age   6:    2472920 bytes,   10638568 total
- age   7:     800936 bytes,   11439504 total
- age   8:    3966760 bytes,   15406264 total
: 109248K->19228K(109248K), 0.0072690 secs] 229899K->143176K(502464K), 0.0073461 secs] [Times: user=0.03 sys=0.00, real=0.01 secs] 
Heap after GC invocations=336 (full 3):
 par new generation   total 109248K, used 19228K [0x00000007a0000000, 0x00000007a8000000, 0x00000007a8000000)
  eden space 87424K,   0% used [0x00000007a0000000, 0x00000007a0000000, 0x00000007a5560000)
  from space 21824K,  88% used [0x00000007a5560000, 0x00000007a6827048, 0x00000007a6ab0000)
  to   space 21824K,   0% used [0x00000007a6ab0000, 0x00000007a6ab0000, 0x00000007a8000000)
 concurrent mark-sweep generation total 393216K, used 123948K [0x00000007a8000000, 0x00000007c0000000, 0x00000007c0000000)
 Metaspace       used 39699K, capacity 40688K, committed 41028K, reserved 1085440K
  class space    used 4325K, capacity 4572K, committed 4708K, reserved 1048576K
}
2017-06-02T18:07:28.910-0100: 106628.709: Total time for which application threads were stopped: 0.0075327 seconds, Stopping threads took: 0.0000178 seconds
{Heap before GC invocations=336 (full 3):
 par new generation   total 109248K, used 106652K [0x00000007a0000000, 0x00000007a8000000, 0x00000007a8000000)
  eden space 87424K, 100% used [0x00000007a0000000, 0x00000007a5560000, 0x00000007a5560000)
  from space 21824K,  88% used [0x00000007a5560000, 0x00000007a6827048, 0x00000007a6ab0000)
  to   space 21824K,   0% used [0x00000007a6ab0000, 0x00000007a6ab0000, 0x00000007a8000000)
 concurrent mark-sweep generation total 393216K, used 123948K [0x00000007a8000000, 0x00000007c0000000, 0x00000007c0000000)
 Metaspace       used 39699K, capacity 40688K, committed 41028K, reserved 1085440K
  class space    used 4325K, capacity 4572K, committed 4708K, reserved 1048576K
2017-06-02T18:07:29.076-0100: 106628.875: [GC (Allocation Failure) 2017-06-02T18:07:29.076-0100: 106628.875: [ParNew
Desired survivor size 20112992 bytes, new threshold 8 (max 8)
- age   1:     806984 bytes,     806984 total
- age   2:    2870048 bytes,    3677032 total
- age   3:    1978816 bytes,    5655848 total
- age   4:    1661632 bytes,    7317480 total
- age   5:     785664 bytes,    8103144 total
- age   6:     815216 bytes,    8918360 total
- age   7:    2472920 bytes,   11391280 total
- age   8:     800936 bytes,   12192216 total
: 106652K->14785K(109248K), 0.0072700 secs] 230600K->142618K(502464K), 0.0073329 secs] [Times: user=0.03 sys=0.00, real=0.01 secs] 
Heap after GC invocations=337 (full 3):
 par new generation   total 109248K, used 14785K [0x00000007a0000000, 0x00000007a8000000, 0x00000007a8000000)
  eden space 87424K,   0% used [0x00000007a0000000, 0x00000007a0000000, 0x00000007a5560000)
  from space 21824K,  67% used [0x00000007a6ab0000, 0x00000007a79204d0, 0x00000007a8000000)
  to   space 21824K,   0% used [0x00000007a5560000, 0x00000007a5560000, 0x00000007a6ab0000)
 concurrent mark-sweep generation total 393216K, used 127832K [0x00000007a8000000, 0x00000007c0000000, 0x00000007c0000000)
 Metaspace       used 39699K, capacity 40688K, committed 41028K, reserved 1085440K
  class space    used 4325K, capacity 4572K, committed 4708K, reserved 1048576K
}
2017-06-02T18:07:29.084-0100: 106628.882: Total time for which application threads were stopped: 0.0075108 seconds, Stopping threads took: 0.0000183 seconds
{Heap before GC invocations=337 (full 3):
 par new generation   total 109248K, used 102209K [0x00000007a0000000, 0x00000007a8000000, 0x00000007a8000000)
  eden space 87424K, 100% used [0x00000007a0000000, 0x00000007a5560000, 0x00000007a5560000)
  from space 21824K,  67% used [0x00000007a6ab0000, 0x00000007a79204d0, 0x00000007a8000000)
  to   space 21824K,   0% used [0x00000007a5560000, 0x00000007a5560000, 0x00000007a6ab0000)
 concurrent mark-sweep generation total 393216K, used 127832K [0x00000007a8000000, 0x00000007c0000000, 0x00000007c0000000)
 Metaspace       used 39699K, capacity 40688K, committed 41028K, reserved 1085440K
  class space    used 4325K, capacity 4572K, committed 4708K, reserved 1048576K
2017-06-02T18:07:29.242-0100: 106629.040: [GC (Allocation Failure) 2017-06-02T18:07:29.242-0100: 106629.040: [ParNew
Desired survivor size 20112992 bytes, new threshold 8 (max 8)
- age   1:    3896336 bytes,    3896336 total
- age   2:     758976 bytes,    4655312 total
- age   3:    2870048 bytes,    7525360 total
- age   4:    1978816 bytes,    9504176 total
- age   5:    1661632 bytes,   11165808 total
- age   6:     785664 bytes,   11951472 total
- age   7:     815216 bytes,   12766688 total
- age   8:    2449496 bytes,   15216184 total
: 102209K->20972K(109248K), 0.0071630 secs] 230042K->149598K(502464K), 0.0072401 secs] [Times: user=0.02 sys=0.00, real=0.00 secs] 
Heap after GC invocations=338 (full 3):
 par new generation   total 109248K, used 20972K [0x00000007a0000000, 0x00000007a8000000, 0x00000007a8000000)
  eden space 87424K,   0% used [0x00000007a0000000, 0x00000007a0000000, 0x00000007a5560000)
  from space 21824K,  96% used [0x00000007a5560000, 0x00000007a69db0e0, 0x00000007a6ab0000)
  to   space 21824K,   0% used [0x00000007a6ab0000, 0x00000007a6ab0000, 0x00000007a8000000)
 concurrent mark-sweep generation total 393216K, used 128626K [0x00000007a8000000, 0x00000007c0000000, 0x00000007c0000000)
 Metaspace       used 39699K, capacity 40688K, committed 41028K, reserved 1085440K
  class space    used 4325K, capacity 4572K, committed 4708K, reserved 1048576K
}
2017-06-02T18:07:29.249-0100: 106629.047: Total time for which application threads were stopped: 0.0074193 seconds, Stopping threads took: 0.0000178 seconds
{Heap before GC invocations=338 (full 3):
 par new generation   total 109248K, used 108396K [0x00000007a0000000, 0x00000007a8000000, 0x00000007a8000000)
  eden space 87424K, 100% used [0x00000007a0000000, 0x00000007a5560000, 0x00000007a5560000)
  from space 21824K,  96% used [0x00000007a5560000, 0x00000007a69db0e0, 0x00000007a6ab0000)
  to   space 21824K,   0% used [0x00000007a6ab0000, 0x00000007a6ab0000, 0x00000007a8000000)
 concurrent mark-sweep generation total 393216K, used 128626K [0x00000007a8000000, 0x00000007c0000000, 0x00000007c0000000)
 Metaspace       used 39699K, capacity 40688K, committed 41028K, reserved 1085440K
  class space    used 4325K, capacity 4572K, committed 4708K, reserved 1048576K
2017-06-02T18:07:29.410-0100: 106629.208: [GC (Allocation Failure) 2017-06-02T18:07:29.410-0100: 106629.208: [ParNew
Desired survivor size 20112992 bytes, new threshold 8 (max 8)
- age   1:    3477288 bytes,    3477288 total
- age   2:    3837624 bytes,    7314912 total
- age   3:     759000 bytes,    8073912 total
- age   4:    2870048 bytes,   10943960 total
- age   5:    1978816 bytes,   12922776 total
- age   6:    1661632 bytes,   14584408 total
- age   7:     785664 bytes,   15370072 total
- age   8:     815216 bytes,   16185288 total
: 108396K->19097K(109248K), 0.0075343 secs] 237022K->150123K(502464K), 0.0075978 secs] [Times: user=0.03 sys=0.00, real=0.00 secs] 
Heap after GC invocations=339 (full 3):
 par new generation   total 109248K, used 19097K [0x00000007a0000000, 0x00000007a8000000, 0x00000007a8000000)
  eden space 87424K,   0% used [0x00000007a0000000, 0x00000007a0000000, 0x00000007a5560000)
  from space 21824K,  87% used [0x00000007a6ab0000, 0x00000007a7d566f0, 0x00000007a8000000)
  to   space 21824K,   0% used [0x00000007a5560000, 0x00000007a5560000, 0x00000007a6ab0000)
 concurrent mark-sweep generation total 393216K, used 131025K [0x00000007a8000000, 0x00000007c0000000, 0x00000007c0000000)
 Metaspace       used 39699K, capacity 40688K, committed 41028K, reserved 1085440K
  class space    used 4325K, capacity 4572K, committed 4708K, reserved 1048576K
}
2017-06-02T18:07:29.417-0100: 106629.216: Total time for which application threads were stopped: 0.0077685 seconds, Stopping threads took: 0.0000184 seconds
{Heap before GC invocations=339 (full 3):
 par new generation   total 109248K, used 106521K [0x00000007a0000000, 0x00000007a8000000, 0x00000007a8000000)
  eden space 87424K, 100% used [0x00000007a0000000, 0x00000007a5560000, 0x00000007a5560000)
  from space 21824K,  87% used [0x00000007a6ab0000, 0x00000007a7d566f0, 0x00000007a8000000)
  to   space 21824K,   0% used [0x00000007a5560000, 0x00000007a5560000, 0x00000007a6ab0000)
 concurrent mark-sweep generation total 393216K, used 131025K [0x00000007a8000000, 0x00000007c0000000, 0x00000007c0000000)
 Metaspace       used 39699K, capacity 40688K, committed 41028K, reserved 1085440K
  class space    used 4325K, capacity 4572K, committed 4708K, reserved 1048576K
2017-06-02T18:07:29.571-0100: 106629.369: [GC (Allocation Failure) 2017-06-02T18:07:29.571-0100: 106629.369: [ParNew
Desired survivor size 20112992 bytes, new threshold 8 (max 8)
- age   1:    5550752 bytes,    5550752 total
- age   2:    3423224 bytes,    8973976 total
- age   3:    3837624 bytes,   12811600 total
- age   4:     758976 bytes,   13570576 total
- age   5:    2870048 bytes,   16440624 total
- age   6:    1978816 bytes,   18419440 total
- age   7:    1661632 bytes,   20081072 total
- age   8:     785664 bytes,   20866736 total
: 106521K->21824K(109248K), 0.0108840 secs] 237547K->158373K(502464K), 0.0109624 secs] [Times: user=0.03 sys=0.00, real=0.01 secs] 
Heap after GC invocations=340 (full 3):
 par new generation   total 109248K, used 21824K [0x00000007a0000000, 0x00000007a8000000, 0x00000007a8000000)
  eden space 87424K,   0% used [0x00000007a0000000, 0x00000007a0000000, 0x00000007a5560000)
  from space 21824K, 100% used [0x00000007a5560000, 0x00000007a6ab0000, 0x00000007a6ab0000)
  to   space 21824K,   0% used [0x00000007a6ab0000, 0x00000007a6ab0000, 0x00000007a8000000)
 concurrent mark-sweep generation total 393216K, used 136549K [0x00000007a8000000, 0x00000007c0000000, 0x00000007c0000000)
 Metaspace       used 39699K, capacity 40688K, committed 41028K, reserved 1085440K
  class space    used 4325K, capacity 4572K, committed 4708K, reserved 1048576K
}
2017-06-02T18:07:29.582-0100: 106629.380: Total time for which application threads were stopped: 0.0111414 seconds, Stopping threads took: 0.0000174 seconds
{Heap before GC invocations=340 (full 3):
 par new generation   total 109248K, used 109248K [0x00000007a0000000, 0x00000007a8000000, 0x00000007a8000000)
  eden space 87424K, 100% used [0x00000007a0000000, 0x00000007a5560000, 0x00000007a5560000)
  from space 21824K, 100% used [0x00000007a5560000, 0x00000007a6ab0000, 0x00000007a6ab0000)
  to   space 21824K,   0% used [0x00000007a6ab0000, 0x00000007a6ab0000, 0x00000007a8000000)
 concurrent mark-sweep generation total 393216K, used 136549K [0x00000007a8000000, 0x00000007c0000000, 0x00000007c0000000)
 Metaspace       used 39699K, capacity 40688K, committed 41028K, reserved 1085440K
  class space    used 4325K, capacity 4572K, committed 4708K, reserved 1048576K
2017-06-02T18:07:29.753-0100: 106629.552: [GC (Allocation Failure) 2017-06-02T18:07:29.753-0100: 106629.552: [ParNew
Desired survivor size 20112992 bytes, new threshold 8 (max 8)
- age   1:     861000 bytes,     861000 total
- age   2:    4545040 bytes,    5406040 total
- age   3:    3423224 bytes,    8829264 total
- age   4:    2629816 bytes,   11459080 total
- age   5:     758976 bytes,   12218056 total
- age   6:    2870048 bytes,   15088104 total
- age   7:    1978816 bytes,   17066920 total
- age   8:    1661656 bytes,   18728576 total
: 109248K->21556K(109248K), 0.0075222 secs] 245797K->161009K(502464K), 0.0075871 secs] [Times: user=0.03 sys=0.00, real=0.01 secs] 
Heap after GC invocations=341 (full 3):
 par new generation   total 109248K, used 21556K [0x00000007a0000000, 0x00000007a8000000, 0x00000007a8000000)
  eden space 87424K,   0% used [0x00000007a0000000, 0x00000007a0000000, 0x00000007a5560000)
  from space 21824K,  98% used [0x00000007a6ab0000, 0x00000007a7fbd3e8, 0x00000007a8000000)
  to   space 21824K,   0% used [0x00000007a5560000, 0x00000007a5560000, 0x00000007a6ab0000)
 concurrent mark-sweep generation total 393216K, used 139452K [0x00000007a8000000, 0x00000007c0000000, 0x00000007c0000000)
 Metaspace       used 39699K, capacity 40688K, committed 41028K, reserved 1085440K
  class space    used 4325K, capacity 4572K, committed 4708K, reserved 1048576K
}
2017-06-02T18:07:29.761-0100: 106629.559: Total time for which application threads were stopped: 0.0077859 seconds, Stopping threads took: 0.0000183 seconds
{Heap before GC invocations=341 (full 3):
 par new generation   total 109248K, used 108980K [0x00000007a0000000, 0x00000007a8000000, 0x00000007a8000000)
  eden space 87424K, 100% used [0x00000007a0000000, 0x00000007a5560000, 0x00000007a5560000)
  from space 21824K,  98% used [0x00000007a6ab0000, 0x00000007a7fbd3e8, 0x00000007a8000000)
  to   space 21824K,   0% used [0x00000007a5560000, 0x00000007a5560000, 0x00000007a6ab0000)
 concurrent mark-sweep generation total 393216K, used 139452K [0x00000007a8000000, 0x00000007c0000000, 0x00000007c0000000)
 Metaspace       used 39699K, capacity 40688K, committed 41028K, reserved 1085440K
  class space    used 4325K, capacity 4572K, committed 4708K, reserved 1048576K
2017-06-02T18:07:29.926-0100: 106629.724: [GC (Allocation Failure) 2017-06-02T18:07:29.926-0100: 106629.724: [ParNew
Desired survivor size 20112992 bytes, new threshold 8 (max 8)
- age   1:    2471096 bytes,    2471096 total
- age   2:     785304 bytes,    3256400 total
- age   3:    4545040 bytes,    7801440 total
- age   4:    1812800 bytes,    9614240 total
- age   5:    1422008 bytes,   11036248 total
- age   6:     758976 bytes,   11795224 total
- age   7:    2870048 bytes,   14665272 total
- age   8:    1978816 bytes,   16644088 total
: 108980K->21824K(109248K), 0.0093694 secs] 248433K->165662K(502464K), 0.0094550 secs] [Times: user=0.04 sys=0.00, real=0.01 secs] 
Heap after GC invocations=342 (full 3):
 par new generation   total 109248K, used 21824K [0x00000007a0000000, 0x00000007a8000000, 0x00000007a8000000)
  eden space 87424K,   0% used [0x00000007a0000000, 0x00000007a0000000, 0x00000007a5560000)
  from space 21824K, 100% used [0x00000007a5560000, 0x00000007a6ab0000, 0x00000007a6ab0000)
  to   space 21824K,   0% used [0x00000007a6ab0000, 0x00000007a6ab0000, 0x00000007a8000000)
 concurrent mark-sweep generation total 393216K, used 143838K [0x00000007a8000000, 0x00000007c0000000, 0x00000007c0000000)
 Metaspace       used 39699K, capacity 40688K, committed 41028K, reserved 1085440K
  class space    used 4325K, capacity 4572K, committed 4708K, reserved 1048576K
}
2017-06-02T18:07:29.935-0100: 106629.734: Total time for which application threads were stopped: 0.0096914 seconds, Stopping threads took: 0.0000243 seconds
{Heap before GC invocations=342 (full 3):
 par new generation   total 109248K, used 109248K [0x00000007a0000000, 0x00000007a8000000, 0x00000007a8000000)
  eden space 87424K, 100% used [0x00000007a0000000, 0x00000007a5560000, 0x00000007a5560000)
  from space 21824K, 100% used [0x00000007a5560000, 0x00000007a6ab0000, 0x00000007a6ab0000)
  to   space 21824K,   0% used [0x00000007a6ab0000, 0x00000007a6ab0000, 0x00000007a8000000)
 concurrent mark-sweep generation total 393216K, used 143838K [0x00000007a8000000, 0x00000007c0000000, 0x00000007c0000000)
 Metaspace       used 39699K, capacity 40688K, committed 41028K, reserved 1085440K
  class space    used 4325K, capacity 4572K, committed 4708K, reserved 1048576K
2017-06-02T18:07:30.784-0100: 106630.583: [GC (Allocation Failure) 2017-06-02T18:07:30.784-0100: 106630.583: [ParNew
Desired survivor size 20112992 bytes, new threshold 8 (max 8)
- age   1:    1438528 bytes,    1438528 total
- age   2:    2352704 bytes,    3791232 total
- age   3:     761064 bytes,    4552296 total
- age   4:    4523488 bytes,    9075784 total
- age   5:    1788608 bytes,   10864392 total
- age   6:    1399064 bytes,   12263456 total
- age   7:     733776 bytes,   12997232 total
- age   8:    2846096 bytes,   15843328 total
: 109248K->19798K(109248K), 0.0071711 secs] 253086K->165544K(502464K), 0.0072275 secs] [Times: user=0.02 sys=0.00, real=0.01 secs] 
Heap after GC invocations=343 (full 3):
 par new generation   total 109248K, used 19798K [0x00000007a0000000, 0x00000007a8000000, 0x00000007a8000000)
  eden space 87424K,   0% used [0x00000007a0000000, 0x00000007a0000000, 0x00000007a5560000)
  from space 21824K,  90% used [0x00000007a6ab0000, 0x00000007a7e05980, 0x00000007a8000000)
  to   space 21824K,   0% used [0x00000007a5560000, 0x00000007a5560000, 0x00000007a6ab0000)
 concurrent mark-sweep generation total 393216K, used 145746K [0x00000007a8000000, 0x00000007c0000000, 0x00000007c0000000)
 Metaspace       used 39699K, capacity 40688K, committed 41028K, reserved 1085440K
  class space    used 4325K, capacity 4572K, committed 4708K, reserved 1048576K
}
2017-06-02T18:07:30.792-0100: 106630.590: Total time for which application threads were stopped: 0.0074508 seconds, Stopping threads took: 0.0000156 seconds
{Heap before GC invocations=343 (full 3):
 par new generation   total 109248K, used 107222K [0x00000007a0000000, 0x00000007a8000000, 0x00000007a8000000)
  eden space 87424K, 100% used [0x00000007a0000000, 0x00000007a5560000, 0x00000007a5560000)
  from space 21824K,  90% used [0x00000007a6ab0000, 0x00000007a7e05980, 0x00000007a8000000)
  to   space 21824K,   0% used [0x00000007a5560000, 0x00000007a5560000, 0x00000007a6ab0000)
 concurrent mark-sweep generation total 393216K, used 145746K [0x00000007a8000000, 0x00000007c0000000, 0x00000007c0000000)
 Metaspace       used 39699K, capacity 40688K, committed 41028K, reserved 1085440K
  class space    used 4325K, capacity 4572K, committed 4708K, reserved 1048576K
2017-06-02T18:07:30.865-0100: 106630.663: [GC (Allocation Failure) 2017-06-02T18:07:30.865-0100: 106630.663: [ParNew
Desired survivor size 20112992 bytes, new threshold 8 (max 8)
- age   1:      64400 bytes,      64400 total
- age   2:    1426296 bytes,    1490696 total
- age   3:    2352704 bytes,    3843400 total
- age   4:     761064 bytes,    4604464 total
- age   5:    4523488 bytes,    9127952 total
- age   6:    1788608 bytes,   10916560 total
- age   7:    1399064 bytes,   12315624 total
- age   8:     733776 bytes,   13049400 total
: 107222K->16200K(109248K), 0.0066264 secs] 252968K->164733K(502464K), 0.0066919 secs] [Times: user=0.03 sys=0.00, real=0.01 secs] 
Heap after GC invocations=344 (full 3):
 par new generation   total 109248K, used 16200K [0x00000007a0000000, 0x00000007a8000000, 0x00000007a8000000)
  eden space 87424K,   0% used [0x00000007a0000000, 0x00000007a0000000, 0x00000007a5560000)
  from space 21824K,  74% used [0x00000007a5560000, 0x00000007a65322e8, 0x00000007a6ab0000)
  to   space 21824K,   0% used [0x00000007a6ab0000, 0x00000007a6ab0000, 0x00000007a8000000)
 concurrent mark-sweep generation total 393216K, used 148532K [0x00000007a8000000, 0x00000007c0000000, 0x00000007c0000000)
 Metaspace       used 39699K, capacity 40688K, committed 41028K, reserved 1085440K
  class space    used 4325K, capacity 4572K, committed 4708K, reserved 1048576K
}
2017-06-02T18:07:30.872-0100: 106630.670: Total time for which application threads were stopped: 0.0068941 seconds, Stopping threads took: 0.0000190 seconds
{Heap before GC invocations=344 (full 3):
 par new generation   total 109248K, used 103624K [0x00000007a0000000, 0x00000007a8000000, 0x00000007a8000000)
  eden space 87424K, 100% used [0x00000007a0000000, 0x00000007a5560000, 0x00000007a5560000)
  from space 21824K,  74% used [0x00000007a5560000, 0x00000007a65322e8, 0x00000007a6ab0000)
  to   space 21824K,   0% used [0x00000007a6ab0000, 0x00000007a6ab0000, 0x00000007a8000000)
 concurrent mark-sweep generation total 393216K, used 148532K [0x00000007a8000000, 0x00000007c0000000, 0x00000007c0000000)
 Metaspace       used 39699K, capacity 40688K, committed 41028K, reserved 1085440K
  class space    used 4325K, capacity 4572K, committed 4708K, reserved 1048576K
2017-06-02T18:07:31.017-0100: 106630.816: [GC (Allocation Failure) 2017-06-02T18:07:31.017-0100: 106630.816: [ParNew
Desired survivor size 20112992 bytes, new threshold 8 (max 8)
- age   1:      99760 bytes,      99760 total
- age   2:      11872 bytes,     111632 total
- age   3:    1426256 bytes,    1537888 total
- age   4:    2352704 bytes,    3890592 total
- age   5:     761064 bytes,    4651656 total
- age   6:    4523488 bytes,    9175144 total
- age   7:    1788608 bytes,   10963752 total
- age   8:    1399064 bytes,   12362816 total
: 103624K->18452K(109248K), 0.0111804 secs] 252157K->167708K(502464K), 0.0112474 secs] [Times: user=0.03 sys=0.00, real=0.01 secs] 
Heap after GC invocations=345 (full 3):
 par new generation   total 109248K, used 18452K [0x00000007a0000000, 0x00000007a8000000, 0x00000007a8000000)
  eden space 87424K,   0% used [0x00000007a0000000, 0x00000007a0000000, 0x00000007a5560000)
  from space 21824K,  84% used [0x00000007a6ab0000, 0x00000007a7cb5230, 0x00000007a8000000)
  to   space 21824K,   0% used [0x00000007a5560000, 0x00000007a5560000, 0x00000007a6ab0000)
 concurrent mark-sweep generation total 393216K, used 149256K [0x00000007a8000000, 0x00000007c0000000, 0x00000007c0000000)
 Metaspace       used 39699K, capacity 40688K, committed 41028K, reserved 1085440K
  class space    used 4325K, capacity 4572K, committed 4708K, reserved 1048576K
}
2017-06-02T18:07:31.028-0100: 106630.827: Total time for which application threads were stopped: 0.0114560 seconds, Stopping threads took: 0.0000192 seconds
{Heap before GC invocations=345 (full 3):
 par new generation   total 109248K, used 105876K [0x00000007a0000000, 0x00000007a8000000, 0x00000007a8000000)
  eden space 87424K, 100% used [0x00000007a0000000, 0x00000007a5560000, 0x00000007a5560000)
  from space 21824K,  84% used [0x00000007a6ab0000, 0x00000007a7cb5230, 0x00000007a8000000)
  to   space 21824K,   0% used [0x00000007a5560000, 0x00000007a5560000, 0x00000007a6ab0000)
 concurrent mark-sweep generation total 393216K, used 149256K [0x00000007a8000000, 0x00000007c0000000, 0x00000007c0000000)
 Metaspace       used 39699K, capacity 40688K, committed 41028K, reserved 1085440K
  class space    used 4325K, capacity 4572K, committed 4708K, reserved 1048576K
2017-06-02T18:07:31.133-0100: 106630.932: [GC (Allocation Failure) 2017-06-02T18:07:31.133-0100: 106630.932: [ParNew
Desired survivor size 20112992 bytes, new threshold 8 (max 8)
- age   1:      48720 bytes,      48720 total
- age   3:         96 bytes,      48816 total
- age   4:    1413560 bytes,    1462376 total
- age   5:    2352704 bytes,    3815080 total
- age   6:     761064 bytes,    4576144 total
- age   7:    4523488 bytes,    9099632 total
- age   8:    1788608 bytes,   10888240 total
: 105876K->13544K(109248K), 0.0058011 secs] 255132K->164174K(502464K), 0.0058577 secs] [Times: user=0.02 sys=0.00, real=0.00 secs] 
Heap after GC invocations=346 (full 3):
 par new generation   total 109248K, used 13544K [0x00000007a0000000, 0x00000007a8000000, 0x00000007a8000000)
  eden space 87424K,   0% used [0x00000007a0000000, 0x00000007a0000000, 0x00000007a5560000)
  from space 21824K,  62% used [0x00000007a5560000, 0x00000007a629a330, 0x00000007a6ab0000)
  to   space 21824K,   0% used [0x00000007a6ab0000, 0x00000007a6ab0000, 0x00000007a8000000)
 concurrent mark-sweep generation total 393216K, used 150629K [0x00000007a8000000, 0x00000007c0000000, 0x00000007c0000000)
 Metaspace       used 39699K, capacity 40688K, committed 41028K, reserved 1085440K
  class space    used 4325K, capacity 4572K, committed 4708K, reserved 1048576K
}
2017-06-02T18:07:31.139-0100: 106630.938: Total time for which application threads were stopped: 0.0060421 seconds, Stopping threads took: 0.0000174 seconds
{Heap before GC invocations=346 (full 3):
 par new generation   total 109248K, used 100968K [0x00000007a0000000, 0x00000007a8000000, 0x00000007a8000000)
  eden space 87424K, 100% used [0x00000007a0000000, 0x00000007a5560000, 0x00000007a5560000)
  from space 21824K,  62% used [0x00000007a5560000, 0x00000007a629a330, 0x00000007a6ab0000)
  to   space 21824K,   0% used [0x00000007a6ab0000, 0x00000007a6ab0000, 0x00000007a8000000)
 concurrent mark-sweep generation total 393216K, used 150629K [0x00000007a8000000, 0x00000007c0000000, 0x00000007c0000000)
 Metaspace       used 39699K, capacity 40688K, committed 41028K, reserved 1085440K
  class space    used 4325K, capacity 4572K, committed 4708K, reserved 1048576K
2017-06-02T18:07:31.239-0100: 106631.038: [GC (Allocation Failure) 2017-06-02T18:07:31.239-0100: 106631.038: [ParNew
Desired survivor size 20112992 bytes, new threshold 8 (max 8)
- age   1:      70088 bytes,      70088 total
- age   2:       1216 bytes,      71304 total
- age   4:         96 bytes,      71400 total
- age   5:    1413560 bytes,    1484960 total
- age   6:    2352704 bytes,    3837664 total
- age   7:     761064 bytes,    4598728 total
- age   8:    4523488 bytes,    9122216 total
: 100968K->10381K(109248K), 0.0054150 secs] 251598K->162764K(502464K), 0.0054792 secs] [Times: user=0.02 sys=0.00, real=0.01 secs] 
Heap after GC invocations=347 (full 3):
 par new generation   total 109248K, used 10381K [0x00000007a0000000, 0x00000007a8000000, 0x00000007a8000000)
  eden space 87424K,   0% used [0x00000007a0000000, 0x00000007a0000000, 0x00000007a5560000)
  from space 21824K,  47% used [0x00000007a6ab0000, 0x00000007a74d3738, 0x00000007a8000000)
  to   space 21824K,   0% used [0x00000007a5560000, 0x00000007a5560000, 0x00000007a6ab0000)
 concurrent mark-sweep generation total 393216K, used 152383K [0x00000007a8000000, 0x00000007c0000000, 0x00000007c0000000)
 Metaspace       used 39699K, capacity 40688K, committed 41028K, reserved 1085440K
  class space    used 4325K, capacity 4572K, committed 4708K, reserved 1048576K
}
2017-06-02T18:07:31.245-0100: 106631.043: Total time for which application threads were stopped: 0.0056623 seconds, Stopping threads took: 0.0000183 seconds
{Heap before GC invocations=347 (full 3):
 par new generation   total 109248K, used 97805K [0x00000007a0000000, 0x00000007a8000000, 0x00000007a8000000)
  eden space 87424K, 100% used [0x00000007a0000000, 0x00000007a5560000, 0x00000007a5560000)
  from space 21824K,  47% used [0x00000007a6ab0000, 0x00000007a74d3738, 0x00000007a8000000)
  to   space 21824K,   0% used [0x00000007a5560000, 0x00000007a5560000, 0x00000007a6ab0000)
 concurrent mark-sweep generation total 393216K, used 152383K [0x00000007a8000000, 0x00000007c0000000, 0x00000007c0000000)
 Metaspace       used 39699K, capacity 40688K, committed 41028K, reserved 1085440K
  class space    used 4325K, capacity 4572K, committed 4708K, reserved 1048576K
2017-06-02T18:07:31.417-0100: 106631.215: [GC (Allocation Failure) 2017-06-02T18:07:31.417-0100: 106631.215: [ParNew
Desired survivor size 20112992 bytes, new threshold 8 (max 8)
- age   1:      56032 bytes,      56032 total
- age   2:        224 bytes,      56256 total
- age   3:       1216 bytes,      57472 total
- age   5:         96 bytes,      57568 total
- age   6:    1413560 bytes,    1471128 total
- age   7:    2352704 bytes,    3823832 total
- age   8:     761064 bytes,    4584896 total
: 97805K->7529K(109248K), 0.0049667 secs] 250188K->164336K(502464K), 0.0050210 secs] [Times: user=0.02 sys=0.00, real=0.01 secs] 
Heap after GC invocations=348 (full 3):
 par new generation   total 109248K, used 7529K [0x00000007a0000000, 0x00000007a8000000, 0x00000007a8000000)
  eden space 87424K,   0% used [0x00000007a0000000, 0x00000007a0000000, 0x00000007a5560000)
  from space 21824K,  34% used [0x00000007a5560000, 0x00000007a5cba710, 0x00000007a6ab0000)
  to   space 21824K,   0% used [0x00000007a6ab0000, 0x00000007a6ab0000, 0x00000007a8000000)
 concurrent mark-sweep generation total 393216K, used 156806K [0x00000007a8000000, 0x00000007c0000000, 0x00000007c0000000)
 Metaspace       used 39699K, capacity 40688K, committed 41028K, reserved 1085440K
  class space    used 4325K, capacity 4572K, committed 4708K, reserved 1048576K
}
2017-06-02T18:07:31.422-0100: 106631.220: Total time for which application threads were stopped: 0.0052002 seconds, Stopping threads took: 0.0000181 seconds
2017-06-02T18:07:32.426-0100: 106632.224: Total time for which application threads were stopped: 0.0001828 seconds, Stopping threads took: 0.0000329 seconds
2017-06-02T18:07:42.435-0100: 106642.234: Total time for which application threads were stopped: 0.0001174 seconds, Stopping threads took: 0.0000222 seconds
2017-06-02T18:09:37.027-0100: 106756.825: Total time for which application threads were stopped: 0.0001293 seconds, Stopping threads took: 0.0000194 seconds
2017-06-02T18:09:38.031-0100: 106757.828: Total time for which application threads were stopped: 0.0001113 seconds, Stopping threads took: 0.0000232 seconds
2017-06-02T18:09:47.044-0100: 106766.841: Total time for which application threads were stopped: 0.0001031 seconds, Stopping threads took: 0.0000212 seconds
2017-06-02T18:09:47.078-0100: 106766.875: Total time for which application threads were stopped: 0.0000768 seconds, Stopping threads took: 0.0000126 seconds
2017-06-02T18:09:47.078-0100: 106766.875: Total time for which application threads were stopped: 0.0000526 seconds, Stopping threads took: 0.0000085 seconds
2017-06-02T18:09:47.078-0100: 106766.875: Total time for which application threads were stopped: 0.0000371 seconds, Stopping threads took: 0.0000055 seconds
2017-06-02T18:09:47.078-0100: 106766.875: Total time for which application threads were stopped: 0.0000349 seconds, Stopping threads took: 0.0000052 seconds
2017-06-02T18:09:47.078-0100: 106766.875: Total time for which application threads were stopped: 0.0000470 seconds, Stopping threads took: 0.0000072 seconds
2017-06-02T18:09:48.506-0100: 106768.303: Total time for which application threads were stopped: 0.0001934 seconds, Stopping threads took: 0.0000205 seconds
2017-06-02T18:09:48.507-0100: 106768.303: Total time for which application threads were stopped: 0.0001118 seconds, Stopping threads took: 0.0000129 seconds
2017-06-02T18:09:48.516-0100: 106768.313: Total time for which application threads were stopped: 0.0001128 seconds, Stopping threads took: 0.0000230 seconds
2017-06-02T18:09:48.516-0100: 106768.313: Total time for which application threads were stopped: 0.0000773 seconds, Stopping threads took: 0.0000127 seconds
2017-06-02T18:09:52.620-0100: 106772.417: Total time for which application threads were stopped: 0.0001042 seconds, Stopping threads took: 0.0000158 seconds
2017-06-02T18:09:52.621-0100: 106772.418: Total time for which application threads were stopped: 0.0000995 seconds, Stopping threads took: 0.0000115 seconds
2017-06-02T18:09:52.660-0100: 106772.457: Total time for which application threads were stopped: 0.0001069 seconds, Stopping threads took: 0.0000180 seconds
2017-06-02T18:09:52.660-0100: 106772.457: Total time for which application threads were stopped: 0.0000647 seconds, Stopping threads took: 0.0000077 seconds
{Heap before GC invocations=348 (full 3):
 par new generation   total 109248K, used 94953K [0x00000007a0000000, 0x00000007a8000000, 0x00000007a8000000)
  eden space 87424K, 100% used [0x00000007a0000000, 0x00000007a5560000, 0x00000007a5560000)
  from space 21824K,  34% used [0x00000007a5560000, 0x00000007a5cba710, 0x00000007a6ab0000)
  to   space 21824K,   0% used [0x00000007a6ab0000, 0x00000007a6ab0000, 0x00000007a8000000)
 concurrent mark-sweep generation total 393216K, used 156806K [0x00000007a8000000, 0x00000007c0000000, 0x00000007c0000000)
 Metaspace       used 39699K, capacity 40688K, committed 41028K, reserved 1085440K
  class space    used 4325K, capacity 4572K, committed 4708K, reserved 1048576K
2017-06-02T18:09:52.711-0100: 106772.508: [GC (Allocation Failure) 2017-06-02T18:09:52.711-0100: 106772.508: [ParNew
Desired survivor size 20112992 bytes, new threshold 8 (max 8)
- age   1:    2173656 bytes,    2173656 total
- age   7:    1159768 bytes,    3333424 total
- age   8:    2291648 bytes,    5625072 total
: 94953K->6759K(109248K), 0.0045959 secs] 251760K->164251K(502464K), 0.0046671 secs] [Times: user=0.01 sys=0.00, real=0.00 secs] 
Heap after GC invocations=349 (full 3):
 par new generation   total 109248K, used 6759K [0x00000007a0000000, 0x00000007a8000000, 0x00000007a8000000)
  eden space 87424K,   0% used [0x00000007a0000000, 0x00000007a0000000, 0x00000007a5560000)
  from space 21824K,  30% used [0x00000007a6ab0000, 0x00000007a7149c60, 0x00000007a8000000)
  to   space 21824K,   0% used [0x00000007a5560000, 0x00000007a5560000, 0x00000007a6ab0000)
 concurrent mark-sweep generation total 393216K, used 157492K [0x00000007a8000000, 0x00000007c0000000, 0x00000007c0000000)
 Metaspace       used 39699K, capacity 40688K, committed 41028K, reserved 1085440K
  class space    used 4325K, capacity 4572K, committed 4708K, reserved 1048576K
}
2017-06-02T18:09:52.716-0100: 106772.513: Total time for which application threads were stopped: 0.0048797 seconds, Stopping threads took: 0.0000195 seconds
{Heap before GC invocations=349 (full 3):
 par new generation   total 109248K, used 94183K [0x00000007a0000000, 0x00000007a8000000, 0x00000007a8000000)
  eden space 87424K, 100% used [0x00000007a0000000, 0x00000007a5560000, 0x00000007a5560000)
  from space 21824K,  30% used [0x00000007a6ab0000, 0x00000007a7149c60, 0x00000007a8000000)
  to   space 21824K,   0% used [0x00000007a5560000, 0x00000007a5560000, 0x00000007a6ab0000)
 concurrent mark-sweep generation total 393216K, used 157492K [0x00000007a8000000, 0x00000007c0000000, 0x00000007c0000000)
 Metaspace       used 39699K, capacity 40688K, committed 41028K, reserved 1085440K
  class space    used 4325K, capacity 4572K, committed 4708K, reserved 1048576K
2017-06-02T18:09:52.861-0100: 106772.658: [GC (Allocation Failure) 2017-06-02T18:09:52.861-0100: 106772.658: [ParNew
Desired survivor size 20112992 bytes, new threshold 8 (max 8)
- age   1:    2580944 bytes,    2580944 total
- age   2:    1376960 bytes,    3957904 total
- age   8:    1159768 bytes,    5117672 total
: 94183K->8402K(109248K), 0.0080329 secs] 251675K->168136K(502464K), 0.0080997 secs] [Times: user=0.02 sys=0.00, real=0.00 secs] 
Heap after GC invocations=350 (full 3):
 par new generation   total 109248K, used 8402K [0x00000007a0000000, 0x00000007a8000000, 0x00000007a8000000)
  eden space 87424K,   0% used [0x00000007a0000000, 0x00000007a0000000, 0x00000007a5560000)
  from space 21824K,  38% used [0x00000007a5560000, 0x00000007a5d94910, 0x00000007a6ab0000)
  to   space 21824K,   0% used [0x00000007a6ab0000, 0x00000007a6ab0000, 0x00000007a8000000)
 concurrent mark-sweep generation total 393216K, used 159733K [0x00000007a8000000, 0x00000007c0000000, 0x00000007c0000000)
 Metaspace       used 39699K, capacity 40688K, committed 41028K, reserved 1085440K
  class space    used 4325K, capacity 4572K, committed 4708K, reserved 1048576K
}
2017-06-02T18:09:52.869-0100: 106772.666: Total time for which application threads were stopped: 0.0082756 seconds, Stopping threads took: 0.0000188 seconds
{Heap before GC invocations=350 (full 3):
 par new generation   total 109248K, used 95826K [0x00000007a0000000, 0x00000007a8000000, 0x00000007a8000000)
  eden space 87424K, 100% used [0x00000007a0000000, 0x00000007a5560000, 0x00000007a5560000)
  from space 21824K,  38% used [0x00000007a5560000, 0x00000007a5d94910, 0x00000007a6ab0000)
  to   space 21824K,   0% used [0x00000007a6ab0000, 0x00000007a6ab0000, 0x00000007a8000000)
 concurrent mark-sweep generation total 393216K, used 159733K [0x00000007a8000000, 0x00000007c0000000, 0x00000007c0000000)
 Metaspace       used 39699K, capacity 40688K, committed 41028K, reserved 1085440K
  class space    used 4325K, capacity 4572K, committed 4708K, reserved 1048576K
2017-06-02T18:09:53.020-0100: 106772.817: [GC (Allocation Failure) 2017-06-02T18:09:53.020-0100: 106772.817: [ParNew
Desired survivor size 20112992 bytes, new threshold 8 (max 8)
- age   1:    2917000 bytes,    2917000 total
- age   2:    1237344 bytes,    4154344 total
- age   3:    1376816 bytes,    5531160 total
: 95826K->6752K(109248K), 0.0035605 secs] 255560K->167621K(502464K), 0.0036165 secs] [Times: user=0.01 sys=0.00, real=0.00 secs] 
Heap after GC invocations=351 (full 3):
 par new generation   total 109248K, used 6752K [0x00000007a0000000, 0x00000007a8000000, 0x00000007a8000000)
  eden space 87424K,   0% used [0x00000007a0000000, 0x00000007a0000000, 0x00000007a5560000)
  from space 21824K,  30% used [0x00000007a6ab0000, 0x00000007a71480a0, 0x00000007a8000000)
  to   space 21824K,   0% used [0x00000007a5560000, 0x00000007a5560000, 0x00000007a6ab0000)
 concurrent mark-sweep generation total 393216K, used 160869K [0x00000007a8000000, 0x00000007c0000000, 0x00000007c0000000)
 Metaspace       used 39699K, capacity 40688K, committed 41028K, reserved 1085440K
  class space    used 4325K, capacity 4572K, committed 4708K, reserved 1048576K
}
2017-06-02T18:09:53.024-0100: 106772.821: Total time for which application threads were stopped: 0.0037952 seconds, Stopping threads took: 0.0000174 seconds
{Heap before GC invocations=351 (full 3):
 par new generation   total 109248K, used 94176K [0x00000007a0000000, 0x00000007a8000000, 0x00000007a8000000)
  eden space 87424K, 100% used [0x00000007a0000000, 0x00000007a5560000, 0x00000007a5560000)
  from space 21824K,  30% used [0x00000007a6ab0000, 0x00000007a71480a0, 0x00000007a8000000)
  to   space 21824K,   0% used [0x00000007a5560000, 0x00000007a5560000, 0x00000007a6ab0000)
 concurrent mark-sweep generation total 393216K, used 160869K [0x00000007a8000000, 0x00000007c0000000, 0x00000007c0000000)
 Metaspace       used 39699K, capacity 40688K, committed 41028K, reserved 1085440K
  class space    used 4325K, capacity 4572K, committed 4708K, reserved 1048576K
2017-06-02T18:09:53.179-0100: 106772.976: [GC (Allocation Failure) 2017-06-02T18:09:53.179-0100: 106772.976: [ParNew
Desired survivor size 20112992 bytes, new threshold 8 (max 8)
- age   1:    3424072 bytes,    3424072 total
- age   2:    1436344 bytes,    4860416 total
- age   3:    1073016 bytes,    5933432 total
- age   4:    1376680 bytes,    7310112 total
: 94176K->10370K(109248K), 0.0031228 secs] 255045K->171239K(502464K), 0.0031903 secs] [Times: user=0.00 sys=0.00, real=0.01 secs] 
Heap after GC invocations=352 (full 3):
 par new generation   total 109248K, used 10370K [0x00000007a0000000, 0x00000007a8000000, 0x00000007a8000000)
  eden space 87424K,   0% used [0x00000007a0000000, 0x00000007a0000000, 0x00000007a5560000)
  from space 21824K,  47% used [0x00000007a5560000, 0x00000007a5f808b8, 0x00000007a6ab0000)
  to   space 21824K,   0% used [0x00000007a6ab0000, 0x00000007a6ab0000, 0x00000007a8000000)
 concurrent mark-sweep generation total 393216K, used 160869K [0x00000007a8000000, 0x00000007c0000000, 0x00000007c0000000)
 Metaspace       used 39699K, capacity 40688K, committed 41028K, reserved 1085440K
  class space    used 4325K, capacity 4572K, committed 4708K, reserved 1048576K
}
2017-06-02T18:09:53.182-0100: 106772.979: Total time for which application threads were stopped: 0.0033802 seconds, Stopping threads took: 0.0000205 seconds
{Heap before GC invocations=352 (full 3):
 par new generation   total 109248K, used 97794K [0x00000007a0000000, 0x00000007a8000000, 0x00000007a8000000)
  eden space 87424K, 100% used [0x00000007a0000000, 0x00000007a5560000, 0x00000007a5560000)
  from space 21824K,  47% used [0x00000007a5560000, 0x00000007a5f808b8, 0x00000007a6ab0000)
  to   space 21824K,   0% used [0x00000007a6ab0000, 0x00000007a6ab0000, 0x00000007a8000000)
 concurrent mark-sweep generation total 393216K, used 160869K [0x00000007a8000000, 0x00000007c0000000, 0x00000007c0000000)
 Metaspace       used 39699K, capacity 40688K, committed 41028K, reserved 1085440K
  class space    used 4325K, capacity 4572K, committed 4708K, reserved 1048576K
2017-06-02T18:09:53.338-0100: 106773.135: [GC (Allocation Failure) 2017-06-02T18:09:53.338-0100: 106773.135: [ParNew
Desired survivor size 20112992 bytes, new threshold 8 (max 8)
- age   1:    3359304 bytes,    3359304 total
- age   2:    1333552 bytes,    4692856 total
- age   3:    1322792 bytes,    6015648 total
- age   4:    1074240 bytes,    7089888 total
- age   5:    1377160 bytes,    8467048 total
: 97794K->10910K(109248K), 0.0033683 secs] 258663K->171779K(502464K), 0.0034388 secs] [Times: user=0.01 sys=0.00, real=0.01 secs] 
Heap after GC invocations=353 (full 3):
 par new generation   total 109248K, used 10910K [0x00000007a0000000, 0x00000007a8000000, 0x00000007a8000000)
  eden space 87424K,   0% used [0x00000007a0000000, 0x00000007a0000000, 0x00000007a5560000)
  from space 21824K,  49% used [0x00000007a6ab0000, 0x00000007a7557908, 0x00000007a8000000)
  to   space 21824K,   0% used [0x00000007a5560000, 0x00000007a5560000, 0x00000007a6ab0000)
 concurrent mark-sweep generation total 393216K, used 160869K [0x00000007a8000000, 0x00000007c0000000, 0x00000007c0000000)
 Metaspace       used 39699K, capacity 40688K, committed 41028K, reserved 1085440K
  class space    used 4325K, capacity 4572K, committed 4708K, reserved 1048576K
}
2017-06-02T18:09:53.341-0100: 106773.138: Total time for which application threads were stopped: 0.0036280 seconds, Stopping threads took: 0.0000191 seconds
{Heap before GC invocations=353 (full 3):
 par new generation   total 109248K, used 98334K [0x00000007a0000000, 0x00000007a8000000, 0x00000007a8000000)
  eden space 87424K, 100% used [0x00000007a0000000, 0x00000007a5560000, 0x00000007a5560000)
  from space 21824K,  49% used [0x00000007a6ab0000, 0x00000007a7557908, 0x00000007a8000000)
  to   space 21824K,   0% used [0x00000007a5560000, 0x00000007a5560000, 0x00000007a6ab0000)
 concurrent mark-sweep generation total 393216K, used 160869K [0x00000007a8000000, 0x00000007c0000000, 0x00000007c0000000)
 Metaspace       used 39699K, capacity 40688K, committed 41028K, reserved 1085440K
  class space    used 4325K, capacity 4572K, committed 4708K, reserved 1048576K
2017-06-02T18:09:53.491-0100: 106773.288: [GC (Allocation Failure) 2017-06-02T18:09:53.491-0100: 106773.288: [ParNew
Desired survivor size 20112992 bytes, new threshold 8 (max 8)
- age   1:    3759632 bytes,    3759632 total
- age   2:    1243088 bytes,    5002720 total
- age   3:    1298408 bytes,    6301128 total
- age   4:    1191368 bytes,    7492496 total
- age   5:    1074312 bytes,    8566808 total
- age   6:    1376872 bytes,    9943680 total
: 98334K->12094K(109248K), 0.0035797 secs] 259203K->172964K(502464K), 0.0036512 secs] [Times: user=0.01 sys=0.00, real=0.00 secs] 
Heap after GC invocations=354 (full 3):
 par new generation   total 109248K, used 12094K [0x00000007a0000000, 0x00000007a8000000, 0x00000007a8000000)
  eden space 87424K,   0% used [0x00000007a0000000, 0x00000007a0000000, 0x00000007a5560000)
  from space 21824K,  55% used [0x00000007a5560000, 0x00000007a612fbf0, 0x00000007a6ab0000)
  to   space 21824K,   0% used [0x00000007a6ab0000, 0x00000007a6ab0000, 0x00000007a8000000)
 concurrent mark-sweep generation total 393216K, used 160869K [0x00000007a8000000, 0x00000007c0000000, 0x00000007c0000000)
 Metaspace       used 39699K, capacity 40688K, committed 41028K, reserved 1085440K
  class space    used 4325K, capacity 4572K, committed 4708K, reserved 1048576K
}
2017-06-02T18:09:53.495-0100: 106773.292: Total time for which application threads were stopped: 0.0038348 seconds, Stopping threads took: 0.0000265 seconds
{Heap before GC invocations=354 (full 3):
 par new generation   total 109248K, used 99518K [0x00000007a0000000, 0x00000007a8000000, 0x00000007a8000000)
  eden space 87424K, 100% used [0x00000007a0000000, 0x00000007a5560000, 0x00000007a5560000)
  from space 21824K,  55% used [0x00000007a5560000, 0x00000007a612fbf0, 0x00000007a6ab0000)
  to   space 21824K,   0% used [0x00000007a6ab0000, 0x00000007a6ab0000, 0x00000007a8000000)
 concurrent mark-sweep generation total 393216K, used 160869K [0x00000007a8000000, 0x00000007c0000000, 0x00000007c0000000)
 Metaspace       used 39699K, capacity 40688K, committed 41028K, reserved 1085440K
  class space    used 4325K, capacity 4572K, committed 4708K, reserved 1048576K
2017-06-02T18:09:53.654-0100: 106773.451: [GC (Allocation Failure) 2017-06-02T18:09:53.654-0100: 106773.451: [ParNew
Desired survivor size 20112992 bytes, new threshold 8 (max 8)
- age   1:    3943584 bytes,    3943584 total
- age   2:    1630088 bytes,    5573672 total
- age   3:    1239432 bytes,    6813104 total
- age   4:    1296944 bytes,    8110048 total
- age   5:     895192 bytes,    9005240 total
- age   6:    1073016 bytes,   10078256 total
- age   7:    1376312 bytes,   11454568 total
: 99518K->14459K(109248K), 0.0038660 secs] 260388K->175328K(502464K), 0.0039270 secs] [Times: user=0.01 sys=0.00, real=0.00 secs] 
Heap after GC invocations=355 (full 3):
 par new generation   total 109248K, used 14459K [0x00000007a0000000, 0x00000007a8000000, 0x00000007a8000000)
  eden space 87424K,   0% used [0x00000007a0000000, 0x00000007a0000000, 0x00000007a5560000)
  from space 21824K,  66% used [0x00000007a6ab0000, 0x00000007a78cede8, 0x00000007a8000000)
  to   space 21824K,   0% used [0x00000007a5560000, 0x00000007a5560000, 0x00000007a6ab0000)
 concurrent mark-sweep generation total 393216K, used 160869K [0x00000007a8000000, 0x00000007c0000000, 0x00000007c0000000)
 Metaspace       used 39699K, capacity 40688K, committed 41028K, reserved 1085440K
  class space    used 4325K, capacity 4572K, committed 4708K, reserved 1048576K
}
2017-06-02T18:09:53.658-0100: 106773.455: Total time for which application threads were stopped: 0.0041042 seconds, Stopping threads took: 0.0000191 seconds
{Heap before GC invocations=355 (full 3):
 par new generation   total 109248K, used 101883K [0x00000007a0000000, 0x00000007a8000000, 0x00000007a8000000)
  eden space 87424K, 100% used [0x00000007a0000000, 0x00000007a5560000, 0x00000007a5560000)
  from space 21824K,  66% used [0x00000007a6ab0000, 0x00000007a78cede8, 0x00000007a8000000)
  to   space 21824K,   0% used [0x00000007a5560000, 0x00000007a5560000, 0x00000007a6ab0000)
 concurrent mark-sweep generation total 393216K, used 160869K [0x00000007a8000000, 0x00000007c0000000, 0x00000007c0000000)
 Metaspace       used 39699K, capacity 40688K, committed 41028K, reserved 1085440K
  class space    used 4325K, capacity 4572K, committed 4708K, reserved 1048576K
2017-06-02T18:09:53.818-0100: 106773.615: [GC (Allocation Failure) 2017-06-02T18:09:53.818-0100: 106773.615: [ParNew
Desired survivor size 20112992 bytes, new threshold 8 (max 8)
- age   1:    4459624 bytes,    4459624 total
- age   2:    1749600 bytes,    6209224 total
- age   3:    1091416 bytes,    7300640 total
- age   4:    1161328 bytes,    8461968 total
- age   5:    1035504 bytes,    9497472 total
- age   6:     895864 bytes,   10393336 total
- age   7:    1073904 bytes,   11467240 total
- age   8:    1376840 bytes,   12844080 total
: 101883K->15238K(109248K), 0.0040927 secs] 262752K->176107K(502464K), 0.0041788 secs] [Times: user=0.02 sys=0.00, real=0.01 secs] 
Heap after GC invocations=356 (full 3):
 par new generation   total 109248K, used 15238K [0x00000007a0000000, 0x00000007a8000000, 0x00000007a8000000)
  eden space 87424K,   0% used [0x00000007a0000000, 0x00000007a0000000, 0x00000007a5560000)
  from space 21824K,  69% used [0x00000007a5560000, 0x00000007a6441a10, 0x00000007a6ab0000)
  to   space 21824K,   0% used [0x00000007a6ab0000, 0x00000007a6ab0000, 0x00000007a8000000)
 concurrent mark-sweep generation total 393216K, used 160869K [0x00000007a8000000, 0x00000007c0000000, 0x00000007c0000000)
 Metaspace       used 39699K, capacity 40688K, committed 41028K, reserved 1085440K
  class space    used 4325K, capacity 4572K, committed 4708K, reserved 1048576K
}
2017-06-02T18:09:53.823-0100: 106773.620: Total time for which application threads were stopped: 0.0043585 seconds, Stopping threads took: 0.0000174 seconds
{Heap before GC invocations=356 (full 3):
 par new generation   total 109248K, used 102662K [0x00000007a0000000, 0x00000007a8000000, 0x00000007a8000000)
  eden space 87424K, 100% used [0x00000007a0000000, 0x00000007a5560000, 0x00000007a5560000)
  from space 21824K,  69% used [0x00000007a5560000, 0x00000007a6441a10, 0x00000007a6ab0000)
  to   space 21824K,   0% used [0x00000007a6ab0000, 0x00000007a6ab0000, 0x00000007a8000000)
 concurrent mark-sweep generation total 393216K, used 160869K [0x00000007a8000000, 0x00000007c0000000, 0x00000007c0000000)
 Metaspace       used 39699K, capacity 40688K, committed 41028K, reserved 1085440K
  class space    used 4325K, capacity 4572K, committed 4708K, reserved 1048576K
2017-06-02T18:09:53.989-0100: 106773.786: [GC (Allocation Failure) 2017-06-02T18:09:53.989-0100: 106773.786: [ParNew
Desired survivor size 20112992 bytes, new threshold 8 (max 8)
- age   1:    4553080 bytes,    4553080 total
- age   2:    1480904 bytes,    6033984 total
- age   3:    1526712 bytes,    7560696 total
- age   4:    1089528 bytes,    8650224 total
- age   5:    1160848 bytes,    9811072 total
- age   6:     969208 bytes,   10780280 total
- age   7:     895552 bytes,   11675832 total
- age   8:    1072896 bytes,   12748728 total
: 102662K->16567K(109248K), 0.0047233 secs] 263531K->178788K(502464K), 0.0047985 secs] [Times: user=0.02 sys=0.00, real=0.01 secs] 
Heap after GC invocations=357 (full 3):
 par new generation   total 109248K, used 16567K [0x00000007a0000000, 0x00000007a8000000, 0x00000007a8000000)
  eden space 87424K,   0% used [0x00000007a0000000, 0x00000007a0000000, 0x00000007a5560000)
  from space 21824K,  75% used [0x00000007a6ab0000, 0x00000007a7addd40, 0x00000007a8000000)
  to   space 21824K,   0% used [0x00000007a5560000, 0x00000007a5560000, 0x00000007a6ab0000)
 concurrent mark-sweep generation total 393216K, used 162220K [0x00000007a8000000, 0x00000007c0000000, 0x00000007c0000000)
 Metaspace       used 39699K, capacity 40688K, committed 41028K, reserved 1085440K
  class space    used 4325K, capacity 4572K, committed 4708K, reserved 1048576K
}
2017-06-02T18:09:53.994-0100: 106773.791: Total time for which application threads were stopped: 0.0049810 seconds, Stopping threads took: 0.0000201 seconds
{Heap before GC invocations=357 (full 3):
 par new generation   total 109248K, used 103991K [0x00000007a0000000, 0x00000007a8000000, 0x00000007a8000000)
  eden space 87424K, 100% used [0x00000007a0000000, 0x00000007a5560000, 0x00000007a5560000)
  from space 21824K,  75% used [0x00000007a6ab0000, 0x00000007a7addd40, 0x00000007a8000000)
  to   space 21824K,   0% used [0x00000007a5560000, 0x00000007a5560000, 0x00000007a6ab0000)
 concurrent mark-sweep generation total 393216K, used 162220K [0x00000007a8000000, 0x00000007c0000000, 0x00000007c0000000)
 Metaspace       used 39699K, capacity 40688K, committed 41028K, reserved 1085440K
  class space    used 4325K, capacity 4572K, committed 4708K, reserved 1048576K
2017-06-02T18:09:54.156-0100: 106773.953: [GC (Allocation Failure) 2017-06-02T18:09:54.156-0100: 106773.953: [ParNew
Desired survivor size 20112992 bytes, new threshold 8 (max 8)
- age   1:    2862864 bytes,    2862864 total
- age   2:    3081768 bytes,    5944632 total
- age   3:    1480568 bytes,    7425200 total
- age   4:    1523736 bytes,    8948936 total
- age   5:    1089768 bytes,   10038704 total
- age   6:    1062832 bytes,   11101536 total
- age   7:     969448 bytes,   12070984 total
- age   8:     895552 bytes,   12966536 total
: 103991K->16342K(109248K), 0.0048327 secs] 266212K->179572K(502464K), 0.0048925 secs] [Times: user=0.01 sys=0.00, real=0.01 secs] 
Heap after GC invocations=358 (full 3):
 par new generation   total 109248K, used 16342K [0x00000007a0000000, 0x00000007a8000000, 0x00000007a8000000)
  eden space 87424K,   0% used [0x00000007a0000000, 0x00000007a0000000, 0x00000007a5560000)
  from space 21824K,  74% used [0x00000007a5560000, 0x00000007a6555828, 0x00000007a6ab0000)
  to   space 21824K,   0% used [0x00000007a6ab0000, 0x00000007a6ab0000, 0x00000007a8000000)
 concurrent mark-sweep generation total 393216K, used 163230K [0x00000007a8000000, 0x00000007c0000000, 0x00000007c0000000)
 Metaspace       used 39699K, capacity 40688K, committed 41028K, reserved 1085440K
  class space    used 4325K, capacity 4572K, committed 4708K, reserved 1048576K
}
2017-06-02T18:09:54.161-0100: 106773.958: Total time for which application threads were stopped: 0.0050785 seconds, Stopping threads took: 0.0000221 seconds
{Heap before GC invocations=358 (full 3):
 par new generation   total 109248K, used 103766K [0x00000007a0000000, 0x00000007a8000000, 0x00000007a8000000)
  eden space 87424K, 100% used [0x00000007a0000000, 0x00000007a5560000, 0x00000007a5560000)
  from space 21824K,  74% used [0x00000007a5560000, 0x00000007a6555828, 0x00000007a6ab0000)
  to   space 21824K,   0% used [0x00000007a6ab0000, 0x00000007a6ab0000, 0x00000007a8000000)
 concurrent mark-sweep generation total 393216K, used 163230K [0x00000007a8000000, 0x00000007c0000000, 0x00000007c0000000)
 Metaspace       used 39699K, capacity 40688K, committed 41028K, reserved 1085440K
  class space    used 4325K, capacity 4572K, committed 4708K, reserved 1048576K
2017-06-02T18:09:54.310-0100: 106774.107: [GC (Allocation Failure) 2017-06-02T18:09:54.310-0100: 106774.107: [ParNew
Desired survivor size 20112992 bytes, new threshold 8 (max 8)
- age   1:    4089056 bytes,    4089056 total
- age   2:    2221664 bytes,    6310720 total
- age   3:     975976 bytes,    7286696 total
- age   4:    1437592 bytes,    8724288 total
- age   5:    1523592 bytes,   10247880 total
- age   6:    1089840 bytes,   11337720 total
- age   7:     997208 bytes,   12334928 total
- age   8:     969688 bytes,   13304616 total
: 103766K->19399K(109248K), 0.0098797 secs] 266996K->183514K(502464K), 0.0099514 secs] [Times: user=0.03 sys=0.00, real=0.01 secs] 
Heap after GC invocations=359 (full 3):
 par new generation   total 109248K, used 19399K [0x00000007a0000000, 0x00000007a8000000, 0x00000007a8000000)
  eden space 87424K,   0% used [0x00000007a0000000, 0x00000007a0000000, 0x00000007a5560000)
  from space 21824K,  88% used [0x00000007a6ab0000, 0x00000007a7da1f60, 0x00000007a8000000)
  to   space 21824K,   0% used [0x00000007a5560000, 0x00000007a5560000, 0x00000007a6ab0000)
 concurrent mark-sweep generation total 393216K, used 164114K [0x00000007a8000000, 0x00000007c0000000, 0x00000007c0000000)
 Metaspace       used 39699K, capacity 40688K, committed 41028K, reserved 1085440K
  class space    used 4325K, capacity 4572K, committed 4708K, reserved 1048576K
}
2017-06-02T18:09:54.320-0100: 106774.117: Total time for which application threads were stopped: 0.0101290 seconds, Stopping threads took: 0.0000206 seconds
{Heap before GC invocations=359 (full 3):
 par new generation   total 109248K, used 106823K [0x00000007a0000000, 0x00000007a8000000, 0x00000007a8000000)
  eden space 87424K, 100% used [0x00000007a0000000, 0x00000007a5560000, 0x00000007a5560000)
  from space 21824K,  88% used [0x00000007a6ab0000, 0x00000007a7da1f60, 0x00000007a8000000)
  to   space 21824K,   0% used [0x00000007a5560000, 0x00000007a5560000, 0x00000007a6ab0000)
 concurrent mark-sweep generation total 393216K, used 164114K [0x00000007a8000000, 0x00000007c0000000, 0x00000007c0000000)
 Metaspace       used 39699K, capacity 40688K, committed 41028K, reserved 1085440K
  class space    used 4325K, capacity 4572K, committed 4708K, reserved 1048576K
2017-06-02T18:09:54.484-0100: 106774.281: [GC (Allocation Failure) 2017-06-02T18:09:54.484-0100: 106774.281: [ParNew
Desired survivor size 20112992 bytes, new threshold 8 (max 8)
- age   1:    3709632 bytes,    3709632 total
- age   2:    2549024 bytes,    6258656 total
- age   3:    1200240 bytes,    7458896 total
- age   4:     975088 bytes,    8433984 total
- age   5:    1436728 bytes,    9870712 total
- age   6:    1523064 bytes,   11393776 total
- age   7:    1089264 bytes,   12483040 total
- age   8:     996488 bytes,   13479528 total
: 106823K->17801K(109248K), 0.0050312 secs] 270938K->182872K(502464K), 0.0050913 secs] [Times: user=0.01 sys=0.00, real=0.00 secs] 
Heap after GC invocations=360 (full 3):
 par new generation   total 109248K, used 17801K [0x00000007a0000000, 0x00000007a8000000, 0x00000007a8000000)
  eden space 87424K,   0% used [0x00000007a0000000, 0x00000007a0000000, 0x00000007a5560000)
  from space 21824K,  81% used [0x00000007a5560000, 0x00000007a66c26b0, 0x00000007a6ab0000)
  to   space 21824K,   0% used [0x00000007a6ab0000, 0x00000007a6ab0000, 0x00000007a8000000)
 concurrent mark-sweep generation total 393216K, used 165070K [0x00000007a8000000, 0x00000007c0000000, 0x00000007c0000000)
 Metaspace       used 39699K, capacity 40688K, committed 41028K, reserved 1085440K
  class space    used 4325K, capacity 4572K, committed 4708K, reserved 1048576K
}
2017-06-02T18:09:54.490-0100: 106774.286: Total time for which application threads were stopped: 0.0052648 seconds, Stopping threads took: 0.0000191 seconds
{Heap before GC invocations=360 (full 3):
 par new generation   total 109248K, used 105225K [0x00000007a0000000, 0x00000007a8000000, 0x00000007a8000000)
  eden space 87424K, 100% used [0x00000007a0000000, 0x00000007a5560000, 0x00000007a5560000)
  from space 21824K,  81% used [0x00000007a5560000, 0x00000007a66c26b0, 0x00000007a6ab0000)
  to   space 21824K,   0% used [0x00000007a6ab0000, 0x00000007a6ab0000, 0x00000007a8000000)
 concurrent mark-sweep generation total 393216K, used 165070K [0x00000007a8000000, 0x00000007c0000000, 0x00000007c0000000)
 Metaspace       used 39699K, capacity 40688K, committed 41028K, reserved 1085440K
  class space    used 4325K, capacity 4572K, committed 4708K, reserved 1048576K
2017-06-02T18:09:54.670-0100: 106774.467: [GC (Allocation Failure) 2017-06-02T18:09:54.670-0100: 106774.467: [ParNew
Desired survivor size 20112992 bytes, new threshold 8 (max 8)
- age   1:    3698264 bytes,    3698264 total
- age   2:    3428736 bytes,    7127000 total
- age   3:     958560 bytes,    8085560 total
- age   4:    1200624 bytes,    9286184 total
- age   5:     973568 bytes,   10259752 total
- age   6:    1349016 bytes,   11608768 total
- age   7:    1524024 bytes,   13132792 total
- age   8:     827944 bytes,   13960736 total
: 105225K->18070K(109248K), 0.0049831 secs] 270296K->184060K(502464K), 0.0050574 secs] [Times: user=0.02 sys=0.00, real=0.00 secs] 
Heap after GC invocations=361 (full 3):
 par new generation   total 109248K, used 18070K [0x00000007a0000000, 0x00000007a8000000, 0x00000007a8000000)
  eden space 87424K,   0% used [0x00000007a0000000, 0x00000007a0000000, 0x00000007a5560000)
  from space 21824K,  82% used [0x00000007a6ab0000, 0x00000007a7c55890, 0x00000007a8000000)
  to   space 21824K,   0% used [0x00000007a5560000, 0x00000007a5560000, 0x00000007a6ab0000)
 concurrent mark-sweep generation total 393216K, used 165990K [0x00000007a8000000, 0x00000007c0000000, 0x00000007c0000000)
 Metaspace       used 39699K, capacity 40688K, committed 41028K, reserved 1085440K
  class space    used 4325K, capacity 4572K, committed 4708K, reserved 1048576K
}
2017-06-02T18:09:54.676-0100: 106774.472: Total time for which application threads were stopped: 0.0052515 seconds, Stopping threads took: 0.0000334 seconds
{Heap before GC invocations=361 (full 3):
 par new generation   total 109248K, used 105494K [0x00000007a0000000, 0x00000007a8000000, 0x00000007a8000000)
  eden space 87424K, 100% used [0x00000007a0000000, 0x00000007a5560000, 0x00000007a5560000)
  from space 21824K,  82% used [0x00000007a6ab0000, 0x00000007a7c55890, 0x00000007a8000000)
  to   space 21824K,   0% used [0x00000007a5560000, 0x00000007a5560000, 0x00000007a6ab0000)
 concurrent mark-sweep generation total 393216K, used 165990K [0x00000007a8000000, 0x00000007c0000000, 0x00000007c0000000)
 Metaspace       used 39699K, capacity 40688K, committed 41028K, reserved 1085440K
  class space    used 4325K, capacity 4572K, committed 4708K, reserved 1048576K
2017-06-02T18:09:54.836-0100: 106774.633: [GC (Allocation Failure) 2017-06-02T18:09:54.836-0100: 106774.633: [ParNew
Desired survivor size 20112992 bytes, new threshold 8 (max 8)
- age   1:    5364536 bytes,    5364536 total
- age   2:    2905384 bytes,    8269920 total
- age   3:     808904 bytes,    9078824 total
- age   4:     957432 bytes,   10036256 total
- age   5:    1194664 bytes,   11230920 total
- age   6:     972488 bytes,   12203408 total
- age   7:    1347960 bytes,   13551368 total
- age   8:    1260520 bytes,   14811888 total
: 105494K->16830K(109248K), 0.0050091 secs] 271484K->183638K(502464K), 0.0050681 secs] [Times: user=0.01 sys=0.00, real=0.01 secs] 
Heap after GC invocations=362 (full 3):
 par new generation   total 109248K, used 16830K [0x00000007a0000000, 0x00000007a8000000, 0x00000007a8000000)
  eden space 87424K,   0% used [0x00000007a0000000, 0x00000007a0000000, 0x00000007a5560000)
  from space 21824K,  77% used [0x00000007a5560000, 0x00000007a65cf8c0, 0x00000007a6ab0000)
  to   space 21824K,   0% used [0x00000007a6ab0000, 0x00000007a6ab0000, 0x00000007a8000000)
 concurrent mark-sweep generation total 393216K, used 166807K [0x00000007a8000000, 0x00000007c0000000, 0x00000007c0000000)
 Metaspace       used 39699K, capacity 40688K, committed 41028K, reserved 1085440K
  class space    used 4325K, capacity 4572K, committed 4708K, reserved 1048576K
}
2017-06-02T18:09:54.841-0100: 106774.638: Total time for which application threads were stopped: 0.0052575 seconds, Stopping threads took: 0.0000193 seconds
{Heap before GC invocations=362 (full 3):
 par new generation   total 109248K, used 104254K [0x00000007a0000000, 0x00000007a8000000, 0x00000007a8000000)
  eden space 87424K, 100% used [0x00000007a0000000, 0x00000007a5560000, 0x00000007a5560000)
  from space 21824K,  77% used [0x00000007a5560000, 0x00000007a65cf8c0, 0x00000007a6ab0000)
  to   space 21824K,   0% used [0x00000007a6ab0000, 0x00000007a6ab0000, 0x00000007a8000000)
 concurrent mark-sweep generation total 393216K, used 166807K [0x00000007a8000000, 0x00000007c0000000, 0x00000007c0000000)
 Metaspace       used 39699K, capacity 40688K, committed 41028K, reserved 1085440K
  class space    used 4325K, capacity 4572K, committed 4708K, reserved 1048576K
2017-06-02T18:09:55.013-0100: 106774.809: [GC (Allocation Failure) 2017-06-02T18:09:55.013-0100: 106774.810: [ParNew
Desired survivor size 20112992 bytes, new threshold 8 (max 8)
- age   1:    2025336 bytes,    2025336 total
- age   2:    5129928 bytes,    7155264 total
- age   3:    1876568 bytes,    9031832 total
- age   4:     808904 bytes,    9840736 total
- age   5:     957432 bytes,   10798168 total
- age   6:    1194664 bytes,   11992832 total
- age   7:     972488 bytes,   12965320 total
- age   8:    1347960 bytes,   14313280 total
: 104254K->20226K(109248K), 0.0049532 secs] 271062K->188276K(502464K), 0.0050336 secs] [Times: user=0.02 sys=0.00, real=0.00 secs] 
Heap after GC invocations=363 (full 3):
 par new generation   total 109248K, used 20226K [0x00000007a0000000, 0x00000007a8000000, 0x00000007a8000000)
  eden space 87424K,   0% used [0x00000007a0000000, 0x00000007a0000000, 0x00000007a5560000)
  from space 21824K,  92% used [0x00000007a6ab0000, 0x00000007a7e709e8, 0x00000007a8000000)
  to   space 21824K,   0% used [0x00000007a5560000, 0x00000007a5560000, 0x00000007a6ab0000)
 concurrent mark-sweep generation total 393216K, used 168049K [0x00000007a8000000, 0x00000007c0000000, 0x00000007c0000000)
 Metaspace       used 39699K, capacity 40688K, committed 41028K, reserved 1085440K
  class space    used 4325K, capacity 4572K, committed 4708K, reserved 1048576K
}
2017-06-02T18:09:55.018-0100: 106774.815: Total time for which application threads were stopped: 0.0052397 seconds, Stopping threads took: 0.0000217 seconds
{Heap before GC invocations=363 (full 3):
 par new generation   total 109248K, used 107650K [0x00000007a0000000, 0x00000007a8000000, 0x00000007a8000000)
  eden space 87424K, 100% used [0x00000007a0000000, 0x00000007a5560000, 0x00000007a5560000)
  from space 21824K,  92% used [0x00000007a6ab0000, 0x00000007a7e709e8, 0x00000007a8000000)
  to   space 21824K,   0% used [0x00000007a5560000, 0x00000007a5560000, 0x00000007a6ab0000)
 concurrent mark-sweep generation total 393216K, used 168049K [0x00000007a8000000, 0x00000007c0000000, 0x00000007c0000000)
 Metaspace       used 39699K, capacity 40688K, committed 41028K, reserved 1085440K
  class space    used 4325K, capacity 4572K, committed 4708K, reserved 1048576K
2017-06-02T18:09:55.184-0100: 106774.981: [GC (Allocation Failure) 2017-06-02T18:09:55.184-0100: 106774.981: [ParNew
Desired survivor size 20112992 bytes, new threshold 8 (max 8)
- age   1:    4810424 bytes,    4810424 total
- age   2:    1975304 bytes,    6785728 total
- age   3:    1919720 bytes,    8705448 total
- age   4:    1623752 bytes,   10329200 total
- age   5:     808904 bytes,   11138104 total
- age   6:     957432 bytes,   12095536 total
- age   7:    1194664 bytes,   13290200 total
- age   8:     972488 bytes,   14262688 total
: 107650K->19239K(109248K), 0.0051481 secs] 275700K->188616K(502464K), 0.0052154 secs] [Times: user=0.01 sys=0.00, real=0.00 secs] 
Heap after GC invocations=364 (full 3):
 par new generation   total 109248K, used 19239K [0x00000007a0000000, 0x00000007a8000000, 0x00000007a8000000)
  eden space 87424K,   0% used [0x00000007a0000000, 0x00000007a0000000, 0x00000007a5560000)
  from space 21824K,  88% used [0x00000007a5560000, 0x00000007a6829f08, 0x00000007a6ab0000)
  to   space 21824K,   0% used [0x00000007a6ab0000, 0x00000007a6ab0000, 0x00000007a8000000)
 concurrent mark-sweep generation total 393216K, used 169376K [0x00000007a8000000, 0x00000007c0000000, 0x00000007c0000000)
 Metaspace       used 39699K, capacity 40688K, committed 41028K, reserved 1085440K
  class space    used 4325K, capacity 4572K, committed 4708K, reserved 1048576K
}
2017-06-02T18:09:55.189-0100: 106774.986: Total time for which application threads were stopped: 0.0053966 seconds, Stopping threads took: 0.0000178 seconds
{Heap before GC invocations=364 (full 3):
 par new generation   total 109248K, used 106663K [0x00000007a0000000, 0x00000007a8000000, 0x00000007a8000000)
  eden space 87424K, 100% used [0x00000007a0000000, 0x00000007a5560000, 0x00000007a5560000)
  from space 21824K,  88% used [0x00000007a5560000, 0x00000007a6829f08, 0x00000007a6ab0000)
  to   space 21824K,   0% used [0x00000007a6ab0000, 0x00000007a6ab0000, 0x00000007a8000000)
 concurrent mark-sweep generation total 393216K, used 169376K [0x00000007a8000000, 0x00000007c0000000, 0x00000007c0000000)
 Metaspace       used 39699K, capacity 40688K, committed 41028K, reserved 1085440K
  class space    used 4325K, capacity 4572K, committed 4708K, reserved 1048576K
2017-06-02T18:09:55.354-0100: 106775.151: [GC (Allocation Failure) 2017-06-02T18:09:55.354-0100: 106775.151: [ParNew
Desired survivor size 20112992 bytes, new threshold 8 (max 8)
- age   1:    1918960 bytes,    1918960 total
- age   2:    4760008 bytes,    6678968 total
- age   3:    1778600 bytes,    8457568 total
- age   4:    1362272 bytes,    9819840 total
- age   5:    1524544 bytes,   11344384 total
- age   6:     808904 bytes,   12153288 total
- age   7:     957432 bytes,   13110720 total
- age   8:    1194664 bytes,   14305384 total
: 106663K->18515K(109248K), 0.0082165 secs] 276040K->188852K(502464K), 0.0082822 secs] [Times: user=0.02 sys=0.00, real=0.01 secs] 
Heap after GC invocations=365 (full 3):
 par new generation   total 109248K, used 18515K [0x00000007a0000000, 0x00000007a8000000, 0x00000007a8000000)
  eden space 87424K,   0% used [0x00000007a0000000, 0x00000007a0000000, 0x00000007a5560000)
  from space 21824K,  84% used [0x00000007a6ab0000, 0x00000007a7cc4f40, 0x00000007a8000000)
  to   space 21824K,   0% used [0x00000007a5560000, 0x00000007a5560000, 0x00000007a6ab0000)
 concurrent mark-sweep generation total 393216K, used 170336K [0x00000007a8000000, 0x00000007c0000000, 0x00000007c0000000)
 Metaspace       used 39699K, capacity 40688K, committed 41028K, reserved 1085440K
  class space    used 4325K, capacity 4572K, committed 4708K, reserved 1048576K
}
2017-06-02T18:09:55.363-0100: 106775.159: Total time for which application threads were stopped: 0.0084611 seconds, Stopping threads took: 0.0000185 seconds
{Heap before GC invocations=365 (full 3):
 par new generation   total 109248K, used 105939K [0x00000007a0000000, 0x00000007a8000000, 0x00000007a8000000)
  eden space 87424K, 100% used [0x00000007a0000000, 0x00000007a5560000, 0x00000007a5560000)
  from space 21824K,  84% used [0x00000007a6ab0000, 0x00000007a7cc4f40, 0x00000007a8000000)
  to   space 21824K,   0% used [0x00000007a5560000, 0x00000007a5560000, 0x00000007a6ab0000)
 concurrent mark-sweep generation total 393216K, used 170336K [0x00000007a8000000, 0x00000007c0000000, 0x00000007c0000000)
 Metaspace       used 39699K, capacity 40688K, committed 41028K, reserved 1085440K
  class space    used 4325K, capacity 4572K, committed 4708K, reserved 1048576K
2017-06-02T18:09:55.528-0100: 106775.325: [GC (Allocation Failure) 2017-06-02T18:09:55.528-0100: 106775.325: [ParNew
Desired survivor size 20112992 bytes, new threshold 8 (max 8)
- age   1:    5955344 bytes,    5955344 total
- age   2:    1874008 bytes,    7829352 total
- age   3:    2079904 bytes,    9909256 total
- age   4:     812144 bytes,   10721400 total
- age   5:    1362272 bytes,   12083672 total
- age   6:    1524544 bytes,   13608216 total
- age   7:     808904 bytes,   14417120 total
- age   8:     957432 bytes,   15374552 total
: 105939K->17421K(109248K), 0.0053796 secs] 276276K->188936K(502464K), 0.0054543 secs] [Times: user=0.02 sys=0.00, real=0.01 secs] 
Heap after GC invocations=366 (full 3):
 par new generation   total 109248K, used 17421K [0x00000007a0000000, 0x00000007a8000000, 0x00000007a8000000)
  eden space 87424K,   0% used [0x00000007a0000000, 0x00000007a0000000, 0x00000007a5560000)
  from space 21824K,  79% used [0x00000007a5560000, 0x00000007a6663770, 0x00000007a6ab0000)
  to   space 21824K,   0% used [0x00000007a6ab0000, 0x00000007a6ab0000, 0x00000007a8000000)
 concurrent mark-sweep generation total 393216K, used 171514K [0x00000007a8000000, 0x00000007c0000000, 0x00000007c0000000)
 Metaspace       used 39699K, capacity 40688K, committed 41028K, reserved 1085440K
  class space    used 4325K, capacity 4572K, committed 4708K, reserved 1048576K
}
2017-06-02T18:09:55.533-0100: 106775.330: Total time for which application threads were stopped: 0.0056471 seconds, Stopping threads took: 0.0000216 seconds
{Heap before GC invocations=366 (full 3):
 par new generation   total 109248K, used 104845K [0x00000007a0000000, 0x00000007a8000000, 0x00000007a8000000)
  eden space 87424K, 100% used [0x00000007a0000000, 0x00000007a5560000, 0x00000007a5560000)
  from space 21824K,  79% used [0x00000007a5560000, 0x00000007a6663770, 0x00000007a6ab0000)
  to   space 21824K,   0% used [0x00000007a6ab0000, 0x00000007a6ab0000, 0x00000007a8000000)
 concurrent mark-sweep generation total 393216K, used 171514K [0x00000007a8000000, 0x00000007c0000000, 0x00000007c0000000)
 Metaspace       used 39699K, capacity 40688K, committed 41028K, reserved 1085440K
  class space    used 4325K, capacity 4572K, committed 4708K, reserved 1048576K
2017-06-02T18:09:55.721-0100: 106775.518: [GC (Allocation Failure) 2017-06-02T18:09:55.721-0100: 106775.518: [ParNew
Desired survivor size 20112992 bytes, new threshold 8 (max 8)
- age   1:    3460184 bytes,    3460184 total
- age   2:    5880560 bytes,    9340744 total
- age   3:    1581280 bytes,   10922024 total
- age   4:     928496 bytes,   11850520 total
- age   5:     813488 bytes,   12664008 total
- age   6:    1363256 bytes,   14027264 total
- age   7:    1522288 bytes,   15549552 total
- age   8:     809912 bytes,   16359464 total
: 104845K->21430K(109248K), 0.0058881 secs] 276360K->193890K(502464K), 0.0059512 secs] [Times: user=0.02 sys=0.01, real=0.00 secs] 
Heap after GC invocations=367 (full 3):
 par new generation   total 109248K, used 21430K [0x00000007a0000000, 0x00000007a8000000, 0x00000007a8000000)
  eden space 87424K,   0% used [0x00000007a0000000, 0x00000007a0000000, 0x00000007a5560000)
  from space 21824K,  98% used [0x00000007a6ab0000, 0x00000007a7f9db70, 0x00000007a8000000)
  to   space 21824K,   0% used [0x00000007a5560000, 0x00000007a5560000, 0x00000007a6ab0000)
 concurrent mark-sweep generation total 393216K, used 172459K [0x00000007a8000000, 0x00000007c0000000, 0x00000007c0000000)
 Metaspace       used 39699K, capacity 40688K, committed 41028K, reserved 1085440K
  class space    used 4325K, capacity 4572K, committed 4708K, reserved 1048576K
}
2017-06-02T18:09:55.727-0100: 106775.524: Total time for which application threads were stopped: 0.0061480 seconds, Stopping threads took: 0.0000212 seconds
{Heap before GC invocations=367 (full 3):
 par new generation   total 109248K, used 108854K [0x00000007a0000000, 0x00000007a8000000, 0x00000007a8000000)
  eden space 87424K, 100% used [0x00000007a0000000, 0x00000007a5560000, 0x00000007a5560000)
  from space 21824K,  98% used [0x00000007a6ab0000, 0x00000007a7f9db70, 0x00000007a8000000)
  to   space 21824K,   0% used [0x00000007a5560000, 0x00000007a5560000, 0x00000007a6ab0000)
 concurrent mark-sweep generation total 393216K, used 172459K [0x00000007a8000000, 0x00000007c0000000, 0x00000007c0000000)
 Metaspace       used 39699K, capacity 40688K, committed 41028K, reserved 1085440K
  class space    used 4325K, capacity 4572K, committed 4708K, reserved 1048576K
2017-06-02T18:09:55.897-0100: 106775.694: [GC (Allocation Failure) 2017-06-02T18:09:55.897-0100: 106775.694: [ParNew
Desired survivor size 20112992 bytes, new threshold 8 (max 8)
- age   1:    4093808 bytes,    4093808 total
- age   2:    3385536 bytes,    7479344 total
- age   3:    3795512 bytes,   11274856 total
- age   4:     952312 bytes,   12227168 total
- age   5:     928256 bytes,   13155424 total
- age   6:     812960 bytes,   13968384 total
- age   7:    1362992 bytes,   15331376 total
- age   8:    1522072 bytes,   16853448 total
: 108854K->21824K(109248K), 0.0081295 secs] 281314K->195084K(502464K), 0.0081884 secs] [Times: user=0.02 sys=0.00, real=0.01 secs] 
Heap after GC invocations=368 (full 3):
 par new generation   total 109248K, used 21824K [0x00000007a0000000, 0x00000007a8000000, 0x00000007a8000000)
  eden space 87424K,   0% used [0x00000007a0000000, 0x00000007a0000000, 0x00000007a5560000)
  from space 21824K, 100% used [0x00000007a5560000, 0x00000007a6ab0000, 0x00000007a6ab0000)
  to   space 21824K,   0% used [0x00000007a6ab0000, 0x00000007a6ab0000, 0x00000007a8000000)
 concurrent mark-sweep generation total 393216K, used 173260K [0x00000007a8000000, 0x00000007c0000000, 0x00000007c0000000)
 Metaspace       used 39699K, capacity 40688K, committed 41028K, reserved 1085440K
  class space    used 4325K, capacity 4572K, committed 4708K, reserved 1048576K
}
2017-06-02T18:09:55.905-0100: 106775.702: Total time for which application threads were stopped: 0.0083658 seconds, Stopping threads took: 0.0000178 seconds
{Heap before GC invocations=368 (full 3):
 par new generation   total 109248K, used 109248K [0x00000007a0000000, 0x00000007a8000000, 0x00000007a8000000)
  eden space 87424K, 100% used [0x00000007a0000000, 0x00000007a5560000, 0x00000007a5560000)
  from space 21824K, 100% used [0x00000007a5560000, 0x00000007a6ab0000, 0x00000007a6ab0000)
  to   space 21824K,   0% used [0x00000007a6ab0000, 0x00000007a6ab0000, 0x00000007a8000000)
 concurrent mark-sweep generation total 393216K, used 173260K [0x00000007a8000000, 0x00000007c0000000, 0x00000007c0000000)
 Metaspace       used 39699K, capacity 40688K, committed 41028K, reserved 1085440K
  class space    used 4325K, capacity 4572K, committed 4708K, reserved 1048576K
2017-06-02T18:09:56.091-0100: 106775.888: [GC (Allocation Failure) 2017-06-02T18:09:56.091-0100: 106775.888: [ParNew
Desired survivor size 20112992 bytes, new threshold 8 (max 8)
- age   1:    3172216 bytes,    3172216 total
- age   2:    4009608 bytes,    7181824 total
- age   3:    2339168 bytes,    9520992 total
- age   4:    2865648 bytes,   12386640 total
- age   5:     952336 bytes,   13338976 total
- age   6:     866576 bytes,   14205552 total
- age   7:     813104 bytes,   15018656 total
- age   8:    1355448 bytes,   16374104 total
: 109248K->18546K(109248K), 0.0059540 secs] 282508K->193303K(502464K), 0.0060143 secs] [Times: user=0.02 sys=0.00, real=0.00 secs] 
Heap after GC invocations=369 (full 3):
 par new generation   total 109248K, used 18546K [0x00000007a0000000, 0x00000007a8000000, 0x00000007a8000000)
  eden space 87424K,   0% used [0x00000007a0000000, 0x00000007a0000000, 0x00000007a5560000)
  from space 21824K,  84% used [0x00000007a6ab0000, 0x00000007a7cccb28, 0x00000007a8000000)
  to   space 21824K,   0% used [0x00000007a5560000, 0x00000007a5560000, 0x00000007a6ab0000)
 concurrent mark-sweep generation total 393216K, used 174756K [0x00000007a8000000, 0x00000007c0000000, 0x00000007c0000000)
 Metaspace       used 39699K, capacity 40688K, committed 41028K, reserved 1085440K
  class space    used 4325K, capacity 4572K, committed 4708K, reserved 1048576K
}
2017-06-02T18:09:56.097-0100: 106775.894: Total time for which application threads were stopped: 0.0061975 seconds, Stopping threads took: 0.0000207 seconds
{Heap before GC invocations=369 (full 3):
 par new generation   total 109248K, used 105970K [0x00000007a0000000, 0x00000007a8000000, 0x00000007a8000000)
  eden space 87424K, 100% used [0x00000007a0000000, 0x00000007a5560000, 0x00000007a5560000)
  from space 21824K,  84% used [0x00000007a6ab0000, 0x00000007a7cccb28, 0x00000007a8000000)
  to   space 21824K,   0% used [0x00000007a5560000, 0x00000007a5560000, 0x00000007a6ab0000)
 concurrent mark-sweep generation total 393216K, used 174756K [0x00000007a8000000, 0x00000007c0000000, 0x00000007c0000000)
 Metaspace       used 39699K, capacity 40688K, committed 41028K, reserved 1085440K
  class space    used 4325K, capacity 4572K, committed 4708K, reserved 1048576K
2017-06-02T18:09:56.261-0100: 106776.058: [GC (Allocation Failure) 2017-06-02T18:09:56.262-0100: 106776.058: [ParNew
Desired survivor size 20112992 bytes, new threshold 8 (max 8)
- age   1:    2659784 bytes,    2659784 total
- age   2:    3122688 bytes,    5782472 total
- age   3:    4007816 bytes,    9790288 total
- age   4:    2008512 bytes,   11798800 total
- age   5:    1850656 bytes,   13649456 total
- age   6:     951976 bytes,   14601432 total
- age   7:     866552 bytes,   15467984 total
- age   8:     812960 bytes,   16280944 total
: 105970K->21047K(109248K), 0.0059114 secs] 280727K->197137K(502464K), 0.0059840 secs] [Times: user=0.02 sys=0.00, real=0.00 secs] 
Heap after GC invocations=370 (full 3):
 par new generation   total 109248K, used 21047K [0x00000007a0000000, 0x00000007a8000000, 0x00000007a8000000)
  eden space 87424K,   0% used [0x00000007a0000000, 0x00000007a0000000, 0x00000007a5560000)
  from space 21824K,  96% used [0x00000007a5560000, 0x00000007a69eddf0, 0x00000007a6ab0000)
  to   space 21824K,   0% used [0x00000007a6ab0000, 0x00000007a6ab0000, 0x00000007a8000000)
 concurrent mark-sweep generation total 393216K, used 176090K [0x00000007a8000000, 0x00000007c0000000, 0x00000007c0000000)
 Metaspace       used 39699K, capacity 40688K, committed 41028K, reserved 1085440K
  class space    used 4325K, capacity 4572K, committed 4708K, reserved 1048576K
}
2017-06-02T18:09:56.268-0100: 106776.064: Total time for which application threads were stopped: 0.0061696 seconds, Stopping threads took: 0.0000271 seconds
{Heap before GC invocations=370 (full 3):
 par new generation   total 109248K, used 108471K [0x00000007a0000000, 0x00000007a8000000, 0x00000007a8000000)
  eden space 87424K, 100% used [0x00000007a0000000, 0x00000007a5560000, 0x00000007a5560000)
  from space 21824K,  96% used [0x00000007a5560000, 0x00000007a69eddf0, 0x00000007a6ab0000)
  to   space 21824K,   0% used [0x00000007a6ab0000, 0x00000007a6ab0000, 0x00000007a8000000)
 concurrent mark-sweep generation total 393216K, used 176090K [0x00000007a8000000, 0x00000007c0000000, 0x00000007c0000000)
 Metaspace       used 39699K, capacity 40688K, committed 41028K, reserved 1085440K
  class space    used 4325K, capacity 4572K, committed 4708K, reserved 1048576K
2017-06-02T18:09:56.424-0100: 106776.221: [GC (Allocation Failure) 2017-06-02T18:09:56.424-0100: 106776.221: [ParNew
Desired survivor size 20112992 bytes, new threshold 8 (max 8)
- age   1:    4065912 bytes,    4065912 total
- age   2:    2617064 bytes,    6682976 total
- age   3:    3123000 bytes,    9805976 total
- age   4:    1407664 bytes,   11213640 total
- age   5:    1758520 bytes,   12972160 total
- age   6:    1850944 bytes,   14823104 total
- age   7:     952336 bytes,   15775440 total
- age   8:     866408 bytes,   16641848 total
: 108471K->21824K(109248K), 0.0058768 secs] 284561K->198718K(502464K), 0.0059409 secs] [Times: user=0.02 sys=0.00, real=0.01 secs] 
Heap after GC invocations=371 (full 3):
 par new generation   total 109248K, used 21824K [0x00000007a0000000, 0x00000007a8000000, 0x00000007a8000000)
  eden space 87424K,   0% used [0x00000007a0000000, 0x00000007a0000000, 0x00000007a5560000)
  from space 21824K, 100% used [0x00000007a6ab0000, 0x00000007a8000000, 0x00000007a8000000)
  to   space 21824K,   0% used [0x00000007a5560000, 0x00000007a5560000, 0x00000007a6ab0000)
 concurrent mark-sweep generation total 393216K, used 176894K [0x00000007a8000000, 0x00000007c0000000, 0x00000007c0000000)
 Metaspace       used 39699K, capacity 40688K, committed 41028K, reserved 1085440K
  class space    used 4325K, capacity 4572K, committed 4708K, reserved 1048576K
}
2017-06-02T18:09:56.430-0100: 106776.227: Total time for which application threads were stopped: 0.0061254 seconds, Stopping threads took: 0.0000199 seconds
{Heap before GC invocations=371 (full 3):
 par new generation   total 109248K, used 109248K [0x00000007a0000000, 0x00000007a8000000, 0x00000007a8000000)
  eden space 87424K, 100% used [0x00000007a0000000, 0x00000007a5560000, 0x00000007a5560000)
  from space 21824K, 100% used [0x00000007a6ab0000, 0x00000007a8000000, 0x00000007a8000000)
  to   space 21824K,   0% used [0x00000007a5560000, 0x00000007a5560000, 0x00000007a6ab0000)
 concurrent mark-sweep generation total 393216K, used 176894K [0x00000007a8000000, 0x00000007c0000000, 0x00000007c0000000)
 Metaspace       used 39699K, capacity 40688K, committed 41028K, reserved 1085440K
  class space    used 4325K, capacity 4572K, committed 4708K, reserved 1048576K
2017-06-02T18:09:56.591-0100: 106776.388: [GC (Allocation Failure) 2017-06-02T18:09:56.591-0100: 106776.388: [ParNew
Desired survivor size 20112992 bytes, new threshold 8 (max 8)
- age   1:    3545000 bytes,    3545000 total
- age   2:    3972400 bytes,    7517400 total
- age   3:    2609368 bytes,   10126768 total
- age   4:     900536 bytes,   11027304 total
- age   5:    1408216 bytes,   12435520 total
- age   6:    1759408 bytes,   14194928 total
- age   7:    1851664 bytes,   16046592 total
- age   8:     841832 bytes,   16888424 total
: 109248K->21593K(109248K), 0.0098567 secs] 286142K->199343K(502464K), 0.0099244 secs] [Times: user=0.03 sys=0.00, real=0.01 secs] 
Heap after GC invocations=372 (full 3):
 par new generation   total 109248K, used 21593K [0x00000007a0000000, 0x00000007a8000000, 0x00000007a8000000)
  eden space 87424K,   0% used [0x00000007a0000000, 0x00000007a0000000, 0x00000007a5560000)
  from space 21824K,  98% used [0x00000007a5560000, 0x00000007a6a76768, 0x00000007a6ab0000)
  to   space 21824K,   0% used [0x00000007a6ab0000, 0x00000007a6ab0000, 0x00000007a8000000)
 concurrent mark-sweep generation total 393216K, used 177749K [0x00000007a8000000, 0x00000007c0000000, 0x00000007c0000000)
 Metaspace       used 39699K, capacity 40688K, committed 41028K, reserved 1085440K
  class space    used 4325K, capacity 4572K, committed 4708K, reserved 1048576K
}
2017-06-02T18:09:56.601-0100: 106776.398: Total time for which application threads were stopped: 0.0101250 seconds, Stopping threads took: 0.0000190 seconds
{Heap before GC invocations=372 (full 3):
 par new generation   total 109248K, used 109017K [0x00000007a0000000, 0x00000007a8000000, 0x00000007a8000000)
  eden space 87424K, 100% used [0x00000007a0000000, 0x00000007a5560000, 0x00000007a5560000)
  from space 21824K,  98% used [0x00000007a5560000, 0x00000007a6a76768, 0x00000007a6ab0000)
  to   space 21824K,   0% used [0x00000007a6ab0000, 0x00000007a6ab0000, 0x00000007a8000000)
 concurrent mark-sweep generation total 393216K, used 177749K [0x00000007a8000000, 0x00000007c0000000, 0x00000007c0000000)
 Metaspace       used 39699K, capacity 40688K, committed 41028K, reserved 1085440K
  class space    used 4325K, capacity 4572K, committed 4708K, reserved 1048576K
2017-06-02T18:09:56.766-0100: 106776.563: [GC (Allocation Failure) 2017-06-02T18:09:56.766-0100: 106776.563: [ParNew
Desired survivor size 20112992 bytes, new threshold 8 (max 8)
- age   1:    2062352 bytes,    2062352 total
- age   2:    3445416 bytes,    5507768 total
- age   3:    3971776 bytes,    9479544 total
- age   4:    2242816 bytes,   11722360 total
- age   5:     899672 bytes,   12622032 total
- age   6:     956240 bytes,   13578272 total
- age   7:    1758040 bytes,   15336312 total
- age   8:    1850752 bytes,   17187064 total
: 109017K->18938K(109248K), 0.0059370 secs] 286767K->197519K(502464K), 0.0060018 secs] [Times: user=0.02 sys=0.00, real=0.01 secs] 
Heap after GC invocations=373 (full 3):
 par new generation   total 109248K, used 18938K [0x00000007a0000000, 0x00000007a8000000, 0x00000007a8000000)
  eden space 87424K,   0% used [0x00000007a0000000, 0x00000007a0000000, 0x00000007a5560000)
  from space 21824K,  86% used [0x00000007a6ab0000, 0x00000007a7d2eb00, 0x00000007a8000000)
  to   space 21824K,   0% used [0x00000007a5560000, 0x00000007a5560000, 0x00000007a6ab0000)
 concurrent mark-sweep generation total 393216K, used 178581K [0x00000007a8000000, 0x00000007c0000000, 0x00000007c0000000)
 Metaspace       used 39699K, capacity 40688K, committed 41028K, reserved 1085440K
  class space    used 4325K, capacity 4572K, committed 4708K, reserved 1048576K
}
2017-06-02T18:09:56.772-0100: 106776.569: Total time for which application threads were stopped: 0.0061848 seconds, Stopping threads took: 0.0000191 seconds
{Heap before GC invocations=373 (full 3):
 par new generation   total 109248K, used 106362K [0x00000007a0000000, 0x00000007a8000000, 0x00000007a8000000)
  eden space 87424K, 100% used [0x00000007a0000000, 0x00000007a5560000, 0x00000007a5560000)
  from space 21824K,  86% used [0x00000007a6ab0000, 0x00000007a7d2eb00, 0x00000007a8000000)
  to   space 21824K,   0% used [0x00000007a5560000, 0x00000007a5560000, 0x00000007a6ab0000)
 concurrent mark-sweep generation total 393216K, used 178581K [0x00000007a8000000, 0x00000007c0000000, 0x00000007c0000000)
 Metaspace       used 39699K, capacity 40688K, committed 41028K, reserved 1085440K
  class space    used 4325K, capacity 4572K, committed 4708K, reserved 1048576K
2017-06-02T18:09:56.938-0100: 106776.735: [GC (Allocation Failure) 2017-06-02T18:09:56.938-0100: 106776.735: [ParNew
Desired survivor size 20112992 bytes, new threshold 8 (max 8)
- age   1:     938672 bytes,     938672 total
- age   2:    2022272 bytes,    2960944 total
- age   3:    3445608 bytes,    6406552 total
- age   4:    3971992 bytes,   10378544 total
- age   5:    2242864 bytes,   12621408 total
- age   6:     899936 bytes,   13521344 total
- age   7:     956360 bytes,   14477704 total
- age   8:    1758544 bytes,   16236248 total
: 106362K->20307K(109248K), 0.0063278 secs] 284943K->200705K(502464K), 0.0064276 secs] [Times: user=0.02 sys=0.00, real=0.01 secs] 
Heap after GC invocations=374 (full 3):
 par new generation   total 109248K, used 20307K [0x00000007a0000000, 0x00000007a8000000, 0x00000007a8000000)
  eden space 87424K,   0% used [0x00000007a0000000, 0x00000007a0000000, 0x00000007a5560000)
  from space 21824K,  93% used [0x00000007a5560000, 0x00000007a6934f08, 0x00000007a6ab0000)
  to   space 21824K,   0% used [0x00000007a6ab0000, 0x00000007a6ab0000, 0x00000007a8000000)
 concurrent mark-sweep generation total 393216K, used 180398K [0x00000007a8000000, 0x00000007c0000000, 0x00000007c0000000)
 Metaspace       used 39699K, capacity 40688K, committed 41028K, reserved 1085440K
  class space    used 4325K, capacity 4572K, committed 4708K, reserved 1048576K
}
2017-06-02T18:09:56.944-0100: 106776.741: Total time for which application threads were stopped: 0.0066398 seconds, Stopping threads took: 0.0000192 seconds
{Heap before GC invocations=374 (full 3):
 par new generation   total 109248K, used 107731K [0x00000007a0000000, 0x00000007a8000000, 0x00000007a8000000)
  eden space 87424K, 100% used [0x00000007a0000000, 0x00000007a5560000, 0x00000007a5560000)
  from space 21824K,  93% used [0x00000007a5560000, 0x00000007a6934f08, 0x00000007a6ab0000)
  to   space 21824K,   0% used [0x00000007a6ab0000, 0x00000007a6ab0000, 0x00000007a8000000)
 concurrent mark-sweep generation total 393216K, used 180398K [0x00000007a8000000, 0x00000007c0000000, 0x00000007c0000000)
 Metaspace       used 39699K, capacity 40688K, committed 41028K, reserved 1085440K
  class space    used 4325K, capacity 4572K, committed 4708K, reserved 1048576K
2017-06-02T18:09:57.108-0100: 106776.905: [GC (Allocation Failure) 2017-06-02T18:09:57.108-0100: 106776.905: [ParNew
Desired survivor size 20112992 bytes, new threshold 8 (max 8)
- age   1:    6846680 bytes,    6846680 total
- age   2:     852752 bytes,    7699432 total
- age   3:    2020464 bytes,    9719896 total
- age   4:    2257848 bytes,   11977744 total
- age   5:    1049456 bytes,   13027200 total
- age   6:    1099568 bytes,   14126768 total
- age   7:     828304 bytes,   14955072 total
- age   8:     954800 bytes,   15909872 total
: 107731K->21824K(109248K), 0.0117032 secs] 288129K->203954K(502464K), 0.0117633 secs] [Times: user=0.03 sys=0.00, real=0.02 secs] 
Heap after GC invocations=375 (full 3):
 par new generation   total 109248K, used 21824K [0x00000007a0000000, 0x00000007a8000000, 0x00000007a8000000)
  eden space 87424K,   0% used [0x00000007a0000000, 0x00000007a0000000, 0x00000007a5560000)
  from space 21824K, 100% used [0x00000007a6ab0000, 0x00000007a8000000, 0x00000007a8000000)
  to   space 21824K,   0% used [0x00000007a5560000, 0x00000007a5560000, 0x00000007a6ab0000)
 concurrent mark-sweep generation total 393216K, used 182130K [0x00000007a8000000, 0x00000007c0000000, 0x00000007c0000000)
 Metaspace       used 39699K, capacity 40688K, committed 41028K, reserved 1085440K
  class space    used 4325K, capacity 4572K, committed 4708K, reserved 1048576K
}
2017-06-02T18:09:57.120-0100: 106776.917: Total time for which application threads were stopped: 0.0119534 seconds, Stopping threads took: 0.0000185 seconds
{Heap before GC invocations=375 (full 3):
 par new generation   total 109248K, used 109248K [0x00000007a0000000, 0x00000007a8000000, 0x00000007a8000000)
  eden space 87424K, 100% used [0x00000007a0000000, 0x00000007a5560000, 0x00000007a5560000)
  from space 21824K, 100% used [0x00000007a6ab0000, 0x00000007a8000000, 0x00000007a8000000)
  to   space 21824K,   0% used [0x00000007a5560000, 0x00000007a5560000, 0x00000007a6ab0000)
 concurrent mark-sweep generation total 393216K, used 182130K [0x00000007a8000000, 0x00000007c0000000, 0x00000007c0000000)
 Metaspace       used 39699K, capacity 40688K, committed 41028K, reserved 1085440K
  class space    used 4325K, capacity 4572K, committed 4708K, reserved 1048576K
2017-06-02T18:09:57.283-0100: 106777.080: [GC (Allocation Failure) 2017-06-02T18:09:57.283-0100: 106777.080: [ParNew
Desired survivor size 20112992 bytes, new threshold 8 (max 8)
- age   1:    4167752 bytes,    4167752 total
- age   2:    6787032 bytes,   10954784 total
- age   3:     852536 bytes,   11807320 total
- age   4:    1608824 bytes,   13416144 total
- age   5:     933712 bytes,   14349856 total
- age   6:     762872 bytes,   15112728 total
- age   7:    1099400 bytes,   16212128 total
- age   8:     827992 bytes,   17040120 total
: 109248K->19819K(109248K), 0.0065548 secs] 291378K->202892K(502464K), 0.0066125 secs] [Times: user=0.02 sys=0.00, real=0.01 secs] 
Heap after GC invocations=376 (full 3):
 par new generation   total 109248K, used 19819K [0x00000007a0000000, 0x00000007a8000000, 0x00000007a8000000)
  eden space 87424K,   0% used [0x00000007a0000000, 0x00000007a0000000, 0x00000007a5560000)
  from space 21824K,  90% used [0x00000007a5560000, 0x00000007a68bada0, 0x00000007a6ab0000)
  to   space 21824K,   0% used [0x00000007a6ab0000, 0x00000007a6ab0000, 0x00000007a8000000)
 concurrent mark-sweep generation total 393216K, used 183073K [0x00000007a8000000, 0x00000007c0000000, 0x00000007c0000000)
 Metaspace       used 39699K, capacity 40688K, committed 41028K, reserved 1085440K
  class space    used 4325K, capacity 4572K, committed 4708K, reserved 1048576K
}
2017-06-02T18:09:57.290-0100: 106777.087: Total time for which application threads were stopped: 0.0067937 seconds, Stopping threads took: 0.0000189 seconds
{Heap before GC invocations=376 (full 3):
 par new generation   total 109248K, used 107243K [0x00000007a0000000, 0x00000007a8000000, 0x00000007a8000000)
  eden space 87424K, 100% used [0x00000007a0000000, 0x00000007a5560000, 0x00000007a5560000)
  from space 21824K,  90% used [0x00000007a5560000, 0x00000007a68bada0, 0x00000007a6ab0000)
  to   space 21824K,   0% used [0x00000007a6ab0000, 0x00000007a6ab0000, 0x00000007a8000000)
 concurrent mark-sweep generation total 393216K, used 183073K [0x00000007a8000000, 0x00000007c0000000, 0x00000007c0000000)
 Metaspace       used 39699K, capacity 40688K, committed 41028K, reserved 1085440K
  class space    used 4325K, capacity 4572K, committed 4708K, reserved 1048576K
2017-06-02T18:09:57.459-0100: 106777.256: [GC (Allocation Failure) 2017-06-02T18:09:57.459-0100: 106777.256: [ParNew
Desired survivor size 20112992 bytes, new threshold 8 (max 8)
- age   1:    1466200 bytes,    1466200 total
- age   2:    4092912 bytes,    5559112 total
- age   3:    6787032 bytes,   12346144 total
- age   4:     852536 bytes,   13198680 total
- age   5:    1101472 bytes,   14300152 total
- age   6:     933712 bytes,   15233864 total
- age   7:     762872 bytes,   15996736 total
- age   8:    1099400 bytes,   17096136 total
: 107243K->21819K(109248K), 0.0064843 secs] 290316K->205712K(502464K), 0.0065647 secs] [Times: user=0.02 sys=0.00, real=0.01 secs] 
Heap after GC invocations=377 (full 3):
 par new generation   total 109248K, used 21819K [0x00000007a0000000, 0x00000007a8000000, 0x00000007a8000000)
  eden space 87424K,   0% used [0x00000007a0000000, 0x00000007a0000000, 0x00000007a5560000)
  from space 21824K,  99% used [0x00000007a6ab0000, 0x00000007a7ffed88, 0x00000007a8000000)
  to   space 21824K,   0% used [0x00000007a5560000, 0x00000007a5560000, 0x00000007a6ab0000)
 concurrent mark-sweep generation total 393216K, used 183892K [0x00000007a8000000, 0x00000007c0000000, 0x00000007c0000000)
 Metaspace       used 39699K, capacity 40688K, committed 41028K, reserved 1085440K
  class space    used 4325K, capacity 4572K, committed 4708K, reserved 1048576K
}
2017-06-02T18:09:57.465-0100: 106777.262: Total time for which application threads were stopped: 0.0067583 seconds, Stopping threads took: 0.0000223 seconds
{Heap before GC invocations=377 (full 3):
 par new generation   total 109248K, used 108863K [0x00000007a0000000, 0x00000007a8000000, 0x00000007a8000000)
  eden space 87424K,  99% used [0x00000007a0000000, 0x00000007a5501078, 0x00000007a5560000)
  from space 21824K,  99% used [0x00000007a6ab0000, 0x00000007a7ffed88, 0x00000007a8000000)
  to   space 21824K,   0% used [0x00000007a5560000, 0x00000007a5560000, 0x00000007a6ab0000)
 concurrent mark-sweep generation total 393216K, used 183892K [0x00000007a8000000, 0x00000007c0000000, 0x00000007c0000000)
 Metaspace       used 39699K, capacity 40688K, committed 41028K, reserved 1085440K
  class space    used 4325K, capacity 4572K, committed 4708K, reserved 1048576K
2017-06-02T18:09:57.662-0100: 106777.459: [GC (Allocation Failure) 2017-06-02T18:09:57.662-0100: 106777.459: [ParNew
Desired survivor size 20112992 bytes, new threshold 8 (max 8)
- age   1:    1845224 bytes,    1845224 total
- age   2:    1414096 bytes,    3259320 total
- age   3:    4390800 bytes,    7650120 total
- age   4:    6787032 bytes,   14437152 total
- age   5:     852536 bytes,   15289688 total
- age   6:    1101472 bytes,   16391160 total
- age   7:     933712 bytes,   17324872 total
- age   8:     762872 bytes,   18087744 total
: 108863K->20281K(109248K), 0.0082557 secs] 292756K->205258K(502464K), 0.0083178 secs] [Times: user=0.03 sys=0.00, real=0.01 secs] 
Heap after GC invocations=378 (full 3):
 par new generation   total 109248K, used 20281K [0x00000007a0000000, 0x00000007a8000000, 0x00000007a8000000)
  eden space 87424K,   0% used [0x00000007a0000000, 0x00000007a0000000, 0x00000007a5560000)
  from space 21824K,  92% used [0x00000007a5560000, 0x00000007a692e508, 0x00000007a6ab0000)
  to   space 21824K,   0% used [0x00000007a6ab0000, 0x00000007a6ab0000, 0x00000007a8000000)
 concurrent mark-sweep generation total 393216K, used 184976K [0x00000007a8000000, 0x00000007c0000000, 0x00000007c0000000)
 Metaspace       used 39699K, capacity 40688K, committed 41028K, reserved 1085440K
  class space    used 4325K, capacity 4572K, committed 4708K, reserved 1048576K
}
2017-06-02T18:09:57.671-0100: 106777.468: Total time for which application threads were stopped: 0.0085078 seconds, Stopping threads took: 0.0000196 seconds
{Heap before GC invocations=378 (full 3):
 par new generation   total 109248K, used 107705K [0x00000007a0000000, 0x00000007a8000000, 0x00000007a8000000)
  eden space 87424K, 100% used [0x00000007a0000000, 0x00000007a5560000, 0x00000007a5560000)
  from space 21824K,  92% used [0x00000007a5560000, 0x00000007a692e508, 0x00000007a6ab0000)
  to   space 21824K,   0% used [0x00000007a6ab0000, 0x00000007a6ab0000, 0x00000007a8000000)
 concurrent mark-sweep generation total 393216K, used 184976K [0x00000007a8000000, 0x00000007c0000000, 0x00000007c0000000)
 Metaspace       used 39699K, capacity 40688K, committed 41028K, reserved 1085440K
  class space    used 4325K, capacity 4572K, committed 4708K, reserved 1048576K
2017-06-02T18:09:57.847-0100: 106777.644: [GC (Allocation Failure) 2017-06-02T18:09:57.847-0100: 106777.644: [ParNew
Desired survivor size 20112992 bytes, new threshold 8 (max 8)
- age   1:    4318712 bytes,    4318712 total
- age   2:    1783736 bytes,    6102448 total
- age   3:    1402904 bytes,    7505352 total
- age   4:    4379904 bytes,   11885256 total
- age   5:    3434312 bytes,   15319568 total
- age   6:     845976 bytes,   16165544 total
- age   7:    1095592 bytes,   17261136 total
- age   8:     826776 bytes,   18087912 total
: 107705K->21824K(109248K), 0.0067770 secs] 292682K->208090K(502464K), 0.0068449 secs] [Times: user=0.03 sys=0.00, real=0.01 secs] 
Heap after GC invocations=379 (full 3):
 par new generation   total 109248K, used 21824K [0x00000007a0000000, 0x00000007a8000000, 0x00000007a8000000)
  eden space 87424K,   0% used [0x00000007a0000000, 0x00000007a0000000, 0x00000007a5560000)
  from space 21824K, 100% used [0x00000007a6ab0000, 0x00000007a8000000, 0x00000007a8000000)
  to   space 21824K,   0% used [0x00000007a5560000, 0x00000007a5560000, 0x00000007a6ab0000)
 concurrent mark-sweep generation total 393216K, used 186266K [0x00000007a8000000, 0x00000007c0000000, 0x00000007c0000000)
 Metaspace       used 39699K, capacity 40688K, committed 41028K, reserved 1085440K
  class space    used 4325K, capacity 4572K, committed 4708K, reserved 1048576K
}
2017-06-02T18:09:57.854-0100: 106777.651: Total time for which application threads were stopped: 0.0070374 seconds, Stopping threads took: 0.0000279 seconds
{Heap before GC invocations=379 (full 3):
 par new generation   total 109248K, used 109248K [0x00000007a0000000, 0x00000007a8000000, 0x00000007a8000000)
  eden space 87424K, 100% used [0x00000007a0000000, 0x00000007a5560000, 0x00000007a5560000)
  from space 21824K, 100% used [0x00000007a6ab0000, 0x00000007a8000000, 0x00000007a8000000)
  to   space 21824K,   0% used [0x00000007a5560000, 0x00000007a5560000, 0x00000007a6ab0000)
 concurrent mark-sweep generation total 393216K, used 186266K [0x00000007a8000000, 0x00000007c0000000, 0x00000007c0000000)
 Metaspace       used 39699K, capacity 40688K, committed 41028K, reserved 1085440K
  class space    used 4325K, capacity 4572K, committed 4708K, reserved 1048576K
2017-06-02T18:09:58.023-0100: 106777.819: [GC (Allocation Failure) 2017-06-02T18:09:58.023-0100: 106777.819: [ParNew
Desired survivor size 20112992 bytes, new threshold 8 (max 8)
- age   1:    6014016 bytes,    6014016 total
- age   2:    4236080 bytes,   10250096 total
- age   3:    1782536 bytes,   12032632 total
- age   4:    1401656 bytes,   13434288 total
- age   5:    1082256 bytes,   14516544 total
- age   6:    1191712 bytes,   15708256 total
- age   7:     840960 bytes,   16549216 total
- age   8:    1094032 bytes,   17643248 total
: 109248K->21824K(109248K), 0.0125524 secs] 295514K->209945K(502464K), 0.0126119 secs] [Times: user=0.04 sys=0.01, real=0.01 secs] 
Heap after GC invocations=380 (full 3):
 par new generation   total 109248K, used 21824K [0x00000007a0000000, 0x00000007a8000000, 0x00000007a8000000)
  eden space 87424K,   0% used [0x00000007a0000000, 0x00000007a0000000, 0x00000007a5560000)
  from space 21824K, 100% used [0x00000007a5560000, 0x00000007a6ab0000, 0x00000007a6ab0000)
  to   space 21824K,   0% used [0x00000007a6ab0000, 0x00000007a6ab0000, 0x00000007a8000000)
 concurrent mark-sweep generation total 393216K, used 188121K [0x00000007a8000000, 0x00000007c0000000, 0x00000007c0000000)
 Metaspace       used 39699K, capacity 40688K, committed 41028K, reserved 1085440K
  class space    used 4325K, capacity 4572K, committed 4708K, reserved 1048576K
}
2017-06-02T18:09:58.035-0100: 106777.832: Total time for which application threads were stopped: 0.0127898 seconds, Stopping threads took: 0.0000166 seconds
{Heap before GC invocations=380 (full 3):
 par new generation   total 109248K, used 109248K [0x00000007a0000000, 0x00000007a8000000, 0x00000007a8000000)
  eden space 87424K, 100% used [0x00000007a0000000, 0x00000007a5560000, 0x00000007a5560000)
  from space 21824K, 100% used [0x00000007a5560000, 0x00000007a6ab0000, 0x00000007a6ab0000)
  to   space 21824K,   0% used [0x00000007a6ab0000, 0x00000007a6ab0000, 0x00000007a8000000)
 concurrent mark-sweep generation total 393216K, used 188121K [0x00000007a8000000, 0x00000007c0000000, 0x00000007c0000000)
 Metaspace       used 39699K, capacity 40688K, committed 41028K, reserved 1085440K
  class space    used 4325K, capacity 4572K, committed 4708K, reserved 1048576K
2017-06-02T18:09:58.197-0100: 106777.994: [GC (Allocation Failure) 2017-06-02T18:09:58.197-0100: 106777.994: [ParNew
Desired survivor size 20112992 bytes, new threshold 8 (max 8)
- age   1:    1567072 bytes,    1567072 total
- age   2:    4911504 bytes,    6478576 total
- age   3:    4235448 bytes,   10714024 total
- age   4:    1781552 bytes,   12495576 total
- age   5:    1400784 bytes,   13896360 total
- age   6:     759024 bytes,   14655384 total
- age   7:     874376 bytes,   15529760 total
- age   8:     840264 bytes,   16370024 total
: 109248K->21824K(109248K), 0.0066787 secs] 297369K->212011K(502464K), 0.0067565 secs] [Times: user=0.02 sys=0.00, real=0.01 secs] 
Heap after GC invocations=381 (full 3):
 par new generation   total 109248K, used 21824K [0x00000007a0000000, 0x00000007a8000000, 0x00000007a8000000)
  eden space 87424K,   0% used [0x00000007a0000000, 0x00000007a0000000, 0x00000007a5560000)
  from space 21824K, 100% used [0x00000007a6ab0000, 0x00000007a8000000, 0x00000007a8000000)
  to   space 21824K,   0% used [0x00000007a5560000, 0x00000007a5560000, 0x00000007a6ab0000)
 concurrent mark-sweep generation total 393216K, used 190187K [0x00000007a8000000, 0x00000007c0000000, 0x00000007c0000000)
 Metaspace       used 39699K, capacity 40688K, committed 41028K, reserved 1085440K
  class space    used 4325K, capacity 4572K, committed 4708K, reserved 1048576K
}
2017-06-02T18:09:58.204-0100: 106778.001: Total time for which application threads were stopped: 0.0069336 seconds, Stopping threads took: 0.0000205 seconds
{Heap before GC invocations=381 (full 3):
 par new generation   total 109248K, used 109248K [0x00000007a0000000, 0x00000007a8000000, 0x00000007a8000000)
  eden space 87424K, 100% used [0x00000007a0000000, 0x00000007a5560000, 0x00000007a5560000)
  from space 21824K, 100% used [0x00000007a6ab0000, 0x00000007a8000000, 0x00000007a8000000)
  to   space 21824K,   0% used [0x00000007a5560000, 0x00000007a5560000, 0x00000007a6ab0000)
 concurrent mark-sweep generation total 393216K, used 190187K [0x00000007a8000000, 0x00000007c0000000, 0x00000007c0000000)
 Metaspace       used 39699K, capacity 40688K, committed 41028K, reserved 1085440K
  class space    used 4325K, capacity 4572K, committed 4708K, reserved 1048576K
2017-06-02T18:09:58.375-0100: 106778.172: [GC (Allocation Failure) 2017-06-02T18:09:58.375-0100: 106778.172: [ParNew
Desired survivor size 20112992 bytes, new threshold 8 (max 8)
- age   1:    1178896 bytes,    1178896 total
- age   2:    1507312 bytes,    2686208 total
- age   3:    4911504 bytes,    7597712 total
- age   4:    4223864 bytes,   11821576 total
- age   5:    1781552 bytes,   13603128 total
- age   6:    1400784 bytes,   15003912 total
- age   7:     759024 bytes,   15762936 total
- age   8:     874376 bytes,   16637312 total
: 109248K->21824K(109248K), 0.0125730 secs] 299435K->212841K(502464K), 0.0126328 secs] [Times: user=0.03 sys=0.00, real=0.01 secs] 
Heap after GC invocations=382 (full 3):
 par new generation   total 109248K, used 21824K [0x00000007a0000000, 0x00000007a8000000, 0x00000007a8000000)
  eden space 87424K,   0% used [0x00000007a0000000, 0x00000007a0000000, 0x00000007a5560000)
  from space 21824K, 100% used [0x00000007a5560000, 0x00000007a6ab0000, 0x00000007a6ab0000)
  to   space 21824K,   0% used [0x00000007a6ab0000, 0x00000007a6ab0000, 0x00000007a8000000)
 concurrent mark-sweep generation total 393216K, used 191017K [0x00000007a8000000, 0x00000007c0000000, 0x00000007c0000000)
 Metaspace       used 39699K, capacity 40688K, committed 41028K, reserved 1085440K
  class space    used 4325K, capacity 4572K, committed 4708K, reserved 1048576K
}
2017-06-02T18:09:58.388-0100: 106778.185: Total time for which application threads were stopped: 0.0128112 seconds, Stopping threads took: 0.0000180 seconds
{Heap before GC invocations=382 (full 3):
 par new generation   total 109248K, used 109248K [0x00000007a0000000, 0x00000007a8000000, 0x00000007a8000000)
  eden space 87424K, 100% used [0x00000007a0000000, 0x00000007a5560000, 0x00000007a5560000)
  from space 21824K, 100% used [0x00000007a5560000, 0x00000007a6ab0000, 0x00000007a6ab0000)
  to   space 21824K,   0% used [0x00000007a6ab0000, 0x00000007a6ab0000, 0x00000007a8000000)
 concurrent mark-sweep generation total 393216K, used 191017K [0x00000007a8000000, 0x00000007c0000000, 0x00000007c0000000)
 Metaspace       used 39699K, capacity 40688K, committed 41028K, reserved 1085440K
  class space    used 4325K, capacity 4572K, committed 4708K, reserved 1048576K
2017-06-02T18:09:58.555-0100: 106778.352: [GC (Allocation Failure) 2017-06-02T18:09:58.555-0100: 106778.352: [ParNew
Desired survivor size 20112992 bytes, new threshold 8 (max 8)
- age   1:    5248312 bytes,    5248312 total
- age   2:    1085984 bytes,    6334296 total
- age   3:    1507312 bytes,    7841608 total
- age   4:    4911504 bytes,   12753112 total
- age   5:    1835120 bytes,   14588232 total
- age   6:     827184 bytes,   15415416 total
- age   7:     829984 bytes,   16245400 total
- age   8:     759024 bytes,   17004424 total
: 109248K->19844K(109248K), 0.0128677 secs] 300265K->211723K(502464K), 0.0129394 secs] [Times: user=0.04 sys=0.00, real=0.01 secs] 
Heap after GC invocations=383 (full 3):
 par new generation   total 109248K, used 19844K [0x00000007a0000000, 0x00000007a8000000, 0x00000007a8000000)
  eden space 87424K,   0% used [0x00000007a0000000, 0x00000007a0000000, 0x00000007a5560000)
  from space 21824K,  90% used [0x00000007a6ab0000, 0x00000007a7e11128, 0x00000007a8000000)
  to   space 21824K,   0% used [0x00000007a5560000, 0x00000007a5560000, 0x00000007a6ab0000)
 concurrent mark-sweep generation total 393216K, used 191879K [0x00000007a8000000, 0x00000007c0000000, 0x00000007c0000000)
 Metaspace       used 39699K, capacity 40688K, committed 41028K, reserved 1085440K
  class space    used 4325K, capacity 4572K, committed 4708K, reserved 1048576K
}
2017-06-02T18:09:58.568-0100: 106778.365: Total time for which application threads were stopped: 0.0131178 seconds, Stopping threads took: 0.0000192 seconds
{Heap before GC invocations=383 (full 3):
 par new generation   total 109248K, used 107268K [0x00000007a0000000, 0x00000007a8000000, 0x00000007a8000000)
  eden space 87424K, 100% used [0x00000007a0000000, 0x00000007a5560000, 0x00000007a5560000)
  from space 21824K,  90% used [0x00000007a6ab0000, 0x00000007a7e11128, 0x00000007a8000000)
  to   space 21824K,   0% used [0x00000007a5560000, 0x00000007a5560000, 0x00000007a6ab0000)
 concurrent mark-sweep generation total 393216K, used 191879K [0x00000007a8000000, 0x00000007c0000000, 0x00000007c0000000)
 Metaspace       used 39699K, capacity 40688K, committed 41028K, reserved 1085440K
  class space    used 4325K, capacity 4572K, committed 4708K, reserved 1048576K
2017-06-02T18:09:58.735-0100: 106778.532: [GC (Allocation Failure) 2017-06-02T18:09:58.735-0100: 106778.532: [ParNew
Desired survivor size 20112992 bytes, new threshold 8 (max 8)
- age   1:    1512096 bytes,    1512096 total
- age   2:    5200152 bytes,    6712248 total
- age   3:    1085984 bytes,    7798232 total
- age   4:    1507312 bytes,    9305544 total
- age   5:    4393704 bytes,   13699248 total
- age   6:    1835120 bytes,   15534368 total
- age   7:     827184 bytes,   16361552 total
- age   8:     829984 bytes,   17191536 total
: 107268K->20802K(109248K), 0.0068721 secs] 299147K->213431K(502464K), 0.0069336 secs] [Times: user=0.02 sys=0.01, real=0.01 secs] 
Heap after GC invocations=384 (full 3):
 par new generation   total 109248K, used 20802K [0x00000007a0000000, 0x00000007a8000000, 0x00000007a8000000)
  eden space 87424K,   0% used [0x00000007a0000000, 0x00000007a0000000, 0x00000007a5560000)
  from space 21824K,  95% used [0x00000007a5560000, 0x00000007a69b0808, 0x00000007a6ab0000)
  to   space 21824K,   0% used [0x00000007a6ab0000, 0x00000007a6ab0000, 0x00000007a8000000)
 concurrent mark-sweep generation total 393216K, used 192629K [0x00000007a8000000, 0x00000007c0000000, 0x00000007c0000000)
 Metaspace       used 39699K, capacity 40688K, committed 41028K, reserved 1085440K
  class space    used 4325K, capacity 4572K, committed 4708K, reserved 1048576K
}
2017-06-02T18:09:58.742-0100: 106778.539: Total time for which application threads were stopped: 0.0071169 seconds, Stopping threads took: 0.0000202 seconds
{Heap before GC invocations=384 (full 3):
 par new generation   total 109248K, used 108226K [0x00000007a0000000, 0x00000007a8000000, 0x00000007a8000000)
  eden space 87424K, 100% used [0x00000007a0000000, 0x00000007a5560000, 0x00000007a5560000)
  from space 21824K,  95% used [0x00000007a5560000, 0x00000007a69b0808, 0x00000007a6ab0000)
  to   space 21824K,   0% used [0x00000007a6ab0000, 0x00000007a6ab0000, 0x00000007a8000000)
 concurrent mark-sweep generation total 393216K, used 192629K [0x00000007a8000000, 0x00000007c0000000, 0x00000007c0000000)
 Metaspace       used 39699K, capacity 40688K, committed 41028K, reserved 1085440K
  class space    used 4325K, capacity 4572K, committed 4708K, reserved 1048576K
2017-06-02T18:09:58.906-0100: 106778.703: [GC (Allocation Failure) 2017-06-02T18:09:58.906-0100: 106778.703: [ParNew
Desired survivor size 20112992 bytes, new threshold 8 (max 8)
- age   1:    5178320 bytes,    5178320 total
- age   2:     975864 bytes,    6154184 total
- age   3:    4651976 bytes,   10806160 total
- age   4:    1074376 bytes,   11880536 total
- age   5:    1206448 bytes,   13086984 total
- age   6:    2223760 bytes,   15310744 total
- age   7:    1825792 bytes,   17136536 total
- age   8:     816328 bytes,   17952864 total
: 108226K->21824K(109248K), 0.0071603 secs] 300855K->216629K(502464K), 0.0072421 secs] [Times: user=0.02 sys=0.00, real=0.01 secs] 
Heap after GC invocations=385 (full 3):
 par new generation   total 109248K, used 21824K [0x00000007a0000000, 0x00000007a8000000, 0x00000007a8000000)
  eden space 87424K,   0% used [0x00000007a0000000, 0x00000007a0000000, 0x00000007a5560000)
  from space 21824K, 100% used [0x00000007a6ab0000, 0x00000007a8000000, 0x00000007a8000000)
  to   space 21824K,   0% used [0x00000007a5560000, 0x00000007a5560000, 0x00000007a6ab0000)
 concurrent mark-sweep generation total 393216K, used 194805K [0x00000007a8000000, 0x00000007c0000000, 0x00000007c0000000)
 Metaspace       used 39699K, capacity 40688K, committed 41028K, reserved 1085440K
  class space    used 4325K, capacity 4572K, committed 4708K, reserved 1048576K
}
2017-06-02T18:09:58.914-0100: 106778.711: Total time for which application threads were stopped: 0.0074297 seconds, Stopping threads took: 0.0000188 seconds
{Heap before GC invocations=385 (full 3):
 par new generation   total 109248K, used 109248K [0x00000007a0000000, 0x00000007a8000000, 0x00000007a8000000)
  eden space 87424K, 100% used [0x00000007a0000000, 0x00000007a5560000, 0x00000007a5560000)
  from space 21824K, 100% used [0x00000007a6ab0000, 0x00000007a8000000, 0x00000007a8000000)
  to   space 21824K,   0% used [0x00000007a5560000, 0x00000007a5560000, 0x00000007a6ab0000)
 concurrent mark-sweep generation total 393216K, used 194805K [0x00000007a8000000, 0x00000007c0000000, 0x00000007c0000000)
 Metaspace       used 39699K, capacity 40688K, committed 41028K, reserved 1085440K
  class space    used 4325K, capacity 4572K, committed 4708K, reserved 1048576K
2017-06-02T18:09:59.082-0100: 106778.878: [GC (Allocation Failure) 2017-06-02T18:09:59.082-0100: 106778.878: [ParNew
Desired survivor size 20112992 bytes, new threshold 8 (max 8)
- age   1:     836128 bytes,     836128 total
- age   2:    5123760 bytes,    5959888 total
- age   3:     963328 bytes,    6923216 total
- age   4:    4639368 bytes,   11562584 total
- age   5:    1061232 bytes,   12623816 total
- age   6:    1193568 bytes,   13817384 total
- age   7:    1588688 bytes,   15406072 total
- age   8:    1814568 bytes,   17220640 total
: 109248K->21824K(109248K), 0.0064459 secs] 304053K->218153K(502464K), 0.0065199 secs] [Times: user=0.02 sys=0.00, real=0.00 secs] 
Heap after GC invocations=386 (full 3):
 par new generation   total 109248K, used 21824K [0x00000007a0000000, 0x00000007a8000000, 0x00000007a8000000)
  eden space 87424K,   0% used [0x00000007a0000000, 0x00000007a0000000, 0x00000007a5560000)
  from space 21824K, 100% used [0x00000007a5560000, 0x00000007a6ab0000, 0x00000007a6ab0000)
  to   space 21824K,   0% used [0x00000007a6ab0000, 0x00000007a6ab0000, 0x00000007a8000000)
 concurrent mark-sweep generation total 393216K, used 196329K [0x00000007a8000000, 0x00000007c0000000, 0x00000007c0000000)
 Metaspace       used 39699K, capacity 40688K, committed 41028K, reserved 1085440K
  class space    used 4325K, capacity 4572K, committed 4708K, reserved 1048576K
}
2017-06-02T18:09:59.088-0100: 106778.885: Total time for which application threads were stopped: 0.0066922 seconds, Stopping threads took: 0.0000176 seconds
{Heap before GC invocations=386 (full 3):
 par new generation   total 109248K, used 109248K [0x00000007a0000000, 0x00000007a8000000, 0x00000007a8000000)
  eden space 87424K, 100% used [0x00000007a0000000, 0x00000007a5560000, 0x00000007a5560000)
  from space 21824K, 100% used [0x00000007a5560000, 0x00000007a6ab0000, 0x00000007a6ab0000)
  to   space 21824K,   0% used [0x00000007a6ab0000, 0x00000007a6ab0000, 0x00000007a8000000)
 concurrent mark-sweep generation total 393216K, used 196329K [0x00000007a8000000, 0x00000007c0000000, 0x00000007c0000000)
 Metaspace       used 39699K, capacity 40688K, committed 41028K, reserved 1085440K
  class space    used 4325K, capacity 4572K, committed 4708K, reserved 1048576K
2017-06-02T18:09:59.264-0100: 106779.061: [GC (Allocation Failure) 2017-06-02T18:09:59.264-0100: 106779.061: [ParNew
Desired survivor size 20112992 bytes, new threshold 8 (max 8)
- age   1:    4926360 bytes,    4926360 total
- age   2:     800064 bytes,    5726424 total
- age   3:    5123808 bytes,   10850232 total
- age   4:     963136 bytes,   11813368 total
- age   5:    4635648 bytes,   16449016 total
- age   6:    1048088 bytes,   17497104 total
- age   7:     837392 bytes,   18334496 total
- age   8:     762984 bytes,   19097480 total
: 109248K->21824K(109248K), 0.0062957 secs] 305577K->219932K(502464K), 0.0063547 secs] [Times: user=0.02 sys=0.00, real=0.01 secs] 
Heap after GC invocations=387 (full 3):
 par new generation   total 109248K, used 21824K [0x00000007a0000000, 0x00000007a8000000, 0x00000007a8000000)
  eden space 87424K,   0% used [0x00000007a0000000, 0x00000007a0000000, 0x00000007a5560000)
  from space 21824K, 100% used [0x00000007a6ab0000, 0x00000007a8000000, 0x00000007a8000000)
  to   space 21824K,   0% used [0x00000007a5560000, 0x00000007a5560000, 0x00000007a6ab0000)
 concurrent mark-sweep generation total 393216K, used 198108K [0x00000007a8000000, 0x00000007c0000000, 0x00000007c0000000)
 Metaspace       used 39699K, capacity 40688K, committed 41028K, reserved 1085440K
  class space    used 4325K, capacity 4572K, committed 4708K, reserved 1048576K
}
2017-06-02T18:09:59.270-0100: 106779.067: Total time for which application threads were stopped: 0.0065374 seconds, Stopping threads took: 0.0000194 seconds
2017-06-02T18:09:59.271-0100: 106779.067: [GC (CMS Initial Mark) [1 CMS-initial-mark: 198108K(393216K)] 221740K(502464K), 0.0017020 secs] [Times: user=0.00 sys=0.00, real=0.00 secs] 
2017-06-02T18:09:59.272-0100: 106779.069: Total time for which application threads were stopped: 0.0018625 seconds, Stopping threads took: 0.0000509 seconds
2017-06-02T18:09:59.272-0100: 106779.069: [CMS-concurrent-mark-start]
2017-06-02T18:09:59.287-0100: 106779.084: [CMS-concurrent-mark: 0.015/0.015 secs] [Times: user=0.08 sys=0.00, real=0.01 secs] 
2017-06-02T18:09:59.287-0100: 106779.084: [CMS-concurrent-preclean-start]
2017-06-02T18:09:59.289-0100: 106779.085: [CMS-concurrent-preclean: 0.001/0.001 secs] [Times: user=0.00 sys=0.00, real=0.00 secs] 
2017-06-02T18:09:59.289-0100: 106779.085: [CMS-concurrent-abortable-preclean-start]
2017-06-02T18:09:59.371-0100: 106779.168: [CMS-concurrent-abortable-preclean: 0.082/0.082 secs] [Times: user=0.16 sys=0.00, real=0.09 secs] 
2017-06-02T18:09:59.371-0100: 106779.168: [GC (CMS Final Remark) [YG occupancy: 69218 K (109248 K)]{Heap before GC invocations=387 (full 4):
 par new generation   total 109248K, used 69218K [0x00000007a0000000, 0x00000007a8000000, 0x00000007a8000000)
  eden space 87424K,  54% used [0x00000007a0000000, 0x00000007a2e48a00, 0x00000007a5560000)
  from space 21824K, 100% used [0x00000007a6ab0000, 0x00000007a8000000, 0x00000007a8000000)
  to   space 21824K,   0% used [0x00000007a5560000, 0x00000007a5560000, 0x00000007a6ab0000)
 concurrent mark-sweep generation total 393216K, used 198108K [0x00000007a8000000, 0x00000007c0000000, 0x00000007c0000000)
 Metaspace       used 39699K, capacity 40688K, committed 41028K, reserved 1085440K
  class space    used 4325K, capacity 4572K, committed 4708K, reserved 1048576K
2017-06-02T18:09:59.371-0100: 106779.168: [GC (CMS Final Remark) 2017-06-02T18:09:59.371-0100: 106779.168: [ParNew
Desired survivor size 20112992 bytes, new threshold 8 (max 8)
- age   1:     488264 bytes,     488264 total
- age   2:    4880184 bytes,    5368448 total
- age   3:     799536 bytes,    6167984 total
- age   4:    5123256 bytes,   11291240 total
- age   5:     962824 bytes,   12254064 total
- age   6:    3024936 bytes,   15279000 total
- age   7:    1047656 bytes,   16326656 total
- age   8:     836888 bytes,   17163544 total
: 69218K->21371K(109248K), 0.0064765 secs] 267327K->221805K(502464K), 0.0065210 secs] [Times: user=0.03 sys=0.01, real=0.00 secs] 
Heap after GC invocations=388 (full 4):
 par new generation   total 109248K, used 21371K [0x00000007a0000000, 0x00000007a8000000, 0x00000007a8000000)
  eden space 87424K,   0% used [0x00000007a0000000, 0x00000007a0000000, 0x00000007a5560000)
  from space 21824K,  97% used [0x00000007a5560000, 0x00000007a6a3ec78, 0x00000007a6ab0000)
  to   space 21824K,   0% used [0x00000007a6ab0000, 0x00000007a6ab0000, 0x00000007a8000000)
 concurrent mark-sweep generation total 393216K, used 200433K [0x00000007a8000000, 0x00000007c0000000, 0x00000007c0000000)
 Metaspace       used 39699K, capacity 40688K, committed 41028K, reserved 1085440K
  class space    used 4325K, capacity 4572K, committed 4708K, reserved 1048576K
}
2017-06-02T18:09:59.377-0100: 106779.174: [Rescan (parallel) , 0.0028149 secs]2017-06-02T18:09:59.380-0100: 106779.177: [weak refs processing, 0.0006613 secs]2017-06-02T18:09:59.381-0100: 106779.178: [class unloading, 0.0154102 secs]2017-06-02T18:09:59.396-0100: 106779.193: [scrub symbol table, 0.0039187 secs]2017-06-02T18:09:59.400-0100: 106779.197: [scrub string table, 0.0004262 secs][1 CMS-remark: 200433K(393216K)] 221805K(502464K), 0.0299748 secs] [Times: user=0.06 sys=0.01, real=0.03 secs] 
2017-06-02T18:09:59.401-0100: 106779.198: Total time for which application threads were stopped: 0.0301260 seconds, Stopping threads took: 0.0000434 seconds
2017-06-02T18:09:59.401-0100: 106779.198: [CMS-concurrent-sweep-start]
2017-06-02T18:09:59.441-0100: 106779.238: [CMS-concurrent-sweep: 0.040/0.040 secs] [Times: user=0.08 sys=0.00, real=0.04 secs] 
2017-06-02T18:09:59.441-0100: 106779.238: [CMS-concurrent-reset-start]
2017-06-02T18:09:59.442-0100: 106779.238: [CMS-concurrent-reset: 0.000/0.000 secs] [Times: user=0.00 sys=0.00, real=0.00 secs] 
{Heap before GC invocations=388 (full 4):
 par new generation   total 109248K, used 108795K [0x00000007a0000000, 0x00000007a8000000, 0x00000007a8000000)
  eden space 87424K, 100% used [0x00000007a0000000, 0x00000007a5560000, 0x00000007a5560000)
  from space 21824K,  97% used [0x00000007a5560000, 0x00000007a6a3ec78, 0x00000007a6ab0000)
  to   space 21824K,   0% used [0x00000007a6ab0000, 0x00000007a6ab0000, 0x00000007a8000000)
 concurrent mark-sweep generation total 393216K, used 57374K [0x00000007a8000000, 0x00000007c0000000, 0x00000007c0000000)
 Metaspace       used 39699K, capacity 40688K, committed 41028K, reserved 1085440K
  class space    used 4325K, capacity 4572K, committed 4708K, reserved 1048576K
2017-06-02T18:09:59.553-0100: 106779.350: [GC (Allocation Failure) 2017-06-02T18:09:59.553-0100: 106779.350: [ParNew
Desired survivor size 20112992 bytes, new threshold 8 (max 8)
- age   1:    6155784 bytes,    6155784 total
- age   2:     462712 bytes,    6618496 total
- age   3:    4896000 bytes,   11514496 total
- age   4:     841232 bytes,   12355728 total
- age   5:    5163912 bytes,   17519640 total
- age   6:     888328 bytes,   18407968 total
- age   7:    1429144 bytes,   19837112 total
- age   8:    1048792 bytes,   20885904 total
: 108795K->21824K(109248K), 0.0062816 secs] 166169K->79953K(502464K), 0.0063627 secs] [Times: user=0.02 sys=0.00, real=0.00 secs] 
Heap after GC invocations=389 (full 4):
 par new generation   total 109248K, used 21824K [0x00000007a0000000, 0x00000007a8000000, 0x00000007a8000000)
  eden space 87424K,   0% used [0x00000007a0000000, 0x00000007a0000000, 0x00000007a5560000)
  from space 21824K, 100% used [0x00000007a6ab0000, 0x00000007a8000000, 0x00000007a8000000)
  to   space 21824K,   0% used [0x00000007a5560000, 0x00000007a5560000, 0x00000007a6ab0000)
 concurrent mark-sweep generation total 393216K, used 58129K [0x00000007a8000000, 0x00000007c0000000, 0x00000007c0000000)
 Metaspace       used 39699K, capacity 40688K, committed 41028K, reserved 1085440K
  class space    used 4325K, capacity 4572K, committed 4708K, reserved 1048576K
}
2017-06-02T18:09:59.559-0100: 106779.356: Total time for which application threads were stopped: 0.0065893 seconds, Stopping threads took: 0.0000182 seconds
{Heap before GC invocations=389 (full 4):
 par new generation   total 109248K, used 109248K [0x00000007a0000000, 0x00000007a8000000, 0x00000007a8000000)
  eden space 87424K, 100% used [0x00000007a0000000, 0x00000007a5560000, 0x00000007a5560000)
  from space 21824K, 100% used [0x00000007a6ab0000, 0x00000007a8000000, 0x00000007a8000000)
  to   space 21824K,   0% used [0x00000007a5560000, 0x00000007a5560000, 0x00000007a6ab0000)
 concurrent mark-sweep generation total 393216K, used 58129K [0x00000007a8000000, 0x00000007c0000000, 0x00000007c0000000)
 Metaspace       used 39699K, capacity 40688K, committed 41028K, reserved 1085440K
  class space    used 4325K, capacity 4572K, committed 4708K, reserved 1048576K
2017-06-02T18:09:59.719-0100: 106779.516: [GC (Allocation Failure) 2017-06-02T18:09:59.720-0100: 106779.516: [ParNew
Desired survivor size 20112992 bytes, new threshold 8 (max 8)
- age   1:     822576 bytes,     822576 total
- age   2:    6094080 bytes,    6916656 total
- age   3:     463776 bytes,    7380432 total
- age   4:    4207392 bytes,   11587824 total
- age   5:     827392 bytes,   12415216 total
- age   6:    3635880 bytes,   16051096 total
- age   7:     832712 bytes,   16883808 total
- age   8:    1403664 bytes,   18287472 total
: 109248K->21824K(109248K), 0.0119482 secs] 167377K->83329K(502464K), 0.0120091 secs] [Times: user=0.04 sys=0.00, real=0.02 secs] 
Heap after GC invocations=390 (full 4):
 par new generation   total 109248K, used 21824K [0x00000007a0000000, 0x00000007a8000000, 0x00000007a8000000)
  eden space 87424K,   0% used [0x00000007a0000000, 0x00000007a0000000, 0x00000007a5560000)
  from space 21824K, 100% used [0x00000007a5560000, 0x00000007a6ab0000, 0x00000007a6ab0000)
  to   space 21824K,   0% used [0x00000007a6ab0000, 0x00000007a6ab0000, 0x00000007a8000000)
 concurrent mark-sweep generation total 393216K, used 61505K [0x00000007a8000000, 0x00000007c0000000, 0x00000007c0000000)
 Metaspace       used 39699K, capacity 40688K, committed 41028K, reserved 1085440K
  class space    used 4325K, capacity 4572K, committed 4708K, reserved 1048576K
}
2017-06-02T18:09:59.732-0100: 106779.528: Total time for which application threads were stopped: 0.0122122 seconds, Stopping threads took: 0.0000182 seconds
{Heap before GC invocations=390 (full 4):
 par new generation   total 109248K, used 109248K [0x00000007a0000000, 0x00000007a8000000, 0x00000007a8000000)
  eden space 87424K, 100% used [0x00000007a0000000, 0x00000007a5560000, 0x00000007a5560000)
  from space 21824K, 100% used [0x00000007a5560000, 0x00000007a6ab0000, 0x00000007a6ab0000)
  to   space 21824K,   0% used [0x00000007a6ab0000, 0x00000007a6ab0000, 0x00000007a8000000)
 concurrent mark-sweep generation total 393216K, used 61505K [0x00000007a8000000, 0x00000007c0000000, 0x00000007c0000000)
 Metaspace       used 39699K, capacity 40688K, committed 41028K, reserved 1085440K
  class space    used 4325K, capacity 4572K, committed 4708K, reserved 1048576K
2017-06-02T18:09:59.886-0100: 106779.683: [GC (Allocation Failure) 2017-06-02T18:09:59.886-0100: 106779.683: [ParNew
Desired survivor size 20112992 bytes, new threshold 8 (max 8)
- age   1:    4834696 bytes,    4834696 total
- age   2:     762720 bytes,    5597416 total
- age   3:    6092216 bytes,   11689632 total
- age   4:     458816 bytes,   12148448 total
- age   5:    4202408 bytes,   16350856 total
- age   6:     829688 bytes,   17180544 total
- age   7:    1594704 bytes,   18775248 total
- age   8:     839120 bytes,   19614368 total
: 109248K->21824K(109248K), 0.0061785 secs] 170753K->84707K(502464K), 0.0062549 secs] [Times: user=0.02 sys=0.00, real=0.01 secs] 
Heap after GC invocations=391 (full 4):
 par new generation   total 109248K, used 21824K [0x00000007a0000000, 0x00000007a8000000, 0x00000007a8000000)
  eden space 87424K,   0% used [0x00000007a0000000, 0x00000007a0000000, 0x00000007a5560000)
  from space 21824K, 100% used [0x00000007a6ab0000, 0x00000007a8000000, 0x00000007a8000000)
  to   space 21824K,   0% used [0x00000007a5560000, 0x00000007a5560000, 0x00000007a6ab0000)
 concurrent mark-sweep generation total 393216K, used 62883K [0x00000007a8000000, 0x00000007c0000000, 0x00000007c0000000)
 Metaspace       used 39699K, capacity 40688K, committed 41028K, reserved 1085440K
  class space    used 4325K, capacity 4572K, committed 4708K, reserved 1048576K
}
2017-06-02T18:09:59.892-0100: 106779.689: Total time for which application threads were stopped: 0.0064350 seconds, Stopping threads took: 0.0000194 seconds
{Heap before GC invocations=391 (full 4):
 par new generation   total 109248K, used 109248K [0x00000007a0000000, 0x00000007a8000000, 0x00000007a8000000)
  eden space 87424K, 100% used [0x00000007a0000000, 0x00000007a5560000, 0x00000007a5560000)
  from space 21824K, 100% used [0x00000007a6ab0000, 0x00000007a8000000, 0x00000007a8000000)
  to   space 21824K,   0% used [0x00000007a5560000, 0x00000007a5560000, 0x00000007a6ab0000)
 concurrent mark-sweep generation total 393216K, used 62883K [0x00000007a8000000, 0x00000007c0000000, 0x00000007c0000000)
 Metaspace       used 39699K, capacity 40688K, committed 41028K, reserved 1085440K
  class space    used 4325K, capacity 4572K, committed 4708K, reserved 1048576K
2017-06-02T18:10:00.053-0100: 106779.850: [GC (Allocation Failure) 2017-06-02T18:10:00.053-0100: 106779.850: [ParNew
Desired survivor size 20112992 bytes, new threshold 8 (max 8)
- age   1:    1518112 bytes,    1518112 total
- age   2:    4771576 bytes,    6289688 total
- age   3:     762552 bytes,    7052240 total
- age   4:    5486936 bytes,   12539176 total
- age   5:     458576 bytes,   12997752 total
- age   6:    2088240 bytes,   15085992 total
- age   7:     824248 bytes,   15910240 total
- age   8:    1574848 bytes,   17485088 total
: 109248K->21376K(109248K), 0.0062176 secs] 172131K->87717K(502464K), 0.0062936 secs] [Times: user=0.02 sys=0.00, real=0.01 secs] 
Heap after GC invocations=392 (full 4):
 par new generation   total 109248K, used 21376K [0x00000007a0000000, 0x00000007a8000000, 0x00000007a8000000)
  eden space 87424K,   0% used [0x00000007a0000000, 0x00000007a0000000, 0x00000007a5560000)
  from space 21824K,  97% used [0x00000007a5560000, 0x00000007a6a40240, 0x00000007a6ab0000)
  to   space 21824K,   0% used [0x00000007a6ab0000, 0x00000007a6ab0000, 0x00000007a8000000)
 concurrent mark-sweep generation total 393216K, used 66341K [0x00000007a8000000, 0x00000007c0000000, 0x00000007c0000000)
 Metaspace       used 39699K, capacity 40688K, committed 41028K, reserved 1085440K
  class space    used 4325K, capacity 4572K, committed 4708K, reserved 1048576K
}
2017-06-02T18:10:00.060-0100: 106779.856: Total time for which application threads were stopped: 0.0065192 seconds, Stopping threads took: 0.0000198 seconds
{Heap before GC invocations=392 (full 4):
 par new generation   total 109248K, used 108800K [0x00000007a0000000, 0x00000007a8000000, 0x00000007a8000000)
  eden space 87424K, 100% used [0x00000007a0000000, 0x00000007a5560000, 0x00000007a5560000)
  from space 21824K,  97% used [0x00000007a5560000, 0x00000007a6a40240, 0x00000007a6ab0000)
  to   space 21824K,   0% used [0x00000007a6ab0000, 0x00000007a6ab0000, 0x00000007a8000000)
 concurrent mark-sweep generation total 393216K, used 66341K [0x00000007a8000000, 0x00000007c0000000, 0x00000007c0000000)
 Metaspace       used 39699K, capacity 40688K, committed 41028K, reserved 1085440K
  class space    used 4325K, capacity 4572K, committed 4708K, reserved 1048576K
2017-06-02T18:10:00.220-0100: 106780.017: [GC (Allocation Failure) 2017-06-02T18:10:00.220-0100: 106780.017: [ParNew
Desired survivor size 20112992 bytes, new threshold 8 (max 8)
- age   1:     900728 bytes,     900728 total
- age   2:    1481992 bytes,    2382720 total
- age   3:    4771576 bytes,    7154296 total
- age   4:     762552 bytes,    7916848 total
- age   5:    5490032 bytes,   13406880 total
- age   6:     463776 bytes,   13870656 total
- age   7:    2079312 bytes,   15949968 total
- age   8:     780856 bytes,   16730824 total
: 108800K->20032K(109248K), 0.0061512 secs] 175141K->87894K(502464K), 0.0062272 secs] [Times: user=0.02 sys=0.01, real=0.00 secs] 
Heap after GC invocations=393 (full 4):
 par new generation   total 109248K, used 20032K [0x00000007a0000000, 0x00000007a8000000, 0x00000007a8000000)
  eden space 87424K,   0% used [0x00000007a0000000, 0x00000007a0000000, 0x00000007a5560000)
  from space 21824K,  91% used [0x00000007a6ab0000, 0x00000007a7e400e8, 0x00000007a8000000)
  to   space 21824K,   0% used [0x00000007a5560000, 0x00000007a5560000, 0x00000007a6ab0000)
 concurrent mark-sweep generation total 393216K, used 67862K [0x00000007a8000000, 0x00000007c0000000, 0x00000007c0000000)
 Metaspace       used 39699K, capacity 40688K, committed 41028K, reserved 1085440K
  class space    used 4325K, capacity 4572K, committed 4708K, reserved 1048576K
}
2017-06-02T18:10:00.226-0100: 106780.023: Total time for which application threads were stopped: 0.0064049 seconds, Stopping threads took: 0.0000183 seconds
{Heap before GC invocations=393 (full 4):
 par new generation   total 109248K, used 107456K [0x00000007a0000000, 0x00000007a8000000, 0x00000007a8000000)
  eden space 87424K, 100% used [0x00000007a0000000, 0x00000007a5560000, 0x00000007a5560000)
  from space 21824K,  91% used [0x00000007a6ab0000, 0x00000007a7e400e8, 0x00000007a8000000)
  to   space 21824K,   0% used [0x00000007a5560000, 0x00000007a5560000, 0x00000007a6ab0000)
 concurrent mark-sweep generation total 393216K, used 67862K [0x00000007a8000000, 0x00000007c0000000, 0x00000007c0000000)
 Metaspace       used 39699K, capacity 40688K, committed 41028K, reserved 1085440K
  class space    used 4325K, capacity 4572K, committed 4708K, reserved 1048576K
2017-06-02T18:10:00.395-0100: 106780.191: [GC (Allocation Failure) 2017-06-02T18:10:00.395-0100: 106780.191: [ParNew
Desired survivor size 20112992 bytes, new threshold 8 (max 8)
- age   1:    2118560 bytes,    2118560 total
- age   2:     843248 bytes,    2961808 total
- age   3:    1482040 bytes,    4443848 total
- age   4:    4771624 bytes,    9215472 total
- age   5:     762552 bytes,    9978024 total
- age   6:    4837040 bytes,   14815064 total
- age   7:     463824 bytes,   15278888 total
- age   8:    2057520 bytes,   17336408 total
: 107456K->21680K(109248K), 0.0068504 secs] 175318K->90313K(502464K), 0.0069153 secs] [Times: user=0.03 sys=0.00, real=0.01 secs] 
Heap after GC invocations=394 (full 4):
 par new generation   total 109248K, used 21680K [0x00000007a0000000, 0x00000007a8000000, 0x00000007a8000000)
  eden space 87424K,   0% used [0x00000007a0000000, 0x00000007a0000000, 0x00000007a5560000)
  from space 21824K,  99% used [0x00000007a5560000, 0x00000007a6a8c180, 0x00000007a6ab0000)
  to   space 21824K,   0% used [0x00000007a6ab0000, 0x00000007a6ab0000, 0x00000007a8000000)
 concurrent mark-sweep generation total 393216K, used 68633K [0x00000007a8000000, 0x00000007c0000000, 0x00000007c0000000)
 Metaspace       used 39699K, capacity 40688K, committed 41028K, reserved 1085440K
  class space    used 4325K, capacity 4572K, committed 4708K, reserved 1048576K
}
2017-06-02T18:10:00.401-0100: 106780.198: Total time for which application threads were stopped: 0.0070973 seconds, Stopping threads took: 0.0000198 seconds
{Heap before GC invocations=394 (full 4):
 par new generation   total 109248K, used 109104K [0x00000007a0000000, 0x00000007a8000000, 0x00000007a8000000)
  eden space 87424K, 100% used [0x00000007a0000000, 0x00000007a5560000, 0x00000007a5560000)
  from space 21824K,  99% used [0x00000007a5560000, 0x00000007a6a8c180, 0x00000007a6ab0000)
  to   space 21824K,   0% used [0x00000007a6ab0000, 0x00000007a6ab0000, 0x00000007a8000000)
 concurrent mark-sweep generation total 393216K, used 68633K [0x00000007a8000000, 0x00000007c0000000, 0x00000007c0000000)
 Metaspace       used 39699K, capacity 40688K, committed 41028K, reserved 1085440K
  class space    used 4325K, capacity 4572K, committed 4708K, reserved 1048576K
2017-06-02T18:10:00.550-0100: 106780.347: [GC (Allocation Failure) 2017-06-02T18:10:00.550-0100: 106780.347: [ParNew
Desired survivor size 20112992 bytes, new threshold 8 (max 8)
- age   1:    5680456 bytes,    5680456 total
- age   2:    2074824 bytes,    7755280 total
- age   3:     843224 bytes,    8598504 total
- age   4:    1482040 bytes,   10080544 total
- age   5:    5148688 bytes,   15229232 total
- age   6:     762600 bytes,   15991832 total
- age   7:    1197920 bytes,   17189752 total
- age   8:     436760 bytes,   17626512 total
: 109104K->21609K(109248K), 0.0066496 secs] 177737K->92253K(502464K), 0.0067246 secs] [Times: user=0.03 sys=0.00, real=0.00 secs] 
Heap after GC invocations=395 (full 4):
 par new generation   total 109248K, used 21609K [0x00000007a0000000, 0x00000007a8000000, 0x00000007a8000000)
  eden space 87424K,   0% used [0x00000007a0000000, 0x00000007a0000000, 0x00000007a5560000)
  from space 21824K,  99% used [0x00000007a6ab0000, 0x00000007a7fca518, 0x00000007a8000000)
  to   space 21824K,   0% used [0x00000007a5560000, 0x00000007a5560000, 0x00000007a6ab0000)
 concurrent mark-sweep generation total 393216K, used 70643K [0x00000007a8000000, 0x00000007c0000000, 0x00000007c0000000)
 Metaspace       used 39699K, capacity 40688K, committed 41028K, reserved 1085440K
  class space    used 4325K, capacity 4572K, committed 4708K, reserved 1048576K
}
2017-06-02T18:10:00.557-0100: 106780.354: Total time for which application threads were stopped: 0.0069084 seconds, Stopping threads took: 0.0000196 seconds
{Heap before GC invocations=395 (full 4):
 par new generation   total 109248K, used 109033K [0x00000007a0000000, 0x00000007a8000000, 0x00000007a8000000)
  eden space 87424K, 100% used [0x00000007a0000000, 0x00000007a5560000, 0x00000007a5560000)
  from space 21824K,  99% used [0x00000007a6ab0000, 0x00000007a7fca518, 0x00000007a8000000)
  to   space 21824K,   0% used [0x00000007a5560000, 0x00000007a5560000, 0x00000007a6ab0000)
 concurrent mark-sweep generation total 393216K, used 70643K [0x00000007a8000000, 0x00000007c0000000, 0x00000007c0000000)
 Metaspace       used 39699K, capacity 40688K, committed 41028K, reserved 1085440K
  class space    used 4325K, capacity 4572K, committed 4708K, reserved 1048576K
2017-06-02T18:10:00.714-0100: 106780.511: [GC (Allocation Failure) 2017-06-02T18:10:00.714-0100: 106780.511: [ParNew
Desired survivor size 20112992 bytes, new threshold 8 (max 8)
- age   1:    3125072 bytes,    3125072 total
- age   2:    5591144 bytes,    8716216 total
- age   3:    2074848 bytes,   10791064 total
- age   4:     843368 bytes,   11634432 total
- age   5:    1482088 bytes,   13116520 total
- age   6:    5148688 bytes,   18265208 total
- age   7:     760376 bytes,   19025584 total
- age   8:    1197944 bytes,   20223528 total
: 109033K->21824K(109248K), 0.0067328 secs] 179677K->92898K(502464K), 0.0068062 secs] [Times: user=0.03 sys=0.00, real=0.01 secs] 
Heap after GC invocations=396 (full 4):
 par new generation   total 109248K, used 21824K [0x00000007a0000000, 0x00000007a8000000, 0x00000007a8000000)
  eden space 87424K,   0% used [0x00000007a0000000, 0x00000007a0000000, 0x00000007a5560000)
  from space 21824K, 100% used [0x00000007a5560000, 0x00000007a6ab0000, 0x00000007a6ab0000)
  to   space 21824K,   0% used [0x00000007a6ab0000, 0x00000007a6ab0000, 0x00000007a8000000)
 concurrent mark-sweep generation total 393216K, used 71074K [0x00000007a8000000, 0x00000007c0000000, 0x00000007c0000000)
 Metaspace       used 39699K, capacity 40688K, committed 41028K, reserved 1085440K
  class space    used 4325K, capacity 4572K, committed 4708K, reserved 1048576K
}
2017-06-02T18:10:00.721-0100: 106780.518: Total time for which application threads were stopped: 0.0069951 seconds, Stopping threads took: 0.0000277 seconds
{Heap before GC invocations=396 (full 4):
 par new generation   total 109248K, used 109248K [0x00000007a0000000, 0x00000007a8000000, 0x00000007a8000000)
  eden space 87424K, 100% used [0x00000007a0000000, 0x00000007a5560000, 0x00000007a5560000)
  from space 21824K, 100% used [0x00000007a5560000, 0x00000007a6ab0000, 0x00000007a6ab0000)
  to   space 21824K,   0% used [0x00000007a6ab0000, 0x00000007a6ab0000, 0x00000007a8000000)
 concurrent mark-sweep generation total 393216K, used 71074K [0x00000007a8000000, 0x00000007c0000000, 0x00000007c0000000)
 Metaspace       used 39699K, capacity 40688K, committed 41028K, reserved 1085440K
  class space    used 4325K, capacity 4572K, committed 4708K, reserved 1048576K
2017-06-02T18:10:00.881-0100: 106780.677: [GC (Allocation Failure) 2017-06-02T18:10:00.881-0100: 106780.677: [ParNew
Desired survivor size 20112992 bytes, new threshold 8 (max 8)
- age   1:    1257624 bytes,    1257624 total
- age   2:    3057976 bytes,    4315600 total
- age   3:    5559296 bytes,    9874896 total
- age   4:    2043144 bytes,   11918040 total
- age   5:     808696 bytes,   12726736 total
- age   6:    1432648 bytes,   14159384 total
- age   7:    3611192 bytes,   17770576 total
- age   8:     733672 bytes,   18504248 total
: 109248K->21824K(109248K), 0.0072840 secs] 180322K->95033K(502464K), 0.0073476 secs] [Times: user=0.03 sys=0.00, real=0.00 secs] 
Heap after GC invocations=397 (full 4):
 par new generation   total 109248K, used 21824K [0x00000007a0000000, 0x00000007a8000000, 0x00000007a8000000)
  eden space 87424K,   0% used [0x00000007a0000000, 0x00000007a0000000, 0x00000007a5560000)
  from space 21824K, 100% used [0x00000007a6ab0000, 0x00000007a8000000, 0x00000007a8000000)
  to   space 21824K,   0% used [0x00000007a5560000, 0x00000007a5560000, 0x00000007a6ab0000)
 concurrent mark-sweep generation total 393216K, used 73209K [0x00000007a8000000, 0x00000007c0000000, 0x00000007c0000000)
 Metaspace       used 39699K, capacity 40688K, committed 41028K, reserved 1085440K
  class space    used 4325K, capacity 4572K, committed 4708K, reserved 1048576K
}
2017-06-02T18:10:00.888-0100: 106780.685: Total time for which application threads were stopped: 0.0075256 seconds, Stopping threads took: 0.0000185 seconds
{Heap before GC invocations=397 (full 4):
 par new generation   total 109248K, used 109248K [0x00000007a0000000, 0x00000007a8000000, 0x00000007a8000000)
  eden space 87424K, 100% used [0x00000007a0000000, 0x00000007a5560000, 0x00000007a5560000)
  from space 21824K, 100% used [0x00000007a6ab0000, 0x00000007a8000000, 0x00000007a8000000)
  to   space 21824K,   0% used [0x00000007a5560000, 0x00000007a5560000, 0x00000007a6ab0000)
 concurrent mark-sweep generation total 393216K, used 73209K [0x00000007a8000000, 0x00000007c0000000, 0x00000007c0000000)
 Metaspace       used 39699K, capacity 40688K, committed 41028K, reserved 1085440K
  class space    used 4325K, capacity 4572K, committed 4708K, reserved 1048576K
2017-06-02T18:10:01.049-0100: 106780.846: [GC (Allocation Failure) 2017-06-02T18:10:01.049-0100: 106780.846: [ParNew
Desired survivor size 20112992 bytes, new threshold 8 (max 8)
- age   1:    3167968 bytes,    3167968 total
- age   2:    1152120 bytes,    4320088 total
- age   3:    2989200 bytes,    7309288 total
- age   4:    5500040 bytes,   12809328 total
- age   5:    1970720 bytes,   14780048 total
- age   6:     739840 bytes,   15519888 total
- age   7:    1373336 bytes,   16893224 total
- age   8:    1424808 bytes,   18318032 total
: 109248K->21824K(109248K), 0.0066278 secs] 182457K->96266K(502464K), 0.0067037 secs] [Times: user=0.02 sys=0.00, real=0.01 secs] 
Heap after GC invocations=398 (full 4):
 par new generation   total 109248K, used 21824K [0x00000007a0000000, 0x00000007a8000000, 0x00000007a8000000)
  eden space 87424K,   0% used [0x00000007a0000000, 0x00000007a0000000, 0x00000007a5560000)
  from space 21824K, 100% used [0x00000007a5560000, 0x00000007a6ab0000, 0x00000007a6ab0000)
  to   space 21824K,   0% used [0x00000007a6ab0000, 0x00000007a6ab0000, 0x00000007a8000000)
 concurrent mark-sweep generation total 393216K, used 74442K [0x00000007a8000000, 0x00000007c0000000, 0x00000007c0000000)
 Metaspace       used 39699K, capacity 40688K, committed 41028K, reserved 1085440K
  class space    used 4325K, capacity 4572K, committed 4708K, reserved 1048576K
}
2017-06-02T18:10:01.056-0100: 106780.853: Total time for which application threads were stopped: 0.0068842 seconds, Stopping threads took: 0.0000197 seconds
2017-06-02T18:10:01.149-0100: 106780.946: Total time for which application threads were stopped: 0.0027984 seconds, Stopping threads took: 0.0000589 seconds
2017-06-02T18:10:01.173-0100: 106780.969: Total time for which application threads were stopped: 0.0001967 seconds, Stopping threads took: 0.0000417 seconds
2017-06-02T18:10:01.173-0100: 106780.970: Total time for which application threads were stopped: 0.0001419 seconds, Stopping threads took: 0.0000104 seconds
2017-06-02T18:10:01.173-0100: 106780.970: Total time for which application threads were stopped: 0.0001868 seconds, Stopping threads took: 0.0000673 seconds
2017-06-02T18:10:01.174-0100: 106780.971: Total time for which application threads were stopped: 0.0001007 seconds, Stopping threads took: 0.0000281 seconds
{Heap before GC invocations=398 (full 4):
 par new generation   total 109248K, used 109248K [0x00000007a0000000, 0x00000007a8000000, 0x00000007a8000000)
  eden space 87424K, 100% used [0x00000007a0000000, 0x00000007a5560000, 0x00000007a5560000)
  from space 21824K, 100% used [0x00000007a5560000, 0x00000007a6ab0000, 0x00000007a6ab0000)
  to   space 21824K,   0% used [0x00000007a6ab0000, 0x00000007a6ab0000, 0x00000007a8000000)
 concurrent mark-sweep generation total 393216K, used 74442K [0x00000007a8000000, 0x00000007c0000000, 0x00000007c0000000)
 Metaspace       used 39703K, capacity 40688K, committed 41028K, reserved 1085440K
  class space    used 4326K, capacity 4572K, committed 4708K, reserved 1048576K
2017-06-02T18:10:01.232-0100: 106781.029: [GC (Allocation Failure) 2017-06-02T18:10:01.232-0100: 106781.029: [ParNew
Desired survivor size 20112992 bytes, new threshold 8 (max 8)
- age   1:    2285568 bytes,    2285568 total
- age   2:    2724008 bytes,    5009576 total
- age   3:     768928 bytes,    5778504 total
- age   4:    2603264 bytes,    8381768 total
- age   5:    5119640 bytes,   13501408 total
- age   6:    1587440 bytes,   15088848 total
- age   7:     348776 bytes,   15437624 total
- age   8:    1351280 bytes,   16788904 total
: 109248K->21824K(109248K), 0.0057857 secs] 183690K->99890K(502464K), 0.0058523 secs] [Times: user=0.02 sys=0.00, real=0.00 secs] 
Heap after GC invocations=399 (full 4):
 par new generation   total 109248K, used 21824K [0x00000007a0000000, 0x00000007a8000000, 0x00000007a8000000)
  eden space 87424K,   0% used [0x00000007a0000000, 0x00000007a0000000, 0x00000007a5560000)
  from space 21824K, 100% used [0x00000007a6ab0000, 0x00000007a8000000, 0x00000007a8000000)
  to   space 21824K,   0% used [0x00000007a5560000, 0x00000007a5560000, 0x00000007a6ab0000)
 concurrent mark-sweep generation total 393216K, used 78066K [0x00000007a8000000, 0x00000007c0000000, 0x00000007c0000000)
 Metaspace       used 39703K, capacity 40688K, committed 41028K, reserved 1085440K
  class space    used 4326K, capacity 4572K, committed 4708K, reserved 1048576K
}
2017-06-02T18:10:01.238-0100: 106781.035: Total time for which application threads were stopped: 0.0081312 seconds, Stopping threads took: 0.0000537 seconds
{Heap before GC invocations=399 (full 4):
 par new generation   total 109248K, used 109248K [0x00000007a0000000, 0x00000007a8000000, 0x00000007a8000000)
  eden space 87424K, 100% used [0x00000007a0000000, 0x00000007a5560000, 0x00000007a5560000)
  from space 21824K, 100% used [0x00000007a6ab0000, 0x00000007a8000000, 0x00000007a8000000)
  to   space 21824K,   0% used [0x00000007a5560000, 0x00000007a5560000, 0x00000007a6ab0000)
 concurrent mark-sweep generation total 393216K, used 78066K [0x00000007a8000000, 0x00000007c0000000, 0x00000007c0000000)
 Metaspace       used 39703K, capacity 40688K, committed 41028K, reserved 1085440K
  class space    used 4326K, capacity 4572K, committed 4708K, reserved 1048576K
2017-06-02T18:10:01.394-0100: 106781.190: [GC (Allocation Failure) 2017-06-02T18:10:01.394-0100: 106781.190: [ParNew
Desired survivor size 20112992 bytes, new threshold 8 (max 8)
- age   1:    2543008 bytes,    2543008 total
- age   2:    1465232 bytes,    4008240 total
- age   3:    2724008 bytes,    6732248 total
- age   4:     768928 bytes,    7501176 total
- age   5:    2603264 bytes,   10104440 total
- age   6:    5119640 bytes,   15224080 total
- age   7:    1587440 bytes,   16811520 total
- age   8:     348776 bytes,   17160296 total
: 109248K->20710K(109248K), 0.0054605 secs] 187314K->100103K(502464K), 0.0055346 secs] [Times: user=0.02 sys=0.00, real=0.00 secs] 
Heap after GC invocations=400 (full 4):
 par new generation   total 109248K, used 20710K [0x00000007a0000000, 0x00000007a8000000, 0x00000007a8000000)
  eden space 87424K,   0% used [0x00000007a0000000, 0x00000007a0000000, 0x00000007a5560000)
  from space 21824K,  94% used [0x00000007a5560000, 0x00000007a6999b88, 0x00000007a6ab0000)
  to   space 21824K,   0% used [0x00000007a6ab0000, 0x00000007a6ab0000, 0x00000007a8000000)
 concurrent mark-sweep generation total 393216K, used 79392K [0x00000007a8000000, 0x00000007c0000000, 0x00000007c0000000)
 Metaspace       used 39703K, capacity 40688K, committed 41028K, reserved 1085440K
  class space    used 4326K, capacity 4572K, committed 4708K, reserved 1048576K
}
2017-06-02T18:10:01.399-0100: 106781.196: Total time for which application threads were stopped: 0.0058587 seconds, Stopping threads took: 0.0001386 seconds
{Heap before GC invocations=400 (full 4):
 par new generation   total 109248K, used 108134K [0x00000007a0000000, 0x00000007a8000000, 0x00000007a8000000)
  eden space 87424K, 100% used [0x00000007a0000000, 0x00000007a5560000, 0x00000007a5560000)
  from space 21824K,  94% used [0x00000007a5560000, 0x00000007a6999b88, 0x00000007a6ab0000)
  to   space 21824K,   0% used [0x00000007a6ab0000, 0x00000007a6ab0000, 0x00000007a8000000)
 concurrent mark-sweep generation total 393216K, used 79392K [0x00000007a8000000, 0x00000007c0000000, 0x00000007c0000000)
 Metaspace       used 39703K, capacity 40688K, committed 41028K, reserved 1085440K
  class space    used 4326K, capacity 4572K, committed 4708K, reserved 1048576K
2017-06-02T18:10:01.560-0100: 106781.357: [GC (Allocation Failure) 2017-06-02T18:10:01.560-0100: 106781.357: [ParNew
Desired survivor size 20112992 bytes, new threshold 8 (max 8)
- age   1:    3113784 bytes,    3113784 total
- age   2:    1181576 bytes,    4295360 total
- age   3:    1464992 bytes,    5760352 total
- age   4:    2724008 bytes,    8484360 total
- age   5:     768928 bytes,    9253288 total
- age   6:    2603264 bytes,   11856552 total
- age   7:    5119640 bytes,   16976192 total
- age   8:    1587440 bytes,   18563632 total
: 108134K->20769K(109248K), 0.0060479 secs] 187527K->100508K(502464K), 0.0061465 secs] [Times: user=0.02 sys=0.00, real=0.00 secs] 
Heap after GC invocations=401 (full 4):
 par new generation   total 109248K, used 20769K [0x00000007a0000000, 0x00000007a8000000, 0x00000007a8000000)
  eden space 87424K,   0% used [0x00000007a0000000, 0x00000007a0000000, 0x00000007a5560000)
  from space 21824K,  95% used [0x00000007a6ab0000, 0x00000007a7ef8580, 0x00000007a8000000)
  to   space 21824K,   0% used [0x00000007a5560000, 0x00000007a5560000, 0x00000007a6ab0000)
 concurrent mark-sweep generation total 393216K, used 79738K [0x00000007a8000000, 0x00000007c0000000, 0x00000007c0000000)
 Metaspace       used 39703K, capacity 40688K, committed 41028K, reserved 1085440K
  class space    used 4326K, capacity 4572K, committed 4708K, reserved 1048576K
}
2017-06-02T18:10:01.566-0100: 106781.363: Total time for which application threads were stopped: 0.0064083 seconds, Stopping threads took: 0.0000420 seconds
{Heap before GC invocations=401 (full 4):
 par new generation   total 109248K, used 108193K [0x00000007a0000000, 0x00000007a8000000, 0x00000007a8000000)
  eden space 87424K, 100% used [0x00000007a0000000, 0x00000007a5560000, 0x00000007a5560000)
  from space 21824K,  95% used [0x00000007a6ab0000, 0x00000007a7ef8580, 0x00000007a8000000)
  to   space 21824K,   0% used [0x00000007a5560000, 0x00000007a5560000, 0x00000007a6ab0000)
 concurrent mark-sweep generation total 393216K, used 79738K [0x00000007a8000000, 0x00000007c0000000, 0x00000007c0000000)
 Metaspace       used 39703K, capacity 40688K, committed 41028K, reserved 1085440K
  class space    used 4326K, capacity 4572K, committed 4708K, reserved 1048576K
2017-06-02T18:10:01.663-0100: 106781.460: [GC (Allocation Failure) 2017-06-02T18:10:01.663-0100: 106781.460: [ParNew
Desired survivor size 20112992 bytes, new threshold 8 (max 8)
- age   1:    2388968 bytes,    2388968 total
- age   2:    1461488 bytes,    3850456 total
- age   3:    1148792 bytes,    4999248 total
- age   4:    1464648 bytes,    6463896 total
- age   5:    2724008 bytes,    9187904 total
- age   6:     768928 bytes,    9956832 total
- age   7:    2603264 bytes,   12560096 total
- age   8:    4440248 bytes,   17000344 total
: 108193K->21272K(109248K), 0.0054305 secs] 187932K->103230K(502464K), 0.0054850 secs] [Times: user=0.01 sys=0.00, real=0.00 secs] 
Heap after GC invocations=402 (full 4):
 par new generation   total 109248K, used 21272K [0x00000007a0000000, 0x00000007a8000000, 0x00000007a8000000)
  eden space 87424K,   0% used [0x00000007a0000000, 0x00000007a0000000, 0x00000007a5560000)
  from space 21824K,  97% used [0x00000007a5560000, 0x00000007a6a26320, 0x00000007a6ab0000)
  to   space 21824K,   0% used [0x00000007a6ab0000, 0x00000007a6ab0000, 0x00000007a8000000)
 concurrent mark-sweep generation total 393216K, used 81958K [0x00000007a8000000, 0x00000007c0000000, 0x00000007c0000000)
 Metaspace       used 39703K, capacity 40688K, committed 41028K, reserved 1085440K
  class space    used 4326K, capacity 4572K, committed 4708K, reserved 1048576K
}
2017-06-02T18:10:01.669-0100: 106781.466: Total time for which application threads were stopped: 0.0056992 seconds, Stopping threads took: 0.0000361 seconds
{Heap before GC invocations=402 (full 4):
 par new generation   total 109248K, used 108696K [0x00000007a0000000, 0x00000007a8000000, 0x00000007a8000000)
  eden space 87424K, 100% used [0x00000007a0000000, 0x00000007a5560000, 0x00000007a5560000)
  from space 21824K,  97% used [0x00000007a5560000, 0x00000007a6a26320, 0x00000007a6ab0000)
  to   space 21824K,   0% used [0x00000007a6ab0000, 0x00000007a6ab0000, 0x00000007a8000000)
 concurrent mark-sweep generation total 393216K, used 81958K [0x00000007a8000000, 0x00000007c0000000, 0x00000007c0000000)
 Metaspace       used 39703K, capacity 40688K, committed 41028K, reserved 1085440K
  class space    used 4326K, capacity 4572K, committed 4708K, reserved 1048576K
2017-06-02T18:10:01.731-0100: 106781.527: [GC (Allocation Failure) 2017-06-02T18:10:01.731-0100: 106781.527: [ParNew
Desired survivor size 20112992 bytes, new threshold 8 (max 8)
- age   1:    1924104 bytes,    1924104 total
- age   2:    1328768 bytes,    3252872 total
- age   3:    1461488 bytes,    4714360 total
- age   4:     984920 bytes,    5699280 total
- age   5:    1464648 bytes,    7163928 total
- age   6:    2724008 bytes,    9887936 total
- age   7:     768928 bytes,   10656864 total
- age   8:    2603264 bytes,   13260128 total
: 108696K->16025K(109248K), 0.0049585 secs] 190654K->102325K(502464K), 0.0050232 secs] [Times: user=0.02 sys=0.00, real=0.00 secs] 
Heap after GC invocations=403 (full 4):
 par new generation   total 109248K, used 16025K [0x00000007a0000000, 0x00000007a8000000, 0x00000007a8000000)
  eden space 87424K,   0% used [0x00000007a0000000, 0x00000007a0000000, 0x00000007a5560000)
  from space 21824K,  73% used [0x00000007a6ab0000, 0x00000007a7a565d0, 0x00000007a8000000)
  to   space 21824K,   0% used [0x00000007a5560000, 0x00000007a5560000, 0x00000007a6ab0000)
 concurrent mark-sweep generation total 393216K, used 86299K [0x00000007a8000000, 0x00000007c0000000, 0x00000007c0000000)
 Metaspace       used 39703K, capacity 40688K, committed 41028K, reserved 1085440K
  class space    used 4326K, capacity 4572K, committed 4708K, reserved 1048576K
}
2017-06-02T18:10:01.736-0100: 106781.532: Total time for which application threads were stopped: 0.0053025 seconds, Stopping threads took: 0.0000949 seconds
{Heap before GC invocations=403 (full 4):
 par new generation   total 109248K, used 103449K [0x00000007a0000000, 0x00000007a8000000, 0x00000007a8000000)
  eden space 87424K, 100% used [0x00000007a0000000, 0x00000007a5560000, 0x00000007a5560000)
  from space 21824K,  73% used [0x00000007a6ab0000, 0x00000007a7a565d0, 0x00000007a8000000)
  to   space 21824K,   0% used [0x00000007a5560000, 0x00000007a5560000, 0x00000007a6ab0000)
 concurrent mark-sweep generation total 393216K, used 86299K [0x00000007a8000000, 0x00000007c0000000, 0x00000007c0000000)
 Metaspace       used 39703K, capacity 40688K, committed 41028K, reserved 1085440K
  class space    used 4326K, capacity 4572K, committed 4708K, reserved 1048576K
2017-06-02T18:10:01.824-0100: 106781.621: [GC (Allocation Failure) 2017-06-02T18:10:01.824-0100: 106781.621: [ParNew
Desired survivor size 20112992 bytes, new threshold 8 (max 8)
- age   1:    2579464 bytes,    2579464 total
- age   2:     733528 bytes,    3312992 total
- age   3:     698936 bytes,    4011928 total
- age   4:    1428032 bytes,    5439960 total
- age   5:     984920 bytes,    6424880 total
- age   6:    1464648 bytes,    7889528 total
- age   7:    2724008 bytes,   10613536 total
- age   8:     768928 bytes,   11382464 total
: 103449K->16349K(109248K), 0.0047605 secs] 189749K->105197K(502464K), 0.0048174 secs] [Times: user=0.02 sys=0.00, real=0.00 secs] 
Heap after GC invocations=404 (full 4):
 par new generation   total 109248K, used 16349K [0x00000007a0000000, 0x00000007a8000000, 0x00000007a8000000)
  eden space 87424K,   0% used [0x00000007a0000000, 0x00000007a0000000, 0x00000007a5560000)
  from space 21824K,  74% used [0x00000007a5560000, 0x00000007a6557680, 0x00000007a6ab0000)
  to   space 21824K,   0% used [0x00000007a6ab0000, 0x00000007a6ab0000, 0x00000007a8000000)
 concurrent mark-sweep generation total 393216K, used 88847K [0x00000007a8000000, 0x00000007c0000000, 0x00000007c0000000)
 Metaspace       used 39703K, capacity 40688K, committed 41028K, reserved 1085440K
  class space    used 4326K, capacity 4572K, committed 4708K, reserved 1048576K
}
2017-06-02T18:10:01.829-0100: 106781.626: Total time for which application threads were stopped: 0.0050372 seconds, Stopping threads took: 0.0000454 seconds
{Heap before GC invocations=404 (full 4):
 par new generation   total 109248K, used 103773K [0x00000007a0000000, 0x00000007a8000000, 0x00000007a8000000)
  eden space 87424K, 100% used [0x00000007a0000000, 0x00000007a5560000, 0x00000007a5560000)
  from space 21824K,  74% used [0x00000007a5560000, 0x00000007a6557680, 0x00000007a6ab0000)
  to   space 21824K,   0% used [0x00000007a6ab0000, 0x00000007a6ab0000, 0x00000007a8000000)
 concurrent mark-sweep generation total 393216K, used 88847K [0x00000007a8000000, 0x00000007c0000000, 0x00000007c0000000)
 Metaspace       used 39703K, capacity 40688K, committed 41028K, reserved 1085440K
  class space    used 4326K, capacity 4572K, committed 4708K, reserved 1048576K
2017-06-02T18:10:01.887-0100: 106781.684: [GC (Allocation Failure) 2017-06-02T18:10:01.887-0100: 106781.684: [ParNew
Desired survivor size 20112992 bytes, new threshold 8 (max 8)
- age   1:    2020696 bytes,    2020696 total
- age   2:    1068128 bytes,    3088824 total
- age   3:     647176 bytes,    3736000 total
- age   4:     699320 bytes,    4435320 total
- age   5:    1428720 bytes,    5864040 total
- age   6:     985680 bytes,    6849720 total
- age   7:    1465272 bytes,    8314992 total
- age   8:    2724008 bytes,   11039000 total
: 103773K->14718K(109248K), 0.0046516 secs] 192621K->104323K(502464K), 0.0047268 secs] [Times: user=0.02 sys=0.01, real=0.01 secs] 
Heap after GC invocations=405 (full 4):
 par new generation   total 109248K, used 14718K [0x00000007a0000000, 0x00000007a8000000, 0x00000007a8000000)
  eden space 87424K,   0% used [0x00000007a0000000, 0x00000007a0000000, 0x00000007a5560000)
  from space 21824K,  67% used [0x00000007a6ab0000, 0x00000007a790fa90, 0x00000007a8000000)
  to   space 21824K,   0% used [0x00000007a5560000, 0x00000007a5560000, 0x00000007a6ab0000)
 concurrent mark-sweep generation total 393216K, used 89604K [0x00000007a8000000, 0x00000007c0000000, 0x00000007c0000000)
 Metaspace       used 39703K, capacity 40688K, committed 41028K, reserved 1085440K
  class space    used 4326K, capacity 4572K, committed 4708K, reserved 1048576K
}
2017-06-02T18:10:01.892-0100: 106781.688: Total time for which application threads were stopped: 0.0050428 seconds, Stopping threads took: 0.0000936 seconds
{Heap before GC invocations=405 (full 4):
 par new generation   total 109248K, used 102142K [0x00000007a0000000, 0x00000007a8000000, 0x00000007a8000000)
  eden space 87424K, 100% used [0x00000007a0000000, 0x00000007a5560000, 0x00000007a5560000)
  from space 21824K,  67% used [0x00000007a6ab0000, 0x00000007a790fa90, 0x00000007a8000000)
  to   space 21824K,   0% used [0x00000007a5560000, 0x00000007a5560000, 0x00000007a6ab0000)
 concurrent mark-sweep generation total 393216K, used 89604K [0x00000007a8000000, 0x00000007c0000000, 0x00000007c0000000)
 Metaspace       used 39703K, capacity 40688K, committed 41028K, reserved 1085440K
  class space    used 4326K, capacity 4572K, committed 4708K, reserved 1048576K
2017-06-02T18:10:01.955-0100: 106781.752: [GC (Allocation Failure) 2017-06-02T18:10:01.955-0100: 106781.752: [ParNew
Desired survivor size 20112992 bytes, new threshold 8 (max 8)
- age   1:    1638984 bytes,    1638984 total
- age   2:    1562992 bytes,    3201976 total
- age   3:     549544 bytes,    3751520 total
- age   4:     646936 bytes,    4398456 total
- age   5:     611064 bytes,    5009520 total
- age   6:    1346472 bytes,    6355992 total
- age   7:     985584 bytes,    7341576 total
- age   8:    1465056 bytes,    8806632 total
: 102142K->12183K(109248K), 0.0042438 secs] 191747K->104454K(502464K), 0.0043094 secs] [Times: user=0.01 sys=0.00, real=0.00 secs] 
Heap after GC invocations=406 (full 4):
 par new generation   total 109248K, used 12183K [0x00000007a0000000, 0x00000007a8000000, 0x00000007a8000000)
  eden space 87424K,   0% used [0x00000007a0000000, 0x00000007a0000000, 0x00000007a5560000)
  from space 21824K,  55% used [0x00000007a5560000, 0x00000007a6145e28, 0x00000007a6ab0000)
  to   space 21824K,   0% used [0x00000007a6ab0000, 0x00000007a6ab0000, 0x00000007a8000000)
 concurrent mark-sweep generation total 393216K, used 92271K [0x00000007a8000000, 0x00000007c0000000, 0x00000007c0000000)
 Metaspace       used 39703K, capacity 40688K, committed 41028K, reserved 1085440K
  class space    used 4326K, capacity 4572K, committed 4708K, reserved 1048576K
}
2017-06-02T18:10:01.959-0100: 106781.756: Total time for which application threads were stopped: 0.0045609 seconds, Stopping threads took: 0.0000659 seconds
{Heap before GC invocations=406 (full 4):
 par new generation   total 109248K, used 99607K [0x00000007a0000000, 0x00000007a8000000, 0x00000007a8000000)
  eden space 87424K, 100% used [0x00000007a0000000, 0x00000007a5560000, 0x00000007a5560000)
  from space 21824K,  55% used [0x00000007a5560000, 0x00000007a6145e28, 0x00000007a6ab0000)
  to   space 21824K,   0% used [0x00000007a6ab0000, 0x00000007a6ab0000, 0x00000007a8000000)
 concurrent mark-sweep generation total 393216K, used 92271K [0x00000007a8000000, 0x00000007c0000000, 0x00000007c0000000)
 Metaspace       used 39704K, capacity 40688K, committed 41028K, reserved 1085440K
  class space    used 4326K, capacity 4572K, committed 4708K, reserved 1048576K
2017-06-02T18:10:02.050-0100: 106781.846: [GC (Allocation Failure) 2017-06-02T18:10:02.050-0100: 106781.846: [ParNew
Desired survivor size 20112992 bytes, new threshold 8 (max 8)
- age   1:    1913000 bytes,    1913000 total
- age   2:    1422056 bytes,    3335056 total
- age   3:     448352 bytes,    3783408 total
- age   4:     549688 bytes,    4333096 total
- age   5:     647152 bytes,    4980248 total
- age   6:     611256 bytes,    5591504 total
- age   7:    1346832 bytes,    6938336 total
- age   8:     985608 bytes,    7923944 total
: 99607K->11443K(109248K), 0.0038754 secs] 191878K->105153K(502464K), 0.0039319 secs] [Times: user=0.01 sys=0.00, real=0.00 secs] 
Heap after GC invocations=407 (full 4):
 par new generation   total 109248K, used 11443K [0x00000007a0000000, 0x00000007a8000000, 0x00000007a8000000)
  eden space 87424K,   0% used [0x00000007a0000000, 0x00000007a0000000, 0x00000007a5560000)
  from space 21824K,  52% used [0x00000007a6ab0000, 0x00000007a75dcff0, 0x00000007a8000000)
  to   space 21824K,   0% used [0x00000007a5560000, 0x00000007a5560000, 0x00000007a6ab0000)
 concurrent mark-sweep generation total 393216K, used 93709K [0x00000007a8000000, 0x00000007c0000000, 0x00000007c0000000)
 Metaspace       used 39704K, capacity 40688K, committed 41028K, reserved 1085440K
  class space    used 4326K, capacity 4572K, committed 4708K, reserved 1048576K
}
2017-06-02T18:10:02.054-0100: 106781.850: Total time for which application threads were stopped: 0.0041679 seconds, Stopping threads took: 0.0000598 seconds
{Heap before GC invocations=407 (full 4):
 par new generation   total 109248K, used 98867K [0x00000007a0000000, 0x00000007a8000000, 0x00000007a8000000)
  eden space 87424K, 100% used [0x00000007a0000000, 0x00000007a5560000, 0x00000007a5560000)
  from space 21824K,  52% used [0x00000007a6ab0000, 0x00000007a75dcff0, 0x00000007a8000000)
  to   space 21824K,   0% used [0x00000007a5560000, 0x00000007a5560000, 0x00000007a6ab0000)
 concurrent mark-sweep generation total 393216K, used 93709K [0x00000007a8000000, 0x00000007c0000000, 0x00000007c0000000)
 Metaspace       used 39704K, capacity 40688K, committed 41028K, reserved 1085440K
  class space    used 4326K, capacity 4572K, committed 4708K, reserved 1048576K
2017-06-02T18:10:02.144-0100: 106781.941: [GC (Allocation Failure) 2017-06-02T18:10:02.144-0100: 106781.941: [ParNew
Desired survivor size 20112992 bytes, new threshold 8 (max 8)
- age   1:    3412552 bytes,    3412552 total
- age   2:     660568 bytes,    4073120 total
- age   3:     653408 bytes,    4726528 total
- age   4:     272696 bytes,    4999224 total
- age   5:     549216 bytes,    5548440 total
- age   6:     647440 bytes,    6195880 total
- age   7:     611424 bytes,    6807304 total
- age   8:    1085112 bytes,    7892416 total
: 98867K->10933K(109248K), 0.0038429 secs] 192577K->105615K(502464K), 0.0038985 secs] [Times: user=0.01 sys=0.00, real=0.00 secs] 
Heap after GC invocations=408 (full 4):
 par new generation   total 109248K, used 10933K [0x00000007a0000000, 0x00000007a8000000, 0x00000007a8000000)
  eden space 87424K,   0% used [0x00000007a0000000, 0x00000007a0000000, 0x00000007a5560000)
  from space 21824K,  50% used [0x00000007a5560000, 0x00000007a600d7f0, 0x00000007a6ab0000)
  to   space 21824K,   0% used [0x00000007a6ab0000, 0x00000007a6ab0000, 0x00000007a8000000)
 concurrent mark-sweep generation total 393216K, used 94681K [0x00000007a8000000, 0x00000007c0000000, 0x00000007c0000000)
 Metaspace       used 39704K, capacity 40688K, committed 41028K, reserved 1085440K
  class space    used 4326K, capacity 4572K, committed 4708K, reserved 1048576K
}
2017-06-02T18:10:02.148-0100: 106781.945: Total time for which application threads were stopped: 0.0041051 seconds, Stopping threads took: 0.0000409 seconds
2017-06-02T18:10:02.182-0100: 106781.979: Total time for which application threads were stopped: 0.0001758 seconds, Stopping threads took: 0.0000591 seconds
2017-06-02T18:10:02.205-0100: 106782.002: Total time for which application threads were stopped: 0.0002032 seconds, Stopping threads took: 0.0000621 seconds
2017-06-02T18:10:02.209-0100: 106782.006: Total time for which application threads were stopped: 0.0002235 seconds, Stopping threads took: 0.0000525 seconds
2017-06-02T18:10:02.209-0100: 106782.006: Total time for which application threads were stopped: 0.0001393 seconds, Stopping threads took: 0.0000472 seconds
2017-06-02T18:10:02.209-0100: 106782.006: Total time for which application threads were stopped: 0.0000997 seconds, Stopping threads took: 0.0000176 seconds
2017-06-02T18:10:02.210-0100: 106782.006: Total time for which application threads were stopped: 0.0000896 seconds, Stopping threads took: 0.0000210 seconds
{Heap before GC invocations=408 (full 4):
 par new generation   total 109248K, used 98357K [0x00000007a0000000, 0x00000007a8000000, 0x00000007a8000000)
  eden space 87424K, 100% used [0x00000007a0000000, 0x00000007a5560000, 0x00000007a5560000)
  from space 21824K,  50% used [0x00000007a5560000, 0x00000007a600d7f0, 0x00000007a6ab0000)
  to   space 21824K,   0% used [0x00000007a6ab0000, 0x00000007a6ab0000, 0x00000007a8000000)
 concurrent mark-sweep generation total 393216K, used 94681K [0x00000007a8000000, 0x00000007c0000000, 0x00000007c0000000)
 Metaspace       used 39705K, capacity 40688K, committed 41028K, reserved 1085440K
  class space    used 4326K, capacity 4572K, committed 4708K, reserved 1048576K
2017-06-02T18:10:02.262-0100: 106782.059: [GC (Allocation Failure) 2017-06-02T18:10:02.262-0100: 106782.059: [ParNew
Desired survivor size 20112992 bytes, new threshold 8 (max 8)
- age   1:    2165528 bytes,    2165528 total
- age   2:    3327352 bytes,    5492880 total
- age   3:     422360 bytes,    5915240 total
- age   4:     641864 bytes,    6557104 total
- age   5:     262912 bytes,    6820016 total
- age   6:     530992 bytes,    7351008 total
- age   7:     636760 bytes,    7987768 total
- age   8:     548936 bytes,    8536704 total
: 98357K->9939K(109248K), 0.0039576 secs] 193039K->105593K(502464K), 0.0040270 secs] [Times: user=0.02 sys=0.00, real=0.00 secs] 
Heap after GC invocations=409 (full 4):
 par new generation   total 109248K, used 9939K [0x00000007a0000000, 0x00000007a8000000, 0x00000007a8000000)
  eden space 87424K,   0% used [0x00000007a0000000, 0x00000007a0000000, 0x00000007a5560000)
  from space 21824K,  45% used [0x00000007a6ab0000, 0x00000007a7464fa0, 0x00000007a8000000)
  to   space 21824K,   0% used [0x00000007a5560000, 0x00000007a5560000, 0x00000007a6ab0000)
 concurrent mark-sweep generation total 393216K, used 95653K [0x00000007a8000000, 0x00000007c0000000, 0x00000007c0000000)
 Metaspace       used 39705K, capacity 40688K, committed 41028K, reserved 1085440K
  class space    used 4326K, capacity 4572K, committed 4708K, reserved 1048576K
}
2017-06-02T18:10:02.266-0100: 106782.063: Total time for which application threads were stopped: 0.0042443 seconds, Stopping threads took: 0.0000375 seconds
{Heap before GC invocations=409 (full 4):
 par new generation   total 109248K, used 97363K [0x00000007a0000000, 0x00000007a8000000, 0x00000007a8000000)
  eden space 87424K, 100% used [0x00000007a0000000, 0x00000007a5560000, 0x00000007a5560000)
  from space 21824K,  45% used [0x00000007a6ab0000, 0x00000007a7464fa0, 0x00000007a8000000)
  to   space 21824K,   0% used [0x00000007a5560000, 0x00000007a5560000, 0x00000007a6ab0000)
 concurrent mark-sweep generation total 393216K, used 95653K [0x00000007a8000000, 0x00000007c0000000, 0x00000007c0000000)
 Metaspace       used 39705K, capacity 40688K, committed 41028K, reserved 1085440K
  class space    used 4326K, capacity 4572K, committed 4708K, reserved 1048576K
2017-06-02T18:10:02.333-0100: 106782.130: [GC (Allocation Failure) 2017-06-02T18:10:02.333-0100: 106782.130: [ParNew
Desired survivor size 20112992 bytes, new threshold 8 (max 8)
- age   1:    1136720 bytes,    1136720 total
- age   2:    1628264 bytes,    2764984 total
- age   3:    3327376 bytes,    6092360 total
- age   4:     422360 bytes,    6514720 total
- age   5:     641864 bytes,    7156584 total
- age   6:     262912 bytes,    7419496 total
- age   7:     531016 bytes,    7950512 total
- age   8:     636760 bytes,    8587272 total
: 97363K->13107K(109248K), 0.0034318 secs] 193017K->109299K(502464K), 0.0034939 secs] [Times: user=0.01 sys=0.00, real=0.00 secs] 
Heap after GC invocations=410 (full 4):
 par new generation   total 109248K, used 13107K [0x00000007a0000000, 0x00000007a8000000, 0x00000007a8000000)
  eden space 87424K,   0% used [0x00000007a0000000, 0x00000007a0000000, 0x00000007a5560000)
  from space 21824K,  60% used [0x00000007a5560000, 0x00000007a622ce50, 0x00000007a6ab0000)
  to   space 21824K,   0% used [0x00000007a6ab0000, 0x00000007a6ab0000, 0x00000007a8000000)
 concurrent mark-sweep generation total 393216K, used 96192K [0x00000007a8000000, 0x00000007c0000000, 0x00000007c0000000)
 Metaspace       used 39705K, capacity 40688K, committed 41028K, reserved 1085440K
  class space    used 4326K, capacity 4572K, committed 4708K, reserved 1048576K
}
2017-06-02T18:10:02.336-0100: 106782.133: Total time for which application threads were stopped: 0.0070380 seconds, Stopping threads took: 0.0000432 seconds
2017-06-02T18:10:02.347-0100: 106782.144: Total time for which application threads were stopped: 0.0002425 seconds, Stopping threads took: 0.0000447 seconds
2017-06-02T18:10:02.348-0100: 106782.144: Total time for which application threads were stopped: 0.0001151 seconds, Stopping threads took: 0.0000228 seconds
2017-06-02T18:10:02.348-0100: 106782.145: Total time for which application threads were stopped: 0.0000741 seconds, Stopping threads took: 0.0000235 seconds
2017-06-02T18:10:02.348-0100: 106782.145: Total time for which application threads were stopped: 0.0001029 seconds, Stopping threads took: 0.0000235 seconds
{Heap before GC invocations=410 (full 4):
 par new generation   total 109248K, used 100531K [0x00000007a0000000, 0x00000007a8000000, 0x00000007a8000000)
  eden space 87424K, 100% used [0x00000007a0000000, 0x00000007a5560000, 0x00000007a5560000)
  from space 21824K,  60% used [0x00000007a5560000, 0x00000007a622ce50, 0x00000007a6ab0000)
  to   space 21824K,   0% used [0x00000007a6ab0000, 0x00000007a6ab0000, 0x00000007a8000000)
 concurrent mark-sweep generation total 393216K, used 96192K [0x00000007a8000000, 0x00000007c0000000, 0x00000007c0000000)
 Metaspace       used 39705K, capacity 40688K, committed 41028K, reserved 1085440K
  class space    used 4326K, capacity 4572K, committed 4708K, reserved 1048576K
2017-06-02T18:10:02.520-0100: 106782.317: [GC (Allocation Failure) 2017-06-02T18:10:02.520-0100: 106782.317: [ParNew
Desired survivor size 20112992 bytes, new threshold 8 (max 8)
- age   1:    2825712 bytes,    2825712 total
- age   2:     353504 bytes,    3179216 total
- age   3:    1534320 bytes,    4713536 total
- age   4:    3294152 bytes,    8007688 total
- age   5:     387160 bytes,    8394848 total
- age   6:     615928 bytes,    9010776 total
- age   7:     242304 bytes,    9253080 total
- age   8:     497152 bytes,    9750232 total
: 100531K->11256K(109248K), 0.0036115 secs] 196723K->108048K(502464K), 0.0036714 secs] [Times: user=0.01 sys=0.00, real=0.00 secs] 
Heap after GC invocations=411 (full 4):
 par new generation   total 109248K, used 11256K [0x00000007a0000000, 0x00000007a8000000, 0x00000007a8000000)
  eden space 87424K,   0% used [0x00000007a0000000, 0x00000007a0000000, 0x00000007a5560000)
  from space 21824K,  51% used [0x00000007a6ab0000, 0x00000007a75ae360, 0x00000007a8000000)
  to   space 21824K,   0% used [0x00000007a5560000, 0x00000007a5560000, 0x00000007a6ab0000)
 concurrent mark-sweep generation total 393216K, used 96791K [0x00000007a8000000, 0x00000007c0000000, 0x00000007c0000000)
 Metaspace       used 39705K, capacity 40688K, committed 41028K, reserved 1085440K
  class space    used 4326K, capacity 4572K, committed 4708K, reserved 1048576K
}
2017-06-02T18:10:02.524-0100: 106782.321: Total time for which application threads were stopped: 0.0038600 seconds, Stopping threads took: 0.0000182 seconds
{Heap before GC invocations=411 (full 4):
 par new generation   total 109248K, used 98680K [0x00000007a0000000, 0x00000007a8000000, 0x00000007a8000000)
  eden space 87424K, 100% used [0x00000007a0000000, 0x00000007a5560000, 0x00000007a5560000)
  from space 21824K,  51% used [0x00000007a6ab0000, 0x00000007a75ae360, 0x00000007a8000000)
  to   space 21824K,   0% used [0x00000007a5560000, 0x00000007a5560000, 0x00000007a6ab0000)
 concurrent mark-sweep generation total 393216K, used 96791K [0x00000007a8000000, 0x00000007c0000000, 0x00000007c0000000)
 Metaspace       used 39705K, capacity 40688K, committed 41028K, reserved 1085440K
  class space    used 4326K, capacity 4572K, committed 4708K, reserved 1048576K
2017-06-02T18:10:02.695-0100: 106782.492: [GC (Allocation Failure) 2017-06-02T18:10:02.695-0100: 106782.492: [ParNew
Desired survivor size 20112992 bytes, new threshold 8 (max 8)
- age   1:    3151336 bytes,    3151336 total
- age   2:    1460728 bytes,    4612064 total
- age   3:     353432 bytes,    4965496 total
- age   4:    1534192 bytes,    6499688 total
- age   5:    3294152 bytes,    9793840 total
- age   6:     387160 bytes,   10181000 total
- age   7:     615928 bytes,   10796928 total
- age   8:     242304 bytes,   11039232 total
: 98680K->13642K(109248K), 0.0038101 secs] 195472K->110919K(502464K), 0.0038747 secs] [Times: user=0.01 sys=0.00, real=0.00 secs] 
Heap after GC invocations=412 (full 4):
 par new generation   total 109248K, used 13642K [0x00000007a0000000, 0x00000007a8000000, 0x00000007a8000000)
  eden space 87424K,   0% used [0x00000007a0000000, 0x00000007a0000000, 0x00000007a5560000)
  from space 21824K,  62% used [0x00000007a5560000, 0x00000007a62b2810, 0x00000007a6ab0000)
  to   space 21824K,   0% used [0x00000007a6ab0000, 0x00000007a6ab0000, 0x00000007a8000000)
 concurrent mark-sweep generation total 393216K, used 97277K [0x00000007a8000000, 0x00000007c0000000, 0x00000007c0000000)
 Metaspace       used 39705K, capacity 40688K, committed 41028K, reserved 1085440K
  class space    used 4326K, capacity 4572K, committed 4708K, reserved 1048576K
}
2017-06-02T18:10:02.699-0100: 106782.496: Total time for which application threads were stopped: 0.0040644 seconds, Stopping threads took: 0.0000207 seconds
{Heap before GC invocations=412 (full 4):
 par new generation   total 109248K, used 101066K [0x00000007a0000000, 0x00000007a8000000, 0x00000007a8000000)
  eden space 87424K, 100% used [0x00000007a0000000, 0x00000007a5560000, 0x00000007a5560000)
  from space 21824K,  62% used [0x00000007a5560000, 0x00000007a62b2810, 0x00000007a6ab0000)
  to   space 21824K,   0% used [0x00000007a6ab0000, 0x00000007a6ab0000, 0x00000007a8000000)
 concurrent mark-sweep generation total 393216K, used 97277K [0x00000007a8000000, 0x00000007c0000000, 0x00000007c0000000)
 Metaspace       used 39705K, capacity 40688K, committed 41028K, reserved 1085440K
  class space    used 4326K, capacity 4572K, committed 4708K, reserved 1048576K
2017-06-02T18:10:02.858-0100: 106782.654: [GC (Allocation Failure) 2017-06-02T18:10:02.858-0100: 106782.654: [ParNew
Desired survivor size 20112992 bytes, new threshold 8 (max 8)
- age   1:    3308840 bytes,    3308840 total
- age   2:    1555224 bytes,    4864064 total
- age   3:    1296856 bytes,    6160920 total
- age   4:     353432 bytes,    6514352 total
- age   5:    1534216 bytes,    8048568 total
- age   6:    3294152 bytes,   11342720 total
- age   7:     387160 bytes,   11729880 total
- age   8:     583144 bytes,   12313024 total
: 101066K->17559K(109248K), 0.0040723 secs] 198343K->115075K(502464K), 0.0041607 secs] [Times: user=0.01 sys=0.00, real=0.01 secs] 
Heap after GC invocations=413 (full 4):
 par new generation   total 109248K, used 17559K [0x00000007a0000000, 0x00000007a8000000, 0x00000007a8000000)
  eden space 87424K,   0% used [0x00000007a0000000, 0x00000007a0000000, 0x00000007a5560000)
  from space 21824K,  80% used [0x00000007a6ab0000, 0x00000007a7bd5ff8, 0x00000007a8000000)
  to   space 21824K,   0% used [0x00000007a5560000, 0x00000007a5560000, 0x00000007a6ab0000)
 concurrent mark-sweep generation total 393216K, used 97515K [0x00000007a8000000, 0x00000007c0000000, 0x00000007c0000000)
 Metaspace       used 39705K, capacity 40688K, committed 41028K, reserved 1085440K
  class space    used 4326K, capacity 4572K, committed 4708K, reserved 1048576K
}
2017-06-02T18:10:02.862-0100: 106782.659: Total time for which application threads were stopped: 0.0043640 seconds, Stopping threads took: 0.0000191 seconds
{Heap before GC invocations=413 (full 4):
 par new generation   total 109248K, used 104983K [0x00000007a0000000, 0x00000007a8000000, 0x00000007a8000000)
  eden space 87424K, 100% used [0x00000007a0000000, 0x00000007a5560000, 0x00000007a5560000)
  from space 21824K,  80% used [0x00000007a6ab0000, 0x00000007a7bd5ff8, 0x00000007a8000000)
  to   space 21824K,   0% used [0x00000007a5560000, 0x00000007a5560000, 0x00000007a6ab0000)
 concurrent mark-sweep generation total 393216K, used 97515K [0x00000007a8000000, 0x00000007c0000000, 0x00000007c0000000)
 Metaspace       used 39705K, capacity 40688K, committed 41028K, reserved 1085440K
  class space    used 4326K, capacity 4572K, committed 4708K, reserved 1048576K
2017-06-02T18:10:03.034-0100: 106782.831: [GC (Allocation Failure) 2017-06-02T18:10:03.034-0100: 106782.831: [ParNew
Desired survivor size 20112992 bytes, new threshold 8 (max 8)
- age   1:    3576696 bytes,    3576696 total
- age   2:    1284368 bytes,    4861064 total
- age   3:    1455272 bytes,    6316336 total
- age   4:    1296856 bytes,    7613192 total
- age   5:     353432 bytes,    7966624 total
- age   6:    1534136 bytes,    9500760 total
- age   7:    3294152 bytes,   12794912 total
- age   8:     387160 bytes,   13182072 total
: 104983K->17544K(109248K), 0.0043591 secs] 202499K->115629K(502464K), 0.0044240 secs] [Times: user=0.01 sys=0.00, real=0.00 secs] 
Heap after GC invocations=414 (full 4):
 par new generation   total 109248K, used 17544K [0x00000007a0000000, 0x00000007a8000000, 0x00000007a8000000)
  eden space 87424K,   0% used [0x00000007a0000000, 0x00000007a0000000, 0x00000007a5560000)
  from space 21824K,  80% used [0x00000007a5560000, 0x00000007a66820e0, 0x00000007a6ab0000)
  to   space 21824K,   0% used [0x00000007a6ab0000, 0x00000007a6ab0000, 0x00000007a8000000)
 concurrent mark-sweep generation total 393216K, used 98085K [0x00000007a8000000, 0x00000007c0000000, 0x00000007c0000000)
 Metaspace       used 39705K, capacity 40688K, committed 41028K, reserved 1085440K
  class space    used 4326K, capacity 4572K, committed 4708K, reserved 1048576K
}
2017-06-02T18:10:03.039-0100: 106782.835: Total time for which application threads were stopped: 0.0046084 seconds, Stopping threads took: 0.0000173 seconds
{Heap before GC invocations=414 (full 4):
 par new generation   total 109248K, used 104968K [0x00000007a0000000, 0x00000007a8000000, 0x00000007a8000000)
  eden space 87424K, 100% used [0x00000007a0000000, 0x00000007a5560000, 0x00000007a5560000)
  from space 21824K,  80% used [0x00000007a5560000, 0x00000007a66820e0, 0x00000007a6ab0000)
  to   space 21824K,   0% used [0x00000007a6ab0000, 0x00000007a6ab0000, 0x00000007a8000000)
 concurrent mark-sweep generation total 393216K, used 98085K [0x00000007a8000000, 0x00000007c0000000, 0x00000007c0000000)
 Metaspace       used 39705K, capacity 40688K, committed 41028K, reserved 1085440K
  class space    used 4326K, capacity 4572K, committed 4708K, reserved 1048576K
2017-06-02T18:10:03.208-0100: 106783.005: [GC (Allocation Failure) 2017-06-02T18:10:03.208-0100: 106783.005: [ParNew
Desired survivor size 20112992 bytes, new threshold 8 (max 8)
- age   1:    4101112 bytes,    4101112 total
- age   2:    1259656 bytes,    5360768 total
- age   3:    1283376 bytes,    6644144 total
- age   4:    1193096 bytes,    7837240 total
- age   5:    1296856 bytes,    9134096 total
- age   6:     353432 bytes,    9487528 total
- age   7:    1534136 bytes,   11021664 total
- age   8:    3294152 bytes,   14315816 total
: 104968K->18612K(109248K), 0.0041670 secs] 203053K->117076K(502464K), 0.0042348 secs] [Times: user=0.02 sys=0.00, real=0.01 secs] 
Heap after GC invocations=415 (full 4):
 par new generation   total 109248K, used 18612K [0x00000007a0000000, 0x00000007a8000000, 0x00000007a8000000)
  eden space 87424K,   0% used [0x00000007a0000000, 0x00000007a0000000, 0x00000007a5560000)
  from space 21824K,  85% used [0x00000007a6ab0000, 0x00000007a7cdd068, 0x00000007a8000000)
  to   space 21824K,   0% used [0x00000007a5560000, 0x00000007a5560000, 0x00000007a6ab0000)
 concurrent mark-sweep generation total 393216K, used 98464K [0x00000007a8000000, 0x00000007c0000000, 0x00000007c0000000)
 Metaspace       used 39705K, capacity 40688K, committed 41028K, reserved 1085440K
  class space    used 4326K, capacity 4572K, committed 4708K, reserved 1048576K
}
2017-06-02T18:10:03.213-0100: 106783.010: Total time for which application threads were stopped: 0.0044196 seconds, Stopping threads took: 0.0000205 seconds
{Heap before GC invocations=415 (full 4):
 par new generation   total 109248K, used 106036K [0x00000007a0000000, 0x00000007a8000000, 0x00000007a8000000)
  eden space 87424K, 100% used [0x00000007a0000000, 0x00000007a5560000, 0x00000007a5560000)
  from space 21824K,  85% used [0x00000007a6ab0000, 0x00000007a7cdd068, 0x00000007a8000000)
  to   space 21824K,   0% used [0x00000007a5560000, 0x00000007a5560000, 0x00000007a6ab0000)
 concurrent mark-sweep generation total 393216K, used 98464K [0x00000007a8000000, 0x00000007c0000000, 0x00000007c0000000)
 Metaspace       used 39705K, capacity 40688K, committed 41028K, reserved 1085440K
  class space    used 4326K, capacity 4572K, committed 4708K, reserved 1048576K
2017-06-02T18:10:03.384-0100: 106783.181: [GC (Allocation Failure) 2017-06-02T18:10:03.384-0100: 106783.181: [ParNew
Desired survivor size 20112992 bytes, new threshold 8 (max 8)
- age   1:    4222200 bytes,    4222200 total
- age   2:    1396528 bytes,    5618728 total
- age   3:    1258928 bytes,    6877656 total
- age   4:    1285224 bytes,    8162880 total
- age   5:    1030960 bytes,    9193840 total
- age   6:    1298128 bytes,   10491968 total
- age   7:     354152 bytes,   10846120 total
- age   8:    1534736 bytes,   12380856 total
: 106036K->15066K(109248K), 0.0045541 secs] 204500K->116748K(502464K), 0.0046137 secs] [Times: user=0.01 sys=0.00, real=0.00 secs] 
Heap after GC invocations=416 (full 4):
 par new generation   total 109248K, used 15066K [0x00000007a0000000, 0x00000007a8000000, 0x00000007a8000000)
  eden space 87424K,   0% used [0x00000007a0000000, 0x00000007a0000000, 0x00000007a5560000)
  from space 21824K,  69% used [0x00000007a5560000, 0x00000007a6416890, 0x00000007a6ab0000)
  to   space 21824K,   0% used [0x00000007a6ab0000, 0x00000007a6ab0000, 0x00000007a8000000)
 concurrent mark-sweep generation total 393216K, used 101681K [0x00000007a8000000, 0x00000007c0000000, 0x00000007c0000000)
 Metaspace       used 39705K, capacity 40688K, committed 41028K, reserved 1085440K
  class space    used 4326K, capacity 4572K, committed 4708K, reserved 1048576K
}
2017-06-02T18:10:03.389-0100: 106783.186: Total time for which application threads were stopped: 0.0048024 seconds, Stopping threads took: 0.0000192 seconds
{Heap before GC invocations=416 (full 4):
 par new generation   total 109248K, used 102490K [0x00000007a0000000, 0x00000007a8000000, 0x00000007a8000000)
  eden space 87424K, 100% used [0x00000007a0000000, 0x00000007a5560000, 0x00000007a5560000)
  from space 21824K,  69% used [0x00000007a5560000, 0x00000007a6416890, 0x00000007a6ab0000)
  to   space 21824K,   0% used [0x00000007a6ab0000, 0x00000007a6ab0000, 0x00000007a8000000)
 concurrent mark-sweep generation total 393216K, used 101681K [0x00000007a8000000, 0x00000007c0000000, 0x00000007c0000000)
 Metaspace       used 39705K, capacity 40688K, committed 41028K, reserved 1085440K
  class space    used 4326K, capacity 4572K, committed 4708K, reserved 1048576K
2017-06-02T18:10:03.570-0100: 106783.367: [GC (Allocation Failure) 2017-06-02T18:10:03.570-0100: 106783.367: [ParNew
Desired survivor size 20112992 bytes, new threshold 8 (max 8)
- age   1:    4110120 bytes,    4110120 total
- age   2:    1964848 bytes,    6074968 total
- age   3:    1395376 bytes,    7470344 total
- age   4:    1158848 bytes,    8629192 total
- age   5:    1021576 bytes,    9650768 total
- age   6:    1029808 bytes,   10680576 total
- age   7:    1280984 bytes,   11961560 total
- age   8:     353696 bytes,   12315256 total
: 102490K->18777K(109248K), 0.0047186 secs] 204172K->121962K(502464K), 0.0047955 secs] [Times: user=0.02 sys=0.00, real=0.00 secs] 
Heap after GC invocations=417 (full 4):
 par new generation   total 109248K, used 18777K [0x00000007a0000000, 0x00000007a8000000, 0x00000007a8000000)
  eden space 87424K,   0% used [0x00000007a0000000, 0x00000007a0000000, 0x00000007a5560000)
  from space 21824K,  86% used [0x00000007a6ab0000, 0x00000007a7d066a8, 0x00000007a8000000)
  to   space 21824K,   0% used [0x00000007a5560000, 0x00000007a5560000, 0x00000007a6ab0000)
 concurrent mark-sweep generation total 393216K, used 103184K [0x00000007a8000000, 0x00000007c0000000, 0x00000007c0000000)
 Metaspace       used 39705K, capacity 40688K, committed 41028K, reserved 1085440K
  class space    used 4326K, capacity 4572K, committed 4708K, reserved 1048576K
}
2017-06-02T18:10:03.575-0100: 106783.372: Total time for which application threads were stopped: 0.0050263 seconds, Stopping threads took: 0.0000264 seconds
{Heap before GC invocations=417 (full 4):
 par new generation   total 109248K, used 106201K [0x00000007a0000000, 0x00000007a8000000, 0x00000007a8000000)
  eden space 87424K, 100% used [0x00000007a0000000, 0x00000007a5560000, 0x00000007a5560000)
  from space 21824K,  86% used [0x00000007a6ab0000, 0x00000007a7d066a8, 0x00000007a8000000)
  to   space 21824K,   0% used [0x00000007a5560000, 0x00000007a5560000, 0x00000007a6ab0000)
 concurrent mark-sweep generation total 393216K, used 103184K [0x00000007a8000000, 0x00000007c0000000, 0x00000007c0000000)
 Metaspace       used 39705K, capacity 40688K, committed 41028K, reserved 1085440K
  class space    used 4326K, capacity 4572K, committed 4708K, reserved 1048576K
2017-06-02T18:10:03.798-0100: 106783.595: [GC (Allocation Failure) 2017-06-02T18:10:03.798-0100: 106783.595: [ParNew
Desired survivor size 20112992 bytes, new threshold 8 (max 8)
- age   1:    4389400 bytes,    4389400 total
- age   2:    1815480 bytes,    6204880 total
- age   3:    1231680 bytes,    7436560 total
- age   4:    1393224 bytes,    8829784 total
- age   5:    1158128 bytes,    9987912 total
- age   6:    1021264 bytes,   11009176 total
- age   7:     963656 bytes,   11972832 total
- age   8:    1280480 bytes,   13253312 total
: 106201K->16152K(109248K), 0.0047738 secs] 209386K->119686K(502464K), 0.0048382 secs] [Times: user=0.01 sys=0.00, real=0.01 secs] 
Heap after GC invocations=418 (full 4):
 par new generation   total 109248K, used 16152K [0x00000007a0000000, 0x00000007a8000000, 0x00000007a8000000)
  eden space 87424K,   0% used [0x00000007a0000000, 0x00000007a0000000, 0x00000007a5560000)
  from space 21824K,  74% used [0x00000007a5560000, 0x00000007a6526398, 0x00000007a6ab0000)
  to   space 21824K,   0% used [0x00000007a6ab0000, 0x00000007a6ab0000, 0x00000007a8000000)
 concurrent mark-sweep generation total 393216K, used 103533K [0x00000007a8000000, 0x00000007c0000000, 0x00000007c0000000)
 Metaspace       used 39705K, capacity 40688K, committed 41028K, reserved 1085440K
  class space    used 4326K, capacity 4572K, committed 4708K, reserved 1048576K
}
2017-06-02T18:10:03.803-0100: 106783.600: Total time for which application threads were stopped: 0.0050410 seconds, Stopping threads took: 0.0000167 seconds
{Heap before GC invocations=418 (full 4):
 par new generation   total 109248K, used 103576K [0x00000007a0000000, 0x00000007a8000000, 0x00000007a8000000)
  eden space 87424K, 100% used [0x00000007a0000000, 0x00000007a5560000, 0x00000007a5560000)
  from space 21824K,  74% used [0x00000007a5560000, 0x00000007a6526398, 0x00000007a6ab0000)
  to   space 21824K,   0% used [0x00000007a6ab0000, 0x00000007a6ab0000, 0x00000007a8000000)
 concurrent mark-sweep generation total 393216K, used 103533K [0x00000007a8000000, 0x00000007c0000000, 0x00000007c0000000)
 Metaspace       used 39705K, capacity 40688K, committed 41028K, reserved 1085440K
  class space    used 4326K, capacity 4572K, committed 4708K, reserved 1048576K
2017-06-02T18:10:04.040-0100: 106783.837: [GC (Allocation Failure) 2017-06-02T18:10:04.040-0100: 106783.837: [ParNew
Desired survivor size 20112992 bytes, new threshold 8 (max 8)
- age   1:    4260096 bytes,    4260096 total
- age   2:    1814480 bytes,    6074576 total
- age   3:    1565608 bytes,    7640184 total
- age   4:    1228680 bytes,    8868864 total
- age   5:    1393440 bytes,   10262304 total
- age   6:    1027392 bytes,   11289696 total
- age   7:    1021408 bytes,   12311104 total
- age   8:     963944 bytes,   13275048 total
: 103576K->18803K(109248K), 0.0051415 secs] 207110K->123598K(502464K), 0.0052162 secs] [Times: user=0.01 sys=0.01, real=0.00 secs] 
Heap after GC invocations=419 (full 4):
 par new generation   total 109248K, used 18803K [0x00000007a0000000, 0x00000007a8000000, 0x00000007a8000000)
  eden space 87424K,   0% used [0x00000007a0000000, 0x00000007a0000000, 0x00000007a5560000)
  from space 21824K,  86% used [0x00000007a6ab0000, 0x00000007a7d0cde8, 0x00000007a8000000)
  to   space 21824K,   0% used [0x00000007a5560000, 0x00000007a5560000, 0x00000007a6ab0000)
 concurrent mark-sweep generation total 393216K, used 104795K [0x00000007a8000000, 0x00000007c0000000, 0x00000007c0000000)
 Metaspace       used 39705K, capacity 40688K, committed 41028K, reserved 1085440K
  class space    used 4326K, capacity 4572K, committed 4708K, reserved 1048576K
}
2017-06-02T18:10:04.045-0100: 106783.842: Total time for which application threads were stopped: 0.0053931 seconds, Stopping threads took: 0.0000178 seconds
{Heap before GC invocations=419 (full 4):
 par new generation   total 109248K, used 106227K [0x00000007a0000000, 0x00000007a8000000, 0x00000007a8000000)
  eden space 87424K, 100% used [0x00000007a0000000, 0x00000007a5560000, 0x00000007a5560000)
  from space 21824K,  86% used [0x00000007a6ab0000, 0x00000007a7d0cde8, 0x00000007a8000000)
  to   space 21824K,   0% used [0x00000007a5560000, 0x00000007a5560000, 0x00000007a6ab0000)
 concurrent mark-sweep generation total 393216K, used 104795K [0x00000007a8000000, 0x00000007c0000000, 0x00000007c0000000)
 Metaspace       used 39705K, capacity 40688K, committed 41028K, reserved 1085440K
  class space    used 4326K, capacity 4572K, committed 4708K, reserved 1048576K
2017-06-02T18:10:04.225-0100: 106784.022: [GC (Allocation Failure) 2017-06-02T18:10:04.225-0100: 106784.022: [ParNew
Desired survivor size 20112992 bytes, new threshold 8 (max 8)
- age   1:    2681064 bytes,    2681064 total
- age   2:    3456712 bytes,    6137776 total
- age   3:    1025320 bytes,    7163096 total
- age   4:    1566616 bytes,    8729712 total
- age   5:    1229592 bytes,    9959304 total
- age   6:    1394280 bytes,   11353584 total
- age   7:    1027824 bytes,   12381408 total
- age   8:    1022056 bytes,   13403464 total
: 106227K->16979K(109248K), 0.0050129 secs] 211022K->122726K(502464K), 0.0050804 secs] [Times: user=0.02 sys=0.00, real=0.01 secs] 
Heap after GC invocations=420 (full 4):
 par new generation   total 109248K, used 16979K [0x00000007a0000000, 0x00000007a8000000, 0x00000007a8000000)
  eden space 87424K,   0% used [0x00000007a0000000, 0x00000007a0000000, 0x00000007a5560000)
  from space 21824K,  77% used [0x00000007a5560000, 0x00000007a65f4fa0, 0x00000007a6ab0000)
  to   space 21824K,   0% used [0x00000007a6ab0000, 0x00000007a6ab0000, 0x00000007a8000000)
 concurrent mark-sweep generation total 393216K, used 105746K [0x00000007a8000000, 0x00000007c0000000, 0x00000007c0000000)
 Metaspace       used 39705K, capacity 40688K, committed 41028K, reserved 1085440K
  class space    used 4326K, capacity 4572K, committed 4708K, reserved 1048576K
}
2017-06-02T18:10:04.231-0100: 106784.027: Total time for which application threads were stopped: 0.0052767 seconds, Stopping threads took: 0.0000185 seconds
{Heap before GC invocations=420 (full 4):
 par new generation   total 109248K, used 104403K [0x00000007a0000000, 0x00000007a8000000, 0x00000007a8000000)
  eden space 87424K, 100% used [0x00000007a0000000, 0x00000007a5560000, 0x00000007a5560000)
  from space 21824K,  77% used [0x00000007a5560000, 0x00000007a65f4fa0, 0x00000007a6ab0000)
  to   space 21824K,   0% used [0x00000007a6ab0000, 0x00000007a6ab0000, 0x00000007a8000000)
 concurrent mark-sweep generation total 393216K, used 105746K [0x00000007a8000000, 0x00000007c0000000, 0x00000007c0000000)
 Metaspace       used 39705K, capacity 40688K, committed 41028K, reserved 1085440K
  class space    used 4326K, capacity 4572K, committed 4708K, reserved 1048576K
2017-06-02T18:10:04.399-0100: 106784.196: [GC (Allocation Failure) 2017-06-02T18:10:04.399-0100: 106784.196: [ParNew
Desired survivor size 20112992 bytes, new threshold 8 (max 8)
- age   1:    4976792 bytes,    4976792 total
- age   2:    1958912 bytes,    6935704 total
- age   3:    1132984 bytes,    8068688 total
- age   4:     975944 bytes,    9044632 total
- age   5:    1565432 bytes,   10610064 total
- age   6:    1228704 bytes,   11838768 total
- age   7:    1131376 bytes,   12970144 total
- age   8:     961840 bytes,   13931984 total
: 104403K->21824K(109248K), 0.0049634 secs] 210150K->128578K(502464K), 0.0050321 secs] [Times: user=0.01 sys=0.00, real=0.01 secs] 
Heap after GC invocations=421 (full 4):
 par new generation   total 109248K, used 21824K [0x00000007a0000000, 0x00000007a8000000, 0x00000007a8000000)
  eden space 87424K,   0% used [0x00000007a0000000, 0x00000007a0000000, 0x00000007a5560000)
  from space 21824K, 100% used [0x00000007a6ab0000, 0x00000007a8000000, 0x00000007a8000000)
  to   space 21824K,   0% used [0x00000007a5560000, 0x00000007a5560000, 0x00000007a6ab0000)
 concurrent mark-sweep generation total 393216K, used 106754K [0x00000007a8000000, 0x00000007c0000000, 0x00000007c0000000)
 Metaspace       used 39705K, capacity 40688K, committed 41028K, reserved 1085440K
  class space    used 4326K, capacity 4572K, committed 4708K, reserved 1048576K
}
2017-06-02T18:10:04.405-0100: 106784.201: Total time for which application threads were stopped: 0.0052192 seconds, Stopping threads took: 0.0000189 seconds
{Heap before GC invocations=421 (full 4):
 par new generation   total 109248K, used 109248K [0x00000007a0000000, 0x00000007a8000000, 0x00000007a8000000)
  eden space 87424K, 100% used [0x00000007a0000000, 0x00000007a5560000, 0x00000007a5560000)
  from space 21824K, 100% used [0x00000007a6ab0000, 0x00000007a8000000, 0x00000007a8000000)
  to   space 21824K,   0% used [0x00000007a5560000, 0x00000007a5560000, 0x00000007a6ab0000)
 concurrent mark-sweep generation total 393216K, used 106754K [0x00000007a8000000, 0x00000007c0000000, 0x00000007c0000000)
 Metaspace       used 39705K, capacity 40688K, committed 41028K, reserved 1085440K
  class space    used 4326K, capacity 4572K, committed 4708K, reserved 1048576K
2017-06-02T18:10:04.563-0100: 106784.360: [GC (Allocation Failure) 2017-06-02T18:10:04.563-0100: 106784.360: [ParNew
Desired survivor size 20112992 bytes, new threshold 8 (max 8)
- age   1:    5154896 bytes,    5154896 total
- age   2:    2779416 bytes,    7934312 total
- age   3:     868512 bytes,    8802824 total
- age   4:    1132696 bytes,    9935520 total
- age   5:     973488 bytes,   10909008 total
- age   6:    1565240 bytes,   12474248 total
- age   7:    1228392 bytes,   13702640 total
- age   8:     868976 bytes,   14571616 total
: 109248K->17702K(109248K), 0.0055161 secs] 216002K->125406K(502464K), 0.0056031 secs] [Times: user=0.02 sys=0.00, real=0.00 secs] 
Heap after GC invocations=422 (full 4):
 par new generation   total 109248K, used 17702K [0x00000007a0000000, 0x00000007a8000000, 0x00000007a8000000)
  eden space 87424K,   0% used [0x00000007a0000000, 0x00000007a0000000, 0x00000007a5560000)
  from space 21824K,  81% used [0x00000007a5560000, 0x00000007a66a9840, 0x00000007a6ab0000)
  to   space 21824K,   0% used [0x00000007a6ab0000, 0x00000007a6ab0000, 0x00000007a8000000)
 concurrent mark-sweep generation total 393216K, used 107704K [0x00000007a8000000, 0x00000007c0000000, 0x00000007c0000000)
 Metaspace       used 39705K, capacity 40688K, committed 41028K, reserved 1085440K
  class space    used 4326K, capacity 4572K, committed 4708K, reserved 1048576K
}
2017-06-02T18:10:04.569-0100: 106784.366: Total time for which application threads were stopped: 0.0058132 seconds, Stopping threads took: 0.0000197 seconds
{Heap before GC invocations=422 (full 4):
 par new generation   total 109248K, used 105126K [0x00000007a0000000, 0x00000007a8000000, 0x00000007a8000000)
  eden space 87424K, 100% used [0x00000007a0000000, 0x00000007a5560000, 0x00000007a5560000)
  from space 21824K,  81% used [0x00000007a5560000, 0x00000007a66a9840, 0x00000007a6ab0000)
  to   space 21824K,   0% used [0x00000007a6ab0000, 0x00000007a6ab0000, 0x00000007a8000000)
 concurrent mark-sweep generation total 393216K, used 107704K [0x00000007a8000000, 0x00000007c0000000, 0x00000007c0000000)
 Metaspace       used 39705K, capacity 40688K, committed 41028K, reserved 1085440K
  class space    used 4326K, capacity 4572K, committed 4708K, reserved 1048576K
2017-06-02T18:10:04.736-0100: 106784.533: [GC (Allocation Failure) 2017-06-02T18:10:04.736-0100: 106784.533: [ParNew
Desired survivor size 20112992 bytes, new threshold 8 (max 8)
- age   1:    2274472 bytes,    2274472 total
- age   2:    5097136 bytes,    7371608 total
- age   3:    1543624 bytes,    8915232 total
- age   4:     868512 bytes,    9783744 total
- age   5:    1127816 bytes,   10911560 total
- age   6:     973560 bytes,   11885120 total
- age   7:    1565408 bytes,   13450528 total
- age   8:    1228584 bytes,   14679112 total
: 105126K->21669K(109248K), 0.0052340 secs] 212830K->130232K(502464K), 0.0052980 secs] [Times: user=0.01 sys=0.00, real=0.01 secs] 
Heap after GC invocations=423 (full 4):
 par new generation   total 109248K, used 21669K [0x00000007a0000000, 0x00000007a8000000, 0x00000007a8000000)
  eden space 87424K,   0% used [0x00000007a0000000, 0x00000007a0000000, 0x00000007a5560000)
  from space 21824K,  99% used [0x00000007a6ab0000, 0x00000007a7fd9400, 0x00000007a8000000)
  to   space 21824K,   0% used [0x00000007a5560000, 0x00000007a5560000, 0x00000007a6ab0000)
 concurrent mark-sweep generation total 393216K, used 108563K [0x00000007a8000000, 0x00000007c0000000, 0x00000007c0000000)
 Metaspace       used 39705K, capacity 40688K, committed 41028K, reserved 1085440K
  class space    used 4326K, capacity 4572K, committed 4708K, reserved 1048576K
}
2017-06-02T18:10:04.741-0100: 106784.538: Total time for which application threads were stopped: 0.0054969 seconds, Stopping threads took: 0.0000209 seconds
{Heap before GC invocations=423 (full 4):
 par new generation   total 109248K, used 109093K [0x00000007a0000000, 0x00000007a8000000, 0x00000007a8000000)
  eden space 87424K, 100% used [0x00000007a0000000, 0x00000007a5560000, 0x00000007a5560000)
  from space 21824K,  99% used [0x00000007a6ab0000, 0x00000007a7fd9400, 0x00000007a8000000)
  to   space 21824K,   0% used [0x00000007a5560000, 0x00000007a5560000, 0x00000007a6ab0000)
 concurrent mark-sweep generation total 393216K, used 108563K [0x00000007a8000000, 0x00000007c0000000, 0x00000007c0000000)
 Metaspace       used 39705K, capacity 40688K, committed 41028K, reserved 1085440K
  class space    used 4326K, capacity 4572K, committed 4708K, reserved 1048576K
2017-06-02T18:10:04.904-0100: 106784.700: [GC (Allocation Failure) 2017-06-02T18:10:04.904-0100: 106784.700: [ParNew
Desired survivor size 20112992 bytes, new threshold 8 (max 8)
- age   1:    5009200 bytes,    5009200 total
- age   2:    2231920 bytes,    7241120 total
- age   3:    1488936 bytes,    8730056 total
- age   4:    1489088 bytes,   10219144 total
- age   5:     869112 bytes,   11088256 total
- age   6:    1128344 bytes,   12216600 total
- age   7:     974016 bytes,   13190616 total
- age   8:    1565624 bytes,   14756240 total
: 109093K->17888K(109248K), 0.0052883 secs] 217656K->127662K(502464K), 0.0053534 secs] [Times: user=0.02 sys=0.01, real=0.00 secs] 
Heap after GC invocations=424 (full 4):
 par new generation   total 109248K, used 17888K [0x00000007a0000000, 0x00000007a8000000, 0x00000007a8000000)
  eden space 87424K,   0% used [0x00000007a0000000, 0x00000007a0000000, 0x00000007a5560000)
  from space 21824K,  81% used [0x00000007a5560000, 0x00000007a66d83c8, 0x00000007a6ab0000)
  to   space 21824K,   0% used [0x00000007a6ab0000, 0x00000007a6ab0000, 0x00000007a8000000)
 concurrent mark-sweep generation total 393216K, used 109773K [0x00000007a8000000, 0x00000007c0000000, 0x00000007c0000000)
 Metaspace       used 39705K, capacity 40688K, committed 41028K, reserved 1085440K
  class space    used 4326K, capacity 4572K, committed 4708K, reserved 1048576K
}
2017-06-02T18:10:04.909-0100: 106784.706: Total time for which application threads were stopped: 0.0055541 seconds, Stopping threads took: 0.0000183 seconds
{Heap before GC invocations=424 (full 4):
 par new generation   total 109248K, used 105312K [0x00000007a0000000, 0x00000007a8000000, 0x00000007a8000000)
  eden space 87424K, 100% used [0x00000007a0000000, 0x00000007a5560000, 0x00000007a5560000)
  from space 21824K,  81% used [0x00000007a5560000, 0x00000007a66d83c8, 0x00000007a6ab0000)
  to   space 21824K,   0% used [0x00000007a6ab0000, 0x00000007a6ab0000, 0x00000007a8000000)
 concurrent mark-sweep generation total 393216K, used 109773K [0x00000007a8000000, 0x00000007c0000000, 0x00000007c0000000)
 Metaspace       used 39705K, capacity 40688K, committed 41028K, reserved 1085440K
  class space    used 4326K, capacity 4572K, committed 4708K, reserved 1048576K
2017-06-02T18:10:05.080-0100: 106784.876: [GC (Allocation Failure) 2017-06-02T18:10:05.080-0100: 106784.876: [ParNew
Desired survivor size 20112992 bytes, new threshold 8 (max 8)
- age   1:    2133480 bytes,    2133480 total
- age   2:    4923200 bytes,    7056680 total
- age   3:    1203456 bytes,    8260136 total
- age   4:    1488072 bytes,    9748208 total
- age   5:    1488392 bytes,   11236600 total
- age   6:     868368 bytes,   12104968 total
- age   7:    1127672 bytes,   13232640 total
- age   8:     973296 bytes,   14205936 total
: 105312K->19335K(109248K), 0.0090222 secs] 215086K->130647K(502464K), 0.0090838 secs] [Times: user=0.03 sys=0.00, real=0.00 secs] 
Heap after GC invocations=425 (full 4):
 par new generation   total 109248K, used 19335K [0x00000007a0000000, 0x00000007a8000000, 0x00000007a8000000)
  eden space 87424K,   0% used [0x00000007a0000000, 0x00000007a0000000, 0x00000007a5560000)
  from space 21824K,  88% used [0x00000007a6ab0000, 0x00000007a7d91c48, 0x00000007a8000000)
  to   space 21824K,   0% used [0x00000007a5560000, 0x00000007a5560000, 0x00000007a6ab0000)
 concurrent mark-sweep generation total 393216K, used 111312K [0x00000007a8000000, 0x00000007c0000000, 0x00000007c0000000)
 Metaspace       used 39705K, capacity 40688K, committed 41028K, reserved 1085440K
  class space    used 4326K, capacity 4572K, committed 4708K, reserved 1048576K
}
2017-06-02T18:10:05.089-0100: 106784.885: Total time for which application threads were stopped: 0.0092733 seconds, Stopping threads took: 0.0000194 seconds
{Heap before GC invocations=425 (full 4):
 par new generation   total 109248K, used 106759K [0x00000007a0000000, 0x00000007a8000000, 0x00000007a8000000)
  eden space 87424K, 100% used [0x00000007a0000000, 0x00000007a5560000, 0x00000007a5560000)
  from space 21824K,  88% used [0x00000007a6ab0000, 0x00000007a7d91c48, 0x00000007a8000000)
  to   space 21824K,   0% used [0x00000007a5560000, 0x00000007a5560000, 0x00000007a6ab0000)
 concurrent mark-sweep generation total 393216K, used 111312K [0x00000007a8000000, 0x00000007c0000000, 0x00000007c0000000)
 Metaspace       used 39705K, capacity 40688K, committed 41028K, reserved 1085440K
  class space    used 4326K, capacity 4572K, committed 4708K, reserved 1048576K
2017-06-02T18:10:05.259-0100: 106785.056: [GC (Allocation Failure) 2017-06-02T18:10:05.259-0100: 106785.056: [ParNew
Desired survivor size 20112992 bytes, new threshold 8 (max 8)
- age   1:    4460056 bytes,    4460056 total
- age   2:    2035752 bytes,    6495808 total
- age   3:    3834216 bytes,   10330024 total
- age   4:     847376 bytes,   11177400 total
- age   5:    1488264 bytes,   12665664 total
- age   6:    1488608 bytes,   14154272 total
- age   7:     868656 bytes,   15022928 total
- age   8:    1127960 bytes,   16150888 total
: 106759K->20766K(109248K), 0.0056098 secs] 218071K->133040K(502464K), 0.0056850 secs] [Times: user=0.02 sys=0.00, real=0.01 secs] 
Heap after GC invocations=426 (full 4):
 par new generation   total 109248K, used 20766K [0x00000007a0000000, 0x00000007a8000000, 0x00000007a8000000)
  eden space 87424K,   0% used [0x00000007a0000000, 0x00000007a0000000, 0x00000007a5560000)
  from space 21824K,  95% used [0x00000007a5560000, 0x00000007a69a7aa0, 0x00000007a6ab0000)
  to   space 21824K,   0% used [0x00000007a6ab0000, 0x00000007a6ab0000, 0x00000007a8000000)
 concurrent mark-sweep generation total 393216K, used 112273K [0x00000007a8000000, 0x00000007c0000000, 0x00000007c0000000)
 Metaspace       used 39705K, capacity 40688K, committed 41028K, reserved 1085440K
  class space    used 4326K, capacity 4572K, committed 4708K, reserved 1048576K
}
2017-06-02T18:10:05.265-0100: 106785.061: Total time for which application threads were stopped: 0.0058725 seconds, Stopping threads took: 0.0000177 seconds
{Heap before GC invocations=426 (full 4):
 par new generation   total 109248K, used 108190K [0x00000007a0000000, 0x00000007a8000000, 0x00000007a8000000)
  eden space 87424K, 100% used [0x00000007a0000000, 0x00000007a5560000, 0x00000007a5560000)
  from space 21824K,  95% used [0x00000007a5560000, 0x00000007a69a7aa0, 0x00000007a6ab0000)
  to   space 21824K,   0% used [0x00000007a6ab0000, 0x00000007a6ab0000, 0x00000007a8000000)
 concurrent mark-sweep generation total 393216K, used 112273K [0x00000007a8000000, 0x00000007c0000000, 0x00000007c0000000)
 Metaspace       used 39705K, capacity 40688K, committed 41028K, reserved 1085440K
  class space    used 4326K, capacity 4572K, committed 4708K, reserved 1048576K
2017-06-02T18:10:05.433-0100: 106785.230: [GC (Allocation Failure) 2017-06-02T18:10:05.433-0100: 106785.230: [ParNew
Desired survivor size 20112992 bytes, new threshold 8 (max 8)
- age   1:    4478504 bytes,    4478504 total
- age   2:    4402064 bytes,    8880568 total
- age   3:    1106032 bytes,    9986600 total
- age   4:     856240 bytes,   10842840 total
- age   5:     847592 bytes,   11690432 total
- age   6:    1488624 bytes,   13179056 total
- age   7:    1488656 bytes,   14667712 total
- age   8:     868656 bytes,   15536368 total
: 108190K->19667K(109248K), 0.0055759 secs] 220464K->133052K(502464K), 0.0056461 secs] [Times: user=0.02 sys=0.00, real=0.00 secs] 
Heap after GC invocations=427 (full 4):
 par new generation   total 109248K, used 19667K [0x00000007a0000000, 0x00000007a8000000, 0x00000007a8000000)
  eden space 87424K,   0% used [0x00000007a0000000, 0x00000007a0000000, 0x00000007a5560000)
  from space 21824K,  90% used [0x00000007a6ab0000, 0x00000007a7de4c90, 0x00000007a8000000)
  to   space 21824K,   0% used [0x00000007a5560000, 0x00000007a5560000, 0x00000007a6ab0000)
 concurrent mark-sweep generation total 393216K, used 113385K [0x00000007a8000000, 0x00000007c0000000, 0x00000007c0000000)
 Metaspace       used 39705K, capacity 40688K, committed 41028K, reserved 1085440K
  class space    used 4326K, capacity 4572K, committed 4708K, reserved 1048576K
}
2017-06-02T18:10:05.439-0100: 106785.235: Total time for which application threads were stopped: 0.0058412 seconds, Stopping threads took: 0.0000191 seconds
{Heap before GC invocations=427 (full 4):
 par new generation   total 109248K, used 107091K [0x00000007a0000000, 0x00000007a8000000, 0x00000007a8000000)
  eden space 87424K, 100% used [0x00000007a0000000, 0x00000007a5560000, 0x00000007a5560000)
  from space 21824K,  90% used [0x00000007a6ab0000, 0x00000007a7de4c90, 0x00000007a8000000)
  to   space 21824K,   0% used [0x00000007a5560000, 0x00000007a5560000, 0x00000007a6ab0000)
 concurrent mark-sweep generation total 393216K, used 113385K [0x00000007a8000000, 0x00000007c0000000, 0x00000007c0000000)
 Metaspace       used 39705K, capacity 40688K, committed 41028K, reserved 1085440K
  class space    used 4326K, capacity 4572K, committed 4708K, reserved 1048576K
2017-06-02T18:10:05.674-0100: 106785.471: [GC (Allocation Failure) 2017-06-02T18:10:05.674-0100: 106785.471: [ParNew
Desired survivor size 20112992 bytes, new threshold 8 (max 8)
- age   1:     458704 bytes,     458704 total
- age   2:    4414416 bytes,    4873120 total
- age   3:    4380056 bytes,    9253176 total
- age   4:    1083496 bytes,   10336672 total
- age   5:     833656 bytes,   11170328 total
- age   6:     823760 bytes,   11994088 total
- age   7:    1463064 bytes,   13457152 total
- age   8:    1466552 bytes,   14923704 total
: 107091K->16594K(109248K), 0.0052191 secs] 220476K->130813K(502464K), 0.0052836 secs] [Times: user=0.02 sys=0.00, real=0.00 secs] 
Heap after GC invocations=428 (full 4):
 par new generation   total 109248K, used 16594K [0x00000007a0000000, 0x00000007a8000000, 0x00000007a8000000)
  eden space 87424K,   0% used [0x00000007a0000000, 0x00000007a0000000, 0x00000007a5560000)
  from space 21824K,  76% used [0x00000007a5560000, 0x00000007a65948e8, 0x00000007a6ab0000)
  to   space 21824K,   0% used [0x00000007a6ab0000, 0x00000007a6ab0000, 0x00000007a8000000)
 concurrent mark-sweep generation total 393216K, used 114219K [0x00000007a8000000, 0x00000007c0000000, 0x00000007c0000000)
 Metaspace       used 39705K, capacity 40688K, committed 41028K, reserved 1085440K
  class space    used 4326K, capacity 4572K, committed 4708K, reserved 1048576K
}
2017-06-02T18:10:05.679-0100: 106785.476: Total time for which application threads were stopped: 0.0054691 seconds, Stopping threads took: 0.0000205 seconds
{Heap before GC invocations=428 (full 4):
 par new generation   total 109248K, used 104018K [0x00000007a0000000, 0x00000007a8000000, 0x00000007a8000000)
  eden space 87424K, 100% used [0x00000007a0000000, 0x00000007a5560000, 0x00000007a5560000)
  from space 21824K,  76% used [0x00000007a5560000, 0x00000007a65948e8, 0x00000007a6ab0000)
  to   space 21824K,   0% used [0x00000007a6ab0000, 0x00000007a6ab0000, 0x00000007a8000000)
 concurrent mark-sweep generation total 393216K, used 114219K [0x00000007a8000000, 0x00000007c0000000, 0x00000007c0000000)
 Metaspace       used 39705K, capacity 40688K, committed 41028K, reserved 1085440K
  class space    used 4326K, capacity 4572K, committed 4708K, reserved 1048576K
2017-06-02T18:10:05.789-0100: 106785.586: [GC (Allocation Failure) 2017-06-02T18:10:05.789-0100: 106785.586: [ParNew
Desired survivor size 20112992 bytes, new threshold 8 (max 8)
- age   1:      51320 bytes,      51320 total
- age   2:     408400 bytes,     459720 total
- age   3:    4414416 bytes,    4874136 total
- age   4:    4380056 bytes,    9254192 total
- age   5:    1083496 bytes,   10337688 total
- age   6:     833656 bytes,   11171344 total
- age   7:     823760 bytes,   11995104 total
- age   8:    1463064 bytes,   13458168 total
: 104018K->18503K(109248K), 0.0107740 secs] 218237K->134161K(502464K), 0.0108295 secs] [Times: user=0.03 sys=0.00, real=0.02 secs] 
Heap after GC invocations=429 (full 4):
 par new generation   total 109248K, used 18503K [0x00000007a0000000, 0x00000007a8000000, 0x00000007a8000000)
  eden space 87424K,   0% used [0x00000007a0000000, 0x00000007a0000000, 0x00000007a5560000)
  from space 21824K,  84% used [0x00000007a6ab0000, 0x00000007a7cc1df8, 0x00000007a8000000)
  to   space 21824K,   0% used [0x00000007a5560000, 0x00000007a5560000, 0x00000007a6ab0000)
 concurrent mark-sweep generation total 393216K, used 115658K [0x00000007a8000000, 0x00000007c0000000, 0x00000007c0000000)
 Metaspace       used 39705K, capacity 40688K, committed 41028K, reserved 1085440K
  class space    used 4326K, capacity 4572K, committed 4708K, reserved 1048576K
}
2017-06-02T18:10:05.800-0100: 106785.596: Total time for which application threads were stopped: 0.0110153 seconds, Stopping threads took: 0.0000190 seconds
2017-06-02T18:10:05.856-0100: 106785.652: Total time for which application threads were stopped: 0.0001023 seconds, Stopping threads took: 0.0000177 seconds
2017-06-02T18:10:05.856-0100: 106785.652: Total time for which application threads were stopped: 0.0000651 seconds, Stopping threads took: 0.0000095 seconds
2017-06-02T18:10:05.861-0100: 106785.658: Total time for which application threads were stopped: 0.0001078 seconds, Stopping threads took: 0.0000092 seconds
2017-06-02T18:10:05.861-0100: 106785.658: Total time for which application threads were stopped: 0.0000592 seconds, Stopping threads took: 0.0000069 seconds
2017-06-02T18:10:05.869-0100: 106785.666: Total time for which application threads were stopped: 0.0001348 seconds, Stopping threads took: 0.0000196 seconds
2017-06-02T18:10:05.869-0100: 106785.666: Total time for which application threads were stopped: 0.0000759 seconds, Stopping threads took: 0.0000105 seconds
2017-06-02T18:10:05.870-0100: 106785.667: Total time for which application threads were stopped: 0.0000982 seconds, Stopping threads took: 0.0000217 seconds
2017-06-02T18:10:06.871-0100: 106786.668: Total time for which application threads were stopped: 0.0001236 seconds, Stopping threads took: 0.0000216 seconds
2017-06-02T18:10:09.872-0100: 106789.668: Total time for which application threads were stopped: 0.0001175 seconds, Stopping threads took: 0.0000214 seconds
2017-06-02T18:10:13.284-0100: 106793.081: Total time for which application threads were stopped: 0.0000984 seconds, Stopping threads took: 0.0000160 seconds
2017-06-02T18:10:14.286-0100: 106794.083: Total time for which application threads were stopped: 0.0000919 seconds, Stopping threads took: 0.0000196 seconds
2017-06-02T18:10:19.298-0100: 106799.094: Total time for which application threads were stopped: 0.0001508 seconds, Stopping threads took: 0.0000337 seconds
2017-06-02T18:10:23.308-0100: 106803.105: Total time for which application threads were stopped: 0.0001127 seconds, Stopping threads took: 0.0000226 seconds
2017-06-02T18:10:42.322-0100: 106822.119: Total time for which application threads were stopped: 0.0001026 seconds, Stopping threads took: 0.0000241 seconds
2017-06-02T18:10:48.520-0100: 106828.317: Total time for which application threads were stopped: 0.0001000 seconds, Stopping threads took: 0.0000297 seconds
2017-06-02T18:11:48.186-0100: 106887.982: Total time for which application threads were stopped: 0.0001963 seconds, Stopping threads took: 0.0000257 seconds
2017-06-02T18:11:48.186-0100: 106887.982: Total time for which application threads were stopped: 0.0001159 seconds, Stopping threads took: 0.0000121 seconds
2017-06-02T18:11:48.196-0100: 106887.991: Total time for which application threads were stopped: 0.0001153 seconds, Stopping threads took: 0.0000237 seconds
2017-06-02T18:11:48.196-0100: 106887.991: Total time for which application threads were stopped: 0.0000829 seconds, Stopping threads took: 0.0000133 seconds
2017-06-02T18:11:48.224-0100: 106888.020: Total time for which application threads were stopped: 0.0002413 seconds, Stopping threads took: 0.0000301 seconds
2017-06-02T18:11:48.224-0100: 106888.020: Total time for which application threads were stopped: 0.0001906 seconds, Stopping threads took: 0.0000911 seconds
2017-06-02T18:11:48.225-0100: 106888.020: Total time for which application threads were stopped: 0.0001041 seconds, Stopping threads took: 0.0000263 seconds
2017-06-02T18:11:48.225-0100: 106888.021: Total time for which application threads were stopped: 0.0000852 seconds, Stopping threads took: 0.0000105 seconds
2017-06-02T18:11:48.225-0100: 106888.021: Total time for which application threads were stopped: 0.0000774 seconds, Stopping threads took: 0.0000097 seconds
2017-06-02T18:11:48.226-0100: 106888.021: Total time for which application threads were stopped: 0.0001166 seconds, Stopping threads took: 0.0000250 seconds
2017-06-02T18:11:48.226-0100: 106888.021: Total time for which application threads were stopped: 0.0000743 seconds, Stopping threads took: 0.0000090 seconds
2017-06-02T18:11:48.226-0100: 106888.022: Total time for which application threads were stopped: 0.0000718 seconds, Stopping threads took: 0.0000141 seconds
2017-06-02T18:11:48.226-0100: 106888.022: Total time for which application threads were stopped: 0.0000597 seconds, Stopping threads took: 0.0000067 seconds
2017-06-02T18:11:48.226-0100: 106888.022: Total time for which application threads were stopped: 0.0000799 seconds, Stopping threads took: 0.0000089 seconds
2017-06-02T18:11:48.226-0100: 106888.022: Total time for which application threads were stopped: 0.0000618 seconds, Stopping threads took: 0.0000070 seconds
2017-06-02T18:11:48.226-0100: 106888.022: Total time for which application threads were stopped: 0.0000653 seconds, Stopping threads took: 0.0000082 seconds
2017-06-02T18:11:48.226-0100: 106888.022: Total time for which application threads were stopped: 0.0000645 seconds, Stopping threads took: 0.0000080 seconds
2017-06-02T18:11:48.227-0100: 106888.023: Total time for which application threads were stopped: 0.0000745 seconds, Stopping threads took: 0.0000093 seconds
2017-06-02T18:11:48.227-0100: 106888.023: Total time for which application threads were stopped: 0.0000808 seconds, Stopping threads took: 0.0000086 seconds
2017-06-02T18:11:48.233-0100: 106888.028: Total time for which application threads were stopped: 0.0001814 seconds, Stopping threads took: 0.0000231 seconds
2017-06-02T18:11:48.233-0100: 106888.029: Total time for which application threads were stopped: 0.0001215 seconds, Stopping threads took: 0.0000129 seconds
2017-06-02T18:11:48.243-0100: 106888.039: Total time for which application threads were stopped: 0.0001139 seconds, Stopping threads took: 0.0000242 seconds
2017-06-02T18:11:48.243-0100: 106888.039: Total time for which application threads were stopped: 0.0000680 seconds, Stopping threads took: 0.0000097 seconds
2017-06-02T18:11:49.170-0100: 106888.966: Total time for which application threads were stopped: 0.0000964 seconds, Stopping threads took: 0.0000143 seconds
{Heap before GC invocations=429 (full 4):
 par new generation   total 109248K, used 105916K [0x00000007a0000000, 0x00000007a8000000, 0x00000007a8000000)
  eden space 87424K,  99% used [0x00000007a0000000, 0x00000007a555d430, 0x00000007a5560000)
  from space 21824K,  84% used [0x00000007a6ab0000, 0x00000007a7cc1df8, 0x00000007a8000000)
  to   space 21824K,   0% used [0x00000007a5560000, 0x00000007a5560000, 0x00000007a6ab0000)
 concurrent mark-sweep generation total 393216K, used 115658K [0x00000007a8000000, 0x00000007c0000000, 0x00000007c0000000)
 Metaspace       used 39710K, capacity 40688K, committed 41028K, reserved 1085440K
  class space    used 4326K, capacity 4572K, committed 4708K, reserved 1048576K
2017-06-02T18:11:49.200-0100: 106888.996: [GC (Allocation Failure) 2017-06-02T18:11:49.200-0100: 106888.996: [ParNew
Desired survivor size 20112992 bytes, new threshold 8 (max 8)
- age   1:    1639056 bytes,    1639056 total
- age   3:     295232 bytes,    1934288 total
- age   4:    4358992 bytes,    6293280 total
- age   5:    4326088 bytes,   10619368 total
- age   6:    1028696 bytes,   11648064 total
- age   7:     778488 bytes,   12426552 total
- age   8:     765488 bytes,   13192040 total
: 105916K->17091K(109248K), 0.0048046 secs] 221575K->134130K(502464K), 0.0048790 secs] [Times: user=0.01 sys=0.00, real=0.00 secs] 
Heap after GC invocations=430 (full 4):
 par new generation   total 109248K, used 17091K [0x00000007a0000000, 0x00000007a8000000, 0x00000007a8000000)
  eden space 87424K,   0% used [0x00000007a0000000, 0x00000007a0000000, 0x00000007a5560000)
  from space 21824K,  78% used [0x00000007a5560000, 0x00000007a6610ff0, 0x00000007a6ab0000)
  to   space 21824K,   0% used [0x00000007a6ab0000, 0x00000007a6ab0000, 0x00000007a8000000)
 concurrent mark-sweep generation total 393216K, used 117038K [0x00000007a8000000, 0x00000007c0000000, 0x00000007c0000000)
 Metaspace       used 39710K, capacity 40688K, committed 41028K, reserved 1085440K
  class space    used 4326K, capacity 4572K, committed 4708K, reserved 1048576K
}
2017-06-02T18:11:49.205-0100: 106889.001: Total time for which application threads were stopped: 0.0050616 seconds, Stopping threads took: 0.0000169 seconds
2017-06-02T18:11:49.221-0100: 106889.016: Total time for which application threads were stopped: 0.0002021 seconds, Stopping threads took: 0.0000346 seconds
2017-06-02T18:11:49.411-0100: 106889.207: Total time for which application threads were stopped: 0.0002256 seconds, Stopping threads took: 0.0000793 seconds
2017-06-02T18:11:49.411-0100: 106889.207: Total time for which application threads were stopped: 0.0001138 seconds, Stopping threads took: 0.0000320 seconds
2017-06-02T18:11:49.412-0100: 106889.207: Total time for which application threads were stopped: 0.0000912 seconds, Stopping threads took: 0.0000225 seconds
2017-06-02T18:11:49.415-0100: 106889.210: Total time for which application threads were stopped: 0.0001404 seconds, Stopping threads took: 0.0000486 seconds
2017-06-02T18:11:49.427-0100: 106889.223: Total time for which application threads were stopped: 0.0001278 seconds, Stopping threads took: 0.0000311 seconds
2017-06-02T18:11:49.437-0100: 106889.233: Total time for which application threads were stopped: 0.0001479 seconds, Stopping threads took: 0.0000553 seconds
2017-06-02T18:11:49.437-0100: 106889.233: Total time for which application threads were stopped: 0.0000694 seconds, Stopping threads took: 0.0000093 seconds
2017-06-02T18:11:49.437-0100: 106889.233: Total time for which application threads were stopped: 0.0000479 seconds, Stopping threads took: 0.0000058 seconds
2017-06-02T18:11:49.437-0100: 106889.233: Total time for which application threads were stopped: 0.0000500 seconds, Stopping threads took: 0.0000079 seconds
2017-06-02T18:11:49.438-0100: 106889.233: Total time for which application threads were stopped: 0.0000539 seconds, Stopping threads took: 0.0000079 seconds
2017-06-02T18:11:49.438-0100: 106889.233: Total time for which application threads were stopped: 0.0000471 seconds, Stopping threads took: 0.0000060 seconds
2017-06-02T18:11:49.438-0100: 106889.233: Total time for which application threads were stopped: 0.0000535 seconds, Stopping threads took: 0.0000071 seconds
2017-06-02T18:11:49.438-0100: 106889.233: Total time for which application threads were stopped: 0.0000477 seconds, Stopping threads took: 0.0000063 seconds
2017-06-02T18:11:49.438-0100: 106889.234: Total time for which application threads were stopped: 0.0000596 seconds, Stopping threads took: 0.0000060 seconds
2017-06-02T18:11:49.438-0100: 106889.234: Total time for which application threads were stopped: 0.0001157 seconds, Stopping threads took: 0.0000056 seconds
2017-06-02T18:11:49.438-0100: 106889.234: Total time for which application threads were stopped: 0.0000562 seconds, Stopping threads took: 0.0000057 seconds
2017-06-02T18:11:49.438-0100: 106889.234: Total time for which application threads were stopped: 0.0000622 seconds, Stopping threads took: 0.0000078 seconds
2017-06-02T18:11:50.438-0100: 106890.234: Total time for which application threads were stopped: 0.0000881 seconds, Stopping threads took: 0.0000191 seconds
2017-06-02T18:11:50.458-0100: 106890.254: Total time for which application threads were stopped: 0.0001537 seconds, Stopping threads took: 0.0000339 seconds
2017-06-02T18:11:50.464-0100: 106890.260: Total time for which application threads were stopped: 0.0001917 seconds, Stopping threads took: 0.0000230 seconds
2017-06-02T18:11:50.464-0100: 106890.260: Total time for which application threads were stopped: 0.0001067 seconds, Stopping threads took: 0.0000122 seconds
2017-06-02T18:11:50.472-0100: 106890.267: Total time for which application threads were stopped: 0.0001027 seconds, Stopping threads took: 0.0000200 seconds
2017-06-02T18:11:50.472-0100: 106890.268: Total time for which application threads were stopped: 0.0000559 seconds, Stopping threads took: 0.0000086 seconds
2017-06-02T18:11:58.494-0100: 106898.290: Total time for which application threads were stopped: 0.0001391 seconds, Stopping threads took: 0.0000190 seconds
2017-06-02T18:11:59.495-0100: 106899.291: Total time for which application threads were stopped: 0.0000896 seconds, Stopping threads took: 0.0000194 seconds
2017-06-02T18:12:04.052-0100: 106903.848: Total time for which application threads were stopped: 0.0001152 seconds, Stopping threads took: 0.0000173 seconds
2017-06-02T18:12:50.473-0100: 106950.268: Total time for which application threads were stopped: 0.0001030 seconds, Stopping threads took: 0.0000174 seconds
2017-06-02T18:19:52.190-0100: 107371.980: Total time for which application threads were stopped: 0.0001353 seconds, Stopping threads took: 0.0000376 seconds
{Heap before GC invocations=430 (full 4):
 par new generation   total 109248K, used 104513K [0x00000007a0000000, 0x00000007a8000000, 0x00000007a8000000)
  eden space 87424K,  99% used [0x00000007a0000000, 0x00000007a555f640, 0x00000007a5560000)
  from space 21824K,  78% used [0x00000007a5560000, 0x00000007a6610ff0, 0x00000007a6ab0000)
  to   space 21824K,   0% used [0x00000007a6ab0000, 0x00000007a6ab0000, 0x00000007a8000000)
 concurrent mark-sweep generation total 393216K, used 117038K [0x00000007a8000000, 0x00000007c0000000, 0x00000007c0000000)
 Metaspace       used 39722K, capacity 40688K, committed 41028K, reserved 1085440K
  class space    used 4326K, capacity 4572K, committed 4708K, reserved 1048576K
2017-06-02T18:19:52.217-0100: 107372.008: [GC (Allocation Failure) 2017-06-02T18:19:52.217-0100: 107372.008: [ParNew
Desired survivor size 20112992 bytes, new threshold 8 (max 8)
- age   1:    2017336 bytes,    2017336 total
- age   2:     996248 bytes,    3013584 total
- age   4:     295232 bytes,    3308816 total
- age   5:    4358992 bytes,    7667808 total
- age   6:    4326088 bytes,   11993896 total
- age   7:    1028696 bytes,   13022592 total
- age   8:     778488 bytes,   13801080 total
: 104513K->16729K(109248K), 0.0052645 secs] 221551K->134518K(502464K), 0.0055871 secs] [Times: user=0.03 sys=0.00, real=0.01 secs] 
Heap after GC invocations=431 (full 4):
 par new generation   total 109248K, used 16729K [0x00000007a0000000, 0x00000007a8000000, 0x00000007a8000000)
  eden space 87424K,   0% used [0x00000007a0000000, 0x00000007a0000000, 0x00000007a5560000)
  from space 21824K,  76% used [0x00000007a6ab0000, 0x00000007a7b064c0, 0x00000007a8000000)
  to   space 21824K,   0% used [0x00000007a5560000, 0x00000007a5560000, 0x00000007a6ab0000)
 concurrent mark-sweep generation total 393216K, used 117789K [0x00000007a8000000, 0x00000007c0000000, 0x00000007c0000000)
 Metaspace       used 39722K, capacity 40688K, committed 41028K, reserved 1085440K
  class space    used 4326K, capacity 4572K, committed 4708K, reserved 1048576K
}
2017-06-02T18:19:52.223-0100: 107372.013: Total time for which application threads were stopped: 0.0058241 seconds, Stopping threads took: 0.0000191 seconds
2017-06-02T18:19:52.223-0100: 107372.014: Total time for which application threads were stopped: 0.0003392 seconds, Stopping threads took: 0.0000659 seconds
2017-06-02T18:19:52.223-0100: 107372.014: Total time for which application threads were stopped: 0.0001234 seconds, Stopping threads took: 0.0000478 seconds
2017-06-02T18:19:52.242-0100: 107372.033: Total time for which application threads were stopped: 0.0007252 seconds, Stopping threads took: 0.0000171 seconds
2017-06-02T18:19:52.308-0100: 107372.099: Total time for which application threads were stopped: 0.0001552 seconds, Stopping threads took: 0.0000191 seconds
2017-06-02T18:19:52.402-0100: 107372.192: Total time for which application threads were stopped: 0.0002415 seconds, Stopping threads took: 0.0000734 seconds
2017-06-02T18:19:52.402-0100: 107372.193: Total time for which application threads were stopped: 0.0000955 seconds, Stopping threads took: 0.0000132 seconds
2017-06-02T18:19:52.402-0100: 107372.193: Total time for which application threads were stopped: 0.0000796 seconds, Stopping threads took: 0.0000107 seconds
2017-06-02T18:19:52.402-0100: 107372.193: Total time for which application threads were stopped: 0.0000725 seconds, Stopping threads took: 0.0000082 seconds
2017-06-02T18:19:52.403-0100: 107372.193: Total time for which application threads were stopped: 0.0000696 seconds, Stopping threads took: 0.0000091 seconds
2017-06-02T18:19:52.403-0100: 107372.193: Total time for which application threads were stopped: 0.0000546 seconds, Stopping threads took: 0.0000084 seconds
2017-06-02T18:19:52.403-0100: 107372.193: Total time for which application threads were stopped: 0.0000513 seconds, Stopping threads took: 0.0000077 seconds
2017-06-02T18:19:52.403-0100: 107372.194: Total time for which application threads were stopped: 0.0000895 seconds, Stopping threads took: 0.0000090 seconds
2017-06-02T18:19:52.403-0100: 107372.194: Total time for which application threads were stopped: 0.0001246 seconds, Stopping threads took: 0.0000598 seconds
2017-06-02T18:19:52.403-0100: 107372.194: Total time for which application threads were stopped: 0.0001115 seconds, Stopping threads took: 0.0000534 seconds
2017-06-02T18:19:52.403-0100: 107372.194: Total time for which application threads were stopped: 0.0000666 seconds, Stopping threads took: 0.0000081 seconds
2017-06-02T18:19:52.409-0100: 107372.200: Total time for which application threads were stopped: 0.0001266 seconds, Stopping threads took: 0.0000314 seconds
2017-06-02T18:19:52.409-0100: 107372.200: Total time for which application threads were stopped: 0.0000961 seconds, Stopping threads took: 0.0000202 seconds
2017-06-02T18:19:52.415-0100: 107372.205: Total time for which application threads were stopped: 0.0001172 seconds, Stopping threads took: 0.0000330 seconds
2017-06-02T18:19:52.415-0100: 107372.205: Total time for which application threads were stopped: 0.0000794 seconds, Stopping threads took: 0.0000204 seconds
2017-06-02T18:19:52.415-0100: 107372.206: Total time for which application threads were stopped: 0.0000879 seconds, Stopping threads took: 0.0000230 seconds
2017-06-02T18:19:52.415-0100: 107372.206: Total time for which application threads were stopped: 0.0000646 seconds, Stopping threads took: 0.0000182 seconds
2017-06-02T18:19:53.441-0100: 107373.232: Total time for which application threads were stopped: 0.0001706 seconds, Stopping threads took: 0.0000311 seconds
2017-06-02T18:19:53.453-0100: 107373.244: Total time for which application threads were stopped: 0.0001540 seconds, Stopping threads took: 0.0000201 seconds
2017-06-02T18:19:53.453-0100: 107373.244: Total time for which application threads were stopped: 0.0001027 seconds, Stopping threads took: 0.0000104 seconds
2017-06-02T18:19:53.462-0100: 107373.252: Total time for which application threads were stopped: 0.0001057 seconds, Stopping threads took: 0.0000213 seconds
2017-06-02T18:19:53.462-0100: 107373.252: Total time for which application threads were stopped: 0.0000664 seconds, Stopping threads took: 0.0000104 seconds
2017-06-02T18:19:56.628-0100: 107376.419: Total time for which application threads were stopped: 0.0001858 seconds, Stopping threads took: 0.0000374 seconds
2017-06-02T18:19:56.628-0100: 107376.419: Total time for which application threads were stopped: 0.0001040 seconds, Stopping threads took: 0.0000233 seconds
2017-06-02T18:19:56.628-0100: 107376.419: Total time for which application threads were stopped: 0.0000970 seconds, Stopping threads took: 0.0000198 seconds
2017-06-02T18:19:56.628-0100: 107376.419: Total time for which application threads were stopped: 0.0001234 seconds, Stopping threads took: 0.0000512 seconds
2017-06-02T18:19:56.629-0100: 107376.419: Total time for which application threads were stopped: 0.0000906 seconds, Stopping threads took: 0.0000236 seconds
2017-06-02T18:19:56.629-0100: 107376.419: Total time for which application threads were stopped: 0.0002439 seconds, Stopping threads took: 0.0000380 seconds
2017-06-02T18:19:56.631-0100: 107376.422: Total time for which application threads were stopped: 0.0008243 seconds, Stopping threads took: 0.0000822 seconds
2017-06-02T18:19:56.632-0100: 107376.423: Total time for which application threads were stopped: 0.0001849 seconds, Stopping threads took: 0.0000344 seconds
2017-06-02T18:19:56.632-0100: 107376.423: Total time for which application threads were stopped: 0.0001118 seconds, Stopping threads took: 0.0000128 seconds
2017-06-02T18:19:56.632-0100: 107376.423: Total time for which application threads were stopped: 0.0001489 seconds, Stopping threads took: 0.0000513 seconds
2017-06-02T18:19:56.633-0100: 107376.423: Total time for which application threads were stopped: 0.0001173 seconds, Stopping threads took: 0.0000220 seconds
2017-06-02T18:19:56.633-0100: 107376.423: Total time for which application threads were stopped: 0.0001253 seconds, Stopping threads took: 0.0000272 seconds
2017-06-02T18:19:56.633-0100: 107376.424: Total time for which application threads were stopped: 0.0001123 seconds, Stopping threads took: 0.0000097 seconds
2017-06-02T18:19:56.633-0100: 107376.424: Total time for which application threads were stopped: 0.0001388 seconds, Stopping threads took: 0.0000402 seconds
2017-06-02T18:19:56.633-0100: 107376.424: Total time for which application threads were stopped: 0.0002088 seconds, Stopping threads took: 0.0001171 seconds
2017-06-02T18:19:56.634-0100: 107376.425: Total time for which application threads were stopped: 0.0001232 seconds, Stopping threads took: 0.0000125 seconds
2017-06-02T18:19:56.634-0100: 107376.425: Total time for which application threads were stopped: 0.0001089 seconds, Stopping threads took: 0.0000149 seconds
2017-06-02T18:19:56.637-0100: 107376.428: Total time for which application threads were stopped: 0.0001649 seconds, Stopping threads took: 0.0000201 seconds
2017-06-02T18:19:56.637-0100: 107376.428: Total time for which application threads were stopped: 0.0000955 seconds, Stopping threads took: 0.0000109 seconds
2017-06-02T18:19:56.639-0100: 107376.430: Total time for which application threads were stopped: 0.0002210 seconds, Stopping threads took: 0.0000346 seconds
2017-06-02T18:19:56.640-0100: 107376.430: Total time for which application threads were stopped: 0.0001087 seconds, Stopping threads took: 0.0000112 seconds
2017-06-02T18:19:56.646-0100: 107376.437: Total time for which application threads were stopped: 0.0001422 seconds, Stopping threads took: 0.0000229 seconds
2017-06-02T18:19:56.646-0100: 107376.437: Total time for which application threads were stopped: 0.0000897 seconds, Stopping threads took: 0.0000099 seconds
2017-06-02T18:19:56.652-0100: 107376.443: Total time for which application threads were stopped: 0.0001394 seconds, Stopping threads took: 0.0000232 seconds
2017-06-02T18:19:56.653-0100: 107376.443: Total time for which application threads were stopped: 0.0000717 seconds, Stopping threads took: 0.0000114 seconds
2017-06-02T18:19:57.980-0100: 107377.770: Total time for which application threads were stopped: 0.0006735 seconds, Stopping threads took: 0.0005089 seconds
2017-06-02T18:19:57.980-0100: 107377.770: Total time for which application threads were stopped: 0.0001513 seconds, Stopping threads took: 0.0000477 seconds
2017-06-02T18:19:57.988-0100: 107377.778: Total time for which application threads were stopped: 0.0001139 seconds, Stopping threads took: 0.0000236 seconds
2017-06-02T18:19:57.988-0100: 107377.778: Total time for which application threads were stopped: 0.0000683 seconds, Stopping threads took: 0.0000103 seconds
2017-06-02T18:20:15.008-0100: 107394.798: Total time for which application threads were stopped: 0.0001025 seconds, Stopping threads took: 0.0000236 seconds
2017-06-02T18:20:28.020-0100: 107407.810: Total time for which application threads were stopped: 0.0000898 seconds, Stopping threads took: 0.0000188 seconds
2017-06-02T18:20:28.473-0100: 107408.263: Total time for which application threads were stopped: 0.0000876 seconds, Stopping threads took: 0.0000175 seconds
2017-06-02T18:20:28.474-0100: 107408.264: Total time for which application threads were stopped: 0.0001016 seconds, Stopping threads took: 0.0000258 seconds
2017-06-02T18:20:28.474-0100: 107408.264: Total time for which application threads were stopped: 0.0000741 seconds, Stopping threads took: 0.0000243 seconds
2017-06-02T18:20:28.474-0100: 107408.264: Total time for which application threads were stopped: 0.0000837 seconds, Stopping threads took: 0.0000201 seconds
2017-06-02T18:20:28.474-0100: 107408.264: Total time for which application threads were stopped: 0.0000723 seconds, Stopping threads took: 0.0000182 seconds
2017-06-02T18:20:28.474-0100: 107408.264: Total time for which application threads were stopped: 0.0000889 seconds, Stopping threads took: 0.0000396 seconds
2017-06-02T18:20:28.474-0100: 107408.265: Total time for which application threads were stopped: 0.0000593 seconds, Stopping threads took: 0.0000204 seconds
2017-06-02T18:20:28.474-0100: 107408.265: Total time for which application threads were stopped: 0.0000655 seconds, Stopping threads took: 0.0000249 seconds
2017-06-02T18:20:28.474-0100: 107408.265: Total time for which application threads were stopped: 0.0000621 seconds, Stopping threads took: 0.0000233 seconds
2017-06-02T18:20:28.475-0100: 107408.265: Total time for which application threads were stopped: 0.0000485 seconds, Stopping threads took: 0.0000132 seconds
2017-06-02T18:20:28.475-0100: 107408.265: Total time for which application threads were stopped: 0.0000538 seconds, Stopping threads took: 0.0000188 seconds
2017-06-02T18:20:28.475-0100: 107408.265: Total time for which application threads were stopped: 0.0000517 seconds, Stopping threads took: 0.0000163 seconds
2017-06-02T18:20:28.475-0100: 107408.265: Total time for which application threads were stopped: 0.0000536 seconds, Stopping threads took: 0.0000186 seconds
2017-06-02T18:20:28.475-0100: 107408.265: Total time for which application threads were stopped: 0.0000579 seconds, Stopping threads took: 0.0000221 seconds
2017-06-02T18:20:42.473-0100: 107422.263: Total time for which application threads were stopped: 0.0000879 seconds, Stopping threads took: 0.0000179 seconds
2017-06-02T18:20:42.473-0100: 107422.263: Total time for which application threads were stopped: 0.0000663 seconds, Stopping threads took: 0.0000102 seconds
2017-06-02T18:20:42.473-0100: 107422.263: Total time for which application threads were stopped: 0.0000483 seconds, Stopping threads took: 0.0000077 seconds
2017-06-02T18:20:42.473-0100: 107422.263: Total time for which application threads were stopped: 0.0000463 seconds, Stopping threads took: 0.0000074 seconds
2017-06-02T18:20:42.473-0100: 107422.264: Total time for which application threads were stopped: 0.0000368 seconds, Stopping threads took: 0.0000056 seconds
2017-06-02T18:20:42.473-0100: 107422.264: Total time for which application threads were stopped: 0.0000358 seconds, Stopping threads took: 0.0000056 seconds
2017-06-02T18:20:42.474-0100: 107422.264: Total time for which application threads were stopped: 0.0000418 seconds, Stopping threads took: 0.0000061 seconds
2017-06-02T18:20:42.474-0100: 107422.264: Total time for which application threads were stopped: 0.0000397 seconds, Stopping threads took: 0.0000059 seconds
2017-06-02T18:20:42.474-0100: 107422.264: Total time for which application threads were stopped: 0.0000388 seconds, Stopping threads took: 0.0000054 seconds
2017-06-02T18:20:42.483-0100: 107422.274: Total time for which application threads were stopped: 0.0000725 seconds, Stopping threads took: 0.0000135 seconds
2017-06-02T18:20:42.484-0100: 107422.274: Total time for which application threads were stopped: 0.0000532 seconds, Stopping threads took: 0.0000079 seconds
2017-06-02T18:20:42.484-0100: 107422.274: Total time for which application threads were stopped: 0.0000537 seconds, Stopping threads took: 0.0000091 seconds
2017-06-02T18:20:42.484-0100: 107422.274: Total time for which application threads were stopped: 0.0000327 seconds, Stopping threads took: 0.0000036 seconds
2017-06-02T18:20:56.642-0100: 107436.432: Total time for which application threads were stopped: 0.0000905 seconds, Stopping threads took: 0.0000175 seconds
2017-06-02T18:20:57.988-0100: 107437.778: Total time for which application threads were stopped: 0.0000849 seconds, Stopping threads took: 0.0000171 seconds
{Heap before GC invocations=431 (full 4):
 par new generation   total 109248K, used 104153K [0x00000007a0000000, 0x00000007a8000000, 0x00000007a8000000)
  eden space 87424K, 100% used [0x00000007a0000000, 0x00000007a5560000, 0x00000007a5560000)
  from space 21824K,  76% used [0x00000007a6ab0000, 0x00000007a7b064c0, 0x00000007a8000000)
  to   space 21824K,   0% used [0x00000007a5560000, 0x00000007a5560000, 0x00000007a6ab0000)
 concurrent mark-sweep generation total 393216K, used 117789K [0x00000007a8000000, 0x00000007c0000000, 0x00000007c0000000)
 Metaspace       used 39755K, capacity 40688K, committed 41028K, reserved 1085440K
  class space    used 4326K, capacity 4572K, committed 4708K, reserved 1048576K
2017-06-02T18:22:05.587-0100: 107505.376: [GC (Allocation Failure) 2017-06-02T18:22:05.587-0100: 107505.376: [ParNew
Desired survivor size 20112992 bytes, new threshold 8 (max 8)
- age   1:    1682288 bytes,    1682288 total
- age   2:    1244088 bytes,    2926376 total
- age   3:     959520 bytes,    3885896 total
- age   5:     295184 bytes,    4181080 total
- age   6:    4358992 bytes,    8540072 total
- age   7:    4326088 bytes,   12866160 total
- age   8:    1028696 bytes,   13894856 total
: 104153K->16858K(109248K), 0.0083114 secs] 221942K->135411K(502464K), 0.0084148 secs] [Times: user=0.03 sys=0.00, real=0.01 secs] 
Heap after GC invocations=432 (full 4):
 par new generation   total 109248K, used 16858K [0x00000007a0000000, 0x00000007a8000000, 0x00000007a8000000)
  eden space 87424K,   0% used [0x00000007a0000000, 0x00000007a0000000, 0x00000007a5560000)
  from space 21824K,  77% used [0x00000007a5560000, 0x00000007a65d6a10, 0x00000007a6ab0000)
  to   space 21824K,   0% used [0x00000007a6ab0000, 0x00000007a6ab0000, 0x00000007a8000000)
 concurrent mark-sweep generation total 393216K, used 118553K [0x00000007a8000000, 0x00000007c0000000, 0x00000007c0000000)
 Metaspace       used 39755K, capacity 40688K, committed 41028K, reserved 1085440K
  class space    used 4326K, capacity 4572K, committed 4708K, reserved 1048576K
}
2017-06-02T18:22:05.595-0100: 107505.385: Total time for which application threads were stopped: 0.0088531 seconds, Stopping threads took: 0.0000294 seconds
2017-06-02T18:22:05.596-0100: 107505.385: Total time for which application threads were stopped: 0.0001865 seconds, Stopping threads took: 0.0000270 seconds
2017-06-02T18:22:05.596-0100: 107505.385: Total time for which application threads were stopped: 0.0001556 seconds, Stopping threads took: 0.0000130 seconds
{Heap before GC invocations=432 (full 4):
 par new generation   total 109248K, used 104282K [0x00000007a0000000, 0x00000007a8000000, 0x00000007a8000000)
  eden space 87424K, 100% used [0x00000007a0000000, 0x00000007a5560000, 0x00000007a5560000)
  from space 21824K,  77% used [0x00000007a5560000, 0x00000007a65d6a10, 0x00000007a6ab0000)
  to   space 21824K,   0% used [0x00000007a6ab0000, 0x00000007a6ab0000, 0x00000007a8000000)
 concurrent mark-sweep generation total 393216K, used 118553K [0x00000007a8000000, 0x00000007c0000000, 0x00000007c0000000)
 Metaspace       used 39757K, capacity 40688K, committed 41028K, reserved 1085440K
  class space    used 4326K, capacity 4572K, committed 4708K, reserved 1048576K
2017-06-02T18:22:05.885-0100: 107505.674: [GC (Allocation Failure) 2017-06-02T18:22:05.885-0100: 107505.674: [ParNew
Desired survivor size 20112992 bytes, new threshold 8 (max 8)
- age   1:    2673104 bytes,    2673104 total
- age   2:    1418304 bytes,    4091408 total
- age   3:     887144 bytes,    4978552 total
- age   4:     478928 bytes,    5457480 total
- age   6:     295184 bytes,    5752664 total
- age   7:    4358992 bytes,   10111656 total
- age   8:    4326088 bytes,   14437744 total
: 104282K->15865K(109248K), 0.0051789 secs] 222835K->135426K(502464K), 0.0052749 secs] [Times: user=0.02 sys=0.00, real=0.01 secs] 
Heap after GC invocations=433 (full 4):
 par new generation   total 109248K, used 15865K [0x00000007a0000000, 0x00000007a8000000, 0x00000007a8000000)
  eden space 87424K,   0% used [0x00000007a0000000, 0x00000007a0000000, 0x00000007a5560000)
  from space 21824K,  72% used [0x00000007a6ab0000, 0x00000007a7a2e520, 0x00000007a8000000)
  to   space 21824K,   0% used [0x00000007a5560000, 0x00000007a5560000, 0x00000007a6ab0000)
 concurrent mark-sweep generation total 393216K, used 119561K [0x00000007a8000000, 0x00000007c0000000, 0x00000007c0000000)
 Metaspace       used 39757K, capacity 40688K, committed 41028K, reserved 1085440K
  class space    used 4326K, capacity 4572K, committed 4708K, reserved 1048576K
}
2017-06-02T18:22:05.891-0100: 107505.680: Total time for which application threads were stopped: 0.0055326 seconds, Stopping threads took: 0.0000226 seconds
{Heap before GC invocations=433 (full 4):
 par new generation   total 109248K, used 103289K [0x00000007a0000000, 0x00000007a8000000, 0x00000007a8000000)
  eden space 87424K, 100% used [0x00000007a0000000, 0x00000007a5560000, 0x00000007a5560000)
  from space 21824K,  72% used [0x00000007a6ab0000, 0x00000007a7a2e520, 0x00000007a8000000)
  to   space 21824K,   0% used [0x00000007a5560000, 0x00000007a5560000, 0x00000007a6ab0000)
 concurrent mark-sweep generation total 393216K, used 119561K [0x00000007a8000000, 0x00000007c0000000, 0x00000007c0000000)
 Metaspace       used 39757K, capacity 40688K, committed 41028K, reserved 1085440K
  class space    used 4326K, capacity 4572K, committed 4708K, reserved 1048576K
2017-06-02T18:22:06.138-0100: 107505.927: [GC (Allocation Failure) 2017-06-02T18:22:06.138-0100: 107505.927: [ParNew
Desired survivor size 20112992 bytes, new threshold 8 (max 8)
- age   1:    3147344 bytes,    3147344 total
- age   2:    1532744 bytes,    4680088 total
- age   3:    1412944 bytes,    6093032 total
- age   4:     887184 bytes,    6980216 total
- age   5:     478928 bytes,    7459144 total
- age   7:     295184 bytes,    7754328 total
- age   8:    4358992 bytes,   12113320 total
: 103289K->18300K(109248K), 0.0051691 secs] 222850K->142091K(502464K), 0.0052389 secs] [Times: user=0.02 sys=0.00, real=0.01 secs] 
Heap after GC invocations=434 (full 4):
 par new generation   total 109248K, used 18300K [0x00000007a0000000, 0x00000007a8000000, 0x00000007a8000000)
  eden space 87424K,   0% used [0x00000007a0000000, 0x00000007a0000000, 0x00000007a5560000)
  from space 21824K,  83% used [0x00000007a5560000, 0x00000007a673f388, 0x00000007a6ab0000)
  to   space 21824K,   0% used [0x00000007a6ab0000, 0x00000007a6ab0000, 0x00000007a8000000)
 concurrent mark-sweep generation total 393216K, used 123790K [0x00000007a8000000, 0x00000007c0000000, 0x00000007c0000000)
 Metaspace       used 39757K, capacity 40688K, committed 41028K, reserved 1085440K
  class space    used 4326K, capacity 4572K, committed 4708K, reserved 1048576K
}
2017-06-02T18:22:06.143-0100: 107505.933: Total time for which application threads were stopped: 0.0054259 seconds, Stopping threads took: 0.0000178 seconds
{Heap before GC invocations=434 (full 4):
 par new generation   total 109248K, used 105724K [0x00000007a0000000, 0x00000007a8000000, 0x00000007a8000000)
  eden space 87424K, 100% used [0x00000007a0000000, 0x00000007a5560000, 0x00000007a5560000)
  from space 21824K,  83% used [0x00000007a5560000, 0x00000007a673f388, 0x00000007a6ab0000)
  to   space 21824K,   0% used [0x00000007a6ab0000, 0x00000007a6ab0000, 0x00000007a8000000)
 concurrent mark-sweep generation total 393216K, used 123790K [0x00000007a8000000, 0x00000007c0000000, 0x00000007c0000000)
 Metaspace       used 39757K, capacity 40688K, committed 41028K, reserved 1085440K
  class space    used 4326K, capacity 4572K, committed 4708K, reserved 1048576K
2017-06-02T18:22:06.330-0100: 107506.120: [GC (Allocation Failure) 2017-06-02T18:22:06.330-0100: 107506.120: [ParNew
Desired survivor size 20112992 bytes, new threshold 8 (max 8)
- age   1:    3946504 bytes,    3946504 total
- age   2:    1440624 bytes,    5387128 total
- age   3:    1319160 bytes,    6706288 total
- age   4:    1478152 bytes,    8184440 total
- age   5:     887144 bytes,    9071584 total
- age   6:     478928 bytes,    9550512 total
- age   8:     295184 bytes,    9845696 total
: 105724K->12914K(109248K), 0.0048206 secs] 229515K->140965K(502464K), 0.0049020 secs] [Times: user=0.02 sys=0.00, real=0.00 secs] 
Heap after GC invocations=435 (full 4):
 par new generation   total 109248K, used 12914K [0x00000007a0000000, 0x00000007a8000000, 0x00000007a8000000)
  eden space 87424K,   0% used [0x00000007a0000000, 0x00000007a0000000, 0x00000007a5560000)
  from space 21824K,  59% used [0x00000007a6ab0000, 0x00000007a774ca00, 0x00000007a8000000)
  to   space 21824K,   0% used [0x00000007a5560000, 0x00000007a5560000, 0x00000007a6ab0000)
 concurrent mark-sweep generation total 393216K, used 128050K [0x00000007a8000000, 0x00000007c0000000, 0x00000007c0000000)
 Metaspace       used 39757K, capacity 40688K, committed 41028K, reserved 1085440K
  class space    used 4326K, capacity 4572K, committed 4708K, reserved 1048576K
}
2017-06-02T18:22:06.335-0100: 107506.125: Total time for which application threads were stopped: 0.0050910 seconds, Stopping threads took: 0.0000178 seconds
{Heap before GC invocations=435 (full 4):
 par new generation   total 109248K, used 100338K [0x00000007a0000000, 0x00000007a8000000, 0x00000007a8000000)
  eden space 87424K, 100% used [0x00000007a0000000, 0x00000007a5560000, 0x00000007a5560000)
  from space 21824K,  59% used [0x00000007a6ab0000, 0x00000007a774ca00, 0x00000007a8000000)
  to   space 21824K,   0% used [0x00000007a5560000, 0x00000007a5560000, 0x00000007a6ab0000)
 concurrent mark-sweep generation total 393216K, used 128050K [0x00000007a8000000, 0x00000007c0000000, 0x00000007c0000000)
 Metaspace       used 39757K, capacity 40688K, committed 41028K, reserved 1085440K
  class space    used 4326K, capacity 4572K, committed 4708K, reserved 1048576K
2017-06-02T18:22:06.515-0100: 107506.304: [GC (Allocation Failure) 2017-06-02T18:22:06.515-0100: 107506.304: [ParNew
Desired survivor size 20112992 bytes, new threshold 8 (max 8)
- age   1:    4103224 bytes,    4103224 total
- age   2:    1897752 bytes,    6000976 total
- age   3:    1276672 bytes,    7277648 total
- age   4:    1317664 bytes,    8595312 total
- age   5:    1412544 bytes,   10007856 total
- age   6:     887144 bytes,   10895000 total
- age   7:     478928 bytes,   11373928 total
: 100338K->14436K(109248K), 0.0044918 secs] 228389K->142776K(502464K), 0.0045574 secs] [Times: user=0.01 sys=0.00, real=0.00 secs] 
Heap after GC invocations=436 (full 4):
 par new generation   total 109248K, used 14436K [0x00000007a0000000, 0x00000007a8000000, 0x00000007a8000000)
  eden space 87424K,   0% used [0x00000007a0000000, 0x00000007a0000000, 0x00000007a5560000)
  from space 21824K,  66% used [0x00000007a5560000, 0x00000007a6379300, 0x00000007a6ab0000)
  to   space 21824K,   0% used [0x00000007a6ab0000, 0x00000007a6ab0000, 0x00000007a8000000)
 concurrent mark-sweep generation total 393216K, used 128340K [0x00000007a8000000, 0x00000007c0000000, 0x00000007c0000000)
 Metaspace       used 39757K, capacity 40688K, committed 41028K, reserved 1085440K
  class space    used 4326K, capacity 4572K, committed 4708K, reserved 1048576K
}
2017-06-02T18:22:06.519-0100: 107506.308: Total time for which application threads were stopped: 0.0047278 seconds, Stopping threads took: 0.0000195 seconds
{Heap before GC invocations=436 (full 4):
 par new generation   total 109248K, used 101860K [0x00000007a0000000, 0x00000007a8000000, 0x00000007a8000000)
  eden space 87424K, 100% used [0x00000007a0000000, 0x00000007a5560000, 0x00000007a5560000)
  from space 21824K,  66% used [0x00000007a5560000, 0x00000007a6379300, 0x00000007a6ab0000)
  to   space 21824K,   0% used [0x00000007a6ab0000, 0x00000007a6ab0000, 0x00000007a8000000)
 concurrent mark-sweep generation total 393216K, used 128340K [0x00000007a8000000, 0x00000007c0000000, 0x00000007c0000000)
 Metaspace       used 39757K, capacity 40688K, committed 41028K, reserved 1085440K
  class space    used 4326K, capacity 4572K, committed 4708K, reserved 1048576K
2017-06-02T18:22:06.685-0100: 107506.474: [GC (Allocation Failure) 2017-06-02T18:22:06.685-0100: 107506.474: [ParNew
Desired survivor size 20112992 bytes, new threshold 8 (max 8)
- age   1:    4422560 bytes,    4422560 total
- age   2:    1611672 bytes,    6034232 total
- age   3:    1700152 bytes,    7734384 total
- age   4:    1277152 bytes,    9011536 total
- age   5:    1351672 bytes,   10363208 total
- age   6:    1412624 bytes,   11775832 total
- age   7:     887144 bytes,   12662976 total
- age   8:     478928 bytes,   13141904 total
: 101860K->14762K(109248K), 0.0044422 secs] 230200K->143103K(502464K), 0.0045249 secs] [Times: user=0.02 sys=0.00, real=0.00 secs] 
Heap after GC invocations=437 (full 4):
 par new generation   total 109248K, used 14762K [0x00000007a0000000, 0x00000007a8000000, 0x00000007a8000000)
  eden space 87424K,   0% used [0x00000007a0000000, 0x00000007a0000000, 0x00000007a5560000)
  from space 21824K,  67% used [0x00000007a6ab0000, 0x00000007a791ab70, 0x00000007a8000000)
  to   space 21824K,   0% used [0x00000007a5560000, 0x00000007a5560000, 0x00000007a6ab0000)
 concurrent mark-sweep generation total 393216K, used 128340K [0x00000007a8000000, 0x00000007c0000000, 0x00000007c0000000)
 Metaspace       used 39757K, capacity 40688K, committed 41028K, reserved 1085440K
  class space    used 4326K, capacity 4572K, committed 4708K, reserved 1048576K
}
2017-06-02T18:22:06.689-0100: 107506.478: Total time for which application threads were stopped: 0.0047117 seconds, Stopping threads took: 0.0000182 seconds
{Heap before GC invocations=437 (full 4):
 par new generation   total 109248K, used 102186K [0x00000007a0000000, 0x00000007a8000000, 0x00000007a8000000)
  eden space 87424K, 100% used [0x00000007a0000000, 0x00000007a5560000, 0x00000007a5560000)
  from space 21824K,  67% used [0x00000007a6ab0000, 0x00000007a791ab70, 0x00000007a8000000)
  to   space 21824K,   0% used [0x00000007a5560000, 0x00000007a5560000, 0x00000007a6ab0000)
 concurrent mark-sweep generation total 393216K, used 128340K [0x00000007a8000000, 0x00000007c0000000, 0x00000007c0000000)
 Metaspace       used 39757K, capacity 40688K, committed 41028K, reserved 1085440K
  class space    used 4326K, capacity 4572K, committed 4708K, reserved 1048576K
2017-06-02T18:22:06.877-0100: 107506.666: [GC (Allocation Failure) 2017-06-02T18:22:06.877-0100: 107506.666: [ParNew
Desired survivor size 20112992 bytes, new threshold 8 (max 8)
- age   1:    4604448 bytes,    4604448 total
- age   2:    1491832 bytes,    6096280 total
- age   3:    1535384 bytes,    7631664 total
- age   4:    1649512 bytes,    9281176 total
- age   5:    1276336 bytes,   10557512 total
- age   6:    1317384 bytes,   11874896 total
- age   7:    1412424 bytes,   13287320 total
- age   8:     887144 bytes,   14174464 total
: 102186K->21824K(109248K), 0.0077503 secs] 230527K->150634K(502464K), 0.0078114 secs] [Times: user=0.02 sys=0.00, real=0.01 secs] 
Heap after GC invocations=438 (full 4):
 par new generation   total 109248K, used 21824K [0x00000007a0000000, 0x00000007a8000000, 0x00000007a8000000)
  eden space 87424K,   0% used [0x00000007a0000000, 0x00000007a0000000, 0x00000007a5560000)
  from space 21824K, 100% used [0x00000007a5560000, 0x00000007a6ab0000, 0x00000007a6ab0000)
  to   space 21824K,   0% used [0x00000007a6ab0000, 0x00000007a6ab0000, 0x00000007a8000000)
 concurrent mark-sweep generation total 393216K, used 128810K [0x00000007a8000000, 0x00000007c0000000, 0x00000007c0000000)
 Metaspace       used 39757K, capacity 40688K, committed 41028K, reserved 1085440K
  class space    used 4326K, capacity 4572K, committed 4708K, reserved 1048576K
}
2017-06-02T18:22:06.885-0100: 107506.674: Total time for which application threads were stopped: 0.0080053 seconds, Stopping threads took: 0.0000215 seconds
{Heap before GC invocations=438 (full 4):
 par new generation   total 109248K, used 109248K [0x00000007a0000000, 0x00000007a8000000, 0x00000007a8000000)
  eden space 87424K, 100% used [0x00000007a0000000, 0x00000007a5560000, 0x00000007a5560000)
  from space 21824K, 100% used [0x00000007a5560000, 0x00000007a6ab0000, 0x00000007a6ab0000)
  to   space 21824K,   0% used [0x00000007a6ab0000, 0x00000007a6ab0000, 0x00000007a8000000)
 concurrent mark-sweep generation total 393216K, used 128810K [0x00000007a8000000, 0x00000007c0000000, 0x00000007c0000000)
 Metaspace       used 39757K, capacity 40688K, committed 41028K, reserved 1085440K
  class space    used 4326K, capacity 4572K, committed 4708K, reserved 1048576K
2017-06-02T18:22:07.069-0100: 107506.859: [GC (Allocation Failure) 2017-06-02T18:22:07.069-0100: 107506.859: [ParNew
Desired survivor size 20112992 bytes, new threshold 8 (max 8)
- age   1:    5304744 bytes,    5304744 total
- age   2:    1806640 bytes,    7111384 total
- age   3:    1488520 bytes,    8599904 total
- age   4:    1535384 bytes,   10135288 total
- age   5:    1190680 bytes,   11325968 total
- age   6:    1276336 bytes,   12602304 total
- age   7:    1317384 bytes,   13919688 total
- age   8:    1412424 bytes,   15332112 total
: 109248K->18839K(109248K), 0.0084768 secs] 238058K->148520K(502464K), 0.0085508 secs] [Times: user=0.01 sys=0.01, real=0.01 secs] 
Heap after GC invocations=439 (full 4):
 par new generation   total 109248K, used 18839K [0x00000007a0000000, 0x00000007a8000000, 0x00000007a8000000)
  eden space 87424K,   0% used [0x00000007a0000000, 0x00000007a0000000, 0x00000007a5560000)
  from space 21824K,  86% used [0x00000007a6ab0000, 0x00000007a7d15e10, 0x00000007a8000000)
  to   space 21824K,   0% used [0x00000007a5560000, 0x00000007a5560000, 0x00000007a6ab0000)
 concurrent mark-sweep generation total 393216K, used 129680K [0x00000007a8000000, 0x00000007c0000000, 0x00000007c0000000)
 Metaspace       used 39757K, capacity 40688K, committed 41028K, reserved 1085440K
  class space    used 4326K, capacity 4572K, committed 4708K, reserved 1048576K
}
2017-06-02T18:22:07.078-0100: 107506.867: Total time for which application threads were stopped: 0.0087359 seconds, Stopping threads took: 0.0000191 seconds
{Heap before GC invocations=439 (full 4):
 par new generation   total 109248K, used 106263K [0x00000007a0000000, 0x00000007a8000000, 0x00000007a8000000)
  eden space 87424K, 100% used [0x00000007a0000000, 0x00000007a5560000, 0x00000007a5560000)
  from space 21824K,  86% used [0x00000007a6ab0000, 0x00000007a7d15e10, 0x00000007a8000000)
  to   space 21824K,   0% used [0x00000007a5560000, 0x00000007a5560000, 0x00000007a6ab0000)
 concurrent mark-sweep generation total 393216K, used 129680K [0x00000007a8000000, 0x00000007c0000000, 0x00000007c0000000)
 Metaspace       used 39757K, capacity 40688K, committed 41028K, reserved 1085440K
  class space    used 4326K, capacity 4572K, committed 4708K, reserved 1048576K
2017-06-02T18:22:07.242-0100: 107507.031: [GC (Allocation Failure) 2017-06-02T18:22:07.242-0100: 107507.031: [ParNew
Desired survivor size 20112992 bytes, new threshold 8 (max 8)
- age   1:    5331392 bytes,    5331392 total
- age   2:    2046984 bytes,    7378376 total
- age   3:    1318048 bytes,    8696424 total
- age   4:    1489144 bytes,   10185568 total
- age   5:    1536224 bytes,   11721792 total
- age   6:    1158712 bytes,   12880504 total
- age   7:    1276816 bytes,   14157320 total
- age   8:    1317984 bytes,   15475304 total
: 106263K->21824K(109248K), 0.0047280 secs] 235944K->152894K(502464K), 0.0047897 secs] [Times: user=0.02 sys=0.00, real=0.00 secs] 
Heap after GC invocations=440 (full 4):
 par new generation   total 109248K, used 21824K [0x00000007a0000000, 0x00000007a8000000, 0x00000007a8000000)
  eden space 87424K,   0% used [0x00000007a0000000, 0x00000007a0000000, 0x00000007a5560000)
  from space 21824K, 100% used [0x00000007a5560000, 0x00000007a6ab0000, 0x00000007a6ab0000)
  to   space 21824K,   0% used [0x00000007a6ab0000, 0x00000007a6ab0000, 0x00000007a8000000)
 concurrent mark-sweep generation total 393216K, used 131070K [0x00000007a8000000, 0x00000007c0000000, 0x00000007c0000000)
 Metaspace       used 39757K, capacity 40688K, committed 41028K, reserved 1085440K
  class space    used 4326K, capacity 4572K, committed 4708K, reserved 1048576K
}
2017-06-02T18:22:07.247-0100: 107507.036: Total time for which application threads were stopped: 0.0049680 seconds, Stopping threads took: 0.0000178 seconds
{Heap before GC invocations=440 (full 4):
 par new generation   total 109248K, used 109248K [0x00000007a0000000, 0x00000007a8000000, 0x00000007a8000000)
  eden space 87424K, 100% used [0x00000007a0000000, 0x00000007a5560000, 0x00000007a5560000)
  from space 21824K, 100% used [0x00000007a5560000, 0x00000007a6ab0000, 0x00000007a6ab0000)
  to   space 21824K,   0% used [0x00000007a6ab0000, 0x00000007a6ab0000, 0x00000007a8000000)
 concurrent mark-sweep generation total 393216K, used 131070K [0x00000007a8000000, 0x00000007c0000000, 0x00000007c0000000)
 Metaspace       used 39757K, capacity 40688K, committed 41028K, reserved 1085440K
  class space    used 4326K, capacity 4572K, committed 4708K, reserved 1048576K
2017-06-02T18:22:07.419-0100: 107507.208: [GC (Allocation Failure) 2017-06-02T18:22:07.419-0100: 107507.208: [ParNew
Desired survivor size 20112992 bytes, new threshold 8 (max 8)
- age   1:    5118088 bytes,    5118088 total
- age   2:    2412128 bytes,    7530216 total
- age   3:    2046432 bytes,    9576648 total
- age   4:    1235384 bytes,   10812032 total
- age   5:    1488352 bytes,   12300384 total
- age   6:    1207408 bytes,   13507792 total
- age   7:    1157704 bytes,   14665496 total
- age   8:    1276336 bytes,   15941832 total
: 109248K->19824K(109248K), 0.0048561 secs] 240318K->152191K(502464K), 0.0049303 secs] [Times: user=0.01 sys=0.00, real=0.01 secs] 
Heap after GC invocations=441 (full 4):
 par new generation   total 109248K, used 19824K [0x00000007a0000000, 0x00000007a8000000, 0x00000007a8000000)
  eden space 87424K,   0% used [0x00000007a0000000, 0x00000007a0000000, 0x00000007a5560000)
  from space 21824K,  90% used [0x00000007a6ab0000, 0x00000007a7e0c3d8, 0x00000007a8000000)
  to   space 21824K,   0% used [0x00000007a5560000, 0x00000007a5560000, 0x00000007a6ab0000)
 concurrent mark-sweep generation total 393216K, used 132366K [0x00000007a8000000, 0x00000007c0000000, 0x00000007c0000000)
 Metaspace       used 39757K, capacity 40688K, committed 41028K, reserved 1085440K
  class space    used 4326K, capacity 4572K, committed 4708K, reserved 1048576K
}
2017-06-02T18:22:07.424-0100: 107507.213: Total time for which application threads were stopped: 0.0051089 seconds, Stopping threads took: 0.0000176 seconds
{Heap before GC invocations=441 (full 4):
 par new generation   total 109248K, used 107248K [0x00000007a0000000, 0x00000007a8000000, 0x00000007a8000000)
  eden space 87424K, 100% used [0x00000007a0000000, 0x00000007a5560000, 0x00000007a5560000)
  from space 21824K,  90% used [0x00000007a6ab0000, 0x00000007a7e0c3d8, 0x00000007a8000000)
  to   space 21824K,   0% used [0x00000007a5560000, 0x00000007a5560000, 0x00000007a6ab0000)
 concurrent mark-sweep generation total 393216K, used 132366K [0x00000007a8000000, 0x00000007c0000000, 0x00000007c0000000)
 Metaspace       used 39757K, capacity 40688K, committed 41028K, reserved 1085440K
  class space    used 4326K, capacity 4572K, committed 4708K, reserved 1048576K
2017-06-02T18:22:07.635-0100: 107507.425: [GC (Allocation Failure) 2017-06-02T18:22:07.635-0100: 107507.425: [ParNew
Desired survivor size 20112992 bytes, new threshold 8 (max 8)
- age   1:    4407936 bytes,    4407936 total
- age   2:    3378840 bytes,    7786776 total
- age   3:    1177640 bytes,    8964416 total
- age   4:    2041480 bytes,   11005896 total
- age   5:    1234944 bytes,   12240840 total
- age   6:    1488352 bytes,   13729192 total
- age   7:    1205608 bytes,   14934800 total
- age   8:    1157704 bytes,   16092504 total
: 107248K->20818K(109248K), 0.0046572 secs] 239615K->154424K(502464K), 0.0047285 secs] [Times: user=0.02 sys=0.00, real=0.01 secs] 
Heap after GC invocations=442 (full 4):
 par new generation   total 109248K, used 20818K [0x00000007a0000000, 0x00000007a8000000, 0x00000007a8000000)
  eden space 87424K,   0% used [0x00000007a0000000, 0x00000007a0000000, 0x00000007a5560000)
  from space 21824K,  95% used [0x00000007a5560000, 0x00000007a69b49a0, 0x00000007a6ab0000)
  to   space 21824K,   0% used [0x00000007a6ab0000, 0x00000007a6ab0000, 0x00000007a8000000)
 concurrent mark-sweep generation total 393216K, used 133605K [0x00000007a8000000, 0x00000007c0000000, 0x00000007c0000000)
 Metaspace       used 39757K, capacity 40688K, committed 41028K, reserved 1085440K
  class space    used 4326K, capacity 4572K, committed 4708K, reserved 1048576K
}
2017-06-02T18:22:07.640-0100: 107507.429: Total time for which application threads were stopped: 0.0049472 seconds, Stopping threads took: 0.0000283 seconds
{Heap before GC invocations=442 (full 4):
 par new generation   total 109248K, used 108242K [0x00000007a0000000, 0x00000007a8000000, 0x00000007a8000000)
  eden space 87424K, 100% used [0x00000007a0000000, 0x00000007a5560000, 0x00000007a5560000)
  from space 21824K,  95% used [0x00000007a5560000, 0x00000007a69b49a0, 0x00000007a6ab0000)
  to   space 21824K,   0% used [0x00000007a6ab0000, 0x00000007a6ab0000, 0x00000007a8000000)
 concurrent mark-sweep generation total 393216K, used 133605K [0x00000007a8000000, 0x00000007c0000000, 0x00000007c0000000)
 Metaspace       used 39757K, capacity 40688K, committed 41028K, reserved 1085440K
  class space    used 4326K, capacity 4572K, committed 4708K, reserved 1048576K
2017-06-02T18:22:07.816-0100: 107507.606: [GC (Allocation Failure) 2017-06-02T18:22:07.816-0100: 107507.606: [ParNew
Desired survivor size 20112992 bytes, new threshold 8 (max 8)
- age   1:    6763000 bytes,    6763000 total
- age   2:    1593152 bytes,    8356152 total
- age   3:    1836296 bytes,   10192448 total
- age   4:    1133944 bytes,   11326392 total
- age   5:    2041480 bytes,   13367872 total
- age   6:    1136592 bytes,   14504464 total
- age   7:    1226192 bytes,   15730656 total
- age   8:    1205160 bytes,   16935816 total
: 108242K->18726K(109248K), 0.0049933 secs] 241848K->153471K(502464K), 0.0050600 secs] [Times: user=0.02 sys=0.01, real=0.01 secs] 
Heap after GC invocations=443 (full 4):
 par new generation   total 109248K, used 18726K [0x00000007a0000000, 0x00000007a8000000, 0x00000007a8000000)
  eden space 87424K,   0% used [0x00000007a0000000, 0x00000007a0000000, 0x00000007a5560000)
  from space 21824K,  85% used [0x00000007a6ab0000, 0x00000007a7cf9800, 0x00000007a8000000)
  to   space 21824K,   0% used [0x00000007a5560000, 0x00000007a5560000, 0x00000007a6ab0000)
 concurrent mark-sweep generation total 393216K, used 134745K [0x00000007a8000000, 0x00000007c0000000, 0x00000007c0000000)
 Metaspace       used 39757K, capacity 40688K, committed 41028K, reserved 1085440K
  class space    used 4326K, capacity 4572K, committed 4708K, reserved 1048576K
}
2017-06-02T18:22:07.821-0100: 107507.611: Total time for which application threads were stopped: 0.0052496 seconds, Stopping threads took: 0.0000181 seconds
{Heap before GC invocations=443 (full 4):
 par new generation   total 109248K, used 106150K [0x00000007a0000000, 0x00000007a8000000, 0x00000007a8000000)
  eden space 87424K, 100% used [0x00000007a0000000, 0x00000007a5560000, 0x00000007a5560000)
  from space 21824K,  85% used [0x00000007a6ab0000, 0x00000007a7cf9800, 0x00000007a8000000)
  to   space 21824K,   0% used [0x00000007a5560000, 0x00000007a5560000, 0x00000007a6ab0000)
 concurrent mark-sweep generation total 393216K, used 134745K [0x00000007a8000000, 0x00000007c0000000, 0x00000007c0000000)
 Metaspace       used 39757K, capacity 40688K, committed 41028K, reserved 1085440K
  class space    used 4326K, capacity 4572K, committed 4708K, reserved 1048576K
2017-06-02T18:22:08.014-0100: 107507.803: [GC (Allocation Failure) 2017-06-02T18:22:08.014-0100: 107507.803: [ParNew
Desired survivor size 20112992 bytes, new threshold 8 (max 8)
- age   1:    2528448 bytes,    2528448 total
- age   2:    6103136 bytes,    8631584 total
- age   3:    1109824 bytes,    9741408 total
- age   4:    1830472 bytes,   11571880 total
- age   5:    1127976 bytes,   12699856 total
- age   6:    2036944 bytes,   14736800 total
- age   7:    1131808 bytes,   15868608 total
- age   8:    1155088 bytes,   17023696 total
: 106150K->21824K(109248K), 0.0053089 secs] 240895K->157799K(502464K), 0.0053854 secs] [Times: user=0.02 sys=0.00, real=0.00 secs] 
Heap after GC invocations=444 (full 4):
 par new generation   total 109248K, used 21824K [0x00000007a0000000, 0x00000007a8000000, 0x00000007a8000000)
  eden space 87424K,   0% used [0x00000007a0000000, 0x00000007a0000000, 0x00000007a5560000)
  from space 21824K, 100% used [0x00000007a5560000, 0x00000007a6ab0000, 0x00000007a6ab0000)
  to   space 21824K,   0% used [0x00000007a6ab0000, 0x00000007a6ab0000, 0x00000007a8000000)
 concurrent mark-sweep generation total 393216K, used 135975K [0x00000007a8000000, 0x00000007c0000000, 0x00000007c0000000)
 Metaspace       used 39757K, capacity 40688K, committed 41028K, reserved 1085440K
  class space    used 4326K, capacity 4572K, committed 4708K, reserved 1048576K
}
2017-06-02T18:22:08.019-0100: 107507.808: Total time for which application threads were stopped: 0.0055864 seconds, Stopping threads took: 0.0000218 seconds
{Heap before GC invocations=444 (full 4):
 par new generation   total 109248K, used 109248K [0x00000007a0000000, 0x00000007a8000000, 0x00000007a8000000)
  eden space 87424K, 100% used [0x00000007a0000000, 0x00000007a5560000, 0x00000007a5560000)
  from space 21824K, 100% used [0x00000007a5560000, 0x00000007a6ab0000, 0x00000007a6ab0000)
  to   space 21824K,   0% used [0x00000007a6ab0000, 0x00000007a6ab0000, 0x00000007a8000000)
 concurrent mark-sweep generation total 393216K, used 135975K [0x00000007a8000000, 0x00000007c0000000, 0x00000007c0000000)
 Metaspace       used 39757K, capacity 40688K, committed 41028K, reserved 1085440K
  class space    used 4326K, capacity 4572K, committed 4708K, reserved 1048576K
2017-06-02T18:22:08.205-0100: 107507.994: [GC (Allocation Failure) 2017-06-02T18:22:08.205-0100: 107507.994: [ParNew
Desired survivor size 20112992 bytes, new threshold 8 (max 8)
- age   1:    5491328 bytes,    5491328 total
- age   2:    2417424 bytes,    7908752 total
- age   3:    2214832 bytes,   10123584 total
- age   4:    1109824 bytes,   11233408 total
- age   5:    1825520 bytes,   13058928 total
- age   6:    1127976 bytes,   14186904 total
- age   7:    2036944 bytes,   16223848 total
- age   8:    1131808 bytes,   17355656 total
: 109248K->21824K(109248K), 0.0049133 secs] 245223K->158936K(502464K), 0.0049761 secs] [Times: user=0.02 sys=0.00, real=0.01 secs] 
Heap after GC invocations=445 (full 4):
 par new generation   total 109248K, used 21824K [0x00000007a0000000, 0x00000007a8000000, 0x00000007a8000000)
  eden space 87424K,   0% used [0x00000007a0000000, 0x00000007a0000000, 0x00000007a5560000)
  from space 21824K, 100% used [0x00000007a6ab0000, 0x00000007a8000000, 0x00000007a8000000)
  to   space 21824K,   0% used [0x00000007a5560000, 0x00000007a5560000, 0x00000007a6ab0000)
 concurrent mark-sweep generation total 393216K, used 137112K [0x00000007a8000000, 0x00000007c0000000, 0x00000007c0000000)
 Metaspace       used 39757K, capacity 40688K, committed 41028K, reserved 1085440K
  class space    used 4326K, capacity 4572K, committed 4708K, reserved 1048576K
}
2017-06-02T18:22:08.210-0100: 107507.999: Total time for which application threads were stopped: 0.0051577 seconds, Stopping threads took: 0.0000178 seconds
{Heap before GC invocations=445 (full 4):
 par new generation   total 109248K, used 109248K [0x00000007a0000000, 0x00000007a8000000, 0x00000007a8000000)
  eden space 87424K, 100% used [0x00000007a0000000, 0x00000007a5560000, 0x00000007a5560000)
  from space 21824K, 100% used [0x00000007a6ab0000, 0x00000007a8000000, 0x00000007a8000000)
  to   space 21824K,   0% used [0x00000007a5560000, 0x00000007a5560000, 0x00000007a6ab0000)
 concurrent mark-sweep generation total 393216K, used 137112K [0x00000007a8000000, 0x00000007c0000000, 0x00000007c0000000)
 Metaspace       used 39757K, capacity 40688K, committed 41028K, reserved 1085440K
  class space    used 4326K, capacity 4572K, committed 4708K, reserved 1048576K
2017-06-02T18:22:08.392-0100: 107508.181: [GC (Allocation Failure) 2017-06-02T18:22:08.392-0100: 107508.181: [ParNew
Desired survivor size 20112992 bytes, new threshold 8 (max 8)
- age   1:    4972360 bytes,    4972360 total
- age   2:    4256264 bytes,    9228624 total
- age   3:    1224104 bytes,   10452728 total
- age   4:    1799408 bytes,   12252136 total
- age   5:    1103296 bytes,   13355432 total
- age   6:    1730024 bytes,   15085456 total
- age   7:    1119328 bytes,   16204784 total
- age   8:    1768312 bytes,   17973096 total
: 109248K->21824K(109248K), 0.0051192 secs] 246360K->160113K(502464K), 0.0051882 secs] [Times: user=0.02 sys=0.00, real=0.00 secs] 
Heap after GC invocations=446 (full 4):
 par new generation   total 109248K, used 21824K [0x00000007a0000000, 0x00000007a8000000, 0x00000007a8000000)
  eden space 87424K,   0% used [0x00000007a0000000, 0x00000007a0000000, 0x00000007a5560000)
  from space 21824K, 100% used [0x00000007a5560000, 0x00000007a6ab0000, 0x00000007a6ab0000)
  to   space 21824K,   0% used [0x00000007a6ab0000, 0x00000007a6ab0000, 0x00000007a8000000)
 concurrent mark-sweep generation total 393216K, used 138289K [0x00000007a8000000, 0x00000007c0000000, 0x00000007c0000000)
 Metaspace       used 39757K, capacity 40688K, committed 41028K, reserved 1085440K
  class space    used 4326K, capacity 4572K, committed 4708K, reserved 1048576K
}
2017-06-02T18:22:08.397-0100: 107508.186: Total time for which application threads were stopped: 0.0053874 seconds, Stopping threads took: 0.0000330 seconds
{Heap before GC invocations=446 (full 4):
 par new generation   total 109248K, used 109248K [0x00000007a0000000, 0x00000007a8000000, 0x00000007a8000000)
  eden space 87424K, 100% used [0x00000007a0000000, 0x00000007a5560000, 0x00000007a5560000)
  from space 21824K, 100% used [0x00000007a5560000, 0x00000007a6ab0000, 0x00000007a6ab0000)
  to   space 21824K,   0% used [0x00000007a6ab0000, 0x00000007a6ab0000, 0x00000007a8000000)
 concurrent mark-sweep generation total 393216K, used 138289K [0x00000007a8000000, 0x00000007c0000000, 0x00000007c0000000)
 Metaspace       used 39757K, capacity 40688K, committed 41028K, reserved 1085440K
  class space    used 4326K, capacity 4572K, committed 4708K, reserved 1048576K
2017-06-02T18:22:08.577-0100: 107508.367: [GC (Allocation Failure) 2017-06-02T18:22:08.577-0100: 107508.367: [ParNew
Desired survivor size 20112992 bytes, new threshold 8 (max 8)
- age   1:    3837720 bytes,    3837720 total
- age   2:    3501624 bytes,    7339344 total
- age   3:    1645224 bytes,    8984568 total
- age   4:    1114608 bytes,   10099176 total
- age   5:    1723376 bytes,   11822552 total
- age   6:     986688 bytes,   12809240 total
- age   7:    1718472 bytes,   14527712 total
- age   8:    1108920 bytes,   15636632 total
: 109248K->21824K(109248K), 0.0054107 secs] 247537K->163996K(502464K), 0.0054675 secs] [Times: user=0.01 sys=0.00, real=0.01 secs] 
Heap after GC invocations=447 (full 4):
 par new generation   total 109248K, used 21824K [0x00000007a0000000, 0x00000007a8000000, 0x00000007a8000000)
  eden space 87424K,   0% used [0x00000007a0000000, 0x00000007a0000000, 0x00000007a5560000)
  from space 21824K, 100% used [0x00000007a6ab0000, 0x00000007a8000000, 0x00000007a8000000)
  to   space 21824K,   0% used [0x00000007a5560000, 0x00000007a5560000, 0x00000007a6ab0000)
 concurrent mark-sweep generation total 393216K, used 142172K [0x00000007a8000000, 0x00000007c0000000, 0x00000007c0000000)
 Metaspace       used 39757K, capacity 40688K, committed 41028K, reserved 1085440K
  class space    used 4326K, capacity 4572K, committed 4708K, reserved 1048576K
}
2017-06-02T18:22:08.583-0100: 107508.372: Total time for which application threads were stopped: 0.0056367 seconds, Stopping threads took: 0.0000178 seconds
{Heap before GC invocations=447 (full 4):
 par new generation   total 109248K, used 109248K [0x00000007a0000000, 0x00000007a8000000, 0x00000007a8000000)
  eden space 87424K, 100% used [0x00000007a0000000, 0x00000007a5560000, 0x00000007a5560000)
  from space 21824K, 100% used [0x00000007a6ab0000, 0x00000007a8000000, 0x00000007a8000000)
  to   space 21824K,   0% used [0x00000007a5560000, 0x00000007a5560000, 0x00000007a6ab0000)
 concurrent mark-sweep generation total 393216K, used 142172K [0x00000007a8000000, 0x00000007c0000000, 0x00000007c0000000)
 Metaspace       used 39757K, capacity 40688K, committed 41028K, reserved 1085440K
  class space    used 4326K, capacity 4572K, committed 4708K, reserved 1048576K
2017-06-02T18:22:08.787-0100: 107508.576: [GC (Allocation Failure) 2017-06-02T18:22:08.787-0100: 107508.576: [ParNew
Desired survivor size 20112992 bytes, new threshold 8 (max 8)
- age   1:    4721880 bytes,    4721880 total
- age   2:    3771448 bytes,    8493328 total
- age   3:    2178560 bytes,   10671888 total
- age   4:     927600 bytes,   11599488 total
- age   5:    1114608 bytes,   12714096 total
- age   6:    1723400 bytes,   14437496 total
- age   7:     986688 bytes,   15424184 total
- age   8:    1718496 bytes,   17142680 total
: 109248K->21824K(109248K), 0.0052926 secs] 251420K->165087K(502464K), 0.0053679 secs] [Times: user=0.02 sys=0.00, real=0.01 secs] 
Heap after GC invocations=448 (full 4):
 par new generation   total 109248K, used 21824K [0x00000007a0000000, 0x00000007a8000000, 0x00000007a8000000)
  eden space 87424K,   0% used [0x00000007a0000000, 0x00000007a0000000, 0x00000007a5560000)
  from space 21824K, 100% used [0x00000007a5560000, 0x00000007a6ab0000, 0x00000007a6ab0000)
  to   space 21824K,   0% used [0x00000007a6ab0000, 0x00000007a6ab0000, 0x00000007a8000000)
 concurrent mark-sweep generation total 393216K, used 143263K [0x00000007a8000000, 0x00000007c0000000, 0x00000007c0000000)
 Metaspace       used 39757K, capacity 40688K, committed 41028K, reserved 1085440K
  class space    used 4326K, capacity 4572K, committed 4708K, reserved 1048576K
}
2017-06-02T18:22:08.792-0100: 107508.581: Total time for which application threads were stopped: 0.0055882 seconds, Stopping threads took: 0.0000181 seconds
{Heap before GC invocations=448 (full 4):
 par new generation   total 109248K, used 109248K [0x00000007a0000000, 0x00000007a8000000, 0x00000007a8000000)
  eden space 87424K, 100% used [0x00000007a0000000, 0x00000007a5560000, 0x00000007a5560000)
  from space 21824K, 100% used [0x00000007a5560000, 0x00000007a6ab0000, 0x00000007a6ab0000)
  to   space 21824K,   0% used [0x00000007a6ab0000, 0x00000007a6ab0000, 0x00000007a8000000)
 concurrent mark-sweep generation total 393216K, used 143263K [0x00000007a8000000, 0x00000007c0000000, 0x00000007c0000000)
 Metaspace       used 39757K, capacity 40688K, committed 41028K, reserved 1085440K
  class space    used 4326K, capacity 4572K, committed 4708K, reserved 1048576K
2017-06-02T18:22:08.965-0100: 107508.754: [GC (Allocation Failure) 2017-06-02T18:22:08.965-0100: 107508.754: [ParNew
Desired survivor size 20112992 bytes, new threshold 8 (max 8)
- age   1:    4806736 bytes,    4806736 total
- age   2:    4614896 bytes,    9421632 total
- age   3:    1742424 bytes,   11164056 total
- age   4:    1693384 bytes,   12857440 total
- age   5:     927600 bytes,   13785040 total
- age   6:    1114608 bytes,   14899648 total
- age   7:    1722496 bytes,   16622144 total
- age   8:     986688 bytes,   17608832 total
: 109248K->21824K(109248K), 0.0052566 secs] 252511K->166774K(502464K), 0.0053210 secs] [Times: user=0.02 sys=0.00, real=0.01 secs] 
Heap after GC invocations=449 (full 4):
 par new generation   total 109248K, used 21824K [0x00000007a0000000, 0x00000007a8000000, 0x00000007a8000000)
  eden space 87424K,   0% used [0x00000007a0000000, 0x00000007a0000000, 0x00000007a5560000)
  from space 21824K, 100% used [0x00000007a6ab0000, 0x00000007a8000000, 0x00000007a8000000)
  to   space 21824K,   0% used [0x00000007a5560000, 0x00000007a5560000, 0x00000007a6ab0000)
 concurrent mark-sweep generation total 393216K, used 144950K [0x00000007a8000000, 0x00000007c0000000, 0x00000007c0000000)
 Metaspace       used 39757K, capacity 40688K, committed 41028K, reserved 1085440K
  class space    used 4326K, capacity 4572K, committed 4708K, reserved 1048576K
}
2017-06-02T18:22:08.970-0100: 107508.759: Total time for which application threads were stopped: 0.0054988 seconds, Stopping threads took: 0.0000227 seconds
{Heap before GC invocations=449 (full 4):
 par new generation   total 109248K, used 109248K [0x00000007a0000000, 0x00000007a8000000, 0x00000007a8000000)
  eden space 87424K, 100% used [0x00000007a0000000, 0x00000007a5560000, 0x00000007a5560000)
  from space 21824K, 100% used [0x00000007a6ab0000, 0x00000007a8000000, 0x00000007a8000000)
  to   space 21824K,   0% used [0x00000007a5560000, 0x00000007a5560000, 0x00000007a6ab0000)
 concurrent mark-sweep generation total 393216K, used 144950K [0x00000007a8000000, 0x00000007c0000000, 0x00000007c0000000)
 Metaspace       used 39757K, capacity 40688K, committed 41028K, reserved 1085440K
  class space    used 4326K, capacity 4572K, committed 4708K, reserved 1048576K
2017-06-02T18:22:09.157-0100: 107508.946: [GC (Allocation Failure) 2017-06-02T18:22:09.157-0100: 107508.946: [ParNew
Desired survivor size 20112992 bytes, new threshold 8 (max 8)
- age   1:    3779440 bytes,    3779440 total
- age   2:    4743192 bytes,    8522632 total
- age   3:    2318160 bytes,   10840792 total
- age   4:    1535768 bytes,   12376560 total
- age   5:    1688608 bytes,   14065168 total
- age   6:     924096 bytes,   14989264 total
- age   7:    1111168 bytes,   16100432 total
- age   8:    1719304 bytes,   17819736 total
: 109248K->21824K(109248K), 0.0052294 secs] 254198K->167912K(502464K), 0.0052967 secs] [Times: user=0.01 sys=0.00, real=0.01 secs] 
Heap after GC invocations=450 (full 4):
 par new generation   total 109248K, used 21824K [0x00000007a0000000, 0x00000007a8000000, 0x00000007a8000000)
  eden space 87424K,   0% used [0x00000007a0000000, 0x00000007a0000000, 0x00000007a5560000)
  from space 21824K, 100% used [0x00000007a5560000, 0x00000007a6ab0000, 0x00000007a6ab0000)
  to   space 21824K,   0% used [0x00000007a6ab0000, 0x00000007a6ab0000, 0x00000007a8000000)
 concurrent mark-sweep generation total 393216K, used 146088K [0x00000007a8000000, 0x00000007c0000000, 0x00000007c0000000)
 Metaspace       used 39757K, capacity 40688K, committed 41028K, reserved 1085440K
  class space    used 4326K, capacity 4572K, committed 4708K, reserved 1048576K
}
2017-06-02T18:22:09.162-0100: 107508.951: Total time for which application threads were stopped: 0.0054991 seconds, Stopping threads took: 0.0000178 seconds
{Heap before GC invocations=450 (full 4):
 par new generation   total 109248K, used 109248K [0x00000007a0000000, 0x00000007a8000000, 0x00000007a8000000)
  eden space 87424K, 100% used [0x00000007a0000000, 0x00000007a5560000, 0x00000007a5560000)
  from space 21824K, 100% used [0x00000007a5560000, 0x00000007a6ab0000, 0x00000007a6ab0000)
  to   space 21824K,   0% used [0x00000007a6ab0000, 0x00000007a6ab0000, 0x00000007a8000000)
 concurrent mark-sweep generation total 393216K, used 146088K [0x00000007a8000000, 0x00000007c0000000, 0x00000007c0000000)
 Metaspace       used 39757K, capacity 40688K, committed 41028K, reserved 1085440K
  class space    used 4326K, capacity 4572K, committed 4708K, reserved 1048576K
2017-06-02T18:22:09.352-0100: 107509.141: [GC (Allocation Failure) 2017-06-02T18:22:09.352-0100: 107509.141: [ParNew
Desired survivor size 20112992 bytes, new threshold 8 (max 8)
- age   1:    6049888 bytes,    6049888 total
- age   2:    3711128 bytes,    9761016 total
- age   3:    2627952 bytes,   12388968 total
- age   4:    1059664 bytes,   13448632 total
- age   5:    1535792 bytes,   14984424 total
- age   6:    1589424 bytes,   16573848 total
- age   7:     924096 bytes,   17497944 total
- age   8:    1111168 bytes,   18609112 total
: 109248K->21520K(109248K), 0.0056655 secs] 255336K->169295K(502464K), 0.0057334 secs] [Times: user=0.02 sys=0.00, real=0.00 secs] 
Heap after GC invocations=451 (full 4):
 par new generation   total 109248K, used 21520K [0x00000007a0000000, 0x00000007a8000000, 0x00000007a8000000)
  eden space 87424K,   0% used [0x00000007a0000000, 0x00000007a0000000, 0x00000007a5560000)
  from space 21824K,  98% used [0x00000007a6ab0000, 0x00000007a7fb4190, 0x00000007a8000000)
  to   space 21824K,   0% used [0x00000007a5560000, 0x00000007a5560000, 0x00000007a6ab0000)
 concurrent mark-sweep generation total 393216K, used 147775K [0x00000007a8000000, 0x00000007c0000000, 0x00000007c0000000)
 Metaspace       used 39757K, capacity 40688K, committed 41028K, reserved 1085440K
  class space    used 4326K, capacity 4572K, committed 4708K, reserved 1048576K
}
2017-06-02T18:22:09.358-0100: 107509.147: Total time for which application threads were stopped: 0.0059220 seconds, Stopping threads took: 0.0000184 seconds
{Heap before GC invocations=451 (full 4):
 par new generation   total 109248K, used 108944K [0x00000007a0000000, 0x00000007a8000000, 0x00000007a8000000)
  eden space 87424K, 100% used [0x00000007a0000000, 0x00000007a5560000, 0x00000007a5560000)
  from space 21824K,  98% used [0x00000007a6ab0000, 0x00000007a7fb4190, 0x00000007a8000000)
  to   space 21824K,   0% used [0x00000007a5560000, 0x00000007a5560000, 0x00000007a6ab0000)
 concurrent mark-sweep generation total 393216K, used 147775K [0x00000007a8000000, 0x00000007c0000000, 0x00000007c0000000)
 Metaspace       used 39757K, capacity 40688K, committed 41028K, reserved 1085440K
  class space    used 4326K, capacity 4572K, committed 4708K, reserved 1048576K
2017-06-02T18:22:09.549-0100: 107509.339: [GC (Allocation Failure) 2017-06-02T18:22:09.550-0100: 107509.339: [ParNew
Desired survivor size 20112992 bytes, new threshold 8 (max 8)
- age   1:    3712368 bytes,    3712368 total
- age   2:    5984008 bytes,    9696376 total
- age   3:    2780800 bytes,   12477176 total
- age   4:    1348144 bytes,   13825320 total
- age   5:    1059640 bytes,   14884960 total
- age   6:    1535768 bytes,   16420728 total
- age   7:    1589400 bytes,   18010128 total
- age   8:     916672 bytes,   18926800 total
: 108944K->21824K(109248K), 0.0059243 secs] 256719K->171172K(502464K), 0.0060291 secs] [Times: user=0.02 sys=0.00, real=0.01 secs] 
Heap after GC invocations=452 (full 4):
 par new generation   total 109248K, used 21824K [0x00000007a0000000, 0x00000007a8000000, 0x00000007a8000000)
  eden space 87424K,   0% used [0x00000007a0000000, 0x00000007a0000000, 0x00000007a5560000)
  from space 21824K, 100% used [0x00000007a5560000, 0x00000007a6ab0000, 0x00000007a6ab0000)
  to   space 21824K,   0% used [0x00000007a6ab0000, 0x00000007a6ab0000, 0x00000007a8000000)
 concurrent mark-sweep generation total 393216K, used 149348K [0x00000007a8000000, 0x00000007c0000000, 0x00000007c0000000)
 Metaspace       used 39757K, capacity 40688K, committed 41028K, reserved 1085440K
  class space    used 4326K, capacity 4572K, committed 4708K, reserved 1048576K
}
2017-06-02T18:22:09.556-0100: 107509.345: Total time for which application threads were stopped: 0.0062462 seconds, Stopping threads took: 0.0000208 seconds
{Heap before GC invocations=452 (full 4):
 par new generation   total 109248K, used 109248K [0x00000007a0000000, 0x00000007a8000000, 0x00000007a8000000)
  eden space 87424K, 100% used [0x00000007a0000000, 0x00000007a5560000, 0x00000007a5560000)
  from space 21824K, 100% used [0x00000007a5560000, 0x00000007a6ab0000, 0x00000007a6ab0000)
  to   space 21824K,   0% used [0x00000007a6ab0000, 0x00000007a6ab0000, 0x00000007a8000000)
 concurrent mark-sweep generation total 393216K, used 149348K [0x00000007a8000000, 0x00000007c0000000, 0x00000007c0000000)
 Metaspace       used 39757K, capacity 40688K, committed 41028K, reserved 1085440K
  class space    used 4326K, capacity 4572K, committed 4708K, reserved 1048576K
2017-06-02T18:22:09.752-0100: 107509.541: [GC (Allocation Failure) 2017-06-02T18:22:09.752-0100: 107509.541: [ParNew
Desired survivor size 20112992 bytes, new threshold 8 (max 8)
- age   1:    2192512 bytes,    2192512 total
- age   2:    3575592 bytes,    5768104 total
- age   3:    5659016 bytes,   11427120 total
- age   4:    1105144 bytes,   12532264 total
- age   5:     803424 bytes,   13335688 total
- age   6:    1031584 bytes,   14367272 total
- age   7:    1512728 bytes,   15880000 total
- age   8:    1569856 bytes,   17449856 total
: 109248K->21824K(109248K), 0.0065577 secs] 258596K->174517K(502464K), 0.0066437 secs] [Times: user=0.02 sys=0.00, real=0.00 secs] 
Heap after GC invocations=453 (full 4):
 par new generation   total 109248K, used 21824K [0x00000007a0000000, 0x00000007a8000000, 0x00000007a8000000)
  eden space 87424K,   0% used [0x00000007a0000000, 0x00000007a0000000, 0x00000007a5560000)
  from space 21824K, 100% used [0x00000007a6ab0000, 0x00000007a8000000, 0x00000007a8000000)
  to   space 21824K,   0% used [0x00000007a5560000, 0x00000007a5560000, 0x00000007a6ab0000)
 concurrent mark-sweep generation total 393216K, used 152693K [0x00000007a8000000, 0x00000007c0000000, 0x00000007c0000000)
 Metaspace       used 39757K, capacity 40688K, committed 41028K, reserved 1085440K
  class space    used 4326K, capacity 4572K, committed 4708K, reserved 1048576K
}
2017-06-02T18:22:09.759-0100: 107509.548: Total time for which application threads were stopped: 0.0068959 seconds, Stopping threads took: 0.0000230 seconds
{Heap before GC invocations=453 (full 4):
 par new generation   total 109248K, used 109248K [0x00000007a0000000, 0x00000007a8000000, 0x00000007a8000000)
  eden space 87424K, 100% used [0x00000007a0000000, 0x00000007a5560000, 0x00000007a5560000)
  from space 21824K, 100% used [0x00000007a6ab0000, 0x00000007a8000000, 0x00000007a8000000)
  to   space 21824K,   0% used [0x00000007a5560000, 0x00000007a5560000, 0x00000007a6ab0000)
 concurrent mark-sweep generation total 393216K, used 152693K [0x00000007a8000000, 0x00000007c0000000, 0x00000007c0000000)
 Metaspace       used 39757K, capacity 40688K, committed 41028K, reserved 1085440K
  class space    used 4326K, capacity 4572K, committed 4708K, reserved 1048576K
2017-06-02T18:22:09.965-0100: 107509.754: [GC (Allocation Failure) 2017-06-02T18:22:09.965-0100: 107509.754: [ParNew
Desired survivor size 20112992 bytes, new threshold 8 (max 8)
- age   1:    5163896 bytes,    5163896 total
- age   2:    2122864 bytes,    7286760 total
- age   3:    3570712 bytes,   10857472 total
- age   4:    3168376 bytes,   14025848 total
- age   5:     873968 bytes,   14899816 total
- age   6:     602952 bytes,   15502768 total
- age   7:     864560 bytes,   16367328 total
- age   8:    1498008 bytes,   17865336 total
: 109248K->21824K(109248K), 0.0055876 secs] 261941K->176449K(502464K), 0.0056472 secs] [Times: user=0.02 sys=0.00, real=0.01 secs] 
Heap after GC invocations=454 (full 4):
 par new generation   total 109248K, used 21824K [0x00000007a0000000, 0x00000007a8000000, 0x00000007a8000000)
  eden space 87424K,   0% used [0x00000007a0000000, 0x00000007a0000000, 0x00000007a5560000)
  from space 21824K, 100% used [0x00000007a5560000, 0x00000007a6ab0000, 0x00000007a6ab0000)
  to   space 21824K,   0% used [0x00000007a6ab0000, 0x00000007a6ab0000, 0x00000007a8000000)
 concurrent mark-sweep generation total 393216K, used 154625K [0x00000007a8000000, 0x00000007c0000000, 0x00000007c0000000)
 Metaspace       used 39757K, capacity 40688K, committed 41028K, reserved 1085440K
  class space    used 4326K, capacity 4572K, committed 4708K, reserved 1048576K
}
2017-06-02T18:22:09.971-0100: 107509.760: Total time for which application threads were stopped: 0.0058297 seconds, Stopping threads took: 0.0000185 seconds
{Heap before GC invocations=454 (full 4):
 par new generation   total 109248K, used 109248K [0x00000007a0000000, 0x00000007a8000000, 0x00000007a8000000)
  eden space 87424K, 100% used [0x00000007a0000000, 0x00000007a5560000, 0x00000007a5560000)
  from space 21824K, 100% used [0x00000007a5560000, 0x00000007a6ab0000, 0x00000007a6ab0000)
  to   space 21824K,   0% used [0x00000007a6ab0000, 0x00000007a6ab0000, 0x00000007a8000000)
 concurrent mark-sweep generation total 393216K, used 154625K [0x00000007a8000000, 0x00000007c0000000, 0x00000007c0000000)
 Metaspace       used 39757K, capacity 40688K, committed 41028K, reserved 1085440K
  class space    used 4326K, capacity 4572K, committed 4708K, reserved 1048576K
2017-06-02T18:22:10.156-0100: 107509.945: [GC (Allocation Failure) 2017-06-02T18:22:10.156-0100: 107509.945: [ParNew
Desired survivor size 20112992 bytes, new threshold 8 (max 8)
- age   1:    3185672 bytes,    3185672 total
- age   2:    5054024 bytes,    8239696 total
- age   3:    2116328 bytes,   10356024 total
- age   4:    1592568 bytes,   11948592 total
- age   5:    2151736 bytes,   14100328 total
- age   6:     872432 bytes,   14972760 total
- age   7:     539224 bytes,   15511984 total
- age   8:     862864 bytes,   16374848 total
: 109248K->21824K(109248K), 0.0054122 secs] 263873K->178455K(502464K), 0.0054835 secs] [Times: user=0.02 sys=0.01, real=0.01 secs] 
Heap after GC invocations=455 (full 4):
 par new generation   total 109248K, used 21824K [0x00000007a0000000, 0x00000007a8000000, 0x00000007a8000000)
  eden space 87424K,   0% used [0x00000007a0000000, 0x00000007a0000000, 0x00000007a5560000)
  from space 21824K, 100% used [0x00000007a6ab0000, 0x00000007a8000000, 0x00000007a8000000)
  to   space 21824K,   0% used [0x00000007a5560000, 0x00000007a5560000, 0x00000007a6ab0000)
 concurrent mark-sweep generation total 393216K, used 156631K [0x00000007a8000000, 0x00000007c0000000, 0x00000007c0000000)
 Metaspace       used 39757K, capacity 40688K, committed 41028K, reserved 1085440K
  class space    used 4326K, capacity 4572K, committed 4708K, reserved 1048576K
}
2017-06-02T18:22:10.161-0100: 107509.951: Total time for which application threads were stopped: 0.0056573 seconds, Stopping threads took: 0.0000176 seconds
{Heap before GC invocations=455 (full 4):
 par new generation   total 109248K, used 109248K [0x00000007a0000000, 0x00000007a8000000, 0x00000007a8000000)
  eden space 87424K, 100% used [0x00000007a0000000, 0x00000007a5560000, 0x00000007a5560000)
  from space 21824K, 100% used [0x00000007a6ab0000, 0x00000007a8000000, 0x00000007a8000000)
  to   space 21824K,   0% used [0x00000007a5560000, 0x00000007a5560000, 0x00000007a6ab0000)
 concurrent mark-sweep generation total 393216K, used 156631K [0x00000007a8000000, 0x00000007c0000000, 0x00000007c0000000)
 Metaspace       used 39757K, capacity 40688K, committed 41028K, reserved 1085440K
  class space    used 4326K, capacity 4572K, committed 4708K, reserved 1048576K
2017-06-02T18:22:10.376-0100: 107510.165: [GC (Allocation Failure) 2017-06-02T18:22:10.376-0100: 107510.165: [ParNew
Desired survivor size 20112992 bytes, new threshold 8 (max 8)
- age   1:    5446472 bytes,    5446472 total
- age   2:    3117920 bytes,    8564392 total
- age   3:    5054024 bytes,   13618416 total
- age   4:    1516776 bytes,   15135192 total
- age   5:    1083896 bytes,   16219088 total
- age   6:    2151736 bytes,   18370824 total
- age   7:     872432 bytes,   19243256 total
- age   8:     539224 bytes,   19782480 total
: 109248K->21824K(109248K), 0.0056754 secs] 265879K->179305K(502464K), 0.0057440 secs] [Times: user=0.02 sys=0.00, real=0.01 secs] 
Heap after GC invocations=456 (full 4):
 par new generation   total 109248K, used 21824K [0x00000007a0000000, 0x00000007a8000000, 0x00000007a8000000)
  eden space 87424K,   0% used [0x00000007a0000000, 0x00000007a0000000, 0x00000007a5560000)
  from space 21824K, 100% used [0x00000007a5560000, 0x00000007a6ab0000, 0x00000007a6ab0000)
  to   space 21824K,   0% used [0x00000007a6ab0000, 0x00000007a6ab0000, 0x00000007a8000000)
 concurrent mark-sweep generation total 393216K, used 157481K [0x00000007a8000000, 0x00000007c0000000, 0x00000007c0000000)
 Metaspace       used 39757K, capacity 40688K, committed 41028K, reserved 1085440K
  class space    used 4326K, capacity 4572K, committed 4708K, reserved 1048576K
}
2017-06-02T18:22:10.382-0100: 107510.171: Total time for which application threads were stopped: 0.0059459 seconds, Stopping threads took: 0.0000199 seconds
{Heap before GC invocations=456 (full 4):
 par new generation   total 109248K, used 109248K [0x00000007a0000000, 0x00000007a8000000, 0x00000007a8000000)
  eden space 87424K, 100% used [0x00000007a0000000, 0x00000007a5560000, 0x00000007a5560000)
  from space 21824K, 100% used [0x00000007a5560000, 0x00000007a6ab0000, 0x00000007a6ab0000)
  to   space 21824K,   0% used [0x00000007a6ab0000, 0x00000007a6ab0000, 0x00000007a8000000)
 concurrent mark-sweep generation total 393216K, used 157481K [0x00000007a8000000, 0x00000007c0000000, 0x00000007c0000000)
 Metaspace       used 39757K, capacity 40688K, committed 41028K, reserved 1085440K
  class space    used 4326K, capacity 4572K, committed 4708K, reserved 1048576K
2017-06-02T18:22:10.593-0100: 107510.382: [GC (Allocation Failure) 2017-06-02T18:22:10.593-0100: 107510.382: [ParNew
Desired survivor size 20112992 bytes, new threshold 8 (max 8)
- age   1:    1726488 bytes,    1726488 total
- age   2:    5326984 bytes,    7053472 total
- age   3:    3111736 bytes,   10165208 total
- age   4:    4794016 bytes,   14959224 total
- age   5:    1261536 bytes,   16220760 total
- age   6:    1080520 bytes,   17301280 total
- age   7:    1098160 bytes,   18399440 total
- age   8:     868432 bytes,   19267872 total
: 109248K->21824K(109248K), 0.0061775 secs] 266729K->180946K(502464K), 0.0062535 secs] [Times: user=0.02 sys=0.00, real=0.00 secs] 
Heap after GC invocations=457 (full 4):
 par new generation   total 109248K, used 21824K [0x00000007a0000000, 0x00000007a8000000, 0x00000007a8000000)
  eden space 87424K,   0% used [0x00000007a0000000, 0x00000007a0000000, 0x00000007a5560000)
  from space 21824K, 100% used [0x00000007a6ab0000, 0x00000007a8000000, 0x00000007a8000000)
  to   space 21824K,   0% used [0x00000007a5560000, 0x00000007a5560000, 0x00000007a6ab0000)
 concurrent mark-sweep generation total 393216K, used 159122K [0x00000007a8000000, 0x00000007c0000000, 0x00000007c0000000)
 Metaspace       used 39757K, capacity 40688K, committed 41028K, reserved 1085440K
  class space    used 4326K, capacity 4572K, committed 4708K, reserved 1048576K
}
2017-06-02T18:22:10.599-0100: 107510.388: Total time for which application threads were stopped: 0.0064504 seconds, Stopping threads took: 0.0000207 seconds
{Heap before GC invocations=457 (full 4):
 par new generation   total 109248K, used 109248K [0x00000007a0000000, 0x00000007a8000000, 0x00000007a8000000)
  eden space 87424K, 100% used [0x00000007a0000000, 0x00000007a5560000, 0x00000007a5560000)
  from space 21824K, 100% used [0x00000007a6ab0000, 0x00000007a8000000, 0x00000007a8000000)
  to   space 21824K,   0% used [0x00000007a5560000, 0x00000007a5560000, 0x00000007a6ab0000)
 concurrent mark-sweep generation total 393216K, used 159122K [0x00000007a8000000, 0x00000007c0000000, 0x00000007c0000000)
 Metaspace       used 39757K, capacity 40688K, committed 41028K, reserved 1085440K
  class space    used 4326K, capacity 4572K, committed 4708K, reserved 1048576K
2017-06-02T18:22:10.800-0100: 107510.589: [GC (Allocation Failure) 2017-06-02T18:22:10.800-0100: 107510.589: [ParNew
Desired survivor size 20112992 bytes, new threshold 8 (max 8)
- age   1:    5015392 bytes,    5015392 total
- age   2:    1601336 bytes,    6616728 total
- age   3:    4332456 bytes,   10949184 total
- age   4:    2882840 bytes,   13832024 total
- age   5:    1595056 bytes,   15427080 total
- age   6:     721256 bytes,   16148336 total
- age   7:    1066344 bytes,   17214680 total
- age   8:     973000 bytes,   18187680 total
: 109248K->21824K(109248K), 0.0059841 secs] 268370K->183411K(502464K), 0.0060504 secs] [Times: user=0.02 sys=0.01, real=0.00 secs] 
Heap after GC invocations=458 (full 4):
 par new generation   total 109248K, used 21824K [0x00000007a0000000, 0x00000007a8000000, 0x00000007a8000000)
  eden space 87424K,   0% used [0x00000007a0000000, 0x00000007a0000000, 0x00000007a5560000)
  from space 21824K, 100% used [0x00000007a5560000, 0x00000007a6ab0000, 0x00000007a6ab0000)
  to   space 21824K,   0% used [0x00000007a6ab0000, 0x00000007a6ab0000, 0x00000007a8000000)
 concurrent mark-sweep generation total 393216K, used 161587K [0x00000007a8000000, 0x00000007c0000000, 0x00000007c0000000)
 Metaspace       used 39757K, capacity 40688K, committed 41028K, reserved 1085440K
  class space    used 4326K, capacity 4572K, committed 4708K, reserved 1048576K
}
2017-06-02T18:22:10.806-0100: 107510.595: Total time for which application threads were stopped: 0.0062537 seconds, Stopping threads took: 0.0000208 seconds
{Heap before GC invocations=458 (full 4):
 par new generation   total 109248K, used 109248K [0x00000007a0000000, 0x00000007a8000000, 0x00000007a8000000)
  eden space 87424K, 100% used [0x00000007a0000000, 0x00000007a5560000, 0x00000007a5560000)
  from space 21824K, 100% used [0x00000007a5560000, 0x00000007a6ab0000, 0x00000007a6ab0000)
  to   space 21824K,   0% used [0x00000007a6ab0000, 0x00000007a6ab0000, 0x00000007a8000000)
 concurrent mark-sweep generation total 393216K, used 161587K [0x00000007a8000000, 0x00000007c0000000, 0x00000007c0000000)
 Metaspace       used 39757K, capacity 40688K, committed 41028K, reserved 1085440K
  class space    used 4326K, capacity 4572K, committed 4708K, reserved 1048576K
2017-06-02T18:22:11.006-0100: 107510.796: [GC (Allocation Failure) 2017-06-02T18:22:11.006-0100: 107510.796: [ParNew
Desired survivor size 20112992 bytes, new threshold 8 (max 8)
- age   1:    3571272 bytes,    3571272 total
- age   2:    4776472 bytes,    8347744 total
- age   3:    1448336 bytes,    9796080 total
- age   4:    3229720 bytes,   13025800 total
- age   5:    1554256 bytes,   14580056 total
- age   6:     988248 bytes,   15568304 total
- age   7:     576264 bytes,   16144568 total
- age   8:     927360 bytes,   17071928 total
: 109248K->21824K(109248K), 0.0059573 secs] 270835K->186131K(502464K), 0.0060306 secs] [Times: user=0.02 sys=0.00, real=0.01 secs] 
Heap after GC invocations=459 (full 4):
 par new generation   total 109248K, used 21824K [0x00000007a0000000, 0x00000007a8000000, 0x00000007a8000000)
  eden space 87424K,   0% used [0x00000007a0000000, 0x00000007a0000000, 0x00000007a5560000)
  from space 21824K, 100% used [0x00000007a6ab0000, 0x00000007a8000000, 0x00000007a8000000)
  to   space 21824K,   0% used [0x00000007a5560000, 0x00000007a5560000, 0x00000007a6ab0000)
 concurrent mark-sweep generation total 393216K, used 164307K [0x00000007a8000000, 0x00000007c0000000, 0x00000007c0000000)
 Metaspace       used 39757K, capacity 40688K, committed 41028K, reserved 1085440K
  class space    used 4326K, capacity 4572K, committed 4708K, reserved 1048576K
}
2017-06-02T18:22:11.012-0100: 107510.802: Total time for which application threads were stopped: 0.0062192 seconds, Stopping threads took: 0.0000193 seconds
{Heap before GC invocations=459 (full 4):
 par new generation   total 109248K, used 109248K [0x00000007a0000000, 0x00000007a8000000, 0x00000007a8000000)
  eden space 87424K, 100% used [0x00000007a0000000, 0x00000007a5560000, 0x00000007a5560000)
  from space 21824K, 100% used [0x00000007a6ab0000, 0x00000007a8000000, 0x00000007a8000000)
  to   space 21824K,   0% used [0x00000007a5560000, 0x00000007a5560000, 0x00000007a6ab0000)
 concurrent mark-sweep generation total 393216K, used 164307K [0x00000007a8000000, 0x00000007c0000000, 0x00000007c0000000)
 Metaspace       used 39757K, capacity 40688K, committed 41028K, reserved 1085440K
  class space    used 4326K, capacity 4572K, committed 4708K, reserved 1048576K
2017-06-02T18:22:11.210-0100: 107510.999: [GC (Allocation Failure) 2017-06-02T18:22:11.210-0100: 107510.999: [ParNew
Desired survivor size 20112992 bytes, new threshold 8 (max 8)
- age   1:    3515648 bytes,    3515648 total
- age   2:    3440536 bytes,    6956184 total
- age   3:    4776248 bytes,   11732432 total
- age   4:    1444792 bytes,   13177224 total
- age   5:    2629416 bytes,   15806640 total
- age   6:     983400 bytes,   16790040 total
- age   7:     988008 bytes,   17778048 total
- age   8:     576192 bytes,   18354240 total
: 109248K->21824K(109248K), 0.0054466 secs] 273555K->187525K(502464K), 0.0055084 secs] [Times: user=0.02 sys=0.00, real=0.00 secs] 
Heap after GC invocations=460 (full 4):
 par new generation   total 109248K, used 21824K [0x00000007a0000000, 0x00000007a8000000, 0x00000007a8000000)
  eden space 87424K,   0% used [0x00000007a0000000, 0x00000007a0000000, 0x00000007a5560000)
  from space 21824K, 100% used [0x00000007a5560000, 0x00000007a6ab0000, 0x00000007a6ab0000)
  to   space 21824K,   0% used [0x00000007a6ab0000, 0x00000007a6ab0000, 0x00000007a8000000)
 concurrent mark-sweep generation total 393216K, used 165701K [0x00000007a8000000, 0x00000007c0000000, 0x00000007c0000000)
 Metaspace       used 39757K, capacity 40688K, committed 41028K, reserved 1085440K
  class space    used 4326K, capacity 4572K, committed 4708K, reserved 1048576K
}
2017-06-02T18:22:11.216-0100: 107511.005: Total time for which application threads were stopped: 0.0056843 seconds, Stopping threads took: 0.0000184 seconds
{Heap before GC invocations=460 (full 4):
 par new generation   total 109248K, used 109248K [0x00000007a0000000, 0x00000007a8000000, 0x00000007a8000000)
  eden space 87424K, 100% used [0x00000007a0000000, 0x00000007a5560000, 0x00000007a5560000)
  from space 21824K, 100% used [0x00000007a5560000, 0x00000007a6ab0000, 0x00000007a6ab0000)
  to   space 21824K,   0% used [0x00000007a6ab0000, 0x00000007a6ab0000, 0x00000007a8000000)
 concurrent mark-sweep generation total 393216K, used 165701K [0x00000007a8000000, 0x00000007c0000000, 0x00000007c0000000)
 Metaspace       used 39757K, capacity 40688K, committed 41028K, reserved 1085440K
  class space    used 4326K, capacity 4572K, committed 4708K, reserved 1048576K
2017-06-02T18:22:11.390-0100: 107511.179: [GC (Allocation Failure) 2017-06-02T18:22:11.390-0100: 107511.179: [ParNew
Desired survivor size 20112992 bytes, new threshold 8 (max 8)
- age   1:    4804856 bytes,    4804856 total
- age   2:    3444976 bytes,    8249832 total
- age   3:    3440536 bytes,   11690368 total
- age   4:    2137112 bytes,   13827480 total
- age   5:    1444792 bytes,   15272272 total
- age   6:    2629416 bytes,   17901688 total
- age   7:     412600 bytes,   18314288 total
- age   8:     988008 bytes,   19302296 total
: 109248K->21824K(109248K), 0.0116103 secs] 274949K->188095K(502464K), 0.0116841 secs] [Times: user=0.04 sys=0.00, real=0.01 secs] 
Heap after GC invocations=461 (full 4):
 par new generation   total 109248K, used 21824K [0x00000007a0000000, 0x00000007a8000000, 0x00000007a8000000)
  eden space 87424K,   0% used [0x00000007a0000000, 0x00000007a0000000, 0x00000007a5560000)
  from space 21824K, 100% used [0x00000007a6ab0000, 0x00000007a8000000, 0x00000007a8000000)
  to   space 21824K,   0% used [0x00000007a5560000, 0x00000007a5560000, 0x00000007a6ab0000)
 concurrent mark-sweep generation total 393216K, used 166271K [0x00000007a8000000, 0x00000007c0000000, 0x00000007c0000000)
 Metaspace       used 39757K, capacity 40688K, committed 41028K, reserved 1085440K
  class space    used 4326K, capacity 4572K, committed 4708K, reserved 1048576K
}
2017-06-02T18:22:11.402-0100: 107511.191: Total time for which application threads were stopped: 0.0118679 seconds, Stopping threads took: 0.0000192 seconds
{Heap before GC invocations=461 (full 4):
 par new generation   total 109248K, used 109248K [0x00000007a0000000, 0x00000007a8000000, 0x00000007a8000000)
  eden space 87424K, 100% used [0x00000007a0000000, 0x00000007a5560000, 0x00000007a5560000)
  from space 21824K, 100% used [0x00000007a6ab0000, 0x00000007a8000000, 0x00000007a8000000)
  to   space 21824K,   0% used [0x00000007a5560000, 0x00000007a5560000, 0x00000007a6ab0000)
 concurrent mark-sweep generation total 393216K, used 166271K [0x00000007a8000000, 0x00000007c0000000, 0x00000007c0000000)
 Metaspace       used 39757K, capacity 40688K, committed 41028K, reserved 1085440K
  class space    used 4326K, capacity 4572K, committed 4708K, reserved 1048576K
2017-06-02T18:22:11.592-0100: 107511.381: [GC (Allocation Failure) 2017-06-02T18:22:11.592-0100: 107511.381: [ParNew
Desired survivor size 20112992 bytes, new threshold 8 (max 8)
- age   1:    3829184 bytes,    3829184 total
- age   2:    2064304 bytes,    5893488 total
- age   3:    3378880 bytes,    9272368 total
- age   4:    3362152 bytes,   12634520 total
- age   5:     892432 bytes,   13526952 total
- age   6:     835712 bytes,   14362664 total
- age   7:    2140032 bytes,   16502696 total
- age   8:     342808 bytes,   16845504 total
: 109248K->21824K(109248K), 0.0062165 secs] 275519K->193008K(502464K), 0.0062815 secs] [Times: user=0.02 sys=0.01, real=0.00 secs] 
Heap after GC invocations=462 (full 4):
 par new generation   total 109248K, used 21824K [0x00000007a0000000, 0x00000007a8000000, 0x00000007a8000000)
  eden space 87424K,   0% used [0x00000007a0000000, 0x00000007a0000000, 0x00000007a5560000)
  from space 21824K, 100% used [0x00000007a5560000, 0x00000007a6ab0000, 0x00000007a6ab0000)
  to   space 21824K,   0% used [0x00000007a6ab0000, 0x00000007a6ab0000, 0x00000007a8000000)
 concurrent mark-sweep generation total 393216K, used 171184K [0x00000007a8000000, 0x00000007c0000000, 0x00000007c0000000)
 Metaspace       used 39757K, capacity 40688K, committed 41028K, reserved 1085440K
  class space    used 4326K, capacity 4572K, committed 4708K, reserved 1048576K
}
2017-06-02T18:22:11.599-0100: 107511.388: Total time for which application threads were stopped: 0.0064574 seconds, Stopping threads took: 0.0000171 seconds
{Heap before GC invocations=462 (full 4):
 par new generation   total 109248K, used 109248K [0x00000007a0000000, 0x00000007a8000000, 0x00000007a8000000)
  eden space 87424K, 100% used [0x00000007a0000000, 0x00000007a5560000, 0x00000007a5560000)
  from space 21824K, 100% used [0x00000007a5560000, 0x00000007a6ab0000, 0x00000007a6ab0000)
  to   space 21824K,   0% used [0x00000007a6ab0000, 0x00000007a6ab0000, 0x00000007a8000000)
 concurrent mark-sweep generation total 393216K, used 171184K [0x00000007a8000000, 0x00000007c0000000, 0x00000007c0000000)
 Metaspace       used 39757K, capacity 40688K, committed 41028K, reserved 1085440K
  class space    used 4326K, capacity 4572K, committed 4708K, reserved 1048576K
2017-06-02T18:22:11.808-0100: 107511.597: [GC (Allocation Failure) 2017-06-02T18:22:11.808-0100: 107511.597: [ParNew
Desired survivor size 20112992 bytes, new threshold 8 (max 8)
- age   1:    5821680 bytes,    5821680 total
- age   2:    3774856 bytes,    9596536 total
- age   3:    2059912 bytes,   11656448 total
- age   4:    1367512 bytes,   13023960 total
- age   5:    1295384 bytes,   14319344 total
- age   6:     892432 bytes,   15211776 total
- age   7:     778304 bytes,   15990080 total
- age   8:    2139984 bytes,   18130064 total
: 109248K->20817K(109248K), 0.0058755 secs] 280432K->192343K(502464K), 0.0059424 secs] [Times: user=0.02 sys=0.00, real=0.01 secs] 
Heap after GC invocations=463 (full 4):
 par new generation   total 109248K, used 20817K [0x00000007a0000000, 0x00000007a8000000, 0x00000007a8000000)
  eden space 87424K,   0% used [0x00000007a0000000, 0x00000007a0000000, 0x00000007a5560000)
  from space 21824K,  95% used [0x00000007a6ab0000, 0x00000007a7f045b8, 0x00000007a8000000)
  to   space 21824K,   0% used [0x00000007a5560000, 0x00000007a5560000, 0x00000007a6ab0000)
 concurrent mark-sweep generation total 393216K, used 171526K [0x00000007a8000000, 0x00000007c0000000, 0x00000007c0000000)
 Metaspace       used 39757K, capacity 40688K, committed 41028K, reserved 1085440K
  class space    used 4326K, capacity 4572K, committed 4708K, reserved 1048576K
}
2017-06-02T18:22:11.814-0100: 107511.603: Total time for which application threads were stopped: 0.0061226 seconds, Stopping threads took: 0.0000182 seconds
{Heap before GC invocations=463 (full 4):
 par new generation   total 109248K, used 108241K [0x00000007a0000000, 0x00000007a8000000, 0x00000007a8000000)
  eden space 87424K, 100% used [0x00000007a0000000, 0x00000007a5560000, 0x00000007a5560000)
  from space 21824K,  95% used [0x00000007a6ab0000, 0x00000007a7f045b8, 0x00000007a8000000)
  to   space 21824K,   0% used [0x00000007a5560000, 0x00000007a5560000, 0x00000007a6ab0000)
 concurrent mark-sweep generation total 393216K, used 171526K [0x00000007a8000000, 0x00000007c0000000, 0x00000007c0000000)
 Metaspace       used 39757K, capacity 40688K, committed 41028K, reserved 1085440K
  class space    used 4326K, capacity 4572K, committed 4708K, reserved 1048576K
2017-06-02T18:22:12.041-0100: 107511.830: [GC (Allocation Failure) 2017-06-02T18:22:12.041-0100: 107511.830: [ParNew
Desired survivor size 20112992 bytes, new threshold 8 (max 8)
- age   1:    1697992 bytes,    1697992 total
- age   2:    5391320 bytes,    7089312 total
- age   3:    3775304 bytes,   10864616 total
- age   4:    2059952 bytes,   12924568 total
- age   5:     816944 bytes,   13741512 total
- age   6:     788064 bytes,   14529576 total
- age   7:     892640 bytes,   15422216 total
- age   8:     778280 bytes,   16200496 total
: 108241K->21824K(109248K), 0.0058486 secs] 279767K->196339K(502464K), 0.0059253 secs] [Times: user=0.02 sys=0.00, real=0.00 secs] 
Heap after GC invocations=464 (full 4):
 par new generation   total 109248K, used 21824K [0x00000007a0000000, 0x00000007a8000000, 0x00000007a8000000)
  eden space 87424K,   0% used [0x00000007a0000000, 0x00000007a0000000, 0x00000007a5560000)
  from space 21824K, 100% used [0x00000007a5560000, 0x00000007a6ab0000, 0x00000007a6ab0000)
  to   space 21824K,   0% used [0x00000007a6ab0000, 0x00000007a6ab0000, 0x00000007a8000000)
 concurrent mark-sweep generation total 393216K, used 174515K [0x00000007a8000000, 0x00000007c0000000, 0x00000007c0000000)
 Metaspace       used 39757K, capacity 40688K, committed 41028K, reserved 1085440K
  class space    used 4326K, capacity 4572K, committed 4708K, reserved 1048576K
}
2017-06-02T18:22:12.047-0100: 107511.836: Total time for which application threads were stopped: 0.0061035 seconds, Stopping threads took: 0.0000174 seconds
{Heap before GC invocations=464 (full 4):
 par new generation   total 109248K, used 109248K [0x00000007a0000000, 0x00000007a8000000, 0x00000007a8000000)
  eden space 87424K, 100% used [0x00000007a0000000, 0x00000007a5560000, 0x00000007a5560000)
  from space 21824K, 100% used [0x00000007a5560000, 0x00000007a6ab0000, 0x00000007a6ab0000)
  to   space 21824K,   0% used [0x00000007a6ab0000, 0x00000007a6ab0000, 0x00000007a8000000)
 concurrent mark-sweep generation total 393216K, used 174515K [0x00000007a8000000, 0x00000007c0000000, 0x00000007c0000000)
 Metaspace       used 39757K, capacity 40688K, committed 41028K, reserved 1085440K
  class space    used 4326K, capacity 4572K, committed 4708K, reserved 1048576K
2017-06-02T18:22:12.236-0100: 107512.025: [GC (Allocation Failure) 2017-06-02T18:22:12.236-0100: 107512.025: [ParNew
Desired survivor size 20112992 bytes, new threshold 8 (max 8)
- age   1:    1188704 bytes,    1188704 total
- age   2:    1630920 bytes,    2819624 total
- age   3:    5391224 bytes,    8210848 total
- age   4:    3774992 bytes,   11985840 total
- age   5:    2059808 bytes,   14045648 total
- age   6:     816992 bytes,   14862640 total
- age   7:     787848 bytes,   15650488 total
- age   8:     892568 bytes,   16543056 total
: 109248K->19283K(109248K), 0.0060294 secs] 283763K->194566K(502464K), 0.0060937 secs] [Times: user=0.02 sys=0.01, real=0.01 secs] 
Heap after GC invocations=465 (full 4):
 par new generation   total 109248K, used 19283K [0x00000007a0000000, 0x00000007a8000000, 0x00000007a8000000)
  eden space 87424K,   0% used [0x00000007a0000000, 0x00000007a0000000, 0x00000007a5560000)
  from space 21824K,  88% used [0x00000007a6ab0000, 0x00000007a7d84dc8, 0x00000007a8000000)
  to   space 21824K,   0% used [0x00000007a5560000, 0x00000007a5560000, 0x00000007a6ab0000)
 concurrent mark-sweep generation total 393216K, used 175282K [0x00000007a8000000, 0x00000007c0000000, 0x00000007c0000000)
 Metaspace       used 39757K, capacity 40688K, committed 41028K, reserved 1085440K
  class space    used 4326K, capacity 4572K, committed 4708K, reserved 1048576K
}
2017-06-02T18:22:12.242-0100: 107512.031: Total time for which application threads were stopped: 0.0062799 seconds, Stopping threads took: 0.0000198 seconds
{Heap before GC invocations=465 (full 4):
 par new generation   total 109248K, used 106707K [0x00000007a0000000, 0x00000007a8000000, 0x00000007a8000000)
  eden space 87424K, 100% used [0x00000007a0000000, 0x00000007a5560000, 0x00000007a5560000)
  from space 21824K,  88% used [0x00000007a6ab0000, 0x00000007a7d84dc8, 0x00000007a8000000)
  to   space 21824K,   0% used [0x00000007a5560000, 0x00000007a5560000, 0x00000007a6ab0000)
 concurrent mark-sweep generation total 393216K, used 175282K [0x00000007a8000000, 0x00000007c0000000, 0x00000007c0000000)
 Metaspace       used 39757K, capacity 40688K, committed 41028K, reserved 1085440K
  class space    used 4326K, capacity 4572K, committed 4708K, reserved 1048576K
2017-06-02T18:22:12.413-0100: 107512.202: [GC (Allocation Failure) 2017-06-02T18:22:12.413-0100: 107512.203: [ParNew
Desired survivor size 20112992 bytes, new threshold 8 (max 8)
- age   1:    3523768 bytes,    3523768 total
- age   2:    1079928 bytes,    4603696 total
- age   3:    1630376 bytes,    6234072 total
- age   4:    5385528 bytes,   11619600 total
- age   5:    3762128 bytes,   15381728 total
- age   6:     993184 bytes,   16374912 total
- age   7:     724760 bytes,   17099672 total
- age   8:     787680 bytes,   17887352 total
: 106707K->21667K(109248K), 0.0059870 secs] 281990K->200159K(502464K), 0.0060661 secs] [Times: user=0.02 sys=0.00, real=0.00 secs] 
Heap after GC invocations=466 (full 4):
 par new generation   total 109248K, used 21667K [0x00000007a0000000, 0x00000007a8000000, 0x00000007a8000000)
  eden space 87424K,   0% used [0x00000007a0000000, 0x00000007a0000000, 0x00000007a5560000)
  from space 21824K,  99% used [0x00000007a5560000, 0x00000007a6a88c68, 0x00000007a6ab0000)
  to   space 21824K,   0% used [0x00000007a6ab0000, 0x00000007a6ab0000, 0x00000007a8000000)
 concurrent mark-sweep generation total 393216K, used 178492K [0x00000007a8000000, 0x00000007c0000000, 0x00000007c0000000)
 Metaspace       used 39757K, capacity 40688K, committed 41028K, reserved 1085440K
  class space    used 4326K, capacity 4572K, committed 4708K, reserved 1048576K
}
2017-06-02T18:22:12.419-0100: 107512.209: Total time for which application threads were stopped: 0.0062545 seconds, Stopping threads took: 0.0000182 seconds
{Heap before GC invocations=466 (full 4):
 par new generation   total 109248K, used 109091K [0x00000007a0000000, 0x00000007a8000000, 0x00000007a8000000)
  eden space 87424K, 100% used [0x00000007a0000000, 0x00000007a5560000, 0x00000007a5560000)
  from space 21824K,  99% used [0x00000007a5560000, 0x00000007a6a88c68, 0x00000007a6ab0000)
  to   space 21824K,   0% used [0x00000007a6ab0000, 0x00000007a6ab0000, 0x00000007a8000000)
 concurrent mark-sweep generation total 393216K, used 178492K [0x00000007a8000000, 0x00000007c0000000, 0x00000007c0000000)
 Metaspace       used 39757K, capacity 40688K, committed 41028K, reserved 1085440K
  class space    used 4326K, capacity 4572K, committed 4708K, reserved 1048576K
2017-06-02T18:22:12.628-0100: 107512.417: [GC (Allocation Failure) 2017-06-02T18:22:12.628-0100: 107512.417: [ParNew
Desired survivor size 20112992 bytes, new threshold 8 (max 8)
- age   1:    6066456 bytes,    6066456 total
- age   2:    2922024 bytes,    8988480 total
- age   3:     554704 bytes,    9543184 total
- age   4:    1105328 bytes,   10648512 total
- age   5:    3210384 bytes,   13858896 total
- age   6:    1566080 bytes,   15424976 total
- age   7:     501264 bytes,   15926240 total
- age   8:     724384 bytes,   16650624 total
: 109091K->21824K(109248K), 0.0062343 secs] 287583K->204267K(502464K), 0.0063118 secs] [Times: user=0.02 sys=0.00, real=0.01 secs] 
Heap after GC invocations=467 (full 4):
 par new generation   total 109248K, used 21824K [0x00000007a0000000, 0x00000007a8000000, 0x00000007a8000000)
  eden space 87424K,   0% used [0x00000007a0000000, 0x00000007a0000000, 0x00000007a5560000)
  from space 21824K, 100% used [0x00000007a6ab0000, 0x00000007a8000000, 0x00000007a8000000)
  to   space 21824K,   0% used [0x00000007a5560000, 0x00000007a5560000, 0x00000007a6ab0000)
 concurrent mark-sweep generation total 393216K, used 182443K [0x00000007a8000000, 0x00000007c0000000, 0x00000007c0000000)
 Metaspace       used 39757K, capacity 40688K, committed 41028K, reserved 1085440K
  class space    used 4326K, capacity 4572K, committed 4708K, reserved 1048576K
}
2017-06-02T18:22:12.634-0100: 107512.423: Total time for which application threads were stopped: 0.0064980 seconds, Stopping threads took: 0.0000181 seconds
{Heap before GC invocations=467 (full 4):
 par new generation   total 109248K, used 109248K [0x00000007a0000000, 0x00000007a8000000, 0x00000007a8000000)
  eden space 87424K, 100% used [0x00000007a0000000, 0x00000007a5560000, 0x00000007a5560000)
  from space 21824K, 100% used [0x00000007a6ab0000, 0x00000007a8000000, 0x00000007a8000000)
  to   space 21824K,   0% used [0x00000007a5560000, 0x00000007a5560000, 0x00000007a6ab0000)
 concurrent mark-sweep generation total 393216K, used 182443K [0x00000007a8000000, 0x00000007c0000000, 0x00000007c0000000)
 Metaspace       used 39757K, capacity 40688K, committed 41028K, reserved 1085440K
  class space    used 4326K, capacity 4572K, committed 4708K, reserved 1048576K
2017-06-02T18:22:12.832-0100: 107512.621: [GC (Allocation Failure) 2017-06-02T18:22:12.832-0100: 107512.621: [ParNew
Desired survivor size 20112992 bytes, new threshold 8 (max 8)
- age   1:    4401328 bytes,    4401328 total
- age   2:    5961504 bytes,   10362832 total
- age   3:    2920248 bytes,   13283080 total
- age   4:     554704 bytes,   13837784 total
- age   5:    1104992 bytes,   14942776 total
- age   6:     570784 bytes,   15513560 total
- age   7:    1520792 bytes,   17034352 total
- age   8:     497088 bytes,   17531440 total
: 109248K->21762K(109248K), 0.0059470 secs] 291691K->204922K(502464K), 0.0060199 secs] [Times: user=0.02 sys=0.00, real=0.00 secs] 
Heap after GC invocations=468 (full 4):
 par new generation   total 109248K, used 21762K [0x00000007a0000000, 0x00000007a8000000, 0x00000007a8000000)
  eden space 87424K,   0% used [0x00000007a0000000, 0x00000007a0000000, 0x00000007a5560000)
  from space 21824K,  99% used [0x00000007a5560000, 0x00000007a6aa09d0, 0x00000007a6ab0000)
  to   space 21824K,   0% used [0x00000007a6ab0000, 0x00000007a6ab0000, 0x00000007a8000000)
 concurrent mark-sweep generation total 393216K, used 183160K [0x00000007a8000000, 0x00000007c0000000, 0x00000007c0000000)
 Metaspace       used 39757K, capacity 40688K, committed 41028K, reserved 1085440K
  class space    used 4326K, capacity 4572K, committed 4708K, reserved 1048576K
}
2017-06-02T18:22:12.838-0100: 107512.627: Total time for which application threads were stopped: 0.0062082 seconds, Stopping threads took: 0.0000333 seconds
{Heap before GC invocations=468 (full 4):
 par new generation   total 109248K, used 109186K [0x00000007a0000000, 0x00000007a8000000, 0x00000007a8000000)
  eden space 87424K, 100% used [0x00000007a0000000, 0x00000007a5560000, 0x00000007a5560000)
  from space 21824K,  99% used [0x00000007a5560000, 0x00000007a6aa09d0, 0x00000007a6ab0000)
  to   space 21824K,   0% used [0x00000007a6ab0000, 0x00000007a6ab0000, 0x00000007a8000000)
 concurrent mark-sweep generation total 393216K, used 183160K [0x00000007a8000000, 0x00000007c0000000, 0x00000007c0000000)
 Metaspace       used 39757K, capacity 40688K, committed 41028K, reserved 1085440K
  class space    used 4326K, capacity 4572K, committed 4708K, reserved 1048576K
2017-06-02T18:22:13.036-0100: 107512.825: [GC (Allocation Failure) 2017-06-02T18:22:13.036-0100: 107512.825: [ParNew
Desired survivor size 20112992 bytes, new threshold 8 (max 8)
- age   1:    1532576 bytes,    1532576 total
- age   2:    4333640 bytes,    5866216 total
- age   3:    5961504 bytes,   11827720 total
- age   4:    2920248 bytes,   14747968 total
- age   5:     554704 bytes,   15302672 total
- age   6:    1104992 bytes,   16407664 total
- age   7:     506360 bytes,   16914024 total
- age   8:    1520744 bytes,   18434768 total
: 109186K->21824K(109248K), 0.0062194 secs] 292346K->205479K(502464K), 0.0062772 secs] [Times: user=0.02 sys=0.01, real=0.01 secs] 
Heap after GC invocations=469 (full 4):
 par new generation   total 109248K, used 21824K [0x00000007a0000000, 0x00000007a8000000, 0x00000007a8000000)
  eden space 87424K,   0% used [0x00000007a0000000, 0x00000007a0000000, 0x00000007a5560000)
  from space 21824K, 100% used [0x00000007a6ab0000, 0x00000007a8000000, 0x00000007a8000000)
  to   space 21824K,   0% used [0x00000007a5560000, 0x00000007a5560000, 0x00000007a6ab0000)
 concurrent mark-sweep generation total 393216K, used 183655K [0x00000007a8000000, 0x00000007c0000000, 0x00000007c0000000)
 Metaspace       used 39757K, capacity 40688K, committed 41028K, reserved 1085440K
  class space    used 4326K, capacity 4572K, committed 4708K, reserved 1048576K
}
2017-06-02T18:22:13.042-0100: 107512.831: Total time for which application threads were stopped: 0.0064617 seconds, Stopping threads took: 0.0000245 seconds
{Heap before GC invocations=469 (full 4):
 par new generation   total 109248K, used 109248K [0x00000007a0000000, 0x00000007a8000000, 0x00000007a8000000)
  eden space 87424K, 100% used [0x00000007a0000000, 0x00000007a5560000, 0x00000007a5560000)
  from space 21824K, 100% used [0x00000007a6ab0000, 0x00000007a8000000, 0x00000007a8000000)
  to   space 21824K,   0% used [0x00000007a5560000, 0x00000007a5560000, 0x00000007a6ab0000)
 concurrent mark-sweep generation total 393216K, used 183655K [0x00000007a8000000, 0x00000007c0000000, 0x00000007c0000000)
 Metaspace       used 39757K, capacity 40688K, committed 41028K, reserved 1085440K
  class space    used 4326K, capacity 4572K, committed 4708K, reserved 1048576K
2017-06-02T18:22:13.231-0100: 107513.020: [GC (Allocation Failure) 2017-06-02T18:22:13.231-0100: 107513.020: [ParNew
Desired survivor size 20112992 bytes, new threshold 8 (max 8)
- age   1:     894336 bytes,     894336 total
- age   2:    1129184 bytes,    2023520 total
- age   3:    4329880 bytes,    6353400 total
- age   4:    5956840 bytes,   12310240 total
- age   5:    2905176 bytes,   15215416 total
- age   6:     550568 bytes,   15765984 total
- age   7:    1100048 bytes,   16866032 total
- age   8:     503048 bytes,   17369080 total
: 109248K->21824K(109248K), 0.0127565 secs] 292903K->207778K(502464K), 0.0128385 secs] [Times: user=0.04 sys=0.00, real=0.01 secs] 
Heap after GC invocations=470 (full 4):
 par new generation   total 109248K, used 21824K [0x00000007a0000000, 0x00000007a8000000, 0x00000007a8000000)
  eden space 87424K,   0% used [0x00000007a0000000, 0x00000007a0000000, 0x00000007a5560000)
  from space 21824K, 100% used [0x00000007a5560000, 0x00000007a6ab0000, 0x00000007a6ab0000)
  to   space 21824K,   0% used [0x00000007a6ab0000, 0x00000007a6ab0000, 0x00000007a8000000)
 concurrent mark-sweep generation total 393216K, used 185954K [0x00000007a8000000, 0x00000007c0000000, 0x00000007c0000000)
 Metaspace       used 39757K, capacity 40688K, committed 41028K, reserved 1085440K
  class space    used 4326K, capacity 4572K, committed 4708K, reserved 1048576K
}
2017-06-02T18:22:13.243-0100: 107513.033: Total time for which application threads were stopped: 0.0130227 seconds, Stopping threads took: 0.0000182 seconds
{Heap before GC invocations=470 (full 4):
 par new generation   total 109248K, used 109248K [0x00000007a0000000, 0x00000007a8000000, 0x00000007a8000000)
  eden space 87424K, 100% used [0x00000007a0000000, 0x00000007a5560000, 0x00000007a5560000)
  from space 21824K, 100% used [0x00000007a5560000, 0x00000007a6ab0000, 0x00000007a6ab0000)
  to   space 21824K,   0% used [0x00000007a6ab0000, 0x00000007a6ab0000, 0x00000007a8000000)
 concurrent mark-sweep generation total 393216K, used 185954K [0x00000007a8000000, 0x00000007c0000000, 0x00000007c0000000)
 Metaspace       used 39757K, capacity 40688K, committed 41028K, reserved 1085440K
  class space    used 4326K, capacity 4572K, committed 4708K, reserved 1048576K
2017-06-02T18:22:13.419-0100: 107513.209: [GC (Allocation Failure) 2017-06-02T18:22:13.419-0100: 107513.209: [ParNew
Desired survivor size 20112992 bytes, new threshold 8 (max 8)
- age   1:    5604600 bytes,    5604600 total
- age   2:     798856 bytes,    6403456 total
- age   3:    1099800 bytes,    7503256 total
- age   4:    1759512 bytes,    9262768 total
- age   5:    6130280 bytes,   15393048 total
- age   6:    1922224 bytes,   17315272 total
- age   7:     525616 bytes,   17840888 total
- age   8:     507016 bytes,   18347904 total
: 109248K->21824K(109248K), 0.0068209 secs] 295202K->211058K(502464K), 0.0069000 secs] [Times: user=0.03 sys=0.00, real=0.01 secs] 
Heap after GC invocations=471 (full 4):
 par new generation   total 109248K, used 21824K [0x00000007a0000000, 0x00000007a8000000, 0x00000007a8000000)
  eden space 87424K,   0% used [0x00000007a0000000, 0x00000007a0000000, 0x00000007a5560000)
  from space 21824K, 100% used [0x00000007a6ab0000, 0x00000007a8000000, 0x00000007a8000000)
  to   space 21824K,   0% used [0x00000007a5560000, 0x00000007a5560000, 0x00000007a6ab0000)
 concurrent mark-sweep generation total 393216K, used 189234K [0x00000007a8000000, 0x00000007c0000000, 0x00000007c0000000)
 Metaspace       used 39757K, capacity 40688K, committed 41028K, reserved 1085440K
  class space    used 4326K, capacity 4572K, committed 4708K, reserved 1048576K
}
2017-06-02T18:22:13.426-0100: 107513.216: Total time for which application threads were stopped: 0.0071071 seconds, Stopping threads took: 0.0000193 seconds
{Heap before GC invocations=471 (full 4):
 par new generation   total 109248K, used 109248K [0x00000007a0000000, 0x00000007a8000000, 0x00000007a8000000)
  eden space 87424K, 100% used [0x00000007a0000000, 0x00000007a5560000, 0x00000007a5560000)
  from space 21824K, 100% used [0x00000007a6ab0000, 0x00000007a8000000, 0x00000007a8000000)
  to   space 21824K,   0% used [0x00000007a5560000, 0x00000007a5560000, 0x00000007a6ab0000)
 concurrent mark-sweep generation total 393216K, used 189234K [0x00000007a8000000, 0x00000007c0000000, 0x00000007c0000000)
 Metaspace       used 39757K, capacity 40688K, committed 41028K, reserved 1085440K
  class space    used 4326K, capacity 4572K, committed 4708K, reserved 1048576K
2017-06-02T18:22:13.609-0100: 107513.398: [GC (Allocation Failure) 2017-06-02T18:22:13.609-0100: 107513.398: [ParNew
Desired survivor size 20112992 bytes, new threshold 8 (max 8)
- age   1:    1617216 bytes,    1617216 total
- age   2:    4868344 bytes,    6485560 total
- age   3:     714464 bytes,    7200024 total
- age   4:     983424 bytes,    8183448 total
- age   5:    1677312 bytes,    9860760 total
- age   6:    5232720 bytes,   15093480 total
- age   7:    1118840 bytes,   16212320 total
- age   8:     442376 bytes,   16654696 total
: 109248K->21824K(109248K), 0.0064633 secs] 298482K->213478K(502464K), 0.0065269 secs] [Times: user=0.02 sys=0.00, real=0.01 secs] 
Heap after GC invocations=472 (full 4):
 par new generation   total 109248K, used 21824K [0x00000007a0000000, 0x00000007a8000000, 0x00000007a8000000)
  eden space 87424K,   0% used [0x00000007a0000000, 0x00000007a0000000, 0x00000007a5560000)
  from space 21824K, 100% used [0x00000007a5560000, 0x00000007a6ab0000, 0x00000007a6ab0000)
  to   space 21824K,   0% used [0x00000007a6ab0000, 0x00000007a6ab0000, 0x00000007a8000000)
 concurrent mark-sweep generation total 393216K, used 191654K [0x00000007a8000000, 0x00000007c0000000, 0x00000007c0000000)
 Metaspace       used 39757K, capacity 40688K, committed 41028K, reserved 1085440K
  class space    used 4326K, capacity 4572K, committed 4708K, reserved 1048576K
}
2017-06-02T18:22:13.615-0100: 107513.405: Total time for which application threads were stopped: 0.0067084 seconds, Stopping threads took: 0.0000183 seconds
{Heap before GC invocations=472 (full 4):
 par new generation   total 109248K, used 109248K [0x00000007a0000000, 0x00000007a8000000, 0x00000007a8000000)
  eden space 87424K, 100% used [0x00000007a0000000, 0x00000007a5560000, 0x00000007a5560000)
  from space 21824K, 100% used [0x00000007a5560000, 0x00000007a6ab0000, 0x00000007a6ab0000)
  to   space 21824K,   0% used [0x00000007a6ab0000, 0x00000007a6ab0000, 0x00000007a8000000)
 concurrent mark-sweep generation total 393216K, used 191654K [0x00000007a8000000, 0x00000007c0000000, 0x00000007c0000000)
 Metaspace       used 39757K, capacity 40688K, committed 41028K, reserved 1085440K
  class space    used 4326K, capacity 4572K, committed 4708K, reserved 1048576K
2017-06-02T18:22:13.784-0100: 107513.573: [GC (Allocation Failure) 2017-06-02T18:22:13.784-0100: 107513.573: [ParNew
Desired survivor size 20112992 bytes, new threshold 8 (max 8)
- age   1:    8575400 bytes,    8575400 total
- age   2:    1198816 bytes,    9774216 total
- age   3:    4849800 bytes,   14624016 total
- age   4:     431080 bytes,   15055096 total
- age   5:     963944 bytes,   16019040 total
- age   6:    1234032 bytes,   17253072 total
- age   7:    2048744 bytes,   19301816 total
- age   8:     375104 bytes,   19676920 total
: 109248K->21824K(109248K), 0.0069480 secs] 300902K->215593K(502464K), 0.0070111 secs] [Times: user=0.02 sys=0.00, real=0.01 secs] 
Heap after GC invocations=473 (full 4):
 par new generation   total 109248K, used 21824K [0x00000007a0000000, 0x00000007a8000000, 0x00000007a8000000)
  eden space 87424K,   0% used [0x00000007a0000000, 0x00000007a0000000, 0x00000007a5560000)
  from space 21824K, 100% used [0x00000007a6ab0000, 0x00000007a8000000, 0x00000007a8000000)
  to   space 21824K,   0% used [0x00000007a5560000, 0x00000007a5560000, 0x00000007a6ab0000)
 concurrent mark-sweep generation total 393216K, used 193769K [0x00000007a8000000, 0x00000007c0000000, 0x00000007c0000000)
 Metaspace       used 39757K, capacity 40688K, committed 41028K, reserved 1085440K
  class space    used 4326K, capacity 4572K, committed 4708K, reserved 1048576K
}
2017-06-02T18:22:13.791-0100: 107513.580: Total time for which application threads were stopped: 0.0071897 seconds, Stopping threads took: 0.0000186 seconds
{Heap before GC invocations=473 (full 4):
 par new generation   total 109248K, used 109248K [0x00000007a0000000, 0x00000007a8000000, 0x00000007a8000000)
  eden space 87424K, 100% used [0x00000007a0000000, 0x00000007a5560000, 0x00000007a5560000)
  from space 21824K, 100% used [0x00000007a6ab0000, 0x00000007a8000000, 0x00000007a8000000)
  to   space 21824K,   0% used [0x00000007a5560000, 0x00000007a5560000, 0x00000007a6ab0000)
 concurrent mark-sweep generation total 393216K, used 193769K [0x00000007a8000000, 0x00000007c0000000, 0x00000007c0000000)
 Metaspace       used 39757K, capacity 40688K, committed 41028K, reserved 1085440K
  class space    used 4326K, capacity 4572K, committed 4708K, reserved 1048576K
2017-06-02T18:22:13.972-0100: 107513.761: [GC (Allocation Failure) 2017-06-02T18:22:13.972-0100: 107513.761: [ParNew
Desired survivor size 20112992 bytes, new threshold 8 (max 8)
- age   1:    1863256 bytes,    1863256 total
- age   2:    8472056 bytes,   10335312 total
- age   3:    1196592 bytes,   11531904 total
- age   4:    4849800 bytes,   16381704 total
- age   5:     431080 bytes,   16812784 total
- age   6:     963048 bytes,   17775832 total
- age   7:    1234032 bytes,   19009864 total
- age   8:    2048744 bytes,   21058608 total
: 109248K->21824K(109248K), 0.0117573 secs] 303017K->215965K(502464K), 0.0118151 secs] [Times: user=0.04 sys=0.01, real=0.01 secs] 
Heap after GC invocations=474 (full 4):
 par new generation   total 109248K, used 21824K [0x00000007a0000000, 0x00000007a8000000, 0x00000007a8000000)
  eden space 87424K,   0% used [0x00000007a0000000, 0x00000007a0000000, 0x00000007a5560000)
  from space 21824K, 100% used [0x00000007a5560000, 0x00000007a6ab0000, 0x00000007a6ab0000)
  to   space 21824K,   0% used [0x00000007a6ab0000, 0x00000007a6ab0000, 0x00000007a8000000)
 concurrent mark-sweep generation total 393216K, used 194141K [0x00000007a8000000, 0x00000007c0000000, 0x00000007c0000000)
 Metaspace       used 39757K, capacity 40688K, committed 41028K, reserved 1085440K
  class space    used 4326K, capacity 4572K, committed 4708K, reserved 1048576K
}
2017-06-02T18:22:13.984-0100: 107513.773: Total time for which application threads were stopped: 0.0119979 seconds, Stopping threads took: 0.0000184 seconds
{Heap before GC invocations=474 (full 4):
 par new generation   total 109248K, used 109248K [0x00000007a0000000, 0x00000007a8000000, 0x00000007a8000000)
  eden space 87424K, 100% used [0x00000007a0000000, 0x00000007a5560000, 0x00000007a5560000)
  from space 21824K, 100% used [0x00000007a5560000, 0x00000007a6ab0000, 0x00000007a6ab0000)
  to   space 21824K,   0% used [0x00000007a6ab0000, 0x00000007a6ab0000, 0x00000007a8000000)
 concurrent mark-sweep generation total 393216K, used 194141K [0x00000007a8000000, 0x00000007c0000000, 0x00000007c0000000)
 Metaspace       used 39757K, capacity 40688K, committed 41028K, reserved 1085440K
  class space    used 4326K, capacity 4572K, committed 4708K, reserved 1048576K
2017-06-02T18:22:14.202-0100: 107513.991: [GC (Allocation Failure) 2017-06-02T18:22:14.202-0100: 107513.992: [ParNew
Desired survivor size 20112992 bytes, new threshold 8 (max 8)
- age   1:    1927200 bytes,    1927200 total
- age   2:    1803744 bytes,    3730944 total
- age   3:    5608928 bytes,    9339872 total
- age   4:    1196592 bytes,   10536464 total
- age   5:    4846488 bytes,   15382952 total
- age   6:     418056 bytes,   15801008 total
- age   7:     963048 bytes,   16764056 total
- age   8:    1229120 bytes,   17993176 total
: 109248K->21824K(109248K), 0.0064495 secs] 303389K->222210K(502464K), 0.0065337 secs] [Times: user=0.02 sys=0.00, real=0.00 secs] 
Heap after GC invocations=475 (full 4):
 par new generation   total 109248K, used 21824K [0x00000007a0000000, 0x00000007a8000000, 0x00000007a8000000)
  eden space 87424K,   0% used [0x00000007a0000000, 0x00000007a0000000, 0x00000007a5560000)
  from space 21824K, 100% used [0x00000007a6ab0000, 0x00000007a8000000, 0x00000007a8000000)
  to   space 21824K,   0% used [0x00000007a5560000, 0x00000007a5560000, 0x00000007a6ab0000)
 concurrent mark-sweep generation total 393216K, used 200386K [0x00000007a8000000, 0x00000007c0000000, 0x00000007c0000000)
 Metaspace       used 39757K, capacity 40688K, committed 41028K, reserved 1085440K
  class space    used 4326K, capacity 4572K, committed 4708K, reserved 1048576K
}
2017-06-02T18:22:14.209-0100: 107513.998: Total time for which application threads were stopped: 0.0067450 seconds, Stopping threads took: 0.0000207 seconds
2017-06-02T18:22:14.209-0100: 107513.998: [GC (CMS Initial Mark) [1 CMS-initial-mark: 200386K(393216K)] 223983K(502464K), 0.0015710 secs] [Times: user=0.00 sys=0.00, real=0.01 secs] 
2017-06-02T18:22:14.211-0100: 107514.000: Total time for which application threads were stopped: 0.0017200 seconds, Stopping threads took: 0.0000288 seconds
2017-06-02T18:22:14.211-0100: 107514.000: [CMS-concurrent-mark-start]
2017-06-02T18:22:14.230-0100: 107514.019: [CMS-concurrent-mark: 0.019/0.019 secs] [Times: user=0.10 sys=0.00, real=0.02 secs] 
2017-06-02T18:22:14.230-0100: 107514.019: [CMS-concurrent-preclean-start]
2017-06-02T18:22:14.231-0100: 107514.020: [CMS-concurrent-preclean: 0.001/0.001 secs] [Times: user=0.00 sys=0.00, real=0.00 secs] 
2017-06-02T18:22:14.231-0100: 107514.020: [CMS-concurrent-abortable-preclean-start]
2017-06-02T18:22:14.324-0100: 107514.113: [CMS-concurrent-abortable-preclean: 0.092/0.093 secs] [Times: user=0.18 sys=0.00, real=0.09 secs] 
2017-06-02T18:22:14.324-0100: 107514.113: [GC (CMS Final Remark) [YG occupancy: 71070 K (109248 K)]{Heap before GC invocations=475 (full 5):
 par new generation   total 109248K, used 71070K [0x00000007a0000000, 0x00000007a8000000, 0x00000007a8000000)
  eden space 87424K,  56% used [0x00000007a0000000, 0x00000007a3017848, 0x00000007a5560000)
  from space 21824K, 100% used [0x00000007a6ab0000, 0x00000007a8000000, 0x00000007a8000000)
  to   space 21824K,   0% used [0x00000007a5560000, 0x00000007a5560000, 0x00000007a6ab0000)
 concurrent mark-sweep generation total 393216K, used 200386K [0x00000007a8000000, 0x00000007c0000000, 0x00000007c0000000)
 Metaspace       used 39757K, capacity 40688K, committed 41028K, reserved 1085440K
  class space    used 4326K, capacity 4572K, committed 4708K, reserved 1048576K
2017-06-02T18:22:14.324-0100: 107514.113: [GC (CMS Final Remark) 2017-06-02T18:22:14.324-0100: 107514.113: [ParNew
Desired survivor size 20112992 bytes, new threshold 8 (max 8)
- age   1:    1098736 bytes,    1098736 total
- age   2:    1705424 bytes,    2804160 total
- age   3:    1095728 bytes,    3899888 total
- age   4:    5269352 bytes,    9169240 total
- age   5:    1192272 bytes,   10361512 total
- age   6:    4839608 bytes,   15201120 total
- age   7:     413712 bytes,   15614832 total
- age   8:     958856 bytes,   16573688 total
: 71070K->21824K(109248K), 0.0063467 secs] 271456K->224243K(502464K), 0.0064039 secs] [Times: user=0.02 sys=0.00, real=0.01 secs] 
Heap after GC invocations=476 (full 5):
 par new generation   total 109248K, used 21824K [0x00000007a0000000, 0x00000007a8000000, 0x00000007a8000000)
  eden space 87424K,   0% used [0x00000007a0000000, 0x00000007a0000000, 0x00000007a5560000)
  from space 21824K, 100% used [0x00000007a5560000, 0x00000007a6ab0000, 0x00000007a6ab0000)
  to   space 21824K,   0% used [0x00000007a6ab0000, 0x00000007a6ab0000, 0x00000007a8000000)
 concurrent mark-sweep generation total 393216K, used 202419K [0x00000007a8000000, 0x00000007c0000000, 0x00000007c0000000)
 Metaspace       used 39757K, capacity 40688K, committed 41028K, reserved 1085440K
  class space    used 4326K, capacity 4572K, committed 4708K, reserved 1048576K
}
2017-06-02T18:22:14.330-0100: 107514.120: [Rescan (parallel) , 0.0024549 secs]2017-06-02T18:22:14.333-0100: 107514.122: [weak refs processing, 0.0011274 secs]2017-06-02T18:22:14.334-0100: 107514.123: [class unloading, 0.0218353 secs]2017-06-02T18:22:14.356-0100: 107514.145: [scrub symbol table, 0.0037733 secs]2017-06-02T18:22:14.360-0100: 107514.149: [scrub string table, 0.0004400 secs][1 CMS-remark: 202419K(393216K)] 224243K(502464K), 0.0362609 secs] [Times: user=0.06 sys=0.00, real=0.04 secs] 
2017-06-02T18:22:14.360-0100: 107514.149: Total time for which application threads were stopped: 0.0364367 seconds, Stopping threads took: 0.0000624 seconds
2017-06-02T18:22:14.360-0100: 107514.149: [CMS-concurrent-sweep-start]
2017-06-02T18:22:14.361-0100: 107514.150: Total time for which application threads were stopped: 0.0001258 seconds, Stopping threads took: 0.0000250 seconds
2017-06-02T18:22:14.361-0100: 107514.150: Total time for which application threads were stopped: 0.0001295 seconds, Stopping threads took: 0.0000430 seconds
2017-06-02T18:22:14.361-0100: 107514.150: Total time for which application threads were stopped: 0.0000901 seconds, Stopping threads took: 0.0000267 seconds
2017-06-02T18:22:14.361-0100: 107514.150: Total time for which application threads were stopped: 0.0000975 seconds, Stopping threads took: 0.0000464 seconds
2017-06-02T18:22:14.361-0100: 107514.150: Total time for which application threads were stopped: 0.0000647 seconds, Stopping threads took: 0.0000184 seconds
2017-06-02T18:22:14.361-0100: 107514.151: Total time for which application threads were stopped: 0.0000722 seconds, Stopping threads took: 0.0000197 seconds
2017-06-02T18:22:14.361-0100: 107514.151: Total time for which application threads were stopped: 0.0000756 seconds, Stopping threads took: 0.0000273 seconds
2017-06-02T18:22:14.362-0100: 107514.151: Total time for which application threads were stopped: 0.0000907 seconds, Stopping threads took: 0.0000342 seconds
2017-06-02T18:22:14.362-0100: 107514.151: Total time for which application threads were stopped: 0.0000522 seconds, Stopping threads took: 0.0000074 seconds
2017-06-02T18:22:14.362-0100: 107514.151: Total time for which application threads were stopped: 0.0000681 seconds, Stopping threads took: 0.0000189 seconds
2017-06-02T18:22:14.362-0100: 107514.151: Total time for which application threads were stopped: 0.0000581 seconds, Stopping threads took: 0.0000101 seconds
2017-06-02T18:22:14.362-0100: 107514.151: Total time for which application threads were stopped: 0.0000751 seconds, Stopping threads took: 0.0000157 seconds
2017-06-02T18:22:14.362-0100: 107514.151: Total time for which application threads were stopped: 0.0000608 seconds, Stopping threads took: 0.0000090 seconds
2017-06-02T18:22:14.362-0100: 107514.151: Total time for which application threads were stopped: 0.0000627 seconds, Stopping threads took: 0.0000157 seconds
2017-06-02T18:22:14.362-0100: 107514.151: Total time for which application threads were stopped: 0.0000577 seconds, Stopping threads took: 0.0000103 seconds
2017-06-02T18:22:14.362-0100: 107514.152: Total time for which application threads were stopped: 0.0000645 seconds, Stopping threads took: 0.0000153 seconds
2017-06-02T18:22:14.363-0100: 107514.152: Total time for which application threads were stopped: 0.0000635 seconds, Stopping threads took: 0.0000145 seconds
2017-06-02T18:22:14.363-0100: 107514.152: Total time for which application threads were stopped: 0.0000689 seconds, Stopping threads took: 0.0000199 seconds
2017-06-02T18:22:14.363-0100: 107514.152: Total time for which application threads were stopped: 0.0000701 seconds, Stopping threads took: 0.0000138 seconds
2017-06-02T18:22:14.363-0100: 107514.152: Total time for which application threads were stopped: 0.0000889 seconds, Stopping threads took: 0.0000371 seconds
2017-06-02T18:22:14.363-0100: 107514.152: Total time for which application threads were stopped: 0.0000938 seconds, Stopping threads took: 0.0000371 seconds
2017-06-02T18:22:14.363-0100: 107514.152: Total time for which application threads were stopped: 0.0000932 seconds, Stopping threads took: 0.0000435 seconds
2017-06-02T18:22:14.363-0100: 107514.152: Total time for which application threads were stopped: 0.0000986 seconds, Stopping threads took: 0.0000437 seconds
2017-06-02T18:22:14.363-0100: 107514.153: Total time for which application threads were stopped: 0.0000775 seconds, Stopping threads took: 0.0000248 seconds
2017-06-02T18:22:14.364-0100: 107514.153: Total time for which application threads were stopped: 0.0000964 seconds, Stopping threads took: 0.0000397 seconds
2017-06-02T18:22:14.364-0100: 107514.153: Total time for which application threads were stopped: 0.0000921 seconds, Stopping threads took: 0.0000446 seconds
2017-06-02T18:22:14.364-0100: 107514.153: Total time for which application threads were stopped: 0.0000905 seconds, Stopping threads took: 0.0000417 seconds
2017-06-02T18:22:14.364-0100: 107514.153: Total time for which application threads were stopped: 0.0000926 seconds, Stopping threads took: 0.0000426 seconds
2017-06-02T18:22:14.364-0100: 107514.153: Total time for which application threads were stopped: 0.0000817 seconds, Stopping threads took: 0.0000347 seconds
2017-06-02T18:22:14.364-0100: 107514.153: Total time for which application threads were stopped: 0.0000727 seconds, Stopping threads took: 0.0000215 seconds
2017-06-02T18:22:14.364-0100: 107514.153: Total time for which application threads were stopped: 0.0000902 seconds, Stopping threads took: 0.0000430 seconds
2017-06-02T18:22:14.364-0100: 107514.154: Total time for which application threads were stopped: 0.0001011 seconds, Stopping threads took: 0.0000511 seconds
2017-06-02T18:22:14.365-0100: 107514.154: Total time for which application threads were stopped: 0.0000910 seconds, Stopping threads took: 0.0000382 seconds
2017-06-02T18:22:14.365-0100: 107514.154: Total time for which application threads were stopped: 0.0001735 seconds, Stopping threads took: 0.0000244 seconds
2017-06-02T18:22:14.365-0100: 107514.154: Total time for which application threads were stopped: 0.0000709 seconds, Stopping threads took: 0.0000228 seconds
2017-06-02T18:22:14.366-0100: 107514.155: Total time for which application threads were stopped: 0.0006556 seconds, Stopping threads took: 0.0000271 seconds
2017-06-02T18:22:14.366-0100: 107514.155: Total time for which application threads were stopped: 0.0000839 seconds, Stopping threads took: 0.0000283 seconds
2017-06-02T18:22:14.366-0100: 107514.155: Total time for which application threads were stopped: 0.0002021 seconds, Stopping threads took: 0.0000521 seconds
2017-06-02T18:22:14.405-0100: 107514.194: [CMS-concurrent-sweep: 0.040/0.044 secs] [Times: user=0.08 sys=0.01, real=0.04 secs] 
2017-06-02T18:22:14.405-0100: 107514.194: [CMS-concurrent-reset-start]
2017-06-02T18:22:14.405-0100: 107514.194: [CMS-concurrent-reset: 0.000/0.000 secs] [Times: user=0.00 sys=0.00, real=0.00 secs] 
{Heap before GC invocations=476 (full 5):
 par new generation   total 109248K, used 109248K [0x00000007a0000000, 0x00000007a8000000, 0x00000007a8000000)
  eden space 87424K, 100% used [0x00000007a0000000, 0x00000007a5560000, 0x00000007a5560000)
  from space 21824K, 100% used [0x00000007a5560000, 0x00000007a6ab0000, 0x00000007a6ab0000)
  to   space 21824K,   0% used [0x00000007a6ab0000, 0x00000007a6ab0000, 0x00000007a8000000)
 concurrent mark-sweep generation total 393216K, used 77724K [0x00000007a8000000, 0x00000007c0000000, 0x00000007c0000000)
 Metaspace       used 39754K, capacity 40682K, committed 41028K, reserved 1085440K
  class space    used 4325K, capacity 4571K, committed 4708K, reserved 1048576K
2017-06-02T18:22:14.544-0100: 107514.333: [GC (Allocation Failure) 2017-06-02T18:22:14.544-0100: 107514.333: [ParNew
Desired survivor size 20112992 bytes, new threshold 8 (max 8)
- age   1:    6418432 bytes,    6418432 total
- age   2:     957432 bytes,    7375864 total
- age   3:    1704816 bytes,    9080680 total
- age   4:    1092168 bytes,   10172848 total
- age   5:    5269352 bytes,   15442200 total
- age   6:     611744 bytes,   16053944 total
- age   7:    1081904 bytes,   17135848 total
- age   8:     413712 bytes,   17549560 total
: 109248K->21824K(109248K), 0.0060502 secs] 186972K->100136K(502464K), 0.0061259 secs] [Times: user=0.02 sys=0.00, real=0.01 secs] 
Heap after GC invocations=477 (full 5):
 par new generation   total 109248K, used 21824K [0x00000007a0000000, 0x00000007a8000000, 0x00000007a8000000)
  eden space 87424K,   0% used [0x00000007a0000000, 0x00000007a0000000, 0x00000007a5560000)
  from space 21824K, 100% used [0x00000007a6ab0000, 0x00000007a8000000, 0x00000007a8000000)
  to   space 21824K,   0% used [0x00000007a5560000, 0x00000007a5560000, 0x00000007a6ab0000)
 concurrent mark-sweep generation total 393216K, used 78312K [0x00000007a8000000, 0x00000007c0000000, 0x00000007c0000000)
 Metaspace       used 39754K, capacity 40682K, committed 41028K, reserved 1085440K
  class space    used 4325K, capacity 4571K, committed 4708K, reserved 1048576K
}
2017-06-02T18:22:14.550-0100: 107514.339: Total time for which application threads were stopped: 0.0063406 seconds, Stopping threads took: 0.0000196 seconds
{Heap before GC invocations=477 (full 5):
 par new generation   total 109248K, used 109248K [0x00000007a0000000, 0x00000007a8000000, 0x00000007a8000000)
  eden space 87424K, 100% used [0x00000007a0000000, 0x00000007a5560000, 0x00000007a5560000)
  from space 21824K, 100% used [0x00000007a6ab0000, 0x00000007a8000000, 0x00000007a8000000)
  to   space 21824K,   0% used [0x00000007a5560000, 0x00000007a5560000, 0x00000007a6ab0000)
 concurrent mark-sweep generation total 393216K, used 78312K [0x00000007a8000000, 0x00000007c0000000, 0x00000007c0000000)
 Metaspace       used 39754K, capacity 40682K, committed 41028K, reserved 1085440K
  class space    used 4325K, capacity 4571K, committed 4708K, reserved 1048576K
2017-06-02T18:22:14.739-0100: 107514.528: [GC (Allocation Failure) 2017-06-02T18:22:14.739-0100: 107514.528: [ParNew
Desired survivor size 20112992 bytes, new threshold 8 (max 8)
- age   1:     634856 bytes,     634856 total
- age   2:    5863696 bytes,    6498552 total
- age   3:     662120 bytes,    7160672 total
- age   4:    1638952 bytes,    8799624 total
- age   5:    1091936 bytes,    9891560 total
- age   6:    5269296 bytes,   15160856 total
- age   7:     611616 bytes,   15772472 total
- age   8:    1081712 bytes,   16854184 total
: 109248K->21824K(109248K), 0.0059584 secs] 187560K->101859K(502464K), 0.0060207 secs] [Times: user=0.02 sys=0.00, real=0.01 secs] 
Heap after GC invocations=478 (full 5):
 par new generation   total 109248K, used 21824K [0x00000007a0000000, 0x00000007a8000000, 0x00000007a8000000)
  eden space 87424K,   0% used [0x00000007a0000000, 0x00000007a0000000, 0x00000007a5560000)
  from space 21824K, 100% used [0x00000007a5560000, 0x00000007a6ab0000, 0x00000007a6ab0000)
  to   space 21824K,   0% used [0x00000007a6ab0000, 0x00000007a6ab0000, 0x00000007a8000000)
 concurrent mark-sweep generation total 393216K, used 80035K [0x00000007a8000000, 0x00000007c0000000, 0x00000007c0000000)
 Metaspace       used 39754K, capacity 40682K, committed 41028K, reserved 1085440K
  class space    used 4325K, capacity 4571K, committed 4708K, reserved 1048576K
}
2017-06-02T18:22:14.745-0100: 107514.534: Total time for which application threads were stopped: 0.0061921 seconds, Stopping threads took: 0.0000184 seconds
{Heap before GC invocations=478 (full 5):
 par new generation   total 109248K, used 109248K [0x00000007a0000000, 0x00000007a8000000, 0x00000007a8000000)
  eden space 87424K, 100% used [0x00000007a0000000, 0x00000007a5560000, 0x00000007a5560000)
  from space 21824K, 100% used [0x00000007a5560000, 0x00000007a6ab0000, 0x00000007a6ab0000)
  to   space 21824K,   0% used [0x00000007a6ab0000, 0x00000007a6ab0000, 0x00000007a8000000)
 concurrent mark-sweep generation total 393216K, used 80035K [0x00000007a8000000, 0x00000007c0000000, 0x00000007c0000000)
 Metaspace       used 39754K, capacity 40682K, committed 41028K, reserved 1085440K
  class space    used 4325K, capacity 4571K, committed 4708K, reserved 1048576K
2017-06-02T18:22:14.916-0100: 107514.705: [GC (Allocation Failure) 2017-06-02T18:22:14.916-0100: 107514.705: [ParNew
Desired survivor size 20112992 bytes, new threshold 8 (max 8)
- age   1:    4368624 bytes,    4368624 total
- age   2:     569608 bytes,    4938232 total
- age   3:    5860760 bytes,   10798992 total
- age   4:     661240 bytes,   11460232 total
- age   5:    1473840 bytes,   12934072 total
- age   6:     926800 bytes,   13860872 total
- age   7:    4791200 bytes,   18652072 total
- age   8:     611056 bytes,   19263128 total
: 109248K->21824K(109248K), 0.0063282 secs] 189283K->103667K(502464K), 0.0064049 secs] [Times: user=0.02 sys=0.00, real=0.01 secs] 
Heap after GC invocations=479 (full 5):
 par new generation   total 109248K, used 21824K [0x00000007a0000000, 0x00000007a8000000, 0x00000007a8000000)
  eden space 87424K,   0% used [0x00000007a0000000, 0x00000007a0000000, 0x00000007a5560000)
  from space 21824K, 100% used [0x00000007a6ab0000, 0x00000007a8000000, 0x00000007a8000000)
  to   space 21824K,   0% used [0x00000007a5560000, 0x00000007a5560000, 0x00000007a6ab0000)
 concurrent mark-sweep generation total 393216K, used 81843K [0x00000007a8000000, 0x00000007c0000000, 0x00000007c0000000)
 Metaspace       used 39754K, capacity 40682K, committed 41028K, reserved 1085440K
  class space    used 4325K, capacity 4571K, committed 4708K, reserved 1048576K
}
2017-06-02T18:22:14.922-0100: 107514.711: Total time for which application threads were stopped: 0.0065886 seconds, Stopping threads took: 0.0000201 seconds
{Heap before GC invocations=479 (full 5):
 par new generation   total 109248K, used 109248K [0x00000007a0000000, 0x00000007a8000000, 0x00000007a8000000)
  eden space 87424K, 100% used [0x00000007a0000000, 0x00000007a5560000, 0x00000007a5560000)
  from space 21824K, 100% used [0x00000007a6ab0000, 0x00000007a8000000, 0x00000007a8000000)
  to   space 21824K,   0% used [0x00000007a5560000, 0x00000007a5560000, 0x00000007a6ab0000)
 concurrent mark-sweep generation total 393216K, used 81843K [0x00000007a8000000, 0x00000007c0000000, 0x00000007c0000000)
 Metaspace       used 39754K, capacity 40682K, committed 41028K, reserved 1085440K
  class space    used 4325K, capacity 4571K, committed 4708K, reserved 1048576K
2017-06-02T18:22:15.105-0100: 107514.894: [GC (Allocation Failure) 2017-06-02T18:22:15.105-0100: 107514.894: [ParNew
Desired survivor size 20112992 bytes, new threshold 8 (max 8)
- age   1:    5758464 bytes,    5758464 total
- age   2:    3763400 bytes,    9521864 total
- age   3:     569608 bytes,   10091472 total
- age   4:    5860592 bytes,   15952064 total
- age   5:     661240 bytes,   16613304 total
- age   6:    1473672 bytes,   18086976 total
- age   7:     926800 bytes,   19013776 total
- age   8:    1565544 bytes,   20579320 total
: 109248K->21717K(109248K), 0.0065066 secs] 191091K->104687K(502464K), 0.0065737 secs] [Times: user=0.02 sys=0.00, real=0.01 secs] 
Heap after GC invocations=480 (full 5):
 par new generation   total 109248K, used 21717K [0x00000007a0000000, 0x00000007a8000000, 0x00000007a8000000)
  eden space 87424K,   0% used [0x00000007a0000000, 0x00000007a0000000, 0x00000007a5560000)
  from space 21824K,  99% used [0x00000007a5560000, 0x00000007a6a95578, 0x00000007a6ab0000)
  to   space 21824K,   0% used [0x00000007a6ab0000, 0x00000007a6ab0000, 0x00000007a8000000)
 concurrent mark-sweep generation total 393216K, used 82970K [0x00000007a8000000, 0x00000007c0000000, 0x00000007c0000000)
 Metaspace       used 39754K, capacity 40682K, committed 41028K, reserved 1085440K
  class space    used 4325K, capacity 4571K, committed 4708K, reserved 1048576K
}
2017-06-02T18:22:15.112-0100: 107514.901: Total time for which application threads were stopped: 0.0067573 seconds, Stopping threads took: 0.0000184 seconds
{Heap before GC invocations=480 (full 5):
 par new generation   total 109248K, used 109141K [0x00000007a0000000, 0x00000007a8000000, 0x00000007a8000000)
  eden space 87424K, 100% used [0x00000007a0000000, 0x00000007a5560000, 0x00000007a5560000)
  from space 21824K,  99% used [0x00000007a5560000, 0x00000007a6a95578, 0x00000007a6ab0000)
  to   space 21824K,   0% used [0x00000007a6ab0000, 0x00000007a6ab0000, 0x00000007a8000000)
 concurrent mark-sweep generation total 393216K, used 82970K [0x00000007a8000000, 0x00000007c0000000, 0x00000007c0000000)
 Metaspace       used 39754K, capacity 40682K, committed 41028K, reserved 1085440K
  class space    used 4325K, capacity 4571K, committed 4708K, reserved 1048576K
2017-06-02T18:22:15.293-0100: 107515.082: [GC (Allocation Failure) 2017-06-02T18:22:15.293-0100: 107515.082: [ParNew
Desired survivor size 20112992 bytes, new threshold 8 (max 8)
- age   1:    1173912 bytes,    1173912 total
- age   2:    5646800 bytes,    6820712 total
- age   3:    1067376 bytes,    7888088 total
- age   4:     559880 bytes,    8447968 total
- age   5:    5850872 bytes,   14298840 total
- age   6:     660712 bytes,   14959552 total
- age   7:    1337368 bytes,   16296920 total
- age   8:     925616 bytes,   17222536 total
: 109141K->21824K(109248K), 0.0068705 secs] 192111K->109121K(502464K), 0.0069390 secs] [Times: user=0.02 sys=0.00, real=0.01 secs] 
Heap after GC invocations=481 (full 5):
 par new generation   total 109248K, used 21824K [0x00000007a0000000, 0x00000007a8000000, 0x00000007a8000000)
  eden space 87424K,   0% used [0x00000007a0000000, 0x00000007a0000000, 0x00000007a5560000)
  from space 21824K, 100% used [0x00000007a6ab0000, 0x00000007a8000000, 0x00000007a8000000)
  to   space 21824K,   0% used [0x00000007a5560000, 0x00000007a5560000, 0x00000007a6ab0000)
 concurrent mark-sweep generation total 393216K, used 87297K [0x00000007a8000000, 0x00000007c0000000, 0x00000007c0000000)
 Metaspace       used 39754K, capacity 40682K, committed 41028K, reserved 1085440K
  class space    used 4325K, capacity 4571K, committed 4708K, reserved 1048576K
}
2017-06-02T18:22:15.300-0100: 107515.089: Total time for which application threads were stopped: 0.0071192 seconds, Stopping threads took: 0.0000182 seconds
{Heap before GC invocations=481 (full 5):
 par new generation   total 109248K, used 109248K [0x00000007a0000000, 0x00000007a8000000, 0x00000007a8000000)
  eden space 87424K, 100% used [0x00000007a0000000, 0x00000007a5560000, 0x00000007a5560000)
  from space 21824K, 100% used [0x00000007a6ab0000, 0x00000007a8000000, 0x00000007a8000000)
  to   space 21824K,   0% used [0x00000007a5560000, 0x00000007a5560000, 0x00000007a6ab0000)
 concurrent mark-sweep generation total 393216K, used 87297K [0x00000007a8000000, 0x00000007c0000000, 0x00000007c0000000)
 Metaspace       used 39754K, capacity 40682K, committed 41028K, reserved 1085440K
  class space    used 4325K, capacity 4571K, committed 4708K, reserved 1048576K
2017-06-02T18:22:15.487-0100: 107515.276: [GC (Allocation Failure) 2017-06-02T18:22:15.487-0100: 107515.276: [ParNew
Desired survivor size 20112992 bytes, new threshold 8 (max 8)
- age   1:    1939584 bytes,    1939584 total
- age   2:    1020624 bytes,    2960208 total
- age   3:    4818616 bytes,    7778824 total
- age   4:    1023608 bytes,    8802432 total
- age   5:     516712 bytes,    9319144 total
- age   6:    5810936 bytes,   15130080 total
- age   7:     634232 bytes,   15764312 total
- age   8:    1288712 bytes,   17053024 total
: 109248K->21824K(109248K), 0.0138832 secs] 196545K->111528K(502464K), 0.0139574 secs] [Times: user=0.06 sys=0.00, real=0.02 secs] 
Heap after GC invocations=482 (full 5):
 par new generation   total 109248K, used 21824K [0x00000007a0000000, 0x00000007a8000000, 0x00000007a8000000)
  eden space 87424K,   0% used [0x00000007a0000000, 0x00000007a0000000, 0x00000007a5560000)
  from space 21824K, 100% used [0x00000007a5560000, 0x00000007a6ab0000, 0x00000007a6ab0000)
  to   space 21824K,   0% used [0x00000007a6ab0000, 0x00000007a6ab0000, 0x00000007a8000000)
 concurrent mark-sweep generation total 393216K, used 89704K [0x00000007a8000000, 0x00000007c0000000, 0x00000007c0000000)
 Metaspace       used 39754K, capacity 40682K, committed 41028K, reserved 1085440K
  class space    used 4325K, capacity 4571K, committed 4708K, reserved 1048576K
}
2017-06-02T18:22:15.501-0100: 107515.290: Total time for which application threads were stopped: 0.0141429 seconds, Stopping threads took: 0.0000193 seconds
{Heap before GC invocations=482 (full 5):
 par new generation   total 109248K, used 109248K [0x00000007a0000000, 0x00000007a8000000, 0x00000007a8000000)
  eden space 87424K, 100% used [0x00000007a0000000, 0x00000007a5560000, 0x00000007a5560000)
  from space 21824K, 100% used [0x00000007a5560000, 0x00000007a6ab0000, 0x00000007a6ab0000)
  to   space 21824K,   0% used [0x00000007a6ab0000, 0x00000007a6ab0000, 0x00000007a8000000)
 concurrent mark-sweep generation total 393216K, used 89704K [0x00000007a8000000, 0x00000007c0000000, 0x00000007c0000000)
 Metaspace       used 39754K, capacity 40682K, committed 41028K, reserved 1085440K
  class space    used 4325K, capacity 4571K, committed 4708K, reserved 1048576K
2017-06-02T18:22:15.696-0100: 107515.485: [GC (Allocation Failure) 2017-06-02T18:22:15.696-0100: 107515.485: [ParNew
Desired survivor size 20112992 bytes, new threshold 8 (max 8)
- age   1:    2424344 bytes,    2424344 total
- age   2:    1875368 bytes,    4299712 total
- age   3:    1020624 bytes,    5320336 total
- age   4:    4818616 bytes,   10138952 total
- age   5:    1022728 bytes,   11161680 total
- age   6:     516712 bytes,   11678392 total
- age   7:    5157400 bytes,   16835792 total
- age   8:     634232 bytes,   17470024 total
: 109248K->21824K(109248K), 0.0059390 secs] 198952K->112793K(502464K), 0.0060173 secs] [Times: user=0.02 sys=0.00, real=0.01 secs] 
Heap after GC invocations=483 (full 5):
 par new generation   total 109248K, used 21824K [0x00000007a0000000, 0x00000007a8000000, 0x00000007a8000000)
  eden space 87424K,   0% used [0x00000007a0000000, 0x00000007a0000000, 0x00000007a5560000)
  from space 21824K, 100% used [0x00000007a6ab0000, 0x00000007a8000000, 0x00000007a8000000)
  to   space 21824K,   0% used [0x00000007a5560000, 0x00000007a5560000, 0x00000007a6ab0000)
 concurrent mark-sweep generation total 393216K, used 90969K [0x00000007a8000000, 0x00000007c0000000, 0x00000007c0000000)
 Metaspace       used 39754K, capacity 40682K, committed 41028K, reserved 1085440K
  class space    used 4325K, capacity 4571K, committed 4708K, reserved 1048576K
}
2017-06-02T18:22:15.702-0100: 107515.491: Total time for which application threads were stopped: 0.0062090 seconds, Stopping threads took: 0.0000185 seconds
{Heap before GC invocations=483 (full 5):
 par new generation   total 109248K, used 109248K [0x00000007a0000000, 0x00000007a8000000, 0x00000007a8000000)
  eden space 87424K, 100% used [0x00000007a0000000, 0x00000007a5560000, 0x00000007a5560000)
  from space 21824K, 100% used [0x00000007a6ab0000, 0x00000007a8000000, 0x00000007a8000000)
  to   space 21824K,   0% used [0x00000007a5560000, 0x00000007a5560000, 0x00000007a6ab0000)
 concurrent mark-sweep generation total 393216K, used 90969K [0x00000007a8000000, 0x00000007c0000000, 0x00000007c0000000)
 Metaspace       used 39754K, capacity 40682K, committed 41028K, reserved 1085440K
  class space    used 4325K, capacity 4571K, committed 4708K, reserved 1048576K
2017-06-02T18:22:15.900-0100: 107515.689: [GC (Allocation Failure) 2017-06-02T18:22:15.900-0100: 107515.689: [ParNew
Desired survivor size 20112992 bytes, new threshold 8 (max 8)
- age   1:    8081696 bytes,    8081696 total
- age   2:    2276376 bytes,   10358072 total
- age   3:    1854656 bytes,   12212728 total
- age   4:    1000128 bytes,   13212856 total
- age   5:    4423680 bytes,   17636536 total
- age   6:    1004024 bytes,   18640560 total
- age   7:     499304 bytes,   19139864 total
- age   8:     909608 bytes,   20049472 total
: 109248K->21824K(109248K), 0.0095532 secs] 200217K->114371K(502464K), 0.0096210 secs] [Times: user=0.03 sys=0.00, real=0.00 secs] 
Heap after GC invocations=484 (full 5):
 par new generation   total 109248K, used 21824K [0x00000007a0000000, 0x00000007a8000000, 0x00000007a8000000)
  eden space 87424K,   0% used [0x00000007a0000000, 0x00000007a0000000, 0x00000007a5560000)
  from space 21824K, 100% used [0x00000007a5560000, 0x00000007a6ab0000, 0x00000007a6ab0000)
  to   space 21824K,   0% used [0x00000007a6ab0000, 0x00000007a6ab0000, 0x00000007a8000000)
 concurrent mark-sweep generation total 393216K, used 92547K [0x00000007a8000000, 0x00000007c0000000, 0x00000007c0000000)
 Metaspace       used 39754K, capacity 40682K, committed 41028K, reserved 1085440K
  class space    used 4325K, capacity 4571K, committed 4708K, reserved 1048576K
}
2017-06-02T18:22:15.909-0100: 107515.699: Total time for which application threads were stopped: 0.0098027 seconds, Stopping threads took: 0.0000185 seconds
{Heap before GC invocations=484 (full 5):
 par new generation   total 109248K, used 109248K [0x00000007a0000000, 0x00000007a8000000, 0x00000007a8000000)
  eden space 87424K, 100% used [0x00000007a0000000, 0x00000007a5560000, 0x00000007a5560000)
  from space 21824K, 100% used [0x00000007a5560000, 0x00000007a6ab0000, 0x00000007a6ab0000)
  to   space 21824K,   0% used [0x00000007a6ab0000, 0x00000007a6ab0000, 0x00000007a8000000)
 concurrent mark-sweep generation total 393216K, used 92547K [0x00000007a8000000, 0x00000007c0000000, 0x00000007c0000000)
 Metaspace       used 39754K, capacity 40682K, committed 41028K, reserved 1085440K
  class space    used 4325K, capacity 4571K, committed 4708K, reserved 1048576K
2017-06-02T18:22:16.101-0100: 107515.890: [GC (Allocation Failure) 2017-06-02T18:22:16.101-0100: 107515.890: [ParNew
Desired survivor size 20112992 bytes, new threshold 8 (max 8)
- age   1:    2432448 bytes,    2432448 total
- age   2:    7838952 bytes,   10271400 total
- age   3:    2259448 bytes,   12530848 total
- age   4:    1201216 bytes,   13732064 total
- age   5:     999904 bytes,   14731968 total
- age   6:    1813328 bytes,   16545296 total
- age   7:    1003536 bytes,   17548832 total
- age   8:     498976 bytes,   18047808 total
: 109248K->21824K(109248K), 0.0060862 secs] 201795K->122299K(502464K), 0.0061524 secs] [Times: user=0.02 sys=0.01, real=0.00 secs] 
Heap after GC invocations=485 (full 5):
 par new generation   total 109248K, used 21824K [0x00000007a0000000, 0x00000007a8000000, 0x00000007a8000000)
  eden space 87424K,   0% used [0x00000007a0000000, 0x00000007a0000000, 0x00000007a5560000)
  from space 21824K, 100% used [0x00000007a6ab0000, 0x00000007a8000000, 0x00000007a8000000)
  to   space 21824K,   0% used [0x00000007a5560000, 0x00000007a5560000, 0x00000007a6ab0000)
 concurrent mark-sweep generation total 393216K, used 100475K [0x00000007a8000000, 0x00000007c0000000, 0x00000007c0000000)
 Metaspace       used 39754K, capacity 40682K, committed 41028K, reserved 1085440K
  class space    used 4325K, capacity 4571K, committed 4708K, reserved 1048576K
}
2017-06-02T18:22:16.107-0100: 107515.896: Total time for which application threads were stopped: 0.0063237 seconds, Stopping threads took: 0.0000178 seconds
{Heap before GC invocations=485 (full 5):
 par new generation   total 109248K, used 109248K [0x00000007a0000000, 0x00000007a8000000, 0x00000007a8000000)
  eden space 87424K, 100% used [0x00000007a0000000, 0x00000007a5560000, 0x00000007a5560000)
  from space 21824K, 100% used [0x00000007a6ab0000, 0x00000007a8000000, 0x00000007a8000000)
  to   space 21824K,   0% used [0x00000007a5560000, 0x00000007a5560000, 0x00000007a6ab0000)
 concurrent mark-sweep generation total 393216K, used 100475K [0x00000007a8000000, 0x00000007c0000000, 0x00000007c0000000)
 Metaspace       used 39754K, capacity 40682K, committed 41028K, reserved 1085440K
  class space    used 4325K, capacity 4571K, committed 4708K, reserved 1048576K
2017-06-02T18:22:16.303-0100: 107516.092: [GC (Allocation Failure) 2017-06-02T18:22:16.303-0100: 107516.092: [ParNew
Desired survivor size 20112992 bytes, new threshold 8 (max 8)
- age   1:    1557912 bytes,    1557912 total
- age   2:    1566648 bytes,    3124560 total
- age   3:    7829672 bytes,   10954232 total
- age   4:    2257624 bytes,   13211856 total
- age   5:    1199264 bytes,   14411120 total
- age   6:     981912 bytes,   15393032 total
- age   7:    1811368 bytes,   17204400 total
- age   8:     465064 bytes,   17669464 total
: 109248K->21824K(109248K), 0.0122803 secs] 209723K->124114K(502464K), 0.0123507 secs] [Times: user=0.03 sys=0.00, real=0.01 secs] 
Heap after GC invocations=486 (full 5):
 par new generation   total 109248K, used 21824K [0x00000007a0000000, 0x00000007a8000000, 0x00000007a8000000)
  eden space 87424K,   0% used [0x00000007a0000000, 0x00000007a0000000, 0x00000007a5560000)
  from space 21824K, 100% used [0x00000007a5560000, 0x00000007a6ab0000, 0x00000007a6ab0000)
  to   space 21824K,   0% used [0x00000007a6ab0000, 0x00000007a6ab0000, 0x00000007a8000000)
 concurrent mark-sweep generation total 393216K, used 102290K [0x00000007a8000000, 0x00000007c0000000, 0x00000007c0000000)
 Metaspace       used 39754K, capacity 40682K, committed 41028K, reserved 1085440K
  class space    used 4325K, capacity 4571K, committed 4708K, reserved 1048576K
}
2017-06-02T18:22:16.315-0100: 107516.105: Total time for which application threads were stopped: 0.0125336 seconds, Stopping threads took: 0.0000183 seconds
{Heap before GC invocations=486 (full 5):
 par new generation   total 109248K, used 109248K [0x00000007a0000000, 0x00000007a8000000, 0x00000007a8000000)
  eden space 87424K, 100% used [0x00000007a0000000, 0x00000007a5560000, 0x00000007a5560000)
  from space 21824K, 100% used [0x00000007a5560000, 0x00000007a6ab0000, 0x00000007a6ab0000)
  to   space 21824K,   0% used [0x00000007a6ab0000, 0x00000007a6ab0000, 0x00000007a8000000)
 concurrent mark-sweep generation total 393216K, used 102290K [0x00000007a8000000, 0x00000007c0000000, 0x00000007c0000000)
 Metaspace       used 39754K, capacity 40682K, committed 41028K, reserved 1085440K
  class space    used 4325K, capacity 4571K, committed 4708K, reserved 1048576K
2017-06-02T18:22:16.529-0100: 107516.318: [GC (Allocation Failure) 2017-06-02T18:22:16.529-0100: 107516.318: [ParNew
Desired survivor size 20112992 bytes, new threshold 8 (max 8)
- age   1:    1460288 bytes,    1460288 total
- age   2:    1041952 bytes,    2502240 total
- age   3:    1551184 bytes,    4053424 total
- age   4:    7819424 bytes,   11872848 total
- age   5:    2248720 bytes,   14121568 total
- age   6:    1060872 bytes,   15182440 total
- age   7:     969704 bytes,   16152144 total
- age   8:    1378512 bytes,   17530656 total
: 109248K->21824K(109248K), 0.0099530 secs] 211538K->125741K(502464K), 0.0100201 secs] [Times: user=0.04 sys=0.00, real=0.01 secs] 
Heap after GC invocations=487 (full 5):
 par new generation   total 109248K, used 21824K [0x00000007a0000000, 0x00000007a8000000, 0x00000007a8000000)
  eden space 87424K,   0% used [0x00000007a0000000, 0x00000007a0000000, 0x00000007a5560000)
  from space 21824K, 100% used [0x00000007a6ab0000, 0x00000007a8000000, 0x00000007a8000000)
  to   space 21824K,   0% used [0x00000007a5560000, 0x00000007a5560000, 0x00000007a6ab0000)
 concurrent mark-sweep generation total 393216K, used 103917K [0x00000007a8000000, 0x00000007c0000000, 0x00000007c0000000)
 Metaspace       used 39754K, capacity 40682K, committed 41028K, reserved 1085440K
  class space    used 4325K, capacity 4571K, committed 4708K, reserved 1048576K
}
2017-06-02T18:22:16.539-0100: 107516.328: Total time for which application threads were stopped: 0.0102404 seconds, Stopping threads took: 0.0000242 seconds
{Heap before GC invocations=487 (full 5):
 par new generation   total 109248K, used 109248K [0x00000007a0000000, 0x00000007a8000000, 0x00000007a8000000)
  eden space 87424K, 100% used [0x00000007a0000000, 0x00000007a5560000, 0x00000007a5560000)
  from space 21824K, 100% used [0x00000007a6ab0000, 0x00000007a8000000, 0x00000007a8000000)
  to   space 21824K,   0% used [0x00000007a5560000, 0x00000007a5560000, 0x00000007a6ab0000)
 concurrent mark-sweep generation total 393216K, used 103917K [0x00000007a8000000, 0x00000007c0000000, 0x00000007c0000000)
 Metaspace       used 39754K, capacity 40682K, committed 41028K, reserved 1085440K
  class space    used 4325K, capacity 4571K, committed 4708K, reserved 1048576K
2017-06-02T18:22:16.768-0100: 107516.557: [GC (Allocation Failure) 2017-06-02T18:22:16.768-0100: 107516.557: [ParNew
Desired survivor size 20112992 bytes, new threshold 8 (max 8)
- age   1:    2891896 bytes,    2891896 total
- age   2:    1249616 bytes,    4141512 total
- age   3:    1022976 bytes,    5164488 total
- age   4:    1545312 bytes,    6709800 total
- age   5:    7816248 bytes,   14526048 total
- age   6:    2244568 bytes,   16770616 total
- age   7:    1181496 bytes,   17952112 total
- age   8:     966576 bytes,   18918688 total
: 109248K->21824K(109248K), 0.0125537 secs] 213165K->129448K(502464K), 0.0126245 secs] [Times: user=0.04 sys=0.00, real=0.02 secs] 
Heap after GC invocations=488 (full 5):
 par new generation   total 109248K, used 21824K [0x00000007a0000000, 0x00000007a8000000, 0x00000007a8000000)
  eden space 87424K,   0% used [0x00000007a0000000, 0x00000007a0000000, 0x00000007a5560000)
  from space 21824K, 100% used [0x00000007a5560000, 0x00000007a6ab0000, 0x00000007a6ab0000)
  to   space 21824K,   0% used [0x00000007a6ab0000, 0x00000007a6ab0000, 0x00000007a8000000)
 concurrent mark-sweep generation total 393216K, used 107624K [0x00000007a8000000, 0x00000007c0000000, 0x00000007c0000000)
 Metaspace       used 39754K, capacity 40682K, committed 41028K, reserved 1085440K
  class space    used 4325K, capacity 4571K, committed 4708K, reserved 1048576K
}
2017-06-02T18:22:16.781-0100: 107516.570: Total time for which application threads were stopped: 0.0127989 seconds, Stopping threads took: 0.0000185 seconds
{Heap before GC invocations=488 (full 5):
 par new generation   total 109248K, used 109248K [0x00000007a0000000, 0x00000007a8000000, 0x00000007a8000000)
  eden space 87424K, 100% used [0x00000007a0000000, 0x00000007a5560000, 0x00000007a5560000)
  from space 21824K, 100% used [0x00000007a5560000, 0x00000007a6ab0000, 0x00000007a6ab0000)
  to   space 21824K,   0% used [0x00000007a6ab0000, 0x00000007a6ab0000, 0x00000007a8000000)
 concurrent mark-sweep generation total 393216K, used 107624K [0x00000007a8000000, 0x00000007c0000000, 0x00000007c0000000)
 Metaspace       used 39754K, capacity 40682K, committed 41028K, reserved 1085440K
  class space    used 4325K, capacity 4571K, committed 4708K, reserved 1048576K
2017-06-02T18:22:16.985-0100: 107516.775: [GC (Allocation Failure) 2017-06-02T18:22:16.985-0100: 107516.775: [ParNew
Desired survivor size 20112992 bytes, new threshold 8 (max 8)
- age   1:    1009944 bytes,    1009944 total
- age   2:    1391744 bytes,    2401688 total
- age   3:     962312 bytes,    3364000 total
- age   4:    1010040 bytes,    4374040 total
- age   5:    1537936 bytes,    5911976 total
- age   6:    7812016 bytes,   13723992 total
- age   7:    2239784 bytes,   15963776 total
- age   8:    1043168 bytes,   17006944 total
: 109248K->21824K(109248K), 0.0136323 secs] 216872K->132128K(502464K), 0.0136899 secs] [Times: user=0.04 sys=0.01, real=0.01 secs] 
Heap after GC invocations=489 (full 5):
 par new generation   total 109248K, used 21824K [0x00000007a0000000, 0x00000007a8000000, 0x00000007a8000000)
  eden space 87424K,   0% used [0x00000007a0000000, 0x00000007a0000000, 0x00000007a5560000)
  from space 21824K, 100% used [0x00000007a6ab0000, 0x00000007a8000000, 0x00000007a8000000)
  to   space 21824K,   0% used [0x00000007a5560000, 0x00000007a5560000, 0x00000007a6ab0000)
 concurrent mark-sweep generation total 393216K, used 110304K [0x00000007a8000000, 0x00000007c0000000, 0x00000007c0000000)
 Metaspace       used 39754K, capacity 40682K, committed 41028K, reserved 1085440K
  class space    used 4325K, capacity 4571K, committed 4708K, reserved 1048576K
}
2017-06-02T18:22:16.999-0100: 107516.788: Total time for which application threads were stopped: 0.0138890 seconds, Stopping threads took: 0.0000203 seconds
{Heap before GC invocations=489 (full 5):
 par new generation   total 109248K, used 109248K [0x00000007a0000000, 0x00000007a8000000, 0x00000007a8000000)
  eden space 87424K, 100% used [0x00000007a0000000, 0x00000007a5560000, 0x00000007a5560000)
  from space 21824K, 100% used [0x00000007a6ab0000, 0x00000007a8000000, 0x00000007a8000000)
  to   space 21824K,   0% used [0x00000007a5560000, 0x00000007a5560000, 0x00000007a6ab0000)
 concurrent mark-sweep generation total 393216K, used 110304K [0x00000007a8000000, 0x00000007c0000000, 0x00000007c0000000)
 Metaspace       used 39754K, capacity 40682K, committed 41028K, reserved 1085440K
  class space    used 4325K, capacity 4571K, committed 4708K, reserved 1048576K
2017-06-02T18:22:17.224-0100: 107517.013: [GC (Allocation Failure) 2017-06-02T18:22:17.224-0100: 107517.013: [ParNew
Desired survivor size 20112992 bytes, new threshold 8 (max 8)
- age   1:    1951568 bytes,    1951568 total
- age   2:     944720 bytes,    2896288 total
- age   3:    1391720 bytes,    4288008 total
- age   4:     962312 bytes,    5250320 total
- age   5:    1009152 bytes,    6259472 total
- age   6:    1537936 bytes,    7797408 total
- age   7:    7812016 bytes,   15609424 total
- age   8:    1505056 bytes,   17114480 total
: 109248K->21824K(109248K), 0.0123474 secs] 219552K->133150K(502464K), 0.0124226 secs] [Times: user=0.04 sys=0.00, real=0.01 secs] 
Heap after GC invocations=490 (full 5):
 par new generation   total 109248K, used 21824K [0x00000007a0000000, 0x00000007a8000000, 0x00000007a8000000)
  eden space 87424K,   0% used [0x00000007a0000000, 0x00000007a0000000, 0x00000007a5560000)
  from space 21824K, 100% used [0x00000007a5560000, 0x00000007a6ab0000, 0x00000007a6ab0000)
  to   space 21824K,   0% used [0x00000007a6ab0000, 0x00000007a6ab0000, 0x00000007a8000000)
 concurrent mark-sweep generation total 393216K, used 111326K [0x00000007a8000000, 0x00000007c0000000, 0x00000007c0000000)
 Metaspace       used 39754K, capacity 40682K, committed 41028K, reserved 1085440K
  class space    used 4325K, capacity 4571K, committed 4708K, reserved 1048576K
}
2017-06-02T18:22:17.237-0100: 107517.026: Total time for which application threads were stopped: 0.0126252 seconds, Stopping threads took: 0.0000238 seconds
{Heap before GC invocations=490 (full 5):
 par new generation   total 109248K, used 109248K [0x00000007a0000000, 0x00000007a8000000, 0x00000007a8000000)
  eden space 87424K, 100% used [0x00000007a0000000, 0x00000007a5560000, 0x00000007a5560000)
  from space 21824K, 100% used [0x00000007a5560000, 0x00000007a6ab0000, 0x00000007a6ab0000)
  to   space 21824K,   0% used [0x00000007a6ab0000, 0x00000007a6ab0000, 0x00000007a8000000)
 concurrent mark-sweep generation total 393216K, used 111326K [0x00000007a8000000, 0x00000007c0000000, 0x00000007c0000000)
 Metaspace       used 39754K, capacity 40682K, committed 41028K, reserved 1085440K
  class space    used 4325K, capacity 4571K, committed 4708K, reserved 1048576K
2017-06-02T18:22:17.426-0100: 107517.215: [GC (Allocation Failure) 2017-06-02T18:22:17.426-0100: 107517.215: [ParNew
Desired survivor size 20112992 bytes, new threshold 8 (max 8)
- age   1:    1901056 bytes,    1901056 total
- age   2:    1842272 bytes,    3743328 total
- age   3:     944720 bytes,    4688048 total
- age   4:    1391720 bytes,    6079768 total
- age   5:     962312 bytes,    7042080 total
- age   6:    1009152 bytes,    8051232 total
- age   7:    1537936 bytes,    9589168 total
- age   8:    7812016 bytes,   17401184 total
: 109248K->20368K(109248K), 0.0062672 secs] 220574K->133169K(502464K), 0.0063398 secs] [Times: user=0.03 sys=0.00, real=0.01 secs] 
Heap after GC invocations=491 (full 5):
 par new generation   total 109248K, used 20368K [0x00000007a0000000, 0x00000007a8000000, 0x00000007a8000000)
  eden space 87424K,   0% used [0x00000007a0000000, 0x00000007a0000000, 0x00000007a5560000)
  from space 21824K,  93% used [0x00000007a6ab0000, 0x00000007a7e941b8, 0x00000007a8000000)
  to   space 21824K,   0% used [0x00000007a5560000, 0x00000007a5560000, 0x00000007a6ab0000)
 concurrent mark-sweep generation total 393216K, used 112801K [0x00000007a8000000, 0x00000007c0000000, 0x00000007c0000000)
 Metaspace       used 39754K, capacity 40682K, committed 41028K, reserved 1085440K
  class space    used 4325K, capacity 4571K, committed 4708K, reserved 1048576K
}
2017-06-02T18:22:17.432-0100: 107517.221: Total time for which application threads were stopped: 0.0065190 seconds, Stopping threads took: 0.0000175 seconds
{Heap before GC invocations=491 (full 5):
 par new generation   total 109248K, used 107792K [0x00000007a0000000, 0x00000007a8000000, 0x00000007a8000000)
  eden space 87424K, 100% used [0x00000007a0000000, 0x00000007a5560000, 0x00000007a5560000)
  from space 21824K,  93% used [0x00000007a6ab0000, 0x00000007a7e941b8, 0x00000007a8000000)
  to   space 21824K,   0% used [0x00000007a5560000, 0x00000007a5560000, 0x00000007a6ab0000)
 concurrent mark-sweep generation total 393216K, used 112801K [0x00000007a8000000, 0x00000007c0000000, 0x00000007c0000000)
 Metaspace       used 39754K, capacity 40682K, committed 41028K, reserved 1085440K
  class space    used 4325K, capacity 4571K, committed 4708K, reserved 1048576K
2017-06-02T18:22:17.611-0100: 107517.400: [GC (Allocation Failure) 2017-06-02T18:22:17.611-0100: 107517.400: [ParNew
Desired survivor size 20112992 bytes, new threshold 8 (max 8)
- age   1:    6414512 bytes,    6414512 total
- age   2:    1795912 bytes,    8210424 total
- age   3:    1842272 bytes,   10052696 total
- age   4:     944720 bytes,   10997416 total
- age   5:    1391720 bytes,   12389136 total
- age   6:     962312 bytes,   13351448 total
- age   7:    1009152 bytes,   14360600 total
- age   8:    1537936 bytes,   15898536 total
: 107792K->18567K(109248K), 0.0123163 secs] 220593K->134358K(502464K), 0.0123781 secs] [Times: user=0.04 sys=0.00, real=0.01 secs] 
Heap after GC invocations=492 (full 5):
 par new generation   total 109248K, used 18567K [0x00000007a0000000, 0x00000007a8000000, 0x00000007a8000000)
  eden space 87424K,   0% used [0x00000007a0000000, 0x00000007a0000000, 0x00000007a5560000)
  from space 21824K,  85% used [0x00000007a5560000, 0x00000007a6781eb0, 0x00000007a6ab0000)
  to   space 21824K,   0% used [0x00000007a6ab0000, 0x00000007a6ab0000, 0x00000007a8000000)
 concurrent mark-sweep generation total 393216K, used 115790K [0x00000007a8000000, 0x00000007c0000000, 0x00000007c0000000)
 Metaspace       used 39754K, capacity 40682K, committed 41028K, reserved 1085440K
  class space    used 4325K, capacity 4571K, committed 4708K, reserved 1048576K
}
2017-06-02T18:22:17.623-0100: 107517.412: Total time for which application threads were stopped: 0.0125614 seconds, Stopping threads took: 0.0000183 seconds
{Heap before GC invocations=492 (full 5):
 par new generation   total 109248K, used 105991K [0x00000007a0000000, 0x00000007a8000000, 0x00000007a8000000)
  eden space 87424K, 100% used [0x00000007a0000000, 0x00000007a5560000, 0x00000007a5560000)
  from space 21824K,  85% used [0x00000007a5560000, 0x00000007a6781eb0, 0x00000007a6ab0000)
  to   space 21824K,   0% used [0x00000007a6ab0000, 0x00000007a6ab0000, 0x00000007a8000000)
 concurrent mark-sweep generation total 393216K, used 115790K [0x00000007a8000000, 0x00000007c0000000, 0x00000007c0000000)
 Metaspace       used 39754K, capacity 40682K, committed 41028K, reserved 1085440K
  class space    used 4325K, capacity 4571K, committed 4708K, reserved 1048576K
2017-06-02T18:22:17.808-0100: 107517.597: [GC (Allocation Failure) 2017-06-02T18:22:17.808-0100: 107517.597: [ParNew
Desired survivor size 20112992 bytes, new threshold 8 (max 8)
- age   1:    4672456 bytes,    4672456 total
- age   2:    6314760 bytes,   10987216 total
- age   3:    1794688 bytes,   12781904 total
- age   4:    1841216 bytes,   14623120 total
- age   5:     944720 bytes,   15567840 total
- age   6:    1391720 bytes,   16959560 total
- age   7:     962312 bytes,   17921872 total
- age   8:     988856 bytes,   18910728 total
: 105991K->21824K(109248K), 0.0127923 secs] 221782K->141776K(502464K), 0.0128629 secs] [Times: user=0.04 sys=0.01, real=0.02 secs] 
Heap after GC invocations=493 (full 5):
 par new generation   total 109248K, used 21824K [0x00000007a0000000, 0x00000007a8000000, 0x00000007a8000000)
  eden space 87424K,   0% used [0x00000007a0000000, 0x00000007a0000000, 0x00000007a5560000)
  from space 21824K, 100% used [0x00000007a6ab0000, 0x00000007a8000000, 0x00000007a8000000)
  to   space 21824K,   0% used [0x00000007a5560000, 0x00000007a5560000, 0x00000007a6ab0000)
 concurrent mark-sweep generation total 393216K, used 119952K [0x00000007a8000000, 0x00000007c0000000, 0x00000007c0000000)
 Metaspace       used 39754K, capacity 40682K, committed 41028K, reserved 1085440K
  class space    used 4325K, capacity 4571K, committed 4708K, reserved 1048576K
}
2017-06-02T18:22:17.821-0100: 107517.610: Total time for which application threads were stopped: 0.0130414 seconds, Stopping threads took: 0.0000184 seconds
{Heap before GC invocations=493 (full 5):
 par new generation   total 109248K, used 109248K [0x00000007a0000000, 0x00000007a8000000, 0x00000007a8000000)
  eden space 87424K, 100% used [0x00000007a0000000, 0x00000007a5560000, 0x00000007a5560000)
  from space 21824K, 100% used [0x00000007a6ab0000, 0x00000007a8000000, 0x00000007a8000000)
  to   space 21824K,   0% used [0x00000007a5560000, 0x00000007a5560000, 0x00000007a6ab0000)
 concurrent mark-sweep generation total 393216K, used 119952K [0x00000007a8000000, 0x00000007c0000000, 0x00000007c0000000)
 Metaspace       used 39754K, capacity 40682K, committed 41028K, reserved 1085440K
  class space    used 4325K, capacity 4571K, committed 4708K, reserved 1048576K
2017-06-02T18:22:18.009-0100: 107517.799: [GC (Allocation Failure) 2017-06-02T18:22:18.009-0100: 107517.799: [ParNew
Desired survivor size 20112992 bytes, new threshold 8 (max 8)
- age   1:    1026920 bytes,    1026920 total
- age   2:    4605904 bytes,    5632824 total
- age   3:    4021800 bytes,    9654624 total
- age   4:    1794688 bytes,   11449312 total
- age   5:    1841216 bytes,   13290528 total
- age   6:     944720 bytes,   14235248 total
- age   7:    1391720 bytes,   15626968 total
- age   8:     957592 bytes,   16584560 total
: 109248K->21824K(109248K), 0.0063590 secs] 229200K->144986K(502464K), 0.0064208 secs] [Times: user=0.03 sys=0.00, real=0.01 secs] 
Heap after GC invocations=494 (full 5):
 par new generation   total 109248K, used 21824K [0x00000007a0000000, 0x00000007a8000000, 0x00000007a8000000)
  eden space 87424K,   0% used [0x00000007a0000000, 0x00000007a0000000, 0x00000007a5560000)
  from space 21824K, 100% used [0x00000007a5560000, 0x00000007a6ab0000, 0x00000007a6ab0000)
  to   space 21824K,   0% used [0x00000007a6ab0000, 0x00000007a6ab0000, 0x00000007a8000000)
 concurrent mark-sweep generation total 393216K, used 123162K [0x00000007a8000000, 0x00000007c0000000, 0x00000007c0000000)
 Metaspace       used 39754K, capacity 40682K, committed 41028K, reserved 1085440K
  class space    used 4325K, capacity 4571K, committed 4708K, reserved 1048576K
}
2017-06-02T18:22:18.016-0100: 107517.805: Total time for which application threads were stopped: 0.0065995 seconds, Stopping threads took: 0.0000183 seconds
{Heap before GC invocations=494 (full 5):
 par new generation   total 109248K, used 109248K [0x00000007a0000000, 0x00000007a8000000, 0x00000007a8000000)
  eden space 87424K, 100% used [0x00000007a0000000, 0x00000007a5560000, 0x00000007a5560000)
  from space 21824K, 100% used [0x00000007a5560000, 0x00000007a6ab0000, 0x00000007a6ab0000)
  to   space 21824K,   0% used [0x00000007a6ab0000, 0x00000007a6ab0000, 0x00000007a8000000)
 concurrent mark-sweep generation total 393216K, used 123162K [0x00000007a8000000, 0x00000007c0000000, 0x00000007c0000000)
 Metaspace       used 39754K, capacity 40682K, committed 41028K, reserved 1085440K
  class space    used 4325K, capacity 4571K, committed 4708K, reserved 1048576K
2017-06-02T18:22:18.205-0100: 107517.995: [GC (Allocation Failure) 2017-06-02T18:22:18.206-0100: 107517.995: [ParNew
Desired survivor size 20112992 bytes, new threshold 8 (max 8)
- age   1:    2137640 bytes,    2137640 total
- age   2:     962496 bytes,    3100136 total
- age   3:    4605904 bytes,    7706040 total
- age   4:    4021800 bytes,   11727840 total
- age   5:    1794688 bytes,   13522528 total
- age   6:    1841216 bytes,   15363744 total
- age   7:     944720 bytes,   16308464 total
- age   8:    1391720 bytes,   17700184 total
: 109248K->20190K(109248K), 0.0065833 secs] 232410K->144293K(502464K), 0.0066554 secs] [Times: user=0.03 sys=0.00, real=0.01 secs] 
Heap after GC invocations=495 (full 5):
 par new generation   total 109248K, used 20190K [0x00000007a0000000, 0x00000007a8000000, 0x00000007a8000000)
  eden space 87424K,   0% used [0x00000007a0000000, 0x00000007a0000000, 0x00000007a5560000)
  from space 21824K,  92% used [0x00000007a6ab0000, 0x00000007a7e679c0, 0x00000007a8000000)
  to   space 21824K,   0% used [0x00000007a5560000, 0x00000007a5560000, 0x00000007a6ab0000)
 concurrent mark-sweep generation total 393216K, used 124103K [0x00000007a8000000, 0x00000007c0000000, 0x00000007c0000000)
 Metaspace       used 39754K, capacity 40682K, committed 41028K, reserved 1085440K
  class space    used 4325K, capacity 4571K, committed 4708K, reserved 1048576K
}
2017-06-02T18:22:18.212-0100: 107518.001: Total time for which application threads were stopped: 0.0068348 seconds, Stopping threads took: 0.0000184 seconds
{Heap before GC invocations=495 (full 5):
 par new generation   total 109248K, used 107614K [0x00000007a0000000, 0x00000007a8000000, 0x00000007a8000000)
  eden space 87424K, 100% used [0x00000007a0000000, 0x00000007a5560000, 0x00000007a5560000)
  from space 21824K,  92% used [0x00000007a6ab0000, 0x00000007a7e679c0, 0x00000007a8000000)
  to   space 21824K,   0% used [0x00000007a5560000, 0x00000007a5560000, 0x00000007a6ab0000)
 concurrent mark-sweep generation total 393216K, used 124103K [0x00000007a8000000, 0x00000007c0000000, 0x00000007c0000000)
 Metaspace       used 39754K, capacity 40682K, committed 41028K, reserved 1085440K
  class space    used 4325K, capacity 4571K, committed 4708K, reserved 1048576K
2017-06-02T18:22:18.402-0100: 107518.191: [GC (Allocation Failure) 2017-06-02T18:22:18.402-0100: 107518.191: [ParNew
Desired survivor size 20112992 bytes, new threshold 8 (max 8)
- age   1:    1657072 bytes,    1657072 total
- age   2:    2037168 bytes,    3694240 total
- age   3:     961616 bytes,    4655856 total
- age   4:    3925208 bytes,    8581064 total
- age   5:    4021800 bytes,   12602864 total
- age   6:    1794688 bytes,   14397552 total
- age   7:    1841216 bytes,   16238768 total
- age   8:     944720 bytes,   17183488 total
: 107614K->21824K(109248K), 0.0067851 secs] 231717K->147957K(502464K), 0.0068508 secs] [Times: user=0.02 sys=0.00, real=0.00 secs] 
Heap after GC invocations=496 (full 5):
 par new generation   total 109248K, used 21824K [0x00000007a0000000, 0x00000007a8000000, 0x00000007a8000000)
  eden space 87424K,   0% used [0x00000007a0000000, 0x00000007a0000000, 0x00000007a5560000)
  from space 21824K, 100% used [0x00000007a5560000, 0x00000007a6ab0000, 0x00000007a6ab0000)
  to   space 21824K,   0% used [0x00000007a6ab0000, 0x00000007a6ab0000, 0x00000007a8000000)
 concurrent mark-sweep generation total 393216K, used 126133K [0x00000007a8000000, 0x00000007c0000000, 0x00000007c0000000)
 Metaspace       used 39754K, capacity 40682K, committed 41028K, reserved 1085440K
  class space    used 4325K, capacity 4571K, committed 4708K, reserved 1048576K
}
2017-06-02T18:22:18.409-0100: 107518.198: Total time for which application threads were stopped: 0.0070458 seconds, Stopping threads took: 0.0000276 seconds
{Heap before GC invocations=496 (full 5):
 par new generation   total 109248K, used 109248K [0x00000007a0000000, 0x00000007a8000000, 0x00000007a8000000)
  eden space 87424K, 100% used [0x00000007a0000000, 0x00000007a5560000, 0x00000007a5560000)
  from space 21824K, 100% used [0x00000007a5560000, 0x00000007a6ab0000, 0x00000007a6ab0000)
  to   space 21824K,   0% used [0x00000007a6ab0000, 0x00000007a6ab0000, 0x00000007a8000000)
 concurrent mark-sweep generation total 393216K, used 126133K [0x00000007a8000000, 0x00000007c0000000, 0x00000007c0000000)
 Metaspace       used 39754K, capacity 40682K, committed 41028K, reserved 1085440K
  class space    used 4325K, capacity 4571K, committed 4708K, reserved 1048576K
2017-06-02T18:22:18.599-0100: 107518.388: [GC (Allocation Failure) 2017-06-02T18:22:18.599-0100: 107518.389: [ParNew
Desired survivor size 20112992 bytes, new threshold 8 (max 8)
- age   1:    6628152 bytes,    6628152 total
- age   2:    1407112 bytes,    8035264 total
- age   3:    1898208 bytes,    9933472 total
- age   4:     816960 bytes,   10750432 total
- age   5:    3789584 bytes,   14540016 total
- age   6:    3879504 bytes,   18419520 total
- age   7:    1653992 bytes,   20073512 total
- age   8:     986176 bytes,   21059688 total
: 109248K->21824K(109248K), 0.0076094 secs] 235381K->149875K(502464K), 0.0077000 secs] [Times: user=0.02 sys=0.00, real=0.01 secs] 
Heap after GC invocations=497 (full 5):
 par new generation   total 109248K, used 21824K [0x00000007a0000000, 0x00000007a8000000, 0x00000007a8000000)
  eden space 87424K,   0% used [0x00000007a0000000, 0x00000007a0000000, 0x00000007a5560000)
  from space 21824K, 100% used [0x00000007a6ab0000, 0x00000007a8000000, 0x00000007a8000000)
  to   space 21824K,   0% used [0x00000007a5560000, 0x00000007a5560000, 0x00000007a6ab0000)
 concurrent mark-sweep generation total 393216K, used 128051K [0x00000007a8000000, 0x00000007c0000000, 0x00000007c0000000)
 Metaspace       used 39754K, capacity 40682K, committed 41028K, reserved 1085440K
  class space    used 4325K, capacity 4571K, committed 4708K, reserved 1048576K
}
2017-06-02T18:22:18.607-0100: 107518.396: Total time for which application threads were stopped: 0.0078873 seconds, Stopping threads took: 0.0000169 seconds
{Heap before GC invocations=497 (full 5):
 par new generation   total 109248K, used 109248K [0x00000007a0000000, 0x00000007a8000000, 0x00000007a8000000)
  eden space 87424K, 100% used [0x00000007a0000000, 0x00000007a5560000, 0x00000007a5560000)
  from space 21824K, 100% used [0x00000007a6ab0000, 0x00000007a8000000, 0x00000007a8000000)
  to   space 21824K,   0% used [0x00000007a5560000, 0x00000007a5560000, 0x00000007a6ab0000)
 concurrent mark-sweep generation total 393216K, used 128051K [0x00000007a8000000, 0x00000007c0000000, 0x00000007c0000000)
 Metaspace       used 39754K, capacity 40682K, committed 41028K, reserved 1085440K
  class space    used 4325K, capacity 4571K, committed 4708K, reserved 1048576K
2017-06-02T18:22:18.824-0100: 107518.613: [GC (Allocation Failure) 2017-06-02T18:22:18.824-0100: 107518.613: [ParNew
Desired survivor size 20112992 bytes, new threshold 8 (max 8)
- age   1:    2272120 bytes,    2272120 total
- age   2:    5780880 bytes,    8053000 total
- age   3:     837728 bytes,    8890728 total
- age   4:     817792 bytes,    9708520 total
- age   5:     770664 bytes,   10479184 total
- age   6:    3062392 bytes,   13541576 total
- age   7:    3828904 bytes,   17370480 total
- age   8:    1143952 bytes,   18514432 total
: 109248K->21824K(109248K), 0.0140098 secs] 237299K->155632K(502464K), 0.0140701 secs] [Times: user=0.04 sys=0.00, real=0.01 secs] 
Heap after GC invocations=498 (full 5):
 par new generation   total 109248K, used 21824K [0x00000007a0000000, 0x00000007a8000000, 0x00000007a8000000)
  eden space 87424K,   0% used [0x00000007a0000000, 0x00000007a0000000, 0x00000007a5560000)
  from space 21824K, 100% used [0x00000007a5560000, 0x00000007a6ab0000, 0x00000007a6ab0000)
  to   space 21824K,   0% used [0x00000007a6ab0000, 0x00000007a6ab0000, 0x00000007a8000000)
 concurrent mark-sweep generation total 393216K, used 133808K [0x00000007a8000000, 0x00000007c0000000, 0x00000007c0000000)
 Metaspace       used 39754K, capacity 40682K, committed 41028K, reserved 1085440K
  class space    used 4325K, capacity 4571K, committed 4708K, reserved 1048576K
}
2017-06-02T18:22:18.838-0100: 107518.627: Total time for which application threads were stopped: 0.0142581 seconds, Stopping threads took: 0.0000173 seconds
{Heap before GC invocations=498 (full 5):
 par new generation   total 109248K, used 109248K [0x00000007a0000000, 0x00000007a8000000, 0x00000007a8000000)
  eden space 87424K, 100% used [0x00000007a0000000, 0x00000007a5560000, 0x00000007a5560000)
  from space 21824K, 100% used [0x00000007a5560000, 0x00000007a6ab0000, 0x00000007a6ab0000)
  to   space 21824K,   0% used [0x00000007a6ab0000, 0x00000007a6ab0000, 0x00000007a8000000)
 concurrent mark-sweep generation total 393216K, used 133808K [0x00000007a8000000, 0x00000007c0000000, 0x00000007c0000000)
 Metaspace       used 39754K, capacity 40682K, committed 41028K, reserved 1085440K
  class space    used 4325K, capacity 4571K, committed 4708K, reserved 1048576K
2017-06-02T18:22:19.059-0100: 107518.849: [GC (Allocation Failure) 2017-06-02T18:22:19.059-0100: 107518.849: [ParNew
Desired survivor size 20112992 bytes, new threshold 8 (max 8)
- age   1:    1346104 bytes,    1346104 total
- age   2:    1247112 bytes,    2593216 total
- age   3:    3914552 bytes,    6507768 total
- age   4:     827640 bytes,    7335408 total
- age   5:     806392 bytes,    8141800 total
- age   6:     762656 bytes,    8904456 total
- age   7:    2170328 bytes,   11074784 total
- age   8:    3815576 bytes,   14890360 total
: 109248K->21824K(109248K), 0.0062793 secs] 243056K->160948K(502464K), 0.0063543 secs] [Times: user=0.02 sys=0.00, real=0.01 secs] 
Heap after GC invocations=499 (full 5):
 par new generation   total 109248K, used 21824K [0x00000007a0000000, 0x00000007a8000000, 0x00000007a8000000)
  eden space 87424K,   0% used [0x00000007a0000000, 0x00000007a0000000, 0x00000007a5560000)
  from space 21824K, 100% used [0x00000007a6ab0000, 0x00000007a8000000, 0x00000007a8000000)
  to   space 21824K,   0% used [0x00000007a5560000, 0x00000007a5560000, 0x00000007a6ab0000)
 concurrent mark-sweep generation total 393216K, used 139124K [0x00000007a8000000, 0x00000007c0000000, 0x00000007c0000000)
 Metaspace       used 39754K, capacity 40682K, committed 41028K, reserved 1085440K
  class space    used 4325K, capacity 4571K, committed 4708K, reserved 1048576K
}
2017-06-02T18:22:19.066-0100: 107518.855: Total time for which application threads were stopped: 0.0065461 seconds, Stopping threads took: 0.0000217 seconds
{Heap before GC invocations=499 (full 5):
 par new generation   total 109248K, used 109248K [0x00000007a0000000, 0x00000007a8000000, 0x00000007a8000000)
  eden space 87424K, 100% used [0x00000007a0000000, 0x00000007a5560000, 0x00000007a5560000)
  from space 21824K, 100% used [0x00000007a6ab0000, 0x00000007a8000000, 0x00000007a8000000)
  to   space 21824K,   0% used [0x00000007a5560000, 0x00000007a5560000, 0x00000007a6ab0000)
 concurrent mark-sweep generation total 393216K, used 139124K [0x00000007a8000000, 0x00000007c0000000, 0x00000007c0000000)
 Metaspace       used 39754K, capacity 40682K, committed 41028K, reserved 1085440K
  class space    used 4325K, capacity 4571K, committed 4708K, reserved 1048576K
2017-06-02T18:22:19.255-0100: 107519.044: [GC (Allocation Failure) 2017-06-02T18:22:19.255-0100: 107519.044: [ParNew
Desired survivor size 20112992 bytes, new threshold 8 (max 8)
- age   1:    1178680 bytes,    1178680 total
- age   2:    1246984 bytes,    2425664 total
- age   3:    1247112 bytes,    3672776 total
- age   4:    3914552 bytes,    7587328 total
- age   5:     827640 bytes,    8414968 total
- age   6:     806392 bytes,    9221360 total
- age   7:     762656 bytes,    9984016 total
- age   8:    2149496 bytes,   12133512 total
: 109248K->14365K(109248K), 0.0124376 secs] 248372K->157220K(502464K), 0.0124953 secs] [Times: user=0.03 sys=0.01, real=0.01 secs] 
Heap after GC invocations=500 (full 5):
 par new generation   total 109248K, used 14365K [0x00000007a0000000, 0x00000007a8000000, 0x00000007a8000000)
  eden space 87424K,   0% used [0x00000007a0000000, 0x00000007a0000000, 0x00000007a5560000)
  from space 21824K,  65% used [0x00000007a5560000, 0x00000007a6367438, 0x00000007a6ab0000)
  to   space 21824K,   0% used [0x00000007a6ab0000, 0x00000007a6ab0000, 0x00000007a8000000)
 concurrent mark-sweep generation total 393216K, used 142855K [0x00000007a8000000, 0x00000007c0000000, 0x00000007c0000000)
 Metaspace       used 39754K, capacity 40682K, committed 41028K, reserved 1085440K
  class space    used 4325K, capacity 4571K, committed 4708K, reserved 1048576K
}
2017-06-02T18:22:19.267-0100: 107519.056: Total time for which application threads were stopped: 0.0126840 seconds, Stopping threads took: 0.0000184 seconds
{Heap before GC invocations=500 (full 5):
 par new generation   total 109248K, used 101789K [0x00000007a0000000, 0x00000007a8000000, 0x00000007a8000000)
  eden space 87424K, 100% used [0x00000007a0000000, 0x00000007a5560000, 0x00000007a5560000)
  from space 21824K,  65% used [0x00000007a5560000, 0x00000007a6367438, 0x00000007a6ab0000)
  to   space 21824K,   0% used [0x00000007a6ab0000, 0x00000007a6ab0000, 0x00000007a8000000)
 concurrent mark-sweep generation total 393216K, used 142855K [0x00000007a8000000, 0x00000007c0000000, 0x00000007c0000000)
 Metaspace       used 39754K, capacity 40682K, committed 41028K, reserved 1085440K
  class space    used 4325K, capacity 4571K, committed 4708K, reserved 1048576K
2017-06-02T18:22:19.462-0100: 107519.251: [GC (Allocation Failure) 2017-06-02T18:22:19.462-0100: 107519.251: [ParNew
Desired survivor size 20112992 bytes, new threshold 8 (max 8)
- age   1:    7017848 bytes,    7017848 total
- age   2:    1080048 bytes,    8097896 total
- age   3:    1244336 bytes,    9342232 total
- age   4:    1247112 bytes,   10589344 total
- age   5:    3914552 bytes,   14503896 total
- age   6:     827640 bytes,   15331536 total
- age   7:     806392 bytes,   16137928 total
- age   8:     762656 bytes,   16900584 total
: 101789K->18400K(109248K), 0.0060544 secs] 244644K->163361K(502464K), 0.0061139 secs] [Times: user=0.02 sys=0.00, real=0.00 secs] 
Heap after GC invocations=501 (full 5):
 par new generation   total 109248K, used 18400K [0x00000007a0000000, 0x00000007a8000000, 0x00000007a8000000)
  eden space 87424K,   0% used [0x00000007a0000000, 0x00000007a0000000, 0x00000007a5560000)
  from space 21824K,  84% used [0x00000007a6ab0000, 0x00000007a7ca83d8, 0x00000007a8000000)
  to   space 21824K,   0% used [0x00000007a5560000, 0x00000007a5560000, 0x00000007a6ab0000)
 concurrent mark-sweep generation total 393216K, used 144960K [0x00000007a8000000, 0x00000007c0000000, 0x00000007c0000000)
 Metaspace       used 39754K, capacity 40682K, committed 41028K, reserved 1085440K
  class space    used 4325K, capacity 4571K, committed 4708K, reserved 1048576K
}
2017-06-02T18:22:19.468-0100: 107519.257: Total time for which application threads were stopped: 0.0062864 seconds, Stopping threads took: 0.0000198 seconds
{Heap before GC invocations=501 (full 5):
 par new generation   total 109248K, used 105824K [0x00000007a0000000, 0x00000007a8000000, 0x00000007a8000000)
  eden space 87424K, 100% used [0x00000007a0000000, 0x00000007a5560000, 0x00000007a5560000)
  from space 21824K,  84% used [0x00000007a6ab0000, 0x00000007a7ca83d8, 0x00000007a8000000)
  to   space 21824K,   0% used [0x00000007a5560000, 0x00000007a5560000, 0x00000007a6ab0000)
 concurrent mark-sweep generation total 393216K, used 144960K [0x00000007a8000000, 0x00000007c0000000, 0x00000007c0000000)
 Metaspace       used 39754K, capacity 40682K, committed 41028K, reserved 1085440K
  class space    used 4325K, capacity 4571K, committed 4708K, reserved 1048576K
2017-06-02T18:22:19.642-0100: 107519.431: [GC (Allocation Failure) 2017-06-02T18:22:19.642-0100: 107519.431: [ParNew
Desired survivor size 20112992 bytes, new threshold 8 (max 8)
- age   1:    5009424 bytes,    5009424 total
- age   2:    6359680 bytes,   11369104 total
- age   3:     736472 bytes,   12105576 total
- age   4:    1242472 bytes,   13348048 total
- age   5:    1237064 bytes,   14585112 total
- age   6:    3911192 bytes,   18496304 total
- age   7:     826088 bytes,   19322392 total
- age   8:     796520 bytes,   20118912 total
: 105824K->21824K(109248K), 0.0094952 secs] 250785K->169807K(502464K), 0.0095725 secs] [Times: user=0.03 sys=0.00, real=0.01 secs] 
Heap after GC invocations=502 (full 5):
 par new generation   total 109248K, used 21824K [0x00000007a0000000, 0x00000007a8000000, 0x00000007a8000000)
  eden space 87424K,   0% used [0x00000007a0000000, 0x00000007a0000000, 0x00000007a5560000)
  from space 21824K, 100% used [0x00000007a5560000, 0x00000007a6ab0000, 0x00000007a6ab0000)
  to   space 21824K,   0% used [0x00000007a6ab0000, 0x00000007a6ab0000, 0x00000007a8000000)
 concurrent mark-sweep generation total 393216K, used 147983K [0x00000007a8000000, 0x00000007c0000000, 0x00000007c0000000)
 Metaspace       used 39754K, capacity 40682K, committed 41028K, reserved 1085440K
  class space    used 4325K, capacity 4571K, committed 4708K, reserved 1048576K
}
2017-06-02T18:22:19.651-0100: 107519.440: Total time for which application threads were stopped: 0.0097527 seconds, Stopping threads took: 0.0000187 seconds
{Heap before GC invocations=502 (full 5):
 par new generation   total 109248K, used 109248K [0x00000007a0000000, 0x00000007a8000000, 0x00000007a8000000)
  eden space 87424K, 100% used [0x00000007a0000000, 0x00000007a5560000, 0x00000007a5560000)
  from space 21824K, 100% used [0x00000007a5560000, 0x00000007a6ab0000, 0x00000007a6ab0000)
  to   space 21824K,   0% used [0x00000007a6ab0000, 0x00000007a6ab0000, 0x00000007a8000000)
 concurrent mark-sweep generation total 393216K, used 147983K [0x00000007a8000000, 0x00000007c0000000, 0x00000007c0000000)
 Metaspace       used 39754K, capacity 40682K, committed 41028K, reserved 1085440K
  class space    used 4325K, capacity 4571K, committed 4708K, reserved 1048576K
2017-06-02T18:22:19.836-0100: 107519.625: [GC (Allocation Failure) 2017-06-02T18:22:19.836-0100: 107519.625: [ParNew
Desired survivor size 20112992 bytes, new threshold 8 (max 8)
- age   1:    1092392 bytes,    1092392 total
- age   2:    2619144 bytes,    3711536 total
- age   3:    6359680 bytes,   10071216 total
- age   4:     736472 bytes,   10807688 total
- age   5:    1242496 bytes,   12050184 total
- age   6:    1237064 bytes,   13287248 total
- age   7:    3911192 bytes,   17198440 total
- age   8:     826088 bytes,   18024528 total
: 109248K->21824K(109248K), 0.0063881 secs] 257231K->172831K(502464K), 0.0064505 secs] [Times: user=0.02 sys=0.00, real=0.01 secs] 
Heap after GC invocations=503 (full 5):
 par new generation   total 109248K, used 21824K [0x00000007a0000000, 0x00000007a8000000, 0x00000007a8000000)
  eden space 87424K,   0% used [0x00000007a0000000, 0x00000007a0000000, 0x00000007a5560000)
  from space 21824K, 100% used [0x00000007a6ab0000, 0x00000007a8000000, 0x00000007a8000000)
  to   space 21824K,   0% used [0x00000007a5560000, 0x00000007a5560000, 0x00000007a6ab0000)
 concurrent mark-sweep generation total 393216K, used 151007K [0x00000007a8000000, 0x00000007c0000000, 0x00000007c0000000)
 Metaspace       used 39754K, capacity 40682K, committed 41028K, reserved 1085440K
  class space    used 4325K, capacity 4571K, committed 4708K, reserved 1048576K
}
2017-06-02T18:22:19.843-0100: 107519.632: Total time for which application threads were stopped: 0.0066319 seconds, Stopping threads took: 0.0000189 seconds
{Heap before GC invocations=503 (full 5):
 par new generation   total 109248K, used 109248K [0x00000007a0000000, 0x00000007a8000000, 0x00000007a8000000)
  eden space 87424K, 100% used [0x00000007a0000000, 0x00000007a5560000, 0x00000007a5560000)
  from space 21824K, 100% used [0x00000007a6ab0000, 0x00000007a8000000, 0x00000007a8000000)
  to   space 21824K,   0% used [0x00000007a5560000, 0x00000007a5560000, 0x00000007a6ab0000)
 concurrent mark-sweep generation total 393216K, used 151007K [0x00000007a8000000, 0x00000007c0000000, 0x00000007c0000000)
 Metaspace       used 39754K, capacity 40682K, committed 41028K, reserved 1085440K
  class space    used 4325K, capacity 4571K, committed 4708K, reserved 1048576K
2017-06-02T18:22:20.036-0100: 107519.825: [GC (Allocation Failure) 2017-06-02T18:22:20.036-0100: 107519.825: [ParNew
Desired survivor size 20112992 bytes, new threshold 8 (max 8)
- age   1:    1062608 bytes,    1062608 total
- age   2:    1019736 bytes,    2082344 total
- age   3:    2617400 bytes,    4699744 total
- age   4:    6353488 bytes,   11053232 total
- age   5:     734672 bytes,   11787904 total
- age   6:    1239320 bytes,   13027224 total
- age   7:    1236816 bytes,   14264040 total
- age   8:    3910312 bytes,   18174352 total
: 109248K->21824K(109248K), 0.0062754 secs] 260255K->173653K(502464K), 0.0063483 secs] [Times: user=0.02 sys=0.00, real=0.01 secs] 
Heap after GC invocations=504 (full 5):
 par new generation   total 109248K, used 21824K [0x00000007a0000000, 0x00000007a8000000, 0x00000007a8000000)
  eden space 87424K,   0% used [0x00000007a0000000, 0x00000007a0000000, 0x00000007a5560000)
  from space 21824K, 100% used [0x00000007a5560000, 0x00000007a6ab0000, 0x00000007a6ab0000)
  to   space 21824K,   0% used [0x00000007a6ab0000, 0x00000007a6ab0000, 0x00000007a8000000)
 concurrent mark-sweep generation total 393216K, used 151829K [0x00000007a8000000, 0x00000007c0000000, 0x00000007c0000000)
 Metaspace       used 39754K, capacity 40682K, committed 41028K, reserved 1085440K
  class space    used 4325K, capacity 4571K, committed 4708K, reserved 1048576K
}
2017-06-02T18:22:20.042-0100: 107519.831: Total time for which application threads were stopped: 0.0065208 seconds, Stopping threads took: 0.0000179 seconds
{Heap before GC invocations=504 (full 5):
 par new generation   total 109248K, used 109248K [0x00000007a0000000, 0x00000007a8000000, 0x00000007a8000000)
  eden space 87424K, 100% used [0x00000007a0000000, 0x00000007a5560000, 0x00000007a5560000)
  from space 21824K, 100% used [0x00000007a5560000, 0x00000007a6ab0000, 0x00000007a6ab0000)
  to   space 21824K,   0% used [0x00000007a6ab0000, 0x00000007a6ab0000, 0x00000007a8000000)
 concurrent mark-sweep generation total 393216K, used 151829K [0x00000007a8000000, 0x00000007c0000000, 0x00000007c0000000)
 Metaspace       used 39754K, capacity 40682K, committed 41028K, reserved 1085440K
  class space    used 4325K, capacity 4571K, committed 4708K, reserved 1048576K
2017-06-02T18:22:20.229-0100: 107520.018: [GC (Allocation Failure) 2017-06-02T18:22:20.229-0100: 107520.018: [ParNew
Desired survivor size 20112992 bytes, new threshold 8 (max 8)
- age   1:    2221472 bytes,    2221472 total
- age   2:     994344 bytes,    3215816 total
- age   3:    1019736 bytes,    4235552 total
- age   4:    2617400 bytes,    6852952 total
- age   5:    6353488 bytes,   13206440 total
- age   6:     734672 bytes,   13941112 total
- age   7:    1239320 bytes,   15180432 total
- age   8:    1236816 bytes,   16417248 total
: 109248K->18566K(109248K), 0.0093840 secs] 261077K->174215K(502464K), 0.0094568 secs] [Times: user=0.03 sys=0.00, real=0.01 secs] 
Heap after GC invocations=505 (full 5):
 par new generation   total 109248K, used 18566K [0x00000007a0000000, 0x00000007a8000000, 0x00000007a8000000)
  eden space 87424K,   0% used [0x00000007a0000000, 0x00000007a0000000, 0x00000007a5560000)
  from space 21824K,  85% used [0x00000007a6ab0000, 0x00000007a7cd18e0, 0x00000007a8000000)
  to   space 21824K,   0% used [0x00000007a5560000, 0x00000007a5560000, 0x00000007a6ab0000)
 concurrent mark-sweep generation total 393216K, used 155649K [0x00000007a8000000, 0x00000007c0000000, 0x00000007c0000000)
 Metaspace       used 39754K, capacity 40682K, committed 41028K, reserved 1085440K
  class space    used 4325K, capacity 4571K, committed 4708K, reserved 1048576K
}
2017-06-02T18:22:20.238-0100: 107520.027: Total time for which application threads were stopped: 0.0096399 seconds, Stopping threads took: 0.0000190 seconds
{Heap before GC invocations=505 (full 5):
 par new generation   total 109248K, used 105990K [0x00000007a0000000, 0x00000007a8000000, 0x00000007a8000000)
  eden space 87424K, 100% used [0x00000007a0000000, 0x00000007a5560000, 0x00000007a5560000)
  from space 21824K,  85% used [0x00000007a6ab0000, 0x00000007a7cd18e0, 0x00000007a8000000)
  to   space 21824K,   0% used [0x00000007a5560000, 0x00000007a5560000, 0x00000007a6ab0000)
 concurrent mark-sweep generation total 393216K, used 155649K [0x00000007a8000000, 0x00000007c0000000, 0x00000007c0000000)
 Metaspace       used 39754K, capacity 40682K, committed 41028K, reserved 1085440K
  class space    used 4325K, capacity 4571K, committed 4708K, reserved 1048576K
2017-06-02T18:22:20.418-0100: 107520.207: [GC (Allocation Failure) 2017-06-02T18:22:20.418-0100: 107520.207: [ParNew
Desired survivor size 20112992 bytes, new threshold 8 (max 8)
- age   1:    5356440 bytes,    5356440 total
- age   2:    2144056 bytes,    7500496 total
- age   3:     994344 bytes,    8494840 total
- age   4:    1019736 bytes,    9514576 total
- age   5:    2617400 bytes,   12131976 total
- age   6:    6353512 bytes,   18485488 total
- age   7:     734672 bytes,   19220160 total
- age   8:    1239320 bytes,   20459480 total
: 105990K->21824K(109248K), 0.0066579 secs] 261639K->178687K(502464K), 0.0067306 secs] [Times: user=0.02 sys=0.00, real=0.01 secs] 
Heap after GC invocations=506 (full 5):
 par new generation   total 109248K, used 21824K [0x00000007a0000000, 0x00000007a8000000, 0x00000007a8000000)
  eden space 87424K,   0% used [0x00000007a0000000, 0x00000007a0000000, 0x00000007a5560000)
  from space 21824K, 100% used [0x00000007a5560000, 0x00000007a6ab0000, 0x00000007a6ab0000)
  to   space 21824K,   0% used [0x00000007a6ab0000, 0x00000007a6ab0000, 0x00000007a8000000)
 concurrent mark-sweep generation total 393216K, used 156863K [0x00000007a8000000, 0x00000007c0000000, 0x00000007c0000000)
 Metaspace       used 39754K, capacity 40682K, committed 41028K, reserved 1085440K
  class space    used 4325K, capacity 4571K, committed 4708K, reserved 1048576K
}
2017-06-02T18:22:20.425-0100: 107520.214: Total time for which application threads were stopped: 0.0069069 seconds, Stopping threads took: 0.0000176 seconds
{Heap before GC invocations=506 (full 5):
 par new generation   total 109248K, used 109248K [0x00000007a0000000, 0x00000007a8000000, 0x00000007a8000000)
  eden space 87424K, 100% used [0x00000007a0000000, 0x00000007a5560000, 0x00000007a5560000)
  from space 21824K, 100% used [0x00000007a5560000, 0x00000007a6ab0000, 0x00000007a6ab0000)
  to   space 21824K,   0% used [0x00000007a6ab0000, 0x00000007a6ab0000, 0x00000007a8000000)
 concurrent mark-sweep generation total 393216K, used 156863K [0x00000007a8000000, 0x00000007c0000000, 0x00000007c0000000)
 Metaspace       used 39754K, capacity 40682K, committed 41028K, reserved 1085440K
  class space    used 4325K, capacity 4571K, committed 4708K, reserved 1048576K
2017-06-02T18:22:20.623-0100: 107520.412: [GC (Allocation Failure) 2017-06-02T18:22:20.623-0100: 107520.412: [ParNew
Desired survivor size 20112992 bytes, new threshold 8 (max 8)
- age   1:    2254560 bytes,    2254560 total
- age   2:    5067336 bytes,    7321896 total
- age   3:    1958024 bytes,    9279920 total
- age   4:     803992 bytes,   10083912 total
- age   5:     831712 bytes,   10915624 total
- age   6:    2573448 bytes,   13489072 total
- age   7:    6311936 bytes,   19801008 total
- age   8:     675768 bytes,   20476776 total
: 109248K->21824K(109248K), 0.0081379 secs] 266111K->180918K(502464K), 0.0082147 secs] [Times: user=0.05 sys=0.00, real=0.01 secs] 
Heap after GC invocations=507 (full 5):
 par new generation   total 109248K, used 21824K [0x00000007a0000000, 0x00000007a8000000, 0x00000007a8000000)
  eden space 87424K,   0% used [0x00000007a0000000, 0x00000007a0000000, 0x00000007a5560000)
  from space 21824K, 100% used [0x00000007a6ab0000, 0x00000007a8000000, 0x00000007a8000000)
  to   space 21824K,   0% used [0x00000007a5560000, 0x00000007a5560000, 0x00000007a6ab0000)
 concurrent mark-sweep generation total 393216K, used 159094K [0x00000007a8000000, 0x00000007c0000000, 0x00000007c0000000)
 Metaspace       used 39754K, capacity 40682K, committed 41028K, reserved 1085440K
  class space    used 4325K, capacity 4571K, committed 4708K, reserved 1048576K
}
2017-06-02T18:22:20.631-0100: 107520.420: Total time for which application threads were stopped: 0.0085274 seconds, Stopping threads took: 0.0000372 seconds
2017-06-02T18:22:20.766-0100: 107520.555: Total time for which application threads were stopped: 0.0002771 seconds, Stopping threads took: 0.0000729 seconds
2017-06-02T18:22:20.801-0100: 107520.590: Total time for which application threads were stopped: 0.0002904 seconds, Stopping threads took: 0.0000279 seconds
{Heap before GC invocations=507 (full 5):
 par new generation   total 109248K, used 109248K [0x00000007a0000000, 0x00000007a8000000, 0x00000007a8000000)
  eden space 87424K, 100% used [0x00000007a0000000, 0x00000007a5560000, 0x00000007a5560000)
  from space 21824K, 100% used [0x00000007a6ab0000, 0x00000007a8000000, 0x00000007a8000000)
  to   space 21824K,   0% used [0x00000007a5560000, 0x00000007a5560000, 0x00000007a6ab0000)
 concurrent mark-sweep generation total 393216K, used 159094K [0x00000007a8000000, 0x00000007c0000000, 0x00000007c0000000)
 Metaspace       used 39754K, capacity 40682K, committed 41028K, reserved 1085440K
  class space    used 4325K, capacity 4571K, committed 4708K, reserved 1048576K
2017-06-02T18:22:20.834-0100: 107520.623: [GC (Allocation Failure) 2017-06-02T18:22:20.834-0100: 107520.623: [ParNew
Desired survivor size 20112992 bytes, new threshold 8 (max 8)
- age   1:     511688 bytes,     511688 total
- age   2:     546672 bytes,    1058360 total
- age   3:    4595744 bytes,    5654104 total
- age   4:    1814840 bytes,    7468944 total
- age   5:     789984 bytes,    8258928 total
- age   6:     816192 bytes,    9075120 total
- age   7:    1031664 bytes,   10106784 total
- age   8:    6298808 bytes,   16405592 total
: 109248K->21824K(109248K), 0.0060601 secs] 268342K->186730K(502464K), 0.0061402 secs] [Times: user=0.02 sys=0.00, real=0.01 secs] 
Heap after GC invocations=508 (full 5):
 par new generation   total 109248K, used 21824K [0x00000007a0000000, 0x00000007a8000000, 0x00000007a8000000)
  eden space 87424K,   0% used [0x00000007a0000000, 0x00000007a0000000, 0x00000007a5560000)
  from space 21824K, 100% used [0x00000007a5560000, 0x00000007a6ab0000, 0x00000007a6ab0000)
  to   space 21824K,   0% used [0x00000007a6ab0000, 0x00000007a6ab0000, 0x00000007a8000000)
 concurrent mark-sweep generation total 393216K, used 164906K [0x00000007a8000000, 0x00000007c0000000, 0x00000007c0000000)
 Metaspace       used 39754K, capacity 40682K, committed 41028K, reserved 1085440K
  class space    used 4325K, capacity 4571K, committed 4708K, reserved 1048576K
}
2017-06-02T18:22:20.840-0100: 107520.629: Total time for which application threads were stopped: 0.0063764 seconds, Stopping threads took: 0.0000537 seconds
{Heap before GC invocations=508 (full 5):
 par new generation   total 109248K, used 109248K [0x00000007a0000000, 0x00000007a8000000, 0x00000007a8000000)
  eden space 87424K, 100% used [0x00000007a0000000, 0x00000007a5560000, 0x00000007a5560000)
  from space 21824K, 100% used [0x00000007a5560000, 0x00000007a6ab0000, 0x00000007a6ab0000)
  to   space 21824K,   0% used [0x00000007a6ab0000, 0x00000007a6ab0000, 0x00000007a8000000)
 concurrent mark-sweep generation total 393216K, used 164906K [0x00000007a8000000, 0x00000007c0000000, 0x00000007c0000000)
 Metaspace       used 39754K, capacity 40682K, committed 41028K, reserved 1085440K
  class space    used 4325K, capacity 4571K, committed 4708K, reserved 1048576K
2017-06-02T18:22:21.029-0100: 107520.818: [GC (Allocation Failure) 2017-06-02T18:22:21.029-0100: 107520.818: [ParNew
Desired survivor size 20112992 bytes, new threshold 8 (max 8)
- age   1:    3112664 bytes,    3112664 total
- age   2:     365440 bytes,    3478104 total
- age   3:     543584 bytes,    4021688 total
- age   4:    4595744 bytes,    8617432 total
- age   5:    1813944 bytes,   10431376 total
- age   6:     789984 bytes,   11221360 total
- age   7:     816192 bytes,   12037552 total
- age   8:    1031664 bytes,   13069216 total
: 109248K->16141K(109248K), 0.0061258 secs] 274154K->187204K(502464K), 0.0062062 secs] [Times: user=0.02 sys=0.00, real=0.01 secs] 
Heap after GC invocations=509 (full 5):
 par new generation   total 109248K, used 16141K [0x00000007a0000000, 0x00000007a8000000, 0x00000007a8000000)
  eden space 87424K,   0% used [0x00000007a0000000, 0x00000007a0000000, 0x00000007a5560000)
  from space 21824K,  73% used [0x00000007a6ab0000, 0x00000007a7a736c8, 0x00000007a8000000)
  to   space 21824K,   0% used [0x00000007a5560000, 0x00000007a5560000, 0x00000007a6ab0000)
 concurrent mark-sweep generation total 393216K, used 171062K [0x00000007a8000000, 0x00000007c0000000, 0x00000007c0000000)
 Metaspace       used 39754K, capacity 40682K, committed 41028K, reserved 1085440K
  class space    used 4325K, capacity 4571K, committed 4708K, reserved 1048576K
}
2017-06-02T18:22:21.035-0100: 107520.825: Total time for which application threads were stopped: 0.0064468 seconds, Stopping threads took: 0.0000572 seconds
{Heap before GC invocations=509 (full 5):
 par new generation   total 109248K, used 103565K [0x00000007a0000000, 0x00000007a8000000, 0x00000007a8000000)
  eden space 87424K, 100% used [0x00000007a0000000, 0x00000007a5560000, 0x00000007a5560000)
  from space 21824K,  73% used [0x00000007a6ab0000, 0x00000007a7a736c8, 0x00000007a8000000)
  to   space 21824K,   0% used [0x00000007a5560000, 0x00000007a5560000, 0x00000007a6ab0000)
 concurrent mark-sweep generation total 393216K, used 171062K [0x00000007a8000000, 0x00000007c0000000, 0x00000007c0000000)
 Metaspace       used 39754K, capacity 40682K, committed 41028K, reserved 1085440K
  class space    used 4325K, capacity 4571K, committed 4708K, reserved 1048576K
2017-06-02T18:22:21.272-0100: 107521.061: [GC (Allocation Failure) 2017-06-02T18:22:21.272-0100: 107521.061: [ParNew
Desired survivor size 20112992 bytes, new threshold 8 (max 8)
- age   1:    3811416 bytes,    3811416 total
- age   2:    1400296 bytes,    5211712 total
- age   3:     367024 bytes,    5578736 total
- age   4:     544136 bytes,    6122872 total
- age   5:    4595744 bytes,   10718616 total
- age   6:    1813944 bytes,   12532560 total
- age   7:     789984 bytes,   13322544 total
- age   8:     816192 bytes,   14138736 total
: 103565K->17610K(109248K), 0.0057409 secs] 274628K->189686K(502464K), 0.0058081 secs] [Times: user=0.03 sys=0.00, real=0.00 secs] 
Heap after GC invocations=510 (full 5):
 par new generation   total 109248K, used 17610K [0x00000007a0000000, 0x00000007a8000000, 0x00000007a8000000)
  eden space 87424K,   0% used [0x00000007a0000000, 0x00000007a0000000, 0x00000007a5560000)
  from space 21824K,  80% used [0x00000007a5560000, 0x00000007a6692be8, 0x00000007a6ab0000)
  to   space 21824K,   0% used [0x00000007a6ab0000, 0x00000007a6ab0000, 0x00000007a8000000)
 concurrent mark-sweep generation total 393216K, used 172075K [0x00000007a8000000, 0x00000007c0000000, 0x00000007c0000000)
 Metaspace       used 39754K, capacity 40682K, committed 41028K, reserved 1085440K
  class space    used 4325K, capacity 4571K, committed 4708K, reserved 1048576K
}
2017-06-02T18:22:21.278-0100: 107521.067: Total time for which application threads were stopped: 0.0060335 seconds, Stopping threads took: 0.0000595 seconds
{Heap before GC invocations=510 (full 5):
 par new generation   total 109248K, used 105034K [0x00000007a0000000, 0x00000007a8000000, 0x00000007a8000000)
  eden space 87424K, 100% used [0x00000007a0000000, 0x00000007a5560000, 0x00000007a5560000)
  from space 21824K,  80% used [0x00000007a5560000, 0x00000007a6692be8, 0x00000007a6ab0000)
  to   space 21824K,   0% used [0x00000007a6ab0000, 0x00000007a6ab0000, 0x00000007a8000000)
 concurrent mark-sweep generation total 393216K, used 172075K [0x00000007a8000000, 0x00000007c0000000, 0x00000007c0000000)
 Metaspace       used 39754K, capacity 40682K, committed 41028K, reserved 1085440K
  class space    used 4325K, capacity 4571K, committed 4708K, reserved 1048576K
2017-06-02T18:22:21.494-0100: 107521.283: [GC (Allocation Failure) 2017-06-02T18:22:21.494-0100: 107521.284: [ParNew
Desired survivor size 20112992 bytes, new threshold 8 (max 8)
- age   1:    4031992 bytes,    4031992 total
- age   2:    1816736 bytes,    5848728 total
- age   3:    1233312 bytes,    7082040 total
- age   4:     365440 bytes,    7447480 total
- age   5:     543584 bytes,    7991064 total
- age   6:    4595744 bytes,   12586808 total
- age   7:    1813944 bytes,   14400752 total
- age   8:     789984 bytes,   15190736 total
: 105034K->17022K(109248K), 0.0057253 secs] 277110K->189900K(502464K), 0.0058221 secs] [Times: user=0.02 sys=0.00, real=0.01 secs] 
Heap after GC invocations=511 (full 5):
 par new generation   total 109248K, used 17022K [0x00000007a0000000, 0x00000007a8000000, 0x00000007a8000000)
  eden space 87424K,   0% used [0x00000007a0000000, 0x00000007a0000000, 0x00000007a5560000)
  from space 21824K,  77% used [0x00000007a6ab0000, 0x00000007a7b4f9a0, 0x00000007a8000000)
  to   space 21824K,   0% used [0x00000007a5560000, 0x00000007a5560000, 0x00000007a6ab0000)
 concurrent mark-sweep generation total 393216K, used 172877K [0x00000007a8000000, 0x00000007c0000000, 0x00000007c0000000)
 Metaspace       used 39754K, capacity 40682K, committed 41028K, reserved 1085440K
  class space    used 4325K, capacity 4571K, committed 4708K, reserved 1048576K
}
2017-06-02T18:22:21.500-0100: 107521.289: Total time for which application threads were stopped: 0.0170290 seconds, Stopping threads took: 0.0110016 seconds
{Heap before GC invocations=511 (full 5):
 par new generation   total 109248K, used 104446K [0x00000007a0000000, 0x00000007a8000000, 0x00000007a8000000)
  eden space 87424K, 100% used [0x00000007a0000000, 0x00000007a5560000, 0x00000007a5560000)
  from space 21824K,  77% used [0x00000007a6ab0000, 0x00000007a7b4f9a0, 0x00000007a8000000)
  to   space 21824K,   0% used [0x00000007a5560000, 0x00000007a5560000, 0x00000007a6ab0000)
 concurrent mark-sweep generation total 393216K, used 172877K [0x00000007a8000000, 0x00000007c0000000, 0x00000007c0000000)
 Metaspace       used 39754K, capacity 40682K, committed 41028K, reserved 1085440K
  class space    used 4325K, capacity 4571K, committed 4708K, reserved 1048576K
2017-06-02T18:22:21.713-0100: 107521.502: [GC (Allocation Failure) 2017-06-02T18:22:21.713-0100: 107521.503: [ParNew
Desired survivor size 20112992 bytes, new threshold 8 (max 8)
- age   1:    4571336 bytes,    4571336 total
- age   2:    1544024 bytes,    6115360 total
- age   3:    1650648 bytes,    7766008 total
- age   4:    1197328 bytes,    8963336 total
- age   5:     365440 bytes,    9328776 total
- age   6:     543584 bytes,    9872360 total
- age   7:    4595744 bytes,   14468104 total
- age   8:    1813944 bytes,   16282048 total
: 104446K->17855K(109248K), 0.0058651 secs] 277324K->191511K(502464K), 0.0059445 secs] [Times: user=0.02 sys=0.00, real=0.00 secs] 
Heap after GC invocations=512 (full 5):
 par new generation   total 109248K, used 17855K [0x00000007a0000000, 0x00000007a8000000, 0x00000007a8000000)
  eden space 87424K,   0% used [0x00000007a0000000, 0x00000007a0000000, 0x00000007a5560000)
  from space 21824K,  81% used [0x00000007a5560000, 0x00000007a66cffd0, 0x00000007a6ab0000)
  to   space 21824K,   0% used [0x00000007a6ab0000, 0x00000007a6ab0000, 0x00000007a8000000)
 concurrent mark-sweep generation total 393216K, used 173655K [0x00000007a8000000, 0x00000007c0000000, 0x00000007c0000000)
 Metaspace       used 39754K, capacity 40682K, committed 41028K, reserved 1085440K
  class space    used 4325K, capacity 4571K, committed 4708K, reserved 1048576K
}
2017-06-02T18:22:21.719-0100: 107521.508: Total time for which application threads were stopped: 0.0061773 seconds, Stopping threads took: 0.0000526 seconds
{Heap before GC invocations=512 (full 5):
 par new generation   total 109248K, used 105270K [0x00000007a0000000, 0x00000007a8000000, 0x00000007a8000000)
  eden space 87424K,  99% used [0x00000007a0000000, 0x00000007a555d998, 0x00000007a5560000)
  from space 21824K,  81% used [0x00000007a5560000, 0x00000007a66cffd0, 0x00000007a6ab0000)
  to   space 21824K,   0% used [0x00000007a6ab0000, 0x00000007a6ab0000, 0x00000007a8000000)
 concurrent mark-sweep generation total 393216K, used 173655K [0x00000007a8000000, 0x00000007c0000000, 0x00000007c0000000)
 Metaspace       used 39754K, capacity 40682K, committed 41028K, reserved 1085440K
  class space    used 4325K, capacity 4571K, committed 4708K, reserved 1048576K
2017-06-02T18:22:21.914-0100: 107521.703: [GC (Allocation Failure) 2017-06-02T18:22:21.914-0100: 107521.703: [ParNew
Desired survivor size 20112992 bytes, new threshold 8 (max 8)
- age   1:    4365168 bytes,    4365168 total
- age   2:    1631576 bytes,    5996744 total
- age   3:    1539296 bytes,    7536040 total
- age   4:    1601448 bytes,    9137488 total
- age   5:    1196800 bytes,   10334288 total
- age   6:     365056 bytes,   10699344 total
- age   7:     543584 bytes,   11242928 total
- age   8:    4595744 bytes,   15838672 total
: 105270K->21824K(109248K), 0.0056595 secs] 278925K->197256K(502464K), 0.0057264 secs] [Times: user=0.02 sys=0.00, real=0.01 secs] 
Heap after GC invocations=513 (full 5):
 par new generation   total 109248K, used 21824K [0x00000007a0000000, 0x00000007a8000000, 0x00000007a8000000)
  eden space 87424K,   0% used [0x00000007a0000000, 0x00000007a0000000, 0x00000007a5560000)
  from space 21824K, 100% used [0x00000007a6ab0000, 0x00000007a8000000, 0x00000007a8000000)
  to   space 21824K,   0% used [0x00000007a5560000, 0x00000007a5560000, 0x00000007a6ab0000)
 concurrent mark-sweep generation total 393216K, used 175432K [0x00000007a8000000, 0x00000007c0000000, 0x00000007c0000000)
 Metaspace       used 39754K, capacity 40682K, committed 41028K, reserved 1085440K
  class space    used 4325K, capacity 4571K, committed 4708K, reserved 1048576K
}
2017-06-02T18:22:21.920-0100: 107521.709: Total time for which application threads were stopped: 0.0060300 seconds, Stopping threads took: 0.0000786 seconds
{Heap before GC invocations=513 (full 5):
 par new generation   total 109248K, used 109248K [0x00000007a0000000, 0x00000007a8000000, 0x00000007a8000000)
  eden space 87424K, 100% used [0x00000007a0000000, 0x00000007a5560000, 0x00000007a5560000)
  from space 21824K, 100% used [0x00000007a6ab0000, 0x00000007a8000000, 0x00000007a8000000)
  to   space 21824K,   0% used [0x00000007a5560000, 0x00000007a5560000, 0x00000007a6ab0000)
 concurrent mark-sweep generation total 393216K, used 175432K [0x00000007a8000000, 0x00000007c0000000, 0x00000007c0000000)
 Metaspace       used 39754K, capacity 40682K, committed 41028K, reserved 1085440K
  class space    used 4325K, capacity 4571K, committed 4708K, reserved 1048576K
2017-06-02T18:22:21.991-0100: 107521.780: [GC (Allocation Failure) 2017-06-02T18:22:21.991-0100: 107521.780: [ParNew
Desired survivor size 20112992 bytes, new threshold 8 (max 8)
- age   1:    1751816 bytes,    1751816 total
- age   2:    3112304 bytes,    4864120 total
- age   3:    1627008 bytes,    6491128 total
- age   4:    1539296 bytes,    8030424 total
- age   5:    1601448 bytes,    9631872 total
- age   6:    1196360 bytes,   10828232 total
- age   7:     365056 bytes,   11193288 total
- age   8:     543584 bytes,   11736872 total
: 109248K->16094K(109248K), 0.0048789 secs] 284680K->196020K(502464K), 0.0049322 secs] [Times: user=0.02 sys=0.00, real=0.00 secs] 
Heap after GC invocations=514 (full 5):
 par new generation   total 109248K, used 16094K [0x00000007a0000000, 0x00000007a8000000, 0x00000007a8000000)
  eden space 87424K,   0% used [0x00000007a0000000, 0x00000007a0000000, 0x00000007a5560000)
  from space 21824K,  73% used [0x00000007a5560000, 0x00000007a6517840, 0x00000007a6ab0000)
  to   space 21824K,   0% used [0x00000007a6ab0000, 0x00000007a6ab0000, 0x00000007a8000000)
 concurrent mark-sweep generation total 393216K, used 179926K [0x00000007a8000000, 0x00000007c0000000, 0x00000007c0000000)
 Metaspace       used 39754K, capacity 40682K, committed 41028K, reserved 1085440K
  class space    used 4325K, capacity 4571K, committed 4708K, reserved 1048576K
}
2017-06-02T18:22:21.996-0100: 107521.785: Total time for which application threads were stopped: 0.0051624 seconds, Stopping threads took: 0.0000602 seconds
{Heap before GC invocations=514 (full 5):
 par new generation   total 109248K, used 103518K [0x00000007a0000000, 0x00000007a8000000, 0x00000007a8000000)
  eden space 87424K, 100% used [0x00000007a0000000, 0x00000007a5560000, 0x00000007a5560000)
  from space 21824K,  73% used [0x00000007a5560000, 0x00000007a6517840, 0x00000007a6ab0000)
  to   space 21824K,   0% used [0x00000007a6ab0000, 0x00000007a6ab0000, 0x00000007a8000000)
 concurrent mark-sweep generation total 393216K, used 179926K [0x00000007a8000000, 0x00000007c0000000, 0x00000007c0000000)
 Metaspace       used 39754K, capacity 40682K, committed 41028K, reserved 1085440K
  class space    used 4325K, capacity 4571K, committed 4708K, reserved 1048576K
2017-06-02T18:22:22.077-0100: 107521.866: [GC (Allocation Failure) 2017-06-02T18:22:22.077-0100: 107521.866: [ParNew
Desired survivor size 20112992 bytes, new threshold 8 (max 8)
- age   1:    2894424 bytes,    2894424 total
- age   2:    1589136 bytes,    4483560 total
- age   3:    1570112 bytes,    6053672 total
- age   4:    1627008 bytes,    7680680 total
- age   5:    1539296 bytes,    9219976 total
- age   6:    1273720 bytes,   10493696 total
- age   7:    1196360 bytes,   11690056 total
- age   8:     365056 bytes,   12055112 total
: 103518K->13441K(109248K), 0.0045628 secs] 283444K->193904K(502464K), 0.0046365 secs] [Times: user=0.02 sys=0.00, real=0.01 secs] 
Heap after GC invocations=515 (full 5):
 par new generation   total 109248K, used 13441K [0x00000007a0000000, 0x00000007a8000000, 0x00000007a8000000)
  eden space 87424K,   0% used [0x00000007a0000000, 0x00000007a0000000, 0x00000007a5560000)
  from space 21824K,  61% used [0x00000007a6ab0000, 0x00000007a77d0620, 0x00000007a8000000)
  to   space 21824K,   0% used [0x00000007a5560000, 0x00000007a5560000, 0x00000007a6ab0000)
 concurrent mark-sweep generation total 393216K, used 180462K [0x00000007a8000000, 0x00000007c0000000, 0x00000007c0000000)
 Metaspace       used 39754K, capacity 40682K, committed 41028K, reserved 1085440K
  class space    used 4325K, capacity 4571K, committed 4708K, reserved 1048576K
}
2017-06-02T18:22:22.082-0100: 107521.871: Total time for which application threads were stopped: 0.0048757 seconds, Stopping threads took: 0.0000253 seconds
{Heap before GC invocations=515 (full 5):
 par new generation   total 109248K, used 100865K [0x00000007a0000000, 0x00000007a8000000, 0x00000007a8000000)
  eden space 87424K, 100% used [0x00000007a0000000, 0x00000007a5560000, 0x00000007a5560000)
  from space 21824K,  61% used [0x00000007a6ab0000, 0x00000007a77d0620, 0x00000007a8000000)
  to   space 21824K,   0% used [0x00000007a5560000, 0x00000007a5560000, 0x00000007a6ab0000)
 concurrent mark-sweep generation total 393216K, used 180462K [0x00000007a8000000, 0x00000007c0000000, 0x00000007c0000000)
 Metaspace       used 39754K, capacity 40682K, committed 41028K, reserved 1085440K
  class space    used 4325K, capacity 4571K, committed 4708K, reserved 1048576K
2017-06-02T18:22:22.214-0100: 107522.003: [GC (Allocation Failure) 2017-06-02T18:22:22.214-0100: 107522.003: [ParNew
Desired survivor size 20112992 bytes, new threshold 8 (max 8)
- age   1:    2112424 bytes,    2112424 total
- age   2:    2766840 bytes,    4879264 total
- age   3:    1205520 bytes,    6084784 total
- age   4:    1073848 bytes,    7158632 total
- age   5:    1623696 bytes,    8782328 total
- age   6:    1539296 bytes,   10321624 total
- age   7:    1142616 bytes,   11464240 total
- age   8:    1196360 bytes,   12660600 total
: 100865K->17607K(109248K), 0.0043156 secs] 281328K->198434K(502464K), 0.0043783 secs] [Times: user=0.01 sys=0.01, real=0.00 secs] 
Heap after GC invocations=516 (full 5):
 par new generation   total 109248K, used 17607K [0x00000007a0000000, 0x00000007a8000000, 0x00000007a8000000)
  eden space 87424K,   0% used [0x00000007a0000000, 0x00000007a0000000, 0x00000007a5560000)
  from space 21824K,  80% used [0x00000007a5560000, 0x00000007a6691f60, 0x00000007a6ab0000)
  to   space 21824K,   0% used [0x00000007a6ab0000, 0x00000007a6ab0000, 0x00000007a8000000)
 concurrent mark-sweep generation total 393216K, used 180826K [0x00000007a8000000, 0x00000007c0000000, 0x00000007c0000000)
 Metaspace       used 39754K, capacity 40682K, committed 41028K, reserved 1085440K
  class space    used 4325K, capacity 4571K, committed 4708K, reserved 1048576K
}
2017-06-02T18:22:22.219-0100: 107522.008: Total time for which application threads were stopped: 0.0046272 seconds, Stopping threads took: 0.0000563 seconds
{Heap before GC invocations=516 (full 5):
 par new generation   total 109248K, used 105031K [0x00000007a0000000, 0x00000007a8000000, 0x00000007a8000000)
  eden space 87424K, 100% used [0x00000007a0000000, 0x00000007a5560000, 0x00000007a5560000)
  from space 21824K,  80% used [0x00000007a5560000, 0x00000007a6691f60, 0x00000007a6ab0000)
  to   space 21824K,   0% used [0x00000007a6ab0000, 0x00000007a6ab0000, 0x00000007a8000000)
 concurrent mark-sweep generation total 393216K, used 180826K [0x00000007a8000000, 0x00000007c0000000, 0x00000007c0000000)
 Metaspace       used 39754K, capacity 40682K, committed 41028K, reserved 1085440K
  class space    used 4325K, capacity 4571K, committed 4708K, reserved 1048576K
2017-06-02T18:22:22.281-0100: 107522.070: [GC (Allocation Failure) 2017-06-02T18:22:22.281-0100: 107522.070: [ParNew
Desired survivor size 20112992 bytes, new threshold 8 (max 8)
- age   1:    2563624 bytes,    2563624 total
- age   2:    1856680 bytes,    4420304 total
- age   3:    1591760 bytes,    6012064 total
- age   4:     562520 bytes,    6574584 total
- age   5:    1073992 bytes,    7648576 total
- age   6:    1623768 bytes,    9272344 total
- age   7:    1539344 bytes,   10811688 total
- age   8:    1110072 bytes,   11921760 total
: 105031K->14559K(109248K), 0.0044533 secs] 285858K->196563K(502464K), 0.0045197 secs] [Times: user=0.02 sys=0.00, real=0.00 secs] 
Heap after GC invocations=517 (full 5):
 par new generation   total 109248K, used 14559K [0x00000007a0000000, 0x00000007a8000000, 0x00000007a8000000)
  eden space 87424K,   0% used [0x00000007a0000000, 0x00000007a0000000, 0x00000007a5560000)
  from space 21824K,  66% used [0x00000007a6ab0000, 0x00000007a78e7ed0, 0x00000007a8000000)
  to   space 21824K,   0% used [0x00000007a5560000, 0x00000007a5560000, 0x00000007a6ab0000)
 concurrent mark-sweep generation total 393216K, used 182004K [0x00000007a8000000, 0x00000007c0000000, 0x00000007c0000000)
 Metaspace       used 39754K, capacity 40682K, committed 41028K, reserved 1085440K
  class space    used 4325K, capacity 4571K, committed 4708K, reserved 1048576K
}
2017-06-02T18:22:22.286-0100: 107522.075: Total time for which application threads were stopped: 0.0047705 seconds, Stopping threads took: 0.0000776 seconds
{Heap before GC invocations=517 (full 5):
 par new generation   total 109248K, used 101983K [0x00000007a0000000, 0x00000007a8000000, 0x00000007a8000000)
  eden space 87424K, 100% used [0x00000007a0000000, 0x00000007a5560000, 0x00000007a5560000)
  from space 21824K,  66% used [0x00000007a6ab0000, 0x00000007a78e7ed0, 0x00000007a8000000)
  to   space 21824K,   0% used [0x00000007a5560000, 0x00000007a5560000, 0x00000007a6ab0000)
 concurrent mark-sweep generation total 393216K, used 182004K [0x00000007a8000000, 0x00000007c0000000, 0x00000007c0000000)
 Metaspace       used 39754K, capacity 40682K, committed 41028K, reserved 1085440K
  class space    used 4325K, capacity 4571K, committed 4708K, reserved 1048576K
2017-06-02T18:22:22.364-0100: 107522.153: [GC (Allocation Failure) 2017-06-02T18:22:22.364-0100: 107522.153: [ParNew
Desired survivor size 20112992 bytes, new threshold 8 (max 8)
- age   1:    1127856 bytes,    1127856 total
- age   2:    2396528 bytes,    3524384 total
- age   3:    1832712 bytes,    5357096 total
- age   4:    1282272 bytes,    6639368 total
- age   5:     312768 bytes,    6952136 total
- age   6:    1075264 bytes,    8027400 total
- age   7:    1625640 bytes,    9653040 total
- age   8:    1540856 bytes,   11193896 total
: 101983K->18072K(109248K), 0.0090125 secs] 283987K->201169K(502464K), 0.0091353 secs] [Times: user=0.02 sys=0.00, real=0.01 secs] 
Heap after GC invocations=518 (full 5):
 par new generation   total 109248K, used 18072K [0x00000007a0000000, 0x00000007a8000000, 0x00000007a8000000)
  eden space 87424K,   0% used [0x00000007a0000000, 0x00000007a0000000, 0x00000007a5560000)
  from space 21824K,  82% used [0x00000007a5560000, 0x00000007a6706288, 0x00000007a6ab0000)
  to   space 21824K,   0% used [0x00000007a6ab0000, 0x00000007a6ab0000, 0x00000007a8000000)
 concurrent mark-sweep generation total 393216K, used 183097K [0x00000007a8000000, 0x00000007c0000000, 0x00000007c0000000)
 Metaspace       used 39754K, capacity 40682K, committed 41028K, reserved 1085440K
  class space    used 4325K, capacity 4571K, committed 4708K, reserved 1048576K
}
2017-06-02T18:22:22.373-0100: 107522.162: Total time for which application threads were stopped: 0.0093336 seconds, Stopping threads took: 0.0000197 seconds
{Heap before GC invocations=518 (full 5):
 par new generation   total 109248K, used 105496K [0x00000007a0000000, 0x00000007a8000000, 0x00000007a8000000)
  eden space 87424K, 100% used [0x00000007a0000000, 0x00000007a5560000, 0x00000007a5560000)
  from space 21824K,  82% used [0x00000007a5560000, 0x00000007a6706288, 0x00000007a6ab0000)
  to   space 21824K,   0% used [0x00000007a6ab0000, 0x00000007a6ab0000, 0x00000007a8000000)
 concurrent mark-sweep generation total 393216K, used 183097K [0x00000007a8000000, 0x00000007c0000000, 0x00000007c0000000)
 Metaspace       used 39754K, capacity 40682K, committed 41028K, reserved 1085440K
  class space    used 4325K, capacity 4571K, committed 4708K, reserved 1048576K
2017-06-02T18:22:22.570-0100: 107522.359: [GC (Allocation Failure) 2017-06-02T18:22:22.570-0100: 107522.359: [ParNew
Desired survivor size 20112992 bytes, new threshold 8 (max 8)
- age   1:     101112 bytes,     101112 total
- age   2:     987744 bytes,    1088856 total
- age   3:    2396264 bytes,    3485120 total
- age   4:    1831968 bytes,    5317088 total
- age   5:    1281744 bytes,    6598832 total
- age   6:     312336 bytes,    6911168 total
- age   7:    1073880 bytes,    7985048 total
- age   8:    1623912 bytes,    9608960 total
: 105496K->12209K(109248K), 0.0039703 secs] 288593K->196819K(502464K), 0.0040304 secs] [Times: user=0.02 sys=0.00, real=0.00 secs] 
Heap after GC invocations=519 (full 5):
 par new generation   total 109248K, used 12209K [0x00000007a0000000, 0x00000007a8000000, 0x00000007a8000000)
  eden space 87424K,   0% used [0x00000007a0000000, 0x00000007a0000000, 0x00000007a5560000)
  from space 21824K,  55% used [0x00000007a6ab0000, 0x00000007a769c5f8, 0x00000007a8000000)
  to   space 21824K,   0% used [0x00000007a5560000, 0x00000007a5560000, 0x00000007a6ab0000)
 concurrent mark-sweep generation total 393216K, used 184609K [0x00000007a8000000, 0x00000007c0000000, 0x00000007c0000000)
 Metaspace       used 39754K, capacity 40682K, committed 41028K, reserved 1085440K
  class space    used 4325K, capacity 4571K, committed 4708K, reserved 1048576K
}
2017-06-02T18:22:22.574-0100: 107522.364: Total time for which application threads were stopped: 0.0042279 seconds, Stopping threads took: 0.0000205 seconds
{Heap before GC invocations=519 (full 5):
 par new generation   total 109248K, used 99633K [0x00000007a0000000, 0x00000007a8000000, 0x00000007a8000000)
  eden space 87424K, 100% used [0x00000007a0000000, 0x00000007a5560000, 0x00000007a5560000)
  from space 21824K,  55% used [0x00000007a6ab0000, 0x00000007a769c5f8, 0x00000007a8000000)
  to   space 21824K,   0% used [0x00000007a5560000, 0x00000007a5560000, 0x00000007a6ab0000)
 concurrent mark-sweep generation total 393216K, used 184609K [0x00000007a8000000, 0x00000007c0000000, 0x00000007c0000000)
 Metaspace       used 39754K, capacity 40682K, committed 41028K, reserved 1085440K
  class space    used 4325K, capacity 4571K, committed 4708K, reserved 1048576K
2017-06-02T18:22:22.717-0100: 107522.506: [GC (Allocation Failure) 2017-06-02T18:22:22.717-0100: 107522.507: [ParNew
Desired survivor size 20112992 bytes, new threshold 8 (max 8)
- age   1:      76152 bytes,      76152 total
- age   2:      44240 bytes,     120392 total
- age   3:     987672 bytes,    1108064 total
- age   4:    2396192 bytes,    3504256 total
- age   5:    1831800 bytes,    5336056 total
- age   6:    1281672 bytes,    6617728 total
- age   7:     312240 bytes,    6929968 total
- age   8:    1073784 bytes,    8003752 total
: 99633K->10689K(109248K), 0.0039975 secs] 284243K->196893K(502464K), 0.0040725 secs] [Times: user=0.02 sys=0.00, real=0.01 secs] 
Heap after GC invocations=520 (full 5):
 par new generation   total 109248K, used 10689K [0x00000007a0000000, 0x00000007a8000000, 0x00000007a8000000)
  eden space 87424K,   0% used [0x00000007a0000000, 0x00000007a0000000, 0x00000007a5560000)
  from space 21824K,  48% used [0x00000007a5560000, 0x00000007a5fd0508, 0x00000007a6ab0000)
  to   space 21824K,   0% used [0x00000007a6ab0000, 0x00000007a6ab0000, 0x00000007a8000000)
 concurrent mark-sweep generation total 393216K, used 186204K [0x00000007a8000000, 0x00000007c0000000, 0x00000007c0000000)
 Metaspace       used 39754K, capacity 40682K, committed 41028K, reserved 1085440K
  class space    used 4325K, capacity 4571K, committed 4708K, reserved 1048576K
}
2017-06-02T18:22:22.722-0100: 107522.511: Total time for which application threads were stopped: 0.0043291 seconds, Stopping threads took: 0.0000316 seconds
{Heap before GC invocations=520 (full 5):
 par new generation   total 109248K, used 98113K [0x00000007a0000000, 0x00000007a8000000, 0x00000007a8000000)
  eden space 87424K, 100% used [0x00000007a0000000, 0x00000007a5560000, 0x00000007a5560000)
  from space 21824K,  48% used [0x00000007a5560000, 0x00000007a5fd0508, 0x00000007a6ab0000)
  to   space 21824K,   0% used [0x00000007a6ab0000, 0x00000007a6ab0000, 0x00000007a8000000)
 concurrent mark-sweep generation total 393216K, used 186204K [0x00000007a8000000, 0x00000007c0000000, 0x00000007c0000000)
 Metaspace       used 39754K, capacity 40682K, committed 41028K, reserved 1085440K
  class space    used 4325K, capacity 4571K, committed 4708K, reserved 1048576K
2017-06-02T18:22:22.890-0100: 107522.679: [GC (Allocation Failure) 2017-06-02T18:22:22.890-0100: 107522.679: [ParNew
Desired survivor size 20112992 bytes, new threshold 8 (max 8)
- age   1:      65520 bytes,      65520 total
- age   3:       1136 bytes,      66656 total
- age   4:     987888 bytes,    1054544 total
- age   5:    2396480 bytes,    3451024 total
- age   6:    1832568 bytes,    5283592 total
- age   7:    1282032 bytes,    6565624 total
- age   8:     312528 bytes,    6878152 total
: 98113K->10160K(109248K), 0.0035567 secs] 284317K->197421K(502464K), 0.0036167 secs] [Times: user=0.01 sys=0.00, real=0.00 secs] 
Heap after GC invocations=521 (full 5):
 par new generation   total 109248K, used 10160K [0x00000007a0000000, 0x00000007a8000000, 0x00000007a8000000)
  eden space 87424K,   0% used [0x00000007a0000000, 0x00000007a0000000, 0x00000007a5560000)
  from space 21824K,  46% used [0x00000007a6ab0000, 0x00000007a749c1f0, 0x00000007a8000000)
  to   space 21824K,   0% used [0x00000007a5560000, 0x00000007a5560000, 0x00000007a6ab0000)
 concurrent mark-sweep generation total 393216K, used 187260K [0x00000007a8000000, 0x00000007c0000000, 0x00000007c0000000)
 Metaspace       used 39754K, capacity 40682K, committed 41028K, reserved 1085440K
  class space    used 4325K, capacity 4571K, committed 4708K, reserved 1048576K
}
2017-06-02T18:22:22.894-0100: 107522.683: Total time for which application threads were stopped: 0.0038094 seconds, Stopping threads took: 0.0000191 seconds
2017-06-02T18:22:23.123-0100: 107522.912: Total time for which application threads were stopped: 0.0001843 seconds, Stopping threads took: 0.0000227 seconds
2017-06-02T18:22:23.205-0100: 107522.994: Total time for which application threads were stopped: 0.0001804 seconds, Stopping threads took: 0.0000222 seconds
2017-06-02T18:22:23.210-0100: 107522.999: Total time for which application threads were stopped: 0.0001555 seconds, Stopping threads took: 0.0000299 seconds
2017-06-02T18:22:23.210-0100: 107522.999: Total time for which application threads were stopped: 0.0000888 seconds, Stopping threads took: 0.0000180 seconds
{Heap before GC invocations=521 (full 5):
 par new generation   total 109248K, used 97584K [0x00000007a0000000, 0x00000007a8000000, 0x00000007a8000000)
  eden space 87424K, 100% used [0x00000007a0000000, 0x00000007a5560000, 0x00000007a5560000)
  from space 21824K,  46% used [0x00000007a6ab0000, 0x00000007a749c1f0, 0x00000007a8000000)
  to   space 21824K,   0% used [0x00000007a5560000, 0x00000007a5560000, 0x00000007a6ab0000)
 concurrent mark-sweep generation total 393216K, used 187260K [0x00000007a8000000, 0x00000007c0000000, 0x00000007c0000000)
 Metaspace       used 39754K, capacity 40682K, committed 41028K, reserved 1085440K
  class space    used 4325K, capacity 4571K, committed 4708K, reserved 1048576K
2017-06-02T18:22:23.279-0100: 107523.068: [GC (Allocation Failure) 2017-06-02T18:22:23.279-0100: 107523.068: [ParNew
Desired survivor size 20112992 bytes, new threshold 8 (max 8)
- age   1:     125080 bytes,     125080 total
- age   2:        344 bytes,     125424 total
- age   4:       1136 bytes,     126560 total
- age   5:     980864 bytes,    1107424 total
- age   6:    2390336 bytes,    3497760 total
- age   7:    1821712 bytes,    5319472 total
- age   8:    1274760 bytes,    6594232 total
: 97584K->8120K(109248K), 0.0033982 secs] 284845K->195683K(502464K), 0.0034826 secs] [Times: user=0.01 sys=0.00, real=0.01 secs] 
Heap after GC invocations=522 (full 5):
 par new generation   total 109248K, used 8120K [0x00000007a0000000, 0x00000007a8000000, 0x00000007a8000000)
  eden space 87424K,   0% used [0x00000007a0000000, 0x00000007a0000000, 0x00000007a5560000)
  from space 21824K,  37% used [0x00000007a5560000, 0x00000007a5d4e338, 0x00000007a6ab0000)
  to   space 21824K,   0% used [0x00000007a6ab0000, 0x00000007a6ab0000, 0x00000007a8000000)
 concurrent mark-sweep generation total 393216K, used 187562K [0x00000007a8000000, 0x00000007c0000000, 0x00000007c0000000)
 Metaspace       used 39754K, capacity 40682K, committed 41028K, reserved 1085440K
  class space    used 4325K, capacity 4571K, committed 4708K, reserved 1048576K
}
2017-06-02T18:22:23.283-0100: 107523.072: Total time for which application threads were stopped: 0.0037299 seconds, Stopping threads took: 0.0000249 seconds
{Heap before GC invocations=522 (full 5):
 par new generation   total 109248K, used 95544K [0x00000007a0000000, 0x00000007a8000000, 0x00000007a8000000)
  eden space 87424K, 100% used [0x00000007a0000000, 0x00000007a5560000, 0x00000007a5560000)
  from space 21824K,  37% used [0x00000007a5560000, 0x00000007a5d4e338, 0x00000007a6ab0000)
  to   space 21824K,   0% used [0x00000007a6ab0000, 0x00000007a6ab0000, 0x00000007a8000000)
 concurrent mark-sweep generation total 393216K, used 187562K [0x00000007a8000000, 0x00000007c0000000, 0x00000007c0000000)
 Metaspace       used 39754K, capacity 40682K, committed 41028K, reserved 1085440K
  class space    used 4325K, capacity 4571K, committed 4708K, reserved 1048576K
2017-06-02T18:22:23.388-0100: 107523.177: [GC (Allocation Failure) 2017-06-02T18:22:23.388-0100: 107523.177: [ParNew
Desired survivor size 20112992 bytes, new threshold 8 (max 8)
- age   1:      38600 bytes,      38600 total
- age   2:      95008 bytes,     133608 total
- age   3:        344 bytes,     133952 total
- age   5:       1136 bytes,     135088 total
- age   6:     980864 bytes,    1115952 total
- age   7:    2390336 bytes,    3506288 total
- age   8:    1821712 bytes,    5328000 total
: 95544K->6537K(109248K), 0.0093578 secs] 283107K->195347K(502464K), 0.0094251 secs] [Times: user=0.03 sys=0.01, real=0.01 secs] 
Heap after GC invocations=523 (full 5):
 par new generation   total 109248K, used 6537K [0x00000007a0000000, 0x00000007a8000000, 0x00000007a8000000)
  eden space 87424K,   0% used [0x00000007a0000000, 0x00000007a0000000, 0x00000007a5560000)
  from space 21824K,  29% used [0x00000007a6ab0000, 0x00000007a7112788, 0x00000007a8000000)
  to   space 21824K,   0% used [0x00000007a5560000, 0x00000007a5560000, 0x00000007a6ab0000)
 concurrent mark-sweep generation total 393216K, used 188809K [0x00000007a8000000, 0x00000007c0000000, 0x00000007c0000000)
 Metaspace       used 39754K, capacity 40682K, committed 41028K, reserved 1085440K
  class space    used 4325K, capacity 4571K, committed 4708K, reserved 1048576K
}
2017-06-02T18:22:23.397-0100: 107523.187: Total time for which application threads were stopped: 0.0096558 seconds, Stopping threads took: 0.0000230 seconds
2017-06-02T18:22:23.422-0100: 107523.212: Total time for which application threads were stopped: 0.0002177 seconds, Stopping threads took: 0.0000240 seconds
2017-06-02T18:22:23.423-0100: 107523.212: Total time for which application threads were stopped: 0.0001239 seconds, Stopping threads took: 0.0000129 seconds
2017-06-02T18:22:23.423-0100: 107523.212: Total time for which application threads were stopped: 0.0001745 seconds, Stopping threads took: 0.0000730 seconds
2017-06-02T18:22:23.424-0100: 107523.213: Total time for which application threads were stopped: 0.0001480 seconds, Stopping threads took: 0.0000339 seconds
2017-06-02T18:22:23.424-0100: 107523.213: Total time for which application threads were stopped: 0.0001071 seconds, Stopping threads took: 0.0000263 seconds
2017-06-02T18:22:23.424-0100: 107523.213: Total time for which application threads were stopped: 0.0001255 seconds, Stopping threads took: 0.0000238 seconds
2017-06-02T18:22:23.425-0100: 107523.214: Total time for which application threads were stopped: 0.0001233 seconds, Stopping threads took: 0.0000370 seconds
2017-06-02T18:22:23.425-0100: 107523.214: Total time for which application threads were stopped: 0.0001036 seconds, Stopping threads took: 0.0000262 seconds
2017-06-02T18:22:23.429-0100: 107523.218: Total time for which application threads were stopped: 0.0013457 seconds, Stopping threads took: 0.0000634 seconds
2017-06-02T18:22:23.431-0100: 107523.220: Total time for which application threads were stopped: 0.0001568 seconds, Stopping threads took: 0.0000246 seconds
2017-06-02T18:22:23.431-0100: 107523.221: Total time for which application threads were stopped: 0.0001244 seconds, Stopping threads took: 0.0000142 seconds
2017-06-02T18:22:23.433-0100: 107523.222: Total time for which application threads were stopped: 0.0001335 seconds, Stopping threads took: 0.0000318 seconds
2017-06-02T18:22:23.433-0100: 107523.222: Total time for which application threads were stopped: 0.0001146 seconds, Stopping threads took: 0.0000297 seconds
2017-06-02T18:22:24.435-0100: 107524.224: Total time for which application threads were stopped: 0.0001407 seconds, Stopping threads took: 0.0000231 seconds
2017-06-02T18:22:27.440-0100: 107527.229: Total time for which application threads were stopped: 0.0001636 seconds, Stopping threads took: 0.0000259 seconds
2017-06-02T18:25:10.886-0100: 107690.674: Total time for which application threads were stopped: 0.0002271 seconds, Stopping threads took: 0.0000364 seconds
2017-06-02T18:25:10.887-0100: 107690.674: Total time for which application threads were stopped: 0.0001166 seconds, Stopping threads took: 0.0000115 seconds
2017-06-02T18:25:10.896-0100: 107690.684: Total time for which application threads were stopped: 0.0000981 seconds, Stopping threads took: 0.0000204 seconds
2017-06-02T18:25:10.896-0100: 107690.684: Total time for which application threads were stopped: 0.0000614 seconds, Stopping threads took: 0.0000098 seconds
2017-06-02T18:25:10.920-0100: 107690.707: Total time for which application threads were stopped: 0.0001660 seconds, Stopping threads took: 0.0000416 seconds
2017-06-02T18:25:10.921-0100: 107690.709: Total time for which application threads were stopped: 0.0002205 seconds, Stopping threads took: 0.0000322 seconds
2017-06-02T18:25:10.921-0100: 107690.709: Total time for which application threads were stopped: 0.0001619 seconds, Stopping threads took: 0.0000259 seconds
2017-06-02T18:25:10.922-0100: 107690.709: Total time for which application threads were stopped: 0.0000930 seconds, Stopping threads took: 0.0000097 seconds
2017-06-02T18:25:10.922-0100: 107690.709: Total time for which application threads were stopped: 0.0000835 seconds, Stopping threads took: 0.0000096 seconds
2017-06-02T18:25:10.922-0100: 107690.710: Total time for which application threads were stopped: 0.0000861 seconds, Stopping threads took: 0.0000106 seconds
2017-06-02T18:25:10.923-0100: 107690.710: Total time for which application threads were stopped: 0.0000976 seconds, Stopping threads took: 0.0000088 seconds
2017-06-02T18:25:10.923-0100: 107690.710: Total time for which application threads were stopped: 0.0000719 seconds, Stopping threads took: 0.0000089 seconds
2017-06-02T18:25:10.923-0100: 107690.710: Total time for which application threads were stopped: 0.0000664 seconds, Stopping threads took: 0.0000079 seconds
2017-06-02T18:25:10.923-0100: 107690.710: Total time for which application threads were stopped: 0.0000687 seconds, Stopping threads took: 0.0000079 seconds
2017-06-02T18:25:10.923-0100: 107690.710: Total time for which application threads were stopped: 0.0000666 seconds, Stopping threads took: 0.0000085 seconds
2017-06-02T18:25:10.923-0100: 107690.710: Total time for which application threads were stopped: 0.0000587 seconds, Stopping threads took: 0.0000070 seconds
2017-06-02T18:25:10.923-0100: 107690.710: Total time for which application threads were stopped: 0.0000669 seconds, Stopping threads took: 0.0000098 seconds
2017-06-02T18:25:10.924-0100: 107690.711: Total time for which application threads were stopped: 0.0000622 seconds, Stopping threads took: 0.0000077 seconds
2017-06-02T18:25:10.924-0100: 107690.711: Total time for which application threads were stopped: 0.0000567 seconds, Stopping threads took: 0.0000065 seconds
2017-06-02T18:25:10.929-0100: 107690.717: Total time for which application threads were stopped: 0.0001603 seconds, Stopping threads took: 0.0000218 seconds
2017-06-02T18:25:10.929-0100: 107690.717: Total time for which application threads were stopped: 0.0001126 seconds, Stopping threads took: 0.0000131 seconds
2017-06-02T18:25:10.938-0100: 107690.725: Total time for which application threads were stopped: 0.0002356 seconds, Stopping threads took: 0.0000249 seconds
2017-06-02T18:25:10.938-0100: 107690.726: Total time for which application threads were stopped: 0.0001511 seconds, Stopping threads took: 0.0000076 seconds
2017-06-02T18:25:10.939-0100: 107690.726: Total time for which application threads were stopped: 0.0001401 seconds, Stopping threads took: 0.0000090 seconds
2017-06-02T18:25:12.181-0100: 107691.968: Total time for which application threads were stopped: 0.0001245 seconds, Stopping threads took: 0.0000326 seconds
{Heap before GC invocations=523 (full 5):
 par new generation   total 109248K, used 93961K [0x00000007a0000000, 0x00000007a8000000, 0x00000007a8000000)
  eden space 87424K, 100% used [0x00000007a0000000, 0x00000007a5560000, 0x00000007a5560000)
  from space 21824K,  29% used [0x00000007a6ab0000, 0x00000007a7112788, 0x00000007a8000000)
  to   space 21824K,   0% used [0x00000007a5560000, 0x00000007a5560000, 0x00000007a6ab0000)
 concurrent mark-sweep generation total 393216K, used 188809K [0x00000007a8000000, 0x00000007c0000000, 0x00000007c0000000)
 Metaspace       used 39773K, capacity 40746K, committed 41028K, reserved 1085440K
  class space    used 4325K, capacity 4571K, committed 4708K, reserved 1048576K
2017-06-02T18:25:12.215-0100: 107692.002: [GC (Allocation Failure) 2017-06-02T18:25:12.215-0100: 107692.002: [ParNew
Desired survivor size 20112992 bytes, new threshold 8 (max 8)
- age   1:    2022232 bytes,    2022232 total
- age   3:      26480 bytes,    2048712 total
- age   4:        344 bytes,    2049056 total
- age   6:       1136 bytes,    2050192 total
- age   7:     968072 bytes,    3018264 total
- age   8:    2375568 bytes,    5393832 total
: 93961K->6814K(109248K), 0.0036428 secs] 282771K->197378K(502464K), 0.0037156 secs] [Times: user=0.02 sys=0.00, real=0.00 secs] 
Heap after GC invocations=524 (full 5):
 par new generation   total 109248K, used 6814K [0x00000007a0000000, 0x00000007a8000000, 0x00000007a8000000)
  eden space 87424K,   0% used [0x00000007a0000000, 0x00000007a0000000, 0x00000007a5560000)
  from space 21824K,  31% used [0x00000007a5560000, 0x00000007a5c07918, 0x00000007a6ab0000)
  to   space 21824K,   0% used [0x00000007a6ab0000, 0x00000007a6ab0000, 0x00000007a8000000)
 concurrent mark-sweep generation total 393216K, used 190564K [0x00000007a8000000, 0x00000007c0000000, 0x00000007c0000000)
 Metaspace       used 39773K, capacity 40746K, committed 41028K, reserved 1085440K
  class space    used 4325K, capacity 4571K, committed 4708K, reserved 1048576K
}
2017-06-02T18:25:12.218-0100: 107692.006: Total time for which application threads were stopped: 0.0039173 seconds, Stopping threads took: 0.0000217 seconds
2017-06-02T18:25:12.283-0100: 107692.070: Total time for which application threads were stopped: 0.0002097 seconds, Stopping threads took: 0.0000334 seconds
2017-06-02T18:25:12.377-0100: 107692.165: Total time for which application threads were stopped: 0.0001549 seconds, Stopping threads took: 0.0000372 seconds
2017-06-02T18:25:12.386-0100: 107692.173: Total time for which application threads were stopped: 0.0001178 seconds, Stopping threads took: 0.0000304 seconds
2017-06-02T18:25:12.390-0100: 107692.177: Total time for which application threads were stopped: 0.0000921 seconds, Stopping threads took: 0.0000132 seconds
2017-06-02T18:25:12.399-0100: 107692.186: Total time for which application threads were stopped: 0.0001292 seconds, Stopping threads took: 0.0000310 seconds
2017-06-02T18:25:12.399-0100: 107692.186: Total time for which application threads were stopped: 0.0000555 seconds, Stopping threads took: 0.0000069 seconds
2017-06-02T18:25:12.399-0100: 107692.186: Total time for which application threads were stopped: 0.0000544 seconds, Stopping threads took: 0.0000075 seconds
2017-06-02T18:25:12.399-0100: 107692.186: Total time for which application threads were stopped: 0.0000445 seconds, Stopping threads took: 0.0000060 seconds
2017-06-02T18:25:12.399-0100: 107692.186: Total time for which application threads were stopped: 0.0000431 seconds, Stopping threads took: 0.0000057 seconds
2017-06-02T18:25:12.399-0100: 107692.186: Total time for which application threads were stopped: 0.0000518 seconds, Stopping threads took: 0.0000065 seconds
2017-06-02T18:25:12.399-0100: 107692.187: Total time for which application threads were stopped: 0.0000373 seconds, Stopping threads took: 0.0000055 seconds
2017-06-02T18:25:12.399-0100: 107692.187: Total time for which application threads were stopped: 0.0001285 seconds, Stopping threads took: 0.0000065 seconds
2017-06-02T18:25:13.403-0100: 107693.191: Total time for which application threads were stopped: 0.0000934 seconds, Stopping threads took: 0.0000261 seconds
2017-06-02T18:25:13.617-0100: 107693.404: Total time for which application threads were stopped: 0.0001442 seconds, Stopping threads took: 0.0000186 seconds
2017-06-02T18:25:13.623-0100: 107693.410: Total time for which application threads were stopped: 0.0001539 seconds, Stopping threads took: 0.0000204 seconds
2017-06-02T18:25:13.623-0100: 107693.411: Total time for which application threads were stopped: 0.0000842 seconds, Stopping threads took: 0.0000093 seconds
2017-06-02T18:25:13.631-0100: 107693.419: Total time for which application threads were stopped: 0.0001021 seconds, Stopping threads took: 0.0000216 seconds
2017-06-02T18:25:13.631-0100: 107693.419: Total time for which application threads were stopped: 0.0001071 seconds, Stopping threads took: 0.0000113 seconds
2017-06-02T18:25:17.912-0100: 107697.699: Total time for which application threads were stopped: 0.0001271 seconds, Stopping threads took: 0.0000278 seconds
2017-06-02T18:25:18.914-0100: 107698.701: Total time for which application threads were stopped: 0.0001107 seconds, Stopping threads took: 0.0000223 seconds
2017-06-02T18:26:13.632-0100: 107753.419: Total time for which application threads were stopped: 0.0000804 seconds, Stopping threads took: 0.0000177 seconds
2017-06-02T18:26:28.102-0100: 107767.888: Total time for which application threads were stopped: 0.0001001 seconds, Stopping threads took: 0.0000156 seconds
2017-06-02T18:26:29.104-0100: 107768.891: Total time for which application threads were stopped: 0.0000797 seconds, Stopping threads took: 0.0000174 seconds
2017-06-02T18:27:31.322-0100: 107831.108: Total time for which application threads were stopped: 0.0001068 seconds, Stopping threads took: 0.0000283 seconds
{Heap before GC invocations=524 (full 5):
 par new generation   total 109248K, used 94223K [0x00000007a0000000, 0x00000007a8000000, 0x00000007a8000000)
  eden space 87424K,  99% used [0x00000007a0000000, 0x00000007a555c500, 0x00000007a5560000)
  from space 21824K,  31% used [0x00000007a5560000, 0x00000007a5c07918, 0x00000007a6ab0000)
  to   space 21824K,   0% used [0x00000007a6ab0000, 0x00000007a6ab0000, 0x00000007a8000000)
 concurrent mark-sweep generation total 393216K, used 190564K [0x00000007a8000000, 0x00000007c0000000, 0x00000007c0000000)
 Metaspace       used 39788K, capacity 40752K, committed 41028K, reserved 1085440K
  class space    used 4326K, capacity 4572K, committed 4708K, reserved 1048576K
2017-06-02T18:27:31.353-0100: 107831.139: [GC (Allocation Failure) 2017-06-02T18:27:31.353-0100: 107831.139: [ParNew
Desired survivor size 20112992 bytes, new threshold 8 (max 8)
- age   1:    2700056 bytes,    2700056 total
- age   2:     932544 bytes,    3632600 total
- age   4:      26096 bytes,    3658696 total
- age   5:        344 bytes,    3659040 total
- age   7:       1136 bytes,    3660176 total
- age   8:     968072 bytes,    4628248 total
: 94223K->5076K(109248K), 0.0037875 secs] 284788K->197962K(502464K), 0.0041594 secs] [Times: user=0.02 sys=0.00, real=0.00 secs] 
Heap after GC invocations=525 (full 5):
 par new generation   total 109248K, used 5076K [0x00000007a0000000, 0x00000007a8000000, 0x00000007a8000000)
  eden space 87424K,   0% used [0x00000007a0000000, 0x00000007a0000000, 0x00000007a5560000)
  from space 21824K,  23% used [0x00000007a6ab0000, 0x00000007a6fa5380, 0x00000007a8000000)
  to   space 21824K,   0% used [0x00000007a5560000, 0x00000007a5560000, 0x00000007a6ab0000)
 concurrent mark-sweep generation total 393216K, used 192885K [0x00000007a8000000, 0x00000007c0000000, 0x00000007c0000000)
 Metaspace       used 39788K, capacity 40752K, committed 41028K, reserved 1085440K
  class space    used 4326K, capacity 4572K, committed 4708K, reserved 1048576K
}
2017-06-02T18:27:31.357-0100: 107831.143: Total time for which application threads were stopped: 0.0043285 seconds, Stopping threads took: 0.0000160 seconds
2017-06-02T18:27:31.357-0100: 107831.143: Total time for which application threads were stopped: 0.0001159 seconds, Stopping threads took: 0.0000381 seconds
2017-06-02T18:27:31.357-0100: 107831.143: Total time for which application threads were stopped: 0.0000794 seconds, Stopping threads took: 0.0000090 seconds
2017-06-02T18:27:31.419-0100: 107831.205: Total time for which application threads were stopped: 0.0001685 seconds, Stopping threads took: 0.0000341 seconds
2017-06-02T18:27:31.519-0100: 107831.305: Total time for which application threads were stopped: 0.0001629 seconds, Stopping threads took: 0.0000497 seconds
2017-06-02T18:27:31.519-0100: 107831.305: Total time for which application threads were stopped: 0.0000634 seconds, Stopping threads took: 0.0000075 seconds
2017-06-02T18:27:31.519-0100: 107831.305: Total time for which application threads were stopped: 0.0000548 seconds, Stopping threads took: 0.0000079 seconds
2017-06-02T18:27:31.520-0100: 107831.305: Total time for which application threads were stopped: 0.0000553 seconds, Stopping threads took: 0.0000071 seconds
2017-06-02T18:27:31.520-0100: 107831.306: Total time for which application threads were stopped: 0.0000433 seconds, Stopping threads took: 0.0000058 seconds
2017-06-02T18:27:31.520-0100: 107831.306: Total time for which application threads were stopped: 0.0000455 seconds, Stopping threads took: 0.0000061 seconds
2017-06-02T18:27:31.520-0100: 107831.306: Total time for which application threads were stopped: 0.0000419 seconds, Stopping threads took: 0.0000051 seconds
2017-06-02T18:27:31.520-0100: 107831.306: Total time for which application threads were stopped: 0.0000499 seconds, Stopping threads took: 0.0000066 seconds
2017-06-02T18:27:31.520-0100: 107831.306: Total time for which application threads were stopped: 0.0000431 seconds, Stopping threads took: 0.0000059 seconds
2017-06-02T18:27:31.520-0100: 107831.306: Total time for which application threads were stopped: 0.0000493 seconds, Stopping threads took: 0.0000069 seconds
2017-06-02T18:27:31.526-0100: 107831.312: Total time for which application threads were stopped: 0.0000953 seconds, Stopping threads took: 0.0000136 seconds
2017-06-02T18:27:31.526-0100: 107831.312: Total time for which application threads were stopped: 0.0000584 seconds, Stopping threads took: 0.0000085 seconds
2017-06-02T18:27:31.530-0100: 107831.316: Total time for which application threads were stopped: 0.0000731 seconds, Stopping threads took: 0.0000103 seconds
2017-06-02T18:27:31.530-0100: 107831.316: Total time for which application threads were stopped: 0.0000544 seconds, Stopping threads took: 0.0000074 seconds
2017-06-02T18:27:31.530-0100: 107831.316: Total time for which application threads were stopped: 0.0000461 seconds, Stopping threads took: 0.0000060 seconds
2017-06-02T18:27:32.617-0100: 107832.403: Total time for which application threads were stopped: 0.0001472 seconds, Stopping threads took: 0.0000343 seconds
2017-06-02T18:27:32.631-0100: 107832.417: Total time for which application threads were stopped: 0.0001655 seconds, Stopping threads took: 0.0000237 seconds
2017-06-02T18:27:32.631-0100: 107832.417: Total time for which application threads were stopped: 0.0001052 seconds, Stopping threads took: 0.0000120 seconds
2017-06-02T18:27:32.639-0100: 107832.425: Total time for which application threads were stopped: 0.0001145 seconds, Stopping threads took: 0.0000243 seconds
2017-06-02T18:27:32.639-0100: 107832.425: Total time for which application threads were stopped: 0.0000672 seconds, Stopping threads took: 0.0000114 seconds
2017-06-02T18:27:33.407-0100: 107833.193: Total time for which application threads were stopped: 0.0001016 seconds, Stopping threads took: 0.0000178 seconds
2017-06-02T18:27:34.408-0100: 107834.194: Total time for which application threads were stopped: 0.0001000 seconds, Stopping threads took: 0.0000221 seconds
2017-06-02T18:27:55.942-0100: 107855.728: Total time for which application threads were stopped: 0.0001394 seconds, Stopping threads took: 0.0000193 seconds
2017-06-02T18:28:05.906-0100: 107865.692: Total time for which application threads were stopped: 0.0000957 seconds, Stopping threads took: 0.0000158 seconds
{Heap before GC invocations=525 (full 5):
 par new generation   total 109248K, used 92500K [0x00000007a0000000, 0x00000007a8000000, 0x00000007a8000000)
  eden space 87424K, 100% used [0x00000007a0000000, 0x00000007a5560000, 0x00000007a5560000)
  from space 21824K,  23% used [0x00000007a6ab0000, 0x00000007a6fa5380, 0x00000007a8000000)
  to   space 21824K,   0% used [0x00000007a5560000, 0x00000007a5560000, 0x00000007a6ab0000)
 concurrent mark-sweep generation total 393216K, used 192885K [0x00000007a8000000, 0x00000007c0000000, 0x00000007c0000000)
 Metaspace       used 39799K, capacity 40752K, committed 41028K, reserved 1085440K
  class space    used 4326K, capacity 4572K, committed 4708K, reserved 1048576K
2017-06-02T18:28:05.922-0100: 107865.708: [GC (Allocation Failure) 2017-06-02T18:28:05.922-0100: 107865.708: [ParNew
Desired survivor size 20112992 bytes, new threshold 8 (max 8)
- age   1:    2119152 bytes,    2119152 total
- age   2:    1638224 bytes,    3757376 total
- age   3:     782360 bytes,    4539736 total
- age   5:      26096 bytes,    4565832 total
- age   6:        344 bytes,    4566176 total
- age   8:       1136 bytes,    4567312 total
: 92500K->7795K(109248K), 0.0043061 secs] 285386K->201627K(502464K), 0.0046481 secs] [Times: user=0.02 sys=0.00, real=0.00 secs] 
Heap after GC invocations=526 (full 5):
 par new generation   total 109248K, used 7795K [0x00000007a0000000, 0x00000007a8000000, 0x00000007a8000000)
  eden space 87424K,   0% used [0x00000007a0000000, 0x00000007a0000000, 0x00000007a5560000)
  from space 21824K,  35% used [0x00000007a5560000, 0x00000007a5cfcc00, 0x00000007a6ab0000)
  to   space 21824K,   0% used [0x00000007a6ab0000, 0x00000007a6ab0000, 0x00000007a8000000)
 concurrent mark-sweep generation total 393216K, used 193832K [0x00000007a8000000, 0x00000007c0000000, 0x00000007c0000000)
 Metaspace       used 39799K, capacity 40752K, committed 41028K, reserved 1085440K
  class space    used 4326K, capacity 4572K, committed 4708K, reserved 1048576K
}
2017-06-02T18:28:05.927-0100: 107865.712: Total time for which application threads were stopped: 0.0048322 seconds, Stopping threads took: 0.0000196 seconds
2017-06-02T18:28:05.927-0100: 107865.713: Total time for which application threads were stopped: 0.0001368 seconds, Stopping threads took: 0.0000505 seconds
2017-06-02T18:28:05.927-0100: 107865.713: Total time for which application threads were stopped: 0.0001023 seconds, Stopping threads took: 0.0000455 seconds
2017-06-02T18:28:05.991-0100: 107865.777: Total time for which application threads were stopped: 0.0001567 seconds, Stopping threads took: 0.0000194 seconds
{Heap before GC invocations=526 (full 5):
 par new generation   total 109248K, used 95219K [0x00000007a0000000, 0x00000007a8000000, 0x00000007a8000000)
  eden space 87424K, 100% used [0x00000007a0000000, 0x00000007a5560000, 0x00000007a5560000)
  from space 21824K,  35% used [0x00000007a5560000, 0x00000007a5cfcc00, 0x00000007a6ab0000)
  to   space 21824K,   0% used [0x00000007a6ab0000, 0x00000007a6ab0000, 0x00000007a8000000)
 concurrent mark-sweep generation total 393216K, used 193832K [0x00000007a8000000, 0x00000007c0000000, 0x00000007c0000000)
 Metaspace       used 39802K, capacity 40752K, committed 41028K, reserved 1085440K
  class space    used 4326K, capacity 4572K, committed 4708K, reserved 1048576K
2017-06-02T18:28:05.992-0100: 107865.778: [GC (Allocation Failure) 2017-06-02T18:28:05.992-0100: 107865.778: [ParNew
Desired survivor size 20112992 bytes, new threshold 8 (max 8)
- age   1:     444096 bytes,     444096 total
- age   2:    1854352 bytes,    2298448 total
- age   3:    1132720 bytes,    3431168 total
- age   4:     280064 bytes,    3711232 total
- age   6:      26096 bytes,    3737328 total
- age   7:        344 bytes,    3737672 total
: 95219K->4701K(109248K), 0.0035995 secs] 289051K->198534K(502464K), 0.0036696 secs] [Times: user=0.02 sys=0.01, real=0.00 secs] 
Heap after GC invocations=527 (full 5):
 par new generation   total 109248K, used 4701K [0x00000007a0000000, 0x00000007a8000000, 0x00000007a8000000)
  eden space 87424K,   0% used [0x00000007a0000000, 0x00000007a0000000, 0x00000007a5560000)
  from space 21824K,  21% used [0x00000007a6ab0000, 0x00000007a6f474f0, 0x00000007a8000000)
  to   space 21824K,   0% used [0x00000007a5560000, 0x00000007a5560000, 0x00000007a6ab0000)
 concurrent mark-sweep generation total 393216K, used 193833K [0x00000007a8000000, 0x00000007c0000000, 0x00000007c0000000)
 Metaspace       used 39802K, capacity 40752K, committed 41028K, reserved 1085440K
  class space    used 4326K, capacity 4572K, committed 4708K, reserved 1048576K
}
2017-06-02T18:28:05.996-0100: 107865.781: Total time for which application threads were stopped: 0.0038399 seconds, Stopping threads took: 0.0000108 seconds
2017-06-02T18:28:05.996-0100: 107865.782: Total time for which application threads were stopped: 0.0001470 seconds, Stopping threads took: 0.0000272 seconds
2017-06-02T18:28:06.007-0100: 107865.792: Total time for which application threads were stopped: 0.0003163 seconds, Stopping threads took: 0.0000823 seconds
2017-06-02T18:28:06.007-0100: 107865.793: Total time for which application threads were stopped: 0.0001086 seconds, Stopping threads took: 0.0000251 seconds
2017-06-02T18:28:06.007-0100: 107865.793: Total time for which application threads were stopped: 0.0000966 seconds, Stopping threads took: 0.0000216 seconds
2017-06-02T18:28:06.007-0100: 107865.793: Total time for which application threads were stopped: 0.0000935 seconds, Stopping threads took: 0.0000479 seconds
2017-06-02T18:28:06.007-0100: 107865.793: Total time for which application threads were stopped: 0.0000710 seconds, Stopping threads took: 0.0000090 seconds
2017-06-02T18:28:06.007-0100: 107865.793: Total time for which application threads were stopped: 0.0001014 seconds, Stopping threads took: 0.0000222 seconds
2017-06-02T18:28:06.008-0100: 107865.793: Total time for which application threads were stopped: 0.0000680 seconds, Stopping threads took: 0.0000249 seconds
2017-06-02T18:28:06.008-0100: 107865.793: Total time for which application threads were stopped: 0.0000712 seconds, Stopping threads took: 0.0000241 seconds
2017-06-02T18:28:06.008-0100: 107865.793: Total time for which application threads were stopped: 0.0000613 seconds, Stopping threads took: 0.0000171 seconds
2017-06-02T18:28:06.008-0100: 107865.793: Total time for which application threads were stopped: 0.0000864 seconds, Stopping threads took: 0.0000242 seconds
2017-06-02T18:28:06.008-0100: 107865.794: Total time for which application threads were stopped: 0.0000984 seconds, Stopping threads took: 0.0000267 seconds
2017-06-02T18:28:06.008-0100: 107865.794: Total time for which application threads were stopped: 0.0000825 seconds, Stopping threads took: 0.0000236 seconds
2017-06-02T18:28:06.016-0100: 107865.801: Total time for which application threads were stopped: 0.0000953 seconds, Stopping threads took: 0.0000143 seconds
2017-06-02T18:28:06.016-0100: 107865.802: Total time for which application threads were stopped: 0.0000795 seconds, Stopping threads took: 0.0000100 seconds
2017-06-02T18:28:06.025-0100: 107865.810: Total time for which application threads were stopped: 0.0001086 seconds, Stopping threads took: 0.0000270 seconds
2017-06-02T18:28:06.025-0100: 107865.810: Total time for which application threads were stopped: 0.0000920 seconds, Stopping threads took: 0.0000284 seconds
2017-06-02T18:28:06.025-0100: 107865.810: Total time for which application threads were stopped: 0.0000714 seconds, Stopping threads took: 0.0000190 seconds
2017-06-02T18:28:06.025-0100: 107865.810: Total time for which application threads were stopped: 0.0000564 seconds, Stopping threads took: 0.0000166 seconds
2017-06-02T18:28:06.025-0100: 107865.811: Total time for which application threads were stopped: 0.0000592 seconds, Stopping threads took: 0.0000163 seconds
2017-06-02T18:28:06.025-0100: 107865.811: Total time for which application threads were stopped: 0.0000659 seconds, Stopping threads took: 0.0000184 seconds
2017-06-02T18:28:06.025-0100: 107865.811: Total time for which application threads were stopped: 0.0000635 seconds, Stopping threads took: 0.0000186 seconds
2017-06-02T18:28:06.025-0100: 107865.811: Total time for which application threads were stopped: 0.0000640 seconds, Stopping threads took: 0.0000234 seconds
2017-06-02T18:28:07.048-0100: 107866.833: Total time for which application threads were stopped: 0.0001342 seconds, Stopping threads took: 0.0000190 seconds
2017-06-02T18:28:07.060-0100: 107866.845: Total time for which application threads were stopped: 0.0001392 seconds, Stopping threads took: 0.0000226 seconds
2017-06-02T18:28:07.060-0100: 107866.845: Total time for which application threads were stopped: 0.0000870 seconds, Stopping threads took: 0.0000101 seconds
2017-06-02T18:28:07.069-0100: 107866.854: Total time for which application threads were stopped: 0.0001040 seconds, Stopping threads took: 0.0000209 seconds
2017-06-02T18:28:07.069-0100: 107866.854: Total time for which application threads were stopped: 0.0000787 seconds, Stopping threads took: 0.0000099 seconds
2017-06-02T18:28:09.718-0100: 107869.503: Total time for which application threads were stopped: 0.0001340 seconds, Stopping threads took: 0.0000198 seconds
2017-06-02T18:28:09.720-0100: 107869.506: Total time for which application threads were stopped: 0.0001151 seconds, Stopping threads took: 0.0000205 seconds
{Heap before GC invocations=527 (full 5):
 par new generation   total 109248K, used 92123K [0x00000007a0000000, 0x00000007a8000000, 0x00000007a8000000)
  eden space 87424K,  99% used [0x00000007a0000000, 0x00000007a555f998, 0x00000007a5560000)
  from space 21824K,  21% used [0x00000007a6ab0000, 0x00000007a6f474f0, 0x00000007a8000000)
  to   space 21824K,   0% used [0x00000007a5560000, 0x00000007a5560000, 0x00000007a6ab0000)
 concurrent mark-sweep generation total 393216K, used 193833K [0x00000007a8000000, 0x00000007c0000000, 0x00000007c0000000)
 Metaspace       used 39807K, capacity 40752K, committed 41028K, reserved 1085440K
  class space    used 4326K, capacity 4572K, committed 4708K, reserved 1048576K
2017-06-02T18:28:09.763-0100: 107869.549: [GC (Allocation Failure) 2017-06-02T18:28:09.763-0100: 107869.549: [ParNew
Desired survivor size 20112992 bytes, new threshold 8 (max 8)
- age   1:    1831632 bytes,    1831632 total
- age   2:     438744 bytes,    2270376 total
- age   3:    1444848 bytes,    3715224 total
- age   4:    1132488 bytes,    4847712 total
- age   5:     279928 bytes,    5127640 total
- age   7:      26096 bytes,    5153736 total
- age   8:        344 bytes,    5154080 total
: 92123K->6146K(109248K), 0.0041949 secs] 285956K->199979K(502464K), 0.0042622 secs] [Times: user=0.01 sys=0.00, real=0.00 secs] 
Heap after GC invocations=528 (full 5):
 par new generation   total 109248K, used 6146K [0x00000007a0000000, 0x00000007a8000000, 0x00000007a8000000)
  eden space 87424K,   0% used [0x00000007a0000000, 0x00000007a0000000, 0x00000007a5560000)
  from space 21824K,  28% used [0x00000007a5560000, 0x00000007a5b60838, 0x00000007a6ab0000)
  to   space 21824K,   0% used [0x00000007a6ab0000, 0x00000007a6ab0000, 0x00000007a8000000)
 concurrent mark-sweep generation total 393216K, used 193833K [0x00000007a8000000, 0x00000007c0000000, 0x00000007c0000000)
 Metaspace       used 39807K, capacity 40752K, committed 41028K, reserved 1085440K
  class space    used 4326K, capacity 4572K, committed 4708K, reserved 1048576K
}
2017-06-02T18:28:09.768-0100: 107869.553: Total time for which application threads were stopped: 0.0044363 seconds, Stopping threads took: 0.0000177 seconds
2017-06-02T18:28:09.768-0100: 107869.553: Total time for which application threads were stopped: 0.0001378 seconds, Stopping threads took: 0.0000504 seconds
2017-06-02T18:28:09.768-0100: 107869.554: Total time for which application threads were stopped: 0.0001149 seconds, Stopping threads took: 0.0000478 seconds
2017-06-02T18:28:09.813-0100: 107869.599: Total time for which application threads were stopped: 0.0001465 seconds, Stopping threads took: 0.0000327 seconds
2017-06-02T18:28:09.817-0100: 107869.602: Total time for which application threads were stopped: 0.0001282 seconds, Stopping threads took: 0.0000375 seconds
2017-06-02T18:28:09.817-0100: 107869.602: Total time for which application threads were stopped: 0.0000870 seconds, Stopping threads took: 0.0000268 seconds
2017-06-02T18:28:09.817-0100: 107869.603: Total time for which application threads were stopped: 0.0000746 seconds, Stopping threads took: 0.0000228 seconds
2017-06-02T18:28:09.817-0100: 107869.603: Total time for which application threads were stopped: 0.0000729 seconds, Stopping threads took: 0.0000204 seconds
2017-06-02T18:28:09.817-0100: 107869.603: Total time for which application threads were stopped: 0.0000726 seconds, Stopping threads took: 0.0000212 seconds
2017-06-02T18:28:09.817-0100: 107869.603: Total time for which application threads were stopped: 0.0000536 seconds, Stopping threads took: 0.0000071 seconds
2017-06-02T18:28:09.817-0100: 107869.603: Total time for which application threads were stopped: 0.0000565 seconds, Stopping threads took: 0.0000071 seconds
2017-06-02T18:28:09.817-0100: 107869.603: Total time for which application threads were stopped: 0.0000502 seconds, Stopping threads took: 0.0000063 seconds
2017-06-02T18:28:09.818-0100: 107869.603: Total time for which application threads were stopped: 0.0000730 seconds, Stopping threads took: 0.0000235 seconds
2017-06-02T18:28:09.818-0100: 107869.603: Total time for which application threads were stopped: 0.0000516 seconds, Stopping threads took: 0.0000065 seconds
2017-06-02T18:28:09.818-0100: 107869.603: Total time for which application threads were stopped: 0.0000688 seconds, Stopping threads took: 0.0000223 seconds
2017-06-02T18:28:09.818-0100: 107869.603: Total time for which application threads were stopped: 0.0000553 seconds, Stopping threads took: 0.0000065 seconds
2017-06-02T18:28:09.822-0100: 107869.608: Total time for which application threads were stopped: 0.0001347 seconds, Stopping threads took: 0.0000203 seconds
2017-06-02T18:28:09.823-0100: 107869.608: Total time for which application threads were stopped: 0.0002075 seconds, Stopping threads took: 0.0000107 seconds
2017-06-02T18:28:09.828-0100: 107869.614: Total time for which application threads were stopped: 0.0002344 seconds, Stopping threads took: 0.0000186 seconds
2017-06-02T18:28:09.828-0100: 107869.614: Total time for which application threads were stopped: 0.0000826 seconds, Stopping threads took: 0.0000118 seconds
2017-06-02T18:28:09.829-0100: 107869.614: Total time for which application threads were stopped: 0.0000808 seconds, Stopping threads took: 0.0000119 seconds
2017-06-02T18:28:09.829-0100: 107869.614: Total time for which application threads were stopped: 0.0000920 seconds, Stopping threads took: 0.0000260 seconds
2017-06-02T18:28:09.829-0100: 107869.614: Total time for which application threads were stopped: 0.0000764 seconds, Stopping threads took: 0.0000145 seconds
2017-06-02T18:28:09.829-0100: 107869.615: Total time for which application threads were stopped: 0.0000861 seconds, Stopping threads took: 0.0000229 seconds
2017-06-02T18:28:09.829-0100: 107869.615: Total time for which application threads were stopped: 0.0000997 seconds, Stopping threads took: 0.0000091 seconds
2017-06-02T18:28:10.850-0100: 107870.636: Total time for which application threads were stopped: 0.0001466 seconds, Stopping threads took: 0.0000350 seconds
2017-06-02T18:28:10.855-0100: 107870.641: Total time for which application threads were stopped: 0.0001620 seconds, Stopping threads took: 0.0000240 seconds
2017-06-02T18:28:10.855-0100: 107870.641: Total time for which application threads were stopped: 0.0000986 seconds, Stopping threads took: 0.0000169 seconds
2017-06-02T18:28:10.863-0100: 107870.649: Total time for which application threads were stopped: 0.0001098 seconds, Stopping threads took: 0.0000225 seconds
2017-06-02T18:28:10.863-0100: 107870.649: Total time for which application threads were stopped: 0.0000610 seconds, Stopping threads took: 0.0000087 seconds
2017-06-02T18:28:12.932-0100: 107872.717: Total time for which application threads were stopped: 0.0000958 seconds, Stopping threads took: 0.0000161 seconds
2017-06-02T18:28:13.932-0100: 107873.717: Total time for which application threads were stopped: 0.0000938 seconds, Stopping threads took: 0.0000225 seconds
2017-06-02T18:28:15.900-0100: 107875.686: Total time for which application threads were stopped: 0.0001213 seconds, Stopping threads took: 0.0000213 seconds
{Heap before GC invocations=528 (full 5):
 par new generation   total 109248K, used 93570K [0x00000007a0000000, 0x00000007a8000000, 0x00000007a8000000)
  eden space 87424K, 100% used [0x00000007a0000000, 0x00000007a5560000, 0x00000007a5560000)
  from space 21824K,  28% used [0x00000007a5560000, 0x00000007a5b60838, 0x00000007a6ab0000)
  to   space 21824K,   0% used [0x00000007a6ab0000, 0x00000007a6ab0000, 0x00000007a8000000)
 concurrent mark-sweep generation total 393216K, used 193833K [0x00000007a8000000, 0x00000007c0000000, 0x00000007c0000000)
 Metaspace       used 39808K, capacity 40752K, committed 41028K, reserved 1085440K
  class space    used 4326K, capacity 4572K, committed 4708K, reserved 1048576K
2017-06-02T18:29:24.832-0100: 107944.617: [GC (Allocation Failure) 2017-06-02T18:29:24.832-0100: 107944.617: [ParNew
Desired survivor size 20112992 bytes, new threshold 8 (max 8)
- age   1:    2203728 bytes,    2203728 total
- age   2:     859360 bytes,    3063088 total
- age   3:     438256 bytes,    3501344 total
- age   4:     893224 bytes,    4394568 total
- age   5:     648104 bytes,    5042672 total
- age   6:     279880 bytes,    5322552 total
- age   8:      26096 bytes,    5348648 total
: 93570K->8495K(109248K), 0.0042808 secs] 287403K->202329K(502464K), 0.0043553 secs] [Times: user=0.02 sys=0.00, real=0.00 secs] 
Heap after GC invocations=529 (full 5):
 par new generation   total 109248K, used 8495K [0x00000007a0000000, 0x00000007a8000000, 0x00000007a8000000)
  eden space 87424K,   0% used [0x00000007a0000000, 0x00000007a0000000, 0x00000007a5560000)
  from space 21824K,  38% used [0x00000007a6ab0000, 0x00000007a72fbe40, 0x00000007a8000000)
  to   space 21824K,   0% used [0x00000007a5560000, 0x00000007a5560000, 0x00000007a6ab0000)
 concurrent mark-sweep generation total 393216K, used 193833K [0x00000007a8000000, 0x00000007c0000000, 0x00000007c0000000)
 Metaspace       used 39808K, capacity 40752K, committed 41028K, reserved 1085440K
  class space    used 4326K, capacity 4572K, committed 4708K, reserved 1048576K
}
2017-06-02T18:29:24.836-0100: 107944.621: Total time for which application threads were stopped: 0.0045365 seconds, Stopping threads took: 0.0000200 seconds
2017-06-02T18:29:24.836-0100: 107944.621: Total time for which application threads were stopped: 0.0001826 seconds, Stopping threads took: 0.0000778 seconds
2017-06-02T18:29:24.837-0100: 107944.621: Total time for which application threads were stopped: 0.0001305 seconds, Stopping threads took: 0.0000422 seconds
2017-06-02T18:29:24.837-0100: 107944.622: Total time for which application threads were stopped: 0.0001355 seconds, Stopping threads took: 0.0000539 seconds
2017-06-02T18:29:24.894-0100: 107944.679: Total time for which application threads were stopped: 0.0001640 seconds, Stopping threads took: 0.0000370 seconds
2017-06-02T18:29:24.986-0100: 107944.771: Total time for which application threads were stopped: 0.0001723 seconds, Stopping threads took: 0.0000497 seconds
2017-06-02T18:29:24.994-0100: 107944.779: Total time for which application threads were stopped: 0.0000964 seconds, Stopping threads took: 0.0000124 seconds
2017-06-02T18:29:26.018-0100: 107945.803: Total time for which application threads were stopped: 0.0001141 seconds, Stopping threads took: 0.0000154 seconds
2017-06-02T18:29:26.024-0100: 107945.809: Total time for which application threads were stopped: 0.0001678 seconds, Stopping threads took: 0.0000223 seconds
2017-06-02T18:29:26.024-0100: 107945.809: Total time for which application threads were stopped: 0.0001018 seconds, Stopping threads took: 0.0000105 seconds
2017-06-02T18:29:26.032-0100: 107945.816: Total time for which application threads were stopped: 0.0001028 seconds, Stopping threads took: 0.0000198 seconds
2017-06-02T18:29:26.032-0100: 107945.817: Total time for which application threads were stopped: 0.0000722 seconds, Stopping threads took: 0.0000123 seconds
2017-06-02T18:29:27.794-0100: 107947.579: Total time for which application threads were stopped: 0.0001102 seconds, Stopping threads took: 0.0000179 seconds
2017-06-02T18:29:46.788-0100: 107966.573: Total time for which application threads were stopped: 0.0001271 seconds, Stopping threads took: 0.0000201 seconds
2017-06-02T18:29:46.788-0100: 107966.573: Total time for which application threads were stopped: 0.0000949 seconds, Stopping threads took: 0.0000124 seconds
2017-06-02T18:29:46.788-0100: 107966.573: Total time for which application threads were stopped: 0.0001387 seconds, Stopping threads took: 0.0000598 seconds
2017-06-02T18:29:46.788-0100: 107966.573: Total time for which application threads were stopped: 0.0001233 seconds, Stopping threads took: 0.0000515 seconds
2017-06-02T18:29:46.789-0100: 107966.573: Total time for which application threads were stopped: 0.0002790 seconds, Stopping threads took: 0.0000443 seconds
2017-06-02T18:29:46.790-0100: 107966.575: Total time for which application threads were stopped: 0.0001730 seconds, Stopping threads took: 0.0000350 seconds
2017-06-02T18:29:46.791-0100: 107966.576: Total time for which application threads were stopped: 0.0001517 seconds, Stopping threads took: 0.0000262 seconds
2017-06-02T18:29:46.791-0100: 107966.576: Total time for which application threads were stopped: 0.0001067 seconds, Stopping threads took: 0.0000130 seconds
2017-06-02T18:29:46.791-0100: 107966.576: Total time for which application threads were stopped: 0.0000902 seconds, Stopping threads took: 0.0000082 seconds
2017-06-02T18:29:46.792-0100: 107966.576: Total time for which application threads were stopped: 0.0001323 seconds, Stopping threads took: 0.0000142 seconds
2017-06-02T18:29:46.792-0100: 107966.577: Total time for which application threads were stopped: 0.0001223 seconds, Stopping threads took: 0.0000254 seconds
2017-06-02T18:29:46.792-0100: 107966.577: Total time for which application threads were stopped: 0.0000970 seconds, Stopping threads took: 0.0000096 seconds
2017-06-02T18:29:46.792-0100: 107966.577: Total time for which application threads were stopped: 0.0001701 seconds, Stopping threads took: 0.0000685 seconds
2017-06-02T18:29:46.792-0100: 107966.577: Total time for which application threads were stopped: 0.0001494 seconds, Stopping threads took: 0.0000550 seconds
2017-06-02T18:29:46.793-0100: 107966.578: Total time for which application threads were stopped: 0.0001352 seconds, Stopping threads took: 0.0000149 seconds
2017-06-02T18:29:46.793-0100: 107966.578: Total time for which application threads were stopped: 0.0001084 seconds, Stopping threads took: 0.0000115 seconds
2017-06-02T18:29:46.797-0100: 107966.582: Total time for which application threads were stopped: 0.0001892 seconds, Stopping threads took: 0.0000375 seconds
2017-06-02T18:29:46.797-0100: 107966.582: Total time for which application threads were stopped: 0.0001129 seconds, Stopping threads took: 0.0000109 seconds
2017-06-02T18:29:46.799-0100: 107966.584: Total time for which application threads were stopped: 0.0001600 seconds, Stopping threads took: 0.0000169 seconds
2017-06-02T18:29:46.799-0100: 107966.584: Total time for which application threads were stopped: 0.0001239 seconds, Stopping threads took: 0.0000101 seconds
2017-06-02T18:29:46.806-0100: 107966.591: Total time for which application threads were stopped: 0.0001419 seconds, Stopping threads took: 0.0000252 seconds
2017-06-02T18:29:46.806-0100: 107966.591: Total time for which application threads were stopped: 0.0000996 seconds, Stopping threads took: 0.0000126 seconds
2017-06-02T18:29:46.810-0100: 107966.595: Total time for which application threads were stopped: 0.0001058 seconds, Stopping threads took: 0.0000199 seconds
2017-06-02T18:29:46.810-0100: 107966.595: Total time for which application threads were stopped: 0.0000714 seconds, Stopping threads took: 0.0000114 seconds
2017-06-02T18:29:48.408-0100: 107968.193: Total time for which application threads were stopped: 0.0001974 seconds, Stopping threads took: 0.0000416 seconds
2017-06-02T18:29:48.408-0100: 107968.193: Total time for which application threads were stopped: 0.0001165 seconds, Stopping threads took: 0.0000114 seconds
2017-06-02T18:29:48.417-0100: 107968.202: Total time for which application threads were stopped: 0.0001753 seconds, Stopping threads took: 0.0000325 seconds
2017-06-02T18:29:48.417-0100: 107968.202: Total time for which application threads were stopped: 0.0000781 seconds, Stopping threads took: 0.0000120 seconds
2017-06-02T18:29:51.324-0100: 107971.108: Total time for which application threads were stopped: 0.0001041 seconds, Stopping threads took: 0.0000175 seconds
2017-06-02T18:29:52.326-0100: 107972.111: Total time for which application threads were stopped: 0.0000952 seconds, Stopping threads took: 0.0000216 seconds
2017-06-02T18:30:17.407-0100: 107997.192: Total time for which application threads were stopped: 0.0000968 seconds, Stopping threads took: 0.0000165 seconds
2017-06-02T18:30:17.408-0100: 107997.192: Total time for which application threads were stopped: 0.0000993 seconds, Stopping threads took: 0.0000279 seconds
2017-06-02T18:30:17.408-0100: 107997.192: Total time for which application threads were stopped: 0.0000886 seconds, Stopping threads took: 0.0000231 seconds
2017-06-02T18:30:27.414-0100: 108007.199: Total time for which application threads were stopped: 0.0000969 seconds, Stopping threads took: 0.0000279 seconds
2017-06-02T18:30:46.807-0100: 108026.591: Total time for which application threads were stopped: 0.0000883 seconds, Stopping threads took: 0.0000169 seconds
2017-06-02T18:30:48.418-0100: 108028.202: Total time for which application threads were stopped: 0.0000788 seconds, Stopping threads took: 0.0000157 seconds
2017-06-03T11:05:11.505-0100: 108868.466: Total time for which application threads were stopped: 0.0044778 seconds, Stopping threads took: 0.0026862 seconds
2017-06-03T11:20:47.409-0100: 109804.362: Total time for which application threads were stopped: 0.0057375 seconds, Stopping threads took: 0.0000188 seconds
2017-06-03T11:20:47.411-0100: 109804.364: Total time for which application threads were stopped: 0.0017870 seconds, Stopping threads took: 0.0000244 seconds
2017-06-03T11:20:47.416-0100: 109804.368: Total time for which application threads were stopped: 0.0023058 seconds, Stopping threads took: 0.0007534 seconds
2017-06-03T11:20:47.417-0100: 109804.369: Total time for which application threads were stopped: 0.0007557 seconds, Stopping threads took: 0.0001129 seconds
2017-06-03T11:20:47.437-0100: 109804.389: Total time for which application threads were stopped: 0.0002639 seconds, Stopping threads took: 0.0000313 seconds
2017-06-03T11:20:47.437-0100: 109804.389: Total time for which application threads were stopped: 0.0001368 seconds, Stopping threads took: 0.0000156 seconds
2017-06-03T11:20:47.447-0100: 109804.400: Total time for which application threads were stopped: 0.0001477 seconds, Stopping threads took: 0.0000203 seconds
2017-06-03T11:20:47.448-0100: 109804.400: Total time for which application threads were stopped: 0.0000626 seconds, Stopping threads took: 0.0000101 seconds
2017-06-03T11:20:49.812-0100: 109806.765: Total time for which application threads were stopped: 0.0007480 seconds, Stopping threads took: 0.0005694 seconds
2017-06-03T11:20:49.813-0100: 109806.765: Total time for which application threads were stopped: 0.0001354 seconds, Stopping threads took: 0.0000123 seconds
2017-06-03T11:20:49.836-0100: 109806.788: Total time for which application threads were stopped: 0.0124988 seconds, Stopping threads took: 0.0012649 seconds
2017-06-03T11:20:49.837-0100: 109806.789: Total time for which application threads were stopped: 0.0003676 seconds, Stopping threads took: 0.0000872 seconds
2017-06-03T11:20:49.840-0100: 109806.792: Total time for which application threads were stopped: 0.0030548 seconds, Stopping threads took: 0.0006393 seconds
{Heap before GC invocations=529 (full 5):
 par new generation   total 109248K, used 95919K [0x00000007a0000000, 0x00000007a8000000, 0x00000007a8000000)
  eden space 87424K, 100% used [0x00000007a0000000, 0x00000007a5560000, 0x00000007a5560000)
  from space 21824K,  38% used [0x00000007a6ab0000, 0x00000007a72fbe40, 0x00000007a8000000)
  to   space 21824K,   0% used [0x00000007a5560000, 0x00000007a5560000, 0x00000007a6ab0000)
 concurrent mark-sweep generation total 393216K, used 193833K [0x00000007a8000000, 0x00000007c0000000, 0x00000007c0000000)
 Metaspace       used 39826K, capacity 40820K, committed 41028K, reserved 1085440K
  class space    used 4326K, capacity 4572K, committed 4708K, reserved 1048576K
2017-06-03T11:20:51.010-0100: 109807.962: [GC (Allocation Failure) 2017-06-03T11:20:51.011-0100: 109807.963: [ParNew
Desired survivor size 20112992 bytes, new threshold 8 (max 8)
- age   1:    2352064 bytes,    2352064 total
- age   2:    1155840 bytes,    3507904 total
- age   3:     724784 bytes,    4232688 total
- age   4:       7496 bytes,    4240184 total
- age   5:     464160 bytes,    4704344 total
- age   6:     351872 bytes,    5056216 total
- age   7:     278352 bytes,    5334568 total
: 95919K->7103K(109248K), 0.1048440 secs] 289753K->200962K(502464K), 0.1062496 secs] [Times: user=0.02 sys=0.14, real=0.10 secs] 
Heap after GC invocations=530 (full 5):
 par new generation   total 109248K, used 7103K [0x00000007a0000000, 0x00000007a8000000, 0x00000007a8000000)
  eden space 87424K,   0% used [0x00000007a0000000, 0x00000007a0000000, 0x00000007a5560000)
  from space 21824K,  32% used [0x00000007a5560000, 0x00000007a5c4fd00, 0x00000007a6ab0000)
  to   space 21824K,   0% used [0x00000007a6ab0000, 0x00000007a6ab0000, 0x00000007a8000000)
 concurrent mark-sweep generation total 393216K, used 193859K [0x00000007a8000000, 0x00000007c0000000, 0x00000007c0000000)
 Metaspace       used 39826K, capacity 40820K, committed 41028K, reserved 1085440K
  class space    used 4326K, capacity 4572K, committed 4708K, reserved 1048576K
}
2017-06-03T11:20:51.117-0100: 109808.069: Total time for which application threads were stopped: 0.1082306 seconds, Stopping threads took: 0.0000177 seconds
2017-06-03T11:20:51.119-0100: 109808.071: Total time for which application threads were stopped: 0.0007510 seconds, Stopping threads took: 0.0000460 seconds
2017-06-03T11:20:51.120-0100: 109808.072: Total time for which application threads were stopped: 0.0002552 seconds, Stopping threads took: 0.0000609 seconds
{Heap before GC invocations=530 (full 5):
 par new generation   total 109248K, used 94527K [0x00000007a0000000, 0x00000007a8000000, 0x00000007a8000000)
  eden space 87424K, 100% used [0x00000007a0000000, 0x00000007a5560000, 0x00000007a5560000)
  from space 21824K,  32% used [0x00000007a5560000, 0x00000007a5c4fd00, 0x00000007a6ab0000)
  to   space 21824K,   0% used [0x00000007a6ab0000, 0x00000007a6ab0000, 0x00000007a8000000)
 concurrent mark-sweep generation total 393216K, used 193859K [0x00000007a8000000, 0x00000007c0000000, 0x00000007c0000000)
 Metaspace       used 39826K, capacity 40820K, committed 41028K, reserved 1085440K
  class space    used 4326K, capacity 4572K, committed 4708K, reserved 1048576K
2017-06-03T11:20:51.210-0100: 109808.162: [GC (Allocation Failure) 2017-06-03T11:20:51.210-0100: 109808.162: [ParNew
Desired survivor size 20112992 bytes, new threshold 8 (max 8)
- age   1:     901088 bytes,     901088 total
- age   2:    1962760 bytes,    2863848 total
- age   3:     676656 bytes,    3540504 total
- age   4:     204936 bytes,    3745440 total
- age   5:       7496 bytes,    3752936 total
- age   6:     462624 bytes,    4215560 total
- age   7:     325768 bytes,    4541328 total
- age   8:     253024 bytes,    4794352 total
: 94527K->6363K(109248K), 0.0056313 secs] 288386K->200223K(502464K), 0.0056839 secs] [Times: user=0.01 sys=0.01, real=0.00 secs] 
Heap after GC invocations=531 (full 5):
 par new generation   total 109248K, used 6363K [0x00000007a0000000, 0x00000007a8000000, 0x00000007a8000000)
  eden space 87424K,   0% used [0x00000007a0000000, 0x00000007a0000000, 0x00000007a5560000)
  from space 21824K,  29% used [0x00000007a6ab0000, 0x00000007a70e6f00, 0x00000007a8000000)
  to   space 21824K,   0% used [0x00000007a5560000, 0x00000007a5560000, 0x00000007a6ab0000)
 concurrent mark-sweep generation total 393216K, used 193859K [0x00000007a8000000, 0x00000007c0000000, 0x00000007c0000000)
 Metaspace       used 39826K, capacity 40820K, committed 41028K, reserved 1085440K
  class space    used 4326K, capacity 4572K, committed 4708K, reserved 1048576K
}
2017-06-03T11:20:51.216-0100: 109808.168: Total time for which application threads were stopped: 0.0059582 seconds, Stopping threads took: 0.0000179 seconds
2017-06-03T11:20:51.216-0100: 109808.168: Total time for which application threads were stopped: 0.0002786 seconds, Stopping threads took: 0.0000655 seconds
2017-06-03T11:20:52.218-0100: 109809.170: Total time for which application threads were stopped: 0.0001077 seconds, Stopping threads took: 0.0000286 seconds
2017-06-03T11:20:52.298-0100: 109809.250: Total time for which application threads were stopped: 0.0015458 seconds, Stopping threads took: 0.0002592 seconds
2017-06-03T11:20:52.299-0100: 109809.251: Total time for which application threads were stopped: 0.0002402 seconds, Stopping threads took: 0.0000505 seconds
2017-06-03T11:20:52.306-0100: 109809.259: Total time for which application threads were stopped: 0.0001181 seconds, Stopping threads took: 0.0000222 seconds
2017-06-03T11:20:52.307-0100: 109809.259: Total time for which application threads were stopped: 0.0000812 seconds, Stopping threads took: 0.0000118 seconds
2017-06-03T11:21:47.412-0100: 109864.364: Total time for which application threads were stopped: 0.0000787 seconds, Stopping threads took: 0.0000156 seconds
2017-06-03T11:21:52.307-0100: 109869.259: Total time for which application threads were stopped: 0.0000815 seconds, Stopping threads took: 0.0000175 seconds
2017-06-03T11:22:37.741-0100: 109914.692: Total time for which application threads were stopped: 0.0002385 seconds, Stopping threads took: 0.0000206 seconds
2017-06-03T11:22:37.741-0100: 109914.693: Total time for which application threads were stopped: 0.0000805 seconds, Stopping threads took: 0.0000105 seconds
2017-06-03T11:22:37.741-0100: 109914.693: Total time for which application threads were stopped: 0.0000586 seconds, Stopping threads took: 0.0000069 seconds
2017-06-03T11:22:37.741-0100: 109914.693: Total time for which application threads were stopped: 0.0000809 seconds, Stopping threads took: 0.0000064 seconds
2017-06-03T11:22:37.742-0100: 109914.693: Total time for which application threads were stopped: 0.0000788 seconds, Stopping threads took: 0.0000091 seconds
2017-06-03T11:22:37.742-0100: 109914.694: Total time for which application threads were stopped: 0.0001214 seconds, Stopping threads took: 0.0000147 seconds
2017-06-03T11:22:37.742-0100: 109914.694: Total time for which application threads were stopped: 0.0000939 seconds, Stopping threads took: 0.0000155 seconds
2017-06-03T11:22:37.743-0100: 109914.694: Total time for which application threads were stopped: 0.0000608 seconds, Stopping threads took: 0.0000067 seconds
2017-06-03T11:22:37.743-0100: 109914.694: Total time for which application threads were stopped: 0.0000729 seconds, Stopping threads took: 0.0000087 seconds
2017-06-03T11:22:37.743-0100: 109914.694: Total time for which application threads were stopped: 0.0000607 seconds, Stopping threads took: 0.0000077 seconds
2017-06-03T11:22:37.743-0100: 109914.694: Total time for which application threads were stopped: 0.0000617 seconds, Stopping threads took: 0.0000074 seconds
2017-06-03T11:22:37.743-0100: 109914.694: Total time for which application threads were stopped: 0.0000582 seconds, Stopping threads took: 0.0000066 seconds
2017-06-03T11:22:37.743-0100: 109914.694: Total time for which application threads were stopped: 0.0000560 seconds, Stopping threads took: 0.0000066 seconds
2017-06-03T11:22:37.744-0100: 109914.695: Total time for which application threads were stopped: 0.0000893 seconds, Stopping threads took: 0.0000092 seconds
2017-06-03T11:22:37.744-0100: 109914.695: Total time for which application threads were stopped: 0.0000648 seconds, Stopping threads took: 0.0000081 seconds
2017-06-03T11:22:37.750-0100: 109914.702: Total time for which application threads were stopped: 0.0002813 seconds, Stopping threads took: 0.0000310 seconds
2017-06-03T11:22:37.751-0100: 109914.702: Total time for which application threads were stopped: 0.0001567 seconds, Stopping threads took: 0.0000151 seconds
2017-06-03T11:22:37.763-0100: 109914.714: Total time for which application threads were stopped: 0.0001338 seconds, Stopping threads took: 0.0000212 seconds
2017-06-03T11:22:37.763-0100: 109914.714: Total time for which application threads were stopped: 0.0000697 seconds, Stopping threads took: 0.0000106 seconds
2017-06-03T11:22:37.771-0100: 109914.723: Total time for which application threads were stopped: 0.0001933 seconds, Stopping threads took: 0.0000234 seconds
2017-06-03T11:22:37.772-0100: 109914.723: Total time for which application threads were stopped: 0.0001122 seconds, Stopping threads took: 0.0000119 seconds
2017-06-03T11:22:37.780-0100: 109914.731: Total time for which application threads were stopped: 0.0001160 seconds, Stopping threads took: 0.0000204 seconds
2017-06-03T11:22:37.780-0100: 109914.732: Total time for which application threads were stopped: 0.0000681 seconds, Stopping threads took: 0.0000110 seconds
2017-06-03T11:22:43.781-0100: 109920.732: Total time for which application threads were stopped: 0.0000932 seconds, Stopping threads took: 0.0000222 seconds
2017-06-03T11:22:44.023-0100: 109920.974: Total time for which application threads were stopped: 0.0002793 seconds, Stopping threads took: 0.0000613 seconds
2017-06-03T11:22:44.023-0100: 109920.974: Total time for which application threads were stopped: 0.0001584 seconds, Stopping threads took: 0.0000166 seconds
2017-06-03T11:22:44.031-0100: 109920.982: Total time for which application threads were stopped: 0.0001341 seconds, Stopping threads took: 0.0000182 seconds
2017-06-03T11:22:44.031-0100: 109920.982: Total time for which application threads were stopped: 0.0000827 seconds, Stopping threads took: 0.0000262 seconds
2017-06-03T11:22:44.035-0100: 109920.987: Total time for which application threads were stopped: 0.0001577 seconds, Stopping threads took: 0.0000197 seconds
2017-06-03T11:22:44.036-0100: 109920.987: Total time for which application threads were stopped: 0.0001092 seconds, Stopping threads took: 0.0000116 seconds
2017-06-03T11:22:44.044-0100: 109920.995: Total time for which application threads were stopped: 0.0001051 seconds, Stopping threads took: 0.0000206 seconds
2017-06-03T11:22:44.044-0100: 109920.995: Total time for which application threads were stopped: 0.0000650 seconds, Stopping threads took: 0.0000099 seconds
2017-06-03T11:22:46.515-0100: 109923.466: Total time for which application threads were stopped: 0.0001706 seconds, Stopping threads took: 0.0000226 seconds
2017-06-03T11:22:46.515-0100: 109923.466: Total time for which application threads were stopped: 0.0001635 seconds, Stopping threads took: 0.0000208 seconds
2017-06-03T11:22:46.524-0100: 109923.476: Total time for which application threads were stopped: 0.0001199 seconds, Stopping threads took: 0.0000207 seconds
2017-06-03T11:22:46.525-0100: 109923.476: Total time for which application threads were stopped: 0.0000877 seconds, Stopping threads took: 0.0000120 seconds
2017-06-03T11:22:46.580-0100: 109923.532: Total time for which application threads were stopped: 0.0001828 seconds, Stopping threads took: 0.0000211 seconds
2017-06-03T11:22:46.580-0100: 109923.532: Total time for which application threads were stopped: 0.0000984 seconds, Stopping threads took: 0.0000111 seconds
2017-06-03T11:22:46.592-0100: 109923.543: Total time for which application threads were stopped: 0.0001105 seconds, Stopping threads took: 0.0000223 seconds
2017-06-03T11:22:46.592-0100: 109923.543: Total time for which application threads were stopped: 0.0000606 seconds, Stopping threads took: 0.0000083 seconds
2017-06-03T11:22:50.178-0100: 109927.129: Total time for which application threads were stopped: 0.0001618 seconds, Stopping threads took: 0.0000210 seconds
2017-06-03T11:22:50.178-0100: 109927.129: Total time for which application threads were stopped: 0.0000861 seconds, Stopping threads took: 0.0000101 seconds
2017-06-03T11:22:50.188-0100: 109927.139: Total time for which application threads were stopped: 0.0001152 seconds, Stopping threads took: 0.0000198 seconds
2017-06-03T11:22:50.188-0100: 109927.139: Total time for which application threads were stopped: 0.0000706 seconds, Stopping threads took: 0.0000108 seconds
2017-06-03T11:22:53.275-0100: 109930.226: Total time for which application threads were stopped: 0.0002259 seconds, Stopping threads took: 0.0000201 seconds
{Heap before GC invocations=531 (full 5):
 par new generation   total 109248K, used 93763K [0x00000007a0000000, 0x00000007a8000000, 0x00000007a8000000)
  eden space 87424K,  99% used [0x00000007a0000000, 0x00000007a5559e38, 0x00000007a5560000)
  from space 21824K,  29% used [0x00000007a6ab0000, 0x00000007a70e6f00, 0x00000007a8000000)
  to   space 21824K,   0% used [0x00000007a5560000, 0x00000007a5560000, 0x00000007a6ab0000)
 concurrent mark-sweep generation total 393216K, used 193859K [0x00000007a8000000, 0x00000007c0000000, 0x00000007c0000000)
 Metaspace       used 39833K, capacity 40820K, committed 41028K, reserved 1085440K
  class space    used 4326K, capacity 4572K, committed 4708K, reserved 1048576K
2017-06-03T11:22:53.296-0100: 109930.247: [GC (Allocation Failure) 2017-06-03T11:22:53.296-0100: 109930.247: [ParNew
Desired survivor size 20112992 bytes, new threshold 8 (max 8)
- age   1:    1038688 bytes,    1038688 total
- age   2:      14248 bytes,    1052936 total
- age   3:    1427352 bytes,    2480288 total
- age   4:     676592 bytes,    3156880 total
- age   5:     204800 bytes,    3361680 total
- age   6:       7496 bytes,    3369176 total
- age   7:     462544 bytes,    3831720 total
- age   8:     297872 bytes,    4129592 total
: 93763K->5382K(109248K), 0.0081011 secs] 287622K->199491K(502464K), 0.0081759 secs] [Times: user=0.03 sys=0.01, real=0.01 secs] 
Heap after GC invocations=532 (full 5):
 par new generation   total 109248K, used 5382K [0x00000007a0000000, 0x00000007a8000000, 0x00000007a8000000)
  eden space 87424K,   0% used [0x00000007a0000000, 0x00000007a0000000, 0x00000007a5560000)
  from space 21824K,  24% used [0x00000007a5560000, 0x00000007a5aa1890, 0x00000007a6ab0000)
  to   space 21824K,   0% used [0x00000007a6ab0000, 0x00000007a6ab0000, 0x00000007a8000000)
 concurrent mark-sweep generation total 393216K, used 194109K [0x00000007a8000000, 0x00000007c0000000, 0x00000007c0000000)
 Metaspace       used 39833K, capacity 40820K, committed 41028K, reserved 1085440K
  class space    used 4326K, capacity 4572K, committed 4708K, reserved 1048576K
}
2017-06-03T11:22:53.304-0100: 109930.255: Total time for which application threads were stopped: 0.0084284 seconds, Stopping threads took: 0.0000228 seconds
{Heap before GC invocations=532 (full 5):
 par new generation   total 109248K, used 92797K [0x00000007a0000000, 0x00000007a8000000, 0x00000007a8000000)
  eden space 87424K,  99% used [0x00000007a0000000, 0x00000007a555dc38, 0x00000007a5560000)
  from space 21824K,  24% used [0x00000007a5560000, 0x00000007a5aa1890, 0x00000007a6ab0000)
  to   space 21824K,   0% used [0x00000007a6ab0000, 0x00000007a6ab0000, 0x00000007a8000000)
 concurrent mark-sweep generation total 393216K, used 194109K [0x00000007a8000000, 0x00000007c0000000, 0x00000007c0000000)
 Metaspace       used 39837K, capacity 40826K, committed 41028K, reserved 1085440K
  class space    used 4327K, capacity 4573K, committed 4708K, reserved 1048576K
2017-06-03T11:22:53.339-0100: 109930.290: [GC (Allocation Failure) 2017-06-03T11:22:53.339-0100: 109930.290: [ParNew
Desired survivor size 20112992 bytes, new threshold 8 (max 8)
- age   1:     843144 bytes,     843144 total
- age   2:     753912 bytes,    1597056 total
- age   3:      14144 bytes,    1611200 total
- age   4:    1427352 bytes,    3038552 total
- age   5:     676592 bytes,    3715144 total
- age   6:     204800 bytes,    3919944 total
- age   7:       7496 bytes,    3927440 total
- age   8:     462544 bytes,    4389984 total
: 92797K->5275K(109248K), 0.0064009 secs] 286906K->199678K(502464K), 0.0064585 secs] [Times: user=0.02 sys=0.00, real=0.01 secs] 
Heap after GC invocations=533 (full 5):
 par new generation   total 109248K, used 5275K [0x00000007a0000000, 0x00000007a8000000, 0x00000007a8000000)
  eden space 87424K,   0% used [0x00000007a0000000, 0x00000007a0000000, 0x00000007a5560000)
  from space 21824K,  24% used [0x00000007a6ab0000, 0x00000007a6fd6f20, 0x00000007a8000000)
  to   space 21824K,   0% used [0x00000007a5560000, 0x00000007a5560000, 0x00000007a6ab0000)
 concurrent mark-sweep generation total 393216K, used 194402K [0x00000007a8000000, 0x00000007c0000000, 0x00000007c0000000)
 Metaspace       used 39837K, capacity 40826K, committed 41028K, reserved 1085440K
  class space    used 4327K, capacity 4573K, committed 4708K, reserved 1048576K
}
2017-06-03T11:22:53.346-0100: 109930.297: Total time for which application threads were stopped: 0.0066657 seconds, Stopping threads took: 0.0000146 seconds
2017-06-03T11:22:53.346-0100: 109930.297: Total time for which application threads were stopped: 0.0002603 seconds, Stopping threads took: 0.0000725 seconds
{Heap before GC invocations=533 (full 5):
 par new generation   total 109248K, used 92699K [0x00000007a0000000, 0x00000007a8000000, 0x00000007a8000000)
  eden space 87424K, 100% used [0x00000007a0000000, 0x00000007a5560000, 0x00000007a5560000)
  from space 21824K,  24% used [0x00000007a6ab0000, 0x00000007a6fd6f20, 0x00000007a8000000)
  to   space 21824K,   0% used [0x00000007a5560000, 0x00000007a5560000, 0x00000007a6ab0000)
 concurrent mark-sweep generation total 393216K, used 194402K [0x00000007a8000000, 0x00000007c0000000, 0x00000007c0000000)
 Metaspace       used 39837K, capacity 40826K, committed 41028K, reserved 1085440K
  class space    used 4327K, capacity 4573K, committed 4708K, reserved 1048576K
2017-06-03T11:22:53.410-0100: 109930.361: [GC (Allocation Failure) 2017-06-03T11:22:53.410-0100: 109930.361: [ParNew
Desired survivor size 20112992 bytes, new threshold 8 (max 8)
- age   1:     635440 bytes,     635440 total
- age   2:     155016 bytes,     790456 total
- age   3:     744168 bytes,    1534624 total
- age   4:      14144 bytes,    1548768 total
- age   5:    1427352 bytes,    2976120 total
- age   6:     676592 bytes,    3652712 total
- age   7:     204800 bytes,    3857512 total
- age   8:       7496 bytes,    3865008 total
: 92699K->5614K(109248K), 0.0068834 secs] 287102K->200471K(502464K), 0.0069560 secs] [Times: user=0.01 sys=0.01, real=0.00 secs] 
Heap after GC invocations=534 (full 5):
 par new generation   total 109248K, used 5614K [0x00000007a0000000, 0x00000007a8000000, 0x00000007a8000000)
  eden space 87424K,   0% used [0x00000007a0000000, 0x00000007a0000000, 0x00000007a5560000)
  from space 21824K,  25% used [0x00000007a5560000, 0x00000007a5adb9a0, 0x00000007a6ab0000)
  to   space 21824K,   0% used [0x00000007a6ab0000, 0x00000007a6ab0000, 0x00000007a8000000)
 concurrent mark-sweep generation total 393216K, used 194857K [0x00000007a8000000, 0x00000007c0000000, 0x00000007c0000000)
 Metaspace       used 39837K, capacity 40826K, committed 41028K, reserved 1085440K
  class space    used 4327K, capacity 4573K, committed 4708K, reserved 1048576K
}
2017-06-03T11:22:53.417-0100: 109930.368: Total time for which application threads were stopped: 0.0071816 seconds, Stopping threads took: 0.0000504 seconds
2017-06-03T11:22:53.427-0100: 109930.378: Total time for which application threads were stopped: 0.0002082 seconds, Stopping threads took: 0.0000384 seconds
2017-06-03T11:22:53.444-0100: 109930.395: Total time for which application threads were stopped: 0.0001798 seconds, Stopping threads took: 0.0000324 seconds
2017-06-03T11:22:53.445-0100: 109930.396: Total time for which application threads were stopped: 0.0000929 seconds, Stopping threads took: 0.0000084 seconds
2017-06-03T11:22:53.458-0100: 109930.409: Total time for which application threads were stopped: 0.0001204 seconds, Stopping threads took: 0.0000166 seconds
2017-06-03T11:22:53.467-0100: 109930.418: Total time for which application threads were stopped: 0.0003740 seconds, Stopping threads took: 0.0002707 seconds
2017-06-03T11:22:53.467-0100: 109930.418: Total time for which application threads were stopped: 0.0000876 seconds, Stopping threads took: 0.0000246 seconds
2017-06-03T11:22:53.469-0100: 109930.420: Total time for which application threads were stopped: 0.0002106 seconds, Stopping threads took: 0.0000092 seconds
2017-06-03T11:22:54.491-0100: 109931.443: Total time for which application threads were stopped: 0.0002178 seconds, Stopping threads took: 0.0000415 seconds
2017-06-03T11:22:54.497-0100: 109931.448: Total time for which application threads were stopped: 0.0001354 seconds, Stopping threads took: 0.0000201 seconds
2017-06-03T11:22:54.497-0100: 109931.448: Total time for which application threads were stopped: 0.0000747 seconds, Stopping threads took: 0.0000099 seconds
2017-06-03T11:22:54.505-0100: 109931.456: Total time for which application threads were stopped: 0.0001062 seconds, Stopping threads took: 0.0000220 seconds
2017-06-03T11:22:54.505-0100: 109931.456: Total time for which application threads were stopped: 0.0000688 seconds, Stopping threads took: 0.0000129 seconds
2017-06-03T11:22:55.307-0100: 109932.258: Total time for which application threads were stopped: 0.0001229 seconds, Stopping threads took: 0.0000212 seconds
2017-06-03T11:22:55.307-0100: 109932.258: Total time for which application threads were stopped: 0.0000786 seconds, Stopping threads took: 0.0000110 seconds
2017-06-03T11:22:55.307-0100: 109932.258: Total time for which application threads were stopped: 0.0000690 seconds, Stopping threads took: 0.0000092 seconds
2017-06-03T11:22:55.307-0100: 109932.258: Total time for which application threads were stopped: 0.0000714 seconds, Stopping threads took: 0.0000102 seconds
2017-06-03T11:22:55.307-0100: 109932.258: Total time for which application threads were stopped: 0.0002420 seconds, Stopping threads took: 0.0000084 seconds
2017-06-03T11:22:55.308-0100: 109932.259: Total time for which application threads were stopped: 0.0001856 seconds, Stopping threads took: 0.0000502 seconds
2017-06-03T11:22:55.310-0100: 109932.261: Total time for which application threads were stopped: 0.0002140 seconds, Stopping threads took: 0.0000394 seconds
2017-06-03T11:22:55.311-0100: 109932.262: Total time for which application threads were stopped: 0.0001625 seconds, Stopping threads took: 0.0000172 seconds
2017-06-03T11:22:55.311-0100: 109932.262: Total time for which application threads were stopped: 0.0001003 seconds, Stopping threads took: 0.0000101 seconds
2017-06-03T11:22:55.311-0100: 109932.262: Total time for which application threads were stopped: 0.0000854 seconds, Stopping threads took: 0.0000073 seconds
2017-06-03T11:22:55.311-0100: 109932.263: Total time for which application threads were stopped: 0.0000838 seconds, Stopping threads took: 0.0000066 seconds
2017-06-03T11:22:55.312-0100: 109932.263: Total time for which application threads were stopped: 0.0000856 seconds, Stopping threads took: 0.0000071 seconds
2017-06-03T11:22:55.312-0100: 109932.263: Total time for which application threads were stopped: 0.0000822 seconds, Stopping threads took: 0.0000067 seconds
2017-06-03T11:22:55.312-0100: 109932.263: Total time for which application threads were stopped: 0.0000809 seconds, Stopping threads took: 0.0000090 seconds
2017-06-03T11:22:55.312-0100: 109932.263: Total time for which application threads were stopped: 0.0000809 seconds, Stopping threads took: 0.0000073 seconds
2017-06-03T11:22:55.313-0100: 109932.264: Total time for which application threads were stopped: 0.0001101 seconds, Stopping threads took: 0.0000079 seconds
2017-06-03T11:22:55.313-0100: 109932.264: Total time for which application threads were stopped: 0.0000921 seconds, Stopping threads took: 0.0000085 seconds
2017-06-03T11:22:55.319-0100: 109932.270: Total time for which application threads were stopped: 0.0002255 seconds, Stopping threads took: 0.0000468 seconds
2017-06-03T11:22:55.319-0100: 109932.270: Total time for which application threads were stopped: 0.0001335 seconds, Stopping threads took: 0.0000150 seconds
2017-06-03T11:22:55.319-0100: 109932.271: Total time for which application threads were stopped: 0.0001061 seconds, Stopping threads took: 0.0000083 seconds
2017-06-03T11:22:55.339-0100: 109932.290: Total time for which application threads were stopped: 0.0002571 seconds, Stopping threads took: 0.0000301 seconds
2017-06-03T11:22:55.339-0100: 109932.290: Total time for which application threads were stopped: 0.0001946 seconds, Stopping threads took: 0.0000133 seconds
2017-06-03T11:22:55.339-0100: 109932.290: Total time for which application threads were stopped: 0.0001512 seconds, Stopping threads took: 0.0000110 seconds
2017-06-03T11:22:57.824-0100: 109934.775: Total time for which application threads were stopped: 0.0001844 seconds, Stopping threads took: 0.0000229 seconds
2017-06-03T11:22:57.825-0100: 109934.776: Total time for which application threads were stopped: 0.0000941 seconds, Stopping threads took: 0.0000107 seconds
2017-06-03T11:22:57.834-0100: 109934.785: Total time for which application threads were stopped: 0.0000972 seconds, Stopping threads took: 0.0000194 seconds
2017-06-03T11:22:57.834-0100: 109934.785: Total time for which application threads were stopped: 0.0000562 seconds, Stopping threads took: 0.0000083 seconds
2017-06-03T11:23:08.920-0100: 109945.871: Total time for which application threads were stopped: 0.0001114 seconds, Stopping threads took: 0.0000170 seconds
2017-06-03T11:23:08.920-0100: 109945.871: Total time for which application threads were stopped: 0.0001024 seconds, Stopping threads took: 0.0000101 seconds
2017-06-03T11:23:08.920-0100: 109945.871: Total time for which application threads were stopped: 0.0000433 seconds, Stopping threads took: 0.0000060 seconds
2017-06-03T11:23:08.921-0100: 109945.872: Total time for which application threads were stopped: 0.0001026 seconds, Stopping threads took: 0.0000094 seconds
2017-06-03T11:23:08.921-0100: 109945.872: Total time for which application threads were stopped: 0.0000542 seconds, Stopping threads took: 0.0000073 seconds
2017-06-03T11:23:08.921-0100: 109945.872: Total time for which application threads were stopped: 0.0000642 seconds, Stopping threads took: 0.0000068 seconds
2017-06-03T11:23:08.921-0100: 109945.872: Total time for which application threads were stopped: 0.0000565 seconds, Stopping threads took: 0.0000072 seconds
2017-06-03T11:23:08.922-0100: 109945.873: Total time for which application threads were stopped: 0.0001134 seconds, Stopping threads took: 0.0000076 seconds
2017-06-03T11:23:08.922-0100: 109945.873: Total time for which application threads were stopped: 0.0000548 seconds, Stopping threads took: 0.0000072 seconds
2017-06-03T11:23:09.922-0100: 109946.873: Total time for which application threads were stopped: 0.0000889 seconds, Stopping threads took: 0.0000203 seconds
2017-06-03T11:23:09.923-0100: 109946.874: Total time for which application threads were stopped: 0.0000557 seconds, Stopping threads took: 0.0000088 seconds
2017-06-03T11:23:09.924-0100: 109946.875: Total time for which application threads were stopped: 0.0000511 seconds, Stopping threads took: 0.0000066 seconds
2017-06-03T11:23:09.924-0100: 109946.875: Total time for which application threads were stopped: 0.0000401 seconds, Stopping threads took: 0.0000060 seconds
2017-06-03T11:23:23.923-0100: 109960.874: Total time for which application threads were stopped: 0.0000865 seconds, Stopping threads took: 0.0000170 seconds
2017-06-03T11:23:23.924-0100: 109960.875: Total time for which application threads were stopped: 0.0000860 seconds, Stopping threads took: 0.0000086 seconds
2017-06-03T11:23:23.932-0100: 109960.883: Total time for which application threads were stopped: 0.0000695 seconds, Stopping threads took: 0.0000104 seconds
2017-06-03T11:23:23.933-0100: 109960.884: Total time for which application threads were stopped: 0.0000551 seconds, Stopping threads took: 0.0000083 seconds
2017-06-03T11:23:23.933-0100: 109960.884: Total time for which application threads were stopped: 0.0000581 seconds, Stopping threads took: 0.0000073 seconds
2017-06-03T11:23:23.933-0100: 109960.884: Total time for which application threads were stopped: 0.0000399 seconds, Stopping threads took: 0.0000056 seconds
2017-06-03T11:23:23.933-0100: 109960.884: Total time for which application threads were stopped: 0.0000399 seconds, Stopping threads took: 0.0000055 seconds
2017-06-03T11:23:55.340-0100: 109992.290: Total time for which application threads were stopped: 0.0000889 seconds, Stopping threads took: 0.0000178 seconds
2017-06-03T11:23:57.837-0100: 109994.787: Total time for which application threads were stopped: 0.0000853 seconds, Stopping threads took: 0.0000158 seconds
2017-06-03T11:27:55.334-0100: 110232.282: Total time for which application threads were stopped: 0.0002428 seconds, Stopping threads took: 0.0000165 seconds
{Heap before GC invocations=534 (full 5):
 par new generation   total 109248K, used 93038K [0x00000007a0000000, 0x00000007a8000000, 0x00000007a8000000)
  eden space 87424K, 100% used [0x00000007a0000000, 0x00000007a5560000, 0x00000007a5560000)
  from space 21824K,  25% used [0x00000007a5560000, 0x00000007a5adb9a0, 0x00000007a6ab0000)
  to   space 21824K,   0% used [0x00000007a6ab0000, 0x00000007a6ab0000, 0x00000007a8000000)
 concurrent mark-sweep generation total 393216K, used 194857K [0x00000007a8000000, 0x00000007c0000000, 0x00000007c0000000)
 Metaspace       used 39855K, capacity 40890K, committed 41284K, reserved 1085440K
  class space    used 4327K, capacity 4573K, committed 4708K, reserved 1048576K
2017-06-03T11:27:55.572-0100: 110232.520: [GC (Allocation Failure) 2017-06-03T11:27:55.572-0100: 110232.521: [ParNew
Desired survivor size 20112992 bytes, new threshold 8 (max 8)
- age   1:    7964104 bytes,    7964104 total
- age   2:     295696 bytes,    8259800 total
- age   3:     153536 bytes,    8413336 total
- age   4:     667392 bytes,    9080728 total
- age   5:      14144 bytes,    9094872 total
- age   6:    1426088 bytes,   10520960 total
- age   7:     676416 bytes,   11197376 total
- age   8:     204800 bytes,   11402176 total
: 93038K->11291K(109248K), 0.0180169 secs] 287895K->206156K(502464K), 0.0183278 secs] [Times: user=0.04 sys=0.03, real=0.02 secs] 
Heap after GC invocations=535 (full 5):
 par new generation   total 109248K, used 11291K [0x00000007a0000000, 0x00000007a8000000, 0x00000007a8000000)
  eden space 87424K,   0% used [0x00000007a0000000, 0x00000007a0000000, 0x00000007a5560000)
  from space 21824K,  51% used [0x00000007a6ab0000, 0x00000007a75b6de0, 0x00000007a8000000)
  to   space 21824K,   0% used [0x00000007a5560000, 0x00000007a5560000, 0x00000007a6ab0000)
 concurrent mark-sweep generation total 393216K, used 194864K [0x00000007a8000000, 0x00000007c0000000, 0x00000007c0000000)
 Metaspace       used 39855K, capacity 40890K, committed 41284K, reserved 1085440K
  class space    used 4327K, capacity 4573K, committed 4708K, reserved 1048576K
}
2017-06-03T11:27:55.590-0100: 110232.539: Total time for which application threads were stopped: 0.0186283 seconds, Stopping threads took: 0.0000193 seconds
2017-06-03T11:27:55.591-0100: 110232.539: Total time for which application threads were stopped: 0.0001588 seconds, Stopping threads took: 0.0000444 seconds
{Heap before GC invocations=535 (full 5):
 par new generation   total 109248K, used 98715K [0x00000007a0000000, 0x00000007a8000000, 0x00000007a8000000)
  eden space 87424K, 100% used [0x00000007a0000000, 0x00000007a5560000, 0x00000007a5560000)
  from space 21824K,  51% used [0x00000007a6ab0000, 0x00000007a75b6de0, 0x00000007a8000000)
  to   space 21824K,   0% used [0x00000007a5560000, 0x00000007a5560000, 0x00000007a6ab0000)
 concurrent mark-sweep generation total 393216K, used 194864K [0x00000007a8000000, 0x00000007c0000000, 0x00000007c0000000)
 Metaspace       used 39855K, capacity 40890K, committed 41284K, reserved 1085440K
  class space    used 4327K, capacity 4573K, committed 4708K, reserved 1048576K
2017-06-03T11:27:55.817-0100: 110232.766: [GC (Allocation Failure) 2017-06-03T11:27:55.817-0100: 110232.766: [ParNew
Desired survivor size 20112992 bytes, new threshold 8 (max 8)
- age   1:   10392768 bytes,   10392768 total
- age   2:    5231672 bytes,   15624440 total
- age   3:     295696 bytes,   15920136 total
- age   4:     153536 bytes,   16073672 total
- age   5:     665928 bytes,   16739600 total
- age   6:      14144 bytes,   16753744 total
- age   7:    1426088 bytes,   18179832 total
- age   8:     676416 bytes,   18856248 total
: 98715K->21824K(109248K), 0.0286516 secs] 293580K->216890K(502464K), 0.0287076 secs] [Times: user=0.04 sys=0.06, real=0.03 secs] 
Heap after GC invocations=536 (full 5):
 par new generation   total 109248K, used 21824K [0x00000007a0000000, 0x00000007a8000000, 0x00000007a8000000)
  eden space 87424K,   0% used [0x00000007a0000000, 0x00000007a0000000, 0x00000007a5560000)
  from space 21824K, 100% used [0x00000007a5560000, 0x00000007a6ab0000, 0x00000007a6ab0000)
  to   space 21824K,   0% used [0x00000007a6ab0000, 0x00000007a6ab0000, 0x00000007a8000000)
 concurrent mark-sweep generation total 393216K, used 195066K [0x00000007a8000000, 0x00000007c0000000, 0x00000007c0000000)
 Metaspace       used 39855K, capacity 40890K, committed 41284K, reserved 1085440K
  class space    used 4327K, capacity 4573K, committed 4708K, reserved 1048576K
}
2017-06-03T11:27:55.846-0100: 110232.795: Total time for which application threads were stopped: 0.0288994 seconds, Stopping threads took: 0.0000152 seconds
2017-06-03T11:27:55.974-0100: 110232.923: Total time for which application threads were stopped: 0.0010234 seconds, Stopping threads took: 0.0000805 seconds
{Heap before GC invocations=536 (full 5):
 par new generation   total 109248K, used 109248K [0x00000007a0000000, 0x00000007a8000000, 0x00000007a8000000)
  eden space 87424K, 100% used [0x00000007a0000000, 0x00000007a5560000, 0x00000007a5560000)
  from space 21824K, 100% used [0x00000007a5560000, 0x00000007a6ab0000, 0x00000007a6ab0000)
  to   space 21824K,   0% used [0x00000007a6ab0000, 0x00000007a6ab0000, 0x00000007a8000000)
 concurrent mark-sweep generation total 393216K, used 195066K [0x00000007a8000000, 0x00000007c0000000, 0x00000007c0000000)
 Metaspace       used 39884K, capacity 40890K, committed 41284K, reserved 1085440K
  class space    used 4329K, capacity 4573K, committed 4708K, reserved 1048576K
2017-06-03T11:27:56.105-0100: 110233.053: [GC (Allocation Failure) 2017-06-03T11:27:56.105-0100: 110233.053: [ParNew
Desired survivor size 20112992 bytes, new threshold 8 (max 8)
- age   1:    5589632 bytes,    5589632 total
- age   2:    6507216 bytes,   12096848 total
- age   3:    4684920 bytes,   16781768 total
- age   4:     295696 bytes,   17077464 total
- age   5:     153536 bytes,   17231000 total
- age   6:     665928 bytes,   17896928 total
- age   7:      14144 bytes,   17911072 total
- age   8:    1426088 bytes,   19337160 total
: 109248K->21824K(109248K), 0.0198024 secs] 304314K->219203K(502464K), 0.0198716 secs] [Times: user=0.03 sys=0.03, real=0.02 secs] 
Heap after GC invocations=537 (full 5):
 par new generation   total 109248K, used 21824K [0x00000007a0000000, 0x00000007a8000000, 0x00000007a8000000)
  eden space 87424K,   0% used [0x00000007a0000000, 0x00000007a0000000, 0x00000007a5560000)
  from space 21824K, 100% used [0x00000007a6ab0000, 0x00000007a8000000, 0x00000007a8000000)
  to   space 21824K,   0% used [0x00000007a5560000, 0x00000007a5560000, 0x00000007a6ab0000)
 concurrent mark-sweep generation total 393216K, used 197379K [0x00000007a8000000, 0x00000007c0000000, 0x00000007c0000000)
 Metaspace       used 39884K, capacity 40890K, committed 41284K, reserved 1085440K
  class space    used 4329K, capacity 4573K, committed 4708K, reserved 1048576K
}
2017-06-03T11:27:56.124-0100: 110233.073: Total time for which application threads were stopped: 0.0201080 seconds, Stopping threads took: 0.0000180 seconds
2017-06-03T11:27:56.125-0100: 110233.074: [GC (CMS Initial Mark) [1 CMS-initial-mark: 197379K(393216K)] 220473K(502464K), 0.0034860 secs] [Times: user=0.01 sys=0.00, real=0.00 secs] 
2017-06-03T11:27:56.129-0100: 110233.077: Total time for which application threads were stopped: 0.0041165 seconds, Stopping threads took: 0.0000477 seconds
2017-06-03T11:27:56.129-0100: 110233.077: [CMS-concurrent-mark-start]
2017-06-03T11:27:56.153-0100: 110233.101: [CMS-concurrent-mark: 0.024/0.024 secs] [Times: user=0.06 sys=0.04, real=0.03 secs] 
2017-06-03T11:27:56.153-0100: 110233.101: [CMS-concurrent-preclean-start]
2017-06-03T11:27:56.154-0100: 110233.102: [CMS-concurrent-preclean: 0.001/0.001 secs] [Times: user=0.01 sys=0.00, real=0.00 secs] 
2017-06-03T11:27:56.154-0100: 110233.103: [CMS-concurrent-abortable-preclean-start]
2017-06-03T11:27:56.200-0100: 110233.148: Total time for which application threads were stopped: 0.0001045 seconds, Stopping threads took: 0.0000186 seconds
2017-06-03T11:27:56.205-0100: 110233.153: Total time for which application threads were stopped: 0.0001551 seconds, Stopping threads took: 0.0000477 seconds
2017-06-03T11:27:56.205-0100: 110233.154: Total time for which application threads were stopped: 0.0001083 seconds, Stopping threads took: 0.0000240 seconds
2017-06-03T11:28:00.588-0100: 110237.537: Total time for which application threads were stopped: 0.0001876 seconds, Stopping threads took: 0.0000207 seconds
2017-06-03T11:28:00.588-0100: 110237.537: Total time for which application threads were stopped: 0.0001133 seconds, Stopping threads took: 0.0000106 seconds
2017-06-03T11:28:00.598-0100: 110237.546: Total time for which application threads were stopped: 0.0001082 seconds, Stopping threads took: 0.0000208 seconds
2017-06-03T11:28:00.598-0100: 110237.547: Total time for which application threads were stopped: 0.0000602 seconds, Stopping threads took: 0.0000107 seconds
 CMS: abort preclean due to time 2017-06-03T11:28:02.283-0100: 110239.231: [CMS-concurrent-abortable-preclean: 1.647/6.129 secs] [Times: user=1.69 sys=0.02, real=6.13 secs] 
2017-06-03T11:28:02.283-0100: 110239.232: [GC (CMS Final Remark) [YG occupancy: 97989 K (109248 K)]{Heap before GC invocations=537 (full 6):
 par new generation   total 109248K, used 97989K [0x00000007a0000000, 0x00000007a8000000, 0x00000007a8000000)
  eden space 87424K,  87% used [0x00000007a0000000, 0x00000007a4a61470, 0x00000007a5560000)
  from space 21824K, 100% used [0x00000007a6ab0000, 0x00000007a8000000, 0x00000007a8000000)
  to   space 21824K,   0% used [0x00000007a5560000, 0x00000007a5560000, 0x00000007a6ab0000)
 concurrent mark-sweep generation total 393216K, used 197379K [0x00000007a8000000, 0x00000007c0000000, 0x00000007c0000000)
 Metaspace       used 39891K, capacity 40894K, committed 41284K, reserved 1085440K
  class space    used 4329K, capacity 4573K, committed 4708K, reserved 1048576K
2017-06-03T11:28:02.283-0100: 110239.232: [GC (CMS Final Remark) 2017-06-03T11:28:02.283-0100: 110239.232: [ParNew
Desired survivor size 20112992 bytes, new threshold 8 (max 8)
- age   1:     139360 bytes,     139360 total
- age   2:    3889880 bytes,    4029240 total
- age   3:    3970320 bytes,    7999560 total
- age   4:    3076792 bytes,   11076352 total
- age   5:     295696 bytes,   11372048 total
- age   6:     153536 bytes,   11525584 total
- age   7:     665480 bytes,   12191064 total
- age   8:      14144 bytes,   12205208 total
: 97989K->21824K(109248K), 0.0116390 secs] 295368K->221118K(502464K), 0.0116805 secs] [Times: user=0.02 sys=0.01, real=0.01 secs] 
Heap after GC invocations=538 (full 6):
 par new generation   total 109248K, used 21824K [0x00000007a0000000, 0x00000007a8000000, 0x00000007a8000000)
  eden space 87424K,   0% used [0x00000007a0000000, 0x00000007a0000000, 0x00000007a5560000)
  from space 21824K, 100% used [0x00000007a5560000, 0x00000007a6ab0000, 0x00000007a6ab0000)
  to   space 21824K,   0% used [0x00000007a6ab0000, 0x00000007a6ab0000, 0x00000007a8000000)
 concurrent mark-sweep generation total 393216K, used 199294K [0x00000007a8000000, 0x00000007c0000000, 0x00000007c0000000)
 Metaspace       used 39891K, capacity 40894K, committed 41284K, reserved 1085440K
  class space    used 4329K, capacity 4573K, committed 4708K, reserved 1048576K
}
2017-06-03T11:28:02.295-0100: 110239.243: [Rescan (parallel) , 0.0015915 secs]2017-06-03T11:28:02.297-0100: 110239.245: [weak refs processing, 0.0031118 secs]2017-06-03T11:28:02.300-0100: 110239.248: [class unloading, 0.0685653 secs]2017-06-03T11:28:02.368-0100: 110239.317: [scrub symbol table, 0.0094495 secs]2017-06-03T11:28:02.378-0100: 110239.326: [scrub string table, 0.0004156 secs][1 CMS-remark: 199294K(393216K)] 221118K(502464K), 0.0950704 secs] [Times: user=0.06 sys=0.05, real=0.09 secs] 
2017-06-03T11:28:02.378-0100: 110239.327: Total time for which application threads were stopped: 0.0951817 seconds, Stopping threads took: 0.0000174 seconds
2017-06-03T11:28:02.378-0100: 110239.327: [CMS-concurrent-sweep-start]
2017-06-03T11:28:02.379-0100: 110239.327: Total time for which application threads were stopped: 0.0000767 seconds, Stopping threads took: 0.0000126 seconds
2017-06-03T11:28:02.379-0100: 110239.327: Total time for which application threads were stopped: 0.0000531 seconds, Stopping threads took: 0.0000180 seconds
2017-06-03T11:28:02.379-0100: 110239.327: Total time for which application threads were stopped: 0.0000400 seconds, Stopping threads took: 0.0000055 seconds
2017-06-03T11:28:02.379-0100: 110239.327: Total time for which application threads were stopped: 0.0000369 seconds, Stopping threads took: 0.0000055 seconds
2017-06-03T11:28:02.379-0100: 110239.327: Total time for which application threads were stopped: 0.0000518 seconds, Stopping threads took: 0.0000090 seconds
2017-06-03T11:28:02.379-0100: 110239.327: Total time for which application threads were stopped: 0.0000373 seconds, Stopping threads took: 0.0000055 seconds
2017-06-03T11:28:02.379-0100: 110239.328: Total time for which application threads were stopped: 0.0000460 seconds, Stopping threads took: 0.0000070 seconds
2017-06-03T11:28:02.379-0100: 110239.328: Total time for which application threads were stopped: 0.0000393 seconds, Stopping threads took: 0.0000061 seconds
2017-06-03T11:28:02.379-0100: 110239.328: Total time for which application threads were stopped: 0.0000468 seconds, Stopping threads took: 0.0000074 seconds
2017-06-03T11:28:02.379-0100: 110239.328: Total time for which application threads were stopped: 0.0000390 seconds, Stopping threads took: 0.0000062 seconds
2017-06-03T11:28:02.379-0100: 110239.328: Total time for which application threads were stopped: 0.0000392 seconds, Stopping threads took: 0.0000059 seconds
2017-06-03T11:28:02.380-0100: 110239.328: Total time for which application threads were stopped: 0.0000399 seconds, Stopping threads took: 0.0000063 seconds
2017-06-03T11:28:02.380-0100: 110239.328: Total time for which application threads were stopped: 0.0000360 seconds, Stopping threads took: 0.0000055 seconds
2017-06-03T11:28:02.380-0100: 110239.328: Total time for which application threads were stopped: 0.0000460 seconds, Stopping threads took: 0.0000070 seconds
2017-06-03T11:28:02.380-0100: 110239.328: Total time for which application threads were stopped: 0.0000372 seconds, Stopping threads took: 0.0000053 seconds
2017-06-03T11:28:02.380-0100: 110239.328: Total time for which application threads were stopped: 0.0000449 seconds, Stopping threads took: 0.0000075 seconds
2017-06-03T11:28:02.380-0100: 110239.328: Total time for which application threads were stopped: 0.0000383 seconds, Stopping threads took: 0.0000054 seconds
2017-06-03T11:28:02.380-0100: 110239.328: Total time for which application threads were stopped: 0.0000368 seconds, Stopping threads took: 0.0000053 seconds
2017-06-03T11:28:02.380-0100: 110239.329: Total time for which application threads were stopped: 0.0000395 seconds, Stopping threads took: 0.0000058 seconds
2017-06-03T11:28:02.380-0100: 110239.329: Total time for which application threads were stopped: 0.0000365 seconds, Stopping threads took: 0.0000053 seconds
2017-06-03T11:28:02.380-0100: 110239.329: Total time for which application threads were stopped: 0.0000390 seconds, Stopping threads took: 0.0000060 seconds
2017-06-03T11:28:02.380-0100: 110239.329: Total time for which application threads were stopped: 0.0000381 seconds, Stopping threads took: 0.0000057 seconds
2017-06-03T11:28:02.381-0100: 110239.330: Total time for which application threads were stopped: 0.0000554 seconds, Stopping threads took: 0.0000156 seconds
2017-06-03T11:28:02.381-0100: 110239.330: Total time for which application threads were stopped: 0.0000998 seconds, Stopping threads took: 0.0000282 seconds
2017-06-03T11:28:02.382-0100: 110239.330: Total time for which application threads were stopped: 0.0001304 seconds, Stopping threads took: 0.0000232 seconds
2017-06-03T11:28:02.382-0100: 110239.330: Total time for which application threads were stopped: 0.0000611 seconds, Stopping threads took: 0.0000228 seconds
2017-06-03T11:28:02.382-0100: 110239.330: Total time for which application threads were stopped: 0.0000569 seconds, Stopping threads took: 0.0000224 seconds
2017-06-03T11:28:02.382-0100: 110239.330: Total time for which application threads were stopped: 0.0000514 seconds, Stopping threads took: 0.0000170 seconds
2017-06-03T11:28:02.382-0100: 110239.330: Total time for which application threads were stopped: 0.0000520 seconds, Stopping threads took: 0.0000196 seconds
2017-06-03T11:28:02.382-0100: 110239.331: Total time for which application threads were stopped: 0.0000629 seconds, Stopping threads took: 0.0000258 seconds
2017-06-03T11:28:02.382-0100: 110239.331: Total time for which application threads were stopped: 0.0000374 seconds, Stopping threads took: 0.0000051 seconds
2017-06-03T11:28:02.382-0100: 110239.331: Total time for which application threads were stopped: 0.0000350 seconds, Stopping threads took: 0.0000048 seconds
2017-06-03T11:28:02.382-0100: 110239.331: Total time for which application threads were stopped: 0.0000983 seconds, Stopping threads took: 0.0000074 seconds
2017-06-03T11:28:02.497-0100: 110239.445: [CMS-concurrent-sweep: 0.116/0.118 secs] [Times: user=0.05 sys=0.06, real=0.12 secs] 
2017-06-03T11:28:02.497-0100: 110239.445: [CMS-concurrent-reset-start]
2017-06-03T11:28:02.501-0100: 110239.449: [CMS-concurrent-reset: 0.004/0.004 secs] [Times: user=0.00 sys=0.00, real=0.01 secs] 
2017-06-03T11:29:00.599-0100: 110297.547: Total time for which application threads were stopped: 0.0001348 seconds, Stopping threads took: 0.0000523 seconds
2017-06-06T10:31:49.984-0100: 130220.025: Total time for which application threads were stopped: 0.0033173 seconds, Stopping threads took: 0.0020777 seconds
2017-06-06T10:31:50.261-0100: 130220.300: Total time for which application threads were stopped: 0.0009778 seconds, Stopping threads took: 0.0000214 seconds
2017-06-06T10:31:50.261-0100: 130220.301: Total time for which application threads were stopped: 0.0001321 seconds, Stopping threads took: 0.0000123 seconds
2017-06-06T10:31:50.270-0100: 130220.310: Total time for which application threads were stopped: 0.0008802 seconds, Stopping threads took: 0.0006768 seconds
2017-06-06T10:31:50.270-0100: 130220.310: Total time for which application threads were stopped: 0.0002562 seconds, Stopping threads took: 0.0001337 seconds
2017-06-06T10:31:50.275-0100: 130220.314: Total time for which application threads were stopped: 0.0002734 seconds, Stopping threads took: 0.0000184 seconds
2017-06-06T10:31:50.275-0100: 130220.315: Total time for which application threads were stopped: 0.0000762 seconds, Stopping threads took: 0.0000077 seconds
2017-06-06T10:31:50.275-0100: 130220.315: Total time for which application threads were stopped: 0.0000772 seconds, Stopping threads took: 0.0000187 seconds
2017-06-06T10:31:50.275-0100: 130220.315: Total time for which application threads were stopped: 0.0000734 seconds, Stopping threads took: 0.0000090 seconds
2017-06-06T10:31:50.275-0100: 130220.315: Total time for which application threads were stopped: 0.0000609 seconds, Stopping threads took: 0.0000075 seconds
2017-06-06T10:31:50.276-0100: 130220.315: Total time for which application threads were stopped: 0.0000722 seconds, Stopping threads took: 0.0000092 seconds
2017-06-06T10:31:50.276-0100: 130220.316: Total time for which application threads were stopped: 0.0000688 seconds, Stopping threads took: 0.0000096 seconds
2017-06-06T10:31:50.276-0100: 130220.316: Total time for which application threads were stopped: 0.0000619 seconds, Stopping threads took: 0.0000076 seconds
2017-06-06T10:31:50.276-0100: 130220.316: Total time for which application threads were stopped: 0.0000615 seconds, Stopping threads took: 0.0000075 seconds
2017-06-06T10:31:50.276-0100: 130220.316: Total time for which application threads were stopped: 0.0000762 seconds, Stopping threads took: 0.0000089 seconds
2017-06-06T10:31:50.276-0100: 130220.316: Total time for which application threads were stopped: 0.0000783 seconds, Stopping threads took: 0.0000086 seconds
2017-06-06T10:31:50.276-0100: 130220.316: Total time for which application threads were stopped: 0.0000767 seconds, Stopping threads took: 0.0000147 seconds
2017-06-06T10:31:50.276-0100: 130220.316: Total time for which application threads were stopped: 0.0000474 seconds, Stopping threads took: 0.0000064 seconds
2017-06-06T10:31:50.278-0100: 130220.317: Total time for which application threads were stopped: 0.0001015 seconds, Stopping threads took: 0.0000121 seconds
2017-06-06T10:31:50.278-0100: 130220.317: Total time for which application threads were stopped: 0.0000822 seconds, Stopping threads took: 0.0000093 seconds
2017-06-06T10:31:50.284-0100: 130220.324: Total time for which application threads were stopped: 0.0002063 seconds, Stopping threads took: 0.0000217 seconds
2017-06-06T10:31:50.284-0100: 130220.324: Total time for which application threads were stopped: 0.0001141 seconds, Stopping threads took: 0.0000103 seconds
2017-06-06T10:31:50.292-0100: 130220.331: Total time for which application threads were stopped: 0.0001575 seconds, Stopping threads took: 0.0000519 seconds
2017-06-06T10:31:50.292-0100: 130220.332: Total time for which application threads were stopped: 0.0001251 seconds, Stopping threads took: 0.0000422 seconds
2017-06-06T10:32:40.330-0100: 130270.369: Total time for which application threads were stopped: 0.0000945 seconds, Stopping threads took: 0.0000197 seconds
2017-06-06T10:32:50.293-0100: 130280.333: Total time for which application threads were stopped: 0.0003655 seconds, Stopping threads took: 0.0000340 seconds
2017-06-06T10:33:19.466-0100: 130309.505: Total time for which application threads were stopped: 0.0007034 seconds, Stopping threads took: 0.0000188 seconds
2017-06-06T10:33:19.475-0100: 130309.514: Total time for which application threads were stopped: 0.0001199 seconds, Stopping threads took: 0.0000245 seconds
2017-06-06T10:33:20.477-0100: 130310.516: Total time for which application threads were stopped: 0.0001295 seconds, Stopping threads took: 0.0000229 seconds
2017-06-06T10:38:36.702-0100: 130626.737: Total time for which application threads were stopped: 0.0001273 seconds, Stopping threads took: 0.0000199 seconds
2017-06-06T10:38:45.703-0100: 130635.738: Total time for which application threads were stopped: 0.0000869 seconds, Stopping threads took: 0.0000190 seconds
2017-06-06T10:40:18.768-0100: 130728.802: Total time for which application threads were stopped: 0.0001021 seconds, Stopping threads took: 0.0000273 seconds
2017-06-06T10:40:37.783-0100: 130747.816: Total time for which application threads were stopped: 0.0001005 seconds, Stopping threads took: 0.0000199 seconds
2017-06-06T10:42:03.815-0100: 130833.847: Total time for which application threads were stopped: 0.0001206 seconds, Stopping threads took: 0.0000244 seconds
2017-06-06T10:44:02.901-0100: 130952.932: Total time for which application threads were stopped: 0.0001136 seconds, Stopping threads took: 0.0000233 seconds
2017-06-06T10:44:32.921-0100: 130982.952: Total time for which application threads were stopped: 0.0001328 seconds, Stopping threads took: 0.0000232 seconds
2017-06-06T10:44:47.922-0100: 130997.953: Total time for which application threads were stopped: 0.0000855 seconds, Stopping threads took: 0.0000192 seconds
2017-06-06T10:55:25.025-0100: 131635.045: Total time for which application threads were stopped: 0.0002389 seconds, Stopping threads took: 0.0000312 seconds
2017-06-06T10:55:25.025-0100: 131635.046: Total time for which application threads were stopped: 0.0001133 seconds, Stopping threads took: 0.0000098 seconds
2017-06-06T10:55:25.034-0100: 131635.054: Total time for which application threads were stopped: 0.0001088 seconds, Stopping threads took: 0.0000210 seconds
2017-06-06T10:55:25.034-0100: 131635.054: Total time for which application threads were stopped: 0.0000726 seconds, Stopping threads took: 0.0000105 seconds
2017-06-06T10:55:25.070-0100: 131635.090: Total time for which application threads were stopped: 0.0001825 seconds, Stopping threads took: 0.0000261 seconds
2017-06-06T10:55:25.070-0100: 131635.091: Total time for which application threads were stopped: 0.0001272 seconds, Stopping threads took: 0.0000117 seconds
2017-06-06T10:55:25.079-0100: 131635.099: Total time for which application threads were stopped: 0.0001081 seconds, Stopping threads took: 0.0000231 seconds
2017-06-06T10:55:25.079-0100: 131635.099: Total time for which application threads were stopped: 0.0000645 seconds, Stopping threads took: 0.0000094 seconds
2017-06-06T10:55:26.511-0100: 131636.532: Total time for which application threads were stopped: 0.0001750 seconds, Stopping threads took: 0.0000233 seconds
2017-06-06T10:55:26.511-0100: 131636.532: Total time for which application threads were stopped: 0.0000991 seconds, Stopping threads took: 0.0000087 seconds
2017-06-06T10:55:26.520-0100: 131636.540: Total time for which application threads were stopped: 0.0001149 seconds, Stopping threads took: 0.0000206 seconds
2017-06-06T10:55:26.520-0100: 131636.540: Total time for which application threads were stopped: 0.0000692 seconds, Stopping threads took: 0.0000099 seconds
2017-06-06T10:56:26.521-0100: 131696.540: Total time for which application threads were stopped: 0.0000876 seconds, Stopping threads took: 0.0000181 seconds
2017-06-06T10:57:17.985-0100: 131748.003: Total time for which application threads were stopped: 0.0004596 seconds, Stopping threads took: 0.0003468 seconds
{Heap before GC invocations=538 (full 6):
 par new generation   total 109248K, used 109248K [0x00000007a0000000, 0x00000007a8000000, 0x00000007a8000000)
  eden space 87424K, 100% used [0x00000007a0000000, 0x00000007a5560000, 0x00000007a5560000)
  from space 21824K, 100% used [0x00000007a5560000, 0x00000007a6ab0000, 0x00000007a6ab0000)
  to   space 21824K,   0% used [0x00000007a6ab0000, 0x00000007a6ab0000, 0x00000007a8000000)
 concurrent mark-sweep generation total 393216K, used 27843K [0x00000007a8000000, 0x00000007c0000000, 0x00000007c0000000)
 Metaspace       used 39922K, capacity 40888K, committed 41284K, reserved 1085440K
  class space    used 4330K, capacity 4572K, committed 4708K, reserved 1048576K
2017-06-06T10:57:18.134-0100: 131748.152: [GC (Allocation Failure) 2017-06-06T10:57:18.134-0100: 131748.152: [ParNew
Desired survivor size 20112992 bytes, new threshold 8 (max 8)
- age   1:    2056152 bytes,    2056152 total
- age   2:      99776 bytes,    2155928 total
- age   3:    4075824 bytes,    6231752 total
- age   4:    3970320 bytes,   10202072 total
- age   5:    3073568 bytes,   13275640 total
- age   6:     295696 bytes,   13571336 total
- age   7:     153536 bytes,   13724872 total
- age   8:     654320 bytes,   14379192 total
: 109248K->15974K(109248K), 0.0760191 secs] 137091K->43831K(502464K), 0.0763499 secs] [Times: user=0.05 sys=0.14, real=0.08 secs] 
Heap after GC invocations=539 (full 6):
 par new generation   total 109248K, used 15974K [0x00000007a0000000, 0x00000007a8000000, 0x00000007a8000000)
  eden space 87424K,   0% used [0x00000007a0000000, 0x00000007a0000000, 0x00000007a5560000)
  from space 21824K,  73% used [0x00000007a6ab0000, 0x00000007a7a49868, 0x00000007a8000000)
  to   space 21824K,   0% used [0x00000007a5560000, 0x00000007a5560000, 0x00000007a6ab0000)
 concurrent mark-sweep generation total 393216K, used 27857K [0x00000007a8000000, 0x00000007c0000000, 0x00000007c0000000)
 Metaspace       used 39922K, capacity 40888K, committed 41284K, reserved 1085440K
  class space    used 4330K, capacity 4572K, committed 4708K, reserved 1048576K
}
2017-06-06T10:57:18.210-0100: 131748.229: Total time for which application threads were stopped: 0.0786497 seconds, Stopping threads took: 0.0000173 seconds
{Heap before GC invocations=539 (full 6):
 par new generation   total 109248K, used 103398K [0x00000007a0000000, 0x00000007a8000000, 0x00000007a8000000)
  eden space 87424K, 100% used [0x00000007a0000000, 0x00000007a5560000, 0x00000007a5560000)
  from space 21824K,  73% used [0x00000007a6ab0000, 0x00000007a7a49868, 0x00000007a8000000)
  to   space 21824K,   0% used [0x00000007a5560000, 0x00000007a5560000, 0x00000007a6ab0000)
 concurrent mark-sweep generation total 393216K, used 27857K [0x00000007a8000000, 0x00000007c0000000, 0x00000007c0000000)
 Metaspace       used 39922K, capacity 40888K, committed 41284K, reserved 1085440K
  class space    used 4330K, capacity 4572K, committed 4708K, reserved 1048576K
2017-06-06T10:57:18.249-0100: 131748.267: [GC (Allocation Failure) 2017-06-06T10:57:18.249-0100: 131748.267: [ParNew
Desired survivor size 20112992 bytes, new threshold 8 (max 8)
- age   1:     278320 bytes,     278320 total
- age   2:    1651888 bytes,    1930208 total
- age   3:      99776 bytes,    2029984 total
- age   4:    3886176 bytes,    5916160 total
- age   5:    3446016 bytes,    9362176 total
- age   6:    3073032 bytes,   12435208 total
- age   7:     292440 bytes,   12727648 total
- age   8:     153160 bytes,   12880808 total
: 103398K->16753K(109248K), 0.0263339 secs] 131255K->45252K(502464K), 0.0264054 secs] [Times: user=0.03 sys=0.04, real=0.03 secs] 
Heap after GC invocations=540 (full 6):
 par new generation   total 109248K, used 16753K [0x00000007a0000000, 0x00000007a8000000, 0x00000007a8000000)
  eden space 87424K,   0% used [0x00000007a0000000, 0x00000007a0000000, 0x00000007a5560000)
  from space 21824K,  76% used [0x00000007a5560000, 0x00000007a65bc720, 0x00000007a6ab0000)
  to   space 21824K,   0% used [0x00000007a6ab0000, 0x00000007a6ab0000, 0x00000007a8000000)
 concurrent mark-sweep generation total 393216K, used 28498K [0x00000007a8000000, 0x00000007c0000000, 0x00000007c0000000)
 Metaspace       used 39922K, capacity 40888K, committed 41284K, reserved 1085440K
  class space    used 4330K, capacity 4572K, committed 4708K, reserved 1048576K
}
2017-06-06T10:57:18.275-0100: 131748.294: Total time for which application threads were stopped: 0.0265858 seconds, Stopping threads took: 0.0000206 seconds
2017-06-06T10:57:18.276-0100: 131748.294: Total time for which application threads were stopped: 0.0002485 seconds, Stopping threads took: 0.0000678 seconds
2017-06-06T10:57:18.325-0100: 131748.344: Total time for which application threads were stopped: 0.0002193 seconds, Stopping threads took: 0.0000675 seconds
2017-06-06T10:57:18.418-0100: 131748.436: Total time for which application threads were stopped: 0.0001656 seconds, Stopping threads took: 0.0000285 seconds
2017-06-06T10:57:18.419-0100: 131748.437: Total time for which application threads were stopped: 0.0001343 seconds, Stopping threads took: 0.0000263 seconds
2017-06-06T10:57:18.419-0100: 131748.437: Total time for which application threads were stopped: 0.0001275 seconds, Stopping threads took: 0.0000619 seconds
2017-06-06T10:57:18.425-0100: 131748.443: Total time for which application threads were stopped: 0.0001185 seconds, Stopping threads took: 0.0000141 seconds
2017-06-06T10:57:18.425-0100: 131748.443: Total time for which application threads were stopped: 0.0000657 seconds, Stopping threads took: 0.0000093 seconds
2017-06-06T10:57:18.432-0100: 131748.450: Total time for which application threads were stopped: 0.0000970 seconds, Stopping threads took: 0.0000139 seconds
2017-06-06T10:57:18.440-0100: 131748.459: Total time for which application threads were stopped: 0.0002353 seconds, Stopping threads took: 0.0000414 seconds
2017-06-06T10:57:18.440-0100: 131748.459: Total time for which application threads were stopped: 0.0001119 seconds, Stopping threads took: 0.0000385 seconds
2017-06-06T10:57:18.441-0100: 131748.459: Total time for which application threads were stopped: 0.0000652 seconds, Stopping threads took: 0.0000075 seconds
2017-06-06T10:57:18.441-0100: 131748.459: Total time for which application threads were stopped: 0.0000538 seconds, Stopping threads took: 0.0000076 seconds
2017-06-06T10:57:18.441-0100: 131748.459: Total time for which application threads were stopped: 0.0000452 seconds, Stopping threads took: 0.0000056 seconds
2017-06-06T10:57:18.441-0100: 131748.459: Total time for which application threads were stopped: 0.0000756 seconds, Stopping threads took: 0.0000072 seconds
2017-06-06T10:57:18.441-0100: 131748.459: Total time for which application threads were stopped: 0.0000466 seconds, Stopping threads took: 0.0000063 seconds
2017-06-06T10:57:19.441-0100: 131749.460: Total time for which application threads were stopped: 0.0000887 seconds, Stopping threads took: 0.0000199 seconds
2017-06-06T10:57:19.460-0100: 131749.478: Total time for which application threads were stopped: 0.0002788 seconds, Stopping threads took: 0.0000198 seconds
2017-06-06T10:57:19.472-0100: 131749.490: Total time for which application threads were stopped: 0.0001467 seconds, Stopping threads took: 0.0000188 seconds
2017-06-06T10:57:19.472-0100: 131749.490: Total time for which application threads were stopped: 0.0000896 seconds, Stopping threads took: 0.0000091 seconds
2017-06-06T10:57:19.480-0100: 131749.498: Total time for which application threads were stopped: 0.0001059 seconds, Stopping threads took: 0.0000204 seconds
2017-06-06T10:57:19.480-0100: 131749.498: Total time for which application threads were stopped: 0.0000645 seconds, Stopping threads took: 0.0000097 seconds
2017-06-06T10:57:22.909-0100: 131752.928: Total time for which application threads were stopped: 0.0001306 seconds, Stopping threads took: 0.0000210 seconds
2017-06-06T10:57:22.909-0100: 131752.928: Total time for which application threads were stopped: 0.0000870 seconds, Stopping threads took: 0.0000117 seconds
2017-06-06T10:57:22.909-0100: 131752.928: Total time for which application threads were stopped: 0.0001063 seconds, Stopping threads took: 0.0000115 seconds
2017-06-06T10:57:22.910-0100: 131752.928: Total time for which application threads were stopped: 0.0001996 seconds, Stopping threads took: 0.0000702 seconds
2017-06-06T10:57:22.910-0100: 131752.928: Total time for which application threads were stopped: 0.0003258 seconds, Stopping threads took: 0.0000416 seconds
2017-06-06T10:57:22.910-0100: 131752.929: Total time for which application threads were stopped: 0.0001416 seconds, Stopping threads took: 0.0000216 seconds
2017-06-06T10:57:22.913-0100: 131752.931: Total time for which application threads were stopped: 0.0002191 seconds, Stopping threads took: 0.0000198 seconds
2017-06-06T10:57:22.913-0100: 131752.932: Total time for which application threads were stopped: 0.0001270 seconds, Stopping threads took: 0.0000116 seconds
2017-06-06T10:57:22.914-0100: 131752.932: Total time for which application threads were stopped: 0.0000932 seconds, Stopping threads took: 0.0000077 seconds
2017-06-06T10:57:22.914-0100: 131752.932: Total time for which application threads were stopped: 0.0001024 seconds, Stopping threads took: 0.0000108 seconds
2017-06-06T10:57:22.914-0100: 131752.932: Total time for which application threads were stopped: 0.0001487 seconds, Stopping threads took: 0.0000490 seconds
2017-06-06T10:57:22.914-0100: 131752.932: Total time for which application threads were stopped: 0.0001797 seconds, Stopping threads took: 0.0000449 seconds
2017-06-06T10:57:22.914-0100: 131752.933: Total time for which application threads were stopped: 0.0001476 seconds, Stopping threads took: 0.0000654 seconds
2017-06-06T10:57:22.914-0100: 131752.933: Total time for which application threads were stopped: 0.0001707 seconds, Stopping threads took: 0.0000477 seconds
2017-06-06T10:57:22.915-0100: 131752.933: Total time for which application threads were stopped: 0.0001494 seconds, Stopping threads took: 0.0000450 seconds
2017-06-06T10:57:22.915-0100: 131752.934: Total time for which application threads were stopped: 0.0001905 seconds, Stopping threads took: 0.0000250 seconds
2017-06-06T10:57:22.916-0100: 131752.934: Total time for which application threads were stopped: 0.0001867 seconds, Stopping threads took: 0.0000229 seconds
2017-06-06T10:57:22.917-0100: 131752.936: Total time for which application threads were stopped: 0.0001671 seconds, Stopping threads took: 0.0000195 seconds
2017-06-06T10:57:22.917-0100: 131752.936: Total time for which application threads were stopped: 0.0001127 seconds, Stopping threads took: 0.0000117 seconds
2017-06-06T10:57:22.921-0100: 131752.939: Total time for which application threads were stopped: 0.0001781 seconds, Stopping threads took: 0.0000242 seconds
2017-06-06T10:57:22.921-0100: 131752.939: Total time for which application threads were stopped: 0.0001099 seconds, Stopping threads took: 0.0000096 seconds
2017-06-06T10:57:22.925-0100: 131752.943: Total time for which application threads were stopped: 0.0001429 seconds, Stopping threads took: 0.0000251 seconds
2017-06-06T10:57:22.925-0100: 131752.943: Total time for which application threads were stopped: 0.0000747 seconds, Stopping threads took: 0.0000085 seconds
2017-06-06T10:57:22.930-0100: 131752.949: Total time for which application threads were stopped: 0.0001135 seconds, Stopping threads took: 0.0000214 seconds
2017-06-06T10:57:22.930-0100: 131752.949: Total time for which application threads were stopped: 0.0000633 seconds, Stopping threads took: 0.0000089 seconds
2017-06-06T10:57:24.552-0100: 131754.570: Total time for which application threads were stopped: 0.0001698 seconds, Stopping threads took: 0.0000231 seconds
2017-06-06T10:57:24.552-0100: 131754.570: Total time for which application threads were stopped: 0.0001063 seconds, Stopping threads took: 0.0000125 seconds
2017-06-06T10:57:24.559-0100: 131754.577: Total time for which application threads were stopped: 0.0002063 seconds, Stopping threads took: 0.0000237 seconds
2017-06-06T10:57:24.559-0100: 131754.577: Total time for which application threads were stopped: 0.0001183 seconds, Stopping threads took: 0.0000068 seconds
2017-06-06T10:57:24.559-0100: 131754.577: Total time for which application threads were stopped: 0.0001128 seconds, Stopping threads took: 0.0000084 seconds
2017-06-06T10:57:26.559-0100: 131756.577: Total time for which application threads were stopped: 0.0000878 seconds, Stopping threads took: 0.0000184 seconds
2017-06-06T10:57:40.740-0100: 131770.758: Total time for which application threads were stopped: 0.0001253 seconds, Stopping threads took: 0.0000201 seconds
2017-06-06T10:57:40.740-0100: 131770.758: Total time for which application threads were stopped: 0.0001059 seconds, Stopping threads took: 0.0000109 seconds
2017-06-06T10:57:46.749-0100: 131776.767: Total time for which application threads were stopped: 0.0001039 seconds, Stopping threads took: 0.0000218 seconds
2017-06-06T10:58:22.922-0100: 131812.940: Total time for which application threads were stopped: 0.0002101 seconds, Stopping threads took: 0.0000212 seconds
2017-06-06T10:59:25.985-0100: 131876.001: Total time for which application threads were stopped: 0.0000688 seconds, Stopping threads took: 0.0000141 seconds
2017-06-06T11:00:45.028-0100: 131955.043: Total time for which application threads were stopped: 0.0000959 seconds, Stopping threads took: 0.0000232 seconds
2017-06-06T11:01:03.059-0100: 131973.073: Total time for which application threads were stopped: 0.0000965 seconds, Stopping threads took: 0.0000232 seconds
2017-06-06T11:01:43.098-0100: 132013.112: Total time for which application threads were stopped: 0.0000875 seconds, Stopping threads took: 0.0000201 seconds
2017-06-06T11:02:03.117-0100: 132033.131: Total time for which application threads were stopped: 0.0000965 seconds, Stopping threads took: 0.0000270 seconds
2017-06-06T11:02:20.740-0100: 132050.753: Total time for which application threads were stopped: 0.0000980 seconds, Stopping threads took: 0.0000165 seconds
2017-06-06T11:03:04.781-0100: 132094.793: Total time for which application threads were stopped: 0.0000985 seconds, Stopping threads took: 0.0000222 seconds
2017-06-06T12:28:34.668-0100: 137224.598: Total time for which application threads were stopped: 0.0001629 seconds, Stopping threads took: 0.0000211 seconds
2017-06-06T12:28:34.668-0100: 137224.598: Total time for which application threads were stopped: 0.0001157 seconds, Stopping threads took: 0.0000129 seconds
2017-06-06T12:28:34.678-0100: 137224.607: Total time for which application threads were stopped: 0.0001089 seconds, Stopping threads took: 0.0000221 seconds
2017-06-06T12:28:34.678-0100: 137224.608: Total time for which application threads were stopped: 0.0000715 seconds, Stopping threads took: 0.0000116 seconds
2017-06-06T12:29:12.635-0100: 137262.564: Total time for which application threads were stopped: 0.0037849 seconds, Stopping threads took: 0.0001055 seconds
2017-06-06T12:29:12.636-0100: 137262.566: Total time for which application threads were stopped: 0.0013847 seconds, Stopping threads took: 0.0000989 seconds
2017-06-06T12:29:12.637-0100: 137262.567: Total time for which application threads were stopped: 0.0007951 seconds, Stopping threads took: 0.0000633 seconds
2017-06-06T12:29:12.638-0100: 137262.567: Total time for which application threads were stopped: 0.0007984 seconds, Stopping threads took: 0.0000644 seconds
2017-06-06T12:29:12.638-0100: 137262.568: Total time for which application threads were stopped: 0.0001836 seconds, Stopping threads took: 0.0000613 seconds
2017-06-06T12:29:12.639-0100: 137262.568: Total time for which application threads were stopped: 0.0001756 seconds, Stopping threads took: 0.0000573 seconds
2017-06-06T12:29:12.639-0100: 137262.568: Total time for which application threads were stopped: 0.0002239 seconds, Stopping threads took: 0.0000520 seconds
2017-06-06T12:29:12.639-0100: 137262.569: Total time for which application threads were stopped: 0.0001636 seconds, Stopping threads took: 0.0000561 seconds
2017-06-06T12:29:12.640-0100: 137262.569: Total time for which application threads were stopped: 0.0001734 seconds, Stopping threads took: 0.0000783 seconds
2017-06-06T12:29:12.640-0100: 137262.569: Total time for which application threads were stopped: 0.0001624 seconds, Stopping threads took: 0.0000717 seconds
2017-06-06T12:29:12.640-0100: 137262.569: Total time for which application threads were stopped: 0.0001334 seconds, Stopping threads took: 0.0000500 seconds
2017-06-06T12:29:12.640-0100: 137262.569: Total time for which application threads were stopped: 0.0001508 seconds, Stopping threads took: 0.0000673 seconds
2017-06-06T12:29:12.640-0100: 137262.570: Total time for which application threads were stopped: 0.0001507 seconds, Stopping threads took: 0.0000543 seconds
2017-06-06T12:29:12.641-0100: 137262.570: Total time for which application threads were stopped: 0.0007142 seconds, Stopping threads took: 0.0006100 seconds
2017-06-06T12:29:12.641-0100: 137262.571: Total time for which application threads were stopped: 0.0001566 seconds, Stopping threads took: 0.0000528 seconds
2017-06-06T12:29:12.641-0100: 137262.571: Total time for which application threads were stopped: 0.0001260 seconds, Stopping threads took: 0.0000488 seconds
2017-06-06T12:29:12.642-0100: 137262.571: Total time for which application threads were stopped: 0.0001398 seconds, Stopping threads took: 0.0000507 seconds
2017-06-06T12:29:12.642-0100: 137262.571: Total time for which application threads were stopped: 0.0001555 seconds, Stopping threads took: 0.0000735 seconds
2017-06-06T12:29:12.642-0100: 137262.571: Total time for which application threads were stopped: 0.0001378 seconds, Stopping threads took: 0.0000591 seconds
2017-06-06T12:29:12.642-0100: 137262.571: Total time for which application threads were stopped: 0.0001593 seconds, Stopping threads took: 0.0000737 seconds
2017-06-06T12:29:12.643-0100: 137262.572: Total time for which application threads were stopped: 0.0009174 seconds, Stopping threads took: 0.0000556 seconds
2017-06-06T12:29:12.644-0100: 137262.573: Total time for which application threads were stopped: 0.0001735 seconds, Stopping threads took: 0.0000619 seconds
2017-06-06T12:29:12.649-0100: 137262.578: Total time for which application threads were stopped: 0.0007222 seconds, Stopping threads took: 0.0000210 seconds
2017-06-06T12:29:12.649-0100: 137262.578: Total time for which application threads were stopped: 0.0001040 seconds, Stopping threads took: 0.0000122 seconds
2017-06-06T12:29:12.717-0100: 137262.646: Total time for which application threads were stopped: 0.0001302 seconds, Stopping threads took: 0.0000170 seconds
2017-06-06T12:29:13.720-0100: 137263.649: Total time for which application threads were stopped: 0.0000986 seconds, Stopping threads took: 0.0000191 seconds
2017-06-06T12:29:45.236-0100: 137295.165: Total time for which application threads were stopped: 0.0035292 seconds, Stopping threads took: 0.0022280 seconds
2017-06-06T12:29:45.237-0100: 137295.165: Total time for which application threads were stopped: 0.0001472 seconds, Stopping threads took: 0.0000357 seconds
2017-06-06T12:29:45.242-0100: 137295.171: Total time for which application threads were stopped: 0.0001168 seconds, Stopping threads took: 0.0000214 seconds
2017-06-06T12:29:45.242-0100: 137295.171: Total time for which application threads were stopped: 0.0000819 seconds, Stopping threads took: 0.0000125 seconds
2017-06-06T12:30:11.824-0100: 137321.752: Total time for which application threads were stopped: 0.0003628 seconds, Stopping threads took: 0.0000704 seconds
2017-06-06T12:30:11.824-0100: 137321.752: Total time for which application threads were stopped: 0.0001867 seconds, Stopping threads took: 0.0000232 seconds
2017-06-06T12:30:11.834-0100: 137321.763: Total time for which application threads were stopped: 0.0001329 seconds, Stopping threads took: 0.0000298 seconds
2017-06-06T12:30:11.835-0100: 137321.763: Total time for which application threads were stopped: 0.0000956 seconds, Stopping threads took: 0.0000159 seconds
2017-06-06T12:30:23.490-0100: 137333.418: Total time for which application threads were stopped: 0.0001756 seconds, Stopping threads took: 0.0000215 seconds
2017-06-06T12:30:23.490-0100: 137333.418: Total time for which application threads were stopped: 0.0001119 seconds, Stopping threads took: 0.0000121 seconds
2017-06-06T12:30:23.498-0100: 137333.427: Total time for which application threads were stopped: 0.0001171 seconds, Stopping threads took: 0.0000223 seconds
2017-06-06T12:30:23.499-0100: 137333.427: Total time for which application threads were stopped: 0.0000643 seconds, Stopping threads took: 0.0000101 seconds
2017-06-06T12:30:33.998-0100: 137343.926: Total time for which application threads were stopped: 0.0002114 seconds, Stopping threads took: 0.0000223 seconds
2017-06-06T12:30:33.998-0100: 137343.926: Total time for which application threads were stopped: 0.0001266 seconds, Stopping threads took: 0.0000118 seconds
2017-06-06T12:30:34.008-0100: 137343.936: Total time for which application threads were stopped: 0.0001097 seconds, Stopping threads took: 0.0000214 seconds
2017-06-06T12:30:34.008-0100: 137343.936: Total time for which application threads were stopped: 0.0000569 seconds, Stopping threads took: 0.0000073 seconds
2017-06-06T12:30:45.238-0100: 137355.166: Total time for which application threads were stopped: 0.0000854 seconds, Stopping threads took: 0.0000185 seconds
2017-06-06T12:31:34.012-0100: 137403.939: Total time for which application threads were stopped: 0.0001407 seconds, Stopping threads took: 0.0000239 seconds
2017-06-06T12:32:46.780-0100: 137476.706: Total time for which application threads were stopped: 0.0001640 seconds, Stopping threads took: 0.0000211 seconds
2017-06-06T12:32:46.781-0100: 137476.707: Total time for which application threads were stopped: 0.0001116 seconds, Stopping threads took: 0.0000117 seconds
2017-06-06T12:32:46.789-0100: 137476.715: Total time for which application threads were stopped: 0.0001167 seconds, Stopping threads took: 0.0000234 seconds
2017-06-06T12:32:46.789-0100: 137476.715: Total time for which application threads were stopped: 0.0000658 seconds, Stopping threads took: 0.0000088 seconds
2017-06-06T12:32:57.614-0100: 137487.540: Total time for which application threads were stopped: 0.0001692 seconds, Stopping threads took: 0.0000202 seconds
2017-06-06T12:32:57.615-0100: 137487.540: Total time for which application threads were stopped: 0.0000987 seconds, Stopping threads took: 0.0000105 seconds
2017-06-06T12:32:57.623-0100: 137487.549: Total time for which application threads were stopped: 0.0001201 seconds, Stopping threads took: 0.0000239 seconds
2017-06-06T12:32:57.623-0100: 137487.549: Total time for which application threads were stopped: 0.0000737 seconds, Stopping threads took: 0.0000110 seconds
2017-06-06T12:33:21.859-0100: 137511.785: Total time for which application threads were stopped: 0.0002043 seconds, Stopping threads took: 0.0000265 seconds
2017-06-06T12:33:21.859-0100: 137511.785: Total time for which application threads were stopped: 0.0001096 seconds, Stopping threads took: 0.0000113 seconds
2017-06-06T12:33:21.869-0100: 137511.795: Total time for which application threads were stopped: 0.0001173 seconds, Stopping threads took: 0.0000224 seconds
2017-06-06T12:33:21.870-0100: 137511.795: Total time for which application threads were stopped: 0.0000697 seconds, Stopping threads took: 0.0000105 seconds
2017-06-06T12:34:21.875-0100: 137571.800: Total time for which application threads were stopped: 0.0001819 seconds, Stopping threads took: 0.0000706 seconds
2017-06-06T12:41:59.624-0100: 138029.541: Total time for which application threads were stopped: 0.0001706 seconds, Stopping threads took: 0.0000215 seconds
2017-06-06T12:41:59.624-0100: 138029.542: Total time for which application threads were stopped: 0.0001037 seconds, Stopping threads took: 0.0000111 seconds
2017-06-06T12:41:59.640-0100: 138029.558: Total time for which application threads were stopped: 0.0002617 seconds, Stopping threads took: 0.0000248 seconds
2017-06-06T12:41:59.641-0100: 138029.558: Total time for which application threads were stopped: 0.0001560 seconds, Stopping threads took: 0.0000118 seconds
2017-06-06T12:41:59.641-0100: 138029.558: Total time for which application threads were stopped: 0.0001368 seconds, Stopping threads took: 0.0000107 seconds
2017-06-06T12:42:12.355-0100: 138042.272: Total time for which application threads were stopped: 0.0001592 seconds, Stopping threads took: 0.0000220 seconds
2017-06-06T12:42:12.355-0100: 138042.273: Total time for which application threads were stopped: 0.0000893 seconds, Stopping threads took: 0.0000082 seconds
2017-06-06T12:42:12.364-0100: 138042.281: Total time for which application threads were stopped: 0.0001244 seconds, Stopping threads took: 0.0000268 seconds
2017-06-06T12:42:12.364-0100: 138042.282: Total time for which application threads were stopped: 0.0000705 seconds, Stopping threads took: 0.0000093 seconds
2017-06-06T12:42:44.376-0100: 138074.293: Total time for which application threads were stopped: 0.0001158 seconds, Stopping threads took: 0.0000248 seconds
2017-06-06T12:43:12.365-0100: 138102.282: Total time for which application threads were stopped: 0.0001012 seconds, Stopping threads took: 0.0000173 seconds
2017-06-06T12:43:34.378-0100: 138124.294: Total time for which application threads were stopped: 0.0000875 seconds, Stopping threads took: 0.0000225 seconds
2017-06-06T13:20:29.994-0100: 140339.877: Total time for which application threads were stopped: 0.0002312 seconds, Stopping threads took: 0.0000279 seconds
2017-06-06T13:20:29.994-0100: 140339.877: Total time for which application threads were stopped: 0.0001108 seconds, Stopping threads took: 0.0000127 seconds
2017-06-06T13:20:30.003-0100: 140339.885: Total time for which application threads were stopped: 0.0001103 seconds, Stopping threads took: 0.0000213 seconds
2017-06-06T13:20:30.003-0100: 140339.885: Total time for which application threads were stopped: 0.0000820 seconds, Stopping threads took: 0.0000121 seconds
2017-06-06T13:20:30.294-0100: 140340.177: Total time for which application threads were stopped: 0.0001694 seconds, Stopping threads took: 0.0000227 seconds
2017-06-06T13:20:30.294-0100: 140340.177: Total time for which application threads were stopped: 0.0000989 seconds, Stopping threads took: 0.0000095 seconds
2017-06-06T13:20:30.303-0100: 140340.185: Total time for which application threads were stopped: 0.0001136 seconds, Stopping threads took: 0.0000228 seconds
2017-06-06T13:20:30.303-0100: 140340.185: Total time for which application threads were stopped: 0.0000706 seconds, Stopping threads took: 0.0000109 seconds
2017-06-06T13:20:32.148-0100: 140342.031: Total time for which application threads were stopped: 0.0001685 seconds, Stopping threads took: 0.0000230 seconds
2017-06-06T13:20:32.149-0100: 140342.031: Total time for which application threads were stopped: 0.0001118 seconds, Stopping threads took: 0.0000126 seconds
2017-06-06T13:20:32.157-0100: 140342.039: Total time for which application threads were stopped: 0.0001180 seconds, Stopping threads took: 0.0000242 seconds
2017-06-06T13:20:32.157-0100: 140342.039: Total time for which application threads were stopped: 0.0000709 seconds, Stopping threads took: 0.0000096 seconds
2017-06-06T13:20:33.111-0100: 140342.994: Total time for which application threads were stopped: 0.0012363 seconds, Stopping threads took: 0.0000160 seconds
{Heap before GC invocations=540 (full 6):
 par new generation   total 109248K, used 104177K [0x00000007a0000000, 0x00000007a8000000, 0x00000007a8000000)
  eden space 87424K, 100% used [0x00000007a0000000, 0x00000007a5560000, 0x00000007a5560000)
  from space 21824K,  76% used [0x00000007a5560000, 0x00000007a65bc720, 0x00000007a6ab0000)
  to   space 21824K,   0% used [0x00000007a6ab0000, 0x00000007a6ab0000, 0x00000007a8000000)
 concurrent mark-sweep generation total 393216K, used 28498K [0x00000007a8000000, 0x00000007c0000000, 0x00000007c0000000)
 Metaspace       used 40062K, capacity 41048K, committed 41284K, reserved 1085440K
  class space    used 4342K, capacity 4604K, committed 4708K, reserved 1048576K
2017-06-06T13:20:33.150-0100: 140343.032: [GC (Allocation Failure) 2017-06-06T13:20:33.150-0100: 140343.032: [ParNew
